+ echo 'Beginning trial 10 of 10'
Beginning trial 10 of 10
+ echo ':::DLPAL /mnt/resource_nvme/mlcommons/v2.0/sqsh_files/ssdv20.sqsh 240 2 hpc-pg0-[3-4]'
:::DLPAL /mnt/resource_nvme/mlcommons/v2.0/sqsh_files/ssdv20.sqsh 240 2 hpc-pg0-[3-4]
+ srun -N1 -n1 --container-name=single_stage_detector python -c '
import mlperf_log_utils
from mlperf_logging.mllog import constants
mlperf_log_utils.mlperf_submission_log(constants.SSD)'
:::MLLOG {"namespace": "", "time_ms": 1652511417897, "event_type": "POINT_IN_TIME", "key": "submission_benchmark", "value": "ssd", "metadata": {"file": "/workspace/ssd/mlperf_log_utils.py", "lineno": 29}}
:::MLLOG {"namespace": "", "time_ms": 1652511417904, "event_type": "POINT_IN_TIME", "key": "submission_org", "value": "NVIDIA", "metadata": {"file": "/workspace/ssd/mlperf_log_utils.py", "lineno": 30}}
:::MLLOG {"namespace": "", "time_ms": 1652511417904, "event_type": "POINT_IN_TIME", "key": "submission_division", "value": "closed", "metadata": {"file": "/workspace/ssd/mlperf_log_utils.py", "lineno": 31}}
:::MLLOG {"namespace": "", "time_ms": 1652511417904, "event_type": "POINT_IN_TIME", "key": "submission_status", "value": "onprem", "metadata": {"file": "/workspace/ssd/mlperf_log_utils.py", "lineno": 32}}
:::MLLOG {"namespace": "", "time_ms": 1652511417904, "event_type": "POINT_IN_TIME", "key": "submission_platform", "value": "2xSUBMISSION_PLATFORM_PLACEHOLDER", "metadata": {"file": "/workspace/ssd/mlperf_log_utils.py", "lineno": 33}}
+ '[' 1 -eq 1 ']'
+ srun --ntasks=2 bash -c 'echo -n '\''Clearing cache on '\'' && hostname && sync && sudo /sbin/sysctl vm.drop_caches=3'
Clearing cache on ip-0A23040F
Clearing cache on ip-0A230410
vm.drop_caches = 3
vm.drop_caches = 3
+ srun --ntasks=2 --container-name=single_stage_detector python -c '
from mlperf_logging import mllog
from mlperf_logging.mllog.constants import CACHE_CLEAR
mllogger = mllog.get_mllogger()
mllogger.event(key=CACHE_CLEAR, value=True)'
:::MLLOG {"namespace": "", "time_ms": 1652511442044, "event_type": "POINT_IN_TIME", "key": "cache_clear", "value": true, "metadata": {"file": "<string>", "lineno": 5}}
:::MLLOG {"namespace": "", "time_ms": 1652511442045, "event_type": "POINT_IN_TIME", "key": "cache_clear", "value": true, "metadata": {"file": "<string>", "lineno": 5}}
+ srun --ntasks=16 --ntasks-per-node=8 --container-name=single_stage_detector --container-mounts=/mnt/resource_nvme/mlcommons/v2.0/bm_data/ssd_data:/datasets/open-images-v6,/mnt/resource_nvme/mlcommons/logs/ssd/2N-m13.232933:/results,/torch-home:/torch-home,/shared/data/mlcommons/training_results_v2.0/Azure-submission/benchmarks/ssd/implementations/mxnet/bind.sh:/bm_utils/bind.sh,/shared/data/mlcommons/training_results_v2.0/Azure-submission/benchmarks/ssd/implementations/mxnet/azure.sh:/bm_utils/azure.sh,/shared/data/mlcommons/training_results_v2.0/Azure-submission/benchmarks/ssd/implementations/mxnet/run_and_time.sh:/bm_utils/run_and_time.sh,/opt/microsoft:/opt/microsoft --container-workdir=/workspace/ssd /bm_utils/run_and_time.sh
STARTING TIMING RUN AT 2022-05-14 06:57:22 AM
DATASET_DIR: /datasets/open-images-v6 ----------------------------------- 
running benchmark
STARTING TIMING RUN AT 2022-05-14 06:57:22 AM
STARTING TIMING RUN AT 2022-05-14 06:57:22 AM
DATASET_DIR: /datasets/open-images-v6 ----------------------------------- 
running benchmark
DATASET_DIR: /datasets/open-images-v6 ----------------------------------- 
running benchmark
STARTING TIMING RUN AT 2022-05-14 06:57:22 AM
STARTING TIMING RUN AT 2022-05-14 06:57:22 AM
STARTING TIMING RUN AT 2022-05-14 06:57:22 AM
DATASET_DIR: /datasets/open-images-v6 ----------------------------------- 
running benchmark
DATASET_DIR: /datasets/open-images-v6 ----------------------------------- 
DATASET_DIR: /datasets/open-images-v6 ----------------------------------- 
running benchmark
running benchmark
STARTING TIMING RUN AT 2022-05-14 06:57:22 AM
DATASET_DIR: /datasets/open-images-v6 ----------------------------------- 
running benchmark
STARTING TIMING RUN AT 2022-05-14 06:57:22 AM
DATASET_DIR: /datasets/open-images-v6 ----------------------------------- 
running benchmark
STARTING TIMING RUN AT 2022-05-14 06:57:22 AM
STARTING TIMING RUN AT 2022-05-14 06:57:22 AM
STARTING TIMING RUN AT 2022-05-14 06:57:22 AM
STARTING TIMING RUN AT 2022-05-14 06:57:22 AM
STARTING TIMING RUN AT 2022-05-14 06:57:22 AM
STARTING TIMING RUN AT 2022-05-14 06:57:22 AM
DATASET_DIR: /datasets/open-images-v6 ----------------------------------- 
running benchmark
STARTING TIMING RUN AT 2022-05-14 06:57:22 AM
STARTING TIMING RUN AT 2022-05-14 06:57:22 AM
DATASET_DIR: /datasets/open-images-v6 ----------------------------------- 
running benchmark
DATASET_DIR: /datasets/open-images-v6 ----------------------------------- 
running benchmark
DATASET_DIR: /datasets/open-images-v6 ----------------------------------- 
running benchmark
DATASET_DIR: /datasets/open-images-v6 ----------------------------------- 
running benchmark
DATASET_DIR: /datasets/open-images-v6 ----------------------------------- 
running benchmark
DATASET_DIR: /datasets/open-images-v6 ----------------------------------- 
running benchmark
DATASET_DIR: /datasets/open-images-v6 ----------------------------------- 
running benchmark
num_gpus=8 num_sockets = 2 num_nodes=4 cores_per_socket=48
num_gpus=8 num_sockets = 2 num_nodes=4 cores_per_socket=48
num_gpus=8 num_sockets = 2 num_nodes=4 cores_per_socket=48
num_gpus=8 num_sockets = 2 num_nodes=4 cores_per_socket=48
num_gpus=8 num_sockets = 2 num_nodes=4 cores_per_socket=48
num_gpus=8 num_sockets = 2 num_nodes=4 cores_per_socket=48
num_gpus=8 num_sockets = 2 num_nodes=4 cores_per_socket=48
num_gpus=8 num_sockets = 2 num_nodes=4 cores_per_socket=48
num_gpus=8 num_sockets = 2 num_nodes=4 cores_per_socket=48
num_gpus=8 num_sockets = 2 num_nodes=4 cores_per_socket=48
num_gpus=8 num_sockets = 2 num_nodes=4 cores_per_socket=48
num_gpus=8 num_sockets = 2 num_nodes=4 cores_per_socket=48
num_gpus=8 num_sockets = 2 num_nodes=4 cores_per_socket=48
num_gpus=8 num_sockets = 2 num_nodes=4 cores_per_socket=48
num_gpus=8 num_sockets = 2 num_nodes=4 cores_per_socket=48
num_gpus=8 num_sockets = 2 num_nodes=4 cores_per_socket=48
/opt/conda/lib/python3.8/site-packages/torch/jit/annotations.py:296: UserWarning: TorchScript will treat type annotations of Tensor dtype-specific subtypes as if they are normal Tensors. dtype constraints are not enforced in compilation either.
  warnings.warn("TorchScript will treat type annotations of Tensor "
/opt/conda/lib/python3.8/site-packages/torch/jit/annotations.py:296: UserWarning: TorchScript will treat type annotations of Tensor dtype-specific subtypes as if they are normal Tensors. dtype constraints are not enforced in compilation either.
  warnings.warn("TorchScript will treat type annotations of Tensor "
/opt/conda/lib/python3.8/site-packages/torch/jit/annotations.py:296: UserWarning: TorchScript will treat type annotations of Tensor dtype-specific subtypes as if they are normal Tensors. dtype constraints are not enforced in compilation either.
  warnings.warn("TorchScript will treat type annotations of Tensor "
/opt/conda/lib/python3.8/site-packages/torch/jit/annotations.py:296: UserWarning: TorchScript will treat type annotations of Tensor dtype-specific subtypes as if they are normal Tensors. dtype constraints are not enforced in compilation either.
  warnings.warn("TorchScript will treat type annotations of Tensor "
/opt/conda/lib/python3.8/site-packages/torch/jit/annotations.py:296: UserWarning: TorchScript will treat type annotations of Tensor dtype-specific subtypes as if they are normal Tensors. dtype constraints are not enforced in compilation either.
  warnings.warn("TorchScript will treat type annotations of Tensor "
/opt/conda/lib/python3.8/site-packages/torch/jit/annotations.py:296: UserWarning: TorchScript will treat type annotations of Tensor dtype-specific subtypes as if they are normal Tensors. dtype constraints are not enforced in compilation either.
  warnings.warn("TorchScript will treat type annotations of Tensor "
/opt/conda/lib/python3.8/site-packages/torch/jit/annotations.py:296: UserWarning: TorchScript will treat type annotations of Tensor dtype-specific subtypes as if they are normal Tensors. dtype constraints are not enforced in compilation either.
  warnings.warn("TorchScript will treat type annotations of Tensor "
/opt/conda/lib/python3.8/site-packages/torch/jit/annotations.py:296: UserWarning: TorchScript will treat type annotations of Tensor dtype-specific subtypes as if they are normal Tensors. dtype constraints are not enforced in compilation either.
  warnings.warn("TorchScript will treat type annotations of Tensor "
/opt/conda/lib/python3.8/site-packages/torch/jit/annotations.py:296: UserWarning: TorchScript will treat type annotations of Tensor dtype-specific subtypes as if they are normal Tensors. dtype constraints are not enforced in compilation either.
  warnings.warn("TorchScript will treat type annotations of Tensor "
/opt/conda/lib/python3.8/site-packages/torch/jit/annotations.py:296: UserWarning: TorchScript will treat type annotations of Tensor dtype-specific subtypes as if they are normal Tensors. dtype constraints are not enforced in compilation either.
  warnings.warn("TorchScript will treat type annotations of Tensor "
/opt/conda/lib/python3.8/site-packages/torch/jit/annotations.py:296: UserWarning: TorchScript will treat type annotations of Tensor dtype-specific subtypes as if they are normal Tensors. dtype constraints are not enforced in compilation either.
  warnings.warn("TorchScript will treat type annotations of Tensor "
/opt/conda/lib/python3.8/site-packages/torch/jit/annotations.py:296: UserWarning: TorchScript will treat type annotations of Tensor dtype-specific subtypes as if they are normal Tensors. dtype constraints are not enforced in compilation either.
  warnings.warn("TorchScript will treat type annotations of Tensor "
/opt/conda/lib/python3.8/site-packages/torch/jit/annotations.py:296: UserWarning: TorchScript will treat type annotations of Tensor dtype-specific subtypes as if they are normal Tensors. dtype constraints are not enforced in compilation either.
  warnings.warn("TorchScript will treat type annotations of Tensor "
/opt/conda/lib/python3.8/site-packages/torch/jit/annotations.py:296: UserWarning: TorchScript will treat type annotations of Tensor dtype-specific subtypes as if they are normal Tensors. dtype constraints are not enforced in compilation either.
  warnings.warn("TorchScript will treat type annotations of Tensor "
/opt/conda/lib/python3.8/site-packages/torch/jit/annotations.py:296: UserWarning: TorchScript will treat type annotations of Tensor dtype-specific subtypes as if they are normal Tensors. dtype constraints are not enforced in compilation either.
  warnings.warn("TorchScript will treat type annotations of Tensor "
/opt/conda/lib/python3.8/site-packages/torch/jit/annotations.py:296: UserWarning: TorchScript will treat type annotations of Tensor dtype-specific subtypes as if they are normal Tensors. dtype constraints are not enforced in compilation either.
  warnings.warn("TorchScript will treat type annotations of Tensor "
[W init.cpp:651] Warning: Use _jit_set_fusion_strategy, bailout depth is deprecated. Setting to (STATIC, 20) (function operator())
| distributed init (rank 1): env://
[W init.cpp:651] Warning: Use _jit_set_fusion_strategy, bailout depth is deprecated. Setting to (STATIC, 20) (function operator())
[W init.cpp:651] Warning: Use _jit_set_fusion_strategy, bailout depth is deprecated. Setting to (STATIC, 20) (function operator())
| distributed init (rank 9): env://
[W init.cpp:651] Warning: Use _jit_set_fusion_strategy, bailout depth is deprecated. Setting to (STATIC, 20) (function operator())
| distributed init (rank 4): env://
[W init.cpp:651] Warning: Use _jit_set_fusion_strategy, bailout depth is deprecated. Setting to (STATIC, 20) (function operator())
[W init.cpp:651] Warning: Use _jit_set_fusion_strategy, bailout depth is deprecated. Setting to (STATIC, 20) (function operator())
| distributed init (rank 7): env://
[W init.cpp:651] Warning: Use _jit_set_fusion_strategy, bailout depth is deprecated. Setting to (STATIC, 20) (function operator())
| distributed init (rank 6): env://
[W init.cpp:651] Warning: Use _jit_set_fusion_strategy, bailout depth is deprecated. Setting to (STATIC, 20) (function operator())
| distributed init (rank 11): env://
[W init.cpp:651] Warning: Use _jit_set_fusion_strategy, bailout depth is deprecated. Setting to (STATIC, 20) (function operator())
[W init.cpp:651] Warning: Use _jit_set_fusion_strategy, bailout depth is deprecated. Setting to (STATIC, 20) (function operator())
[W init.cpp:651] Warning: Use _jit_set_fusion_strategy, bailout depth is deprecated. Setting to (STATIC, 20) (function operator())
[W init.cpp:651] Warning: Use _jit_set_fusion_strategy, bailout depth is deprecated. Setting to (STATIC, 20) (function operator())
| distributed init (rank 3): env://
[W init.cpp:651] Warning: Use _jit_set_fusion_strategy, bailout depth is deprecated. Setting to (STATIC, 20) (function operator())
| distributed init (rank 5): env://
| distributed init (rank 0): env://
| distributed init (rank 2): env://
| distributed init (rank 15): env://
[W init.cpp:651] Warning: Use _jit_set_fusion_strategy, bailout depth is deprecated. Setting to (STATIC, 20) (function operator())
[W init.cpp:651] Warning: Use _jit_set_fusion_strategy, bailout depth is deprecated. Setting to (STATIC, 20) (function operator())
| distributed init (rank 12): env://
[W init.cpp:651] Warning: Use _jit_set_fusion_strategy, bailout depth is deprecated. Setting to (STATIC, 20) (function operator())
| distributed init (rank 8): env://
| distributed init (rank 13): env://
| distributed init (rank 10): env://
| distributed init (rank 14): env://
ip-0A23040F:46289:46289 [0] NCCL INFO Bootstrap : Using eth0:10.35.4.15<0>
ip-0A23040F:46289:46289 [0] NCCL INFO NET/Plugin: Failed to find ncclNetPlugin_v5 symbol.
ip-0A23040F:46289:46289 [0] NCCL INFO NET/Plugin: Failed to find ncclCollNetPlugin_v5 symbol.
ip-0A23040F:46289:46289 [0] NCCL INFO Plugin Path : /opt/hpcx/nccl_rdma_sharp_plugin/lib/libnccl-net.so
ip-0A23040F:46289:46289 [0] NCCL INFO P2P plugin IBext
ip-0A23040F:46289:46289 [0] NCCL INFO NCCL_IB_PCI_RELAXED_ORDERING set by environment to 1.
ip-0A23040F:46289:46289 [0] NCCL INFO NET/IB : Using [0]mlx5_ib0:1/IB/SHARP [1]mlx5_ib1:1/IB/SHARP [2]mlx5_ib2:1/IB/SHARP [3]mlx5_ib3:1/IB/SHARP [4]mlx5_ib4:1/IB/SHARP [5]mlx5_ib5:1/IB/SHARP [6]mlx5_ib6:1/IB/SHARP [7]mlx5_ib7:1/IB/SHARP ; OOB eth0:10.35.4.15<0>
ip-0A23040F:46289:46289 [0] NCCL INFO Using network IBext
NCCL version 2.12.10+cuda11.6
ip-0A23040F:46290:46290 [6] NCCL INFO Bootstrap : Using eth0:10.35.4.15<0>
ip-0A23040F:46287:46287 [4] NCCL INFO Bootstrap : Using eth0:10.35.4.15<0>
ip-0A23040F:46288:46288 [7] NCCL INFO Bootstrap : Using eth0:10.35.4.15<0>
ip-0A23040F:46291:46291 [1] NCCL INFO Bootstrap : Using eth0:10.35.4.15<0>
ip-0A23040F:46286:46286 [3] NCCL INFO Bootstrap : Using eth0:10.35.4.15<0>
ip-0A23040F:46285:46285 [5] NCCL INFO Bootstrap : Using eth0:10.35.4.15<0>
ip-0A23040F:46292:46292 [2] NCCL INFO Bootstrap : Using eth0:10.35.4.15<0>
ip-0A23040F:46290:46290 [6] NCCL INFO NET/Plugin: Failed to find ncclNetPlugin_v5 symbol.
ip-0A23040F:46290:46290 [6] NCCL INFO NET/Plugin: Failed to find ncclCollNetPlugin_v5 symbol.
ip-0A23040F:46290:46290 [6] NCCL INFO Plugin Path : /opt/hpcx/nccl_rdma_sharp_plugin/lib/libnccl-net.so
ip-0A23040F:46290:46290 [6] NCCL INFO P2P plugin IBext
ip-0A23040F:46290:46290 [6] NCCL INFO NCCL_IB_PCI_RELAXED_ORDERING set by environment to 1.
ip-0A23040F:46287:46287 [4] NCCL INFO NET/Plugin: Failed to find ncclNetPlugin_v5 symbol.
ip-0A23040F:46287:46287 [4] NCCL INFO NET/Plugin: Failed to find ncclCollNetPlugin_v5 symbol.
ip-0A23040F:46288:46288 [7] NCCL INFO NET/Plugin: Failed to find ncclNetPlugin_v5 symbol.
ip-0A23040F:46288:46288 [7] NCCL INFO NET/Plugin: Failed to find ncclCollNetPlugin_v5 symbol.
ip-0A23040F:46287:46287 [4] NCCL INFO Plugin Path : /opt/hpcx/nccl_rdma_sharp_plugin/lib/libnccl-net.so
ip-0A23040F:46287:46287 [4] NCCL INFO P2P plugin IBext
ip-0A23040F:46287:46287 [4] NCCL INFO NCCL_IB_PCI_RELAXED_ORDERING set by environment to 1.
ip-0A23040F:46288:46288 [7] NCCL INFO Plugin Path : /opt/hpcx/nccl_rdma_sharp_plugin/lib/libnccl-net.so
ip-0A23040F:46288:46288 [7] NCCL INFO P2P plugin IBext
ip-0A23040F:46288:46288 [7] NCCL INFO NCCL_IB_PCI_RELAXED_ORDERING set by environment to 1.
ip-0A23040F:46291:46291 [1] NCCL INFO NET/Plugin: Failed to find ncclNetPlugin_v5 symbol.
ip-0A23040F:46291:46291 [1] NCCL INFO NET/Plugin: Failed to find ncclCollNetPlugin_v5 symbol.
ip-0A23040F:46286:46286 [3] NCCL INFO NET/Plugin: Failed to find ncclNetPlugin_v5 symbol.
ip-0A23040F:46286:46286 [3] NCCL INFO NET/Plugin: Failed to find ncclCollNetPlugin_v5 symbol.
ip-0A23040F:46286:46286 [3] NCCL INFO Plugin Path : /opt/hpcx/nccl_rdma_sharp_plugin/lib/libnccl-net.so
ip-0A23040F:46291:46291 [1] NCCL INFO Plugin Path : /opt/hpcx/nccl_rdma_sharp_plugin/lib/libnccl-net.so
ip-0A23040F:46291:46291 [1] NCCL INFO P2P plugin IBext
ip-0A23040F:46291:46291 [1] NCCL INFO NCCL_IB_PCI_RELAXED_ORDERING set by environment to 1.
ip-0A230410:33643:33643 [3] NCCL INFO Bootstrap : Using eth0:10.35.4.16<0>
ip-0A230410:33650:33650 [6] NCCL INFO Bootstrap : Using eth0:10.35.4.16<0>
ip-0A23040F:46286:46286 [3] NCCL INFO P2P plugin IBext
ip-0A23040F:46286:46286 [3] NCCL INFO NCCL_IB_PCI_RELAXED_ORDERING set by environment to 1.
ip-0A230410:33648:33648 [2] NCCL INFO Bootstrap : Using eth0:10.35.4.16<0>
ip-0A23040F:46285:46285 [5] NCCL INFO NET/Plugin: Failed to find ncclNetPlugin_v5 symbol.
ip-0A23040F:46285:46285 [5] NCCL INFO NET/Plugin: Failed to find ncclCollNetPlugin_v5 symbol.
ip-0A23040F:46285:46285 [5] NCCL INFO Plugin Path : /opt/hpcx/nccl_rdma_sharp_plugin/lib/libnccl-net.so
ip-0A23040F:46285:46285 [5] NCCL INFO P2P plugin IBext
ip-0A23040F:46285:46285 [5] NCCL INFO NCCL_IB_PCI_RELAXED_ORDERING set by environment to 1.
ip-0A23040F:46292:46292 [2] NCCL INFO NET/Plugin: Failed to find ncclNetPlugin_v5 symbol.
ip-0A23040F:46292:46292 [2] NCCL INFO NET/Plugin: Failed to find ncclCollNetPlugin_v5 symbol.
ip-0A23040F:46292:46292 [2] NCCL INFO Plugin Path : /opt/hpcx/nccl_rdma_sharp_plugin/lib/libnccl-net.so
ip-0A23040F:46292:46292 [2] NCCL INFO P2P plugin IBext
ip-0A23040F:46292:46292 [2] NCCL INFO NCCL_IB_PCI_RELAXED_ORDERING set by environment to 1.
ip-0A23040F:46287:46287 [4] NCCL INFO NET/IB : Using [0]mlx5_ib0:1/IB/SHARP [1]mlx5_ib1:1/IB/SHARP [2]mlx5_ib2:1/IB/SHARP [3]mlx5_ib3:1/IB/SHARP [4]mlx5_ib4:1/IB/SHARP [5]mlx5_ib5:1/IB/SHARP [6]mlx5_ib6:1/IB/SHARP [7]mlx5_ib7:1/IB/SHARP ; OOB eth0:10.35.4.15<0>
ip-0A23040F:46287:46287 [4] NCCL INFO Using network IBext
ip-0A23040F:46288:46288 [7] NCCL INFO NET/IB : Using [0]mlx5_ib0:1/IB/SHARP [1]mlx5_ib1:1/IB/SHARP [2]mlx5_ib2:1/IB/SHARP [3]mlx5_ib3:1/IB/SHARP [4]mlx5_ib4:1/IB/SHARP [5]mlx5_ib5:1/IB/SHARP [6]mlx5_ib6:1/IB/SHARP [7]mlx5_ib7:1/IB/SHARP ; OOB eth0:10.35.4.15<0>
ip-0A23040F:46290:46290 [6] NCCL INFO NET/IB : Using [0]mlx5_ib0:1/IB/SHARP [1]mlx5_ib1:1/IB/SHARP [2]mlx5_ib2:1/IB/SHARP [3]mlx5_ib3:1/IB/SHARP [4]mlx5_ib4:1/IB/SHARP [5]mlx5_ib5:1/IB/SHARP [6]mlx5_ib6:1/IB/SHARP [7]mlx5_ib7:1/IB/SHARP ; OOB eth0:10.35.4.15<0>
ip-0A23040F:46288:46288 [7] NCCL INFO Using network IBext
ip-0A23040F:46290:46290 [6] NCCL INFO Using network IBext
ip-0A23040F:46292:46292 [2] NCCL INFO NET/IB : Using [0]mlx5_ib0:1/IB/SHARP [1]mlx5_ib1:1/IB/SHARP [2]mlx5_ib2:1/IB/SHARP [3]mlx5_ib3:1/IB/SHARP [4]mlx5_ib4:1/IB/SHARP [5]mlx5_ib5:1/IB/SHARP [6]mlx5_ib6:1/IB/SHARP [7]mlx5_ib7:1/IB/SHARP ; OOB eth0:10.35.4.15<0>
ip-0A23040F:46292:46292 [2] NCCL INFO Using network IBext
ip-0A23040F:46286:46286 [3] NCCL INFO NET/IB : Using [0]mlx5_ib0:1/IB/SHARP [1]mlx5_ib1:1/IB/SHARP [2]mlx5_ib2:1/IB/SHARP [3]mlx5_ib3:1/IB/SHARP [4]mlx5_ib4:1/IB/SHARP [5]mlx5_ib5:1/IB/SHARP [6]mlx5_ib6:1/IB/SHARP [7]mlx5_ib7:1/IB/SHARP ; OOB eth0:10.35.4.15<0>
ip-0A23040F:46286:46286 [3] NCCL INFO Using network IBext
ip-0A23040F:46291:46291 [1] NCCL INFO NET/IB : Using [0]mlx5_ib0:1/IB/SHARP [1]mlx5_ib1:1/IB/SHARP [2]mlx5_ib2:1/IB/SHARP [3]mlx5_ib3:1/IB/SHARP [4]mlx5_ib4:1/IB/SHARP [5]mlx5_ib5:1/IB/SHARP [6]mlx5_ib6:1/IB/SHARP [7]mlx5_ib7:1/IB/SHARP ; OOB eth0:10.35.4.15<0>
ip-0A23040F:46291:46291 [1] NCCL INFO Using network IBext
ip-0A23040F:46285:46285 [5] NCCL INFO NET/IB : Using [0]mlx5_ib0:1/IB/SHARP [1]mlx5_ib1:1/IB/SHARP [2]mlx5_ib2:1/IB/SHARP [3]mlx5_ib3:1/IB/SHARP [4]mlx5_ib4:1/IB/SHARP [5]mlx5_ib5:1/IB/SHARP [6]mlx5_ib6:1/IB/SHARP [7]mlx5_ib7:1/IB/SHARP ; OOB eth0:10.35.4.15<0>
ip-0A23040F:46285:46285 [5] NCCL INFO Using network IBext
ip-0A230410:33658:33658 [4] NCCL INFO Bootstrap : Using eth0:10.35.4.16<0>
ip-0A230410:33646:33646 [0] NCCL INFO Bootstrap : Using eth0:10.35.4.16<0>
ip-0A230410:33644:33644 [5] NCCL INFO Bootstrap : Using eth0:10.35.4.16<0>
ip-0A230410:33645:33645 [1] NCCL INFO Bootstrap : Using eth0:10.35.4.16<0>
ip-0A230410:33647:33647 [7] NCCL INFO Bootstrap : Using eth0:10.35.4.16<0>
ip-0A230410:33646:33646 [0] NCCL INFO NET/Plugin: Failed to find ncclNetPlugin_v5 symbol.
ip-0A230410:33646:33646 [0] NCCL INFO NET/Plugin: Failed to find ncclCollNetPlugin_v5 symbol.
ip-0A230410:33648:33648 [2] NCCL INFO NET/Plugin: Failed to find ncclNetPlugin_v5 symbol.
ip-0A230410:33648:33648 [2] NCCL INFO NET/Plugin: Failed to find ncclCollNetPlugin_v5 symbol.
ip-0A230410:33647:33647 [7] NCCL INFO NET/Plugin: Failed to find ncclNetPlugin_v5 symbol.
ip-0A230410:33647:33647 [7] NCCL INFO NET/Plugin: Failed to find ncclCollNetPlugin_v5 symbol.
ip-0A230410:33647:33647 [7] NCCL INFO Plugin Path : /opt/hpcx/nccl_rdma_sharp_plugin/lib/libnccl-net.so
ip-0A230410:33647:33647 [7] NCCL INFO P2P plugin IBext
ip-0A230410:33647:33647 [7] NCCL INFO NCCL_IB_PCI_RELAXED_ORDERING set by environment to 1.
ip-0A230410:33646:33646 [0] NCCL INFO Plugin Path : /opt/hpcx/nccl_rdma_sharp_plugin/lib/libnccl-net.so
ip-0A230410:33646:33646 [0] NCCL INFO P2P plugin IBext
ip-0A230410:33646:33646 [0] NCCL INFO NCCL_IB_PCI_RELAXED_ORDERING set by environment to 1.
ip-0A230410:33645:33645 [1] NCCL INFO NET/Plugin: Failed to find ncclNetPlugin_v5 symbol.
ip-0A230410:33645:33645 [1] NCCL INFO NET/Plugin: Failed to find ncclCollNetPlugin_v5 symbol.
ip-0A230410:33645:33645 [1] NCCL INFO Plugin Path : /opt/hpcx/nccl_rdma_sharp_plugin/lib/libnccl-net.so
ip-0A230410:33648:33648 [2] NCCL INFO Plugin Path : /opt/hpcx/nccl_rdma_sharp_plugin/lib/libnccl-net.so
ip-0A230410:33648:33648 [2] NCCL INFO P2P plugin IBext
ip-0A230410:33648:33648 [2] NCCL INFO NCCL_IB_PCI_RELAXED_ORDERING set by environment to 1.
ip-0A230410:33643:33643 [3] NCCL INFO NET/Plugin: Failed to find ncclNetPlugin_v5 symbol.
ip-0A230410:33643:33643 [3] NCCL INFO NET/Plugin: Failed to find ncclCollNetPlugin_v5 symbol.
ip-0A230410:33643:33643 [3] NCCL INFO Plugin Path : /opt/hpcx/nccl_rdma_sharp_plugin/lib/libnccl-net.so
ip-0A230410:33643:33643 [3] NCCL INFO P2P plugin IBext
ip-0A230410:33643:33643 [3] NCCL INFO NCCL_IB_PCI_RELAXED_ORDERING set by environment to 1.
ip-0A230410:33658:33658 [4] NCCL INFO NET/Plugin: Failed to find ncclNetPlugin_v5 symbol.
ip-0A230410:33658:33658 [4] NCCL INFO NET/Plugin: Failed to find ncclCollNetPlugin_v5 symbol.
ip-0A230410:33658:33658 [4] NCCL INFO Plugin Path : /opt/hpcx/nccl_rdma_sharp_plugin/lib/libnccl-net.so
ip-0A230410:33658:33658 [4] NCCL INFO P2P plugin IBext
ip-0A230410:33658:33658 [4] NCCL INFO NCCL_IB_PCI_RELAXED_ORDERING set by environment to 1.
ip-0A230410:33644:33644 [5] NCCL INFO NET/Plugin: Failed to find ncclNetPlugin_v5 symbol.
ip-0A230410:33644:33644 [5] NCCL INFO NET/Plugin: Failed to find ncclCollNetPlugin_v5 symbol.
ip-0A230410:33644:33644 [5] NCCL INFO Plugin Path : /opt/hpcx/nccl_rdma_sharp_plugin/lib/libnccl-net.so
ip-0A230410:33644:33644 [5] NCCL INFO P2P plugin IBext
ip-0A230410:33644:33644 [5] NCCL INFO NCCL_IB_PCI_RELAXED_ORDERING set by environment to 1.
ip-0A230410:33650:33650 [6] NCCL INFO NET/Plugin: Failed to find ncclNetPlugin_v5 symbol.
ip-0A230410:33650:33650 [6] NCCL INFO NET/Plugin: Failed to find ncclCollNetPlugin_v5 symbol.
ip-0A230410:33650:33650 [6] NCCL INFO Plugin Path : /opt/hpcx/nccl_rdma_sharp_plugin/lib/libnccl-net.so
ip-0A230410:33650:33650 [6] NCCL INFO P2P plugin IBext
ip-0A230410:33650:33650 [6] NCCL INFO NCCL_IB_PCI_RELAXED_ORDERING set by environment to 1.
ip-0A230410:33645:33645 [1] NCCL INFO P2P plugin IBext
ip-0A230410:33645:33645 [1] NCCL INFO NCCL_IB_PCI_RELAXED_ORDERING set by environment to 1.
ip-0A230410:33647:33647 [7] NCCL INFO NET/IB : Using [0]mlx5_ib0:1/IB/SHARP [1]mlx5_ib1:1/IB/SHARP [2]mlx5_ib2:1/IB/SHARP [3]mlx5_ib3:1/IB/SHARP [4]mlx5_ib4:1/IB/SHARP [5]mlx5_ib5:1/IB/SHARP [6]mlx5_ib6:1/IB/SHARP [7]mlx5_ib7:1/IB/SHARP ; OOB eth0:10.35.4.16<0>
ip-0A230410:33647:33647 [7] NCCL INFO Using network IBext
ip-0A230410:33644:33644 [5] NCCL INFO NET/IB : Using [0]mlx5_ib0:1/IB/SHARP [1]mlx5_ib1:1/IB/SHARP [2]mlx5_ib2:1/IB/SHARP [3]mlx5_ib3:1/IB/SHARP [4]mlx5_ib4:1/IB/SHARP [5]mlx5_ib5:1/IB/SHARP [6]mlx5_ib6:1/IB/SHARP [7]mlx5_ib7:1/IB/SHARP ; OOB eth0:10.35.4.16<0>
ip-0A230410:33650:33650 [6] NCCL INFO NET/IB : Using [0]mlx5_ib0:1/IB/SHARP [1]mlx5_ib1:1/IB/SHARP [2]mlx5_ib2:1/IB/SHARP [3]mlx5_ib3:1/IB/SHARP [4]mlx5_ib4:1/IB/SHARP [5]mlx5_ib5:1/IB/SHARP [6]mlx5_ib6:1/IB/SHARP [7]mlx5_ib7:1/IB/SHARP ; OOB eth0:10.35.4.16<0>
ip-0A230410:33650:33650 [6] NCCL INFO Using network IBext
ip-0A230410:33644:33644 [5] NCCL INFO Using network IBext
ip-0A230410:33658:33658 [4] NCCL INFO NET/IB : Using [0]mlx5_ib0:1/IB/SHARP [1]mlx5_ib1:1/IB/SHARP [2]mlx5_ib2:1/IB/SHARP [3]mlx5_ib3:1/IB/SHARP [4]mlx5_ib4:1/IB/SHARP [5]mlx5_ib5:1/IB/SHARP [6]mlx5_ib6:1/IB/SHARP [7]mlx5_ib7:1/IB/SHARP ; OOB eth0:10.35.4.16<0>
ip-0A230410:33658:33658 [4] NCCL INFO Using network IBext
ip-0A230410:33646:33646 [0] NCCL INFO NET/IB : Using [0]mlx5_ib0:1/IB/SHARP [1]mlx5_ib1:1/IB/SHARP [2]mlx5_ib2:1/IB/SHARP [3]mlx5_ib3:1/IB/SHARP [4]mlx5_ib4:1/IB/SHARP [5]mlx5_ib5:1/IB/SHARP [6]mlx5_ib6:1/IB/SHARP [7]mlx5_ib7:1/IB/SHARP ; OOB eth0:10.35.4.16<0>
ip-0A230410:33646:33646 [0] NCCL INFO Using network IBext
ip-0A230410:33645:33645 [1] NCCL INFO NET/IB : Using [0]mlx5_ib0:1/IB/SHARP [1]mlx5_ib1:1/IB/SHARP [2]mlx5_ib2:1/IB/SHARP [3]mlx5_ib3:1/IB/SHARP [4]mlx5_ib4:1/IB/SHARP [5]mlx5_ib5:1/IB/SHARP [6]mlx5_ib6:1/IB/SHARP [7]mlx5_ib7:1/IB/SHARP ; OOB eth0:10.35.4.16<0>
ip-0A230410:33645:33645 [1] NCCL INFO Using network IBext
ip-0A230410:33648:33648 [2] NCCL INFO NET/IB : Using [0]mlx5_ib0:1/IB/SHARP [1]mlx5_ib1:1/IB/SHARP [2]mlx5_ib2:1/IB/SHARP [3]mlx5_ib3:1/IB/SHARP [4]mlx5_ib4:1/IB/SHARP [5]mlx5_ib5:1/IB/SHARP [6]mlx5_ib6:1/IB/SHARP [7]mlx5_ib7:1/IB/SHARP ; OOB eth0:10.35.4.16<0>
ip-0A230410:33648:33648 [2] NCCL INFO Using network IBext
ip-0A230410:33643:33643 [3] NCCL INFO NET/IB : Using [0]mlx5_ib0:1/IB/SHARP [1]mlx5_ib1:1/IB/SHARP [2]mlx5_ib2:1/IB/SHARP [3]mlx5_ib3:1/IB/SHARP [4]mlx5_ib4:1/IB/SHARP [5]mlx5_ib5:1/IB/SHARP [6]mlx5_ib6:1/IB/SHARP [7]mlx5_ib7:1/IB/SHARP ; OOB eth0:10.35.4.16<0>
ip-0A230410:33643:33643 [3] NCCL INFO Using network IBext
ip-0A23040F:46288:46755 [7] NCCL INFO PXN Disabled as plugin is v4
ip-0A230410:33643:34104 [3] NCCL INFO PXN Disabled as plugin is v4
ip-0A230410:33643:34104 [3] NCCL INFO Setting affinity for GPU 3 to ffff
ip-0A23040F:46287:46754 [4] NCCL INFO PXN Disabled as plugin is v4
ip-0A230410:33648:34105 [2] NCCL INFO PXN Disabled as plugin is v4
ip-0A230410:33648:34105 [2] NCCL INFO Setting affinity for GPU 2 to ffff
ip-0A23040F:46292:46757 [2] NCCL INFO PXN Disabled as plugin is v4
ip-0A23040F:46292:46757 [2] NCCL INFO Setting affinity for GPU 2 to ffff
ip-0A23040F:46285:46760 [5] NCCL INFO PXN Disabled as plugin is v4
ip-0A230410:33645:34106 [1] NCCL INFO PXN Disabled as plugin is v4
ip-0A230410:33645:34106 [1] NCCL INFO Setting affinity for GPU 1 to ffff,00000000
ip-0A230410:33646:34103 [0] NCCL INFO PXN Disabled as plugin is v4
ip-0A230410:33646:34103 [0] NCCL INFO Setting affinity for GPU 0 to ffff,00000000
ip-0A230410:33644:34101 [5] NCCL INFO PXN Disabled as plugin is v4
ip-0A230410:33647:34097 [7] NCCL INFO PXN Disabled as plugin is v4
ip-0A230410:33650:34099 [6] NCCL INFO PXN Disabled as plugin is v4
ip-0A230410:33658:34102 [4] NCCL INFO PXN Disabled as plugin is v4
ip-0A23040F:46286:46758 [3] NCCL INFO PXN Disabled as plugin is v4
ip-0A23040F:46286:46758 [3] NCCL INFO Setting affinity for GPU 3 to ffff
ip-0A23040F:46291:46759 [1] NCCL INFO PXN Disabled as plugin is v4
ip-0A23040F:46289:46696 [0] NCCL INFO PXN Disabled as plugin is v4
ip-0A23040F:46291:46759 [1] NCCL INFO Setting affinity for GPU 1 to ffff,00000000
ip-0A23040F:46289:46696 [0] NCCL INFO Setting affinity for GPU 0 to ffff,00000000
ip-0A23040F:46290:46756 [6] NCCL INFO PXN Disabled as plugin is v4
ip-0A23040F:46288:46755 [7] NCCL INFO NCCL_COLLNET_ENABLE set by environment to 1.
ip-0A230410:33643:34104 [3] NCCL INFO NCCL_COLLNET_ENABLE set by environment to 1.
ip-0A23040F:46287:46754 [4] NCCL INFO NCCL_COLLNET_ENABLE set by environment to 1.
ip-0A230410:33648:34105 [2] NCCL INFO NCCL_COLLNET_ENABLE set by environment to 1.
ip-0A23040F:46292:46757 [2] NCCL INFO NCCL_COLLNET_ENABLE set by environment to 1.
ip-0A23040F:46285:46760 [5] NCCL INFO NCCL_COLLNET_ENABLE set by environment to 1.
ip-0A230410:33644:34101 [5] NCCL INFO NCCL_COLLNET_ENABLE set by environment to 1.
ip-0A230410:33647:34097 [7] NCCL INFO NCCL_COLLNET_ENABLE set by environment to 1.
ip-0A230410:33650:34099 [6] NCCL INFO NCCL_COLLNET_ENABLE set by environment to 1.
ip-0A230410:33658:34102 [4] NCCL INFO NCCL_COLLNET_ENABLE set by environment to 1.
ip-0A230410:33645:34106 [1] NCCL INFO NCCL_COLLNET_ENABLE set by environment to 1.
ip-0A23040F:46286:46758 [3] NCCL INFO NCCL_COLLNET_ENABLE set by environment to 1.
ip-0A23040F:46291:46759 [1] NCCL INFO NCCL_COLLNET_ENABLE set by environment to 1.
ip-0A23040F:46289:46696 [0] NCCL INFO NCCL_COLLNET_ENABLE set by environment to 1.
ip-0A23040F:46290:46756 [6] NCCL INFO NCCL_COLLNET_ENABLE set by environment to 1.
ip-0A230410:33646:34103 [0] NCCL INFO NCCL_COLLNET_ENABLE set by environment to 1.
ip-0A230410:33646:34103 [0] NCCL INFO Trees [0] 9/-1/-1->8->0 [1] 10/-1/-1->8->9 [2] 9/-1/-1->8->15 [3] 9/-1/-1->8->15 [4] 9/-1/-1->8->15 [5] 9/-1/-1->8->15 [6] 9/-1/-1->8->15 [7] 9/-1/-1->8->14 [8] 9/0/-1->8->-1 [9] 10/-1/-1->8->9 [10] 9/-1/-1->8->15 [11] 9/-1/-1->8->15 [12] 9/-1/-1->8->15 [13] 9/-1/-1->8->15 [14] 9/-1/-1->8->15 [15] 9/-1/-1->8->14 [16] 9/-1/-1->8->0 [17] 10/-1/-1->8->9 [18] 9/-1/-1->8->15 [19] 9/-1/-1->8->15 [20] 9/-1/-1->8->15 [21] 9/-1/-1->8->15 [22] 9/-1/-1->8->15 [23] 9/-1/-1->8->14
ip-0A230410:33645:34106 [1] NCCL INFO Trees [0] 10/-1/-1->9->8 [1] 8/-1/-1->9->1 [2] -1/-1/-1->9->8 [3] -1/-1/-1->9->8 [4] 10/-1/-1->9->8 [5] 10/-1/-1->9->8 [6] 10/-1/-1->9->8 [7] 10/-1/-1->9->8 [8] 10/-1/-1->9->8 [9] 8/1/-1->9->-1 [10] -1/-1/-1->9->8 [11] -1/-1/-1->9->8 [12] 10/-1/-1->9->8 [13] 10/-1/-1->9->8 [14] 10/-1/-1->9->8 [15] 10/-1/-1->9->8 [16] 10/-1/-1->9->8 [17] 8/-1/-1->9->1 [18] -1/-1/-1->9->8 [19] -1/-1/-1->9->8 [20] 10/-1/-1->9->8 [21] 10/-1/-1->9->8 [22] 10/-1/-1->9->8 [23] 10/-1/-1->9->8
ip-0A23040F:46289:46696 [0] NCCL INFO Channel 00/24 :    0   7   6   5   4   3   2   1   8  15  14  13  12  11  10   9
ip-0A23040F:46289:46696 [0] NCCL INFO Channel 01/24 :    0   9  15  14  13  12  11  10   8   1   7   6   5   4   3   2
ip-0A230410:33650:34099 [6] NCCL INFO Trees [0] 15/-1/-1->14->13 [1] 15/-1/-1->14->13 [2] 15/-1/-1->14->13 [3] 15/-1/-1->14->13 [4] 15/-1/-1->14->13 [5] 15/-1/-1->14->12 [6] 15/-1/-1->14->6 [7] 8/-1/-1->14->15 [8] 15/-1/-1->14->13 [9] 15/-1/-1->14->13 [10] 15/-1/-1->14->13 [11] 15/-1/-1->14->13 [12] 15/-1/-1->14->13 [13] 15/-1/-1->14->12 [14] 15/6/-1->14->-1 [15] 8/-1/-1->14->15 [16] 15/-1/-1->14->13 [17] 15/-1/-1->14->13 [18] 15/-1/-1->14->13 [19] 15/-1/-1->14->13 [20] 15/-1/-1->14->13 [21] 15/-1/-1->14->12 [22] 15/-1/-1->14->6 [23] 8/-1/-1->14->15
ip-0A23040F:46290:46756 [6] NCCL INFO Trees [0] 7/-1/-1->6->5 [1] 7/-1/-1->6->5 [2] 7/-1/-1->6->5 [3] 7/-1/-1->6->5 [4] 7/-1/-1->6->5 [5] 7/-1/-1->6->4 [6] 7/14/-1->6->-1 [7] 0/-1/-1->6->7 [8] 7/-1/-1->6->5 [9] 7/-1/-1->6->5 [10] 7/-1/-1->6->5 [11] 7/-1/-1->6->5 [12] 7/-1/-1->6->5 [13] 7/-1/-1->6->4 [14] 7/-1/-1->6->14 [15] 0/-1/-1->6->7 [16] 7/-1/-1->6->5 [17] 7/-1/-1->6->5 [18] 7/-1/-1->6->5 [19] 7/-1/-1->6->5 [20] 7/-1/-1->6->5 [21] 7/-1/-1->6->4 [22] 7/14/-1->6->-1 [23] 0/-1/-1->6->7
ip-0A230410:33647:34097 [7] NCCL INFO Trees [0] -1/-1/-1->15->14 [1] -1/-1/-1->15->14 [2] 8/-1/-1->15->14 [3] 8/-1/-1->15->14 [4] 8/-1/-1->15->14 [5] 8/-1/-1->15->14 [6] 8/-1/-1->15->14 [7] 14/-1/-1->15->7 [8] -1/-1/-1->15->14 [9] -1/-1/-1->15->14 [10] 8/-1/-1->15->14 [11] 8/-1/-1->15->14 [12] 8/-1/-1->15->14 [13] 8/-1/-1->15->14 [14] 8/-1/-1->15->14 [15] 14/7/-1->15->-1 [16] -1/-1/-1->15->14 [17] -1/-1/-1->15->14 [18] 8/-1/-1->15->14 [19] 8/-1/-1->15->14 [20] 8/-1/-1->15->14 [21] 8/-1/-1->15->14 [22] 8/-1/-1->15->14 [23] 14/-1/-1->15->7
ip-0A23040F:46288:46755 [7] NCCL INFO Trees [0] -1/-1/-1->7->6 [1] -1/-1/-1->7->6 [2] 0/-1/-1->7->6 [3] 0/-1/-1->7->6 [4] 0/-1/-1->7->6 [5] 0/-1/-1->7->6 [6] 0/-1/-1->7->6 [7] 6/15/-1->7->-1 [8] -1/-1/-1->7->6 [9] -1/-1/-1->7->6 [10] 0/-1/-1->7->6 [11] 0/-1/-1->7->6 [12] 0/-1/-1->7->6 [13] 0/-1/-1->7->6 [14] 0/-1/-1->7->6 [15] 6/-1/-1->7->15 [16] -1/-1/-1->7->6 [17] -1/-1/-1->7->6 [18] 0/-1/-1->7->6 [19] 0/-1/-1->7->6 [20] 0/-1/-1->7->6 [21] 0/-1/-1->7->6 [22] 0/-1/-1->7->6 [23] 6/15/-1->7->-1
ip-0A230410:33648:34105 [2] NCCL INFO Trees [0] 11/-1/-1->10->9 [1] 11/-1/-1->10->8 [2] 11/-1/-1->10->2 [3] 12/-1/-1->10->11 [4] 11/-1/-1->10->9 [5] 11/-1/-1->10->9 [6] 11/-1/-1->10->9 [7] 11/-1/-1->10->9 [8] 11/-1/-1->10->9 [9] 11/-1/-1->10->8 [10] 11/2/-1->10->-1 [11] 12/-1/-1->10->11 [12] 11/-1/-1->10->9 [13] 11/-1/-1->10->9 [14] 11/-1/-1->10->9 [15] 11/-1/-1->10->9 [16] 11/-1/-1->10->9 [17] 11/-1/-1->10->8 [18] 11/-1/-1->10->2 [19] 12/-1/-1->10->11 [20] 11/-1/-1->10->9 [21] 11/-1/-1->10->9 [22] 11/-1/-1->10->9 [23] 11/-1/-1->10->9
ip-0A23040F:46289:46696 [0] NCCL INFO Channel 02/24 :    0   7   6   5   4   3  10   9   8  15  14  13  12  11   2   1
ip-0A23040F:46289:46696 [0] NCCL INFO Channel 03/24 :    0   7   6   5   4   2  11   9   8  15  14  13  12  10   3   1
ip-0A23040F:46289:46696 [0] NCCL INFO Channel 04/24 :    0   7   6   5  12  11  10   9   8  15  14  13   4   3   2   1
ip-0A23040F:46289:46696 [0] NCCL INFO Channel 05/24 :    0   7   6   4  13  11  10   9   8  15  14  12   5   3   2   1
ip-0A23040F:46289:46696 [0] NCCL INFO Channel 06/24 :    0   7  14  13  12  11  10   9   8  15   6   5   4   3   2   1
ip-0A230410:33643:34104 [3] NCCL INFO Trees [0] 12/-1/-1->11->10 [1] 12/-1/-1->11->10 [2] 12/-1/-1->11->10 [3] 10/-1/-1->11->3 [4] -1/-1/-1->11->10 [5] -1/-1/-1->11->10 [6] 12/-1/-1->11->10 [7] 12/-1/-1->11->10 [8] 12/-1/-1->11->10 [9] 12/-1/-1->11->10 [10] 12/-1/-1->11->10 [11] 10/3/-1->11->-1 [12] -1/-1/-1->11->10 [13] -1/-1/-1->11->10 [14] 12/-1/-1->11->10 [15] 12/-1/-1->11->10 [16] 12/-1/-1->11->10 [17] 12/-1/-1->11->10 [18] 12/-1/-1->11->10 [19] 10/-1/-1->11->3 [20] -1/-1/-1->11->10 [21] -1/-1/-1->11->10 [22] 12/-1/-1->11->10 [23] 12/-1/-1->11->10
ip-0A23040F:46286:46758 [3] NCCL INFO Trees [0] 4/-1/-1->3->2 [1] 4/-1/-1->3->2 [2] 4/-1/-1->3->2 [3] 2/11/-1->3->-1 [4] -1/-1/-1->3->2 [5] -1/-1/-1->3->2 [6] 4/-1/-1->3->2 [7] 4/-1/-1->3->2 [8] 4/-1/-1->3->2 [9] 4/-1/-1->3->2 [10] 4/-1/-1->3->2 [11] 2/-1/-1->3->11 [12] -1/-1/-1->3->2 [13] -1/-1/-1->3->2 [14] 4/-1/-1->3->2 [15] 4/-1/-1->3->2 [16] 4/-1/-1->3->2 [17] 4/-1/-1->3->2 [18] 4/-1/-1->3->2 [19] 2/11/-1->3->-1 [20] -1/-1/-1->3->2 [21] -1/-1/-1->3->2 [22] 4/-1/-1->3->2 [23] 4/-1/-1->3->2
ip-0A230410:33658:34102 [4] NCCL INFO Trees [0] 13/-1/-1->12->11 [1] 13/-1/-1->12->11 [2] 13/-1/-1->12->11 [3] 13/-1/-1->12->10 [4] 13/-1/-1->12->4 [5] 14/-1/-1->12->13 [6] 13/-1/-1->12->11 [7] 13/-1/-1->12->11 [8] 13/-1/-1->12->11 [9] 13/-1/-1->12->11 [10] 13/-1/-1->12->11 [11] 13/-1/-1->12->10 [12] 13/4/-1->12->-1 [13] 14/-1/-1->12->13 [14] 13/-1/-1->12->11 [15] 13/-1/-1->12->11 [16] 13/-1/-1->12->11 [17] 13/-1/-1->12->11 [18] 13/-1/-1->12->11 [19] 13/-1/-1->12->10 [20] 13/-1/-1->12->4 [21] 14/-1/-1->12->13 [22] 13/-1/-1->12->11 [23] 13/-1/-1->12->11
ip-0A23040F:46287:46754 [4] NCCL INFO Trees [0] 5/-1/-1->4->3 [1] 5/-1/-1->4->3 [2] 5/-1/-1->4->3 [3] 5/-1/-1->4->2 [4] 5/12/-1->4->-1 [5] 6/-1/-1->4->5 [6] 5/-1/-1->4->3 [7] 5/-1/-1->4->3 [8] 5/-1/-1->4->3 [9] 5/-1/-1->4->3 [10] 5/-1/-1->4->3 [11] 5/-1/-1->4->2 [12] 5/-1/-1->4->12 [13] 6/-1/-1->4->5 [14] 5/-1/-1->4->3 [15] 5/-1/-1->4->3 [16] 5/-1/-1->4->3 [17] 5/-1/-1->4->3 [18] 5/-1/-1->4->3 [19] 5/-1/-1->4->2 [20] 5/12/-1->4->-1 [21] 6/-1/-1->4->5 [22] 5/-1/-1->4->3 [23] 5/-1/-1->4->3
ip-0A230410:33644:34101 [5] NCCL INFO Trees [0] 14/-1/-1->13->12 [1] 14/-1/-1->13->12 [2] 14/-1/-1->13->12 [3] 14/-1/-1->13->12 [4] 14/-1/-1->13->12 [5] 12/-1/-1->13->5 [6] -1/-1/-1->13->12 [7] -1/-1/-1->13->12 [8] 14/-1/-1->13->12 [9] 14/-1/-1->13->12 [10] 14/-1/-1->13->12 [11] 14/-1/-1->13->12 [12] 14/-1/-1->13->12 [13] 12/5/-1->13->-1 [14] -1/-1/-1->13->12 [15] -1/-1/-1->13->12 [16] 14/-1/-1->13->12 [17] 14/-1/-1->13->12 [18] 14/-1/-1->13->12 [19] 14/-1/-1->13->12 [20] 14/-1/-1->13->12 [21] 12/-1/-1->13->5 [22] -1/-1/-1->13->12 [23] -1/-1/-1->13->12
ip-0A23040F:46285:46760 [5] NCCL INFO Trees [0] 6/-1/-1->5->4 [1] 6/-1/-1->5->4 [2] 6/-1/-1->5->4 [3] 6/-1/-1->5->4 [4] 6/-1/-1->5->4 [5] 4/13/-1->5->-1 [6] -1/-1/-1->5->4 [7] -1/-1/-1->5->4 [8] 6/-1/-1->5->4 [9] 6/-1/-1->5->4 [10] 6/-1/-1->5->4 [11] 6/-1/-1->5->4 [12] 6/-1/-1->5->4 [13] 4/-1/-1->5->13 [14] -1/-1/-1->5->4 [15] -1/-1/-1->5->4 [16] 6/-1/-1->5->4 [17] 6/-1/-1->5->4 [18] 6/-1/-1->5->4 [19] 6/-1/-1->5->4 [20] 6/-1/-1->5->4 [21] 4/13/-1->5->-1 [22] -1/-1/-1->5->4 [23] -1/-1/-1->5->4
ip-0A23040F:46289:46696 [0] NCCL INFO Channel 07/24 :    0   6  15  13  12  11  10   9   8  14   7   5   4   3   2   1
ip-0A23040F:46289:46696 [0] NCCL INFO Channel 08/24 :    0   7   6   5   4   3   2   1   8  15  14  13  12  11  10   9
ip-0A23040F:46289:46696 [0] NCCL INFO Channel 09/24 :    0   9  15  14  13  12  11  10   8   1   7   6   5   4   3   2
ip-0A23040F:46289:46696 [0] NCCL INFO Channel 10/24 :    0   7   6   5   4   3  10   9   8  15  14  13  12  11   2   1
ip-0A23040F:46289:46696 [0] NCCL INFO Channel 11/24 :    0   7   6   5   4   2  11   9   8  15  14  13  12  10   3   1
ip-0A23040F:46289:46696 [0] NCCL INFO Channel 12/24 :    0   7   6   5  12  11  10   9   8  15  14  13   4   3   2   1
ip-0A23040F:46289:46696 [0] NCCL INFO Channel 13/24 :    0   7   6   4  13  11  10   9   8  15  14  12   5   3   2   1
ip-0A23040F:46289:46696 [0] NCCL INFO Channel 14/24 :    0   7  14  13  12  11  10   9   8  15   6   5   4   3   2   1
ip-0A23040F:46289:46696 [0] NCCL INFO Channel 15/24 :    0   6  15  13  12  11  10   9   8  14   7   5   4   3   2   1
ip-0A23040F:46289:46696 [0] NCCL INFO Channel 16/24 :    0   7   6   5   4   3   2   1   8  15  14  13  12  11  10   9
ip-0A23040F:46291:46759 [1] NCCL INFO Trees [0] 2/-1/-1->1->0 [1] 0/9/-1->1->-1 [2] -1/-1/-1->1->0 [3] -1/-1/-1->1->0 [4] 2/-1/-1->1->0 [5] 2/-1/-1->1->0 [6] 2/-1/-1->1->0 [7] 2/-1/-1->1->0 [8] 2/-1/-1->1->0 [9] 0/-1/-1->1->9 [10] -1/-1/-1->1->0 [11] -1/-1/-1->1->0 [12] 2/-1/-1->1->0 [13] 2/-1/-1->1->0 [14] 2/-1/-1->1->0 [15] 2/-1/-1->1->0 [16] 2/-1/-1->1->0 [17] 0/9/-1->1->-1 [18] -1/-1/-1->1->0 [19] -1/-1/-1->1->0 [20] 2/-1/-1->1->0 [21] 2/-1/-1->1->0 [22] 2/-1/-1->1->0 [23] 2/-1/-1->1->0
ip-0A23040F:46292:46757 [2] NCCL INFO Trees [0] 3/-1/-1->2->1 [1] 3/-1/-1->2->0 [2] 3/10/-1->2->-1 [3] 4/-1/-1->2->3 [4] 3/-1/-1->2->1 [5] 3/-1/-1->2->1 [6] 3/-1/-1->2->1 [7] 3/-1/-1->2->1 [8] 3/-1/-1->2->1 [9] 3/-1/-1->2->0 [10] 3/-1/-1->2->10 [11] 4/-1/-1->2->3 [12] 3/-1/-1->2->1 [13] 3/-1/-1->2->1 [14] 3/-1/-1->2->1 [15] 3/-1/-1->2->1 [16] 3/-1/-1->2->1 [17] 3/-1/-1->2->0 [18] 3/10/-1->2->-1 [19] 4/-1/-1->2->3 [20] 3/-1/-1->2->1 [21] 3/-1/-1->2->1 [22] 3/-1/-1->2->1 [23] 3/-1/-1->2->1
ip-0A23040F:46289:46696 [0] NCCL INFO Channel 17/24 :    0   9  15  14  13  12  11  10   8   1   7   6   5   4   3   2
ip-0A23040F:46289:46696 [0] NCCL INFO Channel 18/24 :    0   7   6   5   4   3  10   9   8  15  14  13  12  11   2   1
ip-0A23040F:46289:46696 [0] NCCL INFO Channel 19/24 :    0   7   6   5   4   2  11   9   8  15  14  13  12  10   3   1
ip-0A23040F:46289:46696 [0] NCCL INFO Channel 20/24 :    0   7   6   5  12  11  10   9   8  15  14  13   4   3   2   1
ip-0A23040F:46289:46696 [0] NCCL INFO Channel 21/24 :    0   7   6   4  13  11  10   9   8  15  14  12   5   3   2   1
ip-0A23040F:46289:46696 [0] NCCL INFO Channel 22/24 :    0   7  14  13  12  11  10   9   8  15   6   5   4   3   2   1
ip-0A23040F:46289:46696 [0] NCCL INFO Channel 23/24 :    0   6  15  13  12  11  10   9   8  14   7   5   4   3   2   1
ip-0A230410:33646:34103 [0] NCCL INFO Channel 07 : 8[100000] -> 14[d00000] via P2P/IPC/read
ip-0A230410:33645:34106 [1] NCCL INFO Channel 01 : 9[200000] -> 15[e00000] via P2P/IPC/read
ip-0A230410:33644:34101 [5] NCCL INFO Channel 04/0 : 13[c00000] -> 4[b00000] [send] via NET/IBext/4/GDRDMA
ip-0A230410:33644:34101 [5] NCCL INFO Channel 12/0 : 13[c00000] -> 4[b00000] [send] via NET/IBext/4/GDRDMA
ip-0A230410:33644:34101 [5] NCCL INFO Channel 20/0 : 13[c00000] -> 4[b00000] [send] via NET/IBext/4/GDRDMA
ip-0A230410:33646:34103 [0] NCCL INFO Channel 15 : 8[100000] -> 14[d00000] via P2P/IPC/read
ip-0A230410:33658:34102 [4] NCCL INFO Channel 04/0 : 5[c00000] -> 12[b00000] [receive] via NET/IBext/4/GDRDMA
ip-0A230410:33658:34102 [4] NCCL INFO Channel 12/0 : 5[c00000] -> 12[b00000] [receive] via NET/IBext/4/GDRDMA
ip-0A230410:33658:34102 [4] NCCL INFO Channel 20/0 : 5[c00000] -> 12[b00000] [receive] via NET/IBext/4/GDRDMA
ip-0A230410:33645:34106 [1] NCCL INFO Channel 09 : 9[200000] -> 15[e00000] via P2P/IPC/read
ip-0A23040F:46289:46696 [0] NCCL INFO Trees [0] 1/8/-1->0->-1 [1] 2/-1/-1->0->1 [2] 1/-1/-1->0->7 [3] 1/-1/-1->0->7 [4] 1/-1/-1->0->7 [5] 1/-1/-1->0->7 [6] 1/-1/-1->0->7 [7] 1/-1/-1->0->6 [8] 1/-1/-1->0->8 [9] 2/-1/-1->0->1 [10] 1/-1/-1->0->7 [11] 1/-1/-1->0->7 [12] 1/-1/-1->0->7 [13] 1/-1/-1->0->7 [14] 1/-1/-1->0->7 [15] 1/-1/-1->0->6 [16] 1/8/-1->0->-1 [17] 2/-1/-1->0->1 [18] 1/-1/-1->0->7 [19] 1/-1/-1->0->7 [20] 1/-1/-1->0->7 [21] 1/-1/-1->0->7 [22] 1/-1/-1->0->7 [23] 1/-1/-1->0->6
ip-0A23040F:46291:46759 [1] NCCL INFO Channel 01 : 1[200000] -> 7[e00000] via P2P/IPC/read
ip-0A23040F:46289:46696 [0] NCCL INFO Channel 07 : 0[100000] -> 6[d00000] via P2P/IPC/read
ip-0A23040F:46287:46754 [4] NCCL INFO Channel 04/0 : 13[c00000] -> 4[b00000] [receive] via NET/IBext/4/GDRDMA
ip-0A23040F:46287:46754 [4] NCCL INFO Channel 12/0 : 13[c00000] -> 4[b00000] [receive] via NET/IBext/4/GDRDMA
ip-0A23040F:46287:46754 [4] NCCL INFO Channel 20/0 : 13[c00000] -> 4[b00000] [receive] via NET/IBext/4/GDRDMA
ip-0A23040F:46285:46760 [5] NCCL INFO Channel 04/0 : 5[c00000] -> 12[b00000] [send] via NET/IBext/4/GDRDMA
ip-0A23040F:46285:46760 [5] NCCL INFO Channel 12/0 : 5[c00000] -> 12[b00000] [send] via NET/IBext/4/GDRDMA
ip-0A23040F:46285:46760 [5] NCCL INFO Channel 20/0 : 5[c00000] -> 12[b00000] [send] via NET/IBext/4/GDRDMA
ip-0A23040F:46292:46757 [2] NCCL INFO Channel 02/0 : 11[400000] -> 2[300000] [receive] via NET/IBext/2/GDRDMA
ip-0A230410:33643:34104 [3] NCCL INFO Channel 02/0 : 11[400000] -> 2[300000] [send] via NET/IBext/2/GDRDMA
ip-0A23040F:46291:46759 [1] NCCL INFO Channel 09 : 1[200000] -> 7[e00000] via P2P/IPC/read
ip-0A23040F:46292:46757 [2] NCCL INFO Channel 10/0 : 11[400000] -> 2[300000] [receive] via NET/IBext/2/GDRDMA
ip-0A23040F:46286:46758 [3] NCCL INFO Channel 02/0 : 3[400000] -> 10[300000] [send] via NET/IBext/2/GDRDMA
ip-0A23040F:46286:46758 [3] NCCL INFO Channel 10/0 : 3[400000] -> 10[300000] [send] via NET/IBext/2/GDRDMA
ip-0A23040F:46292:46757 [2] NCCL INFO Channel 18/0 : 11[400000] -> 2[300000] [receive] via NET/IBext/2/GDRDMA
ip-0A23040F:46286:46758 [3] NCCL INFO Channel 18/0 : 3[400000] -> 10[300000] [send] via NET/IBext/2/GDRDMA
ip-0A230410:33643:34104 [3] NCCL INFO Channel 10/0 : 11[400000] -> 2[300000] [send] via NET/IBext/2/GDRDMA
ip-0A230410:33643:34104 [3] NCCL INFO Channel 18/0 : 11[400000] -> 2[300000] [send] via NET/IBext/2/GDRDMA
ip-0A23040F:46289:46696 [0] NCCL INFO Channel 15 : 0[100000] -> 6[d00000] via P2P/IPC/read
ip-0A230410:33648:34105 [2] NCCL INFO Channel 02/0 : 3[400000] -> 10[300000] [receive] via NET/IBext/2/GDRDMA
ip-0A230410:33648:34105 [2] NCCL INFO Channel 10/0 : 3[400000] -> 10[300000] [receive] via NET/IBext/2/GDRDMA
ip-0A230410:33648:34105 [2] NCCL INFO Channel 18/0 : 3[400000] -> 10[300000] [receive] via NET/IBext/2/GDRDMA
ip-0A230410:33646:34103 [0] NCCL INFO Channel 23 : 8[100000] -> 14[d00000] via P2P/IPC/read
ip-0A230410:33645:34106 [1] NCCL INFO Channel 17 : 9[200000] -> 15[e00000] via P2P/IPC/read
ip-0A23040F:46291:46759 [1] NCCL INFO Channel 17 : 1[200000] -> 7[e00000] via P2P/IPC/read
ip-0A23040F:46289:46696 [0] NCCL INFO Channel 23 : 0[100000] -> 6[d00000] via P2P/IPC/read
ip-0A23040F:46291:46759 [1] NCCL INFO Channel 00/0 : 1[200000] -> 8[100000] [send] via NET/IBext/0/GDRDMA
ip-0A23040F:46291:46759 [1] NCCL INFO Channel 08/0 : 1[200000] -> 8[100000] [send] via NET/IBext/0/GDRDMA
ip-0A23040F:46291:46759 [1] NCCL INFO Channel 16/0 : 1[200000] -> 8[100000] [send] via NET/IBext/0/GDRDMA
ip-0A230410:33646:34103 [0] NCCL INFO Channel 00/0 : 1[200000] -> 8[100000] [receive] via NET/IBext/0/GDRDMA
ip-0A230410:33645:34106 [1] NCCL INFO Channel 00/0 : 9[200000] -> 0[100000] [send] via NET/IBext/0/GDRDMA
ip-0A230410:33650:34099 [6] NCCL INFO Channel 06/0 : 7[e00000] -> 14[d00000] [receive] via NET/IBext/6/GDRDMA
ip-0A23040F:46290:46756 [6] NCCL INFO Channel 06/0 : 15[e00000] -> 6[d00000] [receive] via NET/IBext/6/GDRDMA
ip-0A23040F:46290:46756 [6] NCCL INFO Channel 14/0 : 15[e00000] -> 6[d00000] [receive] via NET/IBext/6/GDRDMA
ip-0A23040F:46290:46756 [6] NCCL INFO Channel 22/0 : 15[e00000] -> 6[d00000] [receive] via NET/IBext/6/GDRDMA
ip-0A23040F:46289:46696 [0] NCCL INFO Channel 00/0 : 9[200000] -> 0[100000] [receive] via NET/IBext/0/GDRDMA
ip-0A230410:33645:34106 [1] NCCL INFO Channel 08/0 : 9[200000] -> 0[100000] [send] via NET/IBext/0/GDRDMA
ip-0A230410:33646:34103 [0] NCCL INFO Channel 08/0 : 1[200000] -> 8[100000] [receive] via NET/IBext/0/GDRDMA
ip-0A230410:33650:34099 [6] NCCL INFO Channel 14/0 : 7[e00000] -> 14[d00000] [receive] via NET/IBext/6/GDRDMA
ip-0A230410:33645:34106 [1] NCCL INFO Channel 16/0 : 9[200000] -> 0[100000] [send] via NET/IBext/0/GDRDMA
ip-0A230410:33646:34103 [0] NCCL INFO Channel 16/0 : 1[200000] -> 8[100000] [receive] via NET/IBext/0/GDRDMA
ip-0A230410:33646:34103 [0] NCCL INFO Channel 00 : 8[100000] -> 15[e00000] via P2P/IPC/read
ip-0A230410:33650:34099 [6] NCCL INFO Channel 22/0 : 7[e00000] -> 14[d00000] [receive] via NET/IBext/6/GDRDMA
ip-0A23040F:46289:46696 [0] NCCL INFO Channel 08/0 : 9[200000] -> 0[100000] [receive] via NET/IBext/0/GDRDMA
ip-0A23040F:46289:46696 [0] NCCL INFO Channel 16/0 : 9[200000] -> 0[100000] [receive] via NET/IBext/0/GDRDMA
ip-0A23040F:46289:46696 [0] NCCL INFO Channel 00 : 0[100000] -> 7[e00000] via P2P/IPC/read
ip-0A230410:33646:34103 [0] NCCL INFO Channel 02 : 8[100000] -> 15[e00000] via P2P/IPC/read
ip-0A23040F:46289:46696 [0] NCCL INFO Channel 02 : 0[100000] -> 7[e00000] via P2P/IPC/read
ip-0A230410:33646:34103 [0] NCCL INFO Channel 03 : 8[100000] -> 15[e00000] via P2P/IPC/read
ip-0A23040F:46289:46696 [0] NCCL INFO Channel 03 : 0[100000] -> 7[e00000] via P2P/IPC/read
ip-0A230410:33646:34103 [0] NCCL INFO Channel 04 : 8[100000] -> 15[e00000] via P2P/IPC/read
ip-0A23040F:46289:46696 [0] NCCL INFO Channel 04 : 0[100000] -> 7[e00000] via P2P/IPC/read
ip-0A230410:33646:34103 [0] NCCL INFO Channel 05 : 8[100000] -> 15[e00000] via P2P/IPC/read
ip-0A23040F:46289:46696 [0] NCCL INFO Channel 05 : 0[100000] -> 7[e00000] via P2P/IPC/read
ip-0A230410:33646:34103 [0] NCCL INFO Channel 06 : 8[100000] -> 15[e00000] via P2P/IPC/read
ip-0A23040F:46289:46696 [0] NCCL INFO Channel 06 : 0[100000] -> 7[e00000] via P2P/IPC/read
ip-0A230410:33646:34103 [0] NCCL INFO Channel 08 : 8[100000] -> 15[e00000] via P2P/IPC/read
ip-0A23040F:46289:46696 [0] NCCL INFO Channel 08 : 0[100000] -> 7[e00000] via P2P/IPC/read
ip-0A230410:33646:34103 [0] NCCL INFO Channel 10 : 8[100000] -> 15[e00000] via P2P/IPC/read
ip-0A23040F:46289:46696 [0] NCCL INFO Channel 10 : 0[100000] -> 7[e00000] via P2P/IPC/read
ip-0A230410:33646:34103 [0] NCCL INFO Channel 11 : 8[100000] -> 15[e00000] via P2P/IPC/read
ip-0A23040F:46289:46696 [0] NCCL INFO Channel 11 : 0[100000] -> 7[e00000] via P2P/IPC/read
ip-0A230410:33646:34103 [0] NCCL INFO Channel 12 : 8[100000] -> 15[e00000] via P2P/IPC/read
ip-0A23040F:46289:46696 [0] NCCL INFO Channel 12 : 0[100000] -> 7[e00000] via P2P/IPC/read
ip-0A230410:33646:34103 [0] NCCL INFO Channel 13 : 8[100000] -> 15[e00000] via P2P/IPC/read
ip-0A230410:33644:34101 [5] NCCL INFO Channel 05/0 : 4[b00000] -> 13[c00000] [receive] via NET/IBext/5/GDRDMA
ip-0A230410:33644:34101 [5] NCCL INFO Channel 13/0 : 4[b00000] -> 13[c00000] [receive] via NET/IBext/5/GDRDMA
ip-0A230410:33644:34101 [5] NCCL INFO Channel 21/0 : 4[b00000] -> 13[c00000] [receive] via NET/IBext/5/GDRDMA
ip-0A230410:33646:34103 [0] NCCL INFO Channel 14 : 8[100000] -> 15[e00000] via P2P/IPC/read
ip-0A23040F:46289:46696 [0] NCCL INFO Channel 13 : 0[100000] -> 7[e00000] via P2P/IPC/read
ip-0A230410:33646:34103 [0] NCCL INFO Channel 16 : 8[100000] -> 15[e00000] via P2P/IPC/read
ip-0A23040F:46289:46696 [0] NCCL INFO Channel 14 : 0[100000] -> 7[e00000] via P2P/IPC/read
ip-0A230410:33646:34103 [0] NCCL INFO Channel 18 : 8[100000] -> 15[e00000] via P2P/IPC/read
ip-0A230410:33646:34103 [0] NCCL INFO Channel 19 : 8[100000] -> 15[e00000] via P2P/IPC/read
ip-0A23040F:46289:46696 [0] NCCL INFO Channel 16 : 0[100000] -> 7[e00000] via P2P/IPC/read
