ip-0A230410:64976:65432 [5] NCCL INFO Channel 17 : 13[c00000] -> 14[d00000] via P2P/IPC/read
ip-0A230410:64970:65426 [2] NCCL INFO Channel 12 : 10[300000] -> 11[400000] via P2P/IPC/read
ip-0A23040F:72411:72871 [5] NCCL INFO Channel 10 : 5[c00000] -> 6[d00000] via P2P/IPC/read
ip-0A23040F:72414:72883 [3] NCCL INFO Channel 08 : 3[400000] -> 4[b00000] via P2P/IPC/read
ip-0A23040F:72408:72878 [6] NCCL INFO Channel 16 : 6[d00000] -> 7[e00000] via P2P/IPC/read
ip-0A23040F:72425:72882 [2] NCCL INFO Channel 14 : 2[300000] -> 3[400000] via P2P/IPC/read
ip-0A23040F:72407:72879 [1] NCCL INFO Channel 08 : 1[200000] -> 2[300000] via P2P/IPC/read
ip-0A230410:64973:65433 [6] NCCL INFO Channel 23 : 14[d00000] -> 15[e00000] via P2P/IPC/read
ip-0A230410:64974:65431 [1] NCCL INFO Channel 12 : 9[200000] -> 10[300000] via P2P/IPC/read
ip-0A230410:64975:65428 [3] NCCL INFO Channel 07 : 11[400000] -> 12[b00000] via P2P/IPC/read
ip-0A23040F:72410:72881 [4] NCCL INFO Channel 15 : 4[b00000] -> 5[c00000] via P2P/IPC/read
ip-0A230410:64977:65427 [4] NCCL INFO Channel 13 : 12[b00000] -> 13[c00000] via P2P/IPC/read
ip-0A230410:64970:65426 [2] NCCL INFO Channel 13 : 10[300000] -> 11[400000] via P2P/IPC/read
ip-0A230410:64976:65432 [5] NCCL INFO Channel 18 : 13[c00000] -> 14[d00000] via P2P/IPC/read
ip-0A23040F:72411:72871 [5] NCCL INFO Channel 11 : 5[c00000] -> 6[d00000] via P2P/IPC/read
ip-0A23040F:72414:72883 [3] NCCL INFO Channel 09 : 3[400000] -> 4[b00000] via P2P/IPC/read
ip-0A23040F:72408:72878 [6] NCCL INFO Channel 17 : 6[d00000] -> 7[e00000] via P2P/IPC/read
ip-0A23040F:72425:72882 [2] NCCL INFO Channel 15 : 2[300000] -> 3[400000] via P2P/IPC/read
ip-0A23040F:72407:72879 [1] NCCL INFO Channel 12 : 1[200000] -> 2[300000] via P2P/IPC/read
ip-0A230410:64974:65431 [1] NCCL INFO Channel 13 : 9[200000] -> 10[300000] via P2P/IPC/read
ip-0A23040F:72410:72881 [4] NCCL INFO Channel 16 : 4[b00000] -> 5[c00000] via P2P/IPC/read
ip-0A230410:64975:65428 [3] NCCL INFO Channel 08 : 11[400000] -> 12[b00000] via P2P/IPC/read
ip-0A230410:64977:65427 [4] NCCL INFO Channel 14 : 12[b00000] -> 13[c00000] via P2P/IPC/read
ip-0A23040F:72411:72871 [5] NCCL INFO Channel 12 : 5[c00000] -> 6[d00000] via P2P/IPC/read
ip-0A230410:64970:65426 [2] NCCL INFO Channel 14 : 10[300000] -> 11[400000] via P2P/IPC/read
ip-0A230410:64976:65432 [5] NCCL INFO Channel 19 : 13[c00000] -> 14[d00000] via P2P/IPC/read
ip-0A23040F:72408:72878 [6] NCCL INFO Channel 18 : 6[d00000] -> 7[e00000] via P2P/IPC/read
ip-0A23040F:72425:72882 [2] NCCL INFO Channel 16 : 2[300000] -> 3[400000] via P2P/IPC/read
ip-0A23040F:72414:72883 [3] NCCL INFO Channel 10 : 3[400000] -> 4[b00000] via P2P/IPC/read
ip-0A23040F:72407:72879 [1] NCCL INFO Channel 13 : 1[200000] -> 2[300000] via P2P/IPC/read
ip-0A23040F:72410:72881 [4] NCCL INFO Channel 17 : 4[b00000] -> 5[c00000] via P2P/IPC/read
ip-0A230410:64974:65431 [1] NCCL INFO Channel 14 : 9[200000] -> 10[300000] via P2P/IPC/read
ip-0A23040F:72411:72871 [5] NCCL INFO Channel 16 : 5[c00000] -> 6[d00000] via P2P/IPC/read
ip-0A230410:64977:65427 [4] NCCL INFO Channel 15 : 12[b00000] -> 13[c00000] via P2P/IPC/read
ip-0A230410:64975:65428 [3] NCCL INFO Channel 09 : 11[400000] -> 12[b00000] via P2P/IPC/read
ip-0A23040F:72414:72883 [3] NCCL INFO Channel 14 : 3[400000] -> 4[b00000] via P2P/IPC/read
ip-0A23040F:72425:72882 [2] NCCL INFO Channel 17 : 2[300000] -> 3[400000] via P2P/IPC/read
ip-0A23040F:72408:72878 [6] NCCL INFO Channel 19 : 6[d00000] -> 7[e00000] via P2P/IPC/read
ip-0A23040F:72407:72879 [1] NCCL INFO Channel 14 : 1[200000] -> 2[300000] via P2P/IPC/read
ip-0A230410:64976:65432 [5] NCCL INFO Channel 20 : 13[c00000] -> 14[d00000] via P2P/IPC/read
ip-0A230410:64970:65426 [2] NCCL INFO Channel 15 : 10[300000] -> 11[400000] via P2P/IPC/read
ip-0A23040F:72410:72881 [4] NCCL INFO Channel 18 : 4[b00000] -> 5[c00000] via P2P/IPC/read
ip-0A230410:64974:65431 [1] NCCL INFO Channel 15 : 9[200000] -> 10[300000] via P2P/IPC/read
ip-0A23040F:72411:72871 [5] NCCL INFO Channel 17 : 5[c00000] -> 6[d00000] via P2P/IPC/read
ip-0A23040F:72414:72883 [3] NCCL INFO Channel 15 : 3[400000] -> 4[b00000] via P2P/IPC/read
ip-0A23040F:72408:72878 [6] NCCL INFO Channel 20 : 6[d00000] -> 7[e00000] via P2P/IPC/read
ip-0A23040F:72425:72882 [2] NCCL INFO Channel 18 : 2[300000] -> 3[400000] via P2P/IPC/read
ip-0A230410:64977:65427 [4] NCCL INFO Channel 16 : 12[b00000] -> 13[c00000] via P2P/IPC/read
ip-0A23040F:72407:72879 [1] NCCL INFO Channel 15 : 1[200000] -> 2[300000] via P2P/IPC/read
ip-0A230410:64975:65428 [3] NCCL INFO Channel 10 : 11[400000] -> 12[b00000] via P2P/IPC/read
ip-0A230410:64970:65426 [2] NCCL INFO Channel 16 : 10[300000] -> 11[400000] via P2P/IPC/read
ip-0A23040F:72410:72881 [4] NCCL INFO Channel 19 : 4[b00000] -> 5[c00000] via P2P/IPC/read
ip-0A23040F:72411:72871 [5] NCCL INFO Channel 18 : 5[c00000] -> 6[d00000] via P2P/IPC/read
ip-0A230410:64974:65431 [1] NCCL INFO Channel 16 : 9[200000] -> 10[300000] via P2P/IPC/read
ip-0A23040F:72414:72883 [3] NCCL INFO Channel 16 : 3[400000] -> 4[b00000] via P2P/IPC/read
ip-0A23040F:72425:72882 [2] NCCL INFO Channel 19 : 2[300000] -> 3[400000] via P2P/IPC/read
ip-0A23040F:72408:72878 [6] NCCL INFO Channel 21 : 6[d00000] -> 7[e00000] via P2P/IPC/read
ip-0A23040F:72407:72879 [1] NCCL INFO Channel 16 : 1[200000] -> 2[300000] via P2P/IPC/read
ip-0A230410:64975:65428 [3] NCCL INFO Channel 14 : 11[400000] -> 12[b00000] via P2P/IPC/read
ip-0A23040F:72410:72881 [4] NCCL INFO Channel 20 : 4[b00000] -> 5[c00000] via P2P/IPC/read
ip-0A230410:64977:65427 [4] NCCL INFO Channel 17 : 12[b00000] -> 13[c00000] via P2P/IPC/read
ip-0A230410:64970:65426 [2] NCCL INFO Channel 17 : 10[300000] -> 11[400000] via P2P/IPC/read
ip-0A23040F:72411:72871 [5] NCCL INFO Channel 19 : 5[c00000] -> 6[d00000] via P2P/IPC/read
ip-0A23040F:72414:72883 [3] NCCL INFO Channel 17 : 3[400000] -> 4[b00000] via P2P/IPC/read
ip-0A23040F:72408:72878 [6] NCCL INFO Channel 22 : 6[d00000] -> 7[e00000] via P2P/IPC/read
ip-0A23040F:72425:72882 [2] NCCL INFO Channel 20 : 2[300000] -> 3[400000] via P2P/IPC/read
ip-0A23040F:72407:72879 [1] NCCL INFO Channel 20 : 1[200000] -> 2[300000] via P2P/IPC/read
ip-0A23040F:72410:72881 [4] NCCL INFO Channel 21 : 4[b00000] -> 5[c00000] via P2P/IPC/read
ip-0A23040F:72411:72871 [5] NCCL INFO Channel 20 : 5[c00000] -> 6[d00000] via P2P/IPC/read
ip-0A23040F:72414:72883 [3] NCCL INFO Channel 18 : 3[400000] -> 4[b00000] via P2P/IPC/read
ip-0A23040F:72408:72878 [6] NCCL INFO Channel 23 : 6[d00000] -> 7[e00000] via P2P/IPC/read
ip-0A23040F:72425:72882 [2] NCCL INFO Channel 21 : 2[300000] -> 3[400000] via P2P/IPC/read
ip-0A23040F:72407:72879 [1] NCCL INFO Channel 21 : 1[200000] -> 2[300000] via P2P/IPC/read
ip-0A23040F:72410:72881 [4] NCCL INFO Channel 22 : 4[b00000] -> 5[c00000] via P2P/IPC/read
ip-0A23040F:72414:72883 [3] NCCL INFO Channel 22 : 3[400000] -> 4[b00000] via P2P/IPC/read
ip-0A23040F:72425:72882 [2] NCCL INFO Channel 22 : 2[300000] -> 3[400000] via P2P/IPC/read
ip-0A23040F:72407:72879 [1] NCCL INFO Channel 22 : 1[200000] -> 2[300000] via P2P/IPC/read
ip-0A230410:64974:65431 [1] NCCL INFO Channel 20 : 9[200000] -> 10[300000] via P2P/IPC/read
ip-0A23040F:72410:72881 [4] NCCL INFO Channel 23 : 4[b00000] -> 5[c00000] via P2P/IPC/read
ip-0A230410:64975:65428 [3] NCCL INFO Channel 15 : 11[400000] -> 12[b00000] via P2P/IPC/read
ip-0A230410:64977:65427 [4] NCCL INFO Channel 18 : 12[b00000] -> 13[c00000] via P2P/IPC/read
ip-0A230410:64970:65426 [2] NCCL INFO Channel 18 : 10[300000] -> 11[400000] via P2P/IPC/read
ip-0A23040F:72414:72883 [3] NCCL INFO Channel 23 : 3[400000] -> 4[b00000] via P2P/IPC/read
ip-0A23040F:72425:72882 [2] NCCL INFO Channel 23 : 2[300000] -> 3[400000] via P2P/IPC/read
ip-0A23040F:72407:72879 [1] NCCL INFO Channel 23 : 1[200000] -> 2[300000] via P2P/IPC/read
ip-0A230410:64974:65431 [1] NCCL INFO Channel 21 : 9[200000] -> 10[300000] via P2P/IPC/read
ip-0A230410:64975:65428 [3] NCCL INFO Channel 16 : 11[400000] -> 12[b00000] via P2P/IPC/read
ip-0A230410:64977:65427 [4] NCCL INFO Channel 19 : 12[b00000] -> 13[c00000] via P2P/IPC/read
ip-0A230410:64970:65426 [2] NCCL INFO Channel 19 : 10[300000] -> 11[400000] via P2P/IPC/read
ip-0A230410:64974:65431 [1] NCCL INFO Channel 22 : 9[200000] -> 10[300000] via P2P/IPC/read
ip-0A230410:64975:65428 [3] NCCL INFO Channel 17 : 11[400000] -> 12[b00000] via P2P/IPC/read
ip-0A230410:64977:65427 [4] NCCL INFO Channel 20 : 12[b00000] -> 13[c00000] via P2P/IPC/read
ip-0A230410:64970:65426 [2] NCCL INFO Channel 20 : 10[300000] -> 11[400000] via P2P/IPC/read
ip-0A230410:64974:65431 [1] NCCL INFO Channel 23 : 9[200000] -> 10[300000] via P2P/IPC/read
ip-0A230410:64975:65428 [3] NCCL INFO Channel 18 : 11[400000] -> 12[b00000] via P2P/IPC/read
ip-0A230410:64977:65427 [4] NCCL INFO Channel 21 : 12[b00000] -> 13[c00000] via P2P/IPC/read
ip-0A230410:64970:65426 [2] NCCL INFO Channel 21 : 10[300000] -> 11[400000] via P2P/IPC/read
ip-0A230410:64975:65428 [3] NCCL INFO Channel 22 : 11[400000] -> 12[b00000] via P2P/IPC/read
ip-0A230410:64977:65427 [4] NCCL INFO Channel 22 : 12[b00000] -> 13[c00000] via P2P/IPC/read
ip-0A230410:64970:65426 [2] NCCL INFO Channel 22 : 10[300000] -> 11[400000] via P2P/IPC/read
ip-0A230410:64975:65428 [3] NCCL INFO Channel 23 : 11[400000] -> 12[b00000] via P2P/IPC/read
ip-0A230410:64977:65427 [4] NCCL INFO Channel 23 : 12[b00000] -> 13[c00000] via P2P/IPC/read
ip-0A230410:64970:65426 [2] NCCL INFO Channel 23 : 10[300000] -> 11[400000] via P2P/IPC/read
ip-0A230410:64971:65430 [7] NCCL INFO Channel 07/0 : 7[e00000] -> 15[e00000] [receive] via NET/IBext/7/GDRDMA
ip-0A230410:64971:65430 [7] NCCL INFO Channel 15/0 : 7[e00000] -> 15[e00000] [receive] via NET/IBext/7/GDRDMA
ip-0A230410:64971:65430 [7] NCCL INFO Channel 23/0 : 7[e00000] -> 15[e00000] [receive] via NET/IBext/7/GDRDMA
ip-0A230410:64971:65430 [7] NCCL INFO Channel 07/0 : 15[e00000] -> 7[e00000] [send] via NET/IBext/7/GDRDMA
ip-0A230410:64971:65430 [7] NCCL INFO Channel 15/0 : 15[e00000] -> 7[e00000] [send] via NET/IBext/7/GDRDMA
ip-0A230410:64971:65430 [7] NCCL INFO Channel 23/0 : 15[e00000] -> 7[e00000] [send] via NET/IBext/7/GDRDMA
ip-0A23040F:72409:72880 [7] NCCL INFO Channel 07/0 : 15[e00000] -> 7[e00000] [receive] via NET/IBext/7/GDRDMA
ip-0A23040F:72409:72880 [7] NCCL INFO Channel 15/0 : 15[e00000] -> 7[e00000] [receive] via NET/IBext/7/GDRDMA
ip-0A23040F:72409:72880 [7] NCCL INFO Channel 23/0 : 15[e00000] -> 7[e00000] [receive] via NET/IBext/7/GDRDMA
ip-0A23040F:72409:72880 [7] NCCL INFO Channel 07/0 : 7[e00000] -> 15[e00000] [send] via NET/IBext/7/GDRDMA
ip-0A23040F:72409:72880 [7] NCCL INFO Channel 15/0 : 7[e00000] -> 15[e00000] [send] via NET/IBext/7/GDRDMA
ip-0A23040F:72409:72880 [7] NCCL INFO Channel 23/0 : 7[e00000] -> 15[e00000] [send] via NET/IBext/7/GDRDMA
ip-0A230410:64972:65429 [0] NCCL INFO Channel 01 : 8[100000] -> 10[300000] via P2P/IPC/read
ip-0A23040F:72415:72819 [0] NCCL INFO Channel 01 : 0[100000] -> 2[300000] via P2P/IPC/read
ip-0A230410:64972:65429 [0] NCCL INFO Channel 09 : 8[100000] -> 10[300000] via P2P/IPC/read
ip-0A23040F:72415:72819 [0] NCCL INFO Channel 09 : 0[100000] -> 2[300000] via P2P/IPC/read
ip-0A230410:64972:65429 [0] NCCL INFO Channel 17 : 8[100000] -> 10[300000] via P2P/IPC/read
ip-0A23040F:72415:72819 [0] NCCL INFO Channel 17 : 0[100000] -> 2[300000] via P2P/IPC/read
ip-0A23040F:72411:72871 [5] NCCL INFO Channel 05/0 : 13[c00000] -> 5[c00000] [receive] via NET/IBext/5/GDRDMA
ip-0A23040F:72411:72871 [5] NCCL INFO Channel 13/0 : 13[c00000] -> 5[c00000] [receive] via NET/IBext/5/GDRDMA
ip-0A23040F:72411:72871 [5] NCCL INFO Channel 21/0 : 13[c00000] -> 5[c00000] [receive] via NET/IBext/5/GDRDMA
ip-0A23040F:72411:72871 [5] NCCL INFO Channel 05/0 : 5[c00000] -> 13[c00000] [send] via NET/IBext/5/GDRDMA
ip-0A23040F:72411:72871 [5] NCCL INFO Channel 13/0 : 5[c00000] -> 13[c00000] [send] via NET/IBext/5/GDRDMA
ip-0A23040F:72411:72871 [5] NCCL INFO Channel 21/0 : 5[c00000] -> 13[c00000] [send] via NET/IBext/5/GDRDMA
ip-0A230410:64976:65432 [5] NCCL INFO Channel 05/0 : 5[c00000] -> 13[c00000] [receive] via NET/IBext/5/GDRDMA
ip-0A230410:64976:65432 [5] NCCL INFO Channel 13/0 : 5[c00000] -> 13[c00000] [receive] via NET/IBext/5/GDRDMA
ip-0A230410:64976:65432 [5] NCCL INFO Channel 21/0 : 5[c00000] -> 13[c00000] [receive] via NET/IBext/5/GDRDMA
ip-0A230410:64976:65432 [5] NCCL INFO Channel 05/0 : 13[c00000] -> 5[c00000] [send] via NET/IBext/5/GDRDMA
ip-0A230410:64976:65432 [5] NCCL INFO Channel 13/0 : 13[c00000] -> 5[c00000] [send] via NET/IBext/5/GDRDMA
ip-0A230410:64976:65432 [5] NCCL INFO Channel 21/0 : 13[c00000] -> 5[c00000] [send] via NET/IBext/5/GDRDMA
ip-0A230410:64974:65431 [1] NCCL INFO Channel 01/0 : 1[200000] -> 9[200000] [receive] via NET/IBext/1/GDRDMA
ip-0A230410:64974:65431 [1] NCCL INFO Channel 09/0 : 1[200000] -> 9[200000] [receive] via NET/IBext/1/GDRDMA
ip-0A230410:64974:65431 [1] NCCL INFO Channel 17/0 : 1[200000] -> 9[200000] [receive] via NET/IBext/1/GDRDMA
ip-0A230410:64974:65431 [1] NCCL INFO Channel 01/0 : 9[200000] -> 1[200000] [send] via NET/IBext/1/GDRDMA
ip-0A230410:64974:65431 [1] NCCL INFO Channel 09/0 : 9[200000] -> 1[200000] [send] via NET/IBext/1/GDRDMA
ip-0A230410:64974:65431 [1] NCCL INFO Channel 17/0 : 9[200000] -> 1[200000] [send] via NET/IBext/1/GDRDMA
ip-0A230410:64975:65428 [3] NCCL INFO Channel 03/0 : 3[400000] -> 11[400000] [receive] via NET/IBext/3/GDRDMA
ip-0A230410:64975:65428 [3] NCCL INFO Channel 11/0 : 3[400000] -> 11[400000] [receive] via NET/IBext/3/GDRDMA
ip-0A230410:64975:65428 [3] NCCL INFO Channel 19/0 : 3[400000] -> 11[400000] [receive] via NET/IBext/3/GDRDMA
ip-0A230410:64975:65428 [3] NCCL INFO Channel 03/0 : 11[400000] -> 3[400000] [send] via NET/IBext/3/GDRDMA
ip-0A230410:64975:65428 [3] NCCL INFO Channel 11/0 : 11[400000] -> 3[400000] [send] via NET/IBext/3/GDRDMA
ip-0A230410:64975:65428 [3] NCCL INFO Channel 19/0 : 11[400000] -> 3[400000] [send] via NET/IBext/3/GDRDMA
ip-0A23040F:72414:72883 [3] NCCL INFO Channel 03/0 : 11[400000] -> 3[400000] [receive] via NET/IBext/3/GDRDMA
ip-0A23040F:72414:72883 [3] NCCL INFO Channel 11/0 : 11[400000] -> 3[400000] [receive] via NET/IBext/3/GDRDMA
ip-0A23040F:72414:72883 [3] NCCL INFO Channel 19/0 : 11[400000] -> 3[400000] [receive] via NET/IBext/3/GDRDMA
ip-0A23040F:72414:72883 [3] NCCL INFO Channel 03/0 : 3[400000] -> 11[400000] [send] via NET/IBext/3/GDRDMA
ip-0A23040F:72414:72883 [3] NCCL INFO Channel 11/0 : 3[400000] -> 11[400000] [send] via NET/IBext/3/GDRDMA
ip-0A23040F:72414:72883 [3] NCCL INFO Channel 19/0 : 3[400000] -> 11[400000] [send] via NET/IBext/3/GDRDMA
ip-0A23040F:72407:72879 [1] NCCL INFO Channel 01/0 : 9[200000] -> 1[200000] [receive] via NET/IBext/1/GDRDMA
ip-0A23040F:72407:72879 [1] NCCL INFO Channel 09/0 : 9[200000] -> 1[200000] [receive] via NET/IBext/1/GDRDMA
ip-0A23040F:72407:72879 [1] NCCL INFO Channel 17/0 : 9[200000] -> 1[200000] [receive] via NET/IBext/1/GDRDMA
ip-0A23040F:72407:72879 [1] NCCL INFO Channel 01/0 : 1[200000] -> 9[200000] [send] via NET/IBext/1/GDRDMA
ip-0A23040F:72407:72879 [1] NCCL INFO Channel 09/0 : 1[200000] -> 9[200000] [send] via NET/IBext/1/GDRDMA
ip-0A23040F:72407:72879 [1] NCCL INFO Channel 17/0 : 1[200000] -> 9[200000] [send] via NET/IBext/1/GDRDMA
ip-0A230410:64977:65427 [4] NCCL INFO Channel 05 : 12[b00000] -> 14[d00000] via P2P/IPC/read
ip-0A230410:64970:65426 [2] NCCL INFO Channel 03 : 10[300000] -> 12[b00000] via P2P/IPC/read
ip-0A230410:64977:65427 [4] NCCL INFO Channel 13 : 12[b00000] -> 14[d00000] via P2P/IPC/read
ip-0A230410:64970:65426 [2] NCCL INFO Channel 11 : 10[300000] -> 12[b00000] via P2P/IPC/read
ip-0A230410:64977:65427 [4] NCCL INFO Channel 21 : 12[b00000] -> 14[d00000] via P2P/IPC/read
ip-0A23040F:72410:72881 [4] NCCL INFO Channel 05 : 4[b00000] -> 6[d00000] via P2P/IPC/read
ip-0A230410:64970:65426 [2] NCCL INFO Channel 19 : 10[300000] -> 12[b00000] via P2P/IPC/read
ip-0A23040F:72425:72882 [2] NCCL INFO Channel 03 : 2[300000] -> 4[b00000] via P2P/IPC/read
ip-0A23040F:72410:72881 [4] NCCL INFO Channel 13 : 4[b00000] -> 6[d00000] via P2P/IPC/read
ip-0A23040F:72425:72882 [2] NCCL INFO Channel 11 : 2[300000] -> 4[b00000] via P2P/IPC/read
ip-0A23040F:72410:72881 [4] NCCL INFO Channel 21 : 4[b00000] -> 6[d00000] via P2P/IPC/read
ip-0A23040F:72425:72882 [2] NCCL INFO Channel 19 : 2[300000] -> 4[b00000] via P2P/IPC/read
ip-0A230410:64973:65433 [6] NCCL INFO Channel 06/0 : 6[d00000] -> 14[d00000] [receive] via NET/IBext/6/GDRDMA
ip-0A230410:64973:65433 [6] NCCL INFO Channel 14/0 : 6[d00000] -> 14[d00000] [receive] via NET/IBext/6/GDRDMA
ip-0A230410:64973:65433 [6] NCCL INFO Channel 22/0 : 6[d00000] -> 14[d00000] [receive] via NET/IBext/6/GDRDMA
ip-0A230410:64973:65433 [6] NCCL INFO Channel 06/0 : 14[d00000] -> 6[d00000] [send] via NET/IBext/6/GDRDMA
ip-0A230410:64973:65433 [6] NCCL INFO Channel 14/0 : 14[d00000] -> 6[d00000] [send] via NET/IBext/6/GDRDMA
ip-0A230410:64973:65433 [6] NCCL INFO Channel 22/0 : 14[d00000] -> 6[d00000] [send] via NET/IBext/6/GDRDMA
ip-0A230410:64972:65429 [0] NCCL INFO Channel 00/0 : 0[100000] -> 8[100000] [receive] via NET/IBext/0/GDRDMA
ip-0A230410:64972:65429 [0] NCCL INFO Channel 08/0 : 0[100000] -> 8[100000] [receive] via NET/IBext/0/GDRDMA
ip-0A230410:64972:65429 [0] NCCL INFO Channel 16/0 : 0[100000] -> 8[100000] [receive] via NET/IBext/0/GDRDMA
ip-0A230410:64972:65429 [0] NCCL INFO Channel 00/0 : 8[100000] -> 0[100000] [send] via NET/IBext/0/GDRDMA
ip-0A230410:64972:65429 [0] NCCL INFO Channel 08/0 : 8[100000] -> 0[100000] [send] via NET/IBext/0/GDRDMA
ip-0A230410:64972:65429 [0] NCCL INFO Channel 16/0 : 8[100000] -> 0[100000] [send] via NET/IBext/0/GDRDMA
ip-0A230410:64977:65427 [4] NCCL INFO Channel 04/0 : 4[b00000] -> 12[b00000] [receive] via NET/IBext/4/GDRDMA
ip-0A230410:64977:65427 [4] NCCL INFO Channel 12/0 : 4[b00000] -> 12[b00000] [receive] via NET/IBext/4/GDRDMA
ip-0A230410:64977:65427 [4] NCCL INFO Channel 20/0 : 4[b00000] -> 12[b00000] [receive] via NET/IBext/4/GDRDMA
ip-0A230410:64977:65427 [4] NCCL INFO Channel 04/0 : 12[b00000] -> 4[b00000] [send] via NET/IBext/4/GDRDMA
ip-0A230410:64977:65427 [4] NCCL INFO Channel 12/0 : 12[b00000] -> 4[b00000] [send] via NET/IBext/4/GDRDMA
ip-0A230410:64977:65427 [4] NCCL INFO Channel 20/0 : 12[b00000] -> 4[b00000] [send] via NET/IBext/4/GDRDMA
ip-0A230410:64970:65426 [2] NCCL INFO Channel 02/0 : 2[300000] -> 10[300000] [receive] via NET/IBext/2/GDRDMA
ip-0A230410:64970:65426 [2] NCCL INFO Channel 10/0 : 2[300000] -> 10[300000] [receive] via NET/IBext/2/GDRDMA
ip-0A230410:64970:65426 [2] NCCL INFO Channel 18/0 : 2[300000] -> 10[300000] [receive] via NET/IBext/2/GDRDMA
ip-0A230410:64970:65426 [2] NCCL INFO Channel 02/0 : 10[300000] -> 2[300000] [send] via NET/IBext/2/GDRDMA
ip-0A230410:64970:65426 [2] NCCL INFO Channel 10/0 : 10[300000] -> 2[300000] [send] via NET/IBext/2/GDRDMA
ip-0A230410:64970:65426 [2] NCCL INFO Channel 18/0 : 10[300000] -> 2[300000] [send] via NET/IBext/2/GDRDMA
ip-0A23040F:72408:72878 [6] NCCL INFO Channel 06/0 : 14[d00000] -> 6[d00000] [receive] via NET/IBext/6/GDRDMA
ip-0A23040F:72408:72878 [6] NCCL INFO Channel 14/0 : 14[d00000] -> 6[d00000] [receive] via NET/IBext/6/GDRDMA
ip-0A23040F:72408:72878 [6] NCCL INFO Channel 22/0 : 14[d00000] -> 6[d00000] [receive] via NET/IBext/6/GDRDMA
ip-0A23040F:72408:72878 [6] NCCL INFO Channel 06/0 : 6[d00000] -> 14[d00000] [send] via NET/IBext/6/GDRDMA
ip-0A23040F:72408:72878 [6] NCCL INFO Channel 14/0 : 6[d00000] -> 14[d00000] [send] via NET/IBext/6/GDRDMA
ip-0A23040F:72415:72819 [0] NCCL INFO Channel 00/0 : 8[100000] -> 0[100000] [receive] via NET/IBext/0/GDRDMA
ip-0A23040F:72415:72819 [0] NCCL INFO Channel 08/0 : 8[100000] -> 0[100000] [receive] via NET/IBext/0/GDRDMA
ip-0A23040F:72415:72819 [0] NCCL INFO Channel 16/0 : 8[100000] -> 0[100000] [receive] via NET/IBext/0/GDRDMA
ip-0A23040F:72415:72819 [0] NCCL INFO Channel 00/0 : 0[100000] -> 8[100000] [send] via NET/IBext/0/GDRDMA
ip-0A23040F:72415:72819 [0] NCCL INFO Channel 08/0 : 0[100000] -> 8[100000] [send] via NET/IBext/0/GDRDMA
ip-0A23040F:72415:72819 [0] NCCL INFO Channel 16/0 : 0[100000] -> 8[100000] [send] via NET/IBext/0/GDRDMA
ip-0A23040F:72408:72878 [6] NCCL INFO Channel 22/0 : 6[d00000] -> 14[d00000] [send] via NET/IBext/6/GDRDMA
ip-0A23040F:72410:72881 [4] NCCL INFO Channel 04/0 : 12[b00000] -> 4[b00000] [receive] via NET/IBext/4/GDRDMA
ip-0A23040F:72410:72881 [4] NCCL INFO Channel 12/0 : 12[b00000] -> 4[b00000] [receive] via NET/IBext/4/GDRDMA
ip-0A23040F:72410:72881 [4] NCCL INFO Channel 20/0 : 12[b00000] -> 4[b00000] [receive] via NET/IBext/4/GDRDMA
ip-0A23040F:72410:72881 [4] NCCL INFO Channel 04/0 : 4[b00000] -> 12[b00000] [send] via NET/IBext/4/GDRDMA
ip-0A23040F:72410:72881 [4] NCCL INFO Channel 12/0 : 4[b00000] -> 12[b00000] [send] via NET/IBext/4/GDRDMA
ip-0A23040F:72410:72881 [4] NCCL INFO Channel 20/0 : 4[b00000] -> 12[b00000] [send] via NET/IBext/4/GDRDMA
ip-0A23040F:72425:72882 [2] NCCL INFO Channel 02/0 : 10[300000] -> 2[300000] [receive] via NET/IBext/2/GDRDMA
ip-0A23040F:72425:72882 [2] NCCL INFO Channel 10/0 : 10[300000] -> 2[300000] [receive] via NET/IBext/2/GDRDMA
ip-0A23040F:72425:72882 [2] NCCL INFO Channel 18/0 : 10[300000] -> 2[300000] [receive] via NET/IBext/2/GDRDMA
ip-0A23040F:72425:72882 [2] NCCL INFO Channel 02/0 : 2[300000] -> 10[300000] [send] via NET/IBext/2/GDRDMA
ip-0A23040F:72425:72882 [2] NCCL INFO Channel 10/0 : 2[300000] -> 10[300000] [send] via NET/IBext/2/GDRDMA
ip-0A23040F:72425:72882 [2] NCCL INFO Channel 18/0 : 2[300000] -> 10[300000] [send] via NET/IBext/2/GDRDMA
ip-0A230410:64971:65430 [7] NCCL INFO Channel 02 : 15[e00000] -> 8[100000] via P2P/IPC/read
ip-0A230410:64971:65430 [7] NCCL INFO Channel 03 : 15[e00000] -> 8[100000] via P2P/IPC/read
ip-0A230410:64971:65430 [7] NCCL INFO Channel 04 : 15[e00000] -> 8[100000] via P2P/IPC/read
ip-0A230410:64971:65430 [7] NCCL INFO Channel 05 : 15[e00000] -> 8[100000] via P2P/IPC/read
ip-0A230410:64971:65430 [7] NCCL INFO Channel 06 : 15[e00000] -> 8[100000] via P2P/IPC/read
ip-0A23040F:72409:72880 [7] NCCL INFO Channel 02 : 7[e00000] -> 0[100000] via P2P/IPC/read
ip-0A230410:64971:65430 [7] NCCL INFO Channel 10 : 15[e00000] -> 8[100000] via P2P/IPC/read
ip-0A23040F:72409:72880 [7] NCCL INFO Channel 03 : 7[e00000] -> 0[100000] via P2P/IPC/read
ip-0A230410:64971:65430 [7] NCCL INFO Channel 11 : 15[e00000] -> 8[100000] via P2P/IPC/read
ip-0A23040F:72409:72880 [7] NCCL INFO Channel 04 : 7[e00000] -> 0[100000] via P2P/IPC/read
ip-0A230410:64971:65430 [7] NCCL INFO Channel 12 : 15[e00000] -> 8[100000] via P2P/IPC/read
ip-0A23040F:72409:72880 [7] NCCL INFO Channel 05 : 7[e00000] -> 0[100000] via P2P/IPC/read
ip-0A230410:64971:65430 [7] NCCL INFO Channel 13 : 15[e00000] -> 8[100000] via P2P/IPC/read
ip-0A23040F:72409:72880 [7] NCCL INFO Channel 06 : 7[e00000] -> 0[100000] via P2P/IPC/read
ip-0A230410:64971:65430 [7] NCCL INFO Channel 14 : 15[e00000] -> 8[100000] via P2P/IPC/read
ip-0A23040F:72409:72880 [7] NCCL INFO Channel 10 : 7[e00000] -> 0[100000] via P2P/IPC/read
ip-0A230410:64971:65430 [7] NCCL INFO Channel 18 : 15[e00000] -> 8[100000] via P2P/IPC/read
ip-0A23040F:72409:72880 [7] NCCL INFO Channel 11 : 7[e00000] -> 0[100000] via P2P/IPC/read
ip-0A230410:64971:65430 [7] NCCL INFO Channel 19 : 15[e00000] -> 8[100000] via P2P/IPC/read
ip-0A23040F:72409:72880 [7] NCCL INFO Channel 12 : 7[e00000] -> 0[100000] via P2P/IPC/read
ip-0A23040F:72409:72880 [7] NCCL INFO Channel 13 : 7[e00000] -> 0[100000] via P2P/IPC/read
ip-0A230410:64971:65430 [7] NCCL INFO Channel 20 : 15[e00000] -> 8[100000] via P2P/IPC/read
ip-0A230410:64971:65430 [7] NCCL INFO Channel 21 : 15[e00000] -> 8[100000] via P2P/IPC/read
ip-0A23040F:72409:72880 [7] NCCL INFO Channel 14 : 7[e00000] -> 0[100000] via P2P/IPC/read
ip-0A230410:64971:65430 [7] NCCL INFO Channel 22 : 15[e00000] -> 8[100000] via P2P/IPC/read
ip-0A23040F:72409:72880 [7] NCCL INFO Channel 18 : 7[e00000] -> 0[100000] via P2P/IPC/read
ip-0A230410:64976:65432 [5] NCCL INFO Channel 04 : 13[c00000] -> 12[b00000] via P2P/IPC/read
ip-0A23040F:72409:72880 [7] NCCL INFO Channel 19 : 7[e00000] -> 0[100000] via P2P/IPC/read
ip-0A230410:64976:65432 [5] NCCL INFO Channel 05 : 13[c00000] -> 12[b00000] via P2P/IPC/read
ip-0A23040F:72409:72880 [7] NCCL INFO Channel 20 : 7[e00000] -> 0[100000] via P2P/IPC/read
ip-0A230410:64976:65432 [5] NCCL INFO Channel 12 : 13[c00000] -> 12[b00000] via P2P/IPC/read
ip-0A23040F:72409:72880 [7] NCCL INFO Channel 21 : 7[e00000] -> 0[100000] via P2P/IPC/read
ip-0A230410:64976:65432 [5] NCCL INFO Channel 13 : 13[c00000] -> 12[b00000] via P2P/IPC/read
ip-0A23040F:72409:72880 [7] NCCL INFO Channel 22 : 7[e00000] -> 0[100000] via P2P/IPC/read
ip-0A230410:64976:65432 [5] NCCL INFO Channel 20 : 13[c00000] -> 12[b00000] via P2P/IPC/read
ip-0A230410:64976:65432 [5] NCCL INFO Channel 21 : 13[c00000] -> 12[b00000] via P2P/IPC/read
ip-0A23040F:72414:72883 [3] NCCL INFO Channel 02 : 3[400000] -> 2[300000] via P2P/IPC/read
ip-0A23040F:72414:72883 [3] NCCL INFO Channel 03 : 3[400000] -> 2[300000] via P2P/IPC/read
ip-0A230410:64974:65431 [1] NCCL INFO Channel 00 : 9[200000] -> 8[100000] via P2P/IPC/read
ip-0A23040F:72414:72883 [3] NCCL INFO Channel 10 : 3[400000] -> 2[300000] via P2P/IPC/read
ip-0A230410:64974:65431 [1] NCCL INFO Channel 01 : 9[200000] -> 8[100000] via P2P/IPC/read
ip-0A23040F:72414:72883 [3] NCCL INFO Channel 11 : 3[400000] -> 2[300000] via P2P/IPC/read
ip-0A230410:64974:65431 [1] NCCL INFO Channel 08 : 9[200000] -> 8[100000] via P2P/IPC/read
ip-0A23040F:72414:72883 [3] NCCL INFO Channel 18 : 3[400000] -> 2[300000] via P2P/IPC/read
ip-0A230410:64974:65431 [1] NCCL INFO Channel 09 : 9[200000] -> 8[100000] via P2P/IPC/read
ip-0A23040F:72414:72883 [3] NCCL INFO Channel 19 : 3[400000] -> 2[300000] via P2P/IPC/read
ip-0A230410:64974:65431 [1] NCCL INFO Channel 16 : 9[200000] -> 8[100000] via P2P/IPC/read
ip-0A230410:64974:65431 [1] NCCL INFO Channel 17 : 9[200000] -> 8[100000] via P2P/IPC/read
ip-0A230410:64975:65428 [3] NCCL INFO Channel 02 : 11[400000] -> 10[300000] via P2P/IPC/read
ip-0A230410:64975:65428 [3] NCCL INFO Channel 03 : 11[400000] -> 10[300000] via P2P/IPC/read
ip-0A230410:64975:65428 [3] NCCL INFO Channel 10 : 11[400000] -> 10[300000] via P2P/IPC/read
ip-0A23040F:72411:72871 [5] NCCL INFO Channel 04 : 5[c00000] -> 4[b00000] via P2P/IPC/read
ip-0A23040F:72411:72871 [5] NCCL INFO Channel 05 : 5[c00000] -> 4[b00000] via P2P/IPC/read
ip-0A230410:64975:65428 [3] NCCL INFO Channel 11 : 11[400000] -> 10[300000] via P2P/IPC/read
ip-0A23040F:72411:72871 [5] NCCL INFO Channel 12 : 5[c00000] -> 4[b00000] via P2P/IPC/read
ip-0A230410:64975:65428 [3] NCCL INFO Channel 18 : 11[400000] -> 10[300000] via P2P/IPC/read
ip-0A23040F:72411:72871 [5] NCCL INFO Channel 13 : 5[c00000] -> 4[b00000] via P2P/IPC/read
ip-0A230410:64975:65428 [3] NCCL INFO Channel 19 : 11[400000] -> 10[300000] via P2P/IPC/read
ip-0A23040F:72411:72871 [5] NCCL INFO Channel 20 : 5[c00000] -> 4[b00000] via P2P/IPC/read
ip-0A23040F:72411:72871 [5] NCCL INFO Channel 21 : 5[c00000] -> 4[b00000] via P2P/IPC/read
ip-0A23040F:72407:72879 [1] NCCL INFO Channel 00 : 1[200000] -> 0[100000] via P2P/IPC/read
ip-0A23040F:72407:72879 [1] NCCL INFO Channel 01 : 1[200000] -> 0[100000] via P2P/IPC/read
ip-0A23040F:72407:72879 [1] NCCL INFO Channel 08 : 1[200000] -> 0[100000] via P2P/IPC/read
ip-0A23040F:72407:72879 [1] NCCL INFO Channel 09 : 1[200000] -> 0[100000] via P2P/IPC/read
ip-0A23040F:72407:72879 [1] NCCL INFO Channel 16 : 1[200000] -> 0[100000] via P2P/IPC/read
ip-0A23040F:72407:72879 [1] NCCL INFO Channel 17 : 1[200000] -> 0[100000] via P2P/IPC/read
ip-0A23040F:72425:72882 [2] NCCL INFO Connected all trees
ip-0A23040F:72414:72883 [3] NCCL INFO Connected all trees
ip-0A23040F:72408:72878 [6] NCCL INFO Channel 07 : 6[d00000] -> 0[100000] via P2P/IPC/read
ip-0A23040F:72408:72878 [6] NCCL INFO Channel 15 : 6[d00000] -> 0[100000] via P2P/IPC/read
ip-0A23040F:72408:72878 [6] NCCL INFO Channel 23 : 6[d00000] -> 0[100000] via P2P/IPC/read
ip-0A230410:64973:65433 [6] NCCL INFO Channel 07 : 14[d00000] -> 8[100000] via P2P/IPC/read
ip-0A230410:64973:65433 [6] NCCL INFO Channel 15 : 14[d00000] -> 8[100000] via P2P/IPC/read
ip-0A23040F:72410:72881 [4] NCCL INFO Connected all trees
ip-0A23040F:72411:72871 [5] NCCL INFO Connected all trees
ip-0A230410:64973:65433 [6] NCCL INFO Channel 23 : 14[d00000] -> 8[100000] via P2P/IPC/read
ip-0A230410:64977:65427 [4] NCCL INFO Connected all trees
ip-0A230410:64976:65432 [5] NCCL INFO Connected all trees
ip-0A23040F:72409:72880 [7] NCCL INFO Channel 06 : 7[e00000] -> 6[d00000] via P2P/IPC/read
ip-0A230410:64970:65426 [2] NCCL INFO Connected all trees
ip-0A230410:64975:65428 [3] NCCL INFO Connected all trees
ip-0A23040F:72409:72880 [7] NCCL INFO Channel 07 : 7[e00000] -> 6[d00000] via P2P/IPC/read
ip-0A23040F:72409:72880 [7] NCCL INFO Channel 14 : 7[e00000] -> 6[d00000] via P2P/IPC/read
ip-0A23040F:72409:72880 [7] NCCL INFO Channel 15 : 7[e00000] -> 6[d00000] via P2P/IPC/read
ip-0A23040F:72409:72880 [7] NCCL INFO Channel 22 : 7[e00000] -> 6[d00000] via P2P/IPC/read
ip-0A23040F:72409:72880 [7] NCCL INFO Channel 23 : 7[e00000] -> 6[d00000] via P2P/IPC/read
ip-0A230410:64971:65430 [7] NCCL INFO Channel 06 : 15[e00000] -> 14[d00000] via P2P/IPC/read
ip-0A230410:64971:65430 [7] NCCL INFO Channel 07 : 15[e00000] -> 14[d00000] via P2P/IPC/read
ip-0A230410:64971:65430 [7] NCCL INFO Channel 14 : 15[e00000] -> 14[d00000] via P2P/IPC/read
ip-0A230410:64971:65430 [7] NCCL INFO Channel 15 : 15[e00000] -> 14[d00000] via P2P/IPC/read
ip-0A230410:64971:65430 [7] NCCL INFO Channel 22 : 15[e00000] -> 14[d00000] via P2P/IPC/read
ip-0A23040F:72415:72819 [0] NCCL INFO Connected all trees
ip-0A23040F:72407:72879 [1] NCCL INFO Connected all trees
ip-0A23040F:72408:72878 [6] NCCL INFO Connected all trees
ip-0A23040F:72409:72880 [7] NCCL INFO Connected all trees
ip-0A230410:64971:65430 [7] NCCL INFO Channel 23 : 15[e00000] -> 14[d00000] via P2P/IPC/read
ip-0A230410:64972:65429 [0] NCCL INFO Connected all trees
ip-0A230410:64974:65431 [1] NCCL INFO Connected all trees
ip-0A230410:64973:65433 [6] NCCL INFO Connected all trees
ip-0A230410:64971:65430 [7] NCCL INFO Connected all trees
ip-0A23040F:72415:72819 [0] NCCL INFO CollNet 00 : 0 [receive] via COLLNET/SHARP/0/GDRDMA
ip-0A230410:64972:65429 [0] NCCL INFO CollNet 00 : 8 [receive] via COLLNET/SHARP/0/GDRDMA
ip-0A230410:64972:65439 [0] NCCL INFO NCCL_SHARP_GROUP_SIZE_THRESH set by environment to 2.
ip-0A23040F:72415:72891 [0] NCCL INFO NCCL_SHARP_GROUP_SIZE_THRESH set by environment to 2.
ip-0A230410:64974:65431 [1] NCCL INFO CollNet 01 : 9 [receive] via COLLNET/SHARP/1/GDRDMA
ip-0A23040F:72407:72879 [1] NCCL INFO CollNet 01 : 1 [receive] via COLLNET/SHARP/1/GDRDMA
[ip-0A23040F:0:72415 - context.c:584] INFO job (ID: 2524865375476436417) resource request quota: ( osts:0 user_data_per_ost:0 max_groups:0 max_qps:1 max_group_channels:1, num_trees:1)
[ip-0A23040F:0:72415 unique id 0] ERROR No Aggregation Manager (sharp_am) detected in sharp_create_job.

[ip-0A23040F:0:72415 - context.c:601] ERROR sharp_create_job failed: No Aggregation Manager (sharp_am) detected(-52)
ip-0A230410:64972:65439 [0] NCCL INFO Sharp rank 1/2 initialized on mlx5_ib0:1

ip-0A230410:64972:65439 [0] sharp_plugin.c:288 NCCL WARN NET/IB :SHARP coll init error: Cannot create SHArP job(-11)

ip-0A230410:64972:65439 [0] NCCL INFO include/coll_net.h:21 -> 3
ip-0A230410:64972:65429 [0] NCCL INFO transport.cc:222 -> 2
ip-0A23040F:72415:72891 [0] NCCL INFO Sharp rank 0/2 initialized on mlx5_ib0:1

ip-0A23040F:72415:72891 [0] sharp_plugin.c:288 NCCL WARN NET/IB :SHARP coll init error: Cannot create SHArP job(-11)

ip-0A23040F:72415:72891 [0] NCCL INFO include/coll_net.h:21 -> 3
ip-0A23040F:72415:72819 [0] NCCL INFO transport.cc:222 -> 2
ip-0A23040F:72407:72885 [1] NCCL INFO NCCL_SHARP_GROUP_SIZE_THRESH set by environment to 2.
ip-0A23040F:72425:72882 [2] NCCL INFO CollNet 02 : 2 [receive] via COLLNET/SHARP/2/GDRDMA
ip-0A230410:64974:65438 [1] NCCL INFO NCCL_SHARP_GROUP_SIZE_THRESH set by environment to 2.
ip-0A230410:64970:65426 [2] NCCL INFO CollNet 02 : 10 [receive] via COLLNET/SHARP/2/GDRDMA
[ip-0A23040F:0:72407 - context.c:584] INFO job (ID: 2524865469443389445) resource request quota: ( osts:0 user_data_per_ost:0 max_groups:0 max_qps:1 max_group_channels:1, num_trees:1)
[ip-0A23040F:0:72407 unique id 0] ERROR No Aggregation Manager (sharp_am) detected in sharp_create_job.

[ip-0A23040F:0:72407 - context.c:601] ERROR sharp_create_job failed: No Aggregation Manager (sharp_am) detected(-52)
ip-0A230410:64974:65438 [1] NCCL INFO Sharp rank 1/2 initialized on mlx5_ib1:1

ip-0A230410:64974:65438 [1] sharp_plugin.c:288 NCCL WARN NET/IB :SHARP coll init error: Cannot create SHArP job(-11)

ip-0A230410:64974:65438 [1] NCCL INFO include/coll_net.h:21 -> 3
ip-0A230410:64974:65431 [1] NCCL INFO transport.cc:222 -> 2
ip-0A23040F:72407:72885 [1] NCCL INFO Sharp rank 0/2 initialized on mlx5_ib1:1

ip-0A23040F:72407:72885 [1] sharp_plugin.c:288 NCCL WARN NET/IB :SHARP coll init error: Cannot create SHArP job(-11)

ip-0A23040F:72407:72885 [1] NCCL INFO include/coll_net.h:21 -> 3
ip-0A23040F:72407:72879 [1] NCCL INFO transport.cc:222 -> 2
ip-0A23040F:72425:72887 [2] NCCL INFO NCCL_SHARP_GROUP_SIZE_THRESH set by environment to 2.
ip-0A23040F:72414:72883 [3] NCCL INFO CollNet 03 : 3 [receive] via COLLNET/SHARP/3/GDRDMA
ip-0A230410:64970:65441 [2] NCCL INFO NCCL_SHARP_GROUP_SIZE_THRESH set by environment to 2.
ip-0A230410:64975:65428 [3] NCCL INFO CollNet 03 : 11 [receive] via COLLNET/SHARP/3/GDRDMA
[ip-0A23040F:0:72425 - context.c:584] INFO job (ID: 2524864896051285795) resource request quota: ( osts:0 user_data_per_ost:0 max_groups:0 max_qps:1 max_group_channels:1, num_trees:1)
[ip-0A23040F:0:72425 unique id 0] ERROR No Aggregation Manager (sharp_am) detected in sharp_create_job.

[ip-0A23040F:0:72425 - context.c:601] ERROR sharp_create_job failed: No Aggregation Manager (sharp_am) detected(-52)
ip-0A230410:64970:65441 [2] NCCL INFO Sharp rank 1/2 initialized on mlx5_ib2:1

ip-0A230410:64970:65441 [2] sharp_plugin.c:288 NCCL WARN NET/IB :SHARP coll init error: Cannot create SHArP job(-11)

ip-0A230410:64970:65441 [2] NCCL INFO include/coll_net.h:21 -> 3
ip-0A230410:64970:65426 [2] NCCL INFO transport.cc:222 -> 2
ip-0A23040F:72425:72887 [2] NCCL INFO Sharp rank 0/2 initialized on mlx5_ib2:1

ip-0A23040F:72425:72887 [2] sharp_plugin.c:288 NCCL WARN NET/IB :SHARP coll init error: Cannot create SHArP job(-11)

ip-0A23040F:72425:72887 [2] NCCL INFO include/coll_net.h:21 -> 3
ip-0A23040F:72425:72882 [2] NCCL INFO transport.cc:222 -> 2
ip-0A23040F:72414:72888 [3] NCCL INFO NCCL_SHARP_GROUP_SIZE_THRESH set by environment to 2.
ip-0A23040F:72410:72881 [4] NCCL INFO CollNet 04 : 4 [receive] via COLLNET/SHARP/4/GDRDMA
ip-0A230410:64975:65442 [3] NCCL INFO NCCL_SHARP_GROUP_SIZE_THRESH set by environment to 2.
ip-0A230410:64977:65427 [4] NCCL INFO CollNet 04 : 12 [receive] via COLLNET/SHARP/4/GDRDMA
[ip-0A23040F:0:72414 - context.c:584] INFO job (ID: 2524864968925060523) resource request quota: ( osts:0 user_data_per_ost:0 max_groups:0 max_qps:1 max_group_channels:1, num_trees:1)
[ip-0A23040F:0:72414 unique id 0] ERROR No Aggregation Manager (sharp_am) detected in sharp_create_job.

[ip-0A23040F:0:72414 - context.c:601] ERROR sharp_create_job failed: No Aggregation Manager (sharp_am) detected(-52)
ip-0A230410:64975:65442 [3] NCCL INFO Sharp rank 1/2 initialized on mlx5_ib3:1

ip-0A230410:64975:65442 [3] sharp_plugin.c:288 NCCL WARN NET/IB :SHARP coll init error: Cannot create SHArP job(-11)

ip-0A230410:64975:65442 [3] NCCL INFO include/coll_net.h:21 -> 3
ip-0A230410:64975:65428 [3] NCCL INFO transport.cc:222 -> 2
ip-0A23040F:72414:72888 [3] NCCL INFO Sharp rank 0/2 initialized on mlx5_ib3:1

ip-0A23040F:72414:72888 [3] sharp_plugin.c:288 NCCL WARN NET/IB :SHARP coll init error: Cannot create SHArP job(-11)

ip-0A23040F:72414:72888 [3] NCCL INFO include/coll_net.h:21 -> 3
ip-0A23040F:72414:72883 [3] NCCL INFO transport.cc:222 -> 2
ip-0A23040F:72410:72886 [4] NCCL INFO NCCL_SHARP_GROUP_SIZE_THRESH set by environment to 2.
ip-0A23040F:72411:72871 [5] NCCL INFO CollNet 05 : 5 [receive] via COLLNET/SHARP/5/GDRDMA
ip-0A230410:64977:65440 [4] NCCL INFO NCCL_SHARP_GROUP_SIZE_THRESH set by environment to 2.
ip-0A230410:64976:65432 [5] NCCL INFO CollNet 05 : 13 [receive] via COLLNET/SHARP/5/GDRDMA
[ip-0A23040F:0:72410 - context.c:584] INFO job (ID: 2524864895642539604) resource request quota: ( osts:0 user_data_per_ost:0 max_groups:0 max_qps:1 max_group_channels:1, num_trees:1)
[ip-0A23040F:0:72410 unique id 0] ERROR No Aggregation Manager (sharp_am) detected in sharp_create_job.

[ip-0A23040F:0:72410 - context.c:601] ERROR sharp_create_job failed: No Aggregation Manager (sharp_am) detected(-52)
ip-0A230410:64977:65440 [4] NCCL INFO Sharp rank 1/2 initialized on mlx5_ib4:1

ip-0A230410:64977:65440 [4] sharp_plugin.c:288 NCCL WARN NET/IB :SHARP coll init error: Cannot create SHArP job(-11)

ip-0A230410:64977:65440 [4] NCCL INFO include/coll_net.h:21 -> 3
ip-0A230410:64977:65427 [4] NCCL INFO transport.cc:222 -> 2
ip-0A23040F:72410:72886 [4] NCCL INFO Sharp rank 0/2 initialized on mlx5_ib4:1

ip-0A23040F:72410:72886 [4] sharp_plugin.c:288 NCCL WARN NET/IB :SHARP coll init error: Cannot create SHArP job(-11)

ip-0A23040F:72410:72886 [4] NCCL INFO include/coll_net.h:21 -> 3
ip-0A23040F:72410:72881 [4] NCCL INFO transport.cc:222 -> 2
ip-0A23040F:72411:72889 [5] NCCL INFO NCCL_SHARP_GROUP_SIZE_THRESH set by environment to 2.
ip-0A23040F:72408:72878 [6] NCCL INFO CollNet 06 : 6 [receive] via COLLNET/SHARP/6/GDRDMA
ip-0A230410:64976:65437 [5] NCCL INFO NCCL_SHARP_GROUP_SIZE_THRESH set by environment to 2.
ip-0A230410:64973:65433 [6] NCCL INFO CollNet 06 : 14 [receive] via COLLNET/SHARP/6/GDRDMA
[ip-0A23040F:0:72411 - context.c:584] INFO job (ID: 2524864830052073922) resource request quota: ( osts:0 user_data_per_ost:0 max_groups:0 max_qps:1 max_group_channels:1, num_trees:1)
[ip-0A23040F:0:72411 unique id 0] ERROR No Aggregation Manager (sharp_am) detected in sharp_create_job.

[ip-0A23040F:0:72411 - context.c:601] ERROR sharp_create_job failed: No Aggregation Manager (sharp_am) detected(-52)
ip-0A230410:64976:65437 [5] NCCL INFO Sharp rank 1/2 initialized on mlx5_ib5:1

ip-0A230410:64976:65437 [5] sharp_plugin.c:288 NCCL WARN NET/IB :SHARP coll init error: Cannot create SHArP job(-11)

ip-0A230410:64976:65437 [5] NCCL INFO include/coll_net.h:21 -> 3
ip-0A230410:64976:65432 [5] NCCL INFO transport.cc:222 -> 2
ip-0A23040F:72411:72889 [5] NCCL INFO Sharp rank 0/2 initialized on mlx5_ib5:1

ip-0A23040F:72411:72889 [5] sharp_plugin.c:288 NCCL WARN NET/IB :SHARP coll init error: Cannot create SHArP job(-11)

ip-0A23040F:72411:72889 [5] NCCL INFO include/coll_net.h:21 -> 3
ip-0A23040F:72411:72871 [5] NCCL INFO transport.cc:222 -> 2
ip-0A23040F:72408:72893 [6] NCCL INFO NCCL_SHARP_GROUP_SIZE_THRESH set by environment to 2.
ip-0A23040F:72409:72880 [7] NCCL INFO CollNet 07 : 7 [receive] via COLLNET/SHARP/7/GDRDMA
ip-0A230410:64973:65435 [6] NCCL INFO NCCL_SHARP_GROUP_SIZE_THRESH set by environment to 2.
ip-0A230410:64971:65430 [7] NCCL INFO CollNet 07 : 15 [receive] via COLLNET/SHARP/7/GDRDMA
[ip-0A23040F:0:72408 - context.c:584] INFO job (ID: 2524865205252319360) resource request quota: ( osts:0 user_data_per_ost:0 max_groups:0 max_qps:1 max_group_channels:1, num_trees:1)
[ip-0A23040F:0:72408 unique id 0] ERROR No Aggregation Manager (sharp_am) detected in sharp_create_job.

[ip-0A23040F:0:72408 - context.c:601] ERROR sharp_create_job failed: No Aggregation Manager (sharp_am) detected(-52)
ip-0A230410:64973:65435 [6] NCCL INFO Sharp rank 1/2 initialized on mlx5_ib6:1

ip-0A230410:64973:65435 [6] sharp_plugin.c:288 NCCL WARN NET/IB :SHARP coll init error: Cannot create SHArP job(-11)

ip-0A230410:64973:65435 [6] NCCL INFO include/coll_net.h:21 -> 3
ip-0A230410:64973:65433 [6] NCCL INFO transport.cc:222 -> 2
ip-0A23040F:72408:72893 [6] NCCL INFO Sharp rank 0/2 initialized on mlx5_ib6:1

ip-0A23040F:72408:72893 [6] sharp_plugin.c:288 NCCL WARN NET/IB :SHARP coll init error: Cannot create SHArP job(-11)

ip-0A23040F:72408:72893 [6] NCCL INFO include/coll_net.h:21 -> 3
ip-0A23040F:72408:72878 [6] NCCL INFO transport.cc:222 -> 2
ip-0A23040F:72409:72890 [7] NCCL INFO NCCL_SHARP_GROUP_SIZE_THRESH set by environment to 2.
ip-0A230410:64971:65436 [7] NCCL INFO NCCL_SHARP_GROUP_SIZE_THRESH set by environment to 2.
[ip-0A23040F:0:72409 - context.c:584] INFO job (ID: 2524864967356512290) resource request quota: ( osts:0 user_data_per_ost:0 max_groups:0 max_qps:1 max_group_channels:1, num_trees:1)
[ip-0A23040F:0:72409 unique id 0] ERROR No Aggregation Manager (sharp_am) detected in sharp_create_job.

[ip-0A23040F:0:72409 - context.c:601] ERROR sharp_create_job failed: No Aggregation Manager (sharp_am) detected(-52)
ip-0A230410:64971:65436 [7] NCCL INFO Sharp rank 1/2 initialized on mlx5_ib7:1

ip-0A230410:64971:65436 [7] sharp_plugin.c:288 NCCL WARN NET/IB :SHARP coll init error: Cannot create SHArP job(-11)

ip-0A230410:64971:65436 [7] NCCL INFO include/coll_net.h:21 -> 3
ip-0A230410:64971:65430 [7] NCCL INFO transport.cc:222 -> 2
ip-0A230410:64970:65426 [2] NCCL INFO init.cc:765 -> 2
ip-0A230410:64971:65430 [7] NCCL INFO init.cc:765 -> 2
ip-0A230410:64971:65430 [7] NCCL INFO threadThresholds 8/8/64 | 128/8/64 | 8/8/512
ip-0A230410:64970:65426 [2] NCCL INFO threadThresholds 8/8/64 | 128/8/64 | 8/8/512

ip-0A230410:64972:65429 [0] transport.cc:253 NCCL WARN Cannot initialize CollNet, using point-to-point network instead
ip-0A230410:64972:65429 [0] NCCL INFO init.cc:765 -> 2
ip-0A230410:64974:65431 [1] NCCL INFO init.cc:765 -> 2
ip-0A230410:64976:65432 [5] NCCL INFO init.cc:765 -> 2
ip-0A230410:64972:65429 [0] NCCL INFO threadThresholds 8/8/64 | 128/8/64 | 8/8/512
ip-0A230410:64974:65431 [1] NCCL INFO threadThresholds 8/8/64 | 128/8/64 | 8/8/512
ip-0A230410:64975:65428 [3] NCCL INFO init.cc:765 -> 2
ip-0A230410:64976:65432 [5] NCCL INFO threadThresholds 8/8/64 | 128/8/64 | 8/8/512
ip-0A230410:64973:65433 [6] NCCL INFO init.cc:765 -> 2
ip-0A230410:64973:65433 [6] NCCL INFO threadThresholds 8/8/64 | 128/8/64 | 8/8/512
ip-0A230410:64975:65428 [3] NCCL INFO threadThresholds 8/8/64 | 128/8/64 | 8/8/512
ip-0A230410:64977:65427 [4] NCCL INFO init.cc:765 -> 2
ip-0A230410:64977:65427 [4] NCCL INFO threadThresholds 8/8/64 | 128/8/64 | 8/8/512
ip-0A230410:64971:65430 [7] NCCL INFO 24 coll channels, 32 p2p channels, 2 p2p channels per peer
ip-0A230410:64970:65426 [2] NCCL INFO 24 coll channels, 32 p2p channels, 2 p2p channels per peer
ip-0A230410:64976:65432 [5] NCCL INFO 24 coll channels, 32 p2p channels, 2 p2p channels per peer
ip-0A230410:64973:65433 [6] NCCL INFO 24 coll channels, 32 p2p channels, 2 p2p channels per peer
ip-0A230410:64972:65429 [0] NCCL INFO 24 coll channels, 32 p2p channels, 2 p2p channels per peer
ip-0A230410:64975:65428 [3] NCCL INFO 24 coll channels, 32 p2p channels, 2 p2p channels per peer
ip-0A230410:64977:65427 [4] NCCL INFO 24 coll channels, 32 p2p channels, 2 p2p channels per peer
ip-0A230410:64974:65431 [1] NCCL INFO 24 coll channels, 32 p2p channels, 2 p2p channels per peer
ip-0A230410:64974:65431 [1] NCCL INFO comm 0x152610008fb0 rank 9 nranks 16 cudaDev 1 busId 200000 - Init COMPLETE
ip-0A230410:64975:65428 [3] NCCL INFO comm 0x148d90008fb0 rank 11 nranks 16 cudaDev 3 busId 400000 - Init COMPLETE
ip-0A230410:64976:65432 [5] NCCL INFO comm 0x149750008fb0 rank 13 nranks 16 cudaDev 5 busId c00000 - Init COMPLETE
ip-0A230410:64972:65429 [0] NCCL INFO comm 0x14ab98008fb0 rank 8 nranks 16 cudaDev 0 busId 100000 - Init COMPLETE
ip-0A230410:64977:65427 [4] NCCL INFO comm 0x152040008fb0 rank 12 nranks 16 cudaDev 4 busId b00000 - Init COMPLETE
ip-0A230410:64973:65433 [6] NCCL INFO comm 0x14f860008fb0 rank 14 nranks 16 cudaDev 6 busId d00000 - Init COMPLETE
ip-0A230410:64970:65426 [2] NCCL INFO comm 0x152dc4008fb0 rank 10 nranks 16 cudaDev 2 busId 300000 - Init COMPLETE
ip-0A230410:64971:65430 [7] NCCL INFO comm 0x145af0008fb0 rank 15 nranks 16 cudaDev 7 busId e00000 - Init COMPLETE
ip-0A23040F:72409:72890 [7] NCCL INFO Sharp rank 0/2 initialized on mlx5_ib7:1

ip-0A23040F:72409:72890 [7] sharp_plugin.c:288 NCCL WARN NET/IB :SHARP coll init error: Cannot create SHArP job(-11)

ip-0A23040F:72409:72890 [7] NCCL INFO include/coll_net.h:21 -> 3
ip-0A23040F:72409:72880 [7] NCCL INFO transport.cc:222 -> 2
ip-0A23040F:72409:72880 [7] NCCL INFO init.cc:765 -> 2
ip-0A23040F:72407:72879 [1] NCCL INFO init.cc:765 -> 2
ip-0A23040F:72425:72882 [2] NCCL INFO init.cc:765 -> 2
ip-0A23040F:72414:72883 [3] NCCL INFO init.cc:765 -> 2
ip-0A23040F:72410:72881 [4] NCCL INFO init.cc:765 -> 2
ip-0A23040F:72410:72881 [4] NCCL INFO threadThresholds 8/8/64 | 128/8/64 | 8/8/512
ip-0A23040F:72409:72880 [7] NCCL INFO threadThresholds 8/8/64 | 128/8/64 | 8/8/512

ip-0A23040F:72415:72819 [0] transport.cc:253 NCCL WARN Cannot initialize CollNet, using point-to-point network instead
ip-0A23040F:72415:72819 [0] NCCL INFO init.cc:765 -> 2
ip-0A23040F:72407:72879 [1] NCCL INFO threadThresholds 8/8/64 | 128/8/64 | 8/8/512
ip-0A23040F:72425:72882 [2] NCCL INFO threadThresholds 8/8/64 | 128/8/64 | 8/8/512
ip-0A23040F:72414:72883 [3] NCCL INFO threadThresholds 8/8/64 | 128/8/64 | 8/8/512
ip-0A23040F:72411:72871 [5] NCCL INFO init.cc:765 -> 2
ip-0A23040F:72411:72871 [5] NCCL INFO threadThresholds 8/8/64 | 128/8/64 | 8/8/512
ip-0A23040F:72408:72878 [6] NCCL INFO init.cc:765 -> 2
ip-0A23040F:72408:72878 [6] NCCL INFO threadThresholds 8/8/64 | 128/8/64 | 8/8/512
ip-0A23040F:72415:72819 [0] NCCL INFO threadThresholds 8/8/64 | 128/8/64 | 8/8/512
ip-0A23040F:72409:72880 [7] NCCL INFO 24 coll channels, 32 p2p channels, 2 p2p channels per peer
ip-0A23040F:72408:72878 [6] NCCL INFO 24 coll channels, 32 p2p channels, 2 p2p channels per peer
ip-0A23040F:72410:72881 [4] NCCL INFO 24 coll channels, 32 p2p channels, 2 p2p channels per peer
ip-0A23040F:72411:72871 [5] NCCL INFO 24 coll channels, 32 p2p channels, 2 p2p channels per peer
ip-0A23040F:72414:72883 [3] NCCL INFO 24 coll channels, 32 p2p channels, 2 p2p channels per peer
ip-0A23040F:72415:72819 [0] NCCL INFO 24 coll channels, 32 p2p channels, 2 p2p channels per peer
ip-0A23040F:72407:72879 [1] NCCL INFO 24 coll channels, 32 p2p channels, 2 p2p channels per peer
ip-0A23040F:72425:72882 [2] NCCL INFO 24 coll channels, 32 p2p channels, 2 p2p channels per peer
ip-0A23040F:72407:72879 [1] NCCL INFO comm 0x14beb8008fb0 rank 1 nranks 16 cudaDev 1 busId 200000 - Init COMPLETE
ip-0A23040F:72414:72883 [3] NCCL INFO comm 0x1549dc008fb0 rank 3 nranks 16 cudaDev 3 busId 400000 - Init COMPLETE
ip-0A23040F:72409:72880 [7] NCCL INFO comm 0x154db4008fb0 rank 7 nranks 16 cudaDev 7 busId e00000 - Init COMPLETE
ip-0A23040F:72411:72871 [5] NCCL INFO comm 0x152e78008fb0 rank 5 nranks 16 cudaDev 5 busId c00000 - Init COMPLETE
ip-0A23040F:72410:72881 [4] NCCL INFO comm 0x153d04008fb0 rank 4 nranks 16 cudaDev 4 busId b00000 - Init COMPLETE
ip-0A23040F:72415:72819 [0] NCCL INFO comm 0x14a940008fb0 rank 0 nranks 16 cudaDev 0 busId 100000 - Init COMPLETE
ip-0A23040F:72408:72878 [6] NCCL INFO comm 0x148510008fb0 rank 6 nranks 16 cudaDev 6 busId d00000 - Init COMPLETE
ip-0A23040F:72425:72882 [2] NCCL INFO comm 0x153d44008fb0 rank 2 nranks 16 cudaDev 2 busId 300000 - Init COMPLETE
ip-0A23040F:72415:72415 [0] NCCL INFO Launch mode Parallel
:::MLLOG {"namespace": "", "time_ms": 1652487591553, "event_type": "INTERVAL_START", "key": "init_start", "value": null, "metadata": {"file": "train.py", "lineno": 265}}
:::MLLOG {"namespace": "", "time_ms": 1652487591592, "event_type": "POINT_IN_TIME", "key": "seed", "value": 2815120089, "metadata": {"file": "train.py", "lineno": 280}}
:::MLLOG {"namespace": "", "time_ms": 1652487591592, "event_type": "POINT_IN_TIME", "key": "local_batch_size", "value": 16, "metadata": {"file": "train.py", "lineno": 283}}
:::MLLOG {"namespace": "", "time_ms": 1652487591592, "event_type": "POINT_IN_TIME", "key": "global_batch_size", "value": 256, "metadata": {"file": "train.py", "lineno": 284}}
:::MLLOG {"namespace": "", "time_ms": 1652487591592, "event_type": "POINT_IN_TIME", "key": "epoch_count", "value": 8, "metadata": {"file": "train.py", "lineno": 285}}
:::MLLOG {"namespace": "", "time_ms": 1652487591592, "event_type": "POINT_IN_TIME", "key": "first_epoch_num", "value": 0, "metadata": {"file": "train.py", "lineno": 286}}
Namespace(amp=True, apex_adam=True, apex_focal_loss=True, apex_head_fusion=True, backbone='resnext50_32x4d', batch_size=16, broadcast_buffers=False, cls_head_pad=True, coco_threads=8, cocoeval='nvidia', cuda_graphs=True, cuda_graphs_syn=True, cudnn_bench=False, dali=True, dali_matched_idxs=True, dali_prefetch_queue_depth=2, data_augmentation='hflip', data_layout='channels_last', dataset='openimages-mlperf', dataset_path='/datasets/open-images-v6', ddp_bucket_sz=25, ddp_first_bucket_sz=None, device='cuda', dist_backend='nccl', dist_url='env://', distributed=True, epochs=8, eval_batch_size=16, eval_print_freq=20, fp16_allreduce=True, frozen_bn_fp16=True, gpu=0, image_size=[800, 800], jit=True, lr=0.0001, max_boxes=1000, not_graphed_prologues=False, num_classes=None, output_dir=None, pretrained=False, print_freq=20, rank=0, reg_head_pad=True, resume='', seed=2815120089, skip_metric_loss=True, start_epoch=0, syn_dataset=False, sync_after_graph_replay=True, sync_bn=False, target_map=0.34, test_only=False, train_annotations_file=None, train_data_path=None, trainable_backbone_layers=3, val_annotations_file=None, val_data_path=None, warmup_epochs=1, warmup_factor=0.001, workers=4, world_size=16)
Getting dataset information
Creating model
:::MLLOG {"namespace": "", "time_ms": 1652487591603, "event_type": "POINT_IN_TIME", "key": "weights_initialization", "value": null, "metadata": {"file": "model/feature_pyramid_network.py", "lineno": 209, "tensor": "module.backbone.fpn.extra_blocks.p6.weight"}}
