[ip-0A23040D:0:27335 unique id 0] ERROR No Aggregation Manager (sharp_am) detected in sharp_create_job.

[ip-0A23040D:0:27335 - context.c:601] ERROR sharp_create_job failed: No Aggregation Manager (sharp_am) detected(-52)
ip-0A23041A:15121:15758 [3] NCCL INFO Sharp rank 9/16 initialized on mlx5_ib3:1

ip-0A23041A:15121:15758 [3] sharp_plugin.c:288 NCCL WARN NET/IB :SHARP coll init error: Cannot create SHArP job(-11)

ip-0A23041A:15121:15758 [3] NCCL INFO include/coll_net.h:21 -> 3
ip-0A23040E:65146:65788 [3] NCCL INFO Sharp rank 14/16 initialized on mlx5_ib3:1

ip-0A23040E:65146:65788 [3] sharp_plugin.c:288 NCCL WARN NET/IB :SHARP coll init error: Cannot create SHArP job(-11)

ip-0A23040E:65146:65788 [3] NCCL INFO include/coll_net.h:21 -> 3
ip-0A230417:55607:56248 [3] NCCL INFO Sharp rank 6/16 initialized on mlx5_ib3:1

ip-0A230417:55607:56248 [3] sharp_plugin.c:288 NCCL WARN NET/IB :SHARP coll init error: Cannot create SHArP job(-11)

ip-0A230417:55607:56248 [3] NCCL INFO include/coll_net.h:21 -> 3
ip-0A23041D:20810:21448 [3] NCCL INFO Sharp rank 10/16 initialized on mlx5_ib3:1

ip-0A23041D:20810:21448 [3] sharp_plugin.c:288 NCCL WARN NET/IB :SHARP coll init error: Cannot create SHArP job(-11)

ip-0A23041D:20810:21448 [3] NCCL INFO include/coll_net.h:21 -> 3
ip-0A230413:66247:66915 [3] NCCL INFO Sharp rank 4/16 initialized on mlx5_ib3:1

ip-0A230413:66247:66915 [3] sharp_plugin.c:288 NCCL WARN NET/IB :SHARP coll init error: Cannot create SHArP job(-11)

ip-0A230413:66247:66915 [3] NCCL INFO include/coll_net.h:21 -> 3
ip-0A230414:18907:19547 [3] NCCL INFO Sharp rank 5/16 initialized on mlx5_ib3:1

ip-0A230414:18907:19547 [3] sharp_plugin.c:288 NCCL WARN NET/IB :SHARP coll init error: Cannot create SHArP job(-11)

ip-0A230414:18907:19547 [3] NCCL INFO include/coll_net.h:21 -> 3
ip-0A230407:55387:56034 [3] NCCL INFO Sharp rank 12/16 initialized on mlx5_ib3:1

ip-0A230407:55387:56034 [3] sharp_plugin.c:288 NCCL WARN NET/IB :SHARP coll init error: Cannot create SHArP job(-11)

ip-0A230407:55387:56034 [3] NCCL INFO include/coll_net.h:21 -> 3
ip-0A230406:3770:4424 [3] NCCL INFO Sharp rank 7/16 initialized on mlx5_ib3:1

ip-0A230406:3770:4424 [3] sharp_plugin.c:288 NCCL WARN NET/IB :SHARP coll init error: Cannot create SHArP job(-11)

ip-0A230406:3770:4424 [3] NCCL INFO include/coll_net.h:21 -> 3
ip-0A230405:17648:18285 [3] NCCL INFO Sharp rank 11/16 initialized on mlx5_ib3:1

ip-0A230405:17648:18285 [3] sharp_plugin.c:288 NCCL WARN NET/IB :SHARP coll init error: Cannot create SHArP job(-11)

ip-0A230405:17648:18285 [3] NCCL INFO include/coll_net.h:21 -> 3
ip-0A230408:65401:66022 [3] NCCL INFO Sharp rank 8/16 initialized on mlx5_ib3:1

ip-0A230408:65401:66022 [3] sharp_plugin.c:288 NCCL WARN NET/IB :SHARP coll init error: Cannot create SHArP job(-11)

ip-0A230408:65401:66022 [3] NCCL INFO include/coll_net.h:21 -> 3
ip-0A230412:22578:23221 [3] NCCL INFO Sharp rank 3/16 initialized on mlx5_ib3:1

ip-0A230412:22578:23221 [3] sharp_plugin.c:288 NCCL WARN NET/IB :SHARP coll init error: Cannot create SHArP job(-11)

ip-0A230412:22578:23221 [3] NCCL INFO include/coll_net.h:21 -> 3
ip-0A23040C:63947:64601 [3] NCCL INFO Sharp rank 15/16 initialized on mlx5_ib3:1

ip-0A23040C:63947:64601 [3] sharp_plugin.c:288 NCCL WARN NET/IB :SHARP coll init error: Cannot create SHArP job(-11)

ip-0A23040C:63947:64601 [3] NCCL INFO include/coll_net.h:21 -> 3
ip-0A23040B:39021:39661 [3] NCCL INFO Sharp rank 13/16 initialized on mlx5_ib3:1

ip-0A23040B:39021:39661 [3] sharp_plugin.c:288 NCCL WARN NET/IB :SHARP coll init error: Cannot create SHArP job(-11)

ip-0A23040B:39021:39661 [3] NCCL INFO include/coll_net.h:21 -> 3
ip-0A23040F:81732:82374 [3] NCCL INFO Sharp rank 1/16 initialized on mlx5_ib3:1

ip-0A23040F:81732:82374 [3] sharp_plugin.c:288 NCCL WARN NET/IB :SHARP coll init error: Cannot create SHArP job(-11)

ip-0A23040F:81732:82374 [3] NCCL INFO include/coll_net.h:21 -> 3
ip-0A230410:53165:53810 [3] NCCL INFO Sharp rank 2/16 initialized on mlx5_ib3:1

ip-0A230410:53165:53810 [3] sharp_plugin.c:288 NCCL WARN NET/IB :SHARP coll init error: Cannot create SHArP job(-11)

ip-0A230410:53165:53810 [3] NCCL INFO include/coll_net.h:21 -> 3
ip-0A23041A:15121:15757 [3] NCCL INFO transport.cc:222 -> 2

ip-0A23041A:15121:15757 [3] transport.cc:253 NCCL WARN Cannot initialize CollNet, using point-to-point network instead
ip-0A23041A:15121:15757 [3] NCCL INFO init.cc:765 -> 2
ip-0A23041A:15121:15757 [3] NCCL INFO threadThresholds 8/8/64 | 128/8/64 | 8/8/512
ip-0A23041A:15121:15757 [3] NCCL INFO 2 coll channels, 2 p2p channels, 2 p2p channels per peer
ip-0A23040E:65146:65786 [3] NCCL INFO transport.cc:222 -> 2

ip-0A23040E:65146:65786 [3] transport.cc:253 NCCL WARN Cannot initialize CollNet, using point-to-point network instead
ip-0A23040E:65146:65786 [3] NCCL INFO init.cc:765 -> 2
ip-0A23040E:65146:65786 [3] NCCL INFO threadThresholds 8/8/64 | 128/8/64 | 8/8/512
ip-0A23040E:65146:65786 [3] NCCL INFO 2 coll channels, 2 p2p channels, 2 p2p channels per peer
ip-0A23041D:20810:21447 [3] NCCL INFO transport.cc:222 -> 2

ip-0A23041D:20810:21447 [3] transport.cc:253 NCCL WARN Cannot initialize CollNet, using point-to-point network instead
ip-0A230406:3770:4423 [3] NCCL INFO transport.cc:222 -> 2

ip-0A230406:3770:4423 [3] transport.cc:253 NCCL WARN Cannot initialize CollNet, using point-to-point network instead
ip-0A230406:3770:4423 [3] NCCL INFO init.cc:765 -> 2
ip-0A23041D:20810:21447 [3] NCCL INFO init.cc:765 -> 2
ip-0A230406:3770:4423 [3] NCCL INFO threadThresholds 8/8/64 | 128/8/64 | 8/8/512
ip-0A230406:3770:4423 [3] NCCL INFO 2 coll channels, 2 p2p channels, 2 p2p channels per peer
ip-0A230405:17648:18284 [3] NCCL INFO transport.cc:222 -> 2

ip-0A230405:17648:18284 [3] transport.cc:253 NCCL WARN Cannot initialize CollNet, using point-to-point network instead
ip-0A230408:65401:66021 [3] NCCL INFO transport.cc:222 -> 2

ip-0A230408:65401:66021 [3] transport.cc:253 NCCL WARN Cannot initialize CollNet, using point-to-point network instead
ip-0A230412:22578:23220 [3] NCCL INFO transport.cc:222 -> 2

ip-0A230412:22578:23220 [3] transport.cc:253 NCCL WARN Cannot initialize CollNet, using point-to-point network instead
ip-0A230412:22578:23220 [3] NCCL INFO init.cc:765 -> 2
ip-0A23041D:20810:21447 [3] NCCL INFO threadThresholds 8/8/64 | 128/8/64 | 8/8/512
ip-0A23041D:20810:21447 [3] NCCL INFO 2 coll channels, 2 p2p channels, 2 p2p channels per peer
ip-0A230413:66247:66914 [3] NCCL INFO transport.cc:222 -> 2

ip-0A230413:66247:66914 [3] transport.cc:253 NCCL WARN Cannot initialize CollNet, using point-to-point network instead
ip-0A230407:55387:56029 [3] NCCL INFO transport.cc:222 -> 2
ip-0A230405:17648:18284 [3] NCCL INFO init.cc:765 -> 2
ip-0A230408:65401:66021 [3] NCCL INFO init.cc:765 -> 2
ip-0A230412:22578:23220 [3] NCCL INFO threadThresholds 8/8/64 | 128/8/64 | 8/8/512
ip-0A230417:55607:56247 [3] NCCL INFO transport.cc:222 -> 2

ip-0A230417:55607:56247 [3] transport.cc:253 NCCL WARN Cannot initialize CollNet, using point-to-point network instead
ip-0A23040C:63947:64600 [3] NCCL INFO transport.cc:222 -> 2

ip-0A23040C:63947:64600 [3] transport.cc:253 NCCL WARN Cannot initialize CollNet, using point-to-point network instead
ip-0A23040C:63947:64600 [3] NCCL INFO init.cc:765 -> 2
ip-0A230413:66247:66914 [3] NCCL INFO init.cc:765 -> 2
ip-0A230414:18907:19546 [3] NCCL INFO transport.cc:222 -> 2

ip-0A230407:55387:56029 [3] transport.cc:253 NCCL WARN Cannot initialize CollNet, using point-to-point network instead
ip-0A230407:55387:56029 [3] NCCL INFO init.cc:765 -> 2
ip-0A23040B:39021:39660 [3] NCCL INFO transport.cc:222 -> 2

ip-0A23040B:39021:39660 [3] transport.cc:253 NCCL WARN Cannot initialize CollNet, using point-to-point network instead
ip-0A23040B:39021:39660 [3] NCCL INFO init.cc:765 -> 2
ip-0A23040B:39021:39660 [3] NCCL INFO threadThresholds 8/8/64 | 128/8/64 | 8/8/512
ip-0A23040B:39021:39660 [3] NCCL INFO 2 coll channels, 2 p2p channels, 2 p2p channels per peer
ip-0A230405:17648:18284 [3] NCCL INFO threadThresholds 8/8/64 | 128/8/64 | 8/8/512
ip-0A230405:17648:18284 [3] NCCL INFO 2 coll channels, 2 p2p channels, 2 p2p channels per peer
ip-0A230408:65401:66021 [3] NCCL INFO threadThresholds 8/8/64 | 128/8/64 | 8/8/512
ip-0A230412:22578:23220 [3] NCCL INFO 2 coll channels, 2 p2p channels, 2 p2p channels per peer
ip-0A230417:55607:56247 [3] NCCL INFO init.cc:765 -> 2
ip-0A23040C:63947:64600 [3] NCCL INFO threadThresholds 8/8/64 | 128/8/64 | 8/8/512
ip-0A230413:66247:66914 [3] NCCL INFO threadThresholds 8/8/64 | 128/8/64 | 8/8/512

ip-0A230414:18907:19546 [3] transport.cc:253 NCCL WARN Cannot initialize CollNet, using point-to-point network instead
ip-0A230414:18907:19546 [3] NCCL INFO init.cc:765 -> 2
ip-0A23040F:81732:82373 [3] NCCL INFO transport.cc:222 -> 2

ip-0A23040F:81732:82373 [3] transport.cc:253 NCCL WARN Cannot initialize CollNet, using point-to-point network instead
ip-0A23040F:81732:82373 [3] NCCL INFO init.cc:765 -> 2
ip-0A23040F:81732:82373 [3] NCCL INFO threadThresholds 8/8/64 | 128/8/64 | 8/8/512
ip-0A23040F:81732:82373 [3] NCCL INFO 2 coll channels, 2 p2p channels, 2 p2p channels per peer
ip-0A230407:55387:56029 [3] NCCL INFO threadThresholds 8/8/64 | 128/8/64 | 8/8/512
ip-0A230407:55387:56029 [3] NCCL INFO 2 coll channels, 2 p2p channels, 2 p2p channels per peer
ip-0A230408:65401:66021 [3] NCCL INFO 2 coll channels, 2 p2p channels, 2 p2p channels per peer
ip-0A230417:55607:56247 [3] NCCL INFO threadThresholds 8/8/64 | 128/8/64 | 8/8/512
ip-0A230417:55607:56247 [3] NCCL INFO 2 coll channels, 2 p2p channels, 2 p2p channels per peer
ip-0A23040C:63947:64600 [3] NCCL INFO 2 coll channels, 2 p2p channels, 2 p2p channels per peer
ip-0A230413:66247:66914 [3] NCCL INFO 2 coll channels, 2 p2p channels, 2 p2p channels per peer
ip-0A230414:18907:19546 [3] NCCL INFO threadThresholds 8/8/64 | 128/8/64 | 8/8/512
ip-0A230414:18907:19546 [3] NCCL INFO 2 coll channels, 2 p2p channels, 2 p2p channels per peer
ip-0A230410:53165:53809 [3] NCCL INFO transport.cc:222 -> 2

ip-0A230410:53165:53809 [3] transport.cc:253 NCCL WARN Cannot initialize CollNet, using point-to-point network instead
ip-0A230410:53165:53809 [3] NCCL INFO init.cc:765 -> 2
ip-0A230410:53165:53809 [3] NCCL INFO threadThresholds 8/8/64 | 128/8/64 | 8/8/512
ip-0A230410:53165:53809 [3] NCCL INFO 2 coll channels, 2 p2p channels, 2 p2p channels per peer
ip-0A230407:55387:56029 [3] NCCL INFO comm 0x152514008fb0 rank 12 nranks 16 cudaDev 3 busId 400000 - Init COMPLETE
ip-0A23040B:39021:39660 [3] NCCL INFO comm 0x147190008fb0 rank 13 nranks 16 cudaDev 3 busId 400000 - Init COMPLETE
ip-0A230417:55607:56247 [3] NCCL INFO comm 0x152ad8008fb0 rank 6 nranks 16 cudaDev 3 busId 400000 - Init COMPLETE
ip-0A23041D:20810:21447 [3] NCCL INFO comm 0x14ff28008fb0 rank 10 nranks 16 cudaDev 3 busId 400000 - Init COMPLETE
ip-0A23040E:65146:65786 [3] NCCL INFO comm 0x14ea00008fb0 rank 14 nranks 16 cudaDev 3 busId 400000 - Init COMPLETE
ip-0A230414:18907:19546 [3] NCCL INFO comm 0x14b2e4008fb0 rank 5 nranks 16 cudaDev 3 busId 400000 - Init COMPLETE
ip-0A23040F:81732:82373 [3] NCCL INFO comm 0x14d79c008fb0 rank 1 nranks 16 cudaDev 3 busId 400000 - Init COMPLETE
ip-0A230406:3770:4423 [3] NCCL INFO comm 0x153e74008fb0 rank 7 nranks 16 cudaDev 3 busId 400000 - Init COMPLETE
ip-0A23041A:15121:15757 [3] NCCL INFO comm 0x152b38008fb0 rank 9 nranks 16 cudaDev 3 busId 400000 - Init COMPLETE
ip-0A230410:53165:53809 [3] NCCL INFO comm 0x1479c4008fb0 rank 2 nranks 16 cudaDev 3 busId 400000 - Init COMPLETE
ip-0A230405:17648:18284 [3] NCCL INFO comm 0x148554008fb0 rank 11 nranks 16 cudaDev 3 busId 400000 - Init COMPLETE
ip-0A230408:65401:66021 [3] NCCL INFO comm 0x154ce8008fb0 rank 8 nranks 16 cudaDev 3 busId 400000 - Init COMPLETE
ip-0A230412:22578:23220 [3] NCCL INFO comm 0x14f18c008fb0 rank 3 nranks 16 cudaDev 3 busId 400000 - Init COMPLETE
ip-0A230413:66247:66914 [3] NCCL INFO comm 0x1516c0008fb0 rank 4 nranks 16 cudaDev 3 busId 400000 - Init COMPLETE
ip-0A23040C:63947:64600 [3] NCCL INFO comm 0x153d58008fb0 rank 15 nranks 16 cudaDev 3 busId 400000 - Init COMPLETE
ip-0A23040D:27335:27985 [3] NCCL INFO Sharp rank 0/16 initialized on mlx5_ib3:1

ip-0A23040D:27335:27985 [3] sharp_plugin.c:288 NCCL WARN NET/IB :SHARP coll init error: Cannot create SHArP job(-11)

ip-0A23040D:27335:27985 [3] NCCL INFO include/coll_net.h:21 -> 3
ip-0A23040D:27335:27983 [3] NCCL INFO transport.cc:222 -> 2

ip-0A23040D:27335:27983 [3] transport.cc:253 NCCL WARN Cannot initialize CollNet, using point-to-point network instead
ip-0A23040D:27335:27983 [3] NCCL INFO init.cc:765 -> 2
ip-0A23040D:27335:27983 [3] NCCL INFO threadThresholds 8/8/64 | 128/8/64 | 8/8/512
ip-0A23040D:27335:27983 [3] NCCL INFO 2 coll channels, 2 p2p channels, 2 p2p channels per peer
ip-0A23040D:27335:27983 [3] NCCL INFO comm 0x153808008fb0 rank 0 nranks 16 cudaDev 3 busId 400000 - Init COMPLETE
ip-0A23040D:27335:27335 [3] NCCL INFO Launch mode Parallel
ip-0A23040D:27336:27336 [4] NCCL INFO Bootstrap : Using eth0:10.35.4.13<0>
ip-0A23040D:27336:27336 [4] NCCL INFO NET/Plugin: Failed to find ncclNetPlugin_v5 symbol.
ip-0A23040D:27336:27336 [4] NCCL INFO NET/Plugin: Failed to find ncclCollNetPlugin_v5 symbol.
ip-0A23040D:27336:27336 [4] NCCL INFO Plugin Path : /opt/hpcx/nccl_rdma_sharp_plugin/lib/libnccl-net.so
ip-0A23040D:27336:27336 [4] NCCL INFO P2P plugin IBext
ip-0A23040D:27336:27336 [4] NCCL INFO NCCL_IB_PCI_RELAXED_ORDERING set by environment to 1.
ip-0A23040D:27336:27336 [4] NCCL INFO NET/IB : Using [0]mlx5_ib0:1/IB/SHARP [1]mlx5_ib1:1/IB/SHARP [2]mlx5_ib2:1/IB/SHARP [3]mlx5_ib3:1/IB/SHARP [4]mlx5_ib4:1/IB/SHARP [5]mlx5_ib5:1/IB/SHARP [6]mlx5_ib6:1/IB/SHARP [7]mlx5_ib7:1/IB/SHARP ; OOB eth0:10.35.4.13<0>
ip-0A23040D:27336:27336 [4] NCCL INFO Using network IBext
NCCL version 2.12.10+cuda11.6
ip-0A230410:53167:53167 [4] NCCL INFO Bootstrap : Using eth0:10.35.4.16<0>
ip-0A230405:17646:17646 [4] NCCL INFO Bootstrap : Using eth0:10.35.4.5<0>
ip-0A230408:65382:65382 [4] NCCL INFO Bootstrap : Using eth0:10.35.4.8<0>
ip-0A23041D:20807:20807 [4] NCCL INFO Bootstrap : Using eth0:10.35.4.29<0>
ip-0A230407:55390:55390 [4] NCCL INFO Bootstrap : Using eth0:10.35.4.7<0>
ip-0A23040C:63954:63954 [4] NCCL INFO Bootstrap : Using eth0:10.35.4.12<0>
ip-0A230412:22574:22574 [4] NCCL INFO Bootstrap : Using eth0:10.35.4.18<0>
ip-0A23040B:39024:39024 [4] NCCL INFO Bootstrap : Using eth0:10.35.4.11<0>
ip-0A230414:18903:18903 [4] NCCL INFO Bootstrap : Using eth0:10.35.4.20<0>
ip-0A230417:55605:55605 [4] NCCL INFO Bootstrap : Using eth0:10.35.4.23<0>
ip-0A230406:3765:3765 [4] NCCL INFO Bootstrap : Using eth0:10.35.4.6<0>
ip-0A230413:66239:66239 [4] NCCL INFO Bootstrap : Using eth0:10.35.4.19<0>
ip-0A23041A:15120:15120 [4] NCCL INFO Bootstrap : Using eth0:10.35.4.26<0>
ip-0A23040E:65145:65145 [4] NCCL INFO Bootstrap : Using eth0:10.35.4.14<0>
ip-0A23040F:81729:81729 [4] NCCL INFO Bootstrap : Using eth0:10.35.4.15<0>
ip-0A230410:53167:53167 [4] NCCL INFO NET/Plugin: Failed to find ncclNetPlugin_v5 symbol.
ip-0A230410:53167:53167 [4] NCCL INFO NET/Plugin: Failed to find ncclCollNetPlugin_v5 symbol.
ip-0A230410:53167:53167 [4] NCCL INFO Plugin Path : /opt/hpcx/nccl_rdma_sharp_plugin/lib/libnccl-net.so
ip-0A230410:53167:53167 [4] NCCL INFO P2P plugin IBext
ip-0A230410:53167:53167 [4] NCCL INFO NCCL_IB_PCI_RELAXED_ORDERING set by environment to 1.
ip-0A23040C:63954:63954 [4] NCCL INFO NET/Plugin: Failed to find ncclNetPlugin_v5 symbol.
ip-0A23040C:63954:63954 [4] NCCL INFO NET/Plugin: Failed to find ncclCollNetPlugin_v5 symbol.
ip-0A23040C:63954:63954 [4] NCCL INFO Plugin Path : /opt/hpcx/nccl_rdma_sharp_plugin/lib/libnccl-net.so
ip-0A23040C:63954:63954 [4] NCCL INFO P2P plugin IBext
ip-0A23040C:63954:63954 [4] NCCL INFO NCCL_IB_PCI_RELAXED_ORDERING set by environment to 1.
ip-0A230405:17646:17646 [4] NCCL INFO NET/Plugin: Failed to find ncclNetPlugin_v5 symbol.
ip-0A230405:17646:17646 [4] NCCL INFO NET/Plugin: Failed to find ncclCollNetPlugin_v5 symbol.
ip-0A230405:17646:17646 [4] NCCL INFO Plugin Path : /opt/hpcx/nccl_rdma_sharp_plugin/lib/libnccl-net.so
ip-0A230405:17646:17646 [4] NCCL INFO P2P plugin IBext
ip-0A230405:17646:17646 [4] NCCL INFO NCCL_IB_PCI_RELAXED_ORDERING set by environment to 1.
ip-0A230408:65382:65382 [4] NCCL INFO NET/Plugin: Failed to find ncclNetPlugin_v5 symbol.
ip-0A230408:65382:65382 [4] NCCL INFO NET/Plugin: Failed to find ncclCollNetPlugin_v5 symbol.
ip-0A230407:55390:55390 [4] NCCL INFO NET/Plugin: Failed to find ncclNetPlugin_v5 symbol.
ip-0A230407:55390:55390 [4] NCCL INFO NET/Plugin: Failed to find ncclCollNetPlugin_v5 symbol.
ip-0A230408:65382:65382 [4] NCCL INFO Plugin Path : /opt/hpcx/nccl_rdma_sharp_plugin/lib/libnccl-net.so
ip-0A230408:65382:65382 [4] NCCL INFO P2P plugin IBext
ip-0A230408:65382:65382 [4] NCCL INFO NCCL_IB_PCI_RELAXED_ORDERING set by environment to 1.
ip-0A230407:55390:55390 [4] NCCL INFO Plugin Path : /opt/hpcx/nccl_rdma_sharp_plugin/lib/libnccl-net.so
ip-0A230407:55390:55390 [4] NCCL INFO P2P plugin IBext
ip-0A230407:55390:55390 [4] NCCL INFO NCCL_IB_PCI_RELAXED_ORDERING set by environment to 1.
ip-0A23040B:39024:39024 [4] NCCL INFO NET/Plugin: Failed to find ncclNetPlugin_v5 symbol.
ip-0A23040B:39024:39024 [4] NCCL INFO NET/Plugin: Failed to find ncclCollNetPlugin_v5 symbol.
ip-0A23040B:39024:39024 [4] NCCL INFO Plugin Path : /opt/hpcx/nccl_rdma_sharp_plugin/lib/libnccl-net.so
ip-0A23040B:39024:39024 [4] NCCL INFO P2P plugin IBext
ip-0A23040B:39024:39024 [4] NCCL INFO NCCL_IB_PCI_RELAXED_ORDERING set by environment to 1.
ip-0A230414:18903:18903 [4] NCCL INFO NET/Plugin: Failed to find ncclNetPlugin_v5 symbol.
ip-0A230414:18903:18903 [4] NCCL INFO NET/Plugin: Failed to find ncclCollNetPlugin_v5 symbol.
ip-0A23041D:20807:20807 [4] NCCL INFO NET/Plugin: Failed to find ncclNetPlugin_v5 symbol.
ip-0A23041D:20807:20807 [4] NCCL INFO NET/Plugin: Failed to find ncclCollNetPlugin_v5 symbol.
ip-0A230414:18903:18903 [4] NCCL INFO Plugin Path : /opt/hpcx/nccl_rdma_sharp_plugin/lib/libnccl-net.so
ip-0A230414:18903:18903 [4] NCCL INFO P2P plugin IBext
ip-0A230414:18903:18903 [4] NCCL INFO NCCL_IB_PCI_RELAXED_ORDERING set by environment to 1.
ip-0A23041A:15120:15120 [4] NCCL INFO NET/Plugin: Failed to find ncclNetPlugin_v5 symbol.
ip-0A23041A:15120:15120 [4] NCCL INFO NET/Plugin: Failed to find ncclCollNetPlugin_v5 symbol.
ip-0A23041D:20807:20807 [4] NCCL INFO Plugin Path : /opt/hpcx/nccl_rdma_sharp_plugin/lib/libnccl-net.so
ip-0A23041D:20807:20807 [4] NCCL INFO P2P plugin IBext
ip-0A23041D:20807:20807 [4] NCCL INFO NCCL_IB_PCI_RELAXED_ORDERING set by environment to 1.
ip-0A23041A:15120:15120 [4] NCCL INFO Plugin Path : /opt/hpcx/nccl_rdma_sharp_plugin/lib/libnccl-net.so
ip-0A23041A:15120:15120 [4] NCCL INFO P2P plugin IBext
ip-0A23041A:15120:15120 [4] NCCL INFO NCCL_IB_PCI_RELAXED_ORDERING set by environment to 1.
ip-0A230412:22574:22574 [4] NCCL INFO NET/Plugin: Failed to find ncclNetPlugin_v5 symbol.
ip-0A230412:22574:22574 [4] NCCL INFO NET/Plugin: Failed to find ncclCollNetPlugin_v5 symbol.
ip-0A230417:55605:55605 [4] NCCL INFO NET/Plugin: Failed to find ncclNetPlugin_v5 symbol.
ip-0A230417:55605:55605 [4] NCCL INFO NET/Plugin: Failed to find ncclCollNetPlugin_v5 symbol.
ip-0A230412:22574:22574 [4] NCCL INFO Plugin Path : /opt/hpcx/nccl_rdma_sharp_plugin/lib/libnccl-net.so
ip-0A230412:22574:22574 [4] NCCL INFO P2P plugin IBext
ip-0A230412:22574:22574 [4] NCCL INFO NCCL_IB_PCI_RELAXED_ORDERING set by environment to 1.
ip-0A230417:55605:55605 [4] NCCL INFO Plugin Path : /opt/hpcx/nccl_rdma_sharp_plugin/lib/libnccl-net.so
ip-0A230417:55605:55605 [4] NCCL INFO P2P plugin IBext
ip-0A230417:55605:55605 [4] NCCL INFO NCCL_IB_PCI_RELAXED_ORDERING set by environment to 1.
ip-0A230406:3765:3765 [4] NCCL INFO NET/Plugin: Failed to find ncclNetPlugin_v5 symbol.
ip-0A230406:3765:3765 [4] NCCL INFO NET/Plugin: Failed to find ncclCollNetPlugin_v5 symbol.
ip-0A230406:3765:3765 [4] NCCL INFO Plugin Path : /opt/hpcx/nccl_rdma_sharp_plugin/lib/libnccl-net.so
ip-0A230406:3765:3765 [4] NCCL INFO P2P plugin IBext
ip-0A230406:3765:3765 [4] NCCL INFO NCCL_IB_PCI_RELAXED_ORDERING set by environment to 1.
ip-0A23040E:65145:65145 [4] NCCL INFO NET/Plugin: Failed to find ncclNetPlugin_v5 symbol.
ip-0A23040E:65145:65145 [4] NCCL INFO NET/Plugin: Failed to find ncclCollNetPlugin_v5 symbol.
ip-0A23040E:65145:65145 [4] NCCL INFO Plugin Path : /opt/hpcx/nccl_rdma_sharp_plugin/lib/libnccl-net.so
ip-0A23040E:65145:65145 [4] NCCL INFO P2P plugin IBext
ip-0A23040E:65145:65145 [4] NCCL INFO NCCL_IB_PCI_RELAXED_ORDERING set by environment to 1.
ip-0A230413:66239:66239 [4] NCCL INFO NET/Plugin: Failed to find ncclNetPlugin_v5 symbol.
ip-0A230413:66239:66239 [4] NCCL INFO NET/Plugin: Failed to find ncclCollNetPlugin_v5 symbol.
ip-0A230413:66239:66239 [4] NCCL INFO Plugin Path : /opt/hpcx/nccl_rdma_sharp_plugin/lib/libnccl-net.so
ip-0A230413:66239:66239 [4] NCCL INFO P2P plugin IBext
ip-0A230413:66239:66239 [4] NCCL INFO NCCL_IB_PCI_RELAXED_ORDERING set by environment to 1.
ip-0A23040F:81729:81729 [4] NCCL INFO NET/Plugin: Failed to find ncclNetPlugin_v5 symbol.
ip-0A23040F:81729:81729 [4] NCCL INFO NET/Plugin: Failed to find ncclCollNetPlugin_v5 symbol.
ip-0A23040F:81729:81729 [4] NCCL INFO Plugin Path : /opt/hpcx/nccl_rdma_sharp_plugin/lib/libnccl-net.so
ip-0A23040F:81729:81729 [4] NCCL INFO P2P plugin IBext
ip-0A23040F:81729:81729 [4] NCCL INFO NCCL_IB_PCI_RELAXED_ORDERING set by environment to 1.
ip-0A230408:65382:65382 [4] NCCL INFO NET/IB : Using [0]mlx5_ib0:1/IB/SHARP [1]mlx5_ib1:1/IB/SHARP [2]mlx5_ib2:1/IB/SHARP [3]mlx5_ib3:1/IB/SHARP [4]mlx5_ib4:1/IB/SHARP [5]mlx5_ib5:1/IB/SHARP [6]mlx5_ib6:1/IB/SHARP [7]mlx5_ib7:1/IB/SHARP ; OOB eth0:10.35.4.8<0>
ip-0A230408:65382:65382 [4] NCCL INFO Using network IBext
ip-0A230407:55390:55390 [4] NCCL INFO NET/IB : Using [0]mlx5_ib0:1/IB/SHARP [1]mlx5_ib1:1/IB/SHARP [2]mlx5_ib2:1/IB/SHARP [3]mlx5_ib3:1/IB/SHARP [4]mlx5_ib4:1/IB/SHARP [5]mlx5_ib5:1/IB/SHARP [6]mlx5_ib6:1/IB/SHARP [7]mlx5_ib7:1/IB/SHARP ; OOB eth0:10.35.4.7<0>
ip-0A230407:55390:55390 [4] NCCL INFO Using network IBext
ip-0A230410:53167:53167 [4] NCCL INFO NET/IB : Using [0]mlx5_ib0:1/IB/SHARP [1]mlx5_ib1:1/IB/SHARP [2]mlx5_ib2:1/IB/SHARP [3]mlx5_ib3:1/IB/SHARP [4]mlx5_ib4:1/IB/SHARP [5]mlx5_ib5:1/IB/SHARP [6]mlx5_ib6:1/IB/SHARP [7]mlx5_ib7:1/IB/SHARP ; OOB eth0:10.35.4.16<0>
ip-0A230410:53167:53167 [4] NCCL INFO Using network IBext
ip-0A23040C:63954:63954 [4] NCCL INFO NET/IB : Using [0]mlx5_ib0:1/IB/SHARP [1]mlx5_ib1:1/IB/SHARP [2]mlx5_ib2:1/IB/SHARP [3]mlx5_ib3:1/IB/SHARP [4]mlx5_ib4:1/IB/SHARP [5]mlx5_ib5:1/IB/SHARP [6]mlx5_ib6:1/IB/SHARP [7]mlx5_ib7:1/IB/SHARP ; OOB eth0:10.35.4.12<0>
ip-0A23040C:63954:63954 [4] NCCL INFO Using network IBext
ip-0A230405:17646:17646 [4] NCCL INFO NET/IB : Using [0]mlx5_ib0:1/IB/SHARP [1]mlx5_ib1:1/IB/SHARP [2]mlx5_ib2:1/IB/SHARP [3]mlx5_ib3:1/IB/SHARP [4]mlx5_ib4:1/IB/SHARP [5]mlx5_ib5:1/IB/SHARP [6]mlx5_ib6:1/IB/SHARP [7]mlx5_ib7:1/IB/SHARP ; OOB eth0:10.35.4.5<0>
ip-0A230405:17646:17646 [4] NCCL INFO Using network IBext
ip-0A23041A:15120:15120 [4] NCCL INFO NET/IB : Using [0]mlx5_ib0:1/IB/SHARP [1]mlx5_ib1:1/IB/SHARP [2]mlx5_ib2:1/IB/SHARP [3]mlx5_ib3:1/IB/SHARP [4]mlx5_ib4:1/IB/SHARP [5]mlx5_ib5:1/IB/SHARP [6]mlx5_ib6:1/IB/SHARP [7]mlx5_ib7:1/IB/SHARP ; OOB eth0:10.35.4.26<0>
ip-0A23041A:15120:15120 [4] NCCL INFO Using network IBext
ip-0A230414:18903:18903 [4] NCCL INFO NET/IB : Using [0]mlx5_ib0:1/IB/SHARP [1]mlx5_ib1:1/IB/SHARP [2]mlx5_ib2:1/IB/SHARP [3]mlx5_ib3:1/IB/SHARP [4]mlx5_ib4:1/IB/SHARP [5]mlx5_ib5:1/IB/SHARP [6]mlx5_ib6:1/IB/SHARP [7]mlx5_ib7:1/IB/SHARP ; OOB eth0:10.35.4.20<0>
ip-0A230414:18903:18903 [4] NCCL INFO Using network IBext
ip-0A23041D:20807:20807 [4] NCCL INFO NET/IB : Using [0]mlx5_ib0:1/IB/SHARP [1]mlx5_ib1:1/IB/SHARP [2]mlx5_ib2:1/IB/SHARP [3]mlx5_ib3:1/IB/SHARP [4]mlx5_ib4:1/IB/SHARP [5]mlx5_ib5:1/IB/SHARP [6]mlx5_ib6:1/IB/SHARP [7]mlx5_ib7:1/IB/SHARP ; OOB eth0:10.35.4.29<0>
ip-0A23041D:20807:20807 [4] NCCL INFO Using network IBext
ip-0A23040B:39024:39024 [4] NCCL INFO NET/IB : Using [0]mlx5_ib0:1/IB/SHARP [1]mlx5_ib1:1/IB/SHARP [2]mlx5_ib2:1/IB/SHARP [3]mlx5_ib3:1/IB/SHARP [4]mlx5_ib4:1/IB/SHARP [5]mlx5_ib5:1/IB/SHARP [6]mlx5_ib6:1/IB/SHARP [7]mlx5_ib7:1/IB/SHARP ; OOB eth0:10.35.4.11<0>
ip-0A23040B:39024:39024 [4] NCCL INFO Using network IBext
ip-0A230417:55605:55605 [4] NCCL INFO NET/IB : Using [0]mlx5_ib0:1/IB/SHARP [1]mlx5_ib1:1/IB/SHARP [2]mlx5_ib2:1/IB/SHARP [3]mlx5_ib3:1/IB/SHARP [4]mlx5_ib4:1/IB/SHARP [5]mlx5_ib5:1/IB/SHARP [6]mlx5_ib6:1/IB/SHARP [7]mlx5_ib7:1/IB/SHARP ; OOB eth0:10.35.4.23<0>
ip-0A230417:55605:55605 [4] NCCL INFO Using network IBext
ip-0A230406:3765:3765 [4] NCCL INFO NET/IB : Using [0]mlx5_ib0:1/IB/SHARP [1]mlx5_ib1:1/IB/SHARP [2]mlx5_ib2:1/IB/SHARP [3]mlx5_ib3:1/IB/SHARP [4]mlx5_ib4:1/IB/SHARP [5]mlx5_ib5:1/IB/SHARP [6]mlx5_ib6:1/IB/SHARP [7]mlx5_ib7:1/IB/SHARP ; OOB eth0:10.35.4.6<0>
ip-0A230406:3765:3765 [4] NCCL INFO Using network IBext
ip-0A230412:22574:22574 [4] NCCL INFO NET/IB : Using [0]mlx5_ib0:1/IB/SHARP [1]mlx5_ib1:1/IB/SHARP [2]mlx5_ib2:1/IB/SHARP [3]mlx5_ib3:1/IB/SHARP [4]mlx5_ib4:1/IB/SHARP [5]mlx5_ib5:1/IB/SHARP [6]mlx5_ib6:1/IB/SHARP [7]mlx5_ib7:1/IB/SHARP ; OOB eth0:10.35.4.18<0>
ip-0A230412:22574:22574 [4] NCCL INFO Using network IBext
ip-0A230413:66239:66239 [4] NCCL INFO NET/IB : Using [0]mlx5_ib0:1/IB/SHARP [1]mlx5_ib1:1/IB/SHARP [2]mlx5_ib2:1/IB/SHARP [3]mlx5_ib3:1/IB/SHARP [4]mlx5_ib4:1/IB/SHARP [5]mlx5_ib5:1/IB/SHARP [6]mlx5_ib6:1/IB/SHARP [7]mlx5_ib7:1/IB/SHARP ; OOB eth0:10.35.4.19<0>
ip-0A230413:66239:66239 [4] NCCL INFO Using network IBext
ip-0A23040E:65145:65145 [4] NCCL INFO NET/IB : Using [0]mlx5_ib0:1/IB/SHARP [1]mlx5_ib1:1/IB/SHARP [2]mlx5_ib2:1/IB/SHARP [3]mlx5_ib3:1/IB/SHARP [4]mlx5_ib4:1/IB/SHARP [5]mlx5_ib5:1/IB/SHARP [6]mlx5_ib6:1/IB/SHARP [7]mlx5_ib7:1/IB/SHARP ; OOB eth0:10.35.4.14<0>
ip-0A23040E:65145:65145 [4] NCCL INFO Using network IBext
ip-0A23040F:81729:81729 [4] NCCL INFO NET/IB : Using [0]mlx5_ib0:1/IB/SHARP [1]mlx5_ib1:1/IB/SHARP [2]mlx5_ib2:1/IB/SHARP [3]mlx5_ib3:1/IB/SHARP [4]mlx5_ib4:1/IB/SHARP [5]mlx5_ib5:1/IB/SHARP [6]mlx5_ib6:1/IB/SHARP [7]mlx5_ib7:1/IB/SHARP ; OOB eth0:10.35.4.15<0>
ip-0A23040F:81729:81729 [4] NCCL INFO Using network IBext
ip-0A23040E:65145:65810 [4] NCCL INFO NCCL_P2P_LEVEL set by environment to LOC
ip-0A23040E:65145:65810 [4] NCCL INFO PXN Disabled as plugin is v4
ip-0A23040F:81729:82386 [4] NCCL INFO NCCL_P2P_LEVEL set by environment to LOC
ip-0A23040E:65145:65810 [4] NCCL INFO NCCL_COLLNET_ENABLE set by environment to 1.
ip-0A23040C:63954:64613 [4] NCCL INFO NCCL_P2P_LEVEL set by environment to LOC
ip-0A230413:66239:66927 [4] NCCL INFO NCCL_P2P_LEVEL set by environment to LOC
ip-0A23040F:81729:82386 [4] NCCL INFO PXN Disabled as plugin is v4
ip-0A23040D:27336:27997 [4] NCCL INFO NCCL_P2P_LEVEL set by environment to LOC
ip-0A23040C:63954:64613 [4] NCCL INFO PXN Disabled as plugin is v4
ip-0A230412:22574:23233 [4] NCCL INFO NCCL_P2P_LEVEL set by environment to LOC
ip-0A230413:66239:66927 [4] NCCL INFO PXN Disabled as plugin is v4
ip-0A230406:3765:4437 [4] NCCL INFO NCCL_P2P_LEVEL set by environment to LOC
ip-0A23040D:27336:27997 [4] NCCL INFO PXN Disabled as plugin is v4
ip-0A23040F:81729:82386 [4] NCCL INFO NCCL_COLLNET_ENABLE set by environment to 1.
ip-0A230412:22574:23233 [4] NCCL INFO PXN Disabled as plugin is v4
ip-0A23040C:63954:64613 [4] NCCL INFO NCCL_COLLNET_ENABLE set by environment to 1.
ip-0A230406:3765:4437 [4] NCCL INFO PXN Disabled as plugin is v4
ip-0A230413:66239:66927 [4] NCCL INFO NCCL_COLLNET_ENABLE set by environment to 1.
ip-0A23040D:27336:27997 [4] NCCL INFO NCCL_COLLNET_ENABLE set by environment to 1.
ip-0A230412:22574:23233 [4] NCCL INFO NCCL_COLLNET_ENABLE set by environment to 1.
ip-0A230414:18903:19565 [4] NCCL INFO NCCL_P2P_LEVEL set by environment to LOC
ip-0A230406:3765:4437 [4] NCCL INFO NCCL_COLLNET_ENABLE set by environment to 1.
ip-0A230414:18903:19565 [4] NCCL INFO PXN Disabled as plugin is v4
ip-0A230405:17646:18297 [4] NCCL INFO NCCL_P2P_LEVEL set by environment to LOC
ip-0A230408:65382:66034 [4] NCCL INFO NCCL_P2P_LEVEL set by environment to LOC
ip-0A230410:53167:53823 [4] NCCL INFO NCCL_P2P_LEVEL set by environment to LOC
ip-0A230414:18903:19565 [4] NCCL INFO NCCL_COLLNET_ENABLE set by environment to 1.
ip-0A230407:55390:56052 [4] NCCL INFO NCCL_P2P_LEVEL set by environment to LOC
ip-0A230405:17646:18297 [4] NCCL INFO PXN Disabled as plugin is v4
ip-0A230408:65382:66034 [4] NCCL INFO PXN Disabled as plugin is v4
ip-0A230410:53167:53823 [4] NCCL INFO PXN Disabled as plugin is v4
ip-0A230407:55390:56052 [4] NCCL INFO PXN Disabled as plugin is v4
ip-0A230405:17646:18297 [4] NCCL INFO NCCL_COLLNET_ENABLE set by environment to 1.
ip-0A230408:65382:66034 [4] NCCL INFO NCCL_COLLNET_ENABLE set by environment to 1.
ip-0A230410:53167:53823 [4] NCCL INFO NCCL_COLLNET_ENABLE set by environment to 1.
ip-0A23041A:15120:15770 [4] NCCL INFO NCCL_P2P_LEVEL set by environment to LOC
ip-0A23041D:20807:21460 [4] NCCL INFO NCCL_P2P_LEVEL set by environment to LOC
ip-0A230407:55390:56052 [4] NCCL INFO NCCL_COLLNET_ENABLE set by environment to 1.
ip-0A23041A:15120:15770 [4] NCCL INFO PXN Disabled as plugin is v4
ip-0A230417:55605:56260 [4] NCCL INFO NCCL_P2P_LEVEL set by environment to LOC
ip-0A23041D:20807:21460 [4] NCCL INFO PXN Disabled as plugin is v4
ip-0A23041A:15120:15770 [4] NCCL INFO NCCL_COLLNET_ENABLE set by environment to 1.
ip-0A230417:55605:56260 [4] NCCL INFO PXN Disabled as plugin is v4
ip-0A23040B:39024:39683 [4] NCCL INFO NCCL_P2P_LEVEL set by environment to LOC
ip-0A23041D:20807:21460 [4] NCCL INFO NCCL_COLLNET_ENABLE set by environment to 1.
ip-0A23040B:39024:39683 [4] NCCL INFO PXN Disabled as plugin is v4
ip-0A230417:55605:56260 [4] NCCL INFO NCCL_COLLNET_ENABLE set by environment to 1.
ip-0A23040B:39024:39683 [4] NCCL INFO NCCL_COLLNET_ENABLE set by environment to 1.
ip-0A23040B:39024:39683 [4] NCCL INFO Trees [0] -1/-1/-1->13->14 [1] 14/12/-1->13->11
ip-0A23040E:65145:65810 [4] NCCL INFO Trees [0] 13/15/-1->14->12 [1] -1/-1/-1->14->13
ip-0A23040C:63954:64613 [4] NCCL INFO Trees [0] -1/-1/-1->15->14 [1] 7/-1/-1->15->-1
ip-0A23040D:27336:27997 [4] NCCL INFO Channel 00/02 :    0   1   2   3   4   5   6   7   8   9  10  11  12  13  14  15
ip-0A23040D:27336:27997 [4] NCCL INFO Channel 01/02 :    0   1   2   3   4   5   6   7   8   9  10  11  12  13  14  15
ip-0A23040D:27336:27997 [4] NCCL INFO Trees [0] 8/-1/-1->0->-1 [1] -1/-1/-1->0->1
ip-0A23040F:81729:82386 [4] NCCL INFO Trees [0] -1/-1/-1->1->2 [1] 2/0/-1->1->3
ip-0A230410:53167:53823 [4] NCCL INFO Trees [0] 1/3/-1->2->4 [1] -1/-1/-1->2->1
ip-0A230412:22574:23233 [4] NCCL INFO Trees [0] -1/-1/-1->3->2 [1] 5/1/-1->3->7
ip-0A230413:66239:66927 [4] NCCL INFO Trees [0] 2/6/-1->4->8 [1] -1/-1/-1->4->5
ip-0A230414:18903:19565 [4] NCCL INFO Trees [0] -1/-1/-1->5->6 [1] 6/4/-1->5->3
ip-0A230417:55605:56260 [4] NCCL INFO Trees [0] 5/7/-1->6->4 [1] -1/-1/-1->6->5
ip-0A230406:3765:4437 [4] NCCL INFO Trees [0] -1/-1/-1->7->6 [1] 11/3/-1->7->15
ip-0A230408:65382:66034 [4] NCCL INFO Trees [0] 4/12/-1->8->0 [1] -1/-1/-1->8->9
ip-0A23041A:15120:15770 [4] NCCL INFO Trees [0] -1/-1/-1->9->10 [1] 10/8/-1->9->11
ip-0A23041D:20807:21460 [4] NCCL INFO Trees [0] 9/11/-1->10->12 [1] -1/-1/-1->10->9
ip-0A230405:17646:18297 [4] NCCL INFO Trees [0] -1/-1/-1->11->10 [1] 13/9/-1->11->7
ip-0A230407:55390:56052 [4] NCCL INFO Trees [0] 10/14/-1->12->8 [1] -1/-1/-1->12->13
ip-0A23040B:39024:39683 [4] NCCL INFO Channel 00/0 : 12[b00000] -> 13[b00000] [receive] via NET/IBext/4
ip-0A23040E:65145:65810 [4] NCCL INFO Channel 00/0 : 13[b00000] -> 14[b00000] [receive] via NET/IBext/4
ip-0A23040C:63954:64613 [4] NCCL INFO Channel 00/0 : 14[b00000] -> 15[b00000] [receive] via NET/IBext/4
ip-0A23040B:39024:39683 [4] NCCL INFO Channel 01/0 : 12[b00000] -> 13[b00000] [receive] via NET/IBext/4
ip-0A23040B:39024:39683 [4] NCCL INFO Channel 00/0 : 13[b00000] -> 14[b00000] [send] via NET/IBext/4
ip-0A23040B:39024:39683 [4] NCCL INFO Channel 01/0 : 13[b00000] -> 14[b00000] [send] via NET/IBext/4
ip-0A23040F:81729:82386 [4] NCCL INFO Channel 00/0 : 0[b00000] -> 1[b00000] [receive] via NET/IBext/4
ip-0A23040D:27336:27997 [4] NCCL INFO Channel 00/0 : 15[b00000] -> 0[b00000] [receive] via NET/IBext/4
ip-0A23040C:63954:64613 [4] NCCL INFO Channel 01/0 : 14[b00000] -> 15[b00000] [receive] via NET/IBext/4
ip-0A23040C:63954:64613 [4] NCCL INFO Channel 00/0 : 15[b00000] -> 0[b00000] [send] via NET/IBext/4
ip-0A23040D:27336:27997 [4] NCCL INFO Channel 01/0 : 15[b00000] -> 0[b00000] [receive] via NET/IBext/4
ip-0A23040F:81729:82386 [4] NCCL INFO Channel 01/0 : 0[b00000] -> 1[b00000] [receive] via NET/IBext/4
ip-0A23040E:65145:65810 [4] NCCL INFO Channel 01/0 : 13[b00000] -> 14[b00000] [receive] via NET/IBext/4
ip-0A230410:53167:53823 [4] NCCL INFO Channel 00/0 : 1[b00000] -> 2[b00000] [receive] via NET/IBext/4
ip-0A23040C:63954:64613 [4] NCCL INFO Channel 01/0 : 15[b00000] -> 0[b00000] [send] via NET/IBext/4
ip-0A23040E:65145:65810 [4] NCCL INFO Channel 00/0 : 14[b00000] -> 15[b00000] [send] via NET/IBext/4
ip-0A23040D:27336:27997 [4] NCCL INFO Channel 00/0 : 0[b00000] -> 1[b00000] [send] via NET/IBext/4
ip-0A23040F:81729:82386 [4] NCCL INFO Channel 00/0 : 1[b00000] -> 2[b00000] [send] via NET/IBext/4
ip-0A23040E:65145:65810 [4] NCCL INFO Channel 01/0 : 14[b00000] -> 15[b00000] [send] via NET/IBext/4
ip-0A23040D:27336:27997 [4] NCCL INFO Channel 01/0 : 0[b00000] -> 1[b00000] [send] via NET/IBext/4
ip-0A23040F:81729:82386 [4] NCCL INFO Channel 01/0 : 1[b00000] -> 2[b00000] [send] via NET/IBext/4
ip-0A230410:53167:53823 [4] NCCL INFO Channel 01/0 : 1[b00000] -> 2[b00000] [receive] via NET/IBext/4
ip-0A230410:53167:53823 [4] NCCL INFO Channel 00/0 : 2[b00000] -> 3[b00000] [send] via NET/IBext/4
ip-0A230412:22574:23233 [4] NCCL INFO Channel 00/0 : 2[b00000] -> 3[b00000] [receive] via NET/IBext/4
ip-0A230413:66239:66927 [4] NCCL INFO Channel 00/0 : 3[b00000] -> 4[b00000] [receive] via NET/IBext/4
ip-0A230414:18903:19565 [4] NCCL INFO Channel 00/0 : 4[b00000] -> 5[b00000] [receive] via NET/IBext/4
ip-0A230410:53167:53823 [4] NCCL INFO Channel 01/0 : 2[b00000] -> 3[b00000] [send] via NET/IBext/4
ip-0A230412:22574:23233 [4] NCCL INFO Channel 01/0 : 2[b00000] -> 3[b00000] [receive] via NET/IBext/4
ip-0A230417:55605:56260 [4] NCCL INFO Channel 00/0 : 5[b00000] -> 6[b00000] [receive] via NET/IBext/4
ip-0A230413:66239:66927 [4] NCCL INFO Channel 01/0 : 3[b00000] -> 4[b00000] [receive] via NET/IBext/4
ip-0A230412:22574:23233 [4] NCCL INFO Channel 00/0 : 3[b00000] -> 4[b00000] [send] via NET/IBext/4
ip-0A230413:66239:66927 [4] NCCL INFO Channel 00/0 : 4[b00000] -> 5[b00000] [send] via NET/IBext/4
ip-0A230414:18903:19565 [4] NCCL INFO Channel 01/0 : 4[b00000] -> 5[b00000] [receive] via NET/IBext/4
ip-0A230414:18903:19565 [4] NCCL INFO Channel 00/0 : 5[b00000] -> 6[b00000] [send] via NET/IBext/4
ip-0A230408:65382:66034 [4] NCCL INFO Channel 00/0 : 7[b00000] -> 8[b00000] [receive] via NET/IBext/4
ip-0A230406:3765:4437 [4] NCCL INFO Channel 00/0 : 6[b00000] -> 7[b00000] [receive] via NET/IBext/4
ip-0A230412:22574:23233 [4] NCCL INFO Channel 01/0 : 3[b00000] -> 4[b00000] [send] via NET/IBext/4
ip-0A230417:55605:56260 [4] NCCL INFO Channel 01/0 : 5[b00000] -> 6[b00000] [receive] via NET/IBext/4
ip-0A230413:66239:66927 [4] NCCL INFO Channel 01/0 : 4[b00000] -> 5[b00000] [send] via NET/IBext/4
ip-0A230417:55605:56260 [4] NCCL INFO Channel 00/0 : 6[b00000] -> 7[b00000] [send] via NET/IBext/4
ip-0A230414:18903:19565 [4] NCCL INFO Channel 01/0 : 5[b00000] -> 6[b00000] [send] via NET/IBext/4
ip-0A230417:55605:56260 [4] NCCL INFO Channel 01/0 : 6[b00000] -> 7[b00000] [send] via NET/IBext/4
ip-0A230408:65382:66034 [4] NCCL INFO Channel 01/0 : 7[b00000] -> 8[b00000] [receive] via NET/IBext/4
ip-0A230406:3765:4437 [4] NCCL INFO Channel 01/0 : 6[b00000] -> 7[b00000] [receive] via NET/IBext/4
ip-0A230406:3765:4437 [4] NCCL INFO Channel 00/0 : 7[b00000] -> 8[b00000] [send] via NET/IBext/4
ip-0A23041A:15120:15770 [4] NCCL INFO Channel 00/0 : 8[b00000] -> 9[b00000] [receive] via NET/IBext/4
ip-0A230408:65382:66034 [4] NCCL INFO Channel 00/0 : 8[b00000] -> 9[b00000] [send] via NET/IBext/4
ip-0A23041D:20807:21460 [4] NCCL INFO Channel 00/0 : 9[b00000] -> 10[b00000] [receive] via NET/IBext/4
ip-0A230406:3765:4437 [4] NCCL INFO Channel 01/0 : 7[b00000] -> 8[b00000] [send] via NET/IBext/4
ip-0A230408:65382:66034 [4] NCCL INFO Channel 01/0 : 8[b00000] -> 9[b00000] [send] via NET/IBext/4
ip-0A23041A:15120:15770 [4] NCCL INFO Channel 01/0 : 8[b00000] -> 9[b00000] [receive] via NET/IBext/4
ip-0A23041A:15120:15770 [4] NCCL INFO Channel 00/0 : 9[b00000] -> 10[b00000] [send] via NET/IBext/4
ip-0A23041D:20807:21460 [4] NCCL INFO Channel 01/0 : 9[b00000] -> 10[b00000] [receive] via NET/IBext/4
ip-0A23041A:15120:15770 [4] NCCL INFO Channel 01/0 : 9[b00000] -> 10[b00000] [send] via NET/IBext/4
ip-0A23041D:20807:21460 [4] NCCL INFO Channel 00/0 : 10[b00000] -> 11[b00000] [send] via NET/IBext/4
ip-0A23041D:20807:21460 [4] NCCL INFO Channel 01/0 : 10[b00000] -> 11[b00000] [send] via NET/IBext/4
ip-0A230405:17646:18297 [4] NCCL INFO Channel 00/0 : 10[b00000] -> 11[b00000] [receive] via NET/IBext/4
ip-0A230407:55390:56052 [4] NCCL INFO Channel 00/0 : 11[b00000] -> 12[b00000] [receive] via NET/IBext/4
ip-0A230407:55390:56052 [4] NCCL INFO Channel 01/0 : 11[b00000] -> 12[b00000] [receive] via NET/IBext/4
ip-0A230407:55390:56052 [4] NCCL INFO Channel 00/0 : 12[b00000] -> 13[b00000] [send] via NET/IBext/4
ip-0A230405:17646:18297 [4] NCCL INFO Channel 01/0 : 10[b00000] -> 11[b00000] [receive] via NET/IBext/4
ip-0A230405:17646:18297 [4] NCCL INFO Channel 00/0 : 11[b00000] -> 12[b00000] [send] via NET/IBext/4
ip-0A230405:17646:18297 [4] NCCL INFO Channel 01/0 : 11[b00000] -> 12[b00000] [send] via NET/IBext/4
ip-0A230407:55390:56052 [4] NCCL INFO Channel 01/0 : 12[b00000] -> 13[b00000] [send] via NET/IBext/4
ip-0A23040C:63954:64613 [4] NCCL INFO Connected all rings
ip-0A23040F:81729:82386 [4] NCCL INFO Connected all rings
ip-0A230410:53167:53823 [4] NCCL INFO Connected all rings
ip-0A23041D:20807:21460 [4] NCCL INFO Connected all rings
ip-0A230417:55605:56260 [4] NCCL INFO Connected all rings
ip-0A230413:66239:66927 [4] NCCL INFO Connected all rings
ip-0A230406:3765:4437 [4] NCCL INFO Connected all rings
ip-0A230408:65382:66034 [4] NCCL INFO Connected all rings
ip-0A230414:18903:19565 [4] NCCL INFO Connected all rings
ip-0A23041A:15120:15770 [4] NCCL INFO Connected all rings
ip-0A230412:22574:23233 [4] NCCL INFO Connected all rings
ip-0A23040D:27336:27997 [4] NCCL INFO Connected all rings
ip-0A23040E:65145:65810 [4] NCCL INFO Connected all rings
ip-0A230405:17646:18297 [4] NCCL INFO Connected all rings
ip-0A230407:55390:56052 [4] NCCL INFO Connected all rings
ip-0A23040B:39024:39683 [4] NCCL INFO Connected all rings
ip-0A23041D:20807:21460 [4] NCCL INFO Channel 00/0 : 10[b00000] -> 12[b00000] [send] via NET/IBext/4
ip-0A23040F:81729:82386 [4] NCCL INFO Channel 01/0 : 1[b00000] -> 3[b00000] [send] via NET/IBext/4
ip-0A230410:53167:53823 [4] NCCL INFO Channel 00/0 : 2[b00000] -> 4[b00000] [send] via NET/IBext/4
ip-0A230417:55605:56260 [4] NCCL INFO Channel 00/0 : 4[b00000] -> 6[b00000] [receive] via NET/IBext/4
ip-0A23040C:63954:64613 [4] NCCL INFO Channel 01/0 : 7[b00000] -> 15[b00000] [receive] via NET/IBext/4
ip-0A230406:3765:4437 [4] NCCL INFO Channel 01/0 : 3[b00000] -> 7[b00000] [receive] via NET/IBext/4
ip-0A23040C:63954:64613 [4] NCCL INFO Channel 01/0 : 15[b00000] -> 7[b00000] [send] via NET/IBext/4
ip-0A230406:3765:4437 [4] NCCL INFO Channel 01/0 : 7[b00000] -> 11[b00000] [send] via NET/IBext/4
ip-0A23040E:65145:65810 [4] NCCL INFO Channel 00/0 : 12[b00000] -> 14[b00000] [receive] via NET/IBext/4
ip-0A23040D:27336:27997 [4] NCCL INFO Channel 00/0 : 8[b00000] -> 0[b00000] [receive] via NET/IBext/4
ip-0A23040D:27336:27997 [4] NCCL INFO Channel 00/0 : 0[b00000] -> 8[b00000] [send] via NET/IBext/4
ip-0A230408:65382:66034 [4] NCCL INFO Channel 00/0 : 4[b00000] -> 8[b00000] [receive] via NET/IBext/4
ip-0A230408:65382:66034 [4] NCCL INFO Channel 00/0 : 8[b00000] -> 12[b00000] [send] via NET/IBext/4
ip-0A230413:66239:66927 [4] NCCL INFO Channel 00/0 : 2[b00000] -> 4[b00000] [receive] via NET/IBext/4
ip-0A230413:66239:66927 [4] NCCL INFO Channel 00/0 : 4[b00000] -> 6[b00000] [send] via NET/IBext/4
ip-0A23040B:39024:39683 [4] NCCL INFO Channel 01/0 : 11[b00000] -> 13[b00000] [receive] via NET/IBext/4
ip-0A230414:18903:19565 [4] NCCL INFO Channel 01/0 : 3[b00000] -> 5[b00000] [receive] via NET/IBext/4
ip-0A23041A:15120:15770 [4] NCCL INFO Channel 01/0 : 9[b00000] -> 11[b00000] [send] via NET/IBext/4
ip-0A230412:22574:23233 [4] NCCL INFO Channel 01/0 : 1[b00000] -> 3[b00000] [receive] via NET/IBext/4
ip-0A230412:22574:23233 [4] NCCL INFO Channel 01/0 : 3[b00000] -> 5[b00000] [send] via NET/IBext/4
ip-0A230405:17646:18297 [4] NCCL INFO Channel 01/0 : 9[b00000] -> 11[b00000] [receive] via NET/IBext/4
ip-0A230405:17646:18297 [4] NCCL INFO Channel 01/0 : 11[b00000] -> 13[b00000] [send] via NET/IBext/4
ip-0A230407:55390:56052 [4] NCCL INFO Channel 00/0 : 10[b00000] -> 12[b00000] [receive] via NET/IBext/4
ip-0A230407:55390:56052 [4] NCCL INFO Channel 00/0 : 12[b00000] -> 14[b00000] [send] via NET/IBext/4
ip-0A230410:53167:53823 [4] NCCL INFO Channel 00/0 : 4[b00000] -> 2[b00000] [receive] via NET/IBext/4
ip-0A23040F:81729:82386 [4] NCCL INFO Channel 01/0 : 3[b00000] -> 1[b00000] [receive] via NET/IBext/4
ip-0A230417:55605:56260 [4] NCCL INFO Channel 00/0 : 6[b00000] -> 4[b00000] [send] via NET/IBext/4
ip-0A23041A:15120:15770 [4] NCCL INFO Channel 01/0 : 11[b00000] -> 9[b00000] [receive] via NET/IBext/4
ip-0A23041D:20807:21460 [4] NCCL INFO Channel 00/0 : 12[b00000] -> 10[b00000] [receive] via NET/IBext/4
ip-0A23040B:39024:39683 [4] NCCL INFO Channel 01/0 : 13[b00000] -> 11[b00000] [send] via NET/IBext/4
ip-0A230414:18903:19565 [4] NCCL INFO Channel 01/0 : 5[b00000] -> 3[b00000] [send] via NET/IBext/4
ip-0A23040E:65145:65810 [4] NCCL INFO Channel 00/0 : 14[b00000] -> 12[b00000] [send] via NET/IBext/4
ip-0A230413:66239:66927 [4] NCCL INFO Channel 00/0 : 4[b00000] -> 8[b00000] [send] via NET/IBext/4
ip-0A230412:22574:23233 [4] NCCL INFO Channel 01/0 : 3[b00000] -> 7[b00000] [send] via NET/IBext/4
ip-0A230405:17646:18297 [4] NCCL INFO Channel 01/0 : 7[b00000] -> 11[b00000] [receive] via NET/IBext/4
ip-0A230407:55390:56052 [4] NCCL INFO Channel 00/0 : 8[b00000] -> 12[b00000] [receive] via NET/IBext/4
ip-0A230413:66239:66927 [4] NCCL INFO Channel 00/0 : 8[b00000] -> 4[b00000] [receive] via NET/IBext/4
ip-0A230412:22574:23233 [4] NCCL INFO Channel 01/0 : 7[b00000] -> 3[b00000] [receive] via NET/IBext/4
ip-0A230405:17646:18297 [4] NCCL INFO Channel 01/0 : 11[b00000] -> 7[b00000] [send] via NET/IBext/4
ip-0A230407:55390:56052 [4] NCCL INFO Channel 00/0 : 12[b00000] -> 8[b00000] [send] via NET/IBext/4
ip-0A230406:3765:4437 [4] NCCL INFO Channel 01/0 : 15[b00000] -> 7[b00000] [receive] via NET/IBext/4
ip-0A230406:3765:4437 [4] NCCL INFO Channel 01/0 : 7[b00000] -> 15[b00000] [send] via NET/IBext/4
ip-0A230408:65382:66034 [4] NCCL INFO Channel 00/0 : 0[b00000] -> 8[b00000] [receive] via NET/IBext/4
ip-0A230408:65382:66034 [4] NCCL INFO Channel 00/0 : 8[b00000] -> 0[b00000] [send] via NET/IBext/4
ip-0A23040C:63954:64613 [4] NCCL INFO Channel 00/0 : 15[b00000] -> 14[b00000] [send] via NET/IBext/4
ip-0A230408:65382:66034 [4] NCCL INFO Channel 00/0 : 12[b00000] -> 8[b00000] [receive] via NET/IBext/4
ip-0A23040D:27336:27997 [4] NCCL INFO Channel 01/0 : 1[b00000] -> 0[b00000] [receive] via NET/IBext/4
ip-0A230406:3765:4437 [4] NCCL INFO Channel 01/0 : 11[b00000] -> 7[b00000] [receive] via NET/IBext/4
ip-0A230406:3765:4437 [4] NCCL INFO Channel 01/0 : 7[b00000] -> 3[b00000] [send] via NET/IBext/4
ip-0A230408:65382:66034 [4] NCCL INFO Channel 00/0 : 8[b00000] -> 4[b00000] [send] via NET/IBext/4
ip-0A230405:17646:18297 [4] NCCL INFO Channel 01/0 : 13[b00000] -> 11[b00000] [receive] via NET/IBext/4
ip-0A230405:17646:18297 [4] NCCL INFO Channel 01/0 : 11[b00000] -> 9[b00000] [send] via NET/IBext/4
ip-0A230412:22574:23233 [4] NCCL INFO Channel 01/0 : 5[b00000] -> 3[b00000] [receive] via NET/IBext/4
ip-0A230412:22574:23233 [4] NCCL INFO Channel 01/0 : 3[b00000] -> 1[b00000] [send] via NET/IBext/4
ip-0A230406:3765:4437 [4] NCCL INFO Channel 00/0 : 7[b00000] -> 6[b00000] [send] via NET/IBext/4
ip-0A230407:55390:56052 [4] NCCL INFO Channel 00/0 : 14[b00000] -> 12[b00000] [receive] via NET/IBext/4
ip-0A230407:55390:56052 [4] NCCL INFO Channel 00/0 : 12[b00000] -> 10[b00000] [send] via NET/IBext/4
ip-0A230413:66239:66927 [4] NCCL INFO Channel 00/0 : 6[b00000] -> 4[b00000] [receive] via NET/IBext/4
ip-0A230413:66239:66927 [4] NCCL INFO Channel 00/0 : 4[b00000] -> 2[b00000] [send] via NET/IBext/4
ip-0A230408:65382:66034 [4] NCCL INFO Channel 01/0 : 9[b00000] -> 8[b00000] [receive] via NET/IBext/4
ip-0A23040B:39024:39683 [4] NCCL INFO Channel 00/0 : 14[b00000] -> 13[b00000] [receive] via NET/IBext/4
ip-0A23040B:39024:39683 [4] NCCL INFO Channel 01/0 : 14[b00000] -> 13[b00000] [receive] via NET/IBext/4
ip-0A23040B:39024:39683 [4] NCCL INFO Channel 01/0 : 13[b00000] -> 12[b00000] [send] via NET/IBext/4
ip-0A23041A:15120:15770 [4] NCCL INFO Channel 00/0 : 10[b00000] -> 9[b00000] [receive] via NET/IBext/4
ip-0A23041A:15120:15770 [4] NCCL INFO Channel 01/0 : 10[b00000] -> 9[b00000] [receive] via NET/IBext/4
ip-0A23041A:15120:15770 [4] NCCL INFO Channel 01/0 : 9[b00000] -> 8[b00000] [send] via NET/IBext/4
ip-0A230405:17646:18297 [4] NCCL INFO Channel 00/0 : 11[b00000] -> 10[b00000] [send] via NET/IBext/4
ip-0A230414:18903:19565 [4] NCCL INFO Channel 00/0 : 6[b00000] -> 5[b00000] [receive] via NET/IBext/4
ip-0A230414:18903:19565 [4] NCCL INFO Channel 01/0 : 6[b00000] -> 5[b00000] [receive] via NET/IBext/4
ip-0A230414:18903:19565 [4] NCCL INFO Channel 01/0 : 5[b00000] -> 4[b00000] [send] via NET/IBext/4
ip-0A23040F:81729:82386 [4] NCCL INFO Channel 00/0 : 2[b00000] -> 1[b00000] [receive] via NET/IBext/4
ip-0A23040F:81729:82386 [4] NCCL INFO Channel 01/0 : 2[b00000] -> 1[b00000] [receive] via NET/IBext/4
ip-0A23040F:81729:82386 [4] NCCL INFO Channel 01/0 : 1[b00000] -> 0[b00000] [send] via NET/IBext/4
ip-0A230412:22574:23233 [4] NCCL INFO Channel 00/0 : 3[b00000] -> 2[b00000] [send] via NET/IBext/4
ip-0A23041D:20807:21460 [4] NCCL INFO Channel 00/0 : 11[b00000] -> 10[b00000] [receive] via NET/IBext/4
ip-0A23041D:20807:21460 [4] NCCL INFO Channel 00/0 : 10[b00000] -> 9[b00000] [send] via NET/IBext/4
ip-0A23041D:20807:21460 [4] NCCL INFO Channel 01/0 : 10[b00000] -> 9[b00000] [send] via NET/IBext/4
ip-0A230407:55390:56052 [4] NCCL INFO Channel 01/0 : 13[b00000] -> 12[b00000] [receive] via NET/IBext/4
ip-0A23040E:65145:65810 [4] NCCL INFO Channel 00/0 : 15[b00000] -> 14[b00000] [receive] via NET/IBext/4
ip-0A23040E:65145:65810 [4] NCCL INFO Channel 00/0 : 14[b00000] -> 13[b00000] [send] via NET/IBext/4
ip-0A23040E:65145:65810 [4] NCCL INFO Channel 01/0 : 14[b00000] -> 13[b00000] [send] via NET/IBext/4
ip-0A230410:53167:53823 [4] NCCL INFO Channel 00/0 : 3[b00000] -> 2[b00000] [receive] via NET/IBext/4
ip-0A230410:53167:53823 [4] NCCL INFO Channel 00/0 : 2[b00000] -> 1[b00000] [send] via NET/IBext/4
ip-0A230417:55605:56260 [4] NCCL INFO Channel 00/0 : 7[b00000] -> 6[b00000] [receive] via NET/IBext/4
ip-0A230410:53167:53823 [4] NCCL INFO Channel 01/0 : 2[b00000] -> 1[b00000] [send] via NET/IBext/4
ip-0A230417:55605:56260 [4] NCCL INFO Channel 00/0 : 6[b00000] -> 5[b00000] [send] via NET/IBext/4
ip-0A230417:55605:56260 [4] NCCL INFO Channel 01/0 : 6[b00000] -> 5[b00000] [send] via NET/IBext/4
ip-0A230405:17646:18297 [4] NCCL INFO Connected all trees
ip-0A230405:17646:18297 [4] NCCL INFO CollNet 00 : 11 [receive] via COLLNET/SHARP/4
ip-0A23040C:63954:64613 [4] NCCL INFO Connected all trees
ip-0A230408:65382:66034 [4] NCCL INFO Connected all trees
ip-0A23040C:63954:64613 [4] NCCL INFO CollNet 00 : 15 [receive] via COLLNET/SHARP/4
ip-0A230408:65382:66034 [4] NCCL INFO CollNet 00 : 8 [receive] via COLLNET/SHARP/4
ip-0A230413:66239:66927 [4] NCCL INFO Channel 01/0 : 5[b00000] -> 4[b00000] [receive] via NET/IBext/4
ip-0A230412:22574:23233 [4] NCCL INFO Connected all trees
ip-0A230406:3765:4437 [4] NCCL INFO Connected all trees
ip-0A230412:22574:23233 [4] NCCL INFO CollNet 00 : 3 [receive] via COLLNET/SHARP/4
ip-0A230406:3765:4437 [4] NCCL INFO CollNet 00 : 7 [receive] via COLLNET/SHARP/4
ip-0A230407:55390:56052 [4] NCCL INFO Connected all trees
ip-0A230407:55390:56052 [4] NCCL INFO CollNet 00 : 12 [receive] via COLLNET/SHARP/4
ip-0A23040D:27336:27997 [4] NCCL INFO Connected all trees
ip-0A23040D:27336:27997 [4] NCCL INFO CollNet 00 : 0 [receive] via COLLNET/SHARP/4
ip-0A23041D:20807:21460 [4] NCCL INFO Connected all trees
ip-0A230413:66239:66927 [4] NCCL INFO Connected all trees
ip-0A230413:66239:66927 [4] NCCL INFO CollNet 00 : 4 [receive] via COLLNET/SHARP/4
ip-0A23041A:15120:15770 [4] NCCL INFO Connected all trees
ip-0A23040B:39024:39683 [4] NCCL INFO Connected all trees
ip-0A23040E:65145:65810 [4] NCCL INFO Connected all trees
ip-0A230410:53167:53823 [4] NCCL INFO Connected all trees
ip-0A230417:55605:56260 [4] NCCL INFO Connected all trees
ip-0A23040F:81729:82386 [4] NCCL INFO Connected all trees
ip-0A230414:18903:19565 [4] NCCL INFO Connected all trees
ip-0A23041D:20807:21460 [4] NCCL INFO CollNet 00 : 10 [receive] via COLLNET/SHARP/4
ip-0A23040B:39024:39683 [4] NCCL INFO CollNet 00 : 13 [receive] via COLLNET/SHARP/4
ip-0A23041A:15120:15770 [4] NCCL INFO CollNet 00 : 9 [receive] via COLLNET/SHARP/4
ip-0A230410:53167:53823 [4] NCCL INFO CollNet 00 : 2 [receive] via COLLNET/SHARP/4
ip-0A230417:55605:56260 [4] NCCL INFO CollNet 00 : 6 [receive] via COLLNET/SHARP/4
ip-0A23040E:65145:65810 [4] NCCL INFO CollNet 00 : 14 [receive] via COLLNET/SHARP/4
ip-0A23040F:81729:82386 [4] NCCL INFO CollNet 00 : 1 [receive] via COLLNET/SHARP/4
ip-0A230414:18903:19565 [4] NCCL INFO CollNet 00 : 5 [receive] via COLLNET/SHARP/4
