ip-0A230410:85677:86291 [3] NCCL INFO Sharp rank 2/16 initialized on mlx5_ib3:1

ip-0A230410:85677:86291 [3] sharp_plugin.c:288 NCCL WARN NET/IB :SHARP coll init error: Cannot create SHArP job(-11)

ip-0A230410:85677:86291 [3] NCCL INFO include/coll_net.h:21 -> 3
ip-0A23040B:70724:71360 [3] NCCL INFO Sharp rank 13/16 initialized on mlx5_ib3:1

ip-0A23040B:70724:71360 [3] sharp_plugin.c:288 NCCL WARN NET/IB :SHARP coll init error: Cannot create SHArP job(-11)

ip-0A23040B:70724:71360 [3] NCCL INFO include/coll_net.h:21 -> 3
ip-0A23040C:96449:97166 [3] NCCL INFO Sharp rank 15/16 initialized on mlx5_ib3:1

ip-0A23040C:96449:97166 [3] sharp_plugin.c:288 NCCL WARN NET/IB :SHARP coll init error: Cannot create SHArP job(-11)

ip-0A23040C:96449:97166 [3] NCCL INFO include/coll_net.h:21 -> 3
ip-0A23041D:53013:53655 [3] NCCL INFO Sharp rank 10/16 initialized on mlx5_ib3:1

ip-0A23041D:53013:53655 [3] sharp_plugin.c:288 NCCL WARN NET/IB :SHARP coll init error: Cannot create SHArP job(-11)

ip-0A23041D:53013:53655 [3] NCCL INFO include/coll_net.h:21 -> 3
ip-0A230407:87522:88163 [3] NCCL INFO Sharp rank 12/16 initialized on mlx5_ib3:1

ip-0A230407:87522:88163 [3] sharp_plugin.c:288 NCCL WARN NET/IB :SHARP coll init error: Cannot create SHArP job(-11)

ip-0A230407:87522:88163 [3] NCCL INFO include/coll_net.h:21 -> 3
ip-0A230405:49961:50600 [3] NCCL INFO Sharp rank 11/16 initialized on mlx5_ib3:1

ip-0A230405:49961:50600 [3] sharp_plugin.c:288 NCCL WARN NET/IB :SHARP coll init error: Cannot create SHArP job(-11)

ip-0A230405:49961:50600 [3] NCCL INFO include/coll_net.h:21 -> 3
ip-0A230412:55024:55659 [3] NCCL INFO Sharp rank 3/16 initialized on mlx5_ib3:1

ip-0A230412:55024:55659 [3] sharp_plugin.c:288 NCCL WARN NET/IB :SHARP coll init error: Cannot create SHArP job(-11)

ip-0A230412:55024:55659 [3] NCCL INFO include/coll_net.h:21 -> 3
ip-0A230406:43426:44064 [3] NCCL INFO Sharp rank 7/16 initialized on mlx5_ib3:1

ip-0A230406:43426:44064 [3] sharp_plugin.c:288 NCCL WARN NET/IB :SHARP coll init error: Cannot create SHArP job(-11)

ip-0A230406:43426:44064 [3] NCCL INFO include/coll_net.h:21 -> 3
ip-0A230413:708:1368 [3] NCCL INFO Sharp rank 4/16 initialized on mlx5_ib3:1

ip-0A230413:708:1368 [3] sharp_plugin.c:288 NCCL WARN NET/IB :SHARP coll init error: Cannot create SHArP job(-11)

ip-0A230413:708:1368 [3] NCCL INFO include/coll_net.h:21 -> 3
ip-0A230417:88029:88667 [3] NCCL INFO Sharp rank 6/16 initialized on mlx5_ib3:1

ip-0A230417:88029:88667 [3] sharp_plugin.c:288 NCCL WARN NET/IB :SHARP coll init error: Cannot create SHArP job(-11)

ip-0A230417:88029:88667 [3] NCCL INFO include/coll_net.h:21 -> 3
ip-0A23040E:97530:98171 [3] NCCL INFO Sharp rank 14/16 initialized on mlx5_ib3:1

ip-0A23040E:97530:98171 [3] sharp_plugin.c:288 NCCL WARN NET/IB :SHARP coll init error: Cannot create SHArP job(-11)

ip-0A23040E:97530:98171 [3] NCCL INFO include/coll_net.h:21 -> 3
ip-0A23040F:16628:17265 [3] NCCL INFO Sharp rank 1/16 initialized on mlx5_ib3:1

ip-0A23040F:16628:17265 [3] sharp_plugin.c:288 NCCL WARN NET/IB :SHARP coll init error: Cannot create SHArP job(-11)

ip-0A23040F:16628:17265 [3] NCCL INFO include/coll_net.h:21 -> 3
ip-0A230408:7275:7917 [3] NCCL INFO Sharp rank 8/16 initialized on mlx5_ib3:1

ip-0A230408:7275:7917 [3] sharp_plugin.c:288 NCCL WARN NET/IB :SHARP coll init error: Cannot create SHArP job(-11)

ip-0A230408:7275:7917 [3] NCCL INFO include/coll_net.h:21 -> 3
ip-0A23041D:53013:53654 [3] NCCL INFO transport.cc:222 -> 2

ip-0A23041D:53013:53654 [3] transport.cc:253 NCCL WARN Cannot initialize CollNet, using point-to-point network instead
ip-0A23041D:53013:53654 [3] NCCL INFO init.cc:765 -> 2
ip-0A23041A:46908:47541 [3] NCCL INFO transport.cc:222 -> 2

ip-0A23041A:46908:47541 [3] transport.cc:253 NCCL WARN Cannot initialize CollNet, using point-to-point network instead
ip-0A230410:85677:86290 [3] NCCL INFO transport.cc:222 -> 2

ip-0A230410:85677:86290 [3] transport.cc:253 NCCL WARN Cannot initialize CollNet, using point-to-point network instead
ip-0A230410:85677:86290 [3] NCCL INFO init.cc:765 -> 2
ip-0A23040B:70724:71359 [3] NCCL INFO transport.cc:222 -> 2

ip-0A23040B:70724:71359 [3] transport.cc:253 NCCL WARN Cannot initialize CollNet, using point-to-point network instead
ip-0A23040B:70724:71359 [3] NCCL INFO init.cc:765 -> 2
ip-0A23040C:96449:97165 [3] NCCL INFO transport.cc:222 -> 2

ip-0A23040C:96449:97165 [3] transport.cc:253 NCCL WARN Cannot initialize CollNet, using point-to-point network instead
ip-0A23040C:96449:97165 [3] NCCL INFO init.cc:765 -> 2
ip-0A23041D:53013:53654 [3] NCCL INFO threadThresholds 8/8/64 | 128/8/64 | 8/8/512
ip-0A23041D:53013:53654 [3] NCCL INFO 2 coll channels, 2 p2p channels, 2 p2p channels per peer
ip-0A23041A:46908:47541 [3] NCCL INFO init.cc:765 -> 2
ip-0A230410:85677:86290 [3] NCCL INFO threadThresholds 8/8/64 | 128/8/64 | 8/8/512
ip-0A230414:51223:51865 [3] NCCL INFO Sharp rank 5/16 initialized on mlx5_ib3:1

ip-0A230414:51223:51865 [3] sharp_plugin.c:288 NCCL WARN NET/IB :SHARP coll init error: Cannot create SHArP job(-11)

ip-0A230414:51223:51865 [3] NCCL INFO include/coll_net.h:21 -> 3
ip-0A23040B:70724:71359 [3] NCCL INFO threadThresholds 8/8/64 | 128/8/64 | 8/8/512
ip-0A23040B:70724:71359 [3] NCCL INFO 2 coll channels, 2 p2p channels, 2 p2p channels per peer
ip-0A23040C:96449:97165 [3] NCCL INFO threadThresholds 8/8/64 | 128/8/64 | 8/8/512
ip-0A23040C:96449:97165 [3] NCCL INFO 2 coll channels, 2 p2p channels, 2 p2p channels per peer
ip-0A23041A:46908:47541 [3] NCCL INFO threadThresholds 8/8/64 | 128/8/64 | 8/8/512
ip-0A230407:87522:88162 [3] NCCL INFO transport.cc:222 -> 2

ip-0A230407:87522:88162 [3] transport.cc:253 NCCL WARN Cannot initialize CollNet, using point-to-point network instead
ip-0A230407:87522:88162 [3] NCCL INFO init.cc:765 -> 2
ip-0A230410:85677:86290 [3] NCCL INFO 2 coll channels, 2 p2p channels, 2 p2p channels per peer
ip-0A230412:55024:55658 [3] NCCL INFO transport.cc:222 -> 2

ip-0A230412:55024:55658 [3] transport.cc:253 NCCL WARN Cannot initialize CollNet, using point-to-point network instead
ip-0A230412:55024:55658 [3] NCCL INFO init.cc:765 -> 2
ip-0A23041A:46908:47541 [3] NCCL INFO 2 coll channels, 2 p2p channels, 2 p2p channels per peer
ip-0A230407:87522:88162 [3] NCCL INFO threadThresholds 8/8/64 | 128/8/64 | 8/8/512
ip-0A230407:87522:88162 [3] NCCL INFO 2 coll channels, 2 p2p channels, 2 p2p channels per peer
ip-0A230412:55024:55658 [3] NCCL INFO threadThresholds 8/8/64 | 128/8/64 | 8/8/512
ip-0A230412:55024:55658 [3] NCCL INFO 2 coll channels, 2 p2p channels, 2 p2p channels per peer
ip-0A230413:708:1367 [3] NCCL INFO transport.cc:222 -> 2

ip-0A230413:708:1367 [3] transport.cc:253 NCCL WARN Cannot initialize CollNet, using point-to-point network instead
ip-0A230413:708:1367 [3] NCCL INFO init.cc:765 -> 2
ip-0A230413:708:1367 [3] NCCL INFO threadThresholds 8/8/64 | 128/8/64 | 8/8/512
ip-0A230413:708:1367 [3] NCCL INFO 2 coll channels, 2 p2p channels, 2 p2p channels per peer
ip-0A230406:43426:44063 [3] NCCL INFO transport.cc:222 -> 2

ip-0A230406:43426:44063 [3] transport.cc:253 NCCL WARN Cannot initialize CollNet, using point-to-point network instead
ip-0A230406:43426:44063 [3] NCCL INFO init.cc:765 -> 2
ip-0A23040E:97530:98169 [3] NCCL INFO transport.cc:222 -> 2

ip-0A23040E:97530:98169 [3] transport.cc:253 NCCL WARN Cannot initialize CollNet, using point-to-point network instead
ip-0A23040E:97530:98169 [3] NCCL INFO init.cc:765 -> 2
ip-0A23040E:97530:98169 [3] NCCL INFO threadThresholds 8/8/64 | 128/8/64 | 8/8/512
ip-0A23040E:97530:98169 [3] NCCL INFO 2 coll channels, 2 p2p channels, 2 p2p channels per peer
ip-0A230405:49961:50598 [3] NCCL INFO transport.cc:222 -> 2

ip-0A230405:49961:50598 [3] transport.cc:253 NCCL WARN Cannot initialize CollNet, using point-to-point network instead
ip-0A230405:49961:50598 [3] NCCL INFO init.cc:765 -> 2
ip-0A230406:43426:44063 [3] NCCL INFO threadThresholds 8/8/64 | 128/8/64 | 8/8/512
ip-0A230406:43426:44063 [3] NCCL INFO 2 coll channels, 2 p2p channels, 2 p2p channels per peer
ip-0A230405:49961:50598 [3] NCCL INFO threadThresholds 8/8/64 | 128/8/64 | 8/8/512
ip-0A230405:49961:50598 [3] NCCL INFO 2 coll channels, 2 p2p channels, 2 p2p channels per peer
ip-0A230417:88029:88666 [3] NCCL INFO transport.cc:222 -> 2
ip-0A23040F:16628:17264 [3] NCCL INFO transport.cc:222 -> 2

ip-0A23040F:16628:17264 [3] transport.cc:253 NCCL WARN Cannot initialize CollNet, using point-to-point network instead

ip-0A230417:88029:88666 [3] transport.cc:253 NCCL WARN Cannot initialize CollNet, using point-to-point network instead
ip-0A230417:88029:88666 [3] NCCL INFO init.cc:765 -> 2
ip-0A230408:7275:7916 [3] NCCL INFO transport.cc:222 -> 2

ip-0A230408:7275:7916 [3] transport.cc:253 NCCL WARN Cannot initialize CollNet, using point-to-point network instead
ip-0A230408:7275:7916 [3] NCCL INFO init.cc:765 -> 2
ip-0A230408:7275:7916 [3] NCCL INFO threadThresholds 8/8/64 | 128/8/64 | 8/8/512
ip-0A230408:7275:7916 [3] NCCL INFO 2 coll channels, 2 p2p channels, 2 p2p channels per peer
ip-0A23040F:16628:17264 [3] NCCL INFO init.cc:765 -> 2
ip-0A230417:88029:88666 [3] NCCL INFO threadThresholds 8/8/64 | 128/8/64 | 8/8/512
ip-0A230417:88029:88666 [3] NCCL INFO 2 coll channels, 2 p2p channels, 2 p2p channels per peer
ip-0A23040F:16628:17264 [3] NCCL INFO threadThresholds 8/8/64 | 128/8/64 | 8/8/512
ip-0A23040F:16628:17264 [3] NCCL INFO 2 coll channels, 2 p2p channels, 2 p2p channels per peer
ip-0A230414:51223:51864 [3] NCCL INFO transport.cc:222 -> 2

ip-0A230414:51223:51864 [3] transport.cc:253 NCCL WARN Cannot initialize CollNet, using point-to-point network instead
ip-0A230414:51223:51864 [3] NCCL INFO init.cc:765 -> 2
ip-0A230414:51223:51864 [3] NCCL INFO threadThresholds 8/8/64 | 128/8/64 | 8/8/512
ip-0A230414:51223:51864 [3] NCCL INFO 2 coll channels, 2 p2p channels, 2 p2p channels per peer
ip-0A23041D:53013:53654 [3] NCCL INFO comm 0x150ab0008fb0 rank 10 nranks 16 cudaDev 3 busId 400000 - Init COMPLETE
ip-0A23040B:70724:71359 [3] NCCL INFO comm 0x14bd60008fb0 rank 13 nranks 16 cudaDev 3 busId 400000 - Init COMPLETE
ip-0A23041A:46908:47541 [3] NCCL INFO comm 0x147134008fb0 rank 9 nranks 16 cudaDev 3 busId 400000 - Init COMPLETE
ip-0A230410:85677:86290 [3] NCCL INFO comm 0x14750c008fb0 rank 2 nranks 16 cudaDev 3 busId 400000 - Init COMPLETE
ip-0A230417:88029:88666 [3] NCCL INFO comm 0x14df34008fb0 rank 6 nranks 16 cudaDev 3 busId 400000 - Init COMPLETE
ip-0A23040E:97530:98169 [3] NCCL INFO comm 0x153f44008fb0 rank 14 nranks 16 cudaDev 3 busId 400000 - Init COMPLETE
ip-0A230414:51223:51864 [3] NCCL INFO comm 0x154dd4008fb0 rank 5 nranks 16 cudaDev 3 busId 400000 - Init COMPLETE
ip-0A23040F:16628:17264 [3] NCCL INFO comm 0x150ee0008fb0 rank 1 nranks 16 cudaDev 3 busId 400000 - Init COMPLETE
ip-0A230405:49961:50598 [3] NCCL INFO comm 0x153a94008fb0 rank 11 nranks 16 cudaDev 3 busId 400000 - Init COMPLETE
ip-0A230408:7275:7916 [3] NCCL INFO comm 0x14f3cc008fb0 rank 8 nranks 16 cudaDev 3 busId 400000 - Init COMPLETE
ip-0A230407:87522:88162 [3] NCCL INFO comm 0x1503b0008fb0 rank 12 nranks 16 cudaDev 3 busId 400000 - Init COMPLETE
ip-0A230406:43426:44063 [3] NCCL INFO comm 0x154dd0008fb0 rank 7 nranks 16 cudaDev 3 busId 400000 - Init COMPLETE
ip-0A230413:708:1367 [3] NCCL INFO comm 0x1458bc008fb0 rank 4 nranks 16 cudaDev 3 busId 400000 - Init COMPLETE
ip-0A23040C:96449:97165 [3] NCCL INFO comm 0x15276c008fb0 rank 15 nranks 16 cudaDev 3 busId 400000 - Init COMPLETE
ip-0A230412:55024:55658 [3] NCCL INFO comm 0x146420008fb0 rank 3 nranks 16 cudaDev 3 busId 400000 - Init COMPLETE
ip-0A23040D:57060:57689 [3] NCCL INFO Sharp rank 0/16 initialized on mlx5_ib3:1

ip-0A23040D:57060:57689 [3] sharp_plugin.c:288 NCCL WARN NET/IB :SHARP coll init error: Cannot create SHArP job(-11)

ip-0A23040D:57060:57689 [3] NCCL INFO include/coll_net.h:21 -> 3
ip-0A23040D:57060:57688 [3] NCCL INFO transport.cc:222 -> 2

ip-0A23040D:57060:57688 [3] transport.cc:253 NCCL WARN Cannot initialize CollNet, using point-to-point network instead
ip-0A23040D:57060:57688 [3] NCCL INFO init.cc:765 -> 2
ip-0A23040D:57060:57688 [3] NCCL INFO threadThresholds 8/8/64 | 128/8/64 | 8/8/512
ip-0A23040D:57060:57688 [3] NCCL INFO 2 coll channels, 2 p2p channels, 2 p2p channels per peer
ip-0A23040D:57060:57688 [3] NCCL INFO comm 0x14582c008fb0 rank 0 nranks 16 cudaDev 3 busId 400000 - Init COMPLETE
ip-0A23040D:57060:57060 [3] NCCL INFO Launch mode Parallel
ip-0A23040D:57043:57043 [4] NCCL INFO Bootstrap : Using eth0:10.35.4.13<0>
ip-0A23040D:57043:57043 [4] NCCL INFO NET/Plugin: Failed to find ncclNetPlugin_v5 symbol.
ip-0A23040D:57043:57043 [4] NCCL INFO NET/Plugin: Failed to find ncclCollNetPlugin_v5 symbol.
ip-0A23040D:57043:57043 [4] NCCL INFO Plugin Path : /opt/hpcx/nccl_rdma_sharp_plugin/lib/libnccl-net.so
ip-0A23040D:57043:57043 [4] NCCL INFO P2P plugin IBext
ip-0A23040D:57043:57043 [4] NCCL INFO NCCL_IB_PCI_RELAXED_ORDERING set by environment to 1.
ip-0A23040D:57043:57043 [4] NCCL INFO NET/IB : Using [0]mlx5_ib0:1/IB/SHARP [1]mlx5_ib1:1/IB/SHARP [2]mlx5_ib2:1/IB/SHARP [3]mlx5_ib3:1/IB/SHARP [4]mlx5_ib4:1/IB/SHARP [5]mlx5_ib5:1/IB/SHARP [6]mlx5_ib6:1/IB/SHARP [7]mlx5_ib7:1/IB/SHARP ; OOB eth0:10.35.4.13<0>
ip-0A23040D:57043:57043 [4] NCCL INFO Using network IBext
NCCL version 2.12.10+cuda11.6
ip-0A230408:7270:7270 [4] NCCL INFO Bootstrap : Using eth0:10.35.4.8<0>
ip-0A23040F:16632:16632 [4] NCCL INFO Bootstrap : Using eth0:10.35.4.15<0>
ip-0A23040C:96453:96453 [4] NCCL INFO Bootstrap : Using eth0:10.35.4.12<0>
ip-0A230405:49963:49963 [4] NCCL INFO Bootstrap : Using eth0:10.35.4.5<0>
ip-0A230414:51224:51224 [4] NCCL INFO Bootstrap : Using eth0:10.35.4.20<0>
ip-0A230417:88023:88023 [4] NCCL INFO Bootstrap : Using eth0:10.35.4.23<0>
ip-0A230412:55020:55020 [4] NCCL INFO Bootstrap : Using eth0:10.35.4.18<0>
ip-0A23041D:53018:53018 [4] NCCL INFO Bootstrap : Using eth0:10.35.4.29<0>
ip-0A230407:87521:87521 [4] NCCL INFO Bootstrap : Using eth0:10.35.4.7<0>
ip-0A23040B:70727:70727 [4] NCCL INFO Bootstrap : Using eth0:10.35.4.11<0>
ip-0A230406:43424:43424 [4] NCCL INFO Bootstrap : Using eth0:10.35.4.6<0>
ip-0A230413:707:707 [4] NCCL INFO Bootstrap : Using eth0:10.35.4.19<0>
ip-0A230410:85652:85652 [4] NCCL INFO Bootstrap : Using eth0:10.35.4.16<0>
ip-0A23041A:46909:46909 [4] NCCL INFO Bootstrap : Using eth0:10.35.4.26<0>
ip-0A23040E:97537:97537 [4] NCCL INFO Bootstrap : Using eth0:10.35.4.14<0>
ip-0A230414:51224:51224 [4] NCCL INFO NET/Plugin: Failed to find ncclNetPlugin_v5 symbol.
ip-0A230414:51224:51224 [4] NCCL INFO NET/Plugin: Failed to find ncclCollNetPlugin_v5 symbol.
ip-0A23040F:16632:16632 [4] NCCL INFO NET/Plugin: Failed to find ncclNetPlugin_v5 symbol.
ip-0A23040F:16632:16632 [4] NCCL INFO NET/Plugin: Failed to find ncclCollNetPlugin_v5 symbol.
ip-0A230414:51224:51224 [4] NCCL INFO Plugin Path : /opt/hpcx/nccl_rdma_sharp_plugin/lib/libnccl-net.so
ip-0A230414:51224:51224 [4] NCCL INFO P2P plugin IBext
ip-0A230414:51224:51224 [4] NCCL INFO NCCL_IB_PCI_RELAXED_ORDERING set by environment to 1.
ip-0A23040F:16632:16632 [4] NCCL INFO Plugin Path : /opt/hpcx/nccl_rdma_sharp_plugin/lib/libnccl-net.so
ip-0A23040F:16632:16632 [4] NCCL INFO P2P plugin IBext
ip-0A23040F:16632:16632 [4] NCCL INFO NCCL_IB_PCI_RELAXED_ORDERING set by environment to 1.
ip-0A23040C:96453:96453 [4] NCCL INFO NET/Plugin: Failed to find ncclNetPlugin_v5 symbol.
ip-0A23040C:96453:96453 [4] NCCL INFO NET/Plugin: Failed to find ncclCollNetPlugin_v5 symbol.
ip-0A23040C:96453:96453 [4] NCCL INFO Plugin Path : /opt/hpcx/nccl_rdma_sharp_plugin/lib/libnccl-net.so
ip-0A23040C:96453:96453 [4] NCCL INFO P2P plugin IBext
ip-0A23040C:96453:96453 [4] NCCL INFO NCCL_IB_PCI_RELAXED_ORDERING set by environment to 1.
ip-0A230412:55020:55020 [4] NCCL INFO NET/Plugin: Failed to find ncclNetPlugin_v5 symbol.
ip-0A230412:55020:55020 [4] NCCL INFO NET/Plugin: Failed to find ncclCollNetPlugin_v5 symbol.
ip-0A230412:55020:55020 [4] NCCL INFO Plugin Path : /opt/hpcx/nccl_rdma_sharp_plugin/lib/libnccl-net.so
ip-0A230412:55020:55020 [4] NCCL INFO P2P plugin IBext
ip-0A230412:55020:55020 [4] NCCL INFO NCCL_IB_PCI_RELAXED_ORDERING set by environment to 1.
ip-0A230405:49963:49963 [4] NCCL INFO NET/Plugin: Failed to find ncclNetPlugin_v5 symbol.
ip-0A230405:49963:49963 [4] NCCL INFO NET/Plugin: Failed to find ncclCollNetPlugin_v5 symbol.
ip-0A230408:7270:7270 [4] NCCL INFO NET/Plugin: Failed to find ncclNetPlugin_v5 symbol.
ip-0A230408:7270:7270 [4] NCCL INFO NET/Plugin: Failed to find ncclCollNetPlugin_v5 symbol.
ip-0A230405:49963:49963 [4] NCCL INFO Plugin Path : /opt/hpcx/nccl_rdma_sharp_plugin/lib/libnccl-net.so
ip-0A230405:49963:49963 [4] NCCL INFO P2P plugin IBext
ip-0A230405:49963:49963 [4] NCCL INFO NCCL_IB_PCI_RELAXED_ORDERING set by environment to 1.
ip-0A230408:7270:7270 [4] NCCL INFO Plugin Path : /opt/hpcx/nccl_rdma_sharp_plugin/lib/libnccl-net.so
ip-0A230408:7270:7270 [4] NCCL INFO P2P plugin IBext
ip-0A230408:7270:7270 [4] NCCL INFO NCCL_IB_PCI_RELAXED_ORDERING set by environment to 1.
ip-0A230407:87521:87521 [4] NCCL INFO NET/Plugin: Failed to find ncclNetPlugin_v5 symbol.
ip-0A230407:87521:87521 [4] NCCL INFO NET/Plugin: Failed to find ncclCollNetPlugin_v5 symbol.
ip-0A230407:87521:87521 [4] NCCL INFO Plugin Path : /opt/hpcx/nccl_rdma_sharp_plugin/lib/libnccl-net.so
ip-0A230407:87521:87521 [4] NCCL INFO P2P plugin IBext
ip-0A230407:87521:87521 [4] NCCL INFO NCCL_IB_PCI_RELAXED_ORDERING set by environment to 1.
ip-0A230413:707:707 [4] NCCL INFO NET/Plugin: Failed to find ncclNetPlugin_v5 symbol.
ip-0A230413:707:707 [4] NCCL INFO NET/Plugin: Failed to find ncclCollNetPlugin_v5 symbol.
ip-0A230406:43424:43424 [4] NCCL INFO NET/Plugin: Failed to find ncclNetPlugin_v5 symbol.
ip-0A230406:43424:43424 [4] NCCL INFO NET/Plugin: Failed to find ncclCollNetPlugin_v5 symbol.
ip-0A230413:707:707 [4] NCCL INFO Plugin Path : /opt/hpcx/nccl_rdma_sharp_plugin/lib/libnccl-net.so
ip-0A230413:707:707 [4] NCCL INFO P2P plugin IBext
ip-0A230413:707:707 [4] NCCL INFO NCCL_IB_PCI_RELAXED_ORDERING set by environment to 1.
ip-0A230406:43424:43424 [4] NCCL INFO Plugin Path : /opt/hpcx/nccl_rdma_sharp_plugin/lib/libnccl-net.so
ip-0A230406:43424:43424 [4] NCCL INFO P2P plugin IBext
ip-0A230406:43424:43424 [4] NCCL INFO NCCL_IB_PCI_RELAXED_ORDERING set by environment to 1.
ip-0A23041D:53018:53018 [4] NCCL INFO NET/Plugin: Failed to find ncclNetPlugin_v5 symbol.
ip-0A23041D:53018:53018 [4] NCCL INFO NET/Plugin: Failed to find ncclCollNetPlugin_v5 symbol.
ip-0A23041D:53018:53018 [4] NCCL INFO Plugin Path : /opt/hpcx/nccl_rdma_sharp_plugin/lib/libnccl-net.so
ip-0A23041D:53018:53018 [4] NCCL INFO P2P plugin IBext
ip-0A23041D:53018:53018 [4] NCCL INFO NCCL_IB_PCI_RELAXED_ORDERING set by environment to 1.
ip-0A230417:88023:88023 [4] NCCL INFO NET/Plugin: Failed to find ncclNetPlugin_v5 symbol.
ip-0A230417:88023:88023 [4] NCCL INFO NET/Plugin: Failed to find ncclCollNetPlugin_v5 symbol.
ip-0A230417:88023:88023 [4] NCCL INFO Plugin Path : /opt/hpcx/nccl_rdma_sharp_plugin/lib/libnccl-net.so
ip-0A230417:88023:88023 [4] NCCL INFO P2P plugin IBext
ip-0A230417:88023:88023 [4] NCCL INFO NCCL_IB_PCI_RELAXED_ORDERING set by environment to 1.
ip-0A23040B:70727:70727 [4] NCCL INFO NET/Plugin: Failed to find ncclNetPlugin_v5 symbol.
ip-0A23040B:70727:70727 [4] NCCL INFO NET/Plugin: Failed to find ncclCollNetPlugin_v5 symbol.
ip-0A23040B:70727:70727 [4] NCCL INFO Plugin Path : /opt/hpcx/nccl_rdma_sharp_plugin/lib/libnccl-net.so
ip-0A23040B:70727:70727 [4] NCCL INFO P2P plugin IBext
ip-0A23040B:70727:70727 [4] NCCL INFO NCCL_IB_PCI_RELAXED_ORDERING set by environment to 1.
ip-0A23041A:46909:46909 [4] NCCL INFO NET/Plugin: Failed to find ncclNetPlugin_v5 symbol.
ip-0A23041A:46909:46909 [4] NCCL INFO NET/Plugin: Failed to find ncclCollNetPlugin_v5 symbol.
ip-0A23041A:46909:46909 [4] NCCL INFO Plugin Path : /opt/hpcx/nccl_rdma_sharp_plugin/lib/libnccl-net.so
ip-0A23041A:46909:46909 [4] NCCL INFO P2P plugin IBext
ip-0A23041A:46909:46909 [4] NCCL INFO NCCL_IB_PCI_RELAXED_ORDERING set by environment to 1.
ip-0A23040E:97537:97537 [4] NCCL INFO NET/Plugin: Failed to find ncclNetPlugin_v5 symbol.
ip-0A23040E:97537:97537 [4] NCCL INFO NET/Plugin: Failed to find ncclCollNetPlugin_v5 symbol.
ip-0A23040E:97537:97537 [4] NCCL INFO Plugin Path : /opt/hpcx/nccl_rdma_sharp_plugin/lib/libnccl-net.so
ip-0A23040E:97537:97537 [4] NCCL INFO P2P plugin IBext
ip-0A23040E:97537:97537 [4] NCCL INFO NCCL_IB_PCI_RELAXED_ORDERING set by environment to 1.
ip-0A230410:85652:85652 [4] NCCL INFO NET/Plugin: Failed to find ncclNetPlugin_v5 symbol.
ip-0A230410:85652:85652 [4] NCCL INFO NET/Plugin: Failed to find ncclCollNetPlugin_v5 symbol.
ip-0A230410:85652:85652 [4] NCCL INFO Plugin Path : /opt/hpcx/nccl_rdma_sharp_plugin/lib/libnccl-net.so
ip-0A230410:85652:85652 [4] NCCL INFO P2P plugin IBext
ip-0A230410:85652:85652 [4] NCCL INFO NCCL_IB_PCI_RELAXED_ORDERING set by environment to 1.
ip-0A230414:51224:51224 [4] NCCL INFO NET/IB : Using [0]mlx5_ib0:1/IB/SHARP [1]mlx5_ib1:1/IB/SHARP [2]mlx5_ib2:1/IB/SHARP [3]mlx5_ib3:1/IB/SHARP [4]mlx5_ib4:1/IB/SHARP [5]mlx5_ib5:1/IB/SHARP [6]mlx5_ib6:1/IB/SHARP [7]mlx5_ib7:1/IB/SHARP ; OOB eth0:10.35.4.20<0>
ip-0A230414:51224:51224 [4] NCCL INFO Using network IBext
ip-0A230408:7270:7270 [4] NCCL INFO NET/IB : Using [0]mlx5_ib0:1/IB/SHARP [1]mlx5_ib1:1/IB/SHARP [2]mlx5_ib2:1/IB/SHARP [3]mlx5_ib3:1/IB/SHARP [4]mlx5_ib4:1/IB/SHARP [5]mlx5_ib5:1/IB/SHARP [6]mlx5_ib6:1/IB/SHARP [7]mlx5_ib7:1/IB/SHARP ; OOB eth0:10.35.4.8<0>
ip-0A230408:7270:7270 [4] NCCL INFO Using network IBext
ip-0A23040F:16632:16632 [4] NCCL INFO NET/IB : Using [0]mlx5_ib0:1/IB/SHARP [1]mlx5_ib1:1/IB/SHARP [2]mlx5_ib2:1/IB/SHARP [3]mlx5_ib3:1/IB/SHARP [4]mlx5_ib4:1/IB/SHARP [5]mlx5_ib5:1/IB/SHARP [6]mlx5_ib6:1/IB/SHARP [7]mlx5_ib7:1/IB/SHARP ; OOB eth0:10.35.4.15<0>
ip-0A23040F:16632:16632 [4] NCCL INFO Using network IBext
ip-0A230412:55020:55020 [4] NCCL INFO NET/IB : Using [0]mlx5_ib0:1/IB/SHARP [1]mlx5_ib1:1/IB/SHARP [2]mlx5_ib2:1/IB/SHARP [3]mlx5_ib3:1/IB/SHARP [4]mlx5_ib4:1/IB/SHARP [5]mlx5_ib5:1/IB/SHARP [6]mlx5_ib6:1/IB/SHARP [7]mlx5_ib7:1/IB/SHARP ; OOB eth0:10.35.4.18<0>
ip-0A230412:55020:55020 [4] NCCL INFO Using network IBext
ip-0A23040C:96453:96453 [4] NCCL INFO NET/IB : Using [0]mlx5_ib0:1/IB/SHARP [1]mlx5_ib1:1/IB/SHARP [2]mlx5_ib2:1/IB/SHARP [3]mlx5_ib3:1/IB/SHARP [4]mlx5_ib4:1/IB/SHARP [5]mlx5_ib5:1/IB/SHARP [6]mlx5_ib6:1/IB/SHARP [7]mlx5_ib7:1/IB/SHARP ; OOB eth0:10.35.4.12<0>
ip-0A23040C:96453:96453 [4] NCCL INFO Using network IBext
ip-0A230407:87521:87521 [4] NCCL INFO NET/IB : Using [0]mlx5_ib0:1/IB/SHARP [1]mlx5_ib1:1/IB/SHARP [2]mlx5_ib2:1/IB/SHARP [3]mlx5_ib3:1/IB/SHARP [4]mlx5_ib4:1/IB/SHARP [5]mlx5_ib5:1/IB/SHARP [6]mlx5_ib6:1/IB/SHARP [7]mlx5_ib7:1/IB/SHARP ; OOB eth0:10.35.4.7<0>
ip-0A230407:87521:87521 [4] NCCL INFO Using network IBext
ip-0A230406:43424:43424 [4] NCCL INFO NET/IB : Using [0]mlx5_ib0:1/IB/SHARP [1]mlx5_ib1:1/IB/SHARP [2]mlx5_ib2:1/IB/SHARP [3]mlx5_ib3:1/IB/SHARP [4]mlx5_ib4:1/IB/SHARP [5]mlx5_ib5:1/IB/SHARP [6]mlx5_ib6:1/IB/SHARP [7]mlx5_ib7:1/IB/SHARP ; OOB eth0:10.35.4.6<0>
ip-0A230406:43424:43424 [4] NCCL INFO Using network IBext
ip-0A230405:49963:49963 [4] NCCL INFO NET/IB : Using [0]mlx5_ib0:1/IB/SHARP [1]mlx5_ib1:1/IB/SHARP [2]mlx5_ib2:1/IB/SHARP [3]mlx5_ib3:1/IB/SHARP [4]mlx5_ib4:1/IB/SHARP [5]mlx5_ib5:1/IB/SHARP [6]mlx5_ib6:1/IB/SHARP [7]mlx5_ib7:1/IB/SHARP ; OOB eth0:10.35.4.5<0>
ip-0A230405:49963:49963 [4] NCCL INFO Using network IBext
ip-0A230417:88023:88023 [4] NCCL INFO NET/IB : Using [0]mlx5_ib0:1/IB/SHARP [1]mlx5_ib1:1/IB/SHARP [2]mlx5_ib2:1/IB/SHARP [3]mlx5_ib3:1/IB/SHARP [4]mlx5_ib4:1/IB/SHARP [5]mlx5_ib5:1/IB/SHARP [6]mlx5_ib6:1/IB/SHARP [7]mlx5_ib7:1/IB/SHARP ; OOB eth0:10.35.4.23<0>
ip-0A230417:88023:88023 [4] NCCL INFO Using network IBext
ip-0A23041D:53018:53018 [4] NCCL INFO NET/IB : Using [0]mlx5_ib0:1/IB/SHARP [1]mlx5_ib1:1/IB/SHARP [2]mlx5_ib2:1/IB/SHARP [3]mlx5_ib3:1/IB/SHARP [4]mlx5_ib4:1/IB/SHARP [5]mlx5_ib5:1/IB/SHARP [6]mlx5_ib6:1/IB/SHARP [7]mlx5_ib7:1/IB/SHARP ; OOB eth0:10.35.4.29<0>
ip-0A23041D:53018:53018 [4] NCCL INFO Using network IBext
ip-0A230413:707:707 [4] NCCL INFO NET/IB : Using [0]mlx5_ib0:1/IB/SHARP [1]mlx5_ib1:1/IB/SHARP [2]mlx5_ib2:1/IB/SHARP [3]mlx5_ib3:1/IB/SHARP [4]mlx5_ib4:1/IB/SHARP [5]mlx5_ib5:1/IB/SHARP [6]mlx5_ib6:1/IB/SHARP [7]mlx5_ib7:1/IB/SHARP ; OOB eth0:10.35.4.19<0>
ip-0A230413:707:707 [4] NCCL INFO Using network IBext
ip-0A23040B:70727:70727 [4] NCCL INFO NET/IB : Using [0]mlx5_ib0:1/IB/SHARP [1]mlx5_ib1:1/IB/SHARP [2]mlx5_ib2:1/IB/SHARP [3]mlx5_ib3:1/IB/SHARP [4]mlx5_ib4:1/IB/SHARP [5]mlx5_ib5:1/IB/SHARP [6]mlx5_ib6:1/IB/SHARP [7]mlx5_ib7:1/IB/SHARP ; OOB eth0:10.35.4.11<0>
ip-0A23040B:70727:70727 [4] NCCL INFO Using network IBext
ip-0A23041A:46909:46909 [4] NCCL INFO NET/IB : Using [0]mlx5_ib0:1/IB/SHARP [1]mlx5_ib1:1/IB/SHARP [2]mlx5_ib2:1/IB/SHARP [3]mlx5_ib3:1/IB/SHARP [4]mlx5_ib4:1/IB/SHARP [5]mlx5_ib5:1/IB/SHARP [6]mlx5_ib6:1/IB/SHARP [7]mlx5_ib7:1/IB/SHARP ; OOB eth0:10.35.4.26<0>
ip-0A23041A:46909:46909 [4] NCCL INFO Using network IBext
ip-0A23040E:97537:97537 [4] NCCL INFO NET/IB : Using [0]mlx5_ib0:1/IB/SHARP [1]mlx5_ib1:1/IB/SHARP [2]mlx5_ib2:1/IB/SHARP [3]mlx5_ib3:1/IB/SHARP [4]mlx5_ib4:1/IB/SHARP [5]mlx5_ib5:1/IB/SHARP [6]mlx5_ib6:1/IB/SHARP [7]mlx5_ib7:1/IB/SHARP ; OOB eth0:10.35.4.14<0>
ip-0A23040E:97537:97537 [4] NCCL INFO Using network IBext
ip-0A230410:85652:85652 [4] NCCL INFO NET/IB : Using [0]mlx5_ib0:1/IB/SHARP [1]mlx5_ib1:1/IB/SHARP [2]mlx5_ib2:1/IB/SHARP [3]mlx5_ib3:1/IB/SHARP [4]mlx5_ib4:1/IB/SHARP [5]mlx5_ib5:1/IB/SHARP [6]mlx5_ib6:1/IB/SHARP [7]mlx5_ib7:1/IB/SHARP ; OOB eth0:10.35.4.16<0>
ip-0A230410:85652:85652 [4] NCCL INFO Using network IBext
ip-0A23040F:16632:17287 [4] NCCL INFO NCCL_P2P_LEVEL set by environment to LOC
ip-0A230412:55020:55678 [4] NCCL INFO NCCL_P2P_LEVEL set by environment to LOC
ip-0A230408:7270:7940 [4] NCCL INFO NCCL_P2P_LEVEL set by environment to LOC
ip-0A23040F:16632:17287 [4] NCCL INFO PXN Disabled as plugin is v4
ip-0A230414:51224:51877 [4] NCCL INFO NCCL_P2P_LEVEL set by environment to LOC
ip-0A23041A:46909:47554 [4] NCCL INFO NCCL_P2P_LEVEL set by environment to LOC
ip-0A230412:55020:55678 [4] NCCL INFO PXN Disabled as plugin is v4
ip-0A230408:7270:7940 [4] NCCL INFO PXN Disabled as plugin is v4
ip-0A23040D:57043:57702 [4] NCCL INFO NCCL_P2P_LEVEL set by environment to LOC
ip-0A23040F:16632:17287 [4] NCCL INFO NCCL_COLLNET_ENABLE set by environment to 1.
ip-0A230414:51224:51877 [4] NCCL INFO PXN Disabled as plugin is v4
ip-0A23041A:46909:47554 [4] NCCL INFO PXN Disabled as plugin is v4
ip-0A23040E:97537:98184 [4] NCCL INFO NCCL_P2P_LEVEL set by environment to LOC
ip-0A23040C:96453:97178 [4] NCCL INFO NCCL_P2P_LEVEL set by environment to LOC
ip-0A230412:55020:55678 [4] NCCL INFO NCCL_COLLNET_ENABLE set by environment to 1.
ip-0A23040D:57043:57702 [4] NCCL INFO PXN Disabled as plugin is v4
ip-0A230408:7270:7940 [4] NCCL INFO NCCL_COLLNET_ENABLE set by environment to 1.
ip-0A23040E:97537:98184 [4] NCCL INFO PXN Disabled as plugin is v4
ip-0A230414:51224:51877 [4] NCCL INFO NCCL_COLLNET_ENABLE set by environment to 1.
ip-0A23040B:70727:71373 [4] NCCL INFO NCCL_P2P_LEVEL set by environment to LOC
ip-0A23041A:46909:47554 [4] NCCL INFO NCCL_COLLNET_ENABLE set by environment to 1.
ip-0A230406:43424:44082 [4] NCCL INFO NCCL_P2P_LEVEL set by environment to LOC
ip-0A230405:49963:50612 [4] NCCL INFO NCCL_P2P_LEVEL set by environment to LOC
ip-0A23040C:96453:97178 [4] NCCL INFO PXN Disabled as plugin is v4
ip-0A23040D:57043:57702 [4] NCCL INFO NCCL_COLLNET_ENABLE set by environment to 1.
ip-0A230413:707:1380 [4] NCCL INFO NCCL_P2P_LEVEL set by environment to LOC
ip-0A23040B:70727:71373 [4] NCCL INFO PXN Disabled as plugin is v4
ip-0A230417:88023:88679 [4] NCCL INFO NCCL_P2P_LEVEL set by environment to LOC
ip-0A230406:43424:44082 [4] NCCL INFO PXN Disabled as plugin is v4
ip-0A23040E:97537:98184 [4] NCCL INFO NCCL_COLLNET_ENABLE set by environment to 1.
ip-0A230407:87521:88176 [4] NCCL INFO NCCL_P2P_LEVEL set by environment to LOC
ip-0A230405:49963:50612 [4] NCCL INFO PXN Disabled as plugin is v4
ip-0A23040C:96453:97178 [4] NCCL INFO NCCL_COLLNET_ENABLE set by environment to 1.
ip-0A230413:707:1380 [4] NCCL INFO PXN Disabled as plugin is v4
ip-0A230410:85652:86303 [4] NCCL INFO NCCL_P2P_LEVEL set by environment to LOC
ip-0A230417:88023:88679 [4] NCCL INFO PXN Disabled as plugin is v4
ip-0A230407:87521:88176 [4] NCCL INFO PXN Disabled as plugin is v4
ip-0A23040B:70727:71373 [4] NCCL INFO NCCL_COLLNET_ENABLE set by environment to 1.
ip-0A230406:43424:44082 [4] NCCL INFO NCCL_COLLNET_ENABLE set by environment to 1.
ip-0A230405:49963:50612 [4] NCCL INFO NCCL_COLLNET_ENABLE set by environment to 1.
ip-0A230413:707:1380 [4] NCCL INFO NCCL_COLLNET_ENABLE set by environment to 1.
ip-0A230410:85652:86303 [4] NCCL INFO PXN Disabled as plugin is v4
ip-0A230417:88023:88679 [4] NCCL INFO NCCL_COLLNET_ENABLE set by environment to 1.
ip-0A230407:87521:88176 [4] NCCL INFO NCCL_COLLNET_ENABLE set by environment to 1.
ip-0A23041D:53018:53667 [4] NCCL INFO NCCL_P2P_LEVEL set by environment to LOC
ip-0A230410:85652:86303 [4] NCCL INFO NCCL_COLLNET_ENABLE set by environment to 1.
ip-0A23041D:53018:53667 [4] NCCL INFO PXN Disabled as plugin is v4
ip-0A23041D:53018:53667 [4] NCCL INFO NCCL_COLLNET_ENABLE set by environment to 1.
ip-0A23041D:53018:53667 [4] NCCL INFO Trees [0] 9/11/-1->10->12 [1] -1/-1/-1->10->9
ip-0A230405:49963:50612 [4] NCCL INFO Trees [0] -1/-1/-1->11->10 [1] 13/9/-1->11->7
ip-0A230407:87521:88176 [4] NCCL INFO Trees [0] 10/14/-1->12->8 [1] -1/-1/-1->12->13
ip-0A23040B:70727:71373 [4] NCCL INFO Trees [0] -1/-1/-1->13->14 [1] 14/12/-1->13->11
ip-0A23040E:97537:98184 [4] NCCL INFO Trees [0] 13/15/-1->14->12 [1] -1/-1/-1->14->13
ip-0A23040C:96453:97178 [4] NCCL INFO Trees [0] -1/-1/-1->15->14 [1] 7/-1/-1->15->-1
ip-0A23040D:57043:57702 [4] NCCL INFO Channel 00/02 :    0   1   2   3   4   5   6   7   8   9  10  11  12  13  14  15
ip-0A23040D:57043:57702 [4] NCCL INFO Channel 01/02 :    0   1   2   3   4   5   6   7   8   9  10  11  12  13  14  15
ip-0A23040D:57043:57702 [4] NCCL INFO Trees [0] 8/-1/-1->0->-1 [1] -1/-1/-1->0->1
ip-0A23040F:16632:17287 [4] NCCL INFO Trees [0] -1/-1/-1->1->2 [1] 2/0/-1->1->3
ip-0A230410:85652:86303 [4] NCCL INFO Trees [0] 1/3/-1->2->4 [1] -1/-1/-1->2->1
ip-0A230414:51224:51877 [4] NCCL INFO Trees [0] -1/-1/-1->5->6 [1] 6/4/-1->5->3
ip-0A230412:55020:55678 [4] NCCL INFO Trees [0] -1/-1/-1->3->2 [1] 5/1/-1->3->7
ip-0A230413:707:1380 [4] NCCL INFO Trees [0] 2/6/-1->4->8 [1] -1/-1/-1->4->5
ip-0A230417:88023:88679 [4] NCCL INFO Trees [0] 5/7/-1->6->4 [1] -1/-1/-1->6->5
ip-0A230406:43424:44082 [4] NCCL INFO Trees [0] -1/-1/-1->7->6 [1] 11/3/-1->7->15
ip-0A23041A:46909:47554 [4] NCCL INFO Trees [0] -1/-1/-1->9->10 [1] 10/8/-1->9->11
ip-0A230408:7270:7940 [4] NCCL INFO Trees [0] 4/12/-1->8->0 [1] -1/-1/-1->8->9
ip-0A23041D:53018:53667 [4] NCCL INFO Channel 00/0 : 9[b00000] -> 10[b00000] [receive] via NET/IBext/4
ip-0A230405:49963:50612 [4] NCCL INFO Channel 00/0 : 10[b00000] -> 11[b00000] [receive] via NET/IBext/4
ip-0A230407:87521:88176 [4] NCCL INFO Channel 00/0 : 11[b00000] -> 12[b00000] [receive] via NET/IBext/4
ip-0A23040B:70727:71373 [4] NCCL INFO Channel 00/0 : 12[b00000] -> 13[b00000] [receive] via NET/IBext/4
ip-0A23041D:53018:53667 [4] NCCL INFO Channel 01/0 : 9[b00000] -> 10[b00000] [receive] via NET/IBext/4
ip-0A230405:49963:50612 [4] NCCL INFO Channel 01/0 : 10[b00000] -> 11[b00000] [receive] via NET/IBext/4
ip-0A23041D:53018:53667 [4] NCCL INFO Channel 00/0 : 10[b00000] -> 11[b00000] [send] via NET/IBext/4
ip-0A230405:49963:50612 [4] NCCL INFO Channel 00/0 : 11[b00000] -> 12[b00000] [send] via NET/IBext/4
ip-0A23040C:96453:97178 [4] NCCL INFO Channel 00/0 : 14[b00000] -> 15[b00000] [receive] via NET/IBext/4
ip-0A23040B:70727:71373 [4] NCCL INFO Channel 01/0 : 12[b00000] -> 13[b00000] [receive] via NET/IBext/4
ip-0A230407:87521:88176 [4] NCCL INFO Channel 01/0 : 11[b00000] -> 12[b00000] [receive] via NET/IBext/4
ip-0A23040B:70727:71373 [4] NCCL INFO Channel 00/0 : 13[b00000] -> 14[b00000] [send] via NET/IBext/4
ip-0A230407:87521:88176 [4] NCCL INFO Channel 00/0 : 12[b00000] -> 13[b00000] [send] via NET/IBext/4
ip-0A23041D:53018:53667 [4] NCCL INFO Channel 01/0 : 10[b00000] -> 11[b00000] [send] via NET/IBext/4
ip-0A230405:49963:50612 [4] NCCL INFO Channel 01/0 : 11[b00000] -> 12[b00000] [send] via NET/IBext/4
ip-0A23040E:97537:98184 [4] NCCL INFO Channel 00/0 : 13[b00000] -> 14[b00000] [receive] via NET/IBext/4
ip-0A23040C:96453:97178 [4] NCCL INFO Channel 01/0 : 14[b00000] -> 15[b00000] [receive] via NET/IBext/4
ip-0A23040C:96453:97178 [4] NCCL INFO Channel 00/0 : 15[b00000] -> 0[b00000] [send] via NET/IBext/4
ip-0A230407:87521:88176 [4] NCCL INFO Channel 01/0 : 12[b00000] -> 13[b00000] [send] via NET/IBext/4
ip-0A23040B:70727:71373 [4] NCCL INFO Channel 01/0 : 13[b00000] -> 14[b00000] [send] via NET/IBext/4
ip-0A23040E:97537:98184 [4] NCCL INFO Channel 01/0 : 13[b00000] -> 14[b00000] [receive] via NET/IBext/4
ip-0A23040D:57043:57702 [4] NCCL INFO Channel 00/0 : 15[b00000] -> 0[b00000] [receive] via NET/IBext/4
ip-0A23040E:97537:98184 [4] NCCL INFO Channel 00/0 : 14[b00000] -> 15[b00000] [send] via NET/IBext/4
ip-0A23040F:16632:17287 [4] NCCL INFO Channel 00/0 : 0[b00000] -> 1[b00000] [receive] via NET/IBext/4
ip-0A23040C:96453:97178 [4] NCCL INFO Channel 01/0 : 15[b00000] -> 0[b00000] [send] via NET/IBext/4
ip-0A23040D:57043:57702 [4] NCCL INFO Channel 01/0 : 15[b00000] -> 0[b00000] [receive] via NET/IBext/4
ip-0A23040D:57043:57702 [4] NCCL INFO Channel 00/0 : 0[b00000] -> 1[b00000] [send] via NET/IBext/4
ip-0A23040E:97537:98184 [4] NCCL INFO Channel 01/0 : 14[b00000] -> 15[b00000] [send] via NET/IBext/4
ip-0A23040F:16632:17287 [4] NCCL INFO Channel 01/0 : 0[b00000] -> 1[b00000] [receive] via NET/IBext/4
ip-0A23040F:16632:17287 [4] NCCL INFO Channel 00/0 : 1[b00000] -> 2[b00000] [send] via NET/IBext/4
ip-0A23040D:57043:57702 [4] NCCL INFO Channel 01/0 : 0[b00000] -> 1[b00000] [send] via NET/IBext/4
ip-0A230410:85652:86303 [4] NCCL INFO Channel 00/0 : 1[b00000] -> 2[b00000] [receive] via NET/IBext/4
ip-0A230414:51224:51877 [4] NCCL INFO Channel 00/0 : 4[b00000] -> 5[b00000] [receive] via NET/IBext/4
ip-0A23040F:16632:17287 [4] NCCL INFO Channel 01/0 : 1[b00000] -> 2[b00000] [send] via NET/IBext/4
ip-0A230413:707:1380 [4] NCCL INFO Channel 00/0 : 3[b00000] -> 4[b00000] [receive] via NET/IBext/4
ip-0A230410:85652:86303 [4] NCCL INFO Channel 01/0 : 1[b00000] -> 2[b00000] [receive] via NET/IBext/4
ip-0A230412:55020:55678 [4] NCCL INFO Channel 00/0 : 2[b00000] -> 3[b00000] [receive] via NET/IBext/4
ip-0A230417:88023:88679 [4] NCCL INFO Channel 00/0 : 5[b00000] -> 6[b00000] [receive] via NET/IBext/4
ip-0A230410:85652:86303 [4] NCCL INFO Channel 00/0 : 2[b00000] -> 3[b00000] [send] via NET/IBext/4
ip-0A230414:51224:51877 [4] NCCL INFO Channel 01/0 : 4[b00000] -> 5[b00000] [receive] via NET/IBext/4
ip-0A230414:51224:51877 [4] NCCL INFO Channel 00/0 : 5[b00000] -> 6[b00000] [send] via NET/IBext/4
ip-0A230413:707:1380 [4] NCCL INFO Channel 01/0 : 3[b00000] -> 4[b00000] [receive] via NET/IBext/4
ip-0A230413:707:1380 [4] NCCL INFO Channel 00/0 : 4[b00000] -> 5[b00000] [send] via NET/IBext/4
ip-0A230413:707:1380 [4] NCCL INFO Channel 01/0 : 4[b00000] -> 5[b00000] [send] via NET/IBext/4
ip-0A230410:85652:86303 [4] NCCL INFO Channel 01/0 : 2[b00000] -> 3[b00000] [send] via NET/IBext/4
ip-0A230412:55020:55678 [4] NCCL INFO Channel 01/0 : 2[b00000] -> 3[b00000] [receive] via NET/IBext/4
ip-0A230408:7270:7940 [4] NCCL INFO Channel 00/0 : 7[b00000] -> 8[b00000] [receive] via NET/IBext/4
ip-0A230414:51224:51877 [4] NCCL INFO Channel 01/0 : 5[b00000] -> 6[b00000] [send] via NET/IBext/4
ip-0A230412:55020:55678 [4] NCCL INFO Channel 00/0 : 3[b00000] -> 4[b00000] [send] via NET/IBext/4
ip-0A230417:88023:88679 [4] NCCL INFO Channel 01/0 : 5[b00000] -> 6[b00000] [receive] via NET/IBext/4
ip-0A230417:88023:88679 [4] NCCL INFO Channel 00/0 : 6[b00000] -> 7[b00000] [send] via NET/IBext/4
ip-0A230406:43424:44082 [4] NCCL INFO Channel 00/0 : 6[b00000] -> 7[b00000] [receive] via NET/IBext/4
ip-0A230417:88023:88679 [4] NCCL INFO Channel 01/0 : 6[b00000] -> 7[b00000] [send] via NET/IBext/4
ip-0A23041A:46909:47554 [4] NCCL INFO Channel 00/0 : 8[b00000] -> 9[b00000] [receive] via NET/IBext/4
ip-0A230412:55020:55678 [4] NCCL INFO Channel 01/0 : 3[b00000] -> 4[b00000] [send] via NET/IBext/4
ip-0A230408:7270:7940 [4] NCCL INFO Channel 01/0 : 7[b00000] -> 8[b00000] [receive] via NET/IBext/4
ip-0A230408:7270:7940 [4] NCCL INFO Channel 00/0 : 8[b00000] -> 9[b00000] [send] via NET/IBext/4
ip-0A230406:43424:44082 [4] NCCL INFO Channel 01/0 : 6[b00000] -> 7[b00000] [receive] via NET/IBext/4
ip-0A230406:43424:44082 [4] NCCL INFO Channel 00/0 : 7[b00000] -> 8[b00000] [send] via NET/IBext/4
ip-0A23041A:46909:47554 [4] NCCL INFO Channel 01/0 : 8[b00000] -> 9[b00000] [receive] via NET/IBext/4
ip-0A230408:7270:7940 [4] NCCL INFO Channel 01/0 : 8[b00000] -> 9[b00000] [send] via NET/IBext/4
ip-0A23041A:46909:47554 [4] NCCL INFO Channel 00/0 : 9[b00000] -> 10[b00000] [send] via NET/IBext/4
ip-0A230406:43424:44082 [4] NCCL INFO Channel 01/0 : 7[b00000] -> 8[b00000] [send] via NET/IBext/4
ip-0A23041A:46909:47554 [4] NCCL INFO Channel 01/0 : 9[b00000] -> 10[b00000] [send] via NET/IBext/4
ip-0A23040B:70727:71373 [4] NCCL INFO Connected all rings
ip-0A23040F:16632:17287 [4] NCCL INFO Connected all rings
ip-0A230405:49963:50612 [4] NCCL INFO Connected all rings
ip-0A230407:87521:88176 [4] NCCL INFO Connected all rings
ip-0A230410:85652:86303 [4] NCCL INFO Connected all rings
ip-0A23040C:96453:97178 [4] NCCL INFO Connected all rings
ip-0A230408:7270:7940 [4] NCCL INFO Connected all rings
ip-0A230413:707:1380 [4] NCCL INFO Connected all rings
ip-0A230414:51224:51877 [4] NCCL INFO Connected all rings
ip-0A23040D:57043:57702 [4] NCCL INFO Connected all rings
ip-0A23040E:97537:98184 [4] NCCL INFO Connected all rings
ip-0A230417:88023:88679 [4] NCCL INFO Connected all rings
ip-0A230412:55020:55678 [4] NCCL INFO Connected all rings
ip-0A230406:43424:44082 [4] NCCL INFO Connected all rings
ip-0A23041D:53018:53667 [4] NCCL INFO Connected all rings
ip-0A23041A:46909:47554 [4] NCCL INFO Connected all rings
ip-0A230405:49963:50612 [4] NCCL INFO Channel 01/0 : 9[b00000] -> 11[b00000] [receive] via NET/IBext/4
ip-0A230407:87521:88176 [4] NCCL INFO Channel 00/0 : 10[b00000] -> 12[b00000] [receive] via NET/IBext/4
ip-0A230405:49963:50612 [4] NCCL INFO Channel 01/0 : 11[b00000] -> 13[b00000] [send] via NET/IBext/4
ip-0A230410:85652:86303 [4] NCCL INFO Channel 00/0 : 2[b00000] -> 4[b00000] [send] via NET/IBext/4
ip-0A230407:87521:88176 [4] NCCL INFO Channel 00/0 : 12[b00000] -> 14[b00000] [send] via NET/IBext/4
ip-0A230413:707:1380 [4] NCCL INFO Channel 00/0 : 2[b00000] -> 4[b00000] [receive] via NET/IBext/4
ip-0A230413:707:1380 [4] NCCL INFO Channel 00/0 : 4[b00000] -> 6[b00000] [send] via NET/IBext/4
ip-0A230417:88023:88679 [4] NCCL INFO Channel 00/0 : 4[b00000] -> 6[b00000] [receive] via NET/IBext/4
ip-0A23040B:70727:71373 [4] NCCL INFO Channel 01/0 : 11[b00000] -> 13[b00000] [receive] via NET/IBext/4
ip-0A230414:51224:51877 [4] NCCL INFO Channel 01/0 : 3[b00000] -> 5[b00000] [receive] via NET/IBext/4
ip-0A23040C:96453:97178 [4] NCCL INFO Channel 01/0 : 7[b00000] -> 15[b00000] [receive] via NET/IBext/4
ip-0A230412:55020:55678 [4] NCCL INFO Channel 01/0 : 1[b00000] -> 3[b00000] [receive] via NET/IBext/4
ip-0A23040C:96453:97178 [4] NCCL INFO Channel 01/0 : 15[b00000] -> 7[b00000] [send] via NET/IBext/4
ip-0A230412:55020:55678 [4] NCCL INFO Channel 01/0 : 3[b00000] -> 5[b00000] [send] via NET/IBext/4
ip-0A23041A:46909:47554 [4] NCCL INFO Channel 01/0 : 9[b00000] -> 11[b00000] [send] via NET/IBext/4
ip-0A23040D:57043:57702 [4] NCCL INFO Channel 00/0 : 8[b00000] -> 0[b00000] [receive] via NET/IBext/4
ip-0A23040D:57043:57702 [4] NCCL INFO Channel 00/0 : 0[b00000] -> 8[b00000] [send] via NET/IBext/4
ip-0A23040E:97537:98184 [4] NCCL INFO Channel 00/0 : 12[b00000] -> 14[b00000] [receive] via NET/IBext/4
ip-0A230408:7270:7940 [4] NCCL INFO Channel 00/0 : 4[b00000] -> 8[b00000] [receive] via NET/IBext/4
ip-0A230408:7270:7940 [4] NCCL INFO Channel 00/0 : 8[b00000] -> 12[b00000] [send] via NET/IBext/4
ip-0A230406:43424:44082 [4] NCCL INFO Channel 01/0 : 3[b00000] -> 7[b00000] [receive] via NET/IBext/4
ip-0A230406:43424:44082 [4] NCCL INFO Channel 01/0 : 7[b00000] -> 11[b00000] [send] via NET/IBext/4
ip-0A23041D:53018:53667 [4] NCCL INFO Channel 00/0 : 10[b00000] -> 12[b00000] [send] via NET/IBext/4
ip-0A23040F:16632:17287 [4] NCCL INFO Channel 01/0 : 1[b00000] -> 3[b00000] [send] via NET/IBext/4
ip-0A230410:85652:86303 [4] NCCL INFO Channel 00/0 : 4[b00000] -> 2[b00000] [receive] via NET/IBext/4
ip-0A23041A:46909:47554 [4] NCCL INFO Channel 01/0 : 11[b00000] -> 9[b00000] [receive] via NET/IBext/4
ip-0A230417:88023:88679 [4] NCCL INFO Channel 00/0 : 6[b00000] -> 4[b00000] [send] via NET/IBext/4
ip-0A23041D:53018:53667 [4] NCCL INFO Channel 00/0 : 12[b00000] -> 10[b00000] [receive] via NET/IBext/4
ip-0A23040B:70727:71373 [4] NCCL INFO Channel 01/0 : 13[b00000] -> 11[b00000] [send] via NET/IBext/4
ip-0A23040F:16632:17287 [4] NCCL INFO Channel 01/0 : 3[b00000] -> 1[b00000] [receive] via NET/IBext/4
ip-0A23040E:97537:98184 [4] NCCL INFO Channel 00/0 : 14[b00000] -> 12[b00000] [send] via NET/IBext/4
ip-0A230414:51224:51877 [4] NCCL INFO Channel 01/0 : 5[b00000] -> 3[b00000] [send] via NET/IBext/4
ip-0A230413:707:1380 [4] NCCL INFO Channel 00/0 : 4[b00000] -> 8[b00000] [send] via NET/IBext/4
ip-0A230405:49963:50612 [4] NCCL INFO Channel 01/0 : 7[b00000] -> 11[b00000] [receive] via NET/IBext/4
ip-0A230407:87521:88176 [4] NCCL INFO Channel 00/0 : 8[b00000] -> 12[b00000] [receive] via NET/IBext/4
ip-0A230413:707:1380 [4] NCCL INFO Channel 00/0 : 8[b00000] -> 4[b00000] [receive] via NET/IBext/4
ip-0A230412:55020:55678 [4] NCCL INFO Channel 01/0 : 3[b00000] -> 7[b00000] [send] via NET/IBext/4
ip-0A230407:87521:88176 [4] NCCL INFO Channel 00/0 : 12[b00000] -> 8[b00000] [send] via NET/IBext/4
ip-0A230412:55020:55678 [4] NCCL INFO Channel 01/0 : 7[b00000] -> 3[b00000] [receive] via NET/IBext/4
ip-0A230405:49963:50612 [4] NCCL INFO Channel 01/0 : 11[b00000] -> 7[b00000] [send] via NET/IBext/4
ip-0A230408:7270:7940 [4] NCCL INFO Channel 00/0 : 0[b00000] -> 8[b00000] [receive] via NET/IBext/4
ip-0A230408:7270:7940 [4] NCCL INFO Channel 00/0 : 8[b00000] -> 0[b00000] [send] via NET/IBext/4
ip-0A230406:43424:44082 [4] NCCL INFO Channel 01/0 : 15[b00000] -> 7[b00000] [receive] via NET/IBext/4
ip-0A230406:43424:44082 [4] NCCL INFO Channel 01/0 : 7[b00000] -> 15[b00000] [send] via NET/IBext/4
ip-0A23040D:57043:57702 [4] NCCL INFO Channel 01/0 : 1[b00000] -> 0[b00000] [receive] via NET/IBext/4
ip-0A23040C:96453:97178 [4] NCCL INFO Channel 00/0 : 15[b00000] -> 14[b00000] [send] via NET/IBext/4
ip-0A230406:43424:44082 [4] NCCL INFO Channel 01/0 : 11[b00000] -> 7[b00000] [receive] via NET/IBext/4
ip-0A230406:43424:44082 [4] NCCL INFO Channel 01/0 : 7[b00000] -> 3[b00000] [send] via NET/IBext/4
ip-0A230408:7270:7940 [4] NCCL INFO Channel 00/0 : 12[b00000] -> 8[b00000] [receive] via NET/IBext/4
ip-0A230408:7270:7940 [4] NCCL INFO Channel 00/0 : 8[b00000] -> 4[b00000] [send] via NET/IBext/4
ip-0A230405:49963:50612 [4] NCCL INFO Channel 01/0 : 13[b00000] -> 11[b00000] [receive] via NET/IBext/4
ip-0A230405:49963:50612 [4] NCCL INFO Channel 01/0 : 11[b00000] -> 9[b00000] [send] via NET/IBext/4
ip-0A230412:55020:55678 [4] NCCL INFO Channel 01/0 : 5[b00000] -> 3[b00000] [receive] via NET/IBext/4
ip-0A230412:55020:55678 [4] NCCL INFO Channel 01/0 : 3[b00000] -> 1[b00000] [send] via NET/IBext/4
ip-0A230407:87521:88176 [4] NCCL INFO Channel 00/0 : 14[b00000] -> 12[b00000] [receive] via NET/IBext/4
ip-0A230407:87521:88176 [4] NCCL INFO Channel 00/0 : 12[b00000] -> 10[b00000] [send] via NET/IBext/4
ip-0A230406:43424:44082 [4] NCCL INFO Channel 00/0 : 7[b00000] -> 6[b00000] [send] via NET/IBext/4
ip-0A230408:7270:7940 [4] NCCL INFO Channel 01/0 : 9[b00000] -> 8[b00000] [receive] via NET/IBext/4
ip-0A230413:707:1380 [4] NCCL INFO Channel 00/0 : 6[b00000] -> 4[b00000] [receive] via NET/IBext/4
ip-0A230413:707:1380 [4] NCCL INFO Channel 00/0 : 4[b00000] -> 2[b00000] [send] via NET/IBext/4
ip-0A23040B:70727:71373 [4] NCCL INFO Channel 00/0 : 14[b00000] -> 13[b00000] [receive] via NET/IBext/4
ip-0A23040B:70727:71373 [4] NCCL INFO Channel 01/0 : 14[b00000] -> 13[b00000] [receive] via NET/IBext/4
ip-0A23040B:70727:71373 [4] NCCL INFO Channel 01/0 : 13[b00000] -> 12[b00000] [send] via NET/IBext/4
ip-0A230414:51224:51877 [4] NCCL INFO Channel 00/0 : 6[b00000] -> 5[b00000] [receive] via NET/IBext/4
ip-0A230414:51224:51877 [4] NCCL INFO Channel 01/0 : 6[b00000] -> 5[b00000] [receive] via NET/IBext/4
ip-0A230414:51224:51877 [4] NCCL INFO Channel 01/0 : 5[b00000] -> 4[b00000] [send] via NET/IBext/4
ip-0A23040F:16632:17287 [4] NCCL INFO Channel 00/0 : 2[b00000] -> 1[b00000] [receive] via NET/IBext/4
ip-0A23040F:16632:17287 [4] NCCL INFO Channel 01/0 : 2[b00000] -> 1[b00000] [receive] via NET/IBext/4
ip-0A23040F:16632:17287 [4] NCCL INFO Channel 01/0 : 1[b00000] -> 0[b00000] [send] via NET/IBext/4
ip-0A23041A:46909:47554 [4] NCCL INFO Channel 00/0 : 10[b00000] -> 9[b00000] [receive] via NET/IBext/4
ip-0A23041A:46909:47554 [4] NCCL INFO Channel 01/0 : 10[b00000] -> 9[b00000] [receive] via NET/IBext/4
ip-0A23041A:46909:47554 [4] NCCL INFO Channel 01/0 : 9[b00000] -> 8[b00000] [send] via NET/IBext/4
ip-0A230405:49963:50612 [4] NCCL INFO Channel 00/0 : 11[b00000] -> 10[b00000] [send] via NET/IBext/4
ip-0A230412:55020:55678 [4] NCCL INFO Channel 00/0 : 3[b00000] -> 2[b00000] [send] via NET/IBext/4
ip-0A23040E:97537:98184 [4] NCCL INFO Channel 00/0 : 15[b00000] -> 14[b00000] [receive] via NET/IBext/4
ip-0A23040E:97537:98184 [4] NCCL INFO Channel 00/0 : 14[b00000] -> 13[b00000] [send] via NET/IBext/4
ip-0A23040E:97537:98184 [4] NCCL INFO Channel 01/0 : 14[b00000] -> 13[b00000] [send] via NET/IBext/4
ip-0A23041D:53018:53667 [4] NCCL INFO Channel 00/0 : 11[b00000] -> 10[b00000] [receive] via NET/IBext/4
ip-0A23041D:53018:53667 [4] NCCL INFO Channel 00/0 : 10[b00000] -> 9[b00000] [send] via NET/IBext/4
ip-0A23041D:53018:53667 [4] NCCL INFO Channel 01/0 : 10[b00000] -> 9[b00000] [send] via NET/IBext/4
ip-0A230407:87521:88176 [4] NCCL INFO Channel 01/0 : 13[b00000] -> 12[b00000] [receive] via NET/IBext/4
ip-0A23040C:96453:97178 [4] NCCL INFO Connected all trees
ip-0A23040C:96453:97178 [4] NCCL INFO CollNet 00 : 15 [receive] via COLLNET/SHARP/4
ip-0A230405:49963:50612 [4] NCCL INFO Connected all trees
ip-0A230405:49963:50612 [4] NCCL INFO CollNet 00 : 11 [receive] via COLLNET/SHARP/4
ip-0A230417:88023:88679 [4] NCCL INFO Channel 00/0 : 7[b00000] -> 6[b00000] [receive] via NET/IBext/4
ip-0A230417:88023:88679 [4] NCCL INFO Channel 00/0 : 6[b00000] -> 5[b00000] [send] via NET/IBext/4
ip-0A230417:88023:88679 [4] NCCL INFO Channel 01/0 : 6[b00000] -> 5[b00000] [send] via NET/IBext/4
ip-0A230408:7270:7940 [4] NCCL INFO Connected all trees
ip-0A230408:7270:7940 [4] NCCL INFO CollNet 00 : 8 [receive] via COLLNET/SHARP/4
ip-0A230407:87521:88176 [4] NCCL INFO Connected all trees
ip-0A230407:87521:88176 [4] NCCL INFO CollNet 00 : 12 [receive] via COLLNET/SHARP/4
ip-0A230413:707:1380 [4] NCCL INFO Channel 01/0 : 5[b00000] -> 4[b00000] [receive] via NET/IBext/4
ip-0A230410:85652:86303 [4] NCCL INFO Channel 00/0 : 3[b00000] -> 2[b00000] [receive] via NET/IBext/4
ip-0A230406:43424:44082 [4] NCCL INFO Connected all trees
ip-0A230410:85652:86303 [4] NCCL INFO Channel 00/0 : 2[b00000] -> 1[b00000] [send] via NET/IBext/4
ip-0A230406:43424:44082 [4] NCCL INFO CollNet 00 : 7 [receive] via COLLNET/SHARP/4
ip-0A230410:85652:86303 [4] NCCL INFO Channel 01/0 : 2[b00000] -> 1[b00000] [send] via NET/IBext/4
ip-0A23041D:53018:53667 [4] NCCL INFO Connected all trees
ip-0A23041A:46909:47554 [4] NCCL INFO Connected all trees
ip-0A23040B:70727:71373 [4] NCCL INFO Connected all trees
ip-0A23040E:97537:98184 [4] NCCL INFO Connected all trees
ip-0A230412:55020:55678 [4] NCCL INFO Connected all trees
ip-0A230412:55020:55678 [4] NCCL INFO CollNet 00 : 3 [receive] via COLLNET/SHARP/4
ip-0A230413:707:1380 [4] NCCL INFO Connected all trees
ip-0A230413:707:1380 [4] NCCL INFO CollNet 00 : 4 [receive] via COLLNET/SHARP/4
ip-0A23040D:57043:57702 [4] NCCL INFO Connected all trees
ip-0A23040D:57043:57702 [4] NCCL INFO CollNet 00 : 0 [receive] via COLLNET/SHARP/4
ip-0A230417:88023:88679 [4] NCCL INFO Connected all trees
ip-0A230410:85652:86303 [4] NCCL INFO Connected all trees
ip-0A23040F:16632:17287 [4] NCCL INFO Connected all trees
ip-0A230414:51224:51877 [4] NCCL INFO Connected all trees
ip-0A23041A:46909:47554 [4] NCCL INFO CollNet 00 : 9 [receive] via COLLNET/SHARP/4
ip-0A23040E:97537:98184 [4] NCCL INFO CollNet 00 : 14 [receive] via COLLNET/SHARP/4
ip-0A23041D:53018:53667 [4] NCCL INFO CollNet 00 : 10 [receive] via COLLNET/SHARP/4
ip-0A23040B:70727:71373 [4] NCCL INFO CollNet 00 : 13 [receive] via COLLNET/SHARP/4
ip-0A230417:88023:88679 [4] NCCL INFO CollNet 00 : 6 [receive] via COLLNET/SHARP/4
ip-0A23040F:16632:17287 [4] NCCL INFO CollNet 00 : 1 [receive] via COLLNET/SHARP/4
ip-0A230410:85652:86303 [4] NCCL INFO CollNet 00 : 2 [receive] via COLLNET/SHARP/4
ip-0A230414:51224:51877 [4] NCCL INFO CollNet 00 : 5 [receive] via COLLNET/SHARP/4
ip-0A230414:51224:51878 [4] NCCL INFO NCCL_SHARP_GROUP_SIZE_THRESH set by environment to 16.
ip-0A230417:88023:88680 [4] NCCL INFO NCCL_SHARP_GROUP_SIZE_THRESH set by environment to 16.
ip-0A230406:43424:44083 [4] NCCL INFO NCCL_SHARP_GROUP_SIZE_THRESH set by environment to 16.
ip-0A230408:7270:7942 [4] NCCL INFO NCCL_SHARP_GROUP_SIZE_THRESH set by environment to 16.
ip-0A23041A:46909:47555 [4] NCCL INFO NCCL_SHARP_GROUP_SIZE_THRESH set by environment to 16.
ip-0A23041D:53018:53668 [4] NCCL INFO NCCL_SHARP_GROUP_SIZE_THRESH set by environment to 16.
