:::MLLOG {"namespace": "", "time_ms": 1652973307829, "event_type": "POINT_IN_TIME", "key": "weights_initialization", "value": null, "metadata": {"file": "/workspace/rnnt/common/rnn.py", "lineno": 195, "tensor": "dec_rnn"}}
:::MLLOG {"namespace": "", "time_ms": 1652973307831, "event_type": "POINT_IN_TIME", "key": "weights_initialization", "value": null, "metadata": {"file": "/workspace/rnnt/rnnt/model.py", "lineno": 224, "tensor": "joint_pred"}}
:::MLLOG {"namespace": "", "time_ms": 1652973307834, "event_type": "POINT_IN_TIME", "key": "weights_initialization", "value": null, "metadata": {"file": "/workspace/rnnt/rnnt/model.py", "lineno": 229, "tensor": "joint_enc"}}
:::MLLOG {"namespace": "", "time_ms": 1652973307839, "event_type": "POINT_IN_TIME", "key": "weights_initialization", "value": null, "metadata": {"file": "/workspace/rnnt/rnnt/model.py", "lineno": 253, "tensor": "joint_net"}}
:::MLLOG {"namespace": "", "time_ms": 1652973310418, "event_type": "POINT_IN_TIME", "key": "eval_max_prediction_symbols", "value": 300, "metadata": {"file": "train.py", "lineno": 444}}
Model size: 49.1M params

:::MLLOG {"namespace": "", "time_ms": 1652973310461, "event_type": "POINT_IN_TIME", "key": "model_eval_ema_factor", "value": 0.995, "metadata": {"file": "train.py", "lineno": 458}}
ip-0A23040D:10066:10066 [0] NCCL INFO Bootstrap : Using eth0:10.35.4.13<0>
ip-0A23040D:10066:10066 [0] NCCL INFO NET/Plugin: Failed to find ncclNetPlugin_v5 symbol.
ip-0A23040D:10066:10066 [0] NCCL INFO NET/Plugin: Failed to find ncclCollNetPlugin_v5 symbol.
ip-0A23040D:10066:10066 [0] NCCL INFO Plugin Path : /opt/hpcx/nccl_rdma_sharp_plugin/lib/libnccl-net.so
ip-0A23040D:10066:10066 [0] NCCL INFO P2P plugin IBext
ip-0A23040D:10066:10066 [0] NCCL INFO NCCL_IB_PCI_RELAXED_ORDERING set by environment to 1.
ip-0A23040D:10066:10066 [0] NCCL INFO NET/IB : Using [0]mlx5_ib0:1/IB/SHARP [1]mlx5_ib1:1/IB/SHARP [2]mlx5_ib2:1/IB/SHARP [3]mlx5_ib3:1/IB/SHARP [4]mlx5_ib4:1/IB/SHARP [5]mlx5_ib5:1/IB/SHARP [6]mlx5_ib6:1/IB/SHARP [7]mlx5_ib7:1/IB/SHARP ; OOB eth0:10.35.4.13<0>
ip-0A23040D:10066:10066 [0] NCCL INFO Using network IBext
NCCL version 2.12.10+cuda11.6
ip-0A230406:86068:86068 [0] NCCL INFO Bootstrap : Using eth0:10.35.4.6<0>
ip-0A230413:50942:50942 [0] NCCL INFO Bootstrap : Using eth0:10.35.4.19<0>
ip-0A23040E:49905:49905 [0] NCCL INFO Bootstrap : Using eth0:10.35.4.14<0>
ip-0A23040C:48756:48756 [0] NCCL INFO Bootstrap : Using eth0:10.35.4.12<0>
ip-0A230412:7445:7445 [0] NCCL INFO Bootstrap : Using eth0:10.35.4.18<0>
ip-0A23041D:5498:5498 [0] NCCL INFO Bootstrap : Using eth0:10.35.4.29<0>
ip-0A23040B:23861:23861 [0] NCCL INFO Bootstrap : Using eth0:10.35.4.11<0>
ip-0A230410:38038:38038 [0] NCCL INFO Bootstrap : Using eth0:10.35.4.16<0>
ip-0A230414:3528:3528 [0] NCCL INFO Bootstrap : Using eth0:10.35.4.20<0>
ip-0A230407:40112:40112 [0] NCCL INFO Bootstrap : Using eth0:10.35.4.7<0>
ip-0A230405:1974:1974 [0] NCCL INFO Bootstrap : Using eth0:10.35.4.5<0>
ip-0A230408:50835:50835 [0] NCCL INFO Bootstrap : Using eth0:10.35.4.8<0>
ip-0A23040F:66481:66481 [0] NCCL INFO Bootstrap : Using eth0:10.35.4.15<0>
ip-0A230417:40452:40452 [0] NCCL INFO Bootstrap : Using eth0:10.35.4.23<0>
ip-0A23041A:97384:97384 [0] NCCL INFO Bootstrap : Using eth0:10.35.4.26<0>
ip-0A23041D:5498:5498 [0] NCCL INFO NET/Plugin: Failed to find ncclNetPlugin_v5 symbol.
ip-0A23041D:5498:5498 [0] NCCL INFO NET/Plugin: Failed to find ncclCollNetPlugin_v5 symbol.
ip-0A23041D:5498:5498 [0] NCCL INFO Plugin Path : /opt/hpcx/nccl_rdma_sharp_plugin/lib/libnccl-net.so
ip-0A23041D:5498:5498 [0] NCCL INFO P2P plugin IBext
ip-0A23041D:5498:5498 [0] NCCL INFO NCCL_IB_PCI_RELAXED_ORDERING set by environment to 1.
ip-0A23040C:48756:48756 [0] NCCL INFO NET/Plugin: Failed to find ncclNetPlugin_v5 symbol.
ip-0A23040C:48756:48756 [0] NCCL INFO NET/Plugin: Failed to find ncclCollNetPlugin_v5 symbol.
ip-0A23040C:48756:48756 [0] NCCL INFO Plugin Path : /opt/hpcx/nccl_rdma_sharp_plugin/lib/libnccl-net.so
ip-0A23040C:48756:48756 [0] NCCL INFO P2P plugin IBext
ip-0A23040C:48756:48756 [0] NCCL INFO NCCL_IB_PCI_RELAXED_ORDERING set by environment to 1.
ip-0A230412:7445:7445 [0] NCCL INFO NET/Plugin: Failed to find ncclNetPlugin_v5 symbol.
ip-0A230412:7445:7445 [0] NCCL INFO NET/Plugin: Failed to find ncclCollNetPlugin_v5 symbol.
ip-0A230412:7445:7445 [0] NCCL INFO Plugin Path : /opt/hpcx/nccl_rdma_sharp_plugin/lib/libnccl-net.so
ip-0A230412:7445:7445 [0] NCCL INFO P2P plugin IBext
ip-0A230412:7445:7445 [0] NCCL INFO NCCL_IB_PCI_RELAXED_ORDERING set by environment to 1.
ip-0A230410:38038:38038 [0] NCCL INFO NET/Plugin: Failed to find ncclNetPlugin_v5 symbol.
ip-0A230410:38038:38038 [0] NCCL INFO NET/Plugin: Failed to find ncclCollNetPlugin_v5 symbol.
ip-0A23040E:49905:49905 [0] NCCL INFO NET/Plugin: Failed to find ncclNetPlugin_v5 symbol.
ip-0A23040E:49905:49905 [0] NCCL INFO NET/Plugin: Failed to find ncclCollNetPlugin_v5 symbol.
ip-0A230410:38038:38038 [0] NCCL INFO Plugin Path : /opt/hpcx/nccl_rdma_sharp_plugin/lib/libnccl-net.so
ip-0A230410:38038:38038 [0] NCCL INFO P2P plugin IBext
ip-0A230410:38038:38038 [0] NCCL INFO NCCL_IB_PCI_RELAXED_ORDERING set by environment to 1.
ip-0A230407:40112:40112 [0] NCCL INFO NET/Plugin: Failed to find ncclNetPlugin_v5 symbol.
ip-0A230407:40112:40112 [0] NCCL INFO NET/Plugin: Failed to find ncclCollNetPlugin_v5 symbol.
ip-0A230406:86068:86068 [0] NCCL INFO NET/Plugin: Failed to find ncclNetPlugin_v5 symbol.
ip-0A230406:86068:86068 [0] NCCL INFO NET/Plugin: Failed to find ncclCollNetPlugin_v5 symbol.
ip-0A23040E:49905:49905 [0] NCCL INFO Plugin Path : /opt/hpcx/nccl_rdma_sharp_plugin/lib/libnccl-net.so
ip-0A23040E:49905:49905 [0] NCCL INFO P2P plugin IBext
ip-0A23040E:49905:49905 [0] NCCL INFO NCCL_IB_PCI_RELAXED_ORDERING set by environment to 1.
ip-0A230407:40112:40112 [0] NCCL INFO Plugin Path : /opt/hpcx/nccl_rdma_sharp_plugin/lib/libnccl-net.so
ip-0A230406:86068:86068 [0] NCCL INFO Plugin Path : /opt/hpcx/nccl_rdma_sharp_plugin/lib/libnccl-net.so
ip-0A230406:86068:86068 [0] NCCL INFO P2P plugin IBext
ip-0A230406:86068:86068 [0] NCCL INFO NCCL_IB_PCI_RELAXED_ORDERING set by environment to 1.
ip-0A230407:40112:40112 [0] NCCL INFO P2P plugin IBext
ip-0A230407:40112:40112 [0] NCCL INFO NCCL_IB_PCI_RELAXED_ORDERING set by environment to 1.
ip-0A230413:50942:50942 [0] NCCL INFO NET/Plugin: Failed to find ncclNetPlugin_v5 symbol.
ip-0A230413:50942:50942 [0] NCCL INFO NET/Plugin: Failed to find ncclCollNetPlugin_v5 symbol.
ip-0A230413:50942:50942 [0] NCCL INFO Plugin Path : /opt/hpcx/nccl_rdma_sharp_plugin/lib/libnccl-net.so
ip-0A230413:50942:50942 [0] NCCL INFO P2P plugin IBext
ip-0A230413:50942:50942 [0] NCCL INFO NCCL_IB_PCI_RELAXED_ORDERING set by environment to 1.
ip-0A23040B:23861:23861 [0] NCCL INFO NET/Plugin: Failed to find ncclNetPlugin_v5 symbol.
ip-0A23040B:23861:23861 [0] NCCL INFO NET/Plugin: Failed to find ncclCollNetPlugin_v5 symbol.
ip-0A23040B:23861:23861 [0] NCCL INFO Plugin Path : /opt/hpcx/nccl_rdma_sharp_plugin/lib/libnccl-net.so
ip-0A23040B:23861:23861 [0] NCCL INFO P2P plugin IBext
ip-0A23040B:23861:23861 [0] NCCL INFO NCCL_IB_PCI_RELAXED_ORDERING set by environment to 1.
ip-0A23040F:66481:66481 [0] NCCL INFO NET/Plugin: Failed to find ncclNetPlugin_v5 symbol.
ip-0A23040F:66481:66481 [0] NCCL INFO NET/Plugin: Failed to find ncclCollNetPlugin_v5 symbol.
ip-0A230414:3528:3528 [0] NCCL INFO NET/Plugin: Failed to find ncclNetPlugin_v5 symbol.
ip-0A230414:3528:3528 [0] NCCL INFO NET/Plugin: Failed to find ncclCollNetPlugin_v5 symbol.
ip-0A23040F:66481:66481 [0] NCCL INFO Plugin Path : /opt/hpcx/nccl_rdma_sharp_plugin/lib/libnccl-net.so
ip-0A23040F:66481:66481 [0] NCCL INFO P2P plugin IBext
ip-0A23040F:66481:66481 [0] NCCL INFO NCCL_IB_PCI_RELAXED_ORDERING set by environment to 1.
ip-0A230414:3528:3528 [0] NCCL INFO Plugin Path : /opt/hpcx/nccl_rdma_sharp_plugin/lib/libnccl-net.so
ip-0A230414:3528:3528 [0] NCCL INFO P2P plugin IBext
ip-0A230414:3528:3528 [0] NCCL INFO NCCL_IB_PCI_RELAXED_ORDERING set by environment to 1.
ip-0A230408:50835:50835 [0] NCCL INFO NET/Plugin: Failed to find ncclNetPlugin_v5 symbol.
ip-0A230408:50835:50835 [0] NCCL INFO NET/Plugin: Failed to find ncclCollNetPlugin_v5 symbol.
ip-0A23041A:97384:97384 [0] NCCL INFO NET/Plugin: Failed to find ncclNetPlugin_v5 symbol.
ip-0A23041A:97384:97384 [0] NCCL INFO NET/Plugin: Failed to find ncclCollNetPlugin_v5 symbol.
ip-0A230408:50835:50835 [0] NCCL INFO Plugin Path : /opt/hpcx/nccl_rdma_sharp_plugin/lib/libnccl-net.so
ip-0A230408:50835:50835 [0] NCCL INFO P2P plugin IBext
ip-0A230408:50835:50835 [0] NCCL INFO NCCL_IB_PCI_RELAXED_ORDERING set by environment to 1.
ip-0A23041A:97384:97384 [0] NCCL INFO Plugin Path : /opt/hpcx/nccl_rdma_sharp_plugin/lib/libnccl-net.so
ip-0A23041A:97384:97384 [0] NCCL INFO P2P plugin IBext
ip-0A23041A:97384:97384 [0] NCCL INFO NCCL_IB_PCI_RELAXED_ORDERING set by environment to 1.
ip-0A230405:1974:1974 [0] NCCL INFO NET/Plugin: Failed to find ncclNetPlugin_v5 symbol.
ip-0A230405:1974:1974 [0] NCCL INFO NET/Plugin: Failed to find ncclCollNetPlugin_v5 symbol.
ip-0A230405:1974:1974 [0] NCCL INFO Plugin Path : /opt/hpcx/nccl_rdma_sharp_plugin/lib/libnccl-net.so
ip-0A230405:1974:1974 [0] NCCL INFO P2P plugin IBext
ip-0A230417:40452:40452 [0] NCCL INFO NET/Plugin: Failed to find ncclNetPlugin_v5 symbol.
ip-0A230417:40452:40452 [0] NCCL INFO NET/Plugin: Failed to find ncclCollNetPlugin_v5 symbol.
ip-0A230405:1974:1974 [0] NCCL INFO NCCL_IB_PCI_RELAXED_ORDERING set by environment to 1.
ip-0A230417:40452:40452 [0] NCCL INFO Plugin Path : /opt/hpcx/nccl_rdma_sharp_plugin/lib/libnccl-net.so
ip-0A230417:40452:40452 [0] NCCL INFO P2P plugin IBext
ip-0A230417:40452:40452 [0] NCCL INFO NCCL_IB_PCI_RELAXED_ORDERING set by environment to 1.
ip-0A23040C:48756:48756 [0] NCCL INFO NET/IB : Using [0]mlx5_ib0:1/IB/SHARP [1]mlx5_ib1:1/IB/SHARP [2]mlx5_ib2:1/IB/SHARP [3]mlx5_ib3:1/IB/SHARP [4]mlx5_ib4:1/IB/SHARP [5]mlx5_ib5:1/IB/SHARP [6]mlx5_ib6:1/IB/SHARP [7]mlx5_ib7:1/IB/SHARP ; OOB eth0:10.35.4.12<0>
ip-0A230410:38038:38038 [0] NCCL INFO NET/IB : Using [0]mlx5_ib0:1/IB/SHARP [1]mlx5_ib1:1/IB/SHARP [2]mlx5_ib2:1/IB/SHARP [3]mlx5_ib3:1/IB/SHARP [4]mlx5_ib4:1/IB/SHARP [5]mlx5_ib5:1/IB/SHARP [6]mlx5_ib6:1/IB/SHARP [7]mlx5_ib7:1/IB/SHARP ; OOB eth0:10.35.4.16<0>
ip-0A230410:38038:38038 [0] NCCL INFO Using network IBext
ip-0A23040C:48756:48756 [0] NCCL INFO Using network IBext
ip-0A230412:7445:7445 [0] NCCL INFO NET/IB : Using [0]mlx5_ib0:1/IB/SHARP [1]mlx5_ib1:1/IB/SHARP [2]mlx5_ib2:1/IB/SHARP [3]mlx5_ib3:1/IB/SHARP [4]mlx5_ib4:1/IB/SHARP [5]mlx5_ib5:1/IB/SHARP [6]mlx5_ib6:1/IB/SHARP [7]mlx5_ib7:1/IB/SHARP ; OOB eth0:10.35.4.18<0>
ip-0A230412:7445:7445 [0] NCCL INFO Using network IBext
ip-0A23040B:23861:23861 [0] NCCL INFO NET/IB : Using [0]mlx5_ib0:1/IB/SHARP [1]mlx5_ib1:1/IB/SHARP [2]mlx5_ib2:1/IB/SHARP [3]mlx5_ib3:1/IB/SHARP [4]mlx5_ib4:1/IB/SHARP [5]mlx5_ib5:1/IB/SHARP [6]mlx5_ib6:1/IB/SHARP [7]mlx5_ib7:1/IB/SHARP ; OOB eth0:10.35.4.11<0>
ip-0A23040B:23861:23861 [0] NCCL INFO Using network IBext
ip-0A230413:50942:50942 [0] NCCL INFO NET/IB : Using [0]mlx5_ib0:1/IB/SHARP [1]mlx5_ib1:1/IB/SHARP [2]mlx5_ib2:1/IB/SHARP [3]mlx5_ib3:1/IB/SHARP [4]mlx5_ib4:1/IB/SHARP [5]mlx5_ib5:1/IB/SHARP [6]mlx5_ib6:1/IB/SHARP [7]mlx5_ib7:1/IB/SHARP ; OOB eth0:10.35.4.19<0>
ip-0A230413:50942:50942 [0] NCCL INFO Using network IBext
ip-0A230414:3528:3528 [0] NCCL INFO NET/IB : Using [0]mlx5_ib0:1/IB/SHARP [1]mlx5_ib1:1/IB/SHARP [2]mlx5_ib2:1/IB/SHARP [3]mlx5_ib3:1/IB/SHARP [4]mlx5_ib4:1/IB/SHARP [5]mlx5_ib5:1/IB/SHARP [6]mlx5_ib6:1/IB/SHARP [7]mlx5_ib7:1/IB/SHARP ; OOB eth0:10.35.4.20<0>
ip-0A230414:3528:3528 [0] NCCL INFO Using network IBext
ip-0A230408:50835:50835 [0] NCCL INFO NET/IB : Using [0]mlx5_ib0:1/IB/SHARP [1]mlx5_ib1:1/IB/SHARP [2]mlx5_ib2:1/IB/SHARP [3]mlx5_ib3:1/IB/SHARP [4]mlx5_ib4:1/IB/SHARP [5]mlx5_ib5:1/IB/SHARP [6]mlx5_ib6:1/IB/SHARP [7]mlx5_ib7:1/IB/SHARP ; OOB eth0:10.35.4.8<0>
ip-0A230408:50835:50835 [0] NCCL INFO Using network IBext
ip-0A23041D:5498:5498 [0] NCCL INFO NET/IB : Using [0]mlx5_ib0:1/IB/SHARP [1]mlx5_ib1:1/IB/SHARP [2]mlx5_ib2:1/IB/SHARP [3]mlx5_ib3:1/IB/SHARP [4]mlx5_ib4:1/IB/SHARP [5]mlx5_ib5:1/IB/SHARP [6]mlx5_ib6:1/IB/SHARP [7]mlx5_ib7:1/IB/SHARP ; OOB eth0:10.35.4.29<0>
ip-0A23041D:5498:5498 [0] NCCL INFO Using network IBext
ip-0A23041A:97384:97384 [0] NCCL INFO NET/IB : Using [0]mlx5_ib0:1/IB/SHARP [1]mlx5_ib1:1/IB/SHARP [2]mlx5_ib2:1/IB/SHARP [3]mlx5_ib3:1/IB/SHARP [4]mlx5_ib4:1/IB/SHARP [5]mlx5_ib5:1/IB/SHARP [6]mlx5_ib6:1/IB/SHARP [7]mlx5_ib7:1/IB/SHARP ; OOB eth0:10.35.4.26<0>
ip-0A23041A:97384:97384 [0] NCCL INFO Using network IBext
ip-0A230407:40112:40112 [0] NCCL INFO NET/IB : Using [0]mlx5_ib0:1/IB/SHARP [1]mlx5_ib1:1/IB/SHARP [2]mlx5_ib2:1/IB/SHARP [3]mlx5_ib3:1/IB/SHARP [4]mlx5_ib4:1/IB/SHARP [5]mlx5_ib5:1/IB/SHARP [6]mlx5_ib6:1/IB/SHARP [7]mlx5_ib7:1/IB/SHARP ; OOB eth0:10.35.4.7<0>
ip-0A23040E:49905:49905 [0] NCCL INFO NET/IB : Using [0]mlx5_ib0:1/IB/SHARP [1]mlx5_ib1:1/IB/SHARP [2]mlx5_ib2:1/IB/SHARP [3]mlx5_ib3:1/IB/SHARP [4]mlx5_ib4:1/IB/SHARP [5]mlx5_ib5:1/IB/SHARP [6]mlx5_ib6:1/IB/SHARP [7]mlx5_ib7:1/IB/SHARP ; OOB eth0:10.35.4.14<0>
ip-0A23040E:49905:49905 [0] NCCL INFO Using network IBext
ip-0A23040F:66481:66481 [0] NCCL INFO NET/IB : Using [0]mlx5_ib0:1/IB/SHARP [1]mlx5_ib1:1/IB/SHARP [2]mlx5_ib2:1/IB/SHARP [3]mlx5_ib3:1/IB/SHARP [4]mlx5_ib4:1/IB/SHARP [5]mlx5_ib5:1/IB/SHARP [6]mlx5_ib6:1/IB/SHARP [7]mlx5_ib7:1/IB/SHARP ; OOB eth0:10.35.4.15<0>
ip-0A23040F:66481:66481 [0] NCCL INFO Using network IBext
ip-0A230407:40112:40112 [0] NCCL INFO Using network IBext
ip-0A230406:86068:86068 [0] NCCL INFO NET/IB : Using [0]mlx5_ib0:1/IB/SHARP [1]mlx5_ib1:1/IB/SHARP [2]mlx5_ib2:1/IB/SHARP [3]mlx5_ib3:1/IB/SHARP [4]mlx5_ib4:1/IB/SHARP [5]mlx5_ib5:1/IB/SHARP [6]mlx5_ib6:1/IB/SHARP [7]mlx5_ib7:1/IB/SHARP ; OOB eth0:10.35.4.6<0>
ip-0A230406:86068:86068 [0] NCCL INFO Using network IBext
ip-0A230405:1974:1974 [0] NCCL INFO NET/IB : Using [0]mlx5_ib0:1/IB/SHARP [1]mlx5_ib1:1/IB/SHARP [2]mlx5_ib2:1/IB/SHARP [3]mlx5_ib3:1/IB/SHARP [4]mlx5_ib4:1/IB/SHARP [5]mlx5_ib5:1/IB/SHARP [6]mlx5_ib6:1/IB/SHARP [7]mlx5_ib7:1/IB/SHARP ; OOB eth0:10.35.4.5<0>
ip-0A230405:1974:1974 [0] NCCL INFO Using network IBext
ip-0A230417:40452:40452 [0] NCCL INFO NET/IB : Using [0]mlx5_ib0:1/IB/SHARP [1]mlx5_ib1:1/IB/SHARP [2]mlx5_ib2:1/IB/SHARP [3]mlx5_ib3:1/IB/SHARP [4]mlx5_ib4:1/IB/SHARP [5]mlx5_ib5:1/IB/SHARP [6]mlx5_ib6:1/IB/SHARP [7]mlx5_ib7:1/IB/SHARP ; OOB eth0:10.35.4.23<0>
ip-0A230417:40452:40452 [0] NCCL INFO Using network IBext
ip-0A23040D:10066:10649 [0] NCCL INFO NCCL_P2P_LEVEL set by environment to LOC
ip-0A230412:7445:8033 [0] NCCL INFO NCCL_P2P_LEVEL set by environment to LOC
ip-0A23040D:10066:10649 [0] NCCL INFO PXN Disabled as plugin is v4
ip-0A23040D:10066:10649 [0] NCCL INFO Setting affinity for GPU 0 to ff000000
ip-0A230417:40452:41055 [0] NCCL INFO NCCL_P2P_LEVEL set by environment to LOC
ip-0A230412:7445:8033 [0] NCCL INFO PXN Disabled as plugin is v4
ip-0A23040C:48756:49343 [0] NCCL INFO NCCL_P2P_LEVEL set by environment to LOC
ip-0A23040F:66481:67085 [0] NCCL INFO NCCL_P2P_LEVEL set by environment to LOC
ip-0A23040D:10066:10649 [0] NCCL INFO NCCL_COLLNET_ENABLE set by environment to 1.
ip-0A230412:7445:8033 [0] NCCL INFO Setting affinity for GPU 0 to ff000000
ip-0A230417:40452:41055 [0] NCCL INFO PXN Disabled as plugin is v4
ip-0A23040C:48756:49343 [0] NCCL INFO PXN Disabled as plugin is v4
ip-0A230412:7445:8033 [0] NCCL INFO NCCL_COLLNET_ENABLE set by environment to 1.
ip-0A230417:40452:41055 [0] NCCL INFO Setting affinity for GPU 0 to ff000000
ip-0A23040F:66481:67085 [0] NCCL INFO PXN Disabled as plugin is v4
ip-0A23040E:49905:50496 [0] NCCL INFO NCCL_P2P_LEVEL set by environment to LOC
ip-0A230413:50942:51524 [0] NCCL INFO NCCL_P2P_LEVEL set by environment to LOC
ip-0A230408:50835:51426 [0] NCCL INFO NCCL_P2P_LEVEL set by environment to LOC
ip-0A23040C:48756:49343 [0] NCCL INFO Setting affinity for GPU 0 to ff000000
ip-0A230417:40452:41055 [0] NCCL INFO NCCL_COLLNET_ENABLE set by environment to 1.
ip-0A23040F:66481:67085 [0] NCCL INFO Setting affinity for GPU 0 to ff000000
ip-0A230406:86068:86667 [0] NCCL INFO NCCL_P2P_LEVEL set by environment to LOC
ip-0A23040E:49905:50496 [0] NCCL INFO PXN Disabled as plugin is v4
ip-0A230413:50942:51524 [0] NCCL INFO PXN Disabled as plugin is v4
ip-0A230408:50835:51426 [0] NCCL INFO PXN Disabled as plugin is v4
ip-0A23040C:48756:49343 [0] NCCL INFO NCCL_COLLNET_ENABLE set by environment to 1.
ip-0A23040F:66481:67085 [0] NCCL INFO NCCL_COLLNET_ENABLE set by environment to 1.
ip-0A23041D:5498:6094 [0] NCCL INFO NCCL_P2P_LEVEL set by environment to LOC
ip-0A23040E:49905:50496 [0] NCCL INFO Setting affinity for GPU 0 to ff000000
ip-0A230413:50942:51524 [0] NCCL INFO Setting affinity for GPU 0 to ff000000
ip-0A230408:50835:51426 [0] NCCL INFO Setting affinity for GPU 0 to ff000000
ip-0A230406:86068:86667 [0] NCCL INFO PXN Disabled as plugin is v4
ip-0A230405:1974:2608 [0] NCCL INFO NCCL_P2P_LEVEL set by environment to LOC
ip-0A230413:50942:51524 [0] NCCL INFO NCCL_COLLNET_ENABLE set by environment to 1.
ip-0A23041D:5498:6094 [0] NCCL INFO PXN Disabled as plugin is v4
ip-0A23040E:49905:50496 [0] NCCL INFO NCCL_COLLNET_ENABLE set by environment to 1.
ip-0A230406:86068:86667 [0] NCCL INFO Setting affinity for GPU 0 to ff000000
ip-0A230408:50835:51426 [0] NCCL INFO NCCL_COLLNET_ENABLE set by environment to 1.
ip-0A23041D:5498:6094 [0] NCCL INFO Setting affinity for GPU 0 to ff000000
ip-0A23041A:97384:97983 [0] NCCL INFO NCCL_P2P_LEVEL set by environment to LOC
ip-0A230405:1974:2608 [0] NCCL INFO PXN Disabled as plugin is v4
ip-0A230407:40112:40699 [0] NCCL INFO NCCL_P2P_LEVEL set by environment to LOC
ip-0A230406:86068:86667 [0] NCCL INFO NCCL_COLLNET_ENABLE set by environment to 1.
ip-0A23041D:5498:6094 [0] NCCL INFO NCCL_COLLNET_ENABLE set by environment to 1.
ip-0A230405:1974:2608 [0] NCCL INFO Setting affinity for GPU 0 to ff000000
ip-0A230410:38038:38627 [0] NCCL INFO NCCL_P2P_LEVEL set by environment to LOC
ip-0A23041A:97384:97983 [0] NCCL INFO PXN Disabled as plugin is v4
ip-0A230407:40112:40699 [0] NCCL INFO PXN Disabled as plugin is v4
ip-0A230405:1974:2608 [0] NCCL INFO NCCL_COLLNET_ENABLE set by environment to 1.
ip-0A23041A:97384:97983 [0] NCCL INFO Setting affinity for GPU 0 to ff000000
ip-0A230410:38038:38627 [0] NCCL INFO PXN Disabled as plugin is v4
ip-0A230407:40112:40699 [0] NCCL INFO Setting affinity for GPU 0 to ff000000
ip-0A23041A:97384:97983 [0] NCCL INFO NCCL_COLLNET_ENABLE set by environment to 1.
ip-0A230410:38038:38627 [0] NCCL INFO Setting affinity for GPU 0 to ff000000
ip-0A230407:40112:40699 [0] NCCL INFO NCCL_COLLNET_ENABLE set by environment to 1.
ip-0A230414:3528:4125 [0] NCCL INFO NCCL_P2P_LEVEL set by environment to LOC
ip-0A230410:38038:38627 [0] NCCL INFO NCCL_COLLNET_ENABLE set by environment to 1.
ip-0A230414:3528:4125 [0] NCCL INFO PXN Disabled as plugin is v4
ip-0A230414:3528:4125 [0] NCCL INFO Setting affinity for GPU 0 to ff000000
ip-0A230414:3528:4125 [0] NCCL INFO NCCL_COLLNET_ENABLE set by environment to 1.
ip-0A23040B:23861:24447 [0] NCCL INFO NCCL_P2P_LEVEL set by environment to LOC
ip-0A23040B:23861:24447 [0] NCCL INFO PXN Disabled as plugin is v4
ip-0A23040B:23861:24447 [0] NCCL INFO Setting affinity for GPU 0 to ff000000
ip-0A23040B:23861:24447 [0] NCCL INFO NCCL_COLLNET_ENABLE set by environment to 1.
ip-0A23040B:23861:24447 [0] NCCL INFO Trees [0] -1/-1/-1->13->14 [1] 14/12/-1->13->11
ip-0A23040E:49905:50496 [0] NCCL INFO Trees [0] 13/15/-1->14->12 [1] -1/-1/-1->14->13
ip-0A23040D:10066:10649 [0] NCCL INFO Channel 00/02 :    0   1   2   3   4   5   6   7   8   9  10  11  12  13  14  15
ip-0A23040D:10066:10649 [0] NCCL INFO Channel 01/02 :    0   1   2   3   4   5   6   7   8   9  10  11  12  13  14  15
ip-0A23040C:48756:49343 [0] NCCL INFO Trees [0] -1/-1/-1->15->14 [1] 7/-1/-1->15->-1
ip-0A23040D:10066:10649 [0] NCCL INFO Trees [0] 8/-1/-1->0->-1 [1] -1/-1/-1->0->1
ip-0A23040F:66481:67085 [0] NCCL INFO Trees [0] -1/-1/-1->1->2 [1] 2/0/-1->1->3
ip-0A230410:38038:38627 [0] NCCL INFO Trees [0] 1/3/-1->2->4 [1] -1/-1/-1->2->1
ip-0A230412:7445:8033 [0] NCCL INFO Trees [0] -1/-1/-1->3->2 [1] 5/1/-1->3->7
ip-0A230413:50942:51524 [0] NCCL INFO Trees [0] 2/6/-1->4->8 [1] -1/-1/-1->4->5
ip-0A230414:3528:4125 [0] NCCL INFO Trees [0] -1/-1/-1->5->6 [1] 6/4/-1->5->3
ip-0A230417:40452:41055 [0] NCCL INFO Trees [0] 5/7/-1->6->4 [1] -1/-1/-1->6->5
ip-0A230406:86068:86667 [0] NCCL INFO Trees [0] -1/-1/-1->7->6 [1] 11/3/-1->7->15
ip-0A230408:50835:51426 [0] NCCL INFO Trees [0] 4/12/-1->8->0 [1] -1/-1/-1->8->9
ip-0A23041A:97384:97983 [0] NCCL INFO Trees [0] -1/-1/-1->9->10 [1] 10/8/-1->9->11
ip-0A23041D:5498:6094 [0] NCCL INFO Trees [0] 9/11/-1->10->12 [1] -1/-1/-1->10->9
ip-0A230407:40112:40699 [0] NCCL INFO Trees [0] 10/14/-1->12->8 [1] -1/-1/-1->12->13
ip-0A230405:1974:2608 [0] NCCL INFO Trees [0] -1/-1/-1->11->10 [1] 13/9/-1->11->7
ip-0A23040E:49905:50496 [0] NCCL INFO Channel 00/0 : 13[100000] -> 14[100000] [receive] via NET/IBext/0
ip-0A23040B:23861:24447 [0] NCCL INFO Channel 00/0 : 12[100000] -> 13[100000] [receive] via NET/IBext/0
ip-0A23040E:49905:50496 [0] NCCL INFO Channel 01/0 : 13[100000] -> 14[100000] [receive] via NET/IBext/0
ip-0A23040E:49905:50496 [0] NCCL INFO Channel 00/0 : 14[100000] -> 15[100000] [send] via NET/IBext/0
ip-0A23040B:23861:24447 [0] NCCL INFO Channel 01/0 : 12[100000] -> 13[100000] [receive] via NET/IBext/0
ip-0A23040B:23861:24447 [0] NCCL INFO Channel 00/0 : 13[100000] -> 14[100000] [send] via NET/IBext/0
ip-0A23040E:49905:50496 [0] NCCL INFO Channel 01/0 : 14[100000] -> 15[100000] [send] via NET/IBext/0
ip-0A23040B:23861:24447 [0] NCCL INFO Channel 01/0 : 13[100000] -> 14[100000] [send] via NET/IBext/0
ip-0A23040D:10066:10649 [0] NCCL INFO Channel 00/0 : 15[100000] -> 0[100000] [receive] via NET/IBext/0
ip-0A23040D:10066:10649 [0] NCCL INFO Channel 01/0 : 15[100000] -> 0[100000] [receive] via NET/IBext/0
ip-0A23040D:10066:10649 [0] NCCL INFO Channel 00/0 : 0[100000] -> 1[100000] [send] via NET/IBext/0
ip-0A23040C:48756:49343 [0] NCCL INFO Channel 00/0 : 14[100000] -> 15[100000] [receive] via NET/IBext/0
ip-0A23040D:10066:10649 [0] NCCL INFO Channel 01/0 : 0[100000] -> 1[100000] [send] via NET/IBext/0
ip-0A23040F:66481:67085 [0] NCCL INFO Channel 00/0 : 0[100000] -> 1[100000] [receive] via NET/IBext/0
ip-0A23040C:48756:49343 [0] NCCL INFO Channel 01/0 : 14[100000] -> 15[100000] [receive] via NET/IBext/0
ip-0A23040C:48756:49343 [0] NCCL INFO Channel 00/0 : 15[100000] -> 0[100000] [send] via NET/IBext/0
ip-0A230410:38038:38627 [0] NCCL INFO Channel 00/0 : 1[100000] -> 2[100000] [receive] via NET/IBext/0
ip-0A23040F:66481:67085 [0] NCCL INFO Channel 01/0 : 0[100000] -> 1[100000] [receive] via NET/IBext/0
ip-0A230413:50942:51524 [0] NCCL INFO Channel 00/0 : 3[100000] -> 4[100000] [receive] via NET/IBext/0
ip-0A23040C:48756:49343 [0] NCCL INFO Channel 01/0 : 15[100000] -> 0[100000] [send] via NET/IBext/0
ip-0A230410:38038:38627 [0] NCCL INFO Channel 01/0 : 1[100000] -> 2[100000] [receive] via NET/IBext/0
ip-0A230410:38038:38627 [0] NCCL INFO Channel 00/0 : 2[100000] -> 3[100000] [send] via NET/IBext/0
ip-0A230413:50942:51524 [0] NCCL INFO Channel 01/0 : 3[100000] -> 4[100000] [receive] via NET/IBext/0
ip-0A23040F:66481:67085 [0] NCCL INFO Channel 00/0 : 1[100000] -> 2[100000] [send] via NET/IBext/0
ip-0A230413:50942:51524 [0] NCCL INFO Channel 00/0 : 4[100000] -> 5[100000] [send] via NET/IBext/0
ip-0A23040F:66481:67085 [0] NCCL INFO Channel 01/0 : 1[100000] -> 2[100000] [send] via NET/IBext/0
ip-0A230414:3528:4125 [0] NCCL INFO Channel 00/0 : 4[100000] -> 5[100000] [receive] via NET/IBext/0
ip-0A230410:38038:38627 [0] NCCL INFO Channel 01/0 : 2[100000] -> 3[100000] [send] via NET/IBext/0
ip-0A230412:7445:8033 [0] NCCL INFO Channel 00/0 : 2[100000] -> 3[100000] [receive] via NET/IBext/0
ip-0A230413:50942:51524 [0] NCCL INFO Channel 01/0 : 4[100000] -> 5[100000] [send] via NET/IBext/0
ip-0A230414:3528:4125 [0] NCCL INFO Channel 01/0 : 4[100000] -> 5[100000] [receive] via NET/IBext/0
ip-0A230414:3528:4125 [0] NCCL INFO Channel 00/0 : 5[100000] -> 6[100000] [send] via NET/IBext/0
ip-0A230406:86068:86667 [0] NCCL INFO Channel 00/0 : 6[100000] -> 7[100000] [receive] via NET/IBext/0
ip-0A230412:7445:8033 [0] NCCL INFO Channel 01/0 : 2[100000] -> 3[100000] [receive] via NET/IBext/0
ip-0A230412:7445:8033 [0] NCCL INFO Channel 00/0 : 3[100000] -> 4[100000] [send] via NET/IBext/0
ip-0A230412:7445:8033 [0] NCCL INFO Channel 01/0 : 3[100000] -> 4[100000] [send] via NET/IBext/0
ip-0A230414:3528:4125 [0] NCCL INFO Channel 01/0 : 5[100000] -> 6[100000] [send] via NET/IBext/0
ip-0A230417:40452:41055 [0] NCCL INFO Channel 00/0 : 5[100000] -> 6[100000] [receive] via NET/IBext/0
ip-0A230406:86068:86667 [0] NCCL INFO Channel 01/0 : 6[100000] -> 7[100000] [receive] via NET/IBext/0
ip-0A230408:50835:51426 [0] NCCL INFO Channel 00/0 : 7[100000] -> 8[100000] [receive] via NET/IBext/0
ip-0A230406:86068:86667 [0] NCCL INFO Channel 00/0 : 7[100000] -> 8[100000] [send] via NET/IBext/0
ip-0A23041A:97384:97983 [0] NCCL INFO Channel 00/0 : 8[100000] -> 9[100000] [receive] via NET/IBext/0
ip-0A230417:40452:41055 [0] NCCL INFO Channel 01/0 : 5[100000] -> 6[100000] [receive] via NET/IBext/0
ip-0A230417:40452:41055 [0] NCCL INFO Channel 00/0 : 6[100000] -> 7[100000] [send] via NET/IBext/0
ip-0A230406:86068:86667 [0] NCCL INFO Channel 01/0 : 7[100000] -> 8[100000] [send] via NET/IBext/0
ip-0A230408:50835:51426 [0] NCCL INFO Channel 01/0 : 7[100000] -> 8[100000] [receive] via NET/IBext/0
ip-0A230408:50835:51426 [0] NCCL INFO Channel 00/0 : 8[100000] -> 9[100000] [send] via NET/IBext/0
ip-0A23041D:5498:6094 [0] NCCL INFO Channel 00/0 : 9[100000] -> 10[100000] [receive] via NET/IBext/0
ip-0A230407:40112:40699 [0] NCCL INFO Channel 00/0 : 11[100000] -> 12[100000] [receive] via NET/IBext/0
ip-0A230417:40452:41055 [0] NCCL INFO Channel 01/0 : 6[100000] -> 7[100000] [send] via NET/IBext/0
ip-0A230408:50835:51426 [0] NCCL INFO Channel 01/0 : 8[100000] -> 9[100000] [send] via NET/IBext/0
ip-0A230405:1974:2608 [0] NCCL INFO Channel 00/0 : 10[100000] -> 11[100000] [receive] via NET/IBext/0
ip-0A23041A:97384:97983 [0] NCCL INFO Channel 01/0 : 8[100000] -> 9[100000] [receive] via NET/IBext/0
ip-0A23041A:97384:97983 [0] NCCL INFO Channel 00/0 : 9[100000] -> 10[100000] [send] via NET/IBext/0
ip-0A23041D:5498:6094 [0] NCCL INFO Channel 01/0 : 9[100000] -> 10[100000] [receive] via NET/IBext/0
ip-0A23041D:5498:6094 [0] NCCL INFO Channel 00/0 : 10[100000] -> 11[100000] [send] via NET/IBext/0
ip-0A230407:40112:40699 [0] NCCL INFO Channel 01/0 : 11[100000] -> 12[100000] [receive] via NET/IBext/0
ip-0A230407:40112:40699 [0] NCCL INFO Channel 00/0 : 12[100000] -> 13[100000] [send] via NET/IBext/0
ip-0A230405:1974:2608 [0] NCCL INFO Channel 01/0 : 10[100000] -> 11[100000] [receive] via NET/IBext/0
ip-0A230405:1974:2608 [0] NCCL INFO Channel 00/0 : 11[100000] -> 12[100000] [send] via NET/IBext/0
ip-0A23041A:97384:97983 [0] NCCL INFO Channel 01/0 : 9[100000] -> 10[100000] [send] via NET/IBext/0
ip-0A23041D:5498:6094 [0] NCCL INFO Channel 01/0 : 10[100000] -> 11[100000] [send] via NET/IBext/0
ip-0A230407:40112:40699 [0] NCCL INFO Channel 01/0 : 12[100000] -> 13[100000] [send] via NET/IBext/0
ip-0A230405:1974:2608 [0] NCCL INFO Channel 01/0 : 11[100000] -> 12[100000] [send] via NET/IBext/0
ip-0A230408:50835:51426 [0] NCCL INFO Connected all rings
ip-0A23041A:97384:97983 [0] NCCL INFO Connected all rings
ip-0A230414:3528:4125 [0] NCCL INFO Connected all rings
ip-0A23040E:49905:50496 [0] NCCL INFO Connected all rings
ip-0A23040B:23861:24447 [0] NCCL INFO Connected all rings
ip-0A230410:38038:38627 [0] NCCL INFO Connected all rings
ip-0A23040C:48756:49343 [0] NCCL INFO Connected all rings
ip-0A230413:50942:51524 [0] NCCL INFO Connected all rings
ip-0A23040F:66481:67085 [0] NCCL INFO Connected all rings
ip-0A230412:7445:8033 [0] NCCL INFO Connected all rings
ip-0A23040D:10066:10649 [0] NCCL INFO Connected all rings
ip-0A230407:40112:40699 [0] NCCL INFO Connected all rings
ip-0A230405:1974:2608 [0] NCCL INFO Connected all rings
ip-0A23041D:5498:6094 [0] NCCL INFO Connected all rings
ip-0A230406:86068:86667 [0] NCCL INFO Connected all rings
ip-0A230417:40452:41055 [0] NCCL INFO Connected all rings
ip-0A230408:50835:51426 [0] NCCL INFO Channel 00/0 : 4[100000] -> 8[100000] [receive] via NET/IBext/0
ip-0A230408:50835:51426 [0] NCCL INFO Channel 00/0 : 8[100000] -> 12[100000] [send] via NET/IBext/0
ip-0A230414:3528:4125 [0] NCCL INFO Channel 01/0 : 3[100000] -> 5[100000] [receive] via NET/IBext/0
ip-0A23041A:97384:97983 [0] NCCL INFO Channel 01/0 : 9[100000] -> 11[100000] [send] via NET/IBext/0
ip-0A23040B:23861:24447 [0] NCCL INFO Channel 01/0 : 11[100000] -> 13[100000] [receive] via NET/IBext/0
ip-0A23040F:66481:67085 [0] NCCL INFO Channel 01/0 : 1[100000] -> 3[100000] [send] via NET/IBext/0
ip-0A23040C:48756:49343 [0] NCCL INFO Channel 01/0 : 7[100000] -> 15[100000] [receive] via NET/IBext/0
ip-0A23040C:48756:49343 [0] NCCL INFO Channel 01/0 : 15[100000] -> 7[100000] [send] via NET/IBext/0
ip-0A230412:7445:8033 [0] NCCL INFO Channel 01/0 : 1[100000] -> 3[100000] [receive] via NET/IBext/0
ip-0A230412:7445:8033 [0] NCCL INFO Channel 01/0 : 3[100000] -> 5[100000] [send] via NET/IBext/0
ip-0A230410:38038:38627 [0] NCCL INFO Channel 00/0 : 2[100000] -> 4[100000] [send] via NET/IBext/0
ip-0A230405:1974:2608 [0] NCCL INFO Channel 01/0 : 9[100000] -> 11[100000] [receive] via NET/IBext/0
ip-0A23040E:49905:50496 [0] NCCL INFO Channel 00/0 : 12[100000] -> 14[100000] [receive] via NET/IBext/0
ip-0A230405:1974:2608 [0] NCCL INFO Channel 01/0 : 11[100000] -> 13[100000] [send] via NET/IBext/0
ip-0A230407:40112:40699 [0] NCCL INFO Channel 00/0 : 10[100000] -> 12[100000] [receive] via NET/IBext/0
ip-0A23040D:10066:10649 [0] NCCL INFO Channel 00/0 : 8[100000] -> 0[100000] [receive] via NET/IBext/0
ip-0A230406:86068:86667 [0] NCCL INFO Channel 01/0 : 3[100000] -> 7[100000] [receive] via NET/IBext/0
ip-0A230407:40112:40699 [0] NCCL INFO Channel 00/0 : 12[100000] -> 14[100000] [send] via NET/IBext/0
ip-0A230417:40452:41055 [0] NCCL INFO Channel 00/0 : 4[100000] -> 6[100000] [receive] via NET/IBext/0
ip-0A230406:86068:86667 [0] NCCL INFO Channel 01/0 : 7[100000] -> 11[100000] [send] via NET/IBext/0
ip-0A230413:50942:51524 [0] NCCL INFO Channel 00/0 : 2[100000] -> 4[100000] [receive] via NET/IBext/0
ip-0A230413:50942:51524 [0] NCCL INFO Channel 00/0 : 4[100000] -> 6[100000] [send] via NET/IBext/0
ip-0A23041D:5498:6094 [0] NCCL INFO Channel 00/0 : 10[100000] -> 12[100000] [send] via NET/IBext/0
ip-0A23041A:97384:97983 [0] NCCL INFO Channel 01/0 : 11[100000] -> 9[100000] [receive] via NET/IBext/0
ip-0A23040F:66481:67085 [0] NCCL INFO Channel 01/0 : 3[100000] -> 1[100000] [receive] via NET/IBext/0
ip-0A230410:38038:38627 [0] NCCL INFO Channel 00/0 : 4[100000] -> 2[100000] [receive] via NET/IBext/0
ip-0A230414:3528:4125 [0] NCCL INFO Channel 01/0 : 5[100000] -> 3[100000] [send] via NET/IBext/0
ip-0A23041D:5498:6094 [0] NCCL INFO Channel 00/0 : 12[100000] -> 10[100000] [receive] via NET/IBext/0
ip-0A23040B:23861:24447 [0] NCCL INFO Channel 01/0 : 13[100000] -> 11[100000] [send] via NET/IBext/0
ip-0A23040E:49905:50496 [0] NCCL INFO Channel 00/0 : 14[100000] -> 12[100000] [send] via NET/IBext/0
ip-0A23040D:10066:10649 [0] NCCL INFO Channel 00/0 : 0[100000] -> 8[100000] [send] via NET/IBext/0
ip-0A230412:7445:8033 [0] NCCL INFO Channel 01/0 : 3[100000] -> 7[100000] [send] via NET/IBext/0
ip-0A230405:1974:2608 [0] NCCL INFO Channel 01/0 : 7[100000] -> 11[100000] [receive] via NET/IBext/0
ip-0A230417:40452:41055 [0] NCCL INFO Channel 00/0 : 6[100000] -> 4[100000] [send] via NET/IBext/0
ip-0A230413:50942:51524 [0] NCCL INFO Channel 00/0 : 4[100000] -> 8[100000] [send] via NET/IBext/0
ip-0A230407:40112:40699 [0] NCCL INFO Channel 00/0 : 8[100000] -> 12[100000] [receive] via NET/IBext/0
ip-0A230412:7445:8033 [0] NCCL INFO Channel 01/0 : 7[100000] -> 3[100000] [receive] via NET/IBext/0
ip-0A230413:50942:51524 [0] NCCL INFO Channel 00/0 : 8[100000] -> 4[100000] [receive] via NET/IBext/0
ip-0A230405:1974:2608 [0] NCCL INFO Channel 01/0 : 11[100000] -> 7[100000] [send] via NET/IBext/0
ip-0A230407:40112:40699 [0] NCCL INFO Channel 00/0 : 12[100000] -> 8[100000] [send] via NET/IBext/0
ip-0A230406:86068:86667 [0] NCCL INFO Channel 01/0 : 15[100000] -> 7[100000] [receive] via NET/IBext/0
ip-0A230406:86068:86667 [0] NCCL INFO Channel 01/0 : 7[100000] -> 15[100000] [send] via NET/IBext/0
ip-0A230408:50835:51426 [0] NCCL INFO Channel 00/0 : 0[100000] -> 8[100000] [receive] via NET/IBext/0
ip-0A230408:50835:51426 [0] NCCL INFO Channel 00/0 : 8[100000] -> 0[100000] [send] via NET/IBext/0
ip-0A230406:86068:86667 [0] NCCL INFO Channel 01/0 : 11[100000] -> 7[100000] [receive] via NET/IBext/0
ip-0A230406:86068:86667 [0] NCCL INFO Channel 01/0 : 7[100000] -> 3[100000] [send] via NET/IBext/0
ip-0A23040C:48756:49343 [0] NCCL INFO Channel 00/0 : 15[100000] -> 14[100000] [send] via NET/IBext/0
ip-0A230408:50835:51426 [0] NCCL INFO Channel 00/0 : 12[100000] -> 8[100000] [receive] via NET/IBext/0
ip-0A230408:50835:51426 [0] NCCL INFO Channel 00/0 : 8[100000] -> 4[100000] [send] via NET/IBext/0
ip-0A23040D:10066:10649 [0] NCCL INFO Channel 01/0 : 1[100000] -> 0[100000] [receive] via NET/IBext/0
ip-0A230405:1974:2608 [0] NCCL INFO Channel 01/0 : 13[100000] -> 11[100000] [receive] via NET/IBext/0
ip-0A230405:1974:2608 [0] NCCL INFO Channel 01/0 : 11[100000] -> 9[100000] [send] via NET/IBext/0
ip-0A230412:7445:8033 [0] NCCL INFO Channel 01/0 : 5[100000] -> 3[100000] [receive] via NET/IBext/0
ip-0A230412:7445:8033 [0] NCCL INFO Channel 01/0 : 3[100000] -> 1[100000] [send] via NET/IBext/0
ip-0A230406:86068:86667 [0] NCCL INFO Channel 00/0 : 7[100000] -> 6[100000] [send] via NET/IBext/0
ip-0A230407:40112:40699 [0] NCCL INFO Channel 00/0 : 14[100000] -> 12[100000] [receive] via NET/IBext/0
ip-0A230407:40112:40699 [0] NCCL INFO Channel 00/0 : 12[100000] -> 10[100000] [send] via NET/IBext/0
ip-0A230408:50835:51426 [0] NCCL INFO Channel 01/0 : 9[100000] -> 8[100000] [receive] via NET/IBext/0
ip-0A230413:50942:51524 [0] NCCL INFO Channel 00/0 : 6[100000] -> 4[100000] [receive] via NET/IBext/0
ip-0A230413:50942:51524 [0] NCCL INFO Channel 00/0 : 4[100000] -> 2[100000] [send] via NET/IBext/0
ip-0A230417:40452:41055 [0] NCCL INFO Channel 00/0 : 7[100000] -> 6[100000] [receive] via NET/IBext/0
ip-0A230417:40452:41055 [0] NCCL INFO Channel 00/0 : 6[100000] -> 5[100000] [send] via NET/IBext/0
ip-0A230417:40452:41055 [0] NCCL INFO Channel 01/0 : 6[100000] -> 5[100000] [send] via NET/IBext/0
ip-0A230406:86068:86667 [0] NCCL INFO Connected all trees
ip-0A230406:86068:86667 [0] NCCL INFO CollNet 00 : 7 [receive] via COLLNET/SHARP/0
ip-0A23040B:23861:24447 [0] NCCL INFO Channel 00/0 : 14[100000] -> 13[100000] [receive] via NET/IBext/0
ip-0A23040B:23861:24447 [0] NCCL INFO Channel 01/0 : 14[100000] -> 13[100000] [receive] via NET/IBext/0
ip-0A23040B:23861:24447 [0] NCCL INFO Channel 01/0 : 13[100000] -> 12[100000] [send] via NET/IBext/0
ip-0A230414:3528:4125 [0] NCCL INFO Channel 00/0 : 6[100000] -> 5[100000] [receive] via NET/IBext/0
ip-0A230414:3528:4125 [0] NCCL INFO Channel 01/0 : 6[100000] -> 5[100000] [receive] via NET/IBext/0
ip-0A230414:3528:4125 [0] NCCL INFO Channel 01/0 : 5[100000] -> 4[100000] [send] via NET/IBext/0
ip-0A23041A:97384:97983 [0] NCCL INFO Channel 00/0 : 10[100000] -> 9[100000] [receive] via NET/IBext/0
ip-0A23041A:97384:97983 [0] NCCL INFO Channel 01/0 : 10[100000] -> 9[100000] [receive] via NET/IBext/0
ip-0A23041A:97384:97983 [0] NCCL INFO Channel 01/0 : 9[100000] -> 8[100000] [send] via NET/IBext/0
ip-0A23040E:49905:50496 [0] NCCL INFO Channel 00/0 : 15[100000] -> 14[100000] [receive] via NET/IBext/0
ip-0A23040E:49905:50496 [0] NCCL INFO Channel 00/0 : 14[100000] -> 13[100000] [send] via NET/IBext/0
ip-0A23040E:49905:50496 [0] NCCL INFO Channel 01/0 : 14[100000] -> 13[100000] [send] via NET/IBext/0
ip-0A230405:1974:2608 [0] NCCL INFO Channel 00/0 : 11[100000] -> 10[100000] [send] via NET/IBext/0
ip-0A23040F:66481:67085 [0] NCCL INFO Channel 00/0 : 2[100000] -> 1[100000] [receive] via NET/IBext/0
ip-0A23040F:66481:67085 [0] NCCL INFO Channel 01/0 : 2[100000] -> 1[100000] [receive] via NET/IBext/0
ip-0A23040F:66481:67085 [0] NCCL INFO Channel 01/0 : 1[100000] -> 0[100000] [send] via NET/IBext/0
ip-0A23041D:5498:6094 [0] NCCL INFO Channel 00/0 : 11[100000] -> 10[100000] [receive] via NET/IBext/0
ip-0A23041D:5498:6094 [0] NCCL INFO Channel 00/0 : 10[100000] -> 9[100000] [send] via NET/IBext/0
ip-0A23041D:5498:6094 [0] NCCL INFO Channel 01/0 : 10[100000] -> 9[100000] [send] via NET/IBext/0
ip-0A230412:7445:8033 [0] NCCL INFO Channel 00/0 : 3[100000] -> 2[100000] [send] via NET/IBext/0
ip-0A230407:40112:40699 [0] NCCL INFO Channel 01/0 : 13[100000] -> 12[100000] [receive] via NET/IBext/0
ip-0A23040C:48756:49343 [0] NCCL INFO Connected all trees
ip-0A23040C:48756:49343 [0] NCCL INFO CollNet 00 : 15 [receive] via COLLNET/SHARP/0
ip-0A230410:38038:38627 [0] NCCL INFO Channel 00/0 : 3[100000] -> 2[100000] [receive] via NET/IBext/0
ip-0A230410:38038:38627 [0] NCCL INFO Channel 00/0 : 2[100000] -> 1[100000] [send] via NET/IBext/0
ip-0A230410:38038:38627 [0] NCCL INFO Channel 01/0 : 2[100000] -> 1[100000] [send] via NET/IBext/0
ip-0A230413:50942:51524 [0] NCCL INFO Channel 01/0 : 5[100000] -> 4[100000] [receive] via NET/IBext/0
ip-0A230405:1974:2608 [0] NCCL INFO Connected all trees
ip-0A230405:1974:2608 [0] NCCL INFO CollNet 00 : 11 [receive] via COLLNET/SHARP/0
ip-0A230408:50835:51426 [0] NCCL INFO Connected all trees
ip-0A230408:50835:51426 [0] NCCL INFO CollNet 00 : 8 [receive] via COLLNET/SHARP/0
ip-0A230412:7445:8033 [0] NCCL INFO Connected all trees
ip-0A230412:7445:8033 [0] NCCL INFO CollNet 00 : 3 [receive] via COLLNET/SHARP/0
ip-0A230407:40112:40699 [0] NCCL INFO Connected all trees
ip-0A230417:40452:41055 [0] NCCL INFO Connected all trees
ip-0A230407:40112:40699 [0] NCCL INFO CollNet 00 : 12 [receive] via COLLNET/SHARP/0
ip-0A23040E:49905:50496 [0] NCCL INFO Connected all trees
ip-0A230413:50942:51524 [0] NCCL INFO Connected all trees
ip-0A230413:50942:51524 [0] NCCL INFO CollNet 00 : 4 [receive] via COLLNET/SHARP/0
ip-0A23041A:97384:97983 [0] NCCL INFO Connected all trees
ip-0A23040D:10066:10649 [0] NCCL INFO Connected all trees
ip-0A23040D:10066:10649 [0] NCCL INFO CollNet 00 : 0 [receive] via COLLNET/SHARP/0
ip-0A23041D:5498:6094 [0] NCCL INFO Connected all trees
ip-0A23040B:23861:24447 [0] NCCL INFO Connected all trees
ip-0A230414:3528:4125 [0] NCCL INFO Connected all trees
ip-0A23040F:66481:67085 [0] NCCL INFO Connected all trees
ip-0A230410:38038:38627 [0] NCCL INFO Connected all trees
ip-0A23040E:49905:50496 [0] NCCL INFO CollNet 00 : 14 [receive] via COLLNET/SHARP/0
ip-0A230417:40452:41055 [0] NCCL INFO CollNet 00 : 6 [receive] via COLLNET/SHARP/0
ip-0A23041A:97384:97983 [0] NCCL INFO CollNet 00 : 9 [receive] via COLLNET/SHARP/0
ip-0A23041D:5498:6094 [0] NCCL INFO CollNet 00 : 10 [receive] via COLLNET/SHARP/0
ip-0A23040B:23861:24447 [0] NCCL INFO CollNet 00 : 13 [receive] via COLLNET/SHARP/0
ip-0A230414:3528:4125 [0] NCCL INFO CollNet 00 : 5 [receive] via COLLNET/SHARP/0
ip-0A23040F:66481:67085 [0] NCCL INFO CollNet 00 : 1 [receive] via COLLNET/SHARP/0
ip-0A230410:38038:38627 [0] NCCL INFO CollNet 00 : 2 [receive] via COLLNET/SHARP/0
ip-0A230410:38038:38629 [0] NCCL INFO NCCL_SHARP_GROUP_SIZE_THRESH set by environment to 16.
ip-0A230412:7445:8035 [0] NCCL INFO NCCL_SHARP_GROUP_SIZE_THRESH set by environment to 16.
ip-0A230413:50942:51526 [0] NCCL INFO NCCL_SHARP_GROUP_SIZE_THRESH set by environment to 16.
ip-0A230414:3528:4128 [0] NCCL INFO NCCL_SHARP_GROUP_SIZE_THRESH set by environment to 16.
ip-0A230417:40452:41057 [0] NCCL INFO NCCL_SHARP_GROUP_SIZE_THRESH set by environment to 16.
ip-0A230406:86068:86669 [0] NCCL INFO NCCL_SHARP_GROUP_SIZE_THRESH set by environment to 16.
ip-0A230408:50835:51428 [0] NCCL INFO NCCL_SHARP_GROUP_SIZE_THRESH set by environment to 16.
ip-0A23041A:97384:97985 [0] NCCL INFO NCCL_SHARP_GROUP_SIZE_THRESH set by environment to 16.
ip-0A23041D:5498:6096 [0] NCCL INFO NCCL_SHARP_GROUP_SIZE_THRESH set by environment to 16.
ip-0A230405:1974:2610 [0] NCCL INFO NCCL_SHARP_GROUP_SIZE_THRESH set by environment to 16.
ip-0A230407:40112:40702 [0] NCCL INFO NCCL_SHARP_GROUP_SIZE_THRESH set by environment to 16.
ip-0A23040B:23861:24449 [0] NCCL INFO NCCL_SHARP_GROUP_SIZE_THRESH set by environment to 16.
ip-0A23040E:49905:50498 [0] NCCL INFO NCCL_SHARP_GROUP_SIZE_THRESH set by environment to 16.
ip-0A23040D:10066:10651 [0] NCCL INFO NCCL_SHARP_GROUP_SIZE_THRESH set by environment to 16.
ip-0A23040F:66481:67087 [0] NCCL INFO NCCL_SHARP_GROUP_SIZE_THRESH set by environment to 16.
ip-0A23040C:48756:49345 [0] NCCL INFO NCCL_SHARP_GROUP_SIZE_THRESH set by environment to 16.
[ip-0A23040D:0:10066 - context.c:584] INFO job (ID: 2524862658168370919) resource request quota: ( osts:0 user_data_per_ost:0 max_groups:0 max_qps:1 max_group_channels:1, num_trees:1)
[ip-0A23040D:0:10066 unique id 0] ERROR No Aggregation Manager (sharp_am) detected in sharp_create_job.

[ip-0A23040D:0:10066 - context.c:601] ERROR sharp_create_job failed: No Aggregation Manager (sharp_am) detected(-52)
ip-0A23041A:97384:97985 [0] NCCL INFO Sharp rank 9/16 initialized on mlx5_ib0:1

ip-0A23041A:97384:97985 [0] sharp_plugin.c:288 NCCL WARN NET/IB :SHARP coll init error: Cannot create SHArP job(-11)

ip-0A23041A:97384:97985 [0] NCCL INFO include/coll_net.h:21 -> 3
ip-0A230408:50835:51428 [0] NCCL INFO Sharp rank 8/16 initialized on mlx5_ib0:1

ip-0A230408:50835:51428 [0] sharp_plugin.c:288 NCCL WARN NET/IB :SHARP coll init error: Cannot create SHArP job(-11)

ip-0A230408:50835:51428 [0] NCCL INFO include/coll_net.h:21 -> 3
ip-0A230414:3528:4128 [0] NCCL INFO Sharp rank 5/16 initialized on mlx5_ib0:1

ip-0A230414:3528:4128 [0] sharp_plugin.c:288 NCCL WARN NET/IB :SHARP coll init error: Cannot create SHArP job(-11)

ip-0A230414:3528:4128 [0] NCCL INFO include/coll_net.h:21 -> 3
ip-0A230408:50835:51426 [0] NCCL INFO transport.cc:222 -> 2

ip-0A230408:50835:51426 [0] transport.cc:253 NCCL WARN Cannot initialize CollNet, using point-to-point network instead
ip-0A230408:50835:51426 [0] NCCL INFO init.cc:765 -> 2
ip-0A230408:50835:51426 [0] NCCL INFO threadThresholds 8/8/64 | 128/8/64 | 8/8/512
ip-0A230408:50835:51426 [0] NCCL INFO 2 coll channels, 2 p2p channels, 2 p2p channels per peer
ip-0A23041A:97384:97983 [0] NCCL INFO transport.cc:222 -> 2

ip-0A23041A:97384:97983 [0] transport.cc:253 NCCL WARN Cannot initialize CollNet, using point-to-point network instead
ip-0A23041A:97384:97983 [0] NCCL INFO init.cc:765 -> 2
ip-0A230414:3528:4125 [0] NCCL INFO transport.cc:222 -> 2

ip-0A230414:3528:4125 [0] transport.cc:253 NCCL WARN Cannot initialize CollNet, using point-to-point network instead
ip-0A23041A:97384:97983 [0] NCCL INFO threadThresholds 8/8/64 | 128/8/64 | 8/8/512
ip-0A230414:3528:4125 [0] NCCL INFO init.cc:765 -> 2
ip-0A230414:3528:4125 [0] NCCL INFO threadThresholds 8/8/64 | 128/8/64 | 8/8/512
ip-0A230414:3528:4125 [0] NCCL INFO 2 coll channels, 2 p2p channels, 2 p2p channels per peer
ip-0A23041A:97384:97983 [0] NCCL INFO 2 coll channels, 2 p2p channels, 2 p2p channels per peer
ip-0A23040B:23861:24449 [0] NCCL INFO Sharp rank 13/16 initialized on mlx5_ib0:1

ip-0A23040B:23861:24449 [0] sharp_plugin.c:288 NCCL WARN NET/IB :SHARP coll init error: Cannot create SHArP job(-11)

ip-0A23040B:23861:24449 [0] NCCL INFO include/coll_net.h:21 -> 3
ip-0A230412:7445:8035 [0] NCCL INFO Sharp rank 3/16 initialized on mlx5_ib0:1

ip-0A230412:7445:8035 [0] sharp_plugin.c:288 NCCL WARN NET/IB :SHARP coll init error: Cannot create SHArP job(-11)

ip-0A230412:7445:8035 [0] NCCL INFO include/coll_net.h:21 -> 3
ip-0A230412:7445:8033 [0] NCCL INFO transport.cc:222 -> 2
ip-0A230407:40112:40702 [0] NCCL INFO Sharp rank 12/16 initialized on mlx5_ib0:1

ip-0A230407:40112:40702 [0] sharp_plugin.c:288 NCCL WARN NET/IB :SHARP coll init error: Cannot create SHArP job(-11)

ip-0A230407:40112:40702 [0] NCCL INFO include/coll_net.h:21 -> 3
ip-0A230413:50942:51526 [0] NCCL INFO Sharp rank 4/16 initialized on mlx5_ib0:1

ip-0A230413:50942:51526 [0] sharp_plugin.c:288 NCCL WARN NET/IB :SHARP coll init error: Cannot create SHArP job(-11)

ip-0A230413:50942:51526 [0] NCCL INFO include/coll_net.h:21 -> 3
ip-0A230410:38038:38629 [0] NCCL INFO Sharp rank 2/16 initialized on mlx5_ib0:1

ip-0A230410:38038:38629 [0] sharp_plugin.c:288 NCCL WARN NET/IB :SHARP coll init error: Cannot create SHArP job(-11)

ip-0A230410:38038:38629 [0] NCCL INFO include/coll_net.h:21 -> 3
ip-0A230406:86068:86669 [0] NCCL INFO Sharp rank 7/16 initialized on mlx5_ib0:1

ip-0A230406:86068:86669 [0] sharp_plugin.c:288 NCCL WARN NET/IB :SHARP coll init error: Cannot create SHArP job(-11)

ip-0A230406:86068:86669 [0] NCCL INFO include/coll_net.h:21 -> 3
ip-0A23041D:5498:6096 [0] NCCL INFO Sharp rank 10/16 initialized on mlx5_ib0:1

ip-0A23041D:5498:6096 [0] sharp_plugin.c:288 NCCL WARN NET/IB :SHARP coll init error: Cannot create SHArP job(-11)

ip-0A23041D:5498:6096 [0] NCCL INFO include/coll_net.h:21 -> 3
ip-0A23040B:23861:24447 [0] NCCL INFO transport.cc:222 -> 2

ip-0A23040B:23861:24447 [0] transport.cc:253 NCCL WARN Cannot initialize CollNet, using point-to-point network instead
ip-0A23040B:23861:24447 [0] NCCL INFO init.cc:765 -> 2
ip-0A23040B:23861:24447 [0] NCCL INFO threadThresholds 8/8/64 | 128/8/64 | 8/8/512
ip-0A23040F:66481:67087 [0] NCCL INFO Sharp rank 1/16 initialized on mlx5_ib0:1

ip-0A23040F:66481:67087 [0] sharp_plugin.c:288 NCCL WARN NET/IB :SHARP coll init error: Cannot create SHArP job(-11)

ip-0A23040F:66481:67087 [0] NCCL INFO include/coll_net.h:21 -> 3
ip-0A23040B:23861:24447 [0] NCCL INFO 2 coll channels, 2 p2p channels, 2 p2p channels per peer
ip-0A23040C:48756:49345 [0] NCCL INFO Sharp rank 15/16 initialized on mlx5_ib0:1

ip-0A23040C:48756:49345 [0] sharp_plugin.c:288 NCCL WARN NET/IB :SHARP coll init error: Cannot create SHArP job(-11)

ip-0A23040C:48756:49345 [0] NCCL INFO include/coll_net.h:21 -> 3
ip-0A230405:1974:2610 [0] NCCL INFO Sharp rank 11/16 initialized on mlx5_ib0:1

ip-0A230405:1974:2610 [0] sharp_plugin.c:288 NCCL WARN NET/IB :SHARP coll init error: Cannot create SHArP job(-11)

ip-0A230405:1974:2610 [0] NCCL INFO include/coll_net.h:21 -> 3
ip-0A230417:40452:41057 [0] NCCL INFO Sharp rank 6/16 initialized on mlx5_ib0:1

ip-0A230417:40452:41057 [0] sharp_plugin.c:288 NCCL WARN NET/IB :SHARP coll init error: Cannot create SHArP job(-11)

ip-0A230417:40452:41057 [0] NCCL INFO include/coll_net.h:21 -> 3

ip-0A230412:7445:8033 [0] transport.cc:253 NCCL WARN Cannot initialize CollNet, using point-to-point network instead
ip-0A230412:7445:8033 [0] NCCL INFO init.cc:765 -> 2
ip-0A230412:7445:8033 [0] NCCL INFO threadThresholds 8/8/64 | 128/8/64 | 8/8/512
ip-0A230412:7445:8033 [0] NCCL INFO 2 coll channels, 2 p2p channels, 2 p2p channels per peer
ip-0A230407:40112:40699 [0] NCCL INFO transport.cc:222 -> 2

ip-0A230407:40112:40699 [0] transport.cc:253 NCCL WARN Cannot initialize CollNet, using point-to-point network instead
ip-0A230407:40112:40699 [0] NCCL INFO init.cc:765 -> 2
ip-0A23040E:49905:50498 [0] NCCL INFO Sharp rank 14/16 initialized on mlx5_ib0:1

ip-0A23040E:49905:50498 [0] sharp_plugin.c:288 NCCL WARN NET/IB :SHARP coll init error: Cannot create SHArP job(-11)

ip-0A23040E:49905:50498 [0] NCCL INFO include/coll_net.h:21 -> 3
ip-0A230413:50942:51524 [0] NCCL INFO transport.cc:222 -> 2

ip-0A230413:50942:51524 [0] transport.cc:253 NCCL WARN Cannot initialize CollNet, using point-to-point network instead
ip-0A230413:50942:51524 [0] NCCL INFO init.cc:765 -> 2
ip-0A230413:50942:51524 [0] NCCL INFO threadThresholds 8/8/64 | 128/8/64 | 8/8/512
ip-0A230407:40112:40699 [0] NCCL INFO threadThresholds 8/8/64 | 128/8/64 | 8/8/512
ip-0A230413:50942:51524 [0] NCCL INFO 2 coll channels, 2 p2p channels, 2 p2p channels per peer
ip-0A230406:86068:86667 [0] NCCL INFO transport.cc:222 -> 2

ip-0A230406:86068:86667 [0] transport.cc:253 NCCL WARN Cannot initialize CollNet, using point-to-point network instead
ip-0A230406:86068:86667 [0] NCCL INFO init.cc:765 -> 2
ip-0A230406:86068:86667 [0] NCCL INFO threadThresholds 8/8/64 | 128/8/64 | 8/8/512
ip-0A230406:86068:86667 [0] NCCL INFO 2 coll channels, 2 p2p channels, 2 p2p channels per peer
ip-0A23041D:5498:6094 [0] NCCL INFO transport.cc:222 -> 2

ip-0A23041D:5498:6094 [0] transport.cc:253 NCCL WARN Cannot initialize CollNet, using point-to-point network instead
ip-0A23041D:5498:6094 [0] NCCL INFO init.cc:765 -> 2
ip-0A230407:40112:40699 [0] NCCL INFO 2 coll channels, 2 p2p channels, 2 p2p channels per peer
ip-0A23041D:5498:6094 [0] NCCL INFO threadThresholds 8/8/64 | 128/8/64 | 8/8/512
ip-0A23041D:5498:6094 [0] NCCL INFO 2 coll channels, 2 p2p channels, 2 p2p channels per peer
ip-0A230410:38038:38627 [0] NCCL INFO transport.cc:222 -> 2

ip-0A230410:38038:38627 [0] transport.cc:253 NCCL WARN Cannot initialize CollNet, using point-to-point network instead
ip-0A230410:38038:38627 [0] NCCL INFO init.cc:765 -> 2
ip-0A230410:38038:38627 [0] NCCL INFO threadThresholds 8/8/64 | 128/8/64 | 8/8/512
ip-0A230405:1974:2608 [0] NCCL INFO transport.cc:222 -> 2

ip-0A230405:1974:2608 [0] transport.cc:253 NCCL WARN Cannot initialize CollNet, using point-to-point network instead
ip-0A230405:1974:2608 [0] NCCL INFO init.cc:765 -> 2
ip-0A230417:40452:41055 [0] NCCL INFO transport.cc:222 -> 2

ip-0A230417:40452:41055 [0] transport.cc:253 NCCL WARN Cannot initialize CollNet, using point-to-point network instead
ip-0A230417:40452:41055 [0] NCCL INFO init.cc:765 -> 2
ip-0A230410:38038:38627 [0] NCCL INFO 2 coll channels, 2 p2p channels, 2 p2p channels per peer
ip-0A230405:1974:2608 [0] NCCL INFO threadThresholds 8/8/64 | 128/8/64 | 8/8/512
ip-0A230405:1974:2608 [0] NCCL INFO 2 coll channels, 2 p2p channels, 2 p2p channels per peer
