ip-0A23040B:56453:57103 [4] NCCL INFO NCCL_SHARP_GROUP_SIZE_THRESH set by environment to 16.
ip-0A23040E:83000:83649 [4] NCCL INFO NCCL_SHARP_GROUP_SIZE_THRESH set by environment to 16.
ip-0A23040C:81370:82037 [4] NCCL INFO NCCL_SHARP_GROUP_SIZE_THRESH set by environment to 16.
ip-0A23040D:46867:47528 [4] NCCL INFO NCCL_SHARP_GROUP_SIZE_THRESH set by environment to 16.
ip-0A23040F:1523:2213 [4] NCCL INFO NCCL_SHARP_GROUP_SIZE_THRESH set by environment to 16.
ip-0A230410:70719:71382 [4] NCCL INFO NCCL_SHARP_GROUP_SIZE_THRESH set by environment to 16.
ip-0A230412:39993:40649 [4] NCCL INFO NCCL_SHARP_GROUP_SIZE_THRESH set by environment to 16.
ip-0A230414:37005:37653 [4] NCCL INFO NCCL_SHARP_GROUP_SIZE_THRESH set by environment to 16.
ip-0A230417:73131:73792 [4] NCCL INFO NCCL_SHARP_GROUP_SIZE_THRESH set by environment to 16.
ip-0A230413:83847:84508 [4] NCCL INFO NCCL_SHARP_GROUP_SIZE_THRESH set by environment to 16.
ip-0A230406:19906:20566 [4] NCCL INFO NCCL_SHARP_GROUP_SIZE_THRESH set by environment to 16.
ip-0A230408:81445:82092 [4] NCCL INFO NCCL_SHARP_GROUP_SIZE_THRESH set by environment to 16.
ip-0A23041A:32596:33251 [4] NCCL INFO NCCL_SHARP_GROUP_SIZE_THRESH set by environment to 16.
ip-0A23041D:38317:38966 [4] NCCL INFO NCCL_SHARP_GROUP_SIZE_THRESH set by environment to 16.
ip-0A230407:72999:73664 [4] NCCL INFO NCCL_SHARP_GROUP_SIZE_THRESH set by environment to 16.
ip-0A230405:35343:36004 [4] NCCL INFO NCCL_SHARP_GROUP_SIZE_THRESH set by environment to 16.
[ip-0A23040D:0:46867 - context.c:584] INFO job (ID: 2524862938947345182) resource request quota: ( osts:0 user_data_per_ost:0 max_groups:0 max_qps:1 max_group_channels:1, num_trees:1)
[ip-0A23040D:0:46867 unique id 0] ERROR No Aggregation Manager (sharp_am) detected in sharp_create_job.

[ip-0A23040D:0:46867 - context.c:601] ERROR sharp_create_job failed: No Aggregation Manager (sharp_am) detected(-52)
ip-0A230412:39993:40649 [4] NCCL INFO Sharp rank 3/16 initialized on mlx5_ib4:1

ip-0A230412:39993:40649 [4] sharp_plugin.c:288 NCCL WARN NET/IB :SHARP coll init error: Cannot create SHArP job(-11)

ip-0A230412:39993:40649 [4] NCCL INFO include/coll_net.h:21 -> 3
ip-0A23040C:81370:82037 [4] NCCL INFO Sharp rank 15/16 initialized on mlx5_ib4:1

ip-0A23040C:81370:82037 [4] sharp_plugin.c:288 NCCL WARN NET/IB :SHARP coll init error: Cannot create SHArP job(-11)

ip-0A23040C:81370:82037 [4] NCCL INFO include/coll_net.h:21 -> 3
ip-0A230408:81445:82092 [4] NCCL INFO Sharp rank 8/16 initialized on mlx5_ib4:1

ip-0A230408:81445:82092 [4] sharp_plugin.c:288 NCCL WARN NET/IB :SHARP coll init error: Cannot create SHArP job(-11)

ip-0A230408:81445:82092 [4] NCCL INFO include/coll_net.h:21 -> 3
ip-0A23041A:32596:33251 [4] NCCL INFO Sharp rank 9/16 initialized on mlx5_ib4:1

ip-0A23041A:32596:33251 [4] sharp_plugin.c:288 NCCL WARN NET/IB :SHARP coll init error: Cannot create SHArP job(-11)

ip-0A23041A:32596:33251 [4] NCCL INFO include/coll_net.h:21 -> 3
ip-0A230407:72999:73664 [4] NCCL INFO Sharp rank 12/16 initialized on mlx5_ib4:1

ip-0A230407:72999:73664 [4] sharp_plugin.c:288 NCCL WARN NET/IB :SHARP coll init error: Cannot create SHArP job(-11)

ip-0A230407:72999:73664 [4] NCCL INFO include/coll_net.h:21 -> 3
ip-0A230413:83847:84508 [4] NCCL INFO Sharp rank 4/16 initialized on mlx5_ib4:1

ip-0A230413:83847:84508 [4] sharp_plugin.c:288 NCCL WARN NET/IB :SHARP coll init error: Cannot create SHArP job(-11)

ip-0A230413:83847:84508 [4] NCCL INFO include/coll_net.h:21 -> 3
ip-0A230417:73131:73792 [4] NCCL INFO Sharp rank 6/16 initialized on mlx5_ib4:1

ip-0A230417:73131:73792 [4] sharp_plugin.c:288 NCCL WARN NET/IB :SHARP coll init error: Cannot create SHArP job(-11)

ip-0A230417:73131:73792 [4] NCCL INFO include/coll_net.h:21 -> 3
ip-0A230414:37005:37653 [4] NCCL INFO Sharp rank 5/16 initialized on mlx5_ib4:1

ip-0A230414:37005:37653 [4] sharp_plugin.c:288 NCCL WARN NET/IB :SHARP coll init error: Cannot create SHArP job(-11)

ip-0A230414:37005:37653 [4] NCCL INFO include/coll_net.h:21 -> 3
ip-0A230405:35343:36004 [4] NCCL INFO Sharp rank 11/16 initialized on mlx5_ib4:1

ip-0A230405:35343:36004 [4] sharp_plugin.c:288 NCCL WARN NET/IB :SHARP coll init error: Cannot create SHArP job(-11)

ip-0A230405:35343:36004 [4] NCCL INFO include/coll_net.h:21 -> 3
ip-0A23040B:56453:57103 [4] NCCL INFO Sharp rank 13/16 initialized on mlx5_ib4:1

ip-0A23040B:56453:57103 [4] sharp_plugin.c:288 NCCL WARN NET/IB :SHARP coll init error: Cannot create SHArP job(-11)

ip-0A23040B:56453:57103 [4] NCCL INFO include/coll_net.h:21 -> 3
ip-0A230406:19906:20566 [4] NCCL INFO Sharp rank 7/16 initialized on mlx5_ib4:1

ip-0A230406:19906:20566 [4] sharp_plugin.c:288 NCCL WARN NET/IB :SHARP coll init error: Cannot create SHArP job(-11)

ip-0A230406:19906:20566 [4] NCCL INFO include/coll_net.h:21 -> 3
ip-0A23040F:1523:2213 [4] NCCL INFO Sharp rank 1/16 initialized on mlx5_ib4:1

ip-0A23040F:1523:2213 [4] sharp_plugin.c:288 NCCL WARN NET/IB :SHARP coll init error: Cannot create SHArP job(-11)

ip-0A23040F:1523:2213 [4] NCCL INFO include/coll_net.h:21 -> 3
ip-0A23041D:38317:38966 [4] NCCL INFO Sharp rank 10/16 initialized on mlx5_ib4:1

ip-0A23041D:38317:38966 [4] sharp_plugin.c:288 NCCL WARN NET/IB :SHARP coll init error: Cannot create SHArP job(-11)

ip-0A23041D:38317:38966 [4] NCCL INFO include/coll_net.h:21 -> 3
ip-0A230410:70719:71382 [4] NCCL INFO Sharp rank 2/16 initialized on mlx5_ib4:1

ip-0A230410:70719:71382 [4] sharp_plugin.c:288 NCCL WARN NET/IB :SHARP coll init error: Cannot create SHArP job(-11)

ip-0A230410:70719:71382 [4] NCCL INFO include/coll_net.h:21 -> 3
ip-0A23040C:81370:82036 [4] NCCL INFO transport.cc:222 -> 2

ip-0A23040C:81370:82036 [4] transport.cc:253 NCCL WARN Cannot initialize CollNet, using point-to-point network instead
ip-0A23040C:81370:82036 [4] NCCL INFO init.cc:765 -> 2
ip-0A230412:39993:40648 [4] NCCL INFO transport.cc:222 -> 2

ip-0A230412:39993:40648 [4] transport.cc:253 NCCL WARN Cannot initialize CollNet, using point-to-point network instead
ip-0A230412:39993:40648 [4] NCCL INFO init.cc:765 -> 2
ip-0A230412:39993:40648 [4] NCCL INFO threadThresholds 8/8/64 | 128/8/64 | 8/8/512
ip-0A230412:39993:40648 [4] NCCL INFO 2 coll channels, 2 p2p channels, 2 p2p channels per peer
ip-0A23040E:83000:83649 [4] NCCL INFO Sharp rank 14/16 initialized on mlx5_ib4:1

ip-0A23040E:83000:83649 [4] sharp_plugin.c:288 NCCL WARN NET/IB :SHARP coll init error: Cannot create SHArP job(-11)

ip-0A23040E:83000:83649 [4] NCCL INFO include/coll_net.h:21 -> 3
ip-0A23040C:81370:82036 [4] NCCL INFO threadThresholds 8/8/64 | 128/8/64 | 8/8/512
ip-0A23040C:81370:82036 [4] NCCL INFO 2 coll channels, 2 p2p channels, 2 p2p channels per peer
ip-0A230408:81445:82091 [4] NCCL INFO transport.cc:222 -> 2
ip-0A230407:72999:73663 [4] NCCL INFO transport.cc:222 -> 2

ip-0A230407:72999:73663 [4] transport.cc:253 NCCL WARN Cannot initialize CollNet, using point-to-point network instead
ip-0A230407:72999:73663 [4] NCCL INFO init.cc:765 -> 2

ip-0A230408:81445:82091 [4] transport.cc:253 NCCL WARN Cannot initialize CollNet, using point-to-point network instead
ip-0A230408:81445:82091 [4] NCCL INFO init.cc:765 -> 2
ip-0A23041A:32596:33250 [4] NCCL INFO transport.cc:222 -> 2

ip-0A23041A:32596:33250 [4] transport.cc:253 NCCL WARN Cannot initialize CollNet, using point-to-point network instead
ip-0A23041A:32596:33250 [4] NCCL INFO init.cc:765 -> 2
ip-0A23041A:32596:33250 [4] NCCL INFO threadThresholds 8/8/64 | 128/8/64 | 8/8/512
ip-0A23041A:32596:33250 [4] NCCL INFO 2 coll channels, 2 p2p channels, 2 p2p channels per peer
ip-0A230407:72999:73663 [4] NCCL INFO threadThresholds 8/8/64 | 128/8/64 | 8/8/512
ip-0A230413:83847:84507 [4] NCCL INFO transport.cc:222 -> 2

ip-0A230413:83847:84507 [4] transport.cc:253 NCCL WARN Cannot initialize CollNet, using point-to-point network instead
ip-0A230413:83847:84507 [4] NCCL INFO init.cc:765 -> 2
ip-0A230417:73131:73791 [4] NCCL INFO transport.cc:222 -> 2

ip-0A230417:73131:73791 [4] transport.cc:253 NCCL WARN Cannot initialize CollNet, using point-to-point network instead
ip-0A230417:73131:73791 [4] NCCL INFO init.cc:765 -> 2
ip-0A230408:81445:82091 [4] NCCL INFO threadThresholds 8/8/64 | 128/8/64 | 8/8/512
ip-0A230407:72999:73663 [4] NCCL INFO 2 coll channels, 2 p2p channels, 2 p2p channels per peer
ip-0A230413:83847:84507 [4] NCCL INFO threadThresholds 8/8/64 | 128/8/64 | 8/8/512
ip-0A23040B:56453:57102 [4] NCCL INFO transport.cc:222 -> 2

ip-0A23040B:56453:57102 [4] transport.cc:253 NCCL WARN Cannot initialize CollNet, using point-to-point network instead
ip-0A23040B:56453:57102 [4] NCCL INFO init.cc:765 -> 2
ip-0A230417:73131:73791 [4] NCCL INFO threadThresholds 8/8/64 | 128/8/64 | 8/8/512
ip-0A230417:73131:73791 [4] NCCL INFO 2 coll channels, 2 p2p channels, 2 p2p channels per peer
ip-0A230408:81445:82091 [4] NCCL INFO 2 coll channels, 2 p2p channels, 2 p2p channels per peer
ip-0A230413:83847:84507 [4] NCCL INFO 2 coll channels, 2 p2p channels, 2 p2p channels per peer
ip-0A23040B:56453:57102 [4] NCCL INFO threadThresholds 8/8/64 | 128/8/64 | 8/8/512
ip-0A230406:19906:20565 [4] NCCL INFO transport.cc:222 -> 2

ip-0A230406:19906:20565 [4] transport.cc:253 NCCL WARN Cannot initialize CollNet, using point-to-point network instead
ip-0A230406:19906:20565 [4] NCCL INFO init.cc:765 -> 2
ip-0A230406:19906:20565 [4] NCCL INFO threadThresholds 8/8/64 | 128/8/64 | 8/8/512
ip-0A230406:19906:20565 [4] NCCL INFO 2 coll channels, 2 p2p channels, 2 p2p channels per peer
ip-0A23040F:1523:2212 [4] NCCL INFO transport.cc:222 -> 2

ip-0A23040F:1523:2212 [4] transport.cc:253 NCCL WARN Cannot initialize CollNet, using point-to-point network instead
ip-0A23040F:1523:2212 [4] NCCL INFO init.cc:765 -> 2
ip-0A23040F:1523:2212 [4] NCCL INFO threadThresholds 8/8/64 | 128/8/64 | 8/8/512
ip-0A23040F:1523:2212 [4] NCCL INFO 2 coll channels, 2 p2p channels, 2 p2p channels per peer
ip-0A23041D:38317:38965 [4] NCCL INFO transport.cc:222 -> 2

ip-0A23041D:38317:38965 [4] transport.cc:253 NCCL WARN Cannot initialize CollNet, using point-to-point network instead
ip-0A23041D:38317:38965 [4] NCCL INFO init.cc:765 -> 2
ip-0A23041D:38317:38965 [4] NCCL INFO threadThresholds 8/8/64 | 128/8/64 | 8/8/512
ip-0A23041D:38317:38965 [4] NCCL INFO 2 coll channels, 2 p2p channels, 2 p2p channels per peer
ip-0A23040B:56453:57102 [4] NCCL INFO 2 coll channels, 2 p2p channels, 2 p2p channels per peer
ip-0A23040E:83000:83648 [4] NCCL INFO transport.cc:222 -> 2

ip-0A23040E:83000:83648 [4] transport.cc:253 NCCL WARN Cannot initialize CollNet, using point-to-point network instead
ip-0A23040E:83000:83648 [4] NCCL INFO init.cc:765 -> 2
ip-0A23040E:83000:83648 [4] NCCL INFO threadThresholds 8/8/64 | 128/8/64 | 8/8/512
ip-0A230405:35343:36003 [4] NCCL INFO transport.cc:222 -> 2

ip-0A230405:35343:36003 [4] transport.cc:253 NCCL WARN Cannot initialize CollNet, using point-to-point network instead
ip-0A230405:35343:36003 [4] NCCL INFO init.cc:765 -> 2
ip-0A23040E:83000:83648 [4] NCCL INFO 2 coll channels, 2 p2p channels, 2 p2p channels per peer
ip-0A230405:35343:36003 [4] NCCL INFO threadThresholds 8/8/64 | 128/8/64 | 8/8/512
ip-0A230405:35343:36003 [4] NCCL INFO 2 coll channels, 2 p2p channels, 2 p2p channels per peer
ip-0A230414:37005:37652 [4] NCCL INFO transport.cc:222 -> 2

ip-0A230414:37005:37652 [4] transport.cc:253 NCCL WARN Cannot initialize CollNet, using point-to-point network instead
ip-0A230414:37005:37652 [4] NCCL INFO init.cc:765 -> 2
ip-0A230410:70719:71381 [4] NCCL INFO transport.cc:222 -> 2

ip-0A230410:70719:71381 [4] transport.cc:253 NCCL WARN Cannot initialize CollNet, using point-to-point network instead
ip-0A230410:70719:71381 [4] NCCL INFO init.cc:765 -> 2
ip-0A230414:37005:37652 [4] NCCL INFO threadThresholds 8/8/64 | 128/8/64 | 8/8/512
ip-0A230410:70719:71381 [4] NCCL INFO threadThresholds 8/8/64 | 128/8/64 | 8/8/512
ip-0A230410:70719:71381 [4] NCCL INFO 2 coll channels, 2 p2p channels, 2 p2p channels per peer
ip-0A230414:37005:37652 [4] NCCL INFO 2 coll channels, 2 p2p channels, 2 p2p channels per peer
ip-0A230417:73131:73791 [4] NCCL INFO comm 0x14a848008fb0 rank 6 nranks 16 cudaDev 4 busId b00000 - Init COMPLETE
ip-0A23040F:1523:2212 [4] NCCL INFO comm 0x1480f0008fb0 rank 1 nranks 16 cudaDev 4 busId b00000 - Init COMPLETE
ip-0A23040C:81370:82036 [4] NCCL INFO comm 0x146b28008fb0 rank 15 nranks 16 cudaDev 4 busId b00000 - Init COMPLETE
ip-0A230405:35343:36003 [4] NCCL INFO comm 0x1452f0008fb0 rank 11 nranks 16 cudaDev 4 busId b00000 - Init COMPLETE
ip-0A23041D:38317:38965 [4] NCCL INFO comm 0x14a428008fb0 rank 10 nranks 16 cudaDev 4 busId b00000 - Init COMPLETE
ip-0A23040B:56453:57102 [4] NCCL INFO comm 0x154434008fb0 rank 13 nranks 16 cudaDev 4 busId b00000 - Init COMPLETE
ip-0A230414:37005:37652 [4] NCCL INFO comm 0x14631c008fb0 rank 5 nranks 16 cudaDev 4 busId b00000 - Init COMPLETE
ip-0A23040E:83000:83648 [4] NCCL INFO comm 0x147f38008fb0 rank 14 nranks 16 cudaDev 4 busId b00000 - Init COMPLETE
ip-0A23041A:32596:33250 [4] NCCL INFO comm 0x151988008fb0 rank 9 nranks 16 cudaDev 4 busId b00000 - Init COMPLETE
ip-0A230410:70719:71381 [4] NCCL INFO comm 0x151e80008fb0 rank 2 nranks 16 cudaDev 4 busId b00000 - Init COMPLETE
ip-0A230412:39993:40648 [4] NCCL INFO comm 0x14faa4008fb0 rank 3 nranks 16 cudaDev 4 busId b00000 - Init COMPLETE
ip-0A230408:81445:82091 [4] NCCL INFO comm 0x14b060008fb0 rank 8 nranks 16 cudaDev 4 busId b00000 - Init COMPLETE
ip-0A230406:19906:20565 [4] NCCL INFO comm 0x146958008fb0 rank 7 nranks 16 cudaDev 4 busId b00000 - Init COMPLETE
ip-0A230413:83847:84507 [4] NCCL INFO comm 0x150ea0008fb0 rank 4 nranks 16 cudaDev 4 busId b00000 - Init COMPLETE
ip-0A230407:72999:73663 [4] NCCL INFO comm 0x14fec8008fb0 rank 12 nranks 16 cudaDev 4 busId b00000 - Init COMPLETE
ip-0A23040D:46867:47528 [4] NCCL INFO Sharp rank 0/16 initialized on mlx5_ib4:1

ip-0A23040D:46867:47528 [4] sharp_plugin.c:288 NCCL WARN NET/IB :SHARP coll init error: Cannot create SHArP job(-11)

ip-0A23040D:46867:47528 [4] NCCL INFO include/coll_net.h:21 -> 3
ip-0A23040D:46867:47527 [4] NCCL INFO transport.cc:222 -> 2

ip-0A23040D:46867:47527 [4] transport.cc:253 NCCL WARN Cannot initialize CollNet, using point-to-point network instead
ip-0A23040D:46867:47527 [4] NCCL INFO init.cc:765 -> 2
ip-0A23040D:46867:47527 [4] NCCL INFO threadThresholds 8/8/64 | 128/8/64 | 8/8/512
ip-0A23040D:46867:47527 [4] NCCL INFO 2 coll channels, 2 p2p channels, 2 p2p channels per peer
ip-0A23040D:46867:47527 [4] NCCL INFO comm 0x147508008fb0 rank 0 nranks 16 cudaDev 4 busId b00000 - Init COMPLETE
ip-0A23040D:46867:46867 [4] NCCL INFO Launch mode Parallel
ip-0A23040D:46865:46865 [5] NCCL INFO Bootstrap : Using eth0:10.35.4.13<0>
ip-0A23040D:46865:46865 [5] NCCL INFO NET/Plugin: Failed to find ncclNetPlugin_v5 symbol.
ip-0A23040D:46865:46865 [5] NCCL INFO NET/Plugin: Failed to find ncclCollNetPlugin_v5 symbol.
ip-0A23040D:46865:46865 [5] NCCL INFO Plugin Path : /opt/hpcx/nccl_rdma_sharp_plugin/lib/libnccl-net.so
ip-0A23040D:46865:46865 [5] NCCL INFO P2P plugin IBext
ip-0A23040D:46865:46865 [5] NCCL INFO NCCL_IB_PCI_RELAXED_ORDERING set by environment to 1.
ip-0A23040D:46865:46865 [5] NCCL INFO NET/IB : Using [0]mlx5_ib0:1/IB/SHARP [1]mlx5_ib1:1/IB/SHARP [2]mlx5_ib2:1/IB/SHARP [3]mlx5_ib3:1/IB/SHARP [4]mlx5_ib4:1/IB/SHARP [5]mlx5_ib5:1/IB/SHARP [6]mlx5_ib6:1/IB/SHARP [7]mlx5_ib7:1/IB/SHARP ; OOB eth0:10.35.4.13<0>
ip-0A23040D:46865:46865 [5] NCCL INFO Using network IBext
NCCL version 2.12.10+cuda11.6
ip-0A230410:70722:70722 [5] NCCL INFO Bootstrap : Using eth0:10.35.4.16<0>
ip-0A230408:81444:81444 [5] NCCL INFO Bootstrap : Using eth0:10.35.4.8<0>
ip-0A23040C:81369:81369 [5] NCCL INFO Bootstrap : Using eth0:10.35.4.12<0>
ip-0A23041A:32600:32600 [5] NCCL INFO Bootstrap : Using eth0:10.35.4.26<0>
ip-0A230412:39990:39990 [5] NCCL INFO Bootstrap : Using eth0:10.35.4.18<0>
ip-0A230405:35347:35347 [5] NCCL INFO Bootstrap : Using eth0:10.35.4.5<0>
ip-0A23041D:38312:38312 [5] NCCL INFO Bootstrap : Using eth0:10.35.4.29<0>
ip-0A23040F:1526:1526 [5] NCCL INFO Bootstrap : Using eth0:10.35.4.15<0>
ip-0A230417:73137:73137 [5] NCCL INFO Bootstrap : Using eth0:10.35.4.23<0>
ip-0A23040B:56449:56449 [5] NCCL INFO Bootstrap : Using eth0:10.35.4.11<0>
ip-0A23040E:82994:82994 [5] NCCL INFO Bootstrap : Using eth0:10.35.4.14<0>
ip-0A230413:83848:83848 [5] NCCL INFO Bootstrap : Using eth0:10.35.4.19<0>
ip-0A230414:37008:37008 [5] NCCL INFO Bootstrap : Using eth0:10.35.4.20<0>
ip-0A230407:73002:73002 [5] NCCL INFO Bootstrap : Using eth0:10.35.4.7<0>
ip-0A230406:19909:19909 [5] NCCL INFO Bootstrap : Using eth0:10.35.4.6<0>
ip-0A230410:70722:70722 [5] NCCL INFO NET/Plugin: Failed to find ncclNetPlugin_v5 symbol.
ip-0A230410:70722:70722 [5] NCCL INFO NET/Plugin: Failed to find ncclCollNetPlugin_v5 symbol.
ip-0A230410:70722:70722 [5] NCCL INFO Plugin Path : /opt/hpcx/nccl_rdma_sharp_plugin/lib/libnccl-net.so
ip-0A230410:70722:70722 [5] NCCL INFO P2P plugin IBext
ip-0A230410:70722:70722 [5] NCCL INFO NCCL_IB_PCI_RELAXED_ORDERING set by environment to 1.
ip-0A23040C:81369:81369 [5] NCCL INFO NET/Plugin: Failed to find ncclNetPlugin_v5 symbol.
ip-0A23040C:81369:81369 [5] NCCL INFO NET/Plugin: Failed to find ncclCollNetPlugin_v5 symbol.
ip-0A23040C:81369:81369 [5] NCCL INFO Plugin Path : /opt/hpcx/nccl_rdma_sharp_plugin/lib/libnccl-net.so
ip-0A23040C:81369:81369 [5] NCCL INFO P2P plugin IBext
ip-0A23040C:81369:81369 [5] NCCL INFO NCCL_IB_PCI_RELAXED_ORDERING set by environment to 1.
ip-0A23040F:1526:1526 [5] NCCL INFO NET/Plugin: Failed to find ncclNetPlugin_v5 symbol.
ip-0A23040F:1526:1526 [5] NCCL INFO NET/Plugin: Failed to find ncclCollNetPlugin_v5 symbol.
ip-0A23041A:32600:32600 [5] NCCL INFO NET/Plugin: Failed to find ncclNetPlugin_v5 symbol.
ip-0A23041A:32600:32600 [5] NCCL INFO NET/Plugin: Failed to find ncclCollNetPlugin_v5 symbol.
ip-0A23040F:1526:1526 [5] NCCL INFO Plugin Path : /opt/hpcx/nccl_rdma_sharp_plugin/lib/libnccl-net.so
ip-0A23040F:1526:1526 [5] NCCL INFO P2P plugin IBext
ip-0A23040F:1526:1526 [5] NCCL INFO NCCL_IB_PCI_RELAXED_ORDERING set by environment to 1.
ip-0A23041A:32600:32600 [5] NCCL INFO Plugin Path : /opt/hpcx/nccl_rdma_sharp_plugin/lib/libnccl-net.so
ip-0A23041A:32600:32600 [5] NCCL INFO P2P plugin IBext
ip-0A23041A:32600:32600 [5] NCCL INFO NCCL_IB_PCI_RELAXED_ORDERING set by environment to 1.
ip-0A230412:39990:39990 [5] NCCL INFO NET/Plugin: Failed to find ncclNetPlugin_v5 symbol.
ip-0A230412:39990:39990 [5] NCCL INFO NET/Plugin: Failed to find ncclCollNetPlugin_v5 symbol.
ip-0A230412:39990:39990 [5] NCCL INFO Plugin Path : /opt/hpcx/nccl_rdma_sharp_plugin/lib/libnccl-net.so
ip-0A230412:39990:39990 [5] NCCL INFO P2P plugin IBext
ip-0A230412:39990:39990 [5] NCCL INFO NCCL_IB_PCI_RELAXED_ORDERING set by environment to 1.
ip-0A230405:35347:35347 [5] NCCL INFO NET/Plugin: Failed to find ncclNetPlugin_v5 symbol.
ip-0A230405:35347:35347 [5] NCCL INFO NET/Plugin: Failed to find ncclCollNetPlugin_v5 symbol.
ip-0A230405:35347:35347 [5] NCCL INFO Plugin Path : /opt/hpcx/nccl_rdma_sharp_plugin/lib/libnccl-net.so
ip-0A230405:35347:35347 [5] NCCL INFO P2P plugin IBext
ip-0A230405:35347:35347 [5] NCCL INFO NCCL_IB_PCI_RELAXED_ORDERING set by environment to 1.
ip-0A230408:81444:81444 [5] NCCL INFO NET/Plugin: Failed to find ncclNetPlugin_v5 symbol.
ip-0A230408:81444:81444 [5] NCCL INFO NET/Plugin: Failed to find ncclCollNetPlugin_v5 symbol.
ip-0A23040E:82994:82994 [5] NCCL INFO NET/Plugin: Failed to find ncclNetPlugin_v5 symbol.
ip-0A23040E:82994:82994 [5] NCCL INFO NET/Plugin: Failed to find ncclCollNetPlugin_v5 symbol.
ip-0A230408:81444:81444 [5] NCCL INFO Plugin Path : /opt/hpcx/nccl_rdma_sharp_plugin/lib/libnccl-net.so
ip-0A230408:81444:81444 [5] NCCL INFO P2P plugin IBext
ip-0A230408:81444:81444 [5] NCCL INFO NCCL_IB_PCI_RELAXED_ORDERING set by environment to 1.
ip-0A23040E:82994:82994 [5] NCCL INFO Plugin Path : /opt/hpcx/nccl_rdma_sharp_plugin/lib/libnccl-net.so
ip-0A23040E:82994:82994 [5] NCCL INFO P2P plugin IBext
ip-0A23040E:82994:82994 [5] NCCL INFO NCCL_IB_PCI_RELAXED_ORDERING set by environment to 1.
ip-0A230407:73002:73002 [5] NCCL INFO NET/Plugin: Failed to find ncclNetPlugin_v5 symbol.
ip-0A230407:73002:73002 [5] NCCL INFO NET/Plugin: Failed to find ncclCollNetPlugin_v5 symbol.
ip-0A230417:73137:73137 [5] NCCL INFO NET/Plugin: Failed to find ncclNetPlugin_v5 symbol.
ip-0A230417:73137:73137 [5] NCCL INFO NET/Plugin: Failed to find ncclCollNetPlugin_v5 symbol.
ip-0A230407:73002:73002 [5] NCCL INFO Plugin Path : /opt/hpcx/nccl_rdma_sharp_plugin/lib/libnccl-net.so
ip-0A230407:73002:73002 [5] NCCL INFO P2P plugin IBext
ip-0A230407:73002:73002 [5] NCCL INFO NCCL_IB_PCI_RELAXED_ORDERING set by environment to 1.
ip-0A230417:73137:73137 [5] NCCL INFO Plugin Path : /opt/hpcx/nccl_rdma_sharp_plugin/lib/libnccl-net.so
ip-0A230417:73137:73137 [5] NCCL INFO P2P plugin IBext
ip-0A230417:73137:73137 [5] NCCL INFO NCCL_IB_PCI_RELAXED_ORDERING set by environment to 1.
ip-0A230413:83848:83848 [5] NCCL INFO NET/Plugin: Failed to find ncclNetPlugin_v5 symbol.
ip-0A230413:83848:83848 [5] NCCL INFO NET/Plugin: Failed to find ncclCollNetPlugin_v5 symbol.
ip-0A230413:83848:83848 [5] NCCL INFO Plugin Path : /opt/hpcx/nccl_rdma_sharp_plugin/lib/libnccl-net.so
ip-0A230413:83848:83848 [5] NCCL INFO P2P plugin IBext
ip-0A230413:83848:83848 [5] NCCL INFO NCCL_IB_PCI_RELAXED_ORDERING set by environment to 1.
ip-0A23041D:38312:38312 [5] NCCL INFO NET/Plugin: Failed to find ncclNetPlugin_v5 symbol.
ip-0A23041D:38312:38312 [5] NCCL INFO NET/Plugin: Failed to find ncclCollNetPlugin_v5 symbol.
ip-0A23041D:38312:38312 [5] NCCL INFO Plugin Path : /opt/hpcx/nccl_rdma_sharp_plugin/lib/libnccl-net.so
ip-0A23041D:38312:38312 [5] NCCL INFO P2P plugin IBext
ip-0A23041D:38312:38312 [5] NCCL INFO NCCL_IB_PCI_RELAXED_ORDERING set by environment to 1.
ip-0A23040B:56449:56449 [5] NCCL INFO NET/Plugin: Failed to find ncclNetPlugin_v5 symbol.
ip-0A23040B:56449:56449 [5] NCCL INFO NET/Plugin: Failed to find ncclCollNetPlugin_v5 symbol.
ip-0A23040B:56449:56449 [5] NCCL INFO Plugin Path : /opt/hpcx/nccl_rdma_sharp_plugin/lib/libnccl-net.so
ip-0A23040B:56449:56449 [5] NCCL INFO P2P plugin IBext
ip-0A23040B:56449:56449 [5] NCCL INFO NCCL_IB_PCI_RELAXED_ORDERING set by environment to 1.
ip-0A230414:37008:37008 [5] NCCL INFO NET/Plugin: Failed to find ncclNetPlugin_v5 symbol.
ip-0A230414:37008:37008 [5] NCCL INFO NET/Plugin: Failed to find ncclCollNetPlugin_v5 symbol.
ip-0A230414:37008:37008 [5] NCCL INFO Plugin Path : /opt/hpcx/nccl_rdma_sharp_plugin/lib/libnccl-net.so
ip-0A230414:37008:37008 [5] NCCL INFO P2P plugin IBext
ip-0A230414:37008:37008 [5] NCCL INFO NCCL_IB_PCI_RELAXED_ORDERING set by environment to 1.
ip-0A230406:19909:19909 [5] NCCL INFO NET/Plugin: Failed to find ncclNetPlugin_v5 symbol.
ip-0A230406:19909:19909 [5] NCCL INFO NET/Plugin: Failed to find ncclCollNetPlugin_v5 symbol.
ip-0A230406:19909:19909 [5] NCCL INFO Plugin Path : /opt/hpcx/nccl_rdma_sharp_plugin/lib/libnccl-net.so
ip-0A230406:19909:19909 [5] NCCL INFO P2P plugin IBext
ip-0A230406:19909:19909 [5] NCCL INFO NCCL_IB_PCI_RELAXED_ORDERING set by environment to 1.
ip-0A230410:70722:70722 [5] NCCL INFO NET/IB : Using [0]mlx5_ib0:1/IB/SHARP [1]mlx5_ib1:1/IB/SHARP [2]mlx5_ib2:1/IB/SHARP [3]mlx5_ib3:1/IB/SHARP [4]mlx5_ib4:1/IB/SHARP [5]mlx5_ib5:1/IB/SHARP [6]mlx5_ib6:1/IB/SHARP [7]mlx5_ib7:1/IB/SHARP ; OOB eth0:10.35.4.16<0>
ip-0A230410:70722:70722 [5] NCCL INFO Using network IBext
ip-0A23041A:32600:32600 [5] NCCL INFO NET/IB : Using [0]mlx5_ib0:1/IB/SHARP [1]mlx5_ib1:1/IB/SHARP [2]mlx5_ib2:1/IB/SHARP [3]mlx5_ib3:1/IB/SHARP [4]mlx5_ib4:1/IB/SHARP [5]mlx5_ib5:1/IB/SHARP [6]mlx5_ib6:1/IB/SHARP [7]mlx5_ib7:1/IB/SHARP ; OOB eth0:10.35.4.26<0>
ip-0A23041A:32600:32600 [5] NCCL INFO Using network IBext
ip-0A230408:81444:81444 [5] NCCL INFO NET/IB : Using [0]mlx5_ib0:1/IB/SHARP [1]mlx5_ib1:1/IB/SHARP [2]mlx5_ib2:1/IB/SHARP [3]mlx5_ib3:1/IB/SHARP [4]mlx5_ib4:1/IB/SHARP [5]mlx5_ib5:1/IB/SHARP [6]mlx5_ib6:1/IB/SHARP [7]mlx5_ib7:1/IB/SHARP ; OOB eth0:10.35.4.8<0>
ip-0A230408:81444:81444 [5] NCCL INFO Using network IBext
ip-0A23040C:81369:81369 [5] NCCL INFO NET/IB : Using [0]mlx5_ib0:1/IB/SHARP [1]mlx5_ib1:1/IB/SHARP [2]mlx5_ib2:1/IB/SHARP [3]mlx5_ib3:1/IB/SHARP [4]mlx5_ib4:1/IB/SHARP [5]mlx5_ib5:1/IB/SHARP [6]mlx5_ib6:1/IB/SHARP [7]mlx5_ib7:1/IB/SHARP ; OOB eth0:10.35.4.12<0>
ip-0A23040C:81369:81369 [5] NCCL INFO Using network IBext
ip-0A23040E:82994:82994 [5] NCCL INFO NET/IB : Using [0]mlx5_ib0:1/IB/SHARP [1]mlx5_ib1:1/IB/SHARP [2]mlx5_ib2:1/IB/SHARP [3]mlx5_ib3:1/IB/SHARP [4]mlx5_ib4:1/IB/SHARP [5]mlx5_ib5:1/IB/SHARP [6]mlx5_ib6:1/IB/SHARP [7]mlx5_ib7:1/IB/SHARP ; OOB eth0:10.35.4.14<0>
ip-0A230412:39990:39990 [5] NCCL INFO NET/IB : Using [0]mlx5_ib0:1/IB/SHARP [1]mlx5_ib1:1/IB/SHARP [2]mlx5_ib2:1/IB/SHARP [3]mlx5_ib3:1/IB/SHARP [4]mlx5_ib4:1/IB/SHARP [5]mlx5_ib5:1/IB/SHARP [6]mlx5_ib6:1/IB/SHARP [7]mlx5_ib7:1/IB/SHARP ; OOB eth0:10.35.4.18<0>
ip-0A23040E:82994:82994 [5] NCCL INFO Using network IBext
ip-0A230412:39990:39990 [5] NCCL INFO Using network IBext
ip-0A230407:73002:73002 [5] NCCL INFO NET/IB : Using [0]mlx5_ib0:1/IB/SHARP [1]mlx5_ib1:1/IB/SHARP [2]mlx5_ib2:1/IB/SHARP [3]mlx5_ib3:1/IB/SHARP [4]mlx5_ib4:1/IB/SHARP [5]mlx5_ib5:1/IB/SHARP [6]mlx5_ib6:1/IB/SHARP [7]mlx5_ib7:1/IB/SHARP ; OOB eth0:10.35.4.7<0>
ip-0A230407:73002:73002 [5] NCCL INFO Using network IBext
ip-0A23040F:1526:1526 [5] NCCL INFO NET/IB : Using [0]mlx5_ib0:1/IB/SHARP [1]mlx5_ib1:1/IB/SHARP [2]mlx5_ib2:1/IB/SHARP [3]mlx5_ib3:1/IB/SHARP [4]mlx5_ib4:1/IB/SHARP [5]mlx5_ib5:1/IB/SHARP [6]mlx5_ib6:1/IB/SHARP [7]mlx5_ib7:1/IB/SHARP ; OOB eth0:10.35.4.15<0>
ip-0A23040F:1526:1526 [5] NCCL INFO Using network IBext
ip-0A230405:35347:35347 [5] NCCL INFO NET/IB : Using [0]mlx5_ib0:1/IB/SHARP [1]mlx5_ib1:1/IB/SHARP [2]mlx5_ib2:1/IB/SHARP [3]mlx5_ib3:1/IB/SHARP [4]mlx5_ib4:1/IB/SHARP [5]mlx5_ib5:1/IB/SHARP [6]mlx5_ib6:1/IB/SHARP [7]mlx5_ib7:1/IB/SHARP ; OOB eth0:10.35.4.5<0>
ip-0A230405:35347:35347 [5] NCCL INFO Using network IBext
ip-0A230417:73137:73137 [5] NCCL INFO NET/IB : Using [0]mlx5_ib0:1/IB/SHARP [1]mlx5_ib1:1/IB/SHARP [2]mlx5_ib2:1/IB/SHARP [3]mlx5_ib3:1/IB/SHARP [4]mlx5_ib4:1/IB/SHARP [5]mlx5_ib5:1/IB/SHARP [6]mlx5_ib6:1/IB/SHARP [7]mlx5_ib7:1/IB/SHARP ; OOB eth0:10.35.4.23<0>
ip-0A230417:73137:73137 [5] NCCL INFO Using network IBext
ip-0A230413:83848:83848 [5] NCCL INFO NET/IB : Using [0]mlx5_ib0:1/IB/SHARP [1]mlx5_ib1:1/IB/SHARP [2]mlx5_ib2:1/IB/SHARP [3]mlx5_ib3:1/IB/SHARP [4]mlx5_ib4:1/IB/SHARP [5]mlx5_ib5:1/IB/SHARP [6]mlx5_ib6:1/IB/SHARP [7]mlx5_ib7:1/IB/SHARP ; OOB eth0:10.35.4.19<0>
ip-0A230413:83848:83848 [5] NCCL INFO Using network IBext
ip-0A23041D:38312:38312 [5] NCCL INFO NET/IB : Using [0]mlx5_ib0:1/IB/SHARP [1]mlx5_ib1:1/IB/SHARP [2]mlx5_ib2:1/IB/SHARP [3]mlx5_ib3:1/IB/SHARP [4]mlx5_ib4:1/IB/SHARP [5]mlx5_ib5:1/IB/SHARP [6]mlx5_ib6:1/IB/SHARP [7]mlx5_ib7:1/IB/SHARP ; OOB eth0:10.35.4.29<0>
ip-0A23041D:38312:38312 [5] NCCL INFO Using network IBext
ip-0A230414:37008:37008 [5] NCCL INFO NET/IB : Using [0]mlx5_ib0:1/IB/SHARP [1]mlx5_ib1:1/IB/SHARP [2]mlx5_ib2:1/IB/SHARP [3]mlx5_ib3:1/IB/SHARP [4]mlx5_ib4:1/IB/SHARP [5]mlx5_ib5:1/IB/SHARP [6]mlx5_ib6:1/IB/SHARP [7]mlx5_ib7:1/IB/SHARP ; OOB eth0:10.35.4.20<0>
ip-0A230414:37008:37008 [5] NCCL INFO Using network IBext
ip-0A23040B:56449:56449 [5] NCCL INFO NET/IB : Using [0]mlx5_ib0:1/IB/SHARP [1]mlx5_ib1:1/IB/SHARP [2]mlx5_ib2:1/IB/SHARP [3]mlx5_ib3:1/IB/SHARP [4]mlx5_ib4:1/IB/SHARP [5]mlx5_ib5:1/IB/SHARP [6]mlx5_ib6:1/IB/SHARP [7]mlx5_ib7:1/IB/SHARP ; OOB eth0:10.35.4.11<0>
ip-0A23040B:56449:56449 [5] NCCL INFO Using network IBext
ip-0A230406:19909:19909 [5] NCCL INFO NET/IB : Using [0]mlx5_ib0:1/IB/SHARP [1]mlx5_ib1:1/IB/SHARP [2]mlx5_ib2:1/IB/SHARP [3]mlx5_ib3:1/IB/SHARP [4]mlx5_ib4:1/IB/SHARP [5]mlx5_ib5:1/IB/SHARP [6]mlx5_ib6:1/IB/SHARP [7]mlx5_ib7:1/IB/SHARP ; OOB eth0:10.35.4.6<0>
ip-0A230406:19909:19909 [5] NCCL INFO Using network IBext
ip-0A23040E:82994:83671 [5] NCCL INFO NCCL_P2P_LEVEL set by environment to LOC
ip-0A23040E:82994:83671 [5] NCCL INFO PXN Disabled as plugin is v4
ip-0A230406:19909:20578 [5] NCCL INFO NCCL_P2P_LEVEL set by environment to LOC
ip-0A230413:83848:84522 [5] NCCL INFO NCCL_P2P_LEVEL set by environment to LOC
ip-0A23040F:1526:2228 [5] NCCL INFO NCCL_P2P_LEVEL set by environment to LOC
ip-0A230406:19909:20578 [5] NCCL INFO PXN Disabled as plugin is v4
ip-0A23040F:1526:2228 [5] NCCL INFO PXN Disabled as plugin is v4
ip-0A23040E:82994:83671 [5] NCCL INFO NCCL_COLLNET_ENABLE set by environment to 1.
ip-0A230413:83848:84522 [5] NCCL INFO PXN Disabled as plugin is v4
ip-0A230417:73137:73807 [5] NCCL INFO NCCL_P2P_LEVEL set by environment to LOC
ip-0A230407:73002:73676 [5] NCCL INFO NCCL_P2P_LEVEL set by environment to LOC
ip-0A230405:35347:36019 [5] NCCL INFO NCCL_P2P_LEVEL set by environment to LOC
ip-0A23040B:56449:57125 [5] NCCL INFO NCCL_P2P_LEVEL set by environment to LOC
ip-0A230413:83848:84522 [5] NCCL INFO NCCL_COLLNET_ENABLE set by environment to 1.
ip-0A230406:19909:20578 [5] NCCL INFO NCCL_COLLNET_ENABLE set by environment to 1.
ip-0A23040F:1526:2228 [5] NCCL INFO NCCL_COLLNET_ENABLE set by environment to 1.
ip-0A230417:73137:73807 [5] NCCL INFO PXN Disabled as plugin is v4
ip-0A230407:73002:73676 [5] NCCL INFO PXN Disabled as plugin is v4
ip-0A23041D:38312:38985 [5] NCCL INFO NCCL_P2P_LEVEL set by environment to LOC
ip-0A230405:35347:36019 [5] NCCL INFO PXN Disabled as plugin is v4
ip-0A23040B:56449:57125 [5] NCCL INFO PXN Disabled as plugin is v4
ip-0A230410:70722:71394 [5] NCCL INFO NCCL_P2P_LEVEL set by environment to LOC
ip-0A23041D:38312:38985 [5] NCCL INFO PXN Disabled as plugin is v4
ip-0A230417:73137:73807 [5] NCCL INFO NCCL_COLLNET_ENABLE set by environment to 1.
ip-0A230407:73002:73676 [5] NCCL INFO NCCL_COLLNET_ENABLE set by environment to 1.
ip-0A230405:35347:36019 [5] NCCL INFO NCCL_COLLNET_ENABLE set by environment to 1.
ip-0A23040B:56449:57125 [5] NCCL INFO NCCL_COLLNET_ENABLE set by environment to 1.
ip-0A230410:70722:71394 [5] NCCL INFO PXN Disabled as plugin is v4
ip-0A23041D:38312:38985 [5] NCCL INFO NCCL_COLLNET_ENABLE set by environment to 1.
ip-0A230410:70722:71394 [5] NCCL INFO NCCL_COLLNET_ENABLE set by environment to 1.
ip-0A230414:37008:37676 [5] NCCL INFO NCCL_P2P_LEVEL set by environment to LOC
ip-0A23040C:81369:82050 [5] NCCL INFO NCCL_P2P_LEVEL set by environment to LOC
ip-0A23040C:81369:82050 [5] NCCL INFO PXN Disabled as plugin is v4
ip-0A230414:37008:37676 [5] NCCL INFO PXN Disabled as plugin is v4
ip-0A230412:39990:40661 [5] NCCL INFO NCCL_P2P_LEVEL set by environment to LOC
ip-0A230412:39990:40661 [5] NCCL INFO PXN Disabled as plugin is v4
ip-0A23040C:81369:82050 [5] NCCL INFO NCCL_COLLNET_ENABLE set by environment to 1.
ip-0A230414:37008:37676 [5] NCCL INFO NCCL_COLLNET_ENABLE set by environment to 1.
ip-0A230408:81444:82104 [5] NCCL INFO NCCL_P2P_LEVEL set by environment to LOC
ip-0A230412:39990:40661 [5] NCCL INFO NCCL_COLLNET_ENABLE set by environment to 1.
ip-0A230408:81444:82104 [5] NCCL INFO PXN Disabled as plugin is v4
ip-0A23041A:32600:33263 [5] NCCL INFO NCCL_P2P_LEVEL set by environment to LOC
ip-0A23041A:32600:33263 [5] NCCL INFO PXN Disabled as plugin is v4
ip-0A230408:81444:82104 [5] NCCL INFO NCCL_COLLNET_ENABLE set by environment to 1.
ip-0A23041A:32600:33263 [5] NCCL INFO NCCL_COLLNET_ENABLE set by environment to 1.
ip-0A23040D:46865:47541 [5] NCCL INFO NCCL_P2P_LEVEL set by environment to LOC
ip-0A23040D:46865:47541 [5] NCCL INFO PXN Disabled as plugin is v4
ip-0A23040D:46865:47541 [5] NCCL INFO NCCL_COLLNET_ENABLE set by environment to 1.
ip-0A23040D:46865:47541 [5] NCCL INFO Channel 00/02 :    0   1   2   3   4   5   6   7   8   9  10  11  12  13  14  15
ip-0A23040D:46865:47541 [5] NCCL INFO Channel 01/02 :    0   1   2   3   4   5   6   7   8   9  10  11  12  13  14  15
ip-0A23040D:46865:47541 [5] NCCL INFO Trees [0] 8/-1/-1->0->-1 [1] -1/-1/-1->0->1
ip-0A23040F:1526:2228 [5] NCCL INFO Trees [0] -1/-1/-1->1->2 [1] 2/0/-1->1->3
ip-0A230410:70722:71394 [5] NCCL INFO Trees [0] 1/3/-1->2->4 [1] -1/-1/-1->2->1
ip-0A230412:39990:40661 [5] NCCL INFO Trees [0] -1/-1/-1->3->2 [1] 5/1/-1->3->7
ip-0A230413:83848:84522 [5] NCCL INFO Trees [0] 2/6/-1->4->8 [1] -1/-1/-1->4->5
ip-0A230414:37008:37676 [5] NCCL INFO Trees [0] -1/-1/-1->5->6 [1] 6/4/-1->5->3
ip-0A230417:73137:73807 [5] NCCL INFO Trees [0] 5/7/-1->6->4 [1] -1/-1/-1->6->5
ip-0A230406:19909:20578 [5] NCCL INFO Trees [0] -1/-1/-1->7->6 [1] 11/3/-1->7->15
ip-0A230408:81444:82104 [5] NCCL INFO Trees [0] 4/12/-1->8->0 [1] -1/-1/-1->8->9
ip-0A23041A:32600:33263 [5] NCCL INFO Trees [0] -1/-1/-1->9->10 [1] 10/8/-1->9->11
ip-0A23041D:38312:38985 [5] NCCL INFO Trees [0] 9/11/-1->10->12 [1] -1/-1/-1->10->9
ip-0A230405:35347:36019 [5] NCCL INFO Trees [0] -1/-1/-1->11->10 [1] 13/9/-1->11->7
ip-0A230407:73002:73676 [5] NCCL INFO Trees [0] 10/14/-1->12->8 [1] -1/-1/-1->12->13
ip-0A23040B:56449:57125 [5] NCCL INFO Trees [0] -1/-1/-1->13->14 [1] 14/12/-1->13->11
ip-0A23040E:82994:83671 [5] NCCL INFO Trees [0] 13/15/-1->14->12 [1] -1/-1/-1->14->13
ip-0A23040C:81369:82050 [5] NCCL INFO Trees [0] -1/-1/-1->15->14 [1] 7/-1/-1->15->-1
ip-0A23040D:46865:47541 [5] NCCL INFO Channel 00/0 : 15[c00000] -> 0[c00000] [receive] via NET/IBext/5
ip-0A23040D:46865:47541 [5] NCCL INFO Channel 01/0 : 15[c00000] -> 0[c00000] [receive] via NET/IBext/5
ip-0A23040F:1526:2228 [5] NCCL INFO Channel 00/0 : 0[c00000] -> 1[c00000] [receive] via NET/IBext/5
ip-0A23040D:46865:47541 [5] NCCL INFO Channel 00/0 : 0[c00000] -> 1[c00000] [send] via NET/IBext/5
ip-0A230410:70722:71394 [5] NCCL INFO Channel 00/0 : 1[c00000] -> 2[c00000] [receive] via NET/IBext/5
ip-0A23040F:1526:2228 [5] NCCL INFO Channel 01/0 : 0[c00000] -> 1[c00000] [receive] via NET/IBext/5
ip-0A23040D:46865:47541 [5] NCCL INFO Channel 01/0 : 0[c00000] -> 1[c00000] [send] via NET/IBext/5
ip-0A23040F:1526:2228 [5] NCCL INFO Channel 00/0 : 1[c00000] -> 2[c00000] [send] via NET/IBext/5
ip-0A23040F:1526:2228 [5] NCCL INFO Channel 01/0 : 1[c00000] -> 2[c00000] [send] via NET/IBext/5
ip-0A230410:70722:71394 [5] NCCL INFO Channel 01/0 : 1[c00000] -> 2[c00000] [receive] via NET/IBext/5
ip-0A230412:39990:40661 [5] NCCL INFO Channel 00/0 : 2[c00000] -> 3[c00000] [receive] via NET/IBext/5
ip-0A230410:70722:71394 [5] NCCL INFO Channel 00/0 : 2[c00000] -> 3[c00000] [send] via NET/IBext/5
ip-0A230413:83848:84522 [5] NCCL INFO Channel 00/0 : 3[c00000] -> 4[c00000] [receive] via NET/IBext/5
ip-0A230414:37008:37676 [5] NCCL INFO Channel 00/0 : 4[c00000] -> 5[c00000] [receive] via NET/IBext/5
ip-0A230410:70722:71394 [5] NCCL INFO Channel 01/0 : 2[c00000] -> 3[c00000] [send] via NET/IBext/5
ip-0A230412:39990:40661 [5] NCCL INFO Channel 01/0 : 2[c00000] -> 3[c00000] [receive] via NET/IBext/5
ip-0A230412:39990:40661 [5] NCCL INFO Channel 00/0 : 3[c00000] -> 4[c00000] [send] via NET/IBext/5
ip-0A230413:83848:84522 [5] NCCL INFO Channel 01/0 : 3[c00000] -> 4[c00000] [receive] via NET/IBext/5
ip-0A230414:37008:37676 [5] NCCL INFO Channel 01/0 : 4[c00000] -> 5[c00000] [receive] via NET/IBext/5
ip-0A230417:73137:73807 [5] NCCL INFO Channel 00/0 : 5[c00000] -> 6[c00000] [receive] via NET/IBext/5
ip-0A230413:83848:84522 [5] NCCL INFO Channel 00/0 : 4[c00000] -> 5[c00000] [send] via NET/IBext/5
ip-0A230414:37008:37676 [5] NCCL INFO Channel 00/0 : 5[c00000] -> 6[c00000] [send] via NET/IBext/5
ip-0A230412:39990:40661 [5] NCCL INFO Channel 01/0 : 3[c00000] -> 4[c00000] [send] via NET/IBext/5
ip-0A230413:83848:84522 [5] NCCL INFO Channel 01/0 : 4[c00000] -> 5[c00000] [send] via NET/IBext/5
ip-0A230414:37008:37676 [5] NCCL INFO Channel 01/0 : 5[c00000] -> 6[c00000] [send] via NET/IBext/5
ip-0A230417:73137:73807 [5] NCCL INFO Channel 01/0 : 5[c00000] -> 6[c00000] [receive] via NET/IBext/5
ip-0A230417:73137:73807 [5] NCCL INFO Channel 00/0 : 6[c00000] -> 7[c00000] [send] via NET/IBext/5
ip-0A230406:19909:20578 [5] NCCL INFO Channel 00/0 : 6[c00000] -> 7[c00000] [receive] via NET/IBext/5
ip-0A230408:81444:82104 [5] NCCL INFO Channel 00/0 : 7[c00000] -> 8[c00000] [receive] via NET/IBext/5
ip-0A230417:73137:73807 [5] NCCL INFO Channel 01/0 : 6[c00000] -> 7[c00000] [send] via NET/IBext/5
ip-0A230406:19909:20578 [5] NCCL INFO Channel 01/0 : 6[c00000] -> 7[c00000] [receive] via NET/IBext/5
ip-0A230408:81444:82104 [5] NCCL INFO Channel 01/0 : 7[c00000] -> 8[c00000] [receive] via NET/IBext/5
ip-0A230408:81444:82104 [5] NCCL INFO Channel 00/0 : 8[c00000] -> 9[c00000] [send] via NET/IBext/5
ip-0A23041A:32600:33263 [5] NCCL INFO Channel 00/0 : 8[c00000] -> 9[c00000] [receive] via NET/IBext/5
ip-0A230406:19909:20578 [5] NCCL INFO Channel 00/0 : 7[c00000] -> 8[c00000] [send] via NET/IBext/5
ip-0A230406:19909:20578 [5] NCCL INFO Channel 01/0 : 7[c00000] -> 8[c00000] [send] via NET/IBext/5
ip-0A230408:81444:82104 [5] NCCL INFO Channel 01/0 : 8[c00000] -> 9[c00000] [send] via NET/IBext/5
ip-0A23041A:32600:33263 [5] NCCL INFO Channel 01/0 : 8[c00000] -> 9[c00000] [receive] via NET/IBext/5
ip-0A23041D:38312:38985 [5] NCCL INFO Channel 00/0 : 9[c00000] -> 10[c00000] [receive] via NET/IBext/5
ip-0A23041A:32600:33263 [5] NCCL INFO Channel 00/0 : 9[c00000] -> 10[c00000] [send] via NET/IBext/5
ip-0A230407:73002:73676 [5] NCCL INFO Channel 00/0 : 11[c00000] -> 12[c00000] [receive] via NET/IBext/5
ip-0A23041D:38312:38985 [5] NCCL INFO Channel 01/0 : 9[c00000] -> 10[c00000] [receive] via NET/IBext/5
ip-0A23041D:38312:38985 [5] NCCL INFO Channel 00/0 : 10[c00000] -> 11[c00000] [send] via NET/IBext/5
ip-0A23041A:32600:33263 [5] NCCL INFO Channel 01/0 : 9[c00000] -> 10[c00000] [send] via NET/IBext/5
ip-0A230405:35347:36019 [5] NCCL INFO Channel 00/0 : 10[c00000] -> 11[c00000] [receive] via NET/IBext/5
ip-0A230407:73002:73676 [5] NCCL INFO Channel 01/0 : 11[c00000] -> 12[c00000] [receive] via NET/IBext/5
ip-0A23041D:38312:38985 [5] NCCL INFO Channel 01/0 : 10[c00000] -> 11[c00000] [send] via NET/IBext/5
ip-0A230407:73002:73676 [5] NCCL INFO Channel 00/0 : 12[c00000] -> 13[c00000] [send] via NET/IBext/5
ip-0A23040C:81369:82050 [5] NCCL INFO Channel 00/0 : 14[c00000] -> 15[c00000] [receive] via NET/IBext/5
ip-0A230405:35347:36019 [5] NCCL INFO Channel 01/0 : 10[c00000] -> 11[c00000] [receive] via NET/IBext/5
ip-0A230405:35347:36019 [5] NCCL INFO Channel 00/0 : 11[c00000] -> 12[c00000] [send] via NET/IBext/5
ip-0A230407:73002:73676 [5] NCCL INFO Channel 01/0 : 12[c00000] -> 13[c00000] [send] via NET/IBext/5
ip-0A23040C:81369:82050 [5] NCCL INFO Channel 01/0 : 14[c00000] -> 15[c00000] [receive] via NET/IBext/5
ip-0A23040C:81369:82050 [5] NCCL INFO Channel 00/0 : 15[c00000] -> 0[c00000] [send] via NET/IBext/5
ip-0A23040E:82994:83671 [5] NCCL INFO Channel 00/0 : 13[c00000] -> 14[c00000] [receive] via NET/IBext/5
ip-0A230405:35347:36019 [5] NCCL INFO Channel 01/0 : 11[c00000] -> 12[c00000] [send] via NET/IBext/5
ip-0A23040C:81369:82050 [5] NCCL INFO Channel 01/0 : 15[c00000] -> 0[c00000] [send] via NET/IBext/5
ip-0A23040B:56449:57125 [5] NCCL INFO Channel 00/0 : 12[c00000] -> 13[c00000] [receive] via NET/IBext/5
ip-0A23040E:82994:83671 [5] NCCL INFO Channel 01/0 : 13[c00000] -> 14[c00000] [receive] via NET/IBext/5
ip-0A23040B:56449:57125 [5] NCCL INFO Channel 01/0 : 12[c00000] -> 13[c00000] [receive] via NET/IBext/5
ip-0A23040B:56449:57125 [5] NCCL INFO Channel 00/0 : 13[c00000] -> 14[c00000] [send] via NET/IBext/5
ip-0A23040E:82994:83671 [5] NCCL INFO Channel 00/0 : 14[c00000] -> 15[c00000] [send] via NET/IBext/5
ip-0A23040E:82994:83671 [5] NCCL INFO Channel 01/0 : 14[c00000] -> 15[c00000] [send] via NET/IBext/5
ip-0A23040B:56449:57125 [5] NCCL INFO Channel 01/0 : 13[c00000] -> 14[c00000] [send] via NET/IBext/5
ip-0A230412:39990:40661 [5] NCCL INFO Connected all rings
ip-0A230410:70722:71394 [5] NCCL INFO Connected all rings
ip-0A23040F:1526:2228 [5] NCCL INFO Connected all rings
ip-0A230413:83848:84522 [5] NCCL INFO Connected all rings
ip-0A230408:81444:82104 [5] NCCL INFO Connected all rings
ip-0A230414:37008:37676 [5] NCCL INFO Connected all rings
ip-0A230417:73137:73807 [5] NCCL INFO Connected all rings
ip-0A23040C:81369:82050 [5] NCCL INFO Connected all rings
ip-0A230405:35347:36019 [5] NCCL INFO Connected all rings
ip-0A23041D:38312:38985 [5] NCCL INFO Connected all rings
ip-0A23041A:32600:33263 [5] NCCL INFO Connected all rings
ip-0A230406:19909:20578 [5] NCCL INFO Connected all rings
ip-0A23040D:46865:47541 [5] NCCL INFO Connected all rings
ip-0A230407:73002:73676 [5] NCCL INFO Connected all rings
ip-0A23040B:56449:57125 [5] NCCL INFO Connected all rings
ip-0A23040E:82994:83671 [5] NCCL INFO Connected all rings
ip-0A23040C:81369:82050 [5] NCCL INFO Channel 01/0 : 7[c00000] -> 15[c00000] [receive] via NET/IBext/5
ip-0A230414:37008:37676 [5] NCCL INFO Channel 01/0 : 3[c00000] -> 5[c00000] [receive] via NET/IBext/5
ip-0A23040F:1526:2228 [5] NCCL INFO Channel 01/0 : 1[c00000] -> 3[c00000] [send] via NET/IBext/5
ip-0A23041A:32600:33263 [5] NCCL INFO Channel 01/0 : 9[c00000] -> 11[c00000] [send] via NET/IBext/5
ip-0A23040C:81369:82050 [5] NCCL INFO Channel 01/0 : 15[c00000] -> 7[c00000] [send] via NET/IBext/5
ip-0A230412:39990:40661 [5] NCCL INFO Channel 01/0 : 1[c00000] -> 3[c00000] [receive] via NET/IBext/5
ip-0A230412:39990:40661 [5] NCCL INFO Channel 01/0 : 3[c00000] -> 5[c00000] [send] via NET/IBext/5
ip-0A23040D:46865:47541 [5] NCCL INFO Channel 00/0 : 8[c00000] -> 0[c00000] [receive] via NET/IBext/5
ip-0A23040D:46865:47541 [5] NCCL INFO Channel 00/0 : 0[c00000] -> 8[c00000] [send] via NET/IBext/5
ip-0A230405:35347:36019 [5] NCCL INFO Channel 01/0 : 9[c00000] -> 11[c00000] [receive] via NET/IBext/5
ip-0A230410:70722:71394 [5] NCCL INFO Channel 00/0 : 2[c00000] -> 4[c00000] [send] via NET/IBext/5
ip-0A230405:35347:36019 [5] NCCL INFO Channel 01/0 : 11[c00000] -> 13[c00000] [send] via NET/IBext/5
ip-0A23040E:82994:83671 [5] NCCL INFO Channel 00/0 : 12[c00000] -> 14[c00000] [receive] via NET/IBext/5
ip-0A230408:81444:82104 [5] NCCL INFO Channel 00/0 : 4[c00000] -> 8[c00000] [receive] via NET/IBext/5
ip-0A230406:19909:20578 [5] NCCL INFO Channel 01/0 : 3[c00000] -> 7[c00000] [receive] via NET/IBext/5
ip-0A230408:81444:82104 [5] NCCL INFO Channel 00/0 : 8[c00000] -> 12[c00000] [send] via NET/IBext/5
ip-0A230407:73002:73676 [5] NCCL INFO Channel 00/0 : 10[c00000] -> 12[c00000] [receive] via NET/IBext/5
ip-0A230406:19909:20578 [5] NCCL INFO Channel 01/0 : 7[c00000] -> 11[c00000] [send] via NET/IBext/5
ip-0A230417:73137:73807 [5] NCCL INFO Channel 00/0 : 4[c00000] -> 6[c00000] [receive] via NET/IBext/5
ip-0A230407:73002:73676 [5] NCCL INFO Channel 00/0 : 12[c00000] -> 14[c00000] [send] via NET/IBext/5
ip-0A230413:83848:84522 [5] NCCL INFO Channel 00/0 : 2[c00000] -> 4[c00000] [receive] via NET/IBext/5
ip-0A23041D:38312:38985 [5] NCCL INFO Channel 00/0 : 10[c00000] -> 12[c00000] [send] via NET/IBext/5
ip-0A230413:83848:84522 [5] NCCL INFO Channel 00/0 : 4[c00000] -> 6[c00000] [send] via NET/IBext/5
ip-0A23040B:56449:57125 [5] NCCL INFO Channel 01/0 : 11[c00000] -> 13[c00000] [receive] via NET/IBext/5
ip-0A23040F:1526:2228 [5] NCCL INFO Channel 01/0 : 3[c00000] -> 1[c00000] [receive] via NET/IBext/5
ip-0A23041A:32600:33263 [5] NCCL INFO Channel 01/0 : 11[c00000] -> 9[c00000] [receive] via NET/IBext/5
ip-0A23041D:38312:38985 [5] NCCL INFO Channel 00/0 : 12[c00000] -> 10[c00000] [receive] via NET/IBext/5
ip-0A230410:70722:71394 [5] NCCL INFO Channel 00/0 : 4[c00000] -> 2[c00000] [receive] via NET/IBext/5
ip-0A230414:37008:37676 [5] NCCL INFO Channel 01/0 : 5[c00000] -> 3[c00000] [send] via NET/IBext/5
ip-0A23040E:82994:83671 [5] NCCL INFO Channel 00/0 : 14[c00000] -> 12[c00000] [send] via NET/IBext/5
ip-0A230417:73137:73807 [5] NCCL INFO Channel 00/0 : 6[c00000] -> 4[c00000] [send] via NET/IBext/5
ip-0A23040B:56449:57125 [5] NCCL INFO Channel 01/0 : 13[c00000] -> 11[c00000] [send] via NET/IBext/5
ip-0A230412:39990:40661 [5] NCCL INFO Channel 01/0 : 3[c00000] -> 7[c00000] [send] via NET/IBext/5
ip-0A230405:35347:36019 [5] NCCL INFO Channel 01/0 : 7[c00000] -> 11[c00000] [receive] via NET/IBext/5
ip-0A230407:73002:73676 [5] NCCL INFO Channel 00/0 : 8[c00000] -> 12[c00000] [receive] via NET/IBext/5
ip-0A230413:83848:84522 [5] NCCL INFO Channel 00/0 : 4[c00000] -> 8[c00000] [send] via NET/IBext/5
ip-0A230413:83848:84522 [5] NCCL INFO Channel 00/0 : 8[c00000] -> 4[c00000] [receive] via NET/IBext/5
ip-0A230405:35347:36019 [5] NCCL INFO Channel 01/0 : 11[c00000] -> 7[c00000] [send] via NET/IBext/5
ip-0A230407:73002:73676 [5] NCCL INFO Channel 00/0 : 12[c00000] -> 8[c00000] [send] via NET/IBext/5
ip-0A230412:39990:40661 [5] NCCL INFO Channel 01/0 : 7[c00000] -> 3[c00000] [receive] via NET/IBext/5
ip-0A230406:19909:20578 [5] NCCL INFO Channel 01/0 : 15[c00000] -> 7[c00000] [receive] via NET/IBext/5
ip-0A230406:19909:20578 [5] NCCL INFO Channel 01/0 : 7[c00000] -> 15[c00000] [send] via NET/IBext/5
ip-0A230408:81444:82104 [5] NCCL INFO Channel 00/0 : 0[c00000] -> 8[c00000] [receive] via NET/IBext/5
ip-0A230408:81444:82104 [5] NCCL INFO Channel 00/0 : 8[c00000] -> 0[c00000] [send] via NET/IBext/5
ip-0A23040C:81369:82050 [5] NCCL INFO Channel 00/0 : 15[c00000] -> 14[c00000] [send] via NET/IBext/5
ip-0A230406:19909:20578 [5] NCCL INFO Channel 01/0 : 11[c00000] -> 7[c00000] [receive] via NET/IBext/5
ip-0A230406:19909:20578 [5] NCCL INFO Channel 01/0 : 7[c00000] -> 3[c00000] [send] via NET/IBext/5
ip-0A23040D:46865:47541 [5] NCCL INFO Channel 01/0 : 1[c00000] -> 0[c00000] [receive] via NET/IBext/5
ip-0A230408:81444:82104 [5] NCCL INFO Channel 00/0 : 12[c00000] -> 8[c00000] [receive] via NET/IBext/5
ip-0A230408:81444:82104 [5] NCCL INFO Channel 00/0 : 8[c00000] -> 4[c00000] [send] via NET/IBext/5
ip-0A230412:39990:40661 [5] NCCL INFO Channel 01/0 : 5[c00000] -> 3[c00000] [receive] via NET/IBext/5
ip-0A230412:39990:40661 [5] NCCL INFO Channel 01/0 : 3[c00000] -> 1[c00000] [send] via NET/IBext/5
ip-0A230405:35347:36019 [5] NCCL INFO Channel 01/0 : 13[c00000] -> 11[c00000] [receive] via NET/IBext/5
ip-0A230406:19909:20578 [5] NCCL INFO Channel 00/0 : 7[c00000] -> 6[c00000] [send] via NET/IBext/5
ip-0A230407:73002:73676 [5] NCCL INFO Channel 00/0 : 14[c00000] -> 12[c00000] [receive] via NET/IBext/5
ip-0A230407:73002:73676 [5] NCCL INFO Channel 00/0 : 12[c00000] -> 10[c00000] [send] via NET/IBext/5
ip-0A230414:37008:37676 [5] NCCL INFO Channel 00/0 : 6[c00000] -> 5[c00000] [receive] via NET/IBext/5
ip-0A23040F:1526:2228 [5] NCCL INFO Channel 00/0 : 2[c00000] -> 1[c00000] [receive] via NET/IBext/5
ip-0A23040F:1526:2228 [5] NCCL INFO Channel 01/0 : 2[c00000] -> 1[c00000] [receive] via NET/IBext/5
ip-0A23040F:1526:2228 [5] NCCL INFO Channel 01/0 : 1[c00000] -> 0[c00000] [send] via NET/IBext/5
ip-0A230412:39990:40661 [5] NCCL INFO Channel 00/0 : 3[c00000] -> 2[c00000] [send] via NET/IBext/5
ip-0A230408:81444:82104 [5] NCCL INFO Channel 01/0 : 9[c00000] -> 8[c00000] [receive] via NET/IBext/5
ip-0A230413:83848:84522 [5] NCCL INFO Channel 00/0 : 6[c00000] -> 4[c00000] [receive] via NET/IBext/5
ip-0A230413:83848:84522 [5] NCCL INFO Channel 00/0 : 4[c00000] -> 2[c00000] [send] via NET/IBext/5
ip-0A230405:35347:36019 [5] NCCL INFO Channel 01/0 : 11[c00000] -> 9[c00000] [send] via NET/IBext/5
ip-0A230414:37008:37676 [5] NCCL INFO Channel 01/0 : 6[c00000] -> 5[c00000] [receive] via NET/IBext/5
ip-0A230414:37008:37676 [5] NCCL INFO Channel 01/0 : 5[c00000] -> 4[c00000] [send] via NET/IBext/5
ip-0A23040E:82994:83671 [5] NCCL INFO Channel 00/0 : 15[c00000] -> 14[c00000] [receive] via NET/IBext/5
ip-0A23040E:82994:83671 [5] NCCL INFO Channel 00/0 : 14[c00000] -> 13[c00000] [send] via NET/IBext/5
ip-0A23040E:82994:83671 [5] NCCL INFO Channel 01/0 : 14[c00000] -> 13[c00000] [send] via NET/IBext/5
ip-0A23041D:38312:38985 [5] NCCL INFO Channel 00/0 : 11[c00000] -> 10[c00000] [receive] via NET/IBext/5
ip-0A23041D:38312:38985 [5] NCCL INFO Channel 00/0 : 10[c00000] -> 9[c00000] [send] via NET/IBext/5
ip-0A23041D:38312:38985 [5] NCCL INFO Channel 01/0 : 10[c00000] -> 9[c00000] [send] via NET/IBext/5
ip-0A230407:73002:73676 [5] NCCL INFO Channel 01/0 : 13[c00000] -> 12[c00000] [receive] via NET/IBext/5
ip-0A23040C:81369:82050 [5] NCCL INFO Connected all trees
ip-0A23040C:81369:82050 [5] NCCL INFO CollNet 00 : 15 [receive] via COLLNET/SHARP/5
ip-0A230417:73137:73807 [5] NCCL INFO Channel 00/0 : 7[c00000] -> 6[c00000] [receive] via NET/IBext/5
ip-0A230417:73137:73807 [5] NCCL INFO Channel 00/0 : 6[c00000] -> 5[c00000] [send] via NET/IBext/5
ip-0A230417:73137:73807 [5] NCCL INFO Channel 01/0 : 6[c00000] -> 5[c00000] [send] via NET/IBext/5
ip-0A230406:19909:20578 [5] NCCL INFO Connected all trees
ip-0A230406:19909:20578 [5] NCCL INFO CollNet 00 : 7 [receive] via COLLNET/SHARP/5
ip-0A230410:70722:71394 [5] NCCL INFO Channel 00/0 : 3[c00000] -> 2[c00000] [receive] via NET/IBext/5
ip-0A230410:70722:71394 [5] NCCL INFO Channel 00/0 : 2[c00000] -> 1[c00000] [send] via NET/IBext/5
ip-0A230410:70722:71394 [5] NCCL INFO Channel 01/0 : 2[c00000] -> 1[c00000] [send] via NET/IBext/5
ip-0A230413:83848:84522 [5] NCCL INFO Channel 01/0 : 5[c00000] -> 4[c00000] [receive] via NET/IBext/5
ip-0A230412:39990:40661 [5] NCCL INFO Connected all trees
ip-0A230412:39990:40661 [5] NCCL INFO CollNet 00 : 3 [receive] via COLLNET/SHARP/5
ip-0A230413:83848:84522 [5] NCCL INFO Connected all trees
ip-0A230413:83848:84522 [5] NCCL INFO CollNet 00 : 4 [receive] via COLLNET/SHARP/5
ip-0A230417:73137:73807 [5] NCCL INFO Connected all trees
ip-0A23040D:46865:47541 [5] NCCL INFO Connected all trees
ip-0A23040D:46865:47541 [5] NCCL INFO CollNet 00 : 0 [receive] via COLLNET/SHARP/5
ip-0A23040B:56449:57125 [5] NCCL INFO Channel 00/0 : 14[c00000] -> 13[c00000] [receive] via NET/IBext/5
ip-0A23040B:56449:57125 [5] NCCL INFO Channel 01/0 : 14[c00000] -> 13[c00000] [receive] via NET/IBext/5
ip-0A23040B:56449:57125 [5] NCCL INFO Channel 01/0 : 13[c00000] -> 12[c00000] [send] via NET/IBext/5
ip-0A23041A:32600:33263 [5] NCCL INFO Channel 00/0 : 10[c00000] -> 9[c00000] [receive] via NET/IBext/5
ip-0A23041A:32600:33263 [5] NCCL INFO Channel 01/0 : 10[c00000] -> 9[c00000] [receive] via NET/IBext/5
