ip-0A230406:97851:639 [1] transport.cc:253 NCCL WARN Cannot initialize CollNet, using point-to-point network instead
ip-0A230406:97851:639 [1] NCCL INFO init.cc:765 -> 2
ip-0A23040E:61732:62332 [1] NCCL INFO threadThresholds 8/8/64 | 128/8/64 | 8/8/512
ip-0A23040E:61732:62332 [1] NCCL INFO 2 coll channels, 2 p2p channels, 2 p2p channels per peer
ip-0A230413:62801:63404 [1] NCCL INFO transport.cc:222 -> 2

ip-0A230413:62801:63404 [1] transport.cc:253 NCCL WARN Cannot initialize CollNet, using point-to-point network instead
ip-0A230413:62801:63404 [1] NCCL INFO init.cc:765 -> 2
ip-0A23041A:11734:12335 [1] NCCL INFO threadThresholds 8/8/64 | 128/8/64 | 8/8/512
ip-0A23041D:17338:18001 [1] NCCL INFO transport.cc:222 -> 2

ip-0A23041D:17338:18001 [1] transport.cc:253 NCCL WARN Cannot initialize CollNet, using point-to-point network instead
ip-0A23041D:17338:18001 [1] NCCL INFO init.cc:765 -> 2
ip-0A230414:15478:16065 [1] NCCL INFO init.cc:765 -> 2
ip-0A230406:97851:639 [1] NCCL INFO threadThresholds 8/8/64 | 128/8/64 | 8/8/512
ip-0A230406:97851:639 [1] NCCL INFO 2 coll channels, 2 p2p channels, 2 p2p channels per peer
ip-0A230413:62801:63404 [1] NCCL INFO threadThresholds 8/8/64 | 128/8/64 | 8/8/512
ip-0A230413:62801:63404 [1] NCCL INFO 2 coll channels, 2 p2p channels, 2 p2p channels per peer
ip-0A23041A:11734:12335 [1] NCCL INFO 2 coll channels, 2 p2p channels, 2 p2p channels per peer
ip-0A23041D:17338:18001 [1] NCCL INFO threadThresholds 8/8/64 | 128/8/64 | 8/8/512
ip-0A230414:15478:16065 [1] NCCL INFO threadThresholds 8/8/64 | 128/8/64 | 8/8/512
ip-0A23040C:60479:61080 [1] NCCL INFO transport.cc:222 -> 2

ip-0A23040C:60479:61080 [1] transport.cc:253 NCCL WARN Cannot initialize CollNet, using point-to-point network instead
ip-0A23041D:17338:18001 [1] NCCL INFO 2 coll channels, 2 p2p channels, 2 p2p channels per peer
ip-0A230414:15478:16065 [1] NCCL INFO 2 coll channels, 2 p2p channels, 2 p2p channels per peer
ip-0A230407:51970:52568 [1] NCCL INFO transport.cc:222 -> 2

ip-0A230407:51970:52568 [1] transport.cc:253 NCCL WARN Cannot initialize CollNet, using point-to-point network instead
ip-0A230407:51970:52568 [1] NCCL INFO init.cc:765 -> 2
ip-0A230407:51970:52568 [1] NCCL INFO threadThresholds 8/8/64 | 128/8/64 | 8/8/512
ip-0A230407:51970:52568 [1] NCCL INFO 2 coll channels, 2 p2p channels, 2 p2p channels per peer
ip-0A23040C:60479:61080 [1] NCCL INFO init.cc:765 -> 2
ip-0A230405:14160:14771 [1] NCCL INFO transport.cc:222 -> 2

ip-0A230405:14160:14771 [1] transport.cc:253 NCCL WARN Cannot initialize CollNet, using point-to-point network instead
ip-0A230405:14160:14771 [1] NCCL INFO init.cc:765 -> 2
ip-0A230405:14160:14771 [1] NCCL INFO threadThresholds 8/8/64 | 128/8/64 | 8/8/512
ip-0A230417:52204:52814 [1] NCCL INFO transport.cc:222 -> 2

ip-0A230417:52204:52814 [1] transport.cc:253 NCCL WARN Cannot initialize CollNet, using point-to-point network instead
ip-0A230417:52204:52814 [1] NCCL INFO init.cc:765 -> 2
ip-0A23040C:60479:61080 [1] NCCL INFO threadThresholds 8/8/64 | 128/8/64 | 8/8/512
ip-0A23040C:60479:61080 [1] NCCL INFO 2 coll channels, 2 p2p channels, 2 p2p channels per peer
ip-0A230405:14160:14771 [1] NCCL INFO 2 coll channels, 2 p2p channels, 2 p2p channels per peer
ip-0A230417:52204:52814 [1] NCCL INFO threadThresholds 8/8/64 | 128/8/64 | 8/8/512
ip-0A230417:52204:52814 [1] NCCL INFO 2 coll channels, 2 p2p channels, 2 p2p channels per peer
ip-0A230410:49787:50390 [1] NCCL INFO transport.cc:222 -> 2

ip-0A230410:49787:50390 [1] transport.cc:253 NCCL WARN Cannot initialize CollNet, using point-to-point network instead
ip-0A23040F:78326:78934 [1] NCCL INFO transport.cc:222 -> 2

ip-0A23040F:78326:78934 [1] transport.cc:253 NCCL WARN Cannot initialize CollNet, using point-to-point network instead
ip-0A23040F:78326:78934 [1] NCCL INFO init.cc:765 -> 2
ip-0A23040F:78326:78934 [1] NCCL INFO threadThresholds 8/8/64 | 128/8/64 | 8/8/512
ip-0A23040F:78326:78934 [1] NCCL INFO 2 coll channels, 2 p2p channels, 2 p2p channels per peer
ip-0A230410:49787:50390 [1] NCCL INFO init.cc:765 -> 2
ip-0A230410:49787:50390 [1] NCCL INFO threadThresholds 8/8/64 | 128/8/64 | 8/8/512
ip-0A230410:49787:50390 [1] NCCL INFO 2 coll channels, 2 p2p channels, 2 p2p channels per peer
ip-0A230408:61914:62504 [1] NCCL INFO transport.cc:222 -> 2

ip-0A230408:61914:62504 [1] transport.cc:253 NCCL WARN Cannot initialize CollNet, using point-to-point network instead
ip-0A230408:61914:62504 [1] NCCL INFO init.cc:765 -> 2
ip-0A230408:61914:62504 [1] NCCL INFO threadThresholds 8/8/64 | 128/8/64 | 8/8/512
ip-0A230408:61914:62504 [1] NCCL INFO 2 coll channels, 2 p2p channels, 2 p2p channels per peer
ip-0A23040B:35617:36228 [1] NCCL INFO comm 0x14fd1c008fb0 rank 13 nranks 16 cudaDev 1 busId 200000 - Init COMPLETE
ip-0A23040E:61732:62332 [1] NCCL INFO comm 0x14f350008fb0 rank 14 nranks 16 cudaDev 1 busId 200000 - Init COMPLETE
ip-0A23041A:11734:12335 [1] NCCL INFO comm 0x14e118008fb0 rank 9 nranks 16 cudaDev 1 busId 200000 - Init COMPLETE
ip-0A230414:15478:16065 [1] NCCL INFO comm 0x15386c008fb0 rank 5 nranks 16 cudaDev 1 busId 200000 - Init COMPLETE
ip-0A23040F:78326:78934 [1] NCCL INFO comm 0x155094008fb0 rank 1 nranks 16 cudaDev 1 busId 200000 - Init COMPLETE
ip-0A23041D:17338:18001 [1] NCCL INFO comm 0x147434008fb0 rank 10 nranks 16 cudaDev 1 busId 200000 - Init COMPLETE
ip-0A230410:49787:50390 [1] NCCL INFO comm 0x14a9b0008fb0 rank 2 nranks 16 cudaDev 1 busId 200000 - Init COMPLETE
ip-0A230407:51970:52568 [1] NCCL INFO comm 0x146ca8008fb0 rank 12 nranks 16 cudaDev 1 busId 200000 - Init COMPLETE
ip-0A230417:52204:52814 [1] NCCL INFO comm 0x146ccc008fb0 rank 6 nranks 16 cudaDev 1 busId 200000 - Init COMPLETE
ip-0A23040C:60479:61080 [1] NCCL INFO comm 0x153a64008fb0 rank 15 nranks 16 cudaDev 1 busId 200000 - Init COMPLETE
ip-0A230413:62801:63404 [1] NCCL INFO comm 0x14f268008fb0 rank 4 nranks 16 cudaDev 1 busId 200000 - Init COMPLETE
ip-0A230406:97851:639 [1] NCCL INFO comm 0x1542d4008fb0 rank 7 nranks 16 cudaDev 1 busId 200000 - Init COMPLETE
ip-0A230412:19196:19805 [1] NCCL INFO comm 0x1545e0008fb0 rank 3 nranks 16 cudaDev 1 busId 200000 - Init COMPLETE
ip-0A230408:61914:62504 [1] NCCL INFO comm 0x152804008fb0 rank 8 nranks 16 cudaDev 1 busId 200000 - Init COMPLETE
ip-0A230405:14160:14771 [1] NCCL INFO comm 0x149d64008fb0 rank 11 nranks 16 cudaDev 1 busId 200000 - Init COMPLETE
ip-0A23040D:23459:24078 [1] NCCL INFO Sharp rank 0/16 initialized on mlx5_ib1:1

ip-0A23040D:23459:24078 [1] sharp_plugin.c:288 NCCL WARN NET/IB :SHARP coll init error: Cannot create SHArP job(-11)

ip-0A23040D:23459:24078 [1] NCCL INFO include/coll_net.h:21 -> 3
ip-0A23040D:23459:24077 [1] NCCL INFO transport.cc:222 -> 2

ip-0A23040D:23459:24077 [1] transport.cc:253 NCCL WARN Cannot initialize CollNet, using point-to-point network instead
ip-0A23040D:23459:24077 [1] NCCL INFO init.cc:765 -> 2
ip-0A23040D:23459:24077 [1] NCCL INFO threadThresholds 8/8/64 | 128/8/64 | 8/8/512
ip-0A23040D:23459:24077 [1] NCCL INFO 2 coll channels, 2 p2p channels, 2 p2p channels per peer
ip-0A23040D:23459:24077 [1] NCCL INFO comm 0x149c78008fb0 rank 0 nranks 16 cudaDev 1 busId 200000 - Init COMPLETE
ip-0A23040D:23459:23459 [1] NCCL INFO Launch mode Parallel
ip-0A23040D:23460:23460 [2] NCCL INFO Bootstrap : Using eth0:10.35.4.13<0>
ip-0A23040D:23460:23460 [2] NCCL INFO NET/Plugin: Failed to find ncclNetPlugin_v5 symbol.
ip-0A23040D:23460:23460 [2] NCCL INFO NET/Plugin: Failed to find ncclCollNetPlugin_v5 symbol.
ip-0A23040D:23460:23460 [2] NCCL INFO Plugin Path : /opt/hpcx/nccl_rdma_sharp_plugin/lib/libnccl-net.so
ip-0A23040D:23460:23460 [2] NCCL INFO P2P plugin IBext
ip-0A23040D:23460:23460 [2] NCCL INFO NCCL_IB_PCI_RELAXED_ORDERING set by environment to 1.
ip-0A23040D:23460:23460 [2] NCCL INFO NET/IB : Using [0]mlx5_ib0:1/IB/SHARP [1]mlx5_ib1:1/IB/SHARP [2]mlx5_ib2:1/IB/SHARP [3]mlx5_ib3:1/IB/SHARP [4]mlx5_ib4:1/IB/SHARP [5]mlx5_ib5:1/IB/SHARP [6]mlx5_ib6:1/IB/SHARP [7]mlx5_ib7:1/IB/SHARP ; OOB eth0:10.35.4.13<0>
ip-0A23040D:23460:23460 [2] NCCL INFO Using network IBext
NCCL version 2.12.10+cuda11.6
ip-0A23040C:60481:60481 [2] NCCL INFO Bootstrap : Using eth0:10.35.4.12<0>
ip-0A230407:51974:51974 [2] NCCL INFO Bootstrap : Using eth0:10.35.4.7<0>
ip-0A230410:49786:49786 [2] NCCL INFO Bootstrap : Using eth0:10.35.4.16<0>
ip-0A230414:15449:15449 [2] NCCL INFO Bootstrap : Using eth0:10.35.4.20<0>
ip-0A230406:97852:97852 [2] NCCL INFO Bootstrap : Using eth0:10.35.4.6<0>
ip-0A23040E:61733:61733 [2] NCCL INFO Bootstrap : Using eth0:10.35.4.14<0>
ip-0A23041A:11726:11726 [2] NCCL INFO Bootstrap : Using eth0:10.35.4.26<0>
ip-0A230405:14156:14156 [2] NCCL INFO Bootstrap : Using eth0:10.35.4.5<0>
ip-0A230413:62806:62806 [2] NCCL INFO Bootstrap : Using eth0:10.35.4.19<0>
ip-0A230412:19202:19202 [2] NCCL INFO Bootstrap : Using eth0:10.35.4.18<0>
ip-0A230417:52206:52206 [2] NCCL INFO Bootstrap : Using eth0:10.35.4.23<0>
ip-0A230408:61887:61887 [2] NCCL INFO Bootstrap : Using eth0:10.35.4.8<0>
ip-0A23040B:35611:35611 [2] NCCL INFO Bootstrap : Using eth0:10.35.4.11<0>
ip-0A23040F:78334:78334 [2] NCCL INFO Bootstrap : Using eth0:10.35.4.15<0>
ip-0A23041D:17342:17342 [2] NCCL INFO Bootstrap : Using eth0:10.35.4.29<0>
ip-0A23040C:60481:60481 [2] NCCL INFO NET/Plugin: Failed to find ncclNetPlugin_v5 symbol.
ip-0A23040C:60481:60481 [2] NCCL INFO NET/Plugin: Failed to find ncclCollNetPlugin_v5 symbol.
ip-0A23040C:60481:60481 [2] NCCL INFO Plugin Path : /opt/hpcx/nccl_rdma_sharp_plugin/lib/libnccl-net.so
ip-0A23040C:60481:60481 [2] NCCL INFO P2P plugin IBext
ip-0A23040C:60481:60481 [2] NCCL INFO NCCL_IB_PCI_RELAXED_ORDERING set by environment to 1.
ip-0A230414:15449:15449 [2] NCCL INFO NET/Plugin: Failed to find ncclNetPlugin_v5 symbol.
ip-0A230414:15449:15449 [2] NCCL INFO NET/Plugin: Failed to find ncclCollNetPlugin_v5 symbol.
ip-0A230414:15449:15449 [2] NCCL INFO Plugin Path : /opt/hpcx/nccl_rdma_sharp_plugin/lib/libnccl-net.so
ip-0A230414:15449:15449 [2] NCCL INFO P2P plugin IBext
ip-0A230414:15449:15449 [2] NCCL INFO NCCL_IB_PCI_RELAXED_ORDERING set by environment to 1.
ip-0A230406:97852:97852 [2] NCCL INFO NET/Plugin: Failed to find ncclNetPlugin_v5 symbol.
ip-0A230406:97852:97852 [2] NCCL INFO NET/Plugin: Failed to find ncclCollNetPlugin_v5 symbol.
ip-0A23041A:11726:11726 [2] NCCL INFO NET/Plugin: Failed to find ncclNetPlugin_v5 symbol.
ip-0A23041A:11726:11726 [2] NCCL INFO NET/Plugin: Failed to find ncclCollNetPlugin_v5 symbol.
ip-0A230406:97852:97852 [2] NCCL INFO Plugin Path : /opt/hpcx/nccl_rdma_sharp_plugin/lib/libnccl-net.so
ip-0A230406:97852:97852 [2] NCCL INFO P2P plugin IBext
ip-0A230406:97852:97852 [2] NCCL INFO NCCL_IB_PCI_RELAXED_ORDERING set by environment to 1.
ip-0A23041A:11726:11726 [2] NCCL INFO Plugin Path : /opt/hpcx/nccl_rdma_sharp_plugin/lib/libnccl-net.so
ip-0A23041A:11726:11726 [2] NCCL INFO P2P plugin IBext
ip-0A23041A:11726:11726 [2] NCCL INFO NCCL_IB_PCI_RELAXED_ORDERING set by environment to 1.
ip-0A230412:19202:19202 [2] NCCL INFO NET/Plugin: Failed to find ncclNetPlugin_v5 symbol.
ip-0A230412:19202:19202 [2] NCCL INFO NET/Plugin: Failed to find ncclCollNetPlugin_v5 symbol.
ip-0A230417:52206:52206 [2] NCCL INFO NET/Plugin: Failed to find ncclNetPlugin_v5 symbol.
ip-0A230417:52206:52206 [2] NCCL INFO NET/Plugin: Failed to find ncclCollNetPlugin_v5 symbol.
ip-0A230412:19202:19202 [2] NCCL INFO Plugin Path : /opt/hpcx/nccl_rdma_sharp_plugin/lib/libnccl-net.so
ip-0A230412:19202:19202 [2] NCCL INFO P2P plugin IBext
ip-0A230412:19202:19202 [2] NCCL INFO NCCL_IB_PCI_RELAXED_ORDERING set by environment to 1.
ip-0A230417:52206:52206 [2] NCCL INFO Plugin Path : /opt/hpcx/nccl_rdma_sharp_plugin/lib/libnccl-net.so
ip-0A230417:52206:52206 [2] NCCL INFO P2P plugin IBext
ip-0A230417:52206:52206 [2] NCCL INFO NCCL_IB_PCI_RELAXED_ORDERING set by environment to 1.
ip-0A230410:49786:49786 [2] NCCL INFO NET/Plugin: Failed to find ncclNetPlugin_v5 symbol.
ip-0A230410:49786:49786 [2] NCCL INFO NET/Plugin: Failed to find ncclCollNetPlugin_v5 symbol.
ip-0A230405:14156:14156 [2] NCCL INFO NET/Plugin: Failed to find ncclNetPlugin_v5 symbol.
ip-0A230405:14156:14156 [2] NCCL INFO NET/Plugin: Failed to find ncclCollNetPlugin_v5 symbol.
ip-0A230410:49786:49786 [2] NCCL INFO Plugin Path : /opt/hpcx/nccl_rdma_sharp_plugin/lib/libnccl-net.so
ip-0A230410:49786:49786 [2] NCCL INFO P2P plugin IBext
ip-0A230410:49786:49786 [2] NCCL INFO NCCL_IB_PCI_RELAXED_ORDERING set by environment to 1.
ip-0A230405:14156:14156 [2] NCCL INFO Plugin Path : /opt/hpcx/nccl_rdma_sharp_plugin/lib/libnccl-net.so
ip-0A230405:14156:14156 [2] NCCL INFO P2P plugin IBext
ip-0A230405:14156:14156 [2] NCCL INFO NCCL_IB_PCI_RELAXED_ORDERING set by environment to 1.
ip-0A230408:61887:61887 [2] NCCL INFO NET/Plugin: Failed to find ncclNetPlugin_v5 symbol.
ip-0A230408:61887:61887 [2] NCCL INFO NET/Plugin: Failed to find ncclCollNetPlugin_v5 symbol.
ip-0A230408:61887:61887 [2] NCCL INFO Plugin Path : /opt/hpcx/nccl_rdma_sharp_plugin/lib/libnccl-net.so
ip-0A230408:61887:61887 [2] NCCL INFO P2P plugin IBext
ip-0A230408:61887:61887 [2] NCCL INFO NCCL_IB_PCI_RELAXED_ORDERING set by environment to 1.
ip-0A230407:51974:51974 [2] NCCL INFO NET/Plugin: Failed to find ncclNetPlugin_v5 symbol.
ip-0A230407:51974:51974 [2] NCCL INFO NET/Plugin: Failed to find ncclCollNetPlugin_v5 symbol.
ip-0A230407:51974:51974 [2] NCCL INFO Plugin Path : /opt/hpcx/nccl_rdma_sharp_plugin/lib/libnccl-net.so
ip-0A230407:51974:51974 [2] NCCL INFO P2P plugin IBext
ip-0A230407:51974:51974 [2] NCCL INFO NCCL_IB_PCI_RELAXED_ORDERING set by environment to 1.
ip-0A23040E:61733:61733 [2] NCCL INFO NET/Plugin: Failed to find ncclNetPlugin_v5 symbol.
ip-0A23040E:61733:61733 [2] NCCL INFO NET/Plugin: Failed to find ncclCollNetPlugin_v5 symbol.
ip-0A23040E:61733:61733 [2] NCCL INFO Plugin Path : /opt/hpcx/nccl_rdma_sharp_plugin/lib/libnccl-net.so
ip-0A23040E:61733:61733 [2] NCCL INFO P2P plugin IBext
ip-0A23040E:61733:61733 [2] NCCL INFO NCCL_IB_PCI_RELAXED_ORDERING set by environment to 1.
ip-0A230413:62806:62806 [2] NCCL INFO NET/Plugin: Failed to find ncclNetPlugin_v5 symbol.
ip-0A230413:62806:62806 [2] NCCL INFO NET/Plugin: Failed to find ncclCollNetPlugin_v5 symbol.
ip-0A230413:62806:62806 [2] NCCL INFO Plugin Path : /opt/hpcx/nccl_rdma_sharp_plugin/lib/libnccl-net.so
ip-0A230413:62806:62806 [2] NCCL INFO P2P plugin IBext
ip-0A230413:62806:62806 [2] NCCL INFO NCCL_IB_PCI_RELAXED_ORDERING set by environment to 1.
ip-0A23041D:17342:17342 [2] NCCL INFO NET/Plugin: Failed to find ncclNetPlugin_v5 symbol.
ip-0A23041D:17342:17342 [2] NCCL INFO NET/Plugin: Failed to find ncclCollNetPlugin_v5 symbol.
ip-0A23041D:17342:17342 [2] NCCL INFO Plugin Path : /opt/hpcx/nccl_rdma_sharp_plugin/lib/libnccl-net.so
ip-0A23041D:17342:17342 [2] NCCL INFO P2P plugin IBext
ip-0A23041D:17342:17342 [2] NCCL INFO NCCL_IB_PCI_RELAXED_ORDERING set by environment to 1.
ip-0A23040B:35611:35611 [2] NCCL INFO NET/Plugin: Failed to find ncclNetPlugin_v5 symbol.
ip-0A23040B:35611:35611 [2] NCCL INFO NET/Plugin: Failed to find ncclCollNetPlugin_v5 symbol.
ip-0A23040B:35611:35611 [2] NCCL INFO Plugin Path : /opt/hpcx/nccl_rdma_sharp_plugin/lib/libnccl-net.so
ip-0A23040B:35611:35611 [2] NCCL INFO P2P plugin IBext
ip-0A23040B:35611:35611 [2] NCCL INFO NCCL_IB_PCI_RELAXED_ORDERING set by environment to 1.
ip-0A23040F:78334:78334 [2] NCCL INFO NET/Plugin: Failed to find ncclNetPlugin_v5 symbol.
ip-0A23040F:78334:78334 [2] NCCL INFO NET/Plugin: Failed to find ncclCollNetPlugin_v5 symbol.
ip-0A23040F:78334:78334 [2] NCCL INFO Plugin Path : /opt/hpcx/nccl_rdma_sharp_plugin/lib/libnccl-net.so
ip-0A23040F:78334:78334 [2] NCCL INFO P2P plugin IBext
ip-0A23040F:78334:78334 [2] NCCL INFO NCCL_IB_PCI_RELAXED_ORDERING set by environment to 1.
ip-0A23041A:11726:11726 [2] NCCL INFO NET/IB : Using [0]mlx5_ib0:1/IB/SHARP [1]mlx5_ib1:1/IB/SHARP [2]mlx5_ib2:1/IB/SHARP [3]mlx5_ib3:1/IB/SHARP [4]mlx5_ib4:1/IB/SHARP [5]mlx5_ib5:1/IB/SHARP [6]mlx5_ib6:1/IB/SHARP [7]mlx5_ib7:1/IB/SHARP ; OOB eth0:10.35.4.26<0>
ip-0A23041A:11726:11726 [2] NCCL INFO Using network IBext
ip-0A230414:15449:15449 [2] NCCL INFO NET/IB : Using [0]mlx5_ib0:1/IB/SHARP [1]mlx5_ib1:1/IB/SHARP [2]mlx5_ib2:1/IB/SHARP [3]mlx5_ib3:1/IB/SHARP [4]mlx5_ib4:1/IB/SHARP [5]mlx5_ib5:1/IB/SHARP [6]mlx5_ib6:1/IB/SHARP [7]mlx5_ib7:1/IB/SHARP ; OOB eth0:10.35.4.20<0>
ip-0A230414:15449:15449 [2] NCCL INFO Using network IBext
ip-0A230408:61887:61887 [2] NCCL INFO NET/IB : Using [0]mlx5_ib0:1/IB/SHARP [1]mlx5_ib1:1/IB/SHARP [2]mlx5_ib2:1/IB/SHARP [3]mlx5_ib3:1/IB/SHARP [4]mlx5_ib4:1/IB/SHARP [5]mlx5_ib5:1/IB/SHARP [6]mlx5_ib6:1/IB/SHARP [7]mlx5_ib7:1/IB/SHARP ; OOB eth0:10.35.4.8<0>
ip-0A23040C:60481:60481 [2] NCCL INFO NET/IB : Using [0]mlx5_ib0:1/IB/SHARP [1]mlx5_ib1:1/IB/SHARP [2]mlx5_ib2:1/IB/SHARP [3]mlx5_ib3:1/IB/SHARP [4]mlx5_ib4:1/IB/SHARP [5]mlx5_ib5:1/IB/SHARP [6]mlx5_ib6:1/IB/SHARP [7]mlx5_ib7:1/IB/SHARP ; OOB eth0:10.35.4.12<0>
ip-0A23040C:60481:60481 [2] NCCL INFO Using network IBext
ip-0A230408:61887:61887 [2] NCCL INFO Using network IBext
ip-0A230412:19202:19202 [2] NCCL INFO NET/IB : Using [0]mlx5_ib0:1/IB/SHARP [1]mlx5_ib1:1/IB/SHARP [2]mlx5_ib2:1/IB/SHARP [3]mlx5_ib3:1/IB/SHARP [4]mlx5_ib4:1/IB/SHARP [5]mlx5_ib5:1/IB/SHARP [6]mlx5_ib6:1/IB/SHARP [7]mlx5_ib7:1/IB/SHARP ; OOB eth0:10.35.4.18<0>
ip-0A230412:19202:19202 [2] NCCL INFO Using network IBext
ip-0A230406:97852:97852 [2] NCCL INFO NET/IB : Using [0]mlx5_ib0:1/IB/SHARP [1]mlx5_ib1:1/IB/SHARP [2]mlx5_ib2:1/IB/SHARP [3]mlx5_ib3:1/IB/SHARP [4]mlx5_ib4:1/IB/SHARP [5]mlx5_ib5:1/IB/SHARP [6]mlx5_ib6:1/IB/SHARP [7]mlx5_ib7:1/IB/SHARP ; OOB eth0:10.35.4.6<0>
ip-0A230406:97852:97852 [2] NCCL INFO Using network IBext
ip-0A230405:14156:14156 [2] NCCL INFO NET/IB : Using [0]mlx5_ib0:1/IB/SHARP [1]mlx5_ib1:1/IB/SHARP [2]mlx5_ib2:1/IB/SHARP [3]mlx5_ib3:1/IB/SHARP [4]mlx5_ib4:1/IB/SHARP [5]mlx5_ib5:1/IB/SHARP [6]mlx5_ib6:1/IB/SHARP [7]mlx5_ib7:1/IB/SHARP ; OOB eth0:10.35.4.5<0>
ip-0A230405:14156:14156 [2] NCCL INFO Using network IBext
ip-0A230407:51974:51974 [2] NCCL INFO NET/IB : Using [0]mlx5_ib0:1/IB/SHARP [1]mlx5_ib1:1/IB/SHARP [2]mlx5_ib2:1/IB/SHARP [3]mlx5_ib3:1/IB/SHARP [4]mlx5_ib4:1/IB/SHARP [5]mlx5_ib5:1/IB/SHARP [6]mlx5_ib6:1/IB/SHARP [7]mlx5_ib7:1/IB/SHARP ; OOB eth0:10.35.4.7<0>
ip-0A230407:51974:51974 [2] NCCL INFO Using network IBext
ip-0A230410:49786:49786 [2] NCCL INFO NET/IB : Using [0]mlx5_ib0:1/IB/SHARP [1]mlx5_ib1:1/IB/SHARP [2]mlx5_ib2:1/IB/SHARP [3]mlx5_ib3:1/IB/SHARP [4]mlx5_ib4:1/IB/SHARP [5]mlx5_ib5:1/IB/SHARP [6]mlx5_ib6:1/IB/SHARP [7]mlx5_ib7:1/IB/SHARP ; OOB eth0:10.35.4.16<0>
ip-0A230410:49786:49786 [2] NCCL INFO Using network IBext
ip-0A230417:52206:52206 [2] NCCL INFO NET/IB : Using [0]mlx5_ib0:1/IB/SHARP [1]mlx5_ib1:1/IB/SHARP [2]mlx5_ib2:1/IB/SHARP [3]mlx5_ib3:1/IB/SHARP [4]mlx5_ib4:1/IB/SHARP [5]mlx5_ib5:1/IB/SHARP [6]mlx5_ib6:1/IB/SHARP [7]mlx5_ib7:1/IB/SHARP ; OOB eth0:10.35.4.23<0>
ip-0A230417:52206:52206 [2] NCCL INFO Using network IBext
ip-0A23040E:61733:61733 [2] NCCL INFO NET/IB : Using [0]mlx5_ib0:1/IB/SHARP [1]mlx5_ib1:1/IB/SHARP [2]mlx5_ib2:1/IB/SHARP [3]mlx5_ib3:1/IB/SHARP [4]mlx5_ib4:1/IB/SHARP [5]mlx5_ib5:1/IB/SHARP [6]mlx5_ib6:1/IB/SHARP [7]mlx5_ib7:1/IB/SHARP ; OOB eth0:10.35.4.14<0>
ip-0A23040E:61733:61733 [2] NCCL INFO Using network IBext
ip-0A230413:62806:62806 [2] NCCL INFO NET/IB : Using [0]mlx5_ib0:1/IB/SHARP [1]mlx5_ib1:1/IB/SHARP [2]mlx5_ib2:1/IB/SHARP [3]mlx5_ib3:1/IB/SHARP [4]mlx5_ib4:1/IB/SHARP [5]mlx5_ib5:1/IB/SHARP [6]mlx5_ib6:1/IB/SHARP [7]mlx5_ib7:1/IB/SHARP ; OOB eth0:10.35.4.19<0>
ip-0A230413:62806:62806 [2] NCCL INFO Using network IBext
ip-0A23041D:17342:17342 [2] NCCL INFO NET/IB : Using [0]mlx5_ib0:1/IB/SHARP [1]mlx5_ib1:1/IB/SHARP [2]mlx5_ib2:1/IB/SHARP [3]mlx5_ib3:1/IB/SHARP [4]mlx5_ib4:1/IB/SHARP [5]mlx5_ib5:1/IB/SHARP [6]mlx5_ib6:1/IB/SHARP [7]mlx5_ib7:1/IB/SHARP ; OOB eth0:10.35.4.29<0>
ip-0A23041D:17342:17342 [2] NCCL INFO Using network IBext
ip-0A23040B:35611:35611 [2] NCCL INFO NET/IB : Using [0]mlx5_ib0:1/IB/SHARP [1]mlx5_ib1:1/IB/SHARP [2]mlx5_ib2:1/IB/SHARP [3]mlx5_ib3:1/IB/SHARP [4]mlx5_ib4:1/IB/SHARP [5]mlx5_ib5:1/IB/SHARP [6]mlx5_ib6:1/IB/SHARP [7]mlx5_ib7:1/IB/SHARP ; OOB eth0:10.35.4.11<0>
ip-0A23040B:35611:35611 [2] NCCL INFO Using network IBext
ip-0A23040F:78334:78334 [2] NCCL INFO NET/IB : Using [0]mlx5_ib0:1/IB/SHARP [1]mlx5_ib1:1/IB/SHARP [2]mlx5_ib2:1/IB/SHARP [3]mlx5_ib3:1/IB/SHARP [4]mlx5_ib4:1/IB/SHARP [5]mlx5_ib5:1/IB/SHARP [6]mlx5_ib6:1/IB/SHARP [7]mlx5_ib7:1/IB/SHARP ; OOB eth0:10.35.4.15<0>
ip-0A23040F:78334:78334 [2] NCCL INFO Using network IBext
ip-0A230413:62806:63427 [2] NCCL INFO NCCL_P2P_LEVEL set by environment to LOC
ip-0A230413:62806:63427 [2] NCCL INFO PXN Disabled as plugin is v4
ip-0A230413:62806:63427 [2] NCCL INFO Setting affinity for GPU 2 to ffffff
ip-0A23040F:78334:78952 [2] NCCL INFO NCCL_P2P_LEVEL set by environment to LOC
ip-0A230413:62806:63427 [2] NCCL INFO NCCL_COLLNET_ENABLE set by environment to 1.
ip-0A23040C:60481:61103 [2] NCCL INFO NCCL_P2P_LEVEL set by environment to LOC
ip-0A23040F:78334:78952 [2] NCCL INFO PXN Disabled as plugin is v4
ip-0A230407:51974:52592 [2] NCCL INFO NCCL_P2P_LEVEL set by environment to LOC
ip-0A23040F:78334:78952 [2] NCCL INFO Setting affinity for GPU 2 to ffffff
ip-0A230408:61887:62517 [2] NCCL INFO NCCL_P2P_LEVEL set by environment to LOC
ip-0A23040C:60481:61103 [2] NCCL INFO PXN Disabled as plugin is v4
ip-0A23040F:78334:78952 [2] NCCL INFO NCCL_COLLNET_ENABLE set by environment to 1.
ip-0A230407:51974:52592 [2] NCCL INFO PXN Disabled as plugin is v4
ip-0A23040C:60481:61103 [2] NCCL INFO Setting affinity for GPU 2 to ffffff
ip-0A230412:19202:19822 [2] NCCL INFO NCCL_P2P_LEVEL set by environment to LOC
ip-0A230407:51974:52592 [2] NCCL INFO Setting affinity for GPU 2 to ffffff
ip-0A230408:61887:62517 [2] NCCL INFO PXN Disabled as plugin is v4
ip-0A23040C:60481:61103 [2] NCCL INFO NCCL_COLLNET_ENABLE set by environment to 1.
ip-0A23040D:23460:24092 [2] NCCL INFO NCCL_P2P_LEVEL set by environment to LOC
ip-0A230407:51974:52592 [2] NCCL INFO NCCL_COLLNET_ENABLE set by environment to 1.
ip-0A230408:61887:62517 [2] NCCL INFO Setting affinity for GPU 2 to ffffff
ip-0A230412:19202:19822 [2] NCCL INFO PXN Disabled as plugin is v4
ip-0A230408:61887:62517 [2] NCCL INFO NCCL_COLLNET_ENABLE set by environment to 1.
ip-0A23040D:23460:24092 [2] NCCL INFO PXN Disabled as plugin is v4
ip-0A230412:19202:19822 [2] NCCL INFO Setting affinity for GPU 2 to ffffff
ip-0A230417:52206:52829 [2] NCCL INFO NCCL_P2P_LEVEL set by environment to LOC
ip-0A230414:15449:16078 [2] NCCL INFO NCCL_P2P_LEVEL set by environment to LOC
ip-0A23040D:23460:24092 [2] NCCL INFO Setting affinity for GPU 2 to ffffff
ip-0A230412:19202:19822 [2] NCCL INFO NCCL_COLLNET_ENABLE set by environment to 1.
ip-0A23040D:23460:24092 [2] NCCL INFO NCCL_COLLNET_ENABLE set by environment to 1.
ip-0A230417:52206:52829 [2] NCCL INFO PXN Disabled as plugin is v4
ip-0A230414:15449:16078 [2] NCCL INFO PXN Disabled as plugin is v4
ip-0A230406:97852:652 [2] NCCL INFO NCCL_P2P_LEVEL set by environment to LOC
ip-0A230417:52206:52829 [2] NCCL INFO Setting affinity for GPU 2 to ffffff
ip-0A230410:49786:50407 [2] NCCL INFO NCCL_P2P_LEVEL set by environment to LOC
ip-0A230414:15449:16078 [2] NCCL INFO Setting affinity for GPU 2 to ffffff
ip-0A230417:52206:52829 [2] NCCL INFO NCCL_COLLNET_ENABLE set by environment to 1.
ip-0A23041D:17342:18014 [2] NCCL INFO NCCL_P2P_LEVEL set by environment to LOC
ip-0A23040E:61733:62355 [2] NCCL INFO NCCL_P2P_LEVEL set by environment to LOC
ip-0A230414:15449:16078 [2] NCCL INFO NCCL_COLLNET_ENABLE set by environment to 1.
ip-0A230406:97852:652 [2] NCCL INFO PXN Disabled as plugin is v4
ip-0A230410:49786:50407 [2] NCCL INFO PXN Disabled as plugin is v4
ip-0A23041D:17342:18014 [2] NCCL INFO PXN Disabled as plugin is v4
ip-0A230406:97852:652 [2] NCCL INFO Setting affinity for GPU 2 to ffffff
ip-0A23040E:61733:62355 [2] NCCL INFO PXN Disabled as plugin is v4
ip-0A230410:49786:50407 [2] NCCL INFO Setting affinity for GPU 2 to ffffff
ip-0A23041A:11726:12348 [2] NCCL INFO NCCL_P2P_LEVEL set by environment to LOC
ip-0A230406:97852:652 [2] NCCL INFO NCCL_COLLNET_ENABLE set by environment to 1.
ip-0A23041D:17342:18014 [2] NCCL INFO Setting affinity for GPU 2 to ffffff
ip-0A23040E:61733:62355 [2] NCCL INFO Setting affinity for GPU 2 to ffffff
ip-0A230410:49786:50407 [2] NCCL INFO NCCL_COLLNET_ENABLE set by environment to 1.
ip-0A23041D:17342:18014 [2] NCCL INFO NCCL_COLLNET_ENABLE set by environment to 1.
ip-0A23040E:61733:62355 [2] NCCL INFO NCCL_COLLNET_ENABLE set by environment to 1.
ip-0A23041A:11726:12348 [2] NCCL INFO PXN Disabled as plugin is v4
ip-0A23041A:11726:12348 [2] NCCL INFO Setting affinity for GPU 2 to ffffff
ip-0A23041A:11726:12348 [2] NCCL INFO NCCL_COLLNET_ENABLE set by environment to 1.
ip-0A23040B:35611:36241 [2] NCCL INFO NCCL_P2P_LEVEL set by environment to LOC
ip-0A23040B:35611:36241 [2] NCCL INFO PXN Disabled as plugin is v4
ip-0A23040B:35611:36241 [2] NCCL INFO Setting affinity for GPU 2 to ffffff
ip-0A23040B:35611:36241 [2] NCCL INFO NCCL_COLLNET_ENABLE set by environment to 1.
ip-0A230405:14156:14785 [2] NCCL INFO NCCL_P2P_LEVEL set by environment to LOC
ip-0A230405:14156:14785 [2] NCCL INFO PXN Disabled as plugin is v4
ip-0A230405:14156:14785 [2] NCCL INFO Setting affinity for GPU 2 to ffffff
ip-0A230405:14156:14785 [2] NCCL INFO NCCL_COLLNET_ENABLE set by environment to 1.
ip-0A230405:14156:14785 [2] NCCL INFO Trees [0] -1/-1/-1->11->10 [1] 13/9/-1->11->7
ip-0A230407:51974:52592 [2] NCCL INFO Trees [0] 10/14/-1->12->8 [1] -1/-1/-1->12->13
ip-0A23040B:35611:36241 [2] NCCL INFO Trees [0] -1/-1/-1->13->14 [1] 14/12/-1->13->11
ip-0A23040E:61733:62355 [2] NCCL INFO Trees [0] 13/15/-1->14->12 [1] -1/-1/-1->14->13
ip-0A23040C:60481:61103 [2] NCCL INFO Trees [0] -1/-1/-1->15->14 [1] 7/-1/-1->15->-1
ip-0A23040D:23460:24092 [2] NCCL INFO Channel 00/02 :    0   1   2   3   4   5   6   7   8   9  10  11  12  13  14  15
ip-0A23040D:23460:24092 [2] NCCL INFO Channel 01/02 :    0   1   2   3   4   5   6   7   8   9  10  11  12  13  14  15
ip-0A23040D:23460:24092 [2] NCCL INFO Trees [0] 8/-1/-1->0->-1 [1] -1/-1/-1->0->1
ip-0A23040F:78334:78952 [2] NCCL INFO Trees [0] -1/-1/-1->1->2 [1] 2/0/-1->1->3
ip-0A230410:49786:50407 [2] NCCL INFO Trees [0] 1/3/-1->2->4 [1] -1/-1/-1->2->1
ip-0A230412:19202:19822 [2] NCCL INFO Trees [0] -1/-1/-1->3->2 [1] 5/1/-1->3->7
ip-0A230413:62806:63427 [2] NCCL INFO Trees [0] 2/6/-1->4->8 [1] -1/-1/-1->4->5
ip-0A230414:15449:16078 [2] NCCL INFO Trees [0] -1/-1/-1->5->6 [1] 6/4/-1->5->3
ip-0A230417:52206:52829 [2] NCCL INFO Trees [0] 5/7/-1->6->4 [1] -1/-1/-1->6->5
ip-0A230406:97852:652 [2] NCCL INFO Trees [0] -1/-1/-1->7->6 [1] 11/3/-1->7->15
ip-0A230408:61887:62517 [2] NCCL INFO Trees [0] 4/12/-1->8->0 [1] -1/-1/-1->8->9
ip-0A23041A:11726:12348 [2] NCCL INFO Trees [0] -1/-1/-1->9->10 [1] 10/8/-1->9->11
ip-0A23041D:17342:18014 [2] NCCL INFO Trees [0] 9/11/-1->10->12 [1] -1/-1/-1->10->9
ip-0A230405:14156:14785 [2] NCCL INFO Channel 00/0 : 10[300000] -> 11[300000] [receive] via NET/IBext/2
ip-0A230407:51974:52592 [2] NCCL INFO Channel 00/0 : 11[300000] -> 12[300000] [receive] via NET/IBext/2
ip-0A230405:14156:14785 [2] NCCL INFO Channel 01/0 : 10[300000] -> 11[300000] [receive] via NET/IBext/2
ip-0A230405:14156:14785 [2] NCCL INFO Channel 00/0 : 11[300000] -> 12[300000] [send] via NET/IBext/2
ip-0A230407:51974:52592 [2] NCCL INFO Channel 01/0 : 11[300000] -> 12[300000] [receive] via NET/IBext/2
ip-0A23040E:61733:62355 [2] NCCL INFO Channel 00/0 : 13[300000] -> 14[300000] [receive] via NET/IBext/2
ip-0A230405:14156:14785 [2] NCCL INFO Channel 01/0 : 11[300000] -> 12[300000] [send] via NET/IBext/2
ip-0A230407:51974:52592 [2] NCCL INFO Channel 00/0 : 12[300000] -> 13[300000] [send] via NET/IBext/2
ip-0A230407:51974:52592 [2] NCCL INFO Channel 01/0 : 12[300000] -> 13[300000] [send] via NET/IBext/2
ip-0A23040E:61733:62355 [2] NCCL INFO Channel 01/0 : 13[300000] -> 14[300000] [receive] via NET/IBext/2
ip-0A23040E:61733:62355 [2] NCCL INFO Channel 00/0 : 14[300000] -> 15[300000] [send] via NET/IBext/2
ip-0A23040B:35611:36241 [2] NCCL INFO Channel 00/0 : 12[300000] -> 13[300000] [receive] via NET/IBext/2
ip-0A23040C:60481:61103 [2] NCCL INFO Channel 00/0 : 14[300000] -> 15[300000] [receive] via NET/IBext/2
ip-0A23040E:61733:62355 [2] NCCL INFO Channel 01/0 : 14[300000] -> 15[300000] [send] via NET/IBext/2
ip-0A23040B:35611:36241 [2] NCCL INFO Channel 01/0 : 12[300000] -> 13[300000] [receive] via NET/IBext/2
ip-0A23040B:35611:36241 [2] NCCL INFO Channel 00/0 : 13[300000] -> 14[300000] [send] via NET/IBext/2
ip-0A23040C:60481:61103 [2] NCCL INFO Channel 01/0 : 14[300000] -> 15[300000] [receive] via NET/IBext/2
ip-0A23040C:60481:61103 [2] NCCL INFO Channel 00/0 : 15[300000] -> 0[300000] [send] via NET/IBext/2
ip-0A23040D:23460:24092 [2] NCCL INFO Channel 00/0 : 15[300000] -> 0[300000] [receive] via NET/IBext/2
ip-0A23040D:23460:24092 [2] NCCL INFO Channel 01/0 : 15[300000] -> 0[300000] [receive] via NET/IBext/2
ip-0A23040D:23460:24092 [2] NCCL INFO Channel 00/0 : 0[300000] -> 1[300000] [send] via NET/IBext/2
ip-0A23040F:78334:78952 [2] NCCL INFO Channel 00/0 : 0[300000] -> 1[300000] [receive] via NET/IBext/2
ip-0A23040D:23460:24092 [2] NCCL INFO Channel 01/0 : 0[300000] -> 1[300000] [send] via NET/IBext/2
ip-0A230410:49786:50407 [2] NCCL INFO Channel 00/0 : 1[300000] -> 2[300000] [receive] via NET/IBext/2
ip-0A23040B:35611:36241 [2] NCCL INFO Channel 01/0 : 13[300000] -> 14[300000] [send] via NET/IBext/2
ip-0A23040C:60481:61103 [2] NCCL INFO Channel 01/0 : 15[300000] -> 0[300000] [send] via NET/IBext/2
ip-0A23040F:78334:78952 [2] NCCL INFO Channel 01/0 : 0[300000] -> 1[300000] [receive] via NET/IBext/2
ip-0A230412:19202:19822 [2] NCCL INFO Channel 00/0 : 2[300000] -> 3[300000] [receive] via NET/IBext/2
ip-0A230410:49786:50407 [2] NCCL INFO Channel 01/0 : 1[300000] -> 2[300000] [receive] via NET/IBext/2
ip-0A230410:49786:50407 [2] NCCL INFO Channel 00/0 : 2[300000] -> 3[300000] [send] via NET/IBext/2
ip-0A230413:62806:63427 [2] NCCL INFO Channel 00/0 : 3[300000] -> 4[300000] [receive] via NET/IBext/2
ip-0A23040F:78334:78952 [2] NCCL INFO Channel 00/0 : 1[300000] -> 2[300000] [send] via NET/IBext/2
ip-0A23040F:78334:78952 [2] NCCL INFO Channel 01/0 : 1[300000] -> 2[300000] [send] via NET/IBext/2
ip-0A230410:49786:50407 [2] NCCL INFO Channel 01/0 : 2[300000] -> 3[300000] [send] via NET/IBext/2
ip-0A230412:19202:19822 [2] NCCL INFO Channel 01/0 : 2[300000] -> 3[300000] [receive] via NET/IBext/2
ip-0A230412:19202:19822 [2] NCCL INFO Channel 00/0 : 3[300000] -> 4[300000] [send] via NET/IBext/2
ip-0A230413:62806:63427 [2] NCCL INFO Channel 01/0 : 3[300000] -> 4[300000] [receive] via NET/IBext/2
ip-0A230413:62806:63427 [2] NCCL INFO Channel 00/0 : 4[300000] -> 5[300000] [send] via NET/IBext/2
ip-0A230412:19202:19822 [2] NCCL INFO Channel 01/0 : 3[300000] -> 4[300000] [send] via NET/IBext/2
ip-0A230414:15449:16078 [2] NCCL INFO Channel 00/0 : 4[300000] -> 5[300000] [receive] via NET/IBext/2
ip-0A230413:62806:63427 [2] NCCL INFO Channel 01/0 : 4[300000] -> 5[300000] [send] via NET/IBext/2
ip-0A230417:52206:52829 [2] NCCL INFO Channel 00/0 : 5[300000] -> 6[300000] [receive] via NET/IBext/2
ip-0A230414:15449:16078 [2] NCCL INFO Channel 01/0 : 4[300000] -> 5[300000] [receive] via NET/IBext/2
ip-0A230406:97852:652 [2] NCCL INFO Channel 00/0 : 6[300000] -> 7[300000] [receive] via NET/IBext/2
ip-0A230414:15449:16078 [2] NCCL INFO Channel 00/0 : 5[300000] -> 6[300000] [send] via NET/IBext/2
ip-0A230408:61887:62517 [2] NCCL INFO Channel 00/0 : 7[300000] -> 8[300000] [receive] via NET/IBext/2
ip-0A23041A:11726:12348 [2] NCCL INFO Channel 00/0 : 8[300000] -> 9[300000] [receive] via NET/IBext/2
ip-0A230417:52206:52829 [2] NCCL INFO Channel 01/0 : 5[300000] -> 6[300000] [receive] via NET/IBext/2
ip-0A230408:61887:62517 [2] NCCL INFO Channel 01/0 : 7[300000] -> 8[300000] [receive] via NET/IBext/2
ip-0A230408:61887:62517 [2] NCCL INFO Channel 00/0 : 8[300000] -> 9[300000] [send] via NET/IBext/2
ip-0A23041A:11726:12348 [2] NCCL INFO Channel 01/0 : 8[300000] -> 9[300000] [receive] via NET/IBext/2
ip-0A23041D:17342:18014 [2] NCCL INFO Channel 00/0 : 9[300000] -> 10[300000] [receive] via NET/IBext/2
ip-0A230414:15449:16078 [2] NCCL INFO Channel 01/0 : 5[300000] -> 6[300000] [send] via NET/IBext/2
ip-0A230417:52206:52829 [2] NCCL INFO Channel 00/0 : 6[300000] -> 7[300000] [send] via NET/IBext/2
ip-0A23041A:11726:12348 [2] NCCL INFO Channel 00/0 : 9[300000] -> 10[300000] [send] via NET/IBext/2
ip-0A230417:52206:52829 [2] NCCL INFO Channel 01/0 : 6[300000] -> 7[300000] [send] via NET/IBext/2
ip-0A230408:61887:62517 [2] NCCL INFO Channel 01/0 : 8[300000] -> 9[300000] [send] via NET/IBext/2
ip-0A230406:97852:652 [2] NCCL INFO Channel 01/0 : 6[300000] -> 7[300000] [receive] via NET/IBext/2
ip-0A230406:97852:652 [2] NCCL INFO Channel 00/0 : 7[300000] -> 8[300000] [send] via NET/IBext/2
ip-0A23041A:11726:12348 [2] NCCL INFO Channel 01/0 : 9[300000] -> 10[300000] [send] via NET/IBext/2
ip-0A23041D:17342:18014 [2] NCCL INFO Channel 01/0 : 9[300000] -> 10[300000] [receive] via NET/IBext/2
ip-0A230406:97852:652 [2] NCCL INFO Channel 01/0 : 7[300000] -> 8[300000] [send] via NET/IBext/2
ip-0A23041D:17342:18014 [2] NCCL INFO Channel 00/0 : 10[300000] -> 11[300000] [send] via NET/IBext/2
ip-0A23041D:17342:18014 [2] NCCL INFO Channel 01/0 : 10[300000] -> 11[300000] [send] via NET/IBext/2
ip-0A230407:51974:52592 [2] NCCL INFO Connected all rings
ip-0A23040E:61733:62355 [2] NCCL INFO Connected all rings
ip-0A230412:19202:19822 [2] NCCL INFO Connected all rings
ip-0A230413:62806:63427 [2] NCCL INFO Connected all rings
ip-0A23040F:78334:78952 [2] NCCL INFO Connected all rings
ip-0A230408:61887:62517 [2] NCCL INFO Connected all rings
ip-0A230414:15449:16078 [2] NCCL INFO Connected all rings
ip-0A230410:49786:50407 [2] NCCL INFO Connected all rings
ip-0A23040B:35611:36241 [2] NCCL INFO Connected all rings
ip-0A23040D:23460:24092 [2] NCCL INFO Connected all rings
ip-0A23040C:60481:61103 [2] NCCL INFO Connected all rings
ip-0A230417:52206:52829 [2] NCCL INFO Connected all rings
ip-0A23041A:11726:12348 [2] NCCL INFO Connected all rings
ip-0A230406:97852:652 [2] NCCL INFO Connected all rings
ip-0A230405:14156:14785 [2] NCCL INFO Connected all rings
ip-0A23041D:17342:18014 [2] NCCL INFO Connected all rings
ip-0A230412:19202:19822 [2] NCCL INFO Channel 01/0 : 1[300000] -> 3[300000] [receive] via NET/IBext/2
ip-0A230412:19202:19822 [2] NCCL INFO Channel 01/0 : 3[300000] -> 5[300000] [send] via NET/IBext/2
ip-0A230410:49786:50407 [2] NCCL INFO Channel 00/0 : 2[300000] -> 4[300000] [send] via NET/IBext/2
ip-0A23040F:78334:78952 [2] NCCL INFO Channel 01/0 : 1[300000] -> 3[300000] [send] via NET/IBext/2
ip-0A230408:61887:62517 [2] NCCL INFO Channel 00/0 : 4[300000] -> 8[300000] [receive] via NET/IBext/2
ip-0A23040E:61733:62355 [2] NCCL INFO Channel 00/0 : 12[300000] -> 14[300000] [receive] via NET/IBext/2
ip-0A230407:51974:52592 [2] NCCL INFO Channel 00/0 : 10[300000] -> 12[300000] [receive] via NET/IBext/2
ip-0A230408:61887:62517 [2] NCCL INFO Channel 00/0 : 8[300000] -> 12[300000] [send] via NET/IBext/2
ip-0A230407:51974:52592 [2] NCCL INFO Channel 00/0 : 12[300000] -> 14[300000] [send] via NET/IBext/2
ip-0A23040C:60481:61103 [2] NCCL INFO Channel 01/0 : 7[300000] -> 15[300000] [receive] via NET/IBext/2
ip-0A230413:62806:63427 [2] NCCL INFO Channel 00/0 : 2[300000] -> 4[300000] [receive] via NET/IBext/2
ip-0A23041D:17342:18014 [2] NCCL INFO Channel 00/0 : 10[300000] -> 12[300000] [send] via NET/IBext/2
ip-0A23040C:60481:61103 [2] NCCL INFO Channel 01/0 : 15[300000] -> 7[300000] [send] via NET/IBext/2
ip-0A230413:62806:63427 [2] NCCL INFO Channel 00/0 : 4[300000] -> 6[300000] [send] via NET/IBext/2
ip-0A23040B:35611:36241 [2] NCCL INFO Channel 01/0 : 11[300000] -> 13[300000] [receive] via NET/IBext/2
ip-0A230414:15449:16078 [2] NCCL INFO Channel 01/0 : 3[300000] -> 5[300000] [receive] via NET/IBext/2
ip-0A23040D:23460:24092 [2] NCCL INFO Channel 00/0 : 8[300000] -> 0[300000] [receive] via NET/IBext/2
ip-0A23040D:23460:24092 [2] NCCL INFO Channel 00/0 : 0[300000] -> 8[300000] [send] via NET/IBext/2
ip-0A23041A:11726:12348 [2] NCCL INFO Channel 01/0 : 9[300000] -> 11[300000] [send] via NET/IBext/2
ip-0A230406:97852:652 [2] NCCL INFO Channel 01/0 : 3[300000] -> 7[300000] [receive] via NET/IBext/2
ip-0A230406:97852:652 [2] NCCL INFO Channel 01/0 : 7[300000] -> 11[300000] [send] via NET/IBext/2
ip-0A230417:52206:52829 [2] NCCL INFO Channel 00/0 : 4[300000] -> 6[300000] [receive] via NET/IBext/2
ip-0A230405:14156:14785 [2] NCCL INFO Channel 01/0 : 9[300000] -> 11[300000] [receive] via NET/IBext/2
ip-0A230405:14156:14785 [2] NCCL INFO Channel 01/0 : 11[300000] -> 13[300000] [send] via NET/IBext/2
ip-0A23040F:78334:78952 [2] NCCL INFO Channel 01/0 : 3[300000] -> 1[300000] [receive] via NET/IBext/2
ip-0A23041D:17342:18014 [2] NCCL INFO Channel 00/0 : 12[300000] -> 10[300000] [receive] via NET/IBext/2
ip-0A230410:49786:50407 [2] NCCL INFO Channel 00/0 : 4[300000] -> 2[300000] [receive] via NET/IBext/2
ip-0A23041A:11726:12348 [2] NCCL INFO Channel 01/0 : 11[300000] -> 9[300000] [receive] via NET/IBext/2
ip-0A23040E:61733:62355 [2] NCCL INFO Channel 00/0 : 14[300000] -> 12[300000] [send] via NET/IBext/2
ip-0A230414:15449:16078 [2] NCCL INFO Channel 01/0 : 5[300000] -> 3[300000] [send] via NET/IBext/2
ip-0A230417:52206:52829 [2] NCCL INFO Channel 00/0 : 6[300000] -> 4[300000] [send] via NET/IBext/2
ip-0A23040B:35611:36241 [2] NCCL INFO Channel 01/0 : 13[300000] -> 11[300000] [send] via NET/IBext/2
ip-0A230407:51974:52592 [2] NCCL INFO Channel 00/0 : 8[300000] -> 12[300000] [receive] via NET/IBext/2
ip-0A230413:62806:63427 [2] NCCL INFO Channel 00/0 : 4[300000] -> 8[300000] [send] via NET/IBext/2
ip-0A230412:19202:19822 [2] NCCL INFO Channel 01/0 : 3[300000] -> 7[300000] [send] via NET/IBext/2
ip-0A230405:14156:14785 [2] NCCL INFO Channel 01/0 : 7[300000] -> 11[300000] [receive] via NET/IBext/2
ip-0A230413:62806:63427 [2] NCCL INFO Channel 00/0 : 8[300000] -> 4[300000] [receive] via NET/IBext/2
ip-0A230412:19202:19822 [2] NCCL INFO Channel 01/0 : 7[300000] -> 3[300000] [receive] via NET/IBext/2
ip-0A230407:51974:52592 [2] NCCL INFO Channel 00/0 : 12[300000] -> 8[300000] [send] via NET/IBext/2
ip-0A230405:14156:14785 [2] NCCL INFO Channel 01/0 : 11[300000] -> 7[300000] [send] via NET/IBext/2
ip-0A230408:61887:62517 [2] NCCL INFO Channel 00/0 : 0[300000] -> 8[300000] [receive] via NET/IBext/2
ip-0A230408:61887:62517 [2] NCCL INFO Channel 00/0 : 8[300000] -> 0[300000] [send] via NET/IBext/2
ip-0A230406:97852:652 [2] NCCL INFO Channel 01/0 : 15[300000] -> 7[300000] [receive] via NET/IBext/2
ip-0A230406:97852:652 [2] NCCL INFO Channel 01/0 : 7[300000] -> 15[300000] [send] via NET/IBext/2
ip-0A230408:61887:62517 [2] NCCL INFO Channel 00/0 : 12[300000] -> 8[300000] [receive] via NET/IBext/2
ip-0A230408:61887:62517 [2] NCCL INFO Channel 00/0 : 8[300000] -> 4[300000] [send] via NET/IBext/2
ip-0A230406:97852:652 [2] NCCL INFO Channel 01/0 : 11[300000] -> 7[300000] [receive] via NET/IBext/2
ip-0A230406:97852:652 [2] NCCL INFO Channel 01/0 : 7[300000] -> 3[300000] [send] via NET/IBext/2
ip-0A23040C:60481:61103 [2] NCCL INFO Channel 00/0 : 15[300000] -> 14[300000] [send] via NET/IBext/2
ip-0A23040D:23460:24092 [2] NCCL INFO Channel 01/0 : 1[300000] -> 0[300000] [receive] via NET/IBext/2
ip-0A230405:14156:14785 [2] NCCL INFO Channel 01/0 : 13[300000] -> 11[300000] [receive] via NET/IBext/2
ip-0A230405:14156:14785 [2] NCCL INFO Channel 01/0 : 11[300000] -> 9[300000] [send] via NET/IBext/2
ip-0A230412:19202:19822 [2] NCCL INFO Channel 01/0 : 5[300000] -> 3[300000] [receive] via NET/IBext/2
ip-0A230412:19202:19822 [2] NCCL INFO Channel 01/0 : 3[300000] -> 1[300000] [send] via NET/IBext/2
ip-0A230408:61887:62517 [2] NCCL INFO Channel 01/0 : 9[300000] -> 8[300000] [receive] via NET/IBext/2
ip-0A230407:51974:52592 [2] NCCL INFO Channel 00/0 : 14[300000] -> 12[300000] [receive] via NET/IBext/2
ip-0A230407:51974:52592 [2] NCCL INFO Channel 00/0 : 12[300000] -> 10[300000] [send] via NET/IBext/2
ip-0A230413:62806:63427 [2] NCCL INFO Channel 00/0 : 6[300000] -> 4[300000] [receive] via NET/IBext/2
ip-0A230413:62806:63427 [2] NCCL INFO Channel 00/0 : 4[300000] -> 2[300000] [send] via NET/IBext/2
ip-0A230406:97852:652 [2] NCCL INFO Channel 00/0 : 7[300000] -> 6[300000] [send] via NET/IBext/2
ip-0A23040B:35611:36241 [2] NCCL INFO Channel 00/0 : 14[300000] -> 13[300000] [receive] via NET/IBext/2
ip-0A23041A:11726:12348 [2] NCCL INFO Channel 00/0 : 10[300000] -> 9[300000] [receive] via NET/IBext/2
ip-0A23041A:11726:12348 [2] NCCL INFO Channel 01/0 : 10[300000] -> 9[300000] [receive] via NET/IBext/2
ip-0A23041A:11726:12348 [2] NCCL INFO Channel 01/0 : 9[300000] -> 8[300000] [send] via NET/IBext/2
ip-0A230405:14156:14785 [2] NCCL INFO Channel 00/0 : 11[300000] -> 10[300000] [send] via NET/IBext/2
ip-0A230414:15449:16078 [2] NCCL INFO Channel 00/0 : 6[300000] -> 5[300000] [receive] via NET/IBext/2
ip-0A230414:15449:16078 [2] NCCL INFO Channel 01/0 : 6[300000] -> 5[300000] [receive] via NET/IBext/2
ip-0A230414:15449:16078 [2] NCCL INFO Channel 01/0 : 5[300000] -> 4[300000] [send] via NET/IBext/2
ip-0A230410:49786:50407 [2] NCCL INFO Channel 00/0 : 3[300000] -> 2[300000] [receive] via NET/IBext/2
ip-0A23040B:35611:36241 [2] NCCL INFO Channel 01/0 : 14[300000] -> 13[300000] [receive] via NET/IBext/2
ip-0A23040B:35611:36241 [2] NCCL INFO Channel 01/0 : 13[300000] -> 12[300000] [send] via NET/IBext/2
ip-0A230412:19202:19822 [2] NCCL INFO Channel 00/0 : 3[300000] -> 2[300000] [send] via NET/IBext/2
ip-0A230417:52206:52829 [2] NCCL INFO Channel 00/0 : 7[300000] -> 6[300000] [receive] via NET/IBext/2
ip-0A23040E:61733:62355 [2] NCCL INFO Channel 00/0 : 15[300000] -> 14[300000] [receive] via NET/IBext/2
ip-0A230417:52206:52829 [2] NCCL INFO Channel 00/0 : 6[300000] -> 5[300000] [send] via NET/IBext/2
ip-0A230417:52206:52829 [2] NCCL INFO Channel 01/0 : 6[300000] -> 5[300000] [send] via NET/IBext/2
ip-0A23040E:61733:62355 [2] NCCL INFO Channel 00/0 : 14[300000] -> 13[300000] [send] via NET/IBext/2
ip-0A23040E:61733:62355 [2] NCCL INFO Channel 01/0 : 14[300000] -> 13[300000] [send] via NET/IBext/2
ip-0A230407:51974:52592 [2] NCCL INFO Channel 01/0 : 13[300000] -> 12[300000] [receive] via NET/IBext/2
ip-0A230413:62806:63427 [2] NCCL INFO Channel 01/0 : 5[300000] -> 4[300000] [receive] via NET/IBext/2
ip-0A23041D:17342:18014 [2] NCCL INFO Channel 00/0 : 11[300000] -> 10[300000] [receive] via NET/IBext/2
ip-0A23041D:17342:18014 [2] NCCL INFO Channel 00/0 : 10[300000] -> 9[300000] [send] via NET/IBext/2
ip-0A23041D:17342:18014 [2] NCCL INFO Channel 01/0 : 10[300000] -> 9[300000] [send] via NET/IBext/2
ip-0A23040F:78334:78952 [2] NCCL INFO Channel 00/0 : 2[300000] -> 1[300000] [receive] via NET/IBext/2
ip-0A23040F:78334:78952 [2] NCCL INFO Channel 01/0 : 2[300000] -> 1[300000] [receive] via NET/IBext/2
ip-0A23040F:78334:78952 [2] NCCL INFO Channel 01/0 : 1[300000] -> 0[300000] [send] via NET/IBext/2
ip-0A23040C:60481:61103 [2] NCCL INFO Connected all trees
ip-0A23040C:60481:61103 [2] NCCL INFO CollNet 00 : 15 [receive] via COLLNET/SHARP/2
ip-0A230406:97852:652 [2] NCCL INFO Connected all trees
ip-0A230406:97852:652 [2] NCCL INFO CollNet 00 : 7 [receive] via COLLNET/SHARP/2
ip-0A230413:62806:63427 [2] NCCL INFO Connected all trees
ip-0A230407:51974:52592 [2] NCCL INFO Connected all trees
ip-0A230413:62806:63427 [2] NCCL INFO CollNet 00 : 4 [receive] via COLLNET/SHARP/2
ip-0A230407:51974:52592 [2] NCCL INFO CollNet 00 : 12 [receive] via COLLNET/SHARP/2
ip-0A230405:14156:14785 [2] NCCL INFO Connected all trees
ip-0A230405:14156:14785 [2] NCCL INFO CollNet 00 : 11 [receive] via COLLNET/SHARP/2
ip-0A230408:61887:62517 [2] NCCL INFO Connected all trees
ip-0A230408:61887:62517 [2] NCCL INFO CollNet 00 : 8 [receive] via COLLNET/SHARP/2
ip-0A23040E:61733:62355 [2] NCCL INFO Connected all trees
ip-0A230417:52206:52829 [2] NCCL INFO Connected all trees
ip-0A23040B:35611:36241 [2] NCCL INFO Connected all trees
ip-0A230414:15449:16078 [2] NCCL INFO Connected all trees
ip-0A23041D:17342:18014 [2] NCCL INFO Connected all trees
ip-0A23041A:11726:12348 [2] NCCL INFO Connected all trees
ip-0A230410:49786:50407 [2] NCCL INFO Channel 00/0 : 2[300000] -> 1[300000] [send] via NET/IBext/2
ip-0A230410:49786:50407 [2] NCCL INFO Channel 01/0 : 2[300000] -> 1[300000] [send] via NET/IBext/2
ip-0A230412:19202:19822 [2] NCCL INFO Connected all trees
ip-0A230412:19202:19822 [2] NCCL INFO CollNet 00 : 3 [receive] via COLLNET/SHARP/2
ip-0A23040D:23460:24092 [2] NCCL INFO Connected all trees
ip-0A23040D:23460:24092 [2] NCCL INFO CollNet 00 : 0 [receive] via COLLNET/SHARP/2
ip-0A230410:49786:50407 [2] NCCL INFO Connected all trees
ip-0A23040E:61733:62355 [2] NCCL INFO CollNet 00 : 14 [receive] via COLLNET/SHARP/2
ip-0A23040F:78334:78952 [2] NCCL INFO Connected all trees
ip-0A23040B:35611:36241 [2] NCCL INFO CollNet 00 : 13 [receive] via COLLNET/SHARP/2
ip-0A230414:15449:16078 [2] NCCL INFO CollNet 00 : 5 [receive] via COLLNET/SHARP/2
ip-0A230417:52206:52829 [2] NCCL INFO CollNet 00 : 6 [receive] via COLLNET/SHARP/2
ip-0A23041D:17342:18014 [2] NCCL INFO CollNet 00 : 10 [receive] via COLLNET/SHARP/2
ip-0A23041A:11726:12348 [2] NCCL INFO CollNet 00 : 9 [receive] via COLLNET/SHARP/2
ip-0A230410:49786:50407 [2] NCCL INFO CollNet 00 : 2 [receive] via COLLNET/SHARP/2
ip-0A23040F:78334:78952 [2] NCCL INFO CollNet 00 : 1 [receive] via COLLNET/SHARP/2
ip-0A23040F:78334:78953 [2] NCCL INFO NCCL_SHARP_GROUP_SIZE_THRESH set by environment to 16.
ip-0A230410:49786:50408 [2] NCCL INFO NCCL_SHARP_GROUP_SIZE_THRESH set by environment to 16.
ip-0A230412:19202:19823 [2] NCCL INFO NCCL_SHARP_GROUP_SIZE_THRESH set by environment to 16.
ip-0A230413:62806:63428 [2] NCCL INFO NCCL_SHARP_GROUP_SIZE_THRESH set by environment to 16.
ip-0A230414:15449:16079 [2] NCCL INFO NCCL_SHARP_GROUP_SIZE_THRESH set by environment to 16.
ip-0A230417:52206:52830 [2] NCCL INFO NCCL_SHARP_GROUP_SIZE_THRESH set by environment to 16.
ip-0A230406:97852:653 [2] NCCL INFO NCCL_SHARP_GROUP_SIZE_THRESH set by environment to 16.
ip-0A230408:61887:62518 [2] NCCL INFO NCCL_SHARP_GROUP_SIZE_THRESH set by environment to 16.
ip-0A23041A:11726:12349 [2] NCCL INFO NCCL_SHARP_GROUP_SIZE_THRESH set by environment to 16.
ip-0A23041D:17342:18015 [2] NCCL INFO NCCL_SHARP_GROUP_SIZE_THRESH set by environment to 16.
ip-0A230405:14156:14786 [2] NCCL INFO NCCL_SHARP_GROUP_SIZE_THRESH set by environment to 16.
ip-0A230407:51974:52593 [2] NCCL INFO NCCL_SHARP_GROUP_SIZE_THRESH set by environment to 16.
ip-0A23040B:35611:36242 [2] NCCL INFO NCCL_SHARP_GROUP_SIZE_THRESH set by environment to 16.
ip-0A23040E:61733:62356 [2] NCCL INFO NCCL_SHARP_GROUP_SIZE_THRESH set by environment to 16.
ip-0A23040D:23460:24093 [2] NCCL INFO NCCL_SHARP_GROUP_SIZE_THRESH set by environment to 16.
ip-0A23040C:60481:61104 [2] NCCL INFO NCCL_SHARP_GROUP_SIZE_THRESH set by environment to 16.
[ip-0A23040D:0:23460 - context.c:584] INFO job (ID: 2524863106182503772) resource request quota: ( osts:0 user_data_per_ost:0 max_groups:0 max_qps:1 max_group_channels:1, num_trees:1)
[ip-0A23040D:0:23460 unique id 0] ERROR No Aggregation Manager (sharp_am) detected in sharp_create_job.

[ip-0A23040D:0:23460 - context.c:601] ERROR sharp_create_job failed: No Aggregation Manager (sharp_am) detected(-52)
ip-0A230417:52206:52830 [2] NCCL INFO Sharp rank 6/16 initialized on mlx5_ib2:1

ip-0A230417:52206:52830 [2] sharp_plugin.c:288 NCCL WARN NET/IB :SHARP coll init error: Cannot create SHArP job(-11)

ip-0A230417:52206:52830 [2] NCCL INFO include/coll_net.h:21 -> 3
ip-0A23040C:60481:61104 [2] NCCL INFO Sharp rank 15/16 initialized on mlx5_ib2:1

ip-0A23040C:60481:61104 [2] sharp_plugin.c:288 NCCL WARN NET/IB :SHARP coll init error: Cannot create SHArP job(-11)

ip-0A23040C:60481:61104 [2] NCCL INFO include/coll_net.h:21 -> 3
ip-0A230412:19202:19823 [2] NCCL INFO Sharp rank 3/16 initialized on mlx5_ib2:1

ip-0A230412:19202:19823 [2] sharp_plugin.c:288 NCCL WARN NET/IB :SHARP coll init error: Cannot create SHArP job(-11)

ip-0A230412:19202:19823 [2] NCCL INFO include/coll_net.h:21 -> 3
ip-0A230414:15449:16079 [2] NCCL INFO Sharp rank 5/16 initialized on mlx5_ib2:1

ip-0A230414:15449:16079 [2] sharp_plugin.c:288 NCCL WARN NET/IB :SHARP coll init error: Cannot create SHArP job(-11)

ip-0A230414:15449:16079 [2] NCCL INFO include/coll_net.h:21 -> 3
ip-0A23040B:35611:36242 [2] NCCL INFO Sharp rank 13/16 initialized on mlx5_ib2:1

ip-0A23040B:35611:36242 [2] sharp_plugin.c:288 NCCL WARN NET/IB :SHARP coll init error: Cannot create SHArP job(-11)

ip-0A23040B:35611:36242 [2] NCCL INFO include/coll_net.h:21 -> 3
ip-0A230406:97852:653 [2] NCCL INFO Sharp rank 7/16 initialized on mlx5_ib2:1

ip-0A230406:97852:653 [2] sharp_plugin.c:288 NCCL WARN NET/IB :SHARP coll init error: Cannot create SHArP job(-11)

ip-0A230406:97852:653 [2] NCCL INFO include/coll_net.h:21 -> 3
ip-0A23041A:11726:12349 [2] NCCL INFO Sharp rank 9/16 initialized on mlx5_ib2:1

ip-0A23041A:11726:12349 [2] sharp_plugin.c:288 NCCL WARN NET/IB :SHARP coll init error: Cannot create SHArP job(-11)

ip-0A23041A:11726:12349 [2] NCCL INFO include/coll_net.h:21 -> 3
ip-0A23041D:17342:18015 [2] NCCL INFO Sharp rank 10/16 initialized on mlx5_ib2:1

ip-0A23041D:17342:18015 [2] sharp_plugin.c:288 NCCL WARN NET/IB :SHARP coll init error: Cannot create SHArP job(-11)

ip-0A23041D:17342:18015 [2] NCCL INFO include/coll_net.h:21 -> 3
ip-0A230408:61887:62518 [2] NCCL INFO Sharp rank 8/16 initialized on mlx5_ib2:1

ip-0A230408:61887:62518 [2] sharp_plugin.c:288 NCCL WARN NET/IB :SHARP coll init error: Cannot create SHArP job(-11)

ip-0A230408:61887:62518 [2] NCCL INFO include/coll_net.h:21 -> 3
ip-0A23040E:61733:62356 [2] NCCL INFO Sharp rank 14/16 initialized on mlx5_ib2:1

ip-0A23040E:61733:62356 [2] sharp_plugin.c:288 NCCL WARN NET/IB :SHARP coll init error: Cannot create SHArP job(-11)

