[ip-0A23040D:0:46868 unique id 0] ERROR No Aggregation Manager (sharp_am) detected in sharp_create_job.

[ip-0A23040D:0:46868 - context.c:601] ERROR sharp_create_job failed: No Aggregation Manager (sharp_am) detected(-52)
ip-0A230417:73135:73778 [3] NCCL INFO Sharp rank 6/16 initialized on mlx5_ib3:1

ip-0A230417:73135:73778 [3] sharp_plugin.c:288 NCCL WARN NET/IB :SHARP coll init error: Cannot create SHArP job(-11)

ip-0A230417:73135:73778 [3] NCCL INFO include/coll_net.h:21 -> 3
ip-0A23041A:32601:33238 [3] NCCL INFO Sharp rank 9/16 initialized on mlx5_ib3:1

ip-0A23041A:32601:33238 [3] sharp_plugin.c:288 NCCL WARN NET/IB :SHARP coll init error: Cannot create SHArP job(-11)

ip-0A23041A:32601:33238 [3] NCCL INFO include/coll_net.h:21 -> 3
ip-0A23041D:38314:38953 [3] NCCL INFO Sharp rank 10/16 initialized on mlx5_ib3:1

ip-0A23041D:38314:38953 [3] sharp_plugin.c:288 NCCL WARN NET/IB :SHARP coll init error: Cannot create SHArP job(-11)

ip-0A23041D:38314:38953 [3] NCCL INFO include/coll_net.h:21 -> 3
ip-0A230406:19911:20553 [3] NCCL INFO Sharp rank 7/16 initialized on mlx5_ib3:1

ip-0A230406:19911:20553 [3] sharp_plugin.c:288 NCCL WARN NET/IB :SHARP coll init error: Cannot create SHArP job(-11)

ip-0A230406:19911:20553 [3] NCCL INFO include/coll_net.h:21 -> 3
ip-0A23040C:81373:82014 [3] NCCL INFO Sharp rank 15/16 initialized on mlx5_ib3:1

ip-0A23040C:81373:82014 [3] sharp_plugin.c:288 NCCL WARN NET/IB :SHARP coll init error: Cannot create SHArP job(-11)

ip-0A23040C:81373:82014 [3] NCCL INFO include/coll_net.h:21 -> 3
ip-0A23040E:82999:83636 [3] NCCL INFO Sharp rank 14/16 initialized on mlx5_ib3:1

ip-0A23040E:82999:83636 [3] sharp_plugin.c:288 NCCL WARN NET/IB :SHARP coll init error: Cannot create SHArP job(-11)

ip-0A23040E:82999:83636 [3] NCCL INFO include/coll_net.h:21 -> 3
ip-0A230414:37006:37640 [3] NCCL INFO Sharp rank 5/16 initialized on mlx5_ib3:1

ip-0A230414:37006:37640 [3] sharp_plugin.c:288 NCCL WARN NET/IB :SHARP coll init error: Cannot create SHArP job(-11)

ip-0A230414:37006:37640 [3] NCCL INFO include/coll_net.h:21 -> 3
ip-0A230410:70721:71359 [3] NCCL INFO Sharp rank 2/16 initialized on mlx5_ib3:1

ip-0A230410:70721:71359 [3] sharp_plugin.c:288 NCCL WARN NET/IB :SHARP coll init error: Cannot create SHArP job(-11)

ip-0A230410:70721:71359 [3] NCCL INFO include/coll_net.h:21 -> 3
ip-0A230408:81441:82079 [3] NCCL INFO Sharp rank 8/16 initialized on mlx5_ib3:1

ip-0A230408:81441:82079 [3] sharp_plugin.c:288 NCCL WARN NET/IB :SHARP coll init error: Cannot create SHArP job(-11)

ip-0A230408:81441:82079 [3] NCCL INFO include/coll_net.h:21 -> 3
ip-0A230407:73003:73640 [3] NCCL INFO Sharp rank 12/16 initialized on mlx5_ib3:1

ip-0A230407:73003:73640 [3] sharp_plugin.c:288 NCCL WARN NET/IB :SHARP coll init error: Cannot create SHArP job(-11)

ip-0A230407:73003:73640 [3] NCCL INFO include/coll_net.h:21 -> 3
ip-0A230413:83849:84485 [3] NCCL INFO Sharp rank 4/16 initialized on mlx5_ib3:1

ip-0A230413:83849:84485 [3] sharp_plugin.c:288 NCCL WARN NET/IB :SHARP coll init error: Cannot create SHArP job(-11)

ip-0A230413:83849:84485 [3] NCCL INFO include/coll_net.h:21 -> 3
ip-0A23040B:56456:57090 [3] NCCL INFO Sharp rank 13/16 initialized on mlx5_ib3:1

ip-0A23040B:56456:57090 [3] sharp_plugin.c:288 NCCL WARN NET/IB :SHARP coll init error: Cannot create SHArP job(-11)

ip-0A23040B:56456:57090 [3] NCCL INFO include/coll_net.h:21 -> 3
ip-0A230412:39987:40626 [3] NCCL INFO Sharp rank 3/16 initialized on mlx5_ib3:1

ip-0A230412:39987:40626 [3] sharp_plugin.c:288 NCCL WARN NET/IB :SHARP coll init error: Cannot create SHArP job(-11)

ip-0A230412:39987:40626 [3] NCCL INFO include/coll_net.h:21 -> 3
ip-0A23040F:1528:2190 [3] NCCL INFO Sharp rank 1/16 initialized on mlx5_ib3:1

ip-0A23040F:1528:2190 [3] sharp_plugin.c:288 NCCL WARN NET/IB :SHARP coll init error: Cannot create SHArP job(-11)

ip-0A23040F:1528:2190 [3] NCCL INFO include/coll_net.h:21 -> 3
ip-0A230405:35344:35990 [3] NCCL INFO Sharp rank 11/16 initialized on mlx5_ib3:1

ip-0A230405:35344:35990 [3] sharp_plugin.c:288 NCCL WARN NET/IB :SHARP coll init error: Cannot create SHArP job(-11)

ip-0A230405:35344:35990 [3] NCCL INFO include/coll_net.h:21 -> 3
ip-0A230417:73135:73777 [3] NCCL INFO transport.cc:222 -> 2

ip-0A230417:73135:73777 [3] transport.cc:253 NCCL WARN Cannot initialize CollNet, using point-to-point network instead
ip-0A230417:73135:73777 [3] NCCL INFO init.cc:765 -> 2
ip-0A230406:19911:20552 [3] NCCL INFO transport.cc:222 -> 2

ip-0A230406:19911:20552 [3] transport.cc:253 NCCL WARN Cannot initialize CollNet, using point-to-point network instead
ip-0A230406:19911:20552 [3] NCCL INFO init.cc:765 -> 2
ip-0A230417:73135:73777 [3] NCCL INFO threadThresholds 8/8/64 | 128/8/64 | 8/8/512
ip-0A230417:73135:73777 [3] NCCL INFO 2 coll channels, 2 p2p channels, 2 p2p channels per peer
ip-0A230406:19911:20552 [3] NCCL INFO threadThresholds 8/8/64 | 128/8/64 | 8/8/512
ip-0A230406:19911:20552 [3] NCCL INFO 2 coll channels, 2 p2p channels, 2 p2p channels per peer
ip-0A23040C:81373:82013 [3] NCCL INFO transport.cc:222 -> 2

ip-0A23040C:81373:82013 [3] transport.cc:253 NCCL WARN Cannot initialize CollNet, using point-to-point network instead
ip-0A23040C:81373:82013 [3] NCCL INFO init.cc:765 -> 2
ip-0A23040C:81373:82013 [3] NCCL INFO threadThresholds 8/8/64 | 128/8/64 | 8/8/512
ip-0A23040C:81373:82013 [3] NCCL INFO 2 coll channels, 2 p2p channels, 2 p2p channels per peer
ip-0A23041D:38314:38952 [3] NCCL INFO transport.cc:222 -> 2

ip-0A23041D:38314:38952 [3] transport.cc:253 NCCL WARN Cannot initialize CollNet, using point-to-point network instead
ip-0A23041D:38314:38952 [3] NCCL INFO init.cc:765 -> 2
ip-0A23041D:38314:38952 [3] NCCL INFO threadThresholds 8/8/64 | 128/8/64 | 8/8/512
ip-0A23041D:38314:38952 [3] NCCL INFO 2 coll channels, 2 p2p channels, 2 p2p channels per peer
ip-0A23040B:56456:57089 [3] NCCL INFO transport.cc:222 -> 2

ip-0A23040B:56456:57089 [3] transport.cc:253 NCCL WARN Cannot initialize CollNet, using point-to-point network instead
ip-0A23040B:56456:57089 [3] NCCL INFO init.cc:765 -> 2
ip-0A23040B:56456:57089 [3] NCCL INFO threadThresholds 8/8/64 | 128/8/64 | 8/8/512
ip-0A23041A:32601:33237 [3] NCCL INFO transport.cc:222 -> 2

ip-0A23041A:32601:33237 [3] transport.cc:253 NCCL WARN Cannot initialize CollNet, using point-to-point network instead
ip-0A23041A:32601:33237 [3] NCCL INFO init.cc:765 -> 2
ip-0A230407:73003:73639 [3] NCCL INFO transport.cc:222 -> 2

ip-0A230407:73003:73639 [3] transport.cc:253 NCCL WARN Cannot initialize CollNet, using point-to-point network instead
ip-0A230407:73003:73639 [3] NCCL INFO init.cc:765 -> 2
ip-0A23040E:82999:83635 [3] NCCL INFO transport.cc:222 -> 2

ip-0A23040E:82999:83635 [3] transport.cc:253 NCCL WARN Cannot initialize CollNet, using point-to-point network instead
ip-0A23040E:82999:83635 [3] NCCL INFO init.cc:765 -> 2
ip-0A230413:83849:84484 [3] NCCL INFO transport.cc:222 -> 2

ip-0A230413:83849:84484 [3] transport.cc:253 NCCL WARN Cannot initialize CollNet, using point-to-point network instead
ip-0A23040B:56456:57089 [3] NCCL INFO 2 coll channels, 2 p2p channels, 2 p2p channels per peer
ip-0A230410:70721:71358 [3] NCCL INFO transport.cc:222 -> 2

ip-0A230410:70721:71358 [3] transport.cc:253 NCCL WARN Cannot initialize CollNet, using point-to-point network instead
ip-0A230410:70721:71358 [3] NCCL INFO init.cc:765 -> 2
ip-0A230410:70721:71358 [3] NCCL INFO threadThresholds 8/8/64 | 128/8/64 | 8/8/512
ip-0A230410:70721:71358 [3] NCCL INFO 2 coll channels, 2 p2p channels, 2 p2p channels per peer
ip-0A230408:81441:82078 [3] NCCL INFO transport.cc:222 -> 2

ip-0A230408:81441:82078 [3] transport.cc:253 NCCL WARN Cannot initialize CollNet, using point-to-point network instead
ip-0A230408:81441:82078 [3] NCCL INFO init.cc:765 -> 2
ip-0A230412:39987:40625 [3] NCCL INFO transport.cc:222 -> 2

ip-0A230412:39987:40625 [3] transport.cc:253 NCCL WARN Cannot initialize CollNet, using point-to-point network instead
ip-0A23041A:32601:33237 [3] NCCL INFO threadThresholds 8/8/64 | 128/8/64 | 8/8/512
ip-0A23041A:32601:33237 [3] NCCL INFO 2 coll channels, 2 p2p channels, 2 p2p channels per peer
ip-0A230407:73003:73639 [3] NCCL INFO threadThresholds 8/8/64 | 128/8/64 | 8/8/512
ip-0A230407:73003:73639 [3] NCCL INFO 2 coll channels, 2 p2p channels, 2 p2p channels per peer
ip-0A23040E:82999:83635 [3] NCCL INFO threadThresholds 8/8/64 | 128/8/64 | 8/8/512
ip-0A23040E:82999:83635 [3] NCCL INFO 2 coll channels, 2 p2p channels, 2 p2p channels per peer
ip-0A230413:83849:84484 [3] NCCL INFO init.cc:765 -> 2
ip-0A23040F:1528:2189 [3] NCCL INFO transport.cc:222 -> 2

ip-0A23040F:1528:2189 [3] transport.cc:253 NCCL WARN Cannot initialize CollNet, using point-to-point network instead
ip-0A23040F:1528:2189 [3] NCCL INFO init.cc:765 -> 2
ip-0A230408:81441:82078 [3] NCCL INFO threadThresholds 8/8/64 | 128/8/64 | 8/8/512
ip-0A230412:39987:40625 [3] NCCL INFO init.cc:765 -> 2
ip-0A230412:39987:40625 [3] NCCL INFO threadThresholds 8/8/64 | 128/8/64 | 8/8/512
ip-0A230412:39987:40625 [3] NCCL INFO 2 coll channels, 2 p2p channels, 2 p2p channels per peer
ip-0A230413:83849:84484 [3] NCCL INFO threadThresholds 8/8/64 | 128/8/64 | 8/8/512
ip-0A230405:35344:35989 [3] NCCL INFO transport.cc:222 -> 2

ip-0A230405:35344:35989 [3] transport.cc:253 NCCL WARN Cannot initialize CollNet, using point-to-point network instead
ip-0A230405:35344:35989 [3] NCCL INFO init.cc:765 -> 2
ip-0A230405:35344:35989 [3] NCCL INFO threadThresholds 8/8/64 | 128/8/64 | 8/8/512
ip-0A230405:35344:35989 [3] NCCL INFO 2 coll channels, 2 p2p channels, 2 p2p channels per peer
ip-0A23040F:1528:2189 [3] NCCL INFO threadThresholds 8/8/64 | 128/8/64 | 8/8/512
ip-0A230408:81441:82078 [3] NCCL INFO 2 coll channels, 2 p2p channels, 2 p2p channels per peer
ip-0A230413:83849:84484 [3] NCCL INFO 2 coll channels, 2 p2p channels, 2 p2p channels per peer
ip-0A230414:37006:37639 [3] NCCL INFO transport.cc:222 -> 2

ip-0A230414:37006:37639 [3] transport.cc:253 NCCL WARN Cannot initialize CollNet, using point-to-point network instead
ip-0A230414:37006:37639 [3] NCCL INFO init.cc:765 -> 2
ip-0A23040F:1528:2189 [3] NCCL INFO 2 coll channels, 2 p2p channels, 2 p2p channels per peer
ip-0A230414:37006:37639 [3] NCCL INFO threadThresholds 8/8/64 | 128/8/64 | 8/8/512
ip-0A230414:37006:37639 [3] NCCL INFO 2 coll channels, 2 p2p channels, 2 p2p channels per peer
ip-0A230417:73135:73777 [3] NCCL INFO comm 0x1506e0008fb0 rank 6 nranks 16 cudaDev 3 busId 400000 - Init COMPLETE
ip-0A23040E:82999:83635 [3] NCCL INFO comm 0x147044008fb0 rank 14 nranks 16 cudaDev 3 busId 400000 - Init COMPLETE
ip-0A23041D:38314:38952 [3] NCCL INFO comm 0x1506d0008fb0 rank 10 nranks 16 cudaDev 3 busId 400000 - Init COMPLETE
ip-0A23041A:32601:33237 [3] NCCL INFO comm 0x149cb0008fb0 rank 9 nranks 16 cudaDev 3 busId 400000 - Init COMPLETE
ip-0A230410:70721:71358 [3] NCCL INFO comm 0x1510fc008fb0 rank 2 nranks 16 cudaDev 3 busId 400000 - Init COMPLETE
ip-0A23040B:56456:57089 [3] NCCL INFO comm 0x151d98008fb0 rank 13 nranks 16 cudaDev 3 busId 400000 - Init COMPLETE
ip-0A23040C:81373:82013 [3] NCCL INFO comm 0x153360008fb0 rank 15 nranks 16 cudaDev 3 busId 400000 - Init COMPLETE
ip-0A23040F:1528:2189 [3] NCCL INFO comm 0x145e94008fb0 rank 1 nranks 16 cudaDev 3 busId 400000 - Init COMPLETE
ip-0A230414:37006:37639 [3] NCCL INFO comm 0x154000008fb0 rank 5 nranks 16 cudaDev 3 busId 400000 - Init COMPLETE
ip-0A230412:39987:40625 [3] NCCL INFO comm 0x149fec008fb0 rank 3 nranks 16 cudaDev 3 busId 400000 - Init COMPLETE
ip-0A230405:35344:35989 [3] NCCL INFO comm 0x145ab4008fb0 rank 11 nranks 16 cudaDev 3 busId 400000 - Init COMPLETE
ip-0A230408:81441:82078 [3] NCCL INFO comm 0x1465f4008fb0 rank 8 nranks 16 cudaDev 3 busId 400000 - Init COMPLETE
ip-0A230406:19911:20552 [3] NCCL INFO comm 0x150ce0008fb0 rank 7 nranks 16 cudaDev 3 busId 400000 - Init COMPLETE
ip-0A230407:73003:73639 [3] NCCL INFO comm 0x14cd9c008fb0 rank 12 nranks 16 cudaDev 3 busId 400000 - Init COMPLETE
ip-0A230413:83849:84484 [3] NCCL INFO comm 0x146150008fb0 rank 4 nranks 16 cudaDev 3 busId 400000 - Init COMPLETE
ip-0A23040D:46868:47512 [3] NCCL INFO Sharp rank 0/16 initialized on mlx5_ib3:1

ip-0A23040D:46868:47512 [3] sharp_plugin.c:288 NCCL WARN NET/IB :SHARP coll init error: Cannot create SHArP job(-11)

ip-0A23040D:46868:47512 [3] NCCL INFO include/coll_net.h:21 -> 3
ip-0A23040D:46868:47511 [3] NCCL INFO transport.cc:222 -> 2

ip-0A23040D:46868:47511 [3] transport.cc:253 NCCL WARN Cannot initialize CollNet, using point-to-point network instead
ip-0A23040D:46868:47511 [3] NCCL INFO init.cc:765 -> 2
ip-0A23040D:46868:47511 [3] NCCL INFO threadThresholds 8/8/64 | 128/8/64 | 8/8/512
ip-0A23040D:46868:47511 [3] NCCL INFO 2 coll channels, 2 p2p channels, 2 p2p channels per peer
ip-0A23040D:46868:47511 [3] NCCL INFO comm 0x147b20008fb0 rank 0 nranks 16 cudaDev 3 busId 400000 - Init COMPLETE
ip-0A23040D:46868:46868 [3] NCCL INFO Launch mode Parallel
ip-0A23040D:46867:46867 [4] NCCL INFO Bootstrap : Using eth0:10.35.4.13<0>
ip-0A23040D:46867:46867 [4] NCCL INFO NET/Plugin: Failed to find ncclNetPlugin_v5 symbol.
ip-0A23040D:46867:46867 [4] NCCL INFO NET/Plugin: Failed to find ncclCollNetPlugin_v5 symbol.
ip-0A23040D:46867:46867 [4] NCCL INFO Plugin Path : /opt/hpcx/nccl_rdma_sharp_plugin/lib/libnccl-net.so
ip-0A23040D:46867:46867 [4] NCCL INFO P2P plugin IBext
ip-0A23040D:46867:46867 [4] NCCL INFO NCCL_IB_PCI_RELAXED_ORDERING set by environment to 1.
ip-0A23040D:46867:46867 [4] NCCL INFO NET/IB : Using [0]mlx5_ib0:1/IB/SHARP [1]mlx5_ib1:1/IB/SHARP [2]mlx5_ib2:1/IB/SHARP [3]mlx5_ib3:1/IB/SHARP [4]mlx5_ib4:1/IB/SHARP [5]mlx5_ib5:1/IB/SHARP [6]mlx5_ib6:1/IB/SHARP [7]mlx5_ib7:1/IB/SHARP ; OOB eth0:10.35.4.13<0>
ip-0A23040D:46867:46867 [4] NCCL INFO Using network IBext
NCCL version 2.12.10+cuda11.6
ip-0A23040C:81370:81370 [4] NCCL INFO Bootstrap : Using eth0:10.35.4.12<0>
ip-0A230408:81445:81445 [4] NCCL INFO Bootstrap : Using eth0:10.35.4.8<0>
ip-0A230417:73131:73131 [4] NCCL INFO Bootstrap : Using eth0:10.35.4.23<0>
ip-0A230405:35343:35343 [4] NCCL INFO Bootstrap : Using eth0:10.35.4.5<0>
ip-0A230410:70719:70719 [4] NCCL INFO Bootstrap : Using eth0:10.35.4.16<0>
ip-0A23041D:38317:38317 [4] NCCL INFO Bootstrap : Using eth0:10.35.4.29<0>
ip-0A230414:37005:37005 [4] NCCL INFO Bootstrap : Using eth0:10.35.4.20<0>
ip-0A23040F:1523:1523 [4] NCCL INFO Bootstrap : Using eth0:10.35.4.15<0>
ip-0A230407:72999:72999 [4] NCCL INFO Bootstrap : Using eth0:10.35.4.7<0>
ip-0A23041A:32596:32596 [4] NCCL INFO Bootstrap : Using eth0:10.35.4.26<0>
ip-0A230412:39993:39993 [4] NCCL INFO Bootstrap : Using eth0:10.35.4.18<0>
ip-0A23040B:56453:56453 [4] NCCL INFO Bootstrap : Using eth0:10.35.4.11<0>
ip-0A230413:83847:83847 [4] NCCL INFO Bootstrap : Using eth0:10.35.4.19<0>
ip-0A23040E:83000:83000 [4] NCCL INFO Bootstrap : Using eth0:10.35.4.14<0>
ip-0A230406:19906:19906 [4] NCCL INFO Bootstrap : Using eth0:10.35.4.6<0>
ip-0A23040C:81370:81370 [4] NCCL INFO NET/Plugin: Failed to find ncclNetPlugin_v5 symbol.
ip-0A23040C:81370:81370 [4] NCCL INFO NET/Plugin: Failed to find ncclCollNetPlugin_v5 symbol.
ip-0A230414:37005:37005 [4] NCCL INFO NET/Plugin: Failed to find ncclNetPlugin_v5 symbol.
ip-0A230414:37005:37005 [4] NCCL INFO NET/Plugin: Failed to find ncclCollNetPlugin_v5 symbol.
ip-0A23040C:81370:81370 [4] NCCL INFO Plugin Path : /opt/hpcx/nccl_rdma_sharp_plugin/lib/libnccl-net.so
ip-0A23040C:81370:81370 [4] NCCL INFO P2P plugin IBext
ip-0A23040C:81370:81370 [4] NCCL INFO NCCL_IB_PCI_RELAXED_ORDERING set by environment to 1.
ip-0A23041A:32596:32596 [4] NCCL INFO NET/Plugin: Failed to find ncclNetPlugin_v5 symbol.
ip-0A23041A:32596:32596 [4] NCCL INFO NET/Plugin: Failed to find ncclCollNetPlugin_v5 symbol.
ip-0A23040F:1523:1523 [4] NCCL INFO NET/Plugin: Failed to find ncclNetPlugin_v5 symbol.
ip-0A23040F:1523:1523 [4] NCCL INFO NET/Plugin: Failed to find ncclCollNetPlugin_v5 symbol.
ip-0A230414:37005:37005 [4] NCCL INFO Plugin Path : /opt/hpcx/nccl_rdma_sharp_plugin/lib/libnccl-net.so
ip-0A230414:37005:37005 [4] NCCL INFO P2P plugin IBext
ip-0A230414:37005:37005 [4] NCCL INFO NCCL_IB_PCI_RELAXED_ORDERING set by environment to 1.
ip-0A230412:39993:39993 [4] NCCL INFO NET/Plugin: Failed to find ncclNetPlugin_v5 symbol.
ip-0A230412:39993:39993 [4] NCCL INFO NET/Plugin: Failed to find ncclCollNetPlugin_v5 symbol.
ip-0A23041A:32596:32596 [4] NCCL INFO Plugin Path : /opt/hpcx/nccl_rdma_sharp_plugin/lib/libnccl-net.so
ip-0A23041A:32596:32596 [4] NCCL INFO P2P plugin IBext
ip-0A23041A:32596:32596 [4] NCCL INFO NCCL_IB_PCI_RELAXED_ORDERING set by environment to 1.
ip-0A23040F:1523:1523 [4] NCCL INFO Plugin Path : /opt/hpcx/nccl_rdma_sharp_plugin/lib/libnccl-net.so
ip-0A23040F:1523:1523 [4] NCCL INFO P2P plugin IBext
ip-0A23040F:1523:1523 [4] NCCL INFO NCCL_IB_PCI_RELAXED_ORDERING set by environment to 1.
ip-0A230412:39993:39993 [4] NCCL INFO Plugin Path : /opt/hpcx/nccl_rdma_sharp_plugin/lib/libnccl-net.so
ip-0A230412:39993:39993 [4] NCCL INFO P2P plugin IBext
ip-0A230412:39993:39993 [4] NCCL INFO NCCL_IB_PCI_RELAXED_ORDERING set by environment to 1.
ip-0A230405:35343:35343 [4] NCCL INFO NET/Plugin: Failed to find ncclNetPlugin_v5 symbol.
ip-0A230405:35343:35343 [4] NCCL INFO NET/Plugin: Failed to find ncclCollNetPlugin_v5 symbol.
ip-0A230405:35343:35343 [4] NCCL INFO Plugin Path : /opt/hpcx/nccl_rdma_sharp_plugin/lib/libnccl-net.so
ip-0A230405:35343:35343 [4] NCCL INFO P2P plugin IBext
ip-0A230410:70719:70719 [4] NCCL INFO NET/Plugin: Failed to find ncclNetPlugin_v5 symbol.
ip-0A230410:70719:70719 [4] NCCL INFO NET/Plugin: Failed to find ncclCollNetPlugin_v5 symbol.
ip-0A230405:35343:35343 [4] NCCL INFO NCCL_IB_PCI_RELAXED_ORDERING set by environment to 1.
ip-0A230408:81445:81445 [4] NCCL INFO NET/Plugin: Failed to find ncclNetPlugin_v5 symbol.
ip-0A230408:81445:81445 [4] NCCL INFO NET/Plugin: Failed to find ncclCollNetPlugin_v5 symbol.
ip-0A230410:70719:70719 [4] NCCL INFO Plugin Path : /opt/hpcx/nccl_rdma_sharp_plugin/lib/libnccl-net.so
ip-0A230410:70719:70719 [4] NCCL INFO P2P plugin IBext
ip-0A230410:70719:70719 [4] NCCL INFO NCCL_IB_PCI_RELAXED_ORDERING set by environment to 1.
ip-0A230408:81445:81445 [4] NCCL INFO Plugin Path : /opt/hpcx/nccl_rdma_sharp_plugin/lib/libnccl-net.so
ip-0A230408:81445:81445 [4] NCCL INFO P2P plugin IBext
ip-0A230408:81445:81445 [4] NCCL INFO NCCL_IB_PCI_RELAXED_ORDERING set by environment to 1.
ip-0A230407:72999:72999 [4] NCCL INFO NET/Plugin: Failed to find ncclNetPlugin_v5 symbol.
ip-0A230407:72999:72999 [4] NCCL INFO NET/Plugin: Failed to find ncclCollNetPlugin_v5 symbol.
ip-0A230407:72999:72999 [4] NCCL INFO Plugin Path : /opt/hpcx/nccl_rdma_sharp_plugin/lib/libnccl-net.so
ip-0A230407:72999:72999 [4] NCCL INFO P2P plugin IBext
ip-0A230407:72999:72999 [4] NCCL INFO NCCL_IB_PCI_RELAXED_ORDERING set by environment to 1.
ip-0A230417:73131:73131 [4] NCCL INFO NET/Plugin: Failed to find ncclNetPlugin_v5 symbol.
ip-0A230417:73131:73131 [4] NCCL INFO NET/Plugin: Failed to find ncclCollNetPlugin_v5 symbol.
ip-0A23041D:38317:38317 [4] NCCL INFO NET/Plugin: Failed to find ncclNetPlugin_v5 symbol.
ip-0A23041D:38317:38317 [4] NCCL INFO NET/Plugin: Failed to find ncclCollNetPlugin_v5 symbol.
ip-0A230417:73131:73131 [4] NCCL INFO Plugin Path : /opt/hpcx/nccl_rdma_sharp_plugin/lib/libnccl-net.so
ip-0A230417:73131:73131 [4] NCCL INFO P2P plugin IBext
ip-0A230417:73131:73131 [4] NCCL INFO NCCL_IB_PCI_RELAXED_ORDERING set by environment to 1.
ip-0A23041D:38317:38317 [4] NCCL INFO Plugin Path : /opt/hpcx/nccl_rdma_sharp_plugin/lib/libnccl-net.so
ip-0A23041D:38317:38317 [4] NCCL INFO P2P plugin IBext
ip-0A23041D:38317:38317 [4] NCCL INFO NCCL_IB_PCI_RELAXED_ORDERING set by environment to 1.
ip-0A23040B:56453:56453 [4] NCCL INFO NET/Plugin: Failed to find ncclNetPlugin_v5 symbol.
ip-0A23040B:56453:56453 [4] NCCL INFO NET/Plugin: Failed to find ncclCollNetPlugin_v5 symbol.
ip-0A23040B:56453:56453 [4] NCCL INFO Plugin Path : /opt/hpcx/nccl_rdma_sharp_plugin/lib/libnccl-net.so
ip-0A23040B:56453:56453 [4] NCCL INFO P2P plugin IBext
ip-0A23040B:56453:56453 [4] NCCL INFO NCCL_IB_PCI_RELAXED_ORDERING set by environment to 1.
ip-0A23040E:83000:83000 [4] NCCL INFO NET/Plugin: Failed to find ncclNetPlugin_v5 symbol.
ip-0A23040E:83000:83000 [4] NCCL INFO NET/Plugin: Failed to find ncclCollNetPlugin_v5 symbol.
ip-0A23040E:83000:83000 [4] NCCL INFO Plugin Path : /opt/hpcx/nccl_rdma_sharp_plugin/lib/libnccl-net.so
ip-0A23040E:83000:83000 [4] NCCL INFO P2P plugin IBext
ip-0A23040E:83000:83000 [4] NCCL INFO NCCL_IB_PCI_RELAXED_ORDERING set by environment to 1.
ip-0A230406:19906:19906 [4] NCCL INFO NET/Plugin: Failed to find ncclNetPlugin_v5 symbol.
ip-0A230406:19906:19906 [4] NCCL INFO NET/Plugin: Failed to find ncclCollNetPlugin_v5 symbol.
ip-0A230406:19906:19906 [4] NCCL INFO Plugin Path : /opt/hpcx/nccl_rdma_sharp_plugin/lib/libnccl-net.so
ip-0A230406:19906:19906 [4] NCCL INFO P2P plugin IBext
ip-0A230406:19906:19906 [4] NCCL INFO NCCL_IB_PCI_RELAXED_ORDERING set by environment to 1.
ip-0A230413:83847:83847 [4] NCCL INFO NET/Plugin: Failed to find ncclNetPlugin_v5 symbol.
ip-0A230413:83847:83847 [4] NCCL INFO NET/Plugin: Failed to find ncclCollNetPlugin_v5 symbol.
ip-0A230413:83847:83847 [4] NCCL INFO Plugin Path : /opt/hpcx/nccl_rdma_sharp_plugin/lib/libnccl-net.so
ip-0A230413:83847:83847 [4] NCCL INFO P2P plugin IBext
ip-0A230413:83847:83847 [4] NCCL INFO NCCL_IB_PCI_RELAXED_ORDERING set by environment to 1.
ip-0A230414:37005:37005 [4] NCCL INFO NET/IB : Using [0]mlx5_ib0:1/IB/SHARP [1]mlx5_ib1:1/IB/SHARP [2]mlx5_ib2:1/IB/SHARP [3]mlx5_ib3:1/IB/SHARP [4]mlx5_ib4:1/IB/SHARP [5]mlx5_ib5:1/IB/SHARP [6]mlx5_ib6:1/IB/SHARP [7]mlx5_ib7:1/IB/SHARP ; OOB eth0:10.35.4.20<0>
ip-0A230414:37005:37005 [4] NCCL INFO Using network IBext
ip-0A23041A:32596:32596 [4] NCCL INFO NET/IB : Using [0]mlx5_ib0:1/IB/SHARP [1]mlx5_ib1:1/IB/SHARP [2]mlx5_ib2:1/IB/SHARP [3]mlx5_ib3:1/IB/SHARP [4]mlx5_ib4:1/IB/SHARP [5]mlx5_ib5:1/IB/SHARP [6]mlx5_ib6:1/IB/SHARP [7]mlx5_ib7:1/IB/SHARP ; OOB eth0:10.35.4.26<0>
ip-0A230408:81445:81445 [4] NCCL INFO NET/IB : Using [0]mlx5_ib0:1/IB/SHARP [1]mlx5_ib1:1/IB/SHARP [2]mlx5_ib2:1/IB/SHARP [3]mlx5_ib3:1/IB/SHARP [4]mlx5_ib4:1/IB/SHARP [5]mlx5_ib5:1/IB/SHARP [6]mlx5_ib6:1/IB/SHARP [7]mlx5_ib7:1/IB/SHARP ; OOB eth0:10.35.4.8<0>
ip-0A230408:81445:81445 [4] NCCL INFO Using network IBext
ip-0A23041A:32596:32596 [4] NCCL INFO Using network IBext
ip-0A23040C:81370:81370 [4] NCCL INFO NET/IB : Using [0]mlx5_ib0:1/IB/SHARP [1]mlx5_ib1:1/IB/SHARP [2]mlx5_ib2:1/IB/SHARP [3]mlx5_ib3:1/IB/SHARP [4]mlx5_ib4:1/IB/SHARP [5]mlx5_ib5:1/IB/SHARP [6]mlx5_ib6:1/IB/SHARP [7]mlx5_ib7:1/IB/SHARP ; OOB eth0:10.35.4.12<0>
ip-0A23040C:81370:81370 [4] NCCL INFO Using network IBext
ip-0A23040F:1523:1523 [4] NCCL INFO NET/IB : Using [0]mlx5_ib0:1/IB/SHARP [1]mlx5_ib1:1/IB/SHARP [2]mlx5_ib2:1/IB/SHARP [3]mlx5_ib3:1/IB/SHARP [4]mlx5_ib4:1/IB/SHARP [5]mlx5_ib5:1/IB/SHARP [6]mlx5_ib6:1/IB/SHARP [7]mlx5_ib7:1/IB/SHARP ; OOB eth0:10.35.4.15<0>
ip-0A23040F:1523:1523 [4] NCCL INFO Using network IBext
ip-0A230412:39993:39993 [4] NCCL INFO NET/IB : Using [0]mlx5_ib0:1/IB/SHARP [1]mlx5_ib1:1/IB/SHARP [2]mlx5_ib2:1/IB/SHARP [3]mlx5_ib3:1/IB/SHARP [4]mlx5_ib4:1/IB/SHARP [5]mlx5_ib5:1/IB/SHARP [6]mlx5_ib6:1/IB/SHARP [7]mlx5_ib7:1/IB/SHARP ; OOB eth0:10.35.4.18<0>
ip-0A230412:39993:39993 [4] NCCL INFO Using network IBext
ip-0A230410:70719:70719 [4] NCCL INFO NET/IB : Using [0]mlx5_ib0:1/IB/SHARP [1]mlx5_ib1:1/IB/SHARP [2]mlx5_ib2:1/IB/SHARP [3]mlx5_ib3:1/IB/SHARP [4]mlx5_ib4:1/IB/SHARP [5]mlx5_ib5:1/IB/SHARP [6]mlx5_ib6:1/IB/SHARP [7]mlx5_ib7:1/IB/SHARP ; OOB eth0:10.35.4.16<0>
ip-0A230407:72999:72999 [4] NCCL INFO NET/IB : Using [0]mlx5_ib0:1/IB/SHARP [1]mlx5_ib1:1/IB/SHARP [2]mlx5_ib2:1/IB/SHARP [3]mlx5_ib3:1/IB/SHARP [4]mlx5_ib4:1/IB/SHARP [5]mlx5_ib5:1/IB/SHARP [6]mlx5_ib6:1/IB/SHARP [7]mlx5_ib7:1/IB/SHARP ; OOB eth0:10.35.4.7<0>
ip-0A230407:72999:72999 [4] NCCL INFO Using network IBext
ip-0A230410:70719:70719 [4] NCCL INFO Using network IBext
ip-0A230405:35343:35343 [4] NCCL INFO NET/IB : Using [0]mlx5_ib0:1/IB/SHARP [1]mlx5_ib1:1/IB/SHARP [2]mlx5_ib2:1/IB/SHARP [3]mlx5_ib3:1/IB/SHARP [4]mlx5_ib4:1/IB/SHARP [5]mlx5_ib5:1/IB/SHARP [6]mlx5_ib6:1/IB/SHARP [7]mlx5_ib7:1/IB/SHARP ; OOB eth0:10.35.4.5<0>
ip-0A230405:35343:35343 [4] NCCL INFO Using network IBext
ip-0A230417:73131:73131 [4] NCCL INFO NET/IB : Using [0]mlx5_ib0:1/IB/SHARP [1]mlx5_ib1:1/IB/SHARP [2]mlx5_ib2:1/IB/SHARP [3]mlx5_ib3:1/IB/SHARP [4]mlx5_ib4:1/IB/SHARP [5]mlx5_ib5:1/IB/SHARP [6]mlx5_ib6:1/IB/SHARP [7]mlx5_ib7:1/IB/SHARP ; OOB eth0:10.35.4.23<0>
ip-0A230417:73131:73131 [4] NCCL INFO Using network IBext
ip-0A23041D:38317:38317 [4] NCCL INFO NET/IB : Using [0]mlx5_ib0:1/IB/SHARP [1]mlx5_ib1:1/IB/SHARP [2]mlx5_ib2:1/IB/SHARP [3]mlx5_ib3:1/IB/SHARP [4]mlx5_ib4:1/IB/SHARP [5]mlx5_ib5:1/IB/SHARP [6]mlx5_ib6:1/IB/SHARP [7]mlx5_ib7:1/IB/SHARP ; OOB eth0:10.35.4.29<0>
ip-0A23041D:38317:38317 [4] NCCL INFO Using network IBext
ip-0A23040B:56453:56453 [4] NCCL INFO NET/IB : Using [0]mlx5_ib0:1/IB/SHARP [1]mlx5_ib1:1/IB/SHARP [2]mlx5_ib2:1/IB/SHARP [3]mlx5_ib3:1/IB/SHARP [4]mlx5_ib4:1/IB/SHARP [5]mlx5_ib5:1/IB/SHARP [6]mlx5_ib6:1/IB/SHARP [7]mlx5_ib7:1/IB/SHARP ; OOB eth0:10.35.4.11<0>
ip-0A23040B:56453:56453 [4] NCCL INFO Using network IBext
ip-0A23040E:83000:83000 [4] NCCL INFO NET/IB : Using [0]mlx5_ib0:1/IB/SHARP [1]mlx5_ib1:1/IB/SHARP [2]mlx5_ib2:1/IB/SHARP [3]mlx5_ib3:1/IB/SHARP [4]mlx5_ib4:1/IB/SHARP [5]mlx5_ib5:1/IB/SHARP [6]mlx5_ib6:1/IB/SHARP [7]mlx5_ib7:1/IB/SHARP ; OOB eth0:10.35.4.14<0>
ip-0A23040E:83000:83000 [4] NCCL INFO Using network IBext
ip-0A230406:19906:19906 [4] NCCL INFO NET/IB : Using [0]mlx5_ib0:1/IB/SHARP [1]mlx5_ib1:1/IB/SHARP [2]mlx5_ib2:1/IB/SHARP [3]mlx5_ib3:1/IB/SHARP [4]mlx5_ib4:1/IB/SHARP [5]mlx5_ib5:1/IB/SHARP [6]mlx5_ib6:1/IB/SHARP [7]mlx5_ib7:1/IB/SHARP ; OOB eth0:10.35.4.6<0>
ip-0A230406:19906:19906 [4] NCCL INFO Using network IBext
ip-0A230413:83847:83847 [4] NCCL INFO NET/IB : Using [0]mlx5_ib0:1/IB/SHARP [1]mlx5_ib1:1/IB/SHARP [2]mlx5_ib2:1/IB/SHARP [3]mlx5_ib3:1/IB/SHARP [4]mlx5_ib4:1/IB/SHARP [5]mlx5_ib5:1/IB/SHARP [6]mlx5_ib6:1/IB/SHARP [7]mlx5_ib7:1/IB/SHARP ; OOB eth0:10.35.4.19<0>
ip-0A230413:83847:83847 [4] NCCL INFO Using network IBext
ip-0A23040F:1523:2212 [4] NCCL INFO NCCL_P2P_LEVEL set by environment to LOC
ip-0A23040E:83000:83648 [4] NCCL INFO NCCL_P2P_LEVEL set by environment to LOC
ip-0A23040C:81370:82036 [4] NCCL INFO NCCL_P2P_LEVEL set by environment to LOC
ip-0A23040F:1523:2212 [4] NCCL INFO PXN Disabled as plugin is v4
ip-0A230414:37005:37652 [4] NCCL INFO NCCL_P2P_LEVEL set by environment to LOC
ip-0A230413:83847:84507 [4] NCCL INFO NCCL_P2P_LEVEL set by environment to LOC
ip-0A23040E:83000:83648 [4] NCCL INFO PXN Disabled as plugin is v4
ip-0A23040C:81370:82036 [4] NCCL INFO PXN Disabled as plugin is v4
ip-0A230414:37005:37652 [4] NCCL INFO PXN Disabled as plugin is v4
ip-0A23040F:1523:2212 [4] NCCL INFO NCCL_COLLNET_ENABLE set by environment to 1.
ip-0A230413:83847:84507 [4] NCCL INFO PXN Disabled as plugin is v4
ip-0A23040E:83000:83648 [4] NCCL INFO NCCL_COLLNET_ENABLE set by environment to 1.
ip-0A23040C:81370:82036 [4] NCCL INFO NCCL_COLLNET_ENABLE set by environment to 1.
ip-0A230412:39993:40648 [4] NCCL INFO NCCL_P2P_LEVEL set by environment to LOC
ip-0A230414:37005:37652 [4] NCCL INFO NCCL_COLLNET_ENABLE set by environment to 1.
ip-0A230413:83847:84507 [4] NCCL INFO NCCL_COLLNET_ENABLE set by environment to 1.
ip-0A230412:39993:40648 [4] NCCL INFO PXN Disabled as plugin is v4
ip-0A230405:35343:36003 [4] NCCL INFO NCCL_P2P_LEVEL set by environment to LOC
ip-0A230412:39993:40648 [4] NCCL INFO NCCL_COLLNET_ENABLE set by environment to 1.
ip-0A230405:35343:36003 [4] NCCL INFO PXN Disabled as plugin is v4
ip-0A23041D:38317:38965 [4] NCCL INFO NCCL_P2P_LEVEL set by environment to LOC
ip-0A230408:81445:82091 [4] NCCL INFO NCCL_P2P_LEVEL set by environment to LOC
ip-0A230406:19906:20565 [4] NCCL INFO NCCL_P2P_LEVEL set by environment to LOC
ip-0A23041A:32596:33250 [4] NCCL INFO NCCL_P2P_LEVEL set by environment to LOC
ip-0A23041D:38317:38965 [4] NCCL INFO PXN Disabled as plugin is v4
ip-0A230408:81445:82091 [4] NCCL INFO PXN Disabled as plugin is v4
ip-0A230405:35343:36003 [4] NCCL INFO NCCL_COLLNET_ENABLE set by environment to 1.
ip-0A230406:19906:20565 [4] NCCL INFO PXN Disabled as plugin is v4
ip-0A230410:70719:71381 [4] NCCL INFO NCCL_P2P_LEVEL set by environment to LOC
ip-0A230417:73131:73791 [4] NCCL INFO NCCL_P2P_LEVEL set by environment to LOC
ip-0A23041A:32596:33250 [4] NCCL INFO PXN Disabled as plugin is v4
ip-0A230408:81445:82091 [4] NCCL INFO NCCL_COLLNET_ENABLE set by environment to 1.
ip-0A23041D:38317:38965 [4] NCCL INFO NCCL_COLLNET_ENABLE set by environment to 1.
ip-0A230410:70719:71381 [4] NCCL INFO PXN Disabled as plugin is v4
ip-0A230406:19906:20565 [4] NCCL INFO NCCL_COLLNET_ENABLE set by environment to 1.
ip-0A230417:73131:73791 [4] NCCL INFO PXN Disabled as plugin is v4
ip-0A23041A:32596:33250 [4] NCCL INFO NCCL_COLLNET_ENABLE set by environment to 1.
ip-0A230410:70719:71381 [4] NCCL INFO NCCL_COLLNET_ENABLE set by environment to 1.
ip-0A230417:73131:73791 [4] NCCL INFO NCCL_COLLNET_ENABLE set by environment to 1.
ip-0A23040D:46867:47527 [4] NCCL INFO NCCL_P2P_LEVEL set by environment to LOC
ip-0A23040B:56453:57102 [4] NCCL INFO NCCL_P2P_LEVEL set by environment to LOC
ip-0A23040D:46867:47527 [4] NCCL INFO PXN Disabled as plugin is v4
ip-0A23040B:56453:57102 [4] NCCL INFO PXN Disabled as plugin is v4
ip-0A23040D:46867:47527 [4] NCCL INFO NCCL_COLLNET_ENABLE set by environment to 1.
ip-0A23040B:56453:57102 [4] NCCL INFO NCCL_COLLNET_ENABLE set by environment to 1.
ip-0A230407:72999:73663 [4] NCCL INFO NCCL_P2P_LEVEL set by environment to LOC
ip-0A230407:72999:73663 [4] NCCL INFO PXN Disabled as plugin is v4
ip-0A230407:72999:73663 [4] NCCL INFO NCCL_COLLNET_ENABLE set by environment to 1.
ip-0A230407:72999:73663 [4] NCCL INFO Trees [0] 10/14/-1->12->8 [1] -1/-1/-1->12->13
ip-0A23040B:56453:57102 [4] NCCL INFO Trees [0] -1/-1/-1->13->14 [1] 14/12/-1->13->11
ip-0A23040E:83000:83648 [4] NCCL INFO Trees [0] 13/15/-1->14->12 [1] -1/-1/-1->14->13
ip-0A23040C:81370:82036 [4] NCCL INFO Trees [0] -1/-1/-1->15->14 [1] 7/-1/-1->15->-1
ip-0A23040D:46867:47527 [4] NCCL INFO Channel 00/02 :    0   1   2   3   4   5   6   7   8   9  10  11  12  13  14  15
ip-0A23040D:46867:47527 [4] NCCL INFO Channel 01/02 :    0   1   2   3   4   5   6   7   8   9  10  11  12  13  14  15
ip-0A23040D:46867:47527 [4] NCCL INFO Trees [0] 8/-1/-1->0->-1 [1] -1/-1/-1->0->1
ip-0A23040F:1523:2212 [4] NCCL INFO Trees [0] -1/-1/-1->1->2 [1] 2/0/-1->1->3
ip-0A230410:70719:71381 [4] NCCL INFO Trees [0] 1/3/-1->2->4 [1] -1/-1/-1->2->1
ip-0A230412:39993:40648 [4] NCCL INFO Trees [0] -1/-1/-1->3->2 [1] 5/1/-1->3->7
ip-0A230413:83847:84507 [4] NCCL INFO Trees [0] 2/6/-1->4->8 [1] -1/-1/-1->4->5
ip-0A230414:37005:37652 [4] NCCL INFO Trees [0] -1/-1/-1->5->6 [1] 6/4/-1->5->3
ip-0A230417:73131:73791 [4] NCCL INFO Trees [0] 5/7/-1->6->4 [1] -1/-1/-1->6->5
ip-0A230406:19906:20565 [4] NCCL INFO Trees [0] -1/-1/-1->7->6 [1] 11/3/-1->7->15
ip-0A230408:81445:82091 [4] NCCL INFO Trees [0] 4/12/-1->8->0 [1] -1/-1/-1->8->9
ip-0A23041A:32596:33250 [4] NCCL INFO Trees [0] -1/-1/-1->9->10 [1] 10/8/-1->9->11
ip-0A230405:35343:36003 [4] NCCL INFO Trees [0] -1/-1/-1->11->10 [1] 13/9/-1->11->7
ip-0A23041D:38317:38965 [4] NCCL INFO Trees [0] 9/11/-1->10->12 [1] -1/-1/-1->10->9
ip-0A230407:72999:73663 [4] NCCL INFO Channel 00/0 : 11[b00000] -> 12[b00000] [receive] via NET/IBext/4
ip-0A230407:72999:73663 [4] NCCL INFO Channel 01/0 : 11[b00000] -> 12[b00000] [receive] via NET/IBext/4
ip-0A230407:72999:73663 [4] NCCL INFO Channel 00/0 : 12[b00000] -> 13[b00000] [send] via NET/IBext/4
ip-0A230407:72999:73663 [4] NCCL INFO Channel 01/0 : 12[b00000] -> 13[b00000] [send] via NET/IBext/4
ip-0A23040B:56453:57102 [4] NCCL INFO Channel 00/0 : 12[b00000] -> 13[b00000] [receive] via NET/IBext/4
ip-0A23040B:56453:57102 [4] NCCL INFO Channel 01/0 : 12[b00000] -> 13[b00000] [receive] via NET/IBext/4
ip-0A23040B:56453:57102 [4] NCCL INFO Channel 00/0 : 13[b00000] -> 14[b00000] [send] via NET/IBext/4
ip-0A23040B:56453:57102 [4] NCCL INFO Channel 01/0 : 13[b00000] -> 14[b00000] [send] via NET/IBext/4
ip-0A23040E:83000:83648 [4] NCCL INFO Channel 00/0 : 13[b00000] -> 14[b00000] [receive] via NET/IBext/4
ip-0A23040C:81370:82036 [4] NCCL INFO Channel 00/0 : 14[b00000] -> 15[b00000] [receive] via NET/IBext/4
ip-0A23040E:83000:83648 [4] NCCL INFO Channel 01/0 : 13[b00000] -> 14[b00000] [receive] via NET/IBext/4
ip-0A23040E:83000:83648 [4] NCCL INFO Channel 00/0 : 14[b00000] -> 15[b00000] [send] via NET/IBext/4
ip-0A23040C:81370:82036 [4] NCCL INFO Channel 01/0 : 14[b00000] -> 15[b00000] [receive] via NET/IBext/4
ip-0A23040F:1523:2212 [4] NCCL INFO Channel 00/0 : 0[b00000] -> 1[b00000] [receive] via NET/IBext/4
ip-0A23040E:83000:83648 [4] NCCL INFO Channel 01/0 : 14[b00000] -> 15[b00000] [send] via NET/IBext/4
ip-0A23040C:81370:82036 [4] NCCL INFO Channel 00/0 : 15[b00000] -> 0[b00000] [send] via NET/IBext/4
ip-0A23040F:1523:2212 [4] NCCL INFO Channel 01/0 : 0[b00000] -> 1[b00000] [receive] via NET/IBext/4
ip-0A23040C:81370:82036 [4] NCCL INFO Channel 01/0 : 15[b00000] -> 0[b00000] [send] via NET/IBext/4
ip-0A23040F:1523:2212 [4] NCCL INFO Channel 00/0 : 1[b00000] -> 2[b00000] [send] via NET/IBext/4
ip-0A230410:70719:71381 [4] NCCL INFO Channel 00/0 : 1[b00000] -> 2[b00000] [receive] via NET/IBext/4
ip-0A23040D:46867:47527 [4] NCCL INFO Channel 00/0 : 15[b00000] -> 0[b00000] [receive] via NET/IBext/4
ip-0A23040D:46867:47527 [4] NCCL INFO Channel 01/0 : 15[b00000] -> 0[b00000] [receive] via NET/IBext/4
ip-0A23040F:1523:2212 [4] NCCL INFO Channel 01/0 : 1[b00000] -> 2[b00000] [send] via NET/IBext/4
ip-0A230410:70719:71381 [4] NCCL INFO Channel 01/0 : 1[b00000] -> 2[b00000] [receive] via NET/IBext/4
ip-0A230412:39993:40648 [4] NCCL INFO Channel 00/0 : 2[b00000] -> 3[b00000] [receive] via NET/IBext/4
ip-0A23040D:46867:47527 [4] NCCL INFO Channel 00/0 : 0[b00000] -> 1[b00000] [send] via NET/IBext/4
ip-0A230414:37005:37652 [4] NCCL INFO Channel 00/0 : 4[b00000] -> 5[b00000] [receive] via NET/IBext/4
ip-0A23040D:46867:47527 [4] NCCL INFO Channel 01/0 : 0[b00000] -> 1[b00000] [send] via NET/IBext/4
ip-0A230413:83847:84507 [4] NCCL INFO Channel 00/0 : 3[b00000] -> 4[b00000] [receive] via NET/IBext/4
ip-0A230410:70719:71381 [4] NCCL INFO Channel 00/0 : 2[b00000] -> 3[b00000] [send] via NET/IBext/4
ip-0A230412:39993:40648 [4] NCCL INFO Channel 01/0 : 2[b00000] -> 3[b00000] [receive] via NET/IBext/4
ip-0A230410:70719:71381 [4] NCCL INFO Channel 01/0 : 2[b00000] -> 3[b00000] [send] via NET/IBext/4
ip-0A230412:39993:40648 [4] NCCL INFO Channel 00/0 : 3[b00000] -> 4[b00000] [send] via NET/IBext/4
ip-0A230414:37005:37652 [4] NCCL INFO Channel 01/0 : 4[b00000] -> 5[b00000] [receive] via NET/IBext/4
ip-0A230414:37005:37652 [4] NCCL INFO Channel 00/0 : 5[b00000] -> 6[b00000] [send] via NET/IBext/4
ip-0A230412:39993:40648 [4] NCCL INFO Channel 01/0 : 3[b00000] -> 4[b00000] [send] via NET/IBext/4
ip-0A230417:73131:73791 [4] NCCL INFO Channel 00/0 : 5[b00000] -> 6[b00000] [receive] via NET/IBext/4
ip-0A230413:83847:84507 [4] NCCL INFO Channel 01/0 : 3[b00000] -> 4[b00000] [receive] via NET/IBext/4
ip-0A230413:83847:84507 [4] NCCL INFO Channel 00/0 : 4[b00000] -> 5[b00000] [send] via NET/IBext/4
ip-0A230417:73131:73791 [4] NCCL INFO Channel 01/0 : 5[b00000] -> 6[b00000] [receive] via NET/IBext/4
ip-0A230413:83847:84507 [4] NCCL INFO Channel 01/0 : 4[b00000] -> 5[b00000] [send] via NET/IBext/4
ip-0A230417:73131:73791 [4] NCCL INFO Channel 00/0 : 6[b00000] -> 7[b00000] [send] via NET/IBext/4
ip-0A230408:81445:82091 [4] NCCL INFO Channel 00/0 : 7[b00000] -> 8[b00000] [receive] via NET/IBext/4
ip-0A230406:19906:20565 [4] NCCL INFO Channel 00/0 : 6[b00000] -> 7[b00000] [receive] via NET/IBext/4
ip-0A230414:37005:37652 [4] NCCL INFO Channel 01/0 : 5[b00000] -> 6[b00000] [send] via NET/IBext/4
ip-0A230417:73131:73791 [4] NCCL INFO Channel 01/0 : 6[b00000] -> 7[b00000] [send] via NET/IBext/4
ip-0A230408:81445:82091 [4] NCCL INFO Channel 01/0 : 7[b00000] -> 8[b00000] [receive] via NET/IBext/4
ip-0A230408:81445:82091 [4] NCCL INFO Channel 00/0 : 8[b00000] -> 9[b00000] [send] via NET/IBext/4
ip-0A23041A:32596:33250 [4] NCCL INFO Channel 00/0 : 8[b00000] -> 9[b00000] [receive] via NET/IBext/4
ip-0A230408:81445:82091 [4] NCCL INFO Channel 01/0 : 8[b00000] -> 9[b00000] [send] via NET/IBext/4
ip-0A230405:35343:36003 [4] NCCL INFO Channel 00/0 : 10[b00000] -> 11[b00000] [receive] via NET/IBext/4
ip-0A230406:19906:20565 [4] NCCL INFO Channel 01/0 : 6[b00000] -> 7[b00000] [receive] via NET/IBext/4
ip-0A230406:19906:20565 [4] NCCL INFO Channel 00/0 : 7[b00000] -> 8[b00000] [send] via NET/IBext/4
ip-0A23041D:38317:38965 [4] NCCL INFO Channel 00/0 : 9[b00000] -> 10[b00000] [receive] via NET/IBext/4
ip-0A23041A:32596:33250 [4] NCCL INFO Channel 01/0 : 8[b00000] -> 9[b00000] [receive] via NET/IBext/4
ip-0A23041A:32596:33250 [4] NCCL INFO Channel 00/0 : 9[b00000] -> 10[b00000] [send] via NET/IBext/4
ip-0A230405:35343:36003 [4] NCCL INFO Channel 01/0 : 10[b00000] -> 11[b00000] [receive] via NET/IBext/4
ip-0A230406:19906:20565 [4] NCCL INFO Channel 01/0 : 7[b00000] -> 8[b00000] [send] via NET/IBext/4
ip-0A230405:35343:36003 [4] NCCL INFO Channel 00/0 : 11[b00000] -> 12[b00000] [send] via NET/IBext/4
ip-0A23041D:38317:38965 [4] NCCL INFO Channel 01/0 : 9[b00000] -> 10[b00000] [receive] via NET/IBext/4
ip-0A23041D:38317:38965 [4] NCCL INFO Channel 00/0 : 10[b00000] -> 11[b00000] [send] via NET/IBext/4
ip-0A23041A:32596:33250 [4] NCCL INFO Channel 01/0 : 9[b00000] -> 10[b00000] [send] via NET/IBext/4
ip-0A230405:35343:36003 [4] NCCL INFO Channel 01/0 : 11[b00000] -> 12[b00000] [send] via NET/IBext/4
ip-0A23041D:38317:38965 [4] NCCL INFO Channel 01/0 : 10[b00000] -> 11[b00000] [send] via NET/IBext/4
ip-0A23040B:56453:57102 [4] NCCL INFO Connected all rings
ip-0A23040F:1523:2212 [4] NCCL INFO Connected all rings
ip-0A230410:70719:71381 [4] NCCL INFO Connected all rings
ip-0A23040C:81370:82036 [4] NCCL INFO Connected all rings
ip-0A23040E:83000:83648 [4] NCCL INFO Connected all rings
ip-0A230412:39993:40648 [4] NCCL INFO Connected all rings
ip-0A230417:73131:73791 [4] NCCL INFO Connected all rings
ip-0A23040D:46867:47527 [4] NCCL INFO Connected all rings
ip-0A230414:37005:37652 [4] NCCL INFO Connected all rings
ip-0A230408:81445:82091 [4] NCCL INFO Connected all rings
ip-0A230405:35343:36003 [4] NCCL INFO Connected all rings
ip-0A23041D:38317:38965 [4] NCCL INFO Connected all rings
ip-0A230407:72999:73663 [4] NCCL INFO Connected all rings
ip-0A230406:19906:20565 [4] NCCL INFO Connected all rings
ip-0A23041A:32596:33250 [4] NCCL INFO Connected all rings
ip-0A230413:83847:84507 [4] NCCL INFO Connected all rings
ip-0A23040B:56453:57102 [4] NCCL INFO Channel 01/0 : 11[b00000] -> 13[b00000] [receive] via NET/IBext/4
ip-0A23040C:81370:82036 [4] NCCL INFO Channel 01/0 : 7[b00000] -> 15[b00000] [receive] via NET/IBext/4
ip-0A230414:37005:37652 [4] NCCL INFO Channel 01/0 : 3[b00000] -> 5[b00000] [receive] via NET/IBext/4
ip-0A23040F:1523:2212 [4] NCCL INFO Channel 01/0 : 1[b00000] -> 3[b00000] [send] via NET/IBext/4
ip-0A23040C:81370:82036 [4] NCCL INFO Channel 01/0 : 15[b00000] -> 7[b00000] [send] via NET/IBext/4
ip-0A230412:39993:40648 [4] NCCL INFO Channel 01/0 : 1[b00000] -> 3[b00000] [receive] via NET/IBext/4
ip-0A230412:39993:40648 [4] NCCL INFO Channel 01/0 : 3[b00000] -> 5[b00000] [send] via NET/IBext/4
ip-0A23040D:46867:47527 [4] NCCL INFO Channel 00/0 : 8[b00000] -> 0[b00000] [receive] via NET/IBext/4
ip-0A23040D:46867:47527 [4] NCCL INFO Channel 00/0 : 0[b00000] -> 8[b00000] [send] via NET/IBext/4
ip-0A230405:35343:36003 [4] NCCL INFO Channel 01/0 : 9[b00000] -> 11[b00000] [receive] via NET/IBext/4
ip-0A230410:70719:71381 [4] NCCL INFO Channel 00/0 : 2[b00000] -> 4[b00000] [send] via NET/IBext/4
ip-0A230405:35343:36003 [4] NCCL INFO Channel 01/0 : 11[b00000] -> 13[b00000] [send] via NET/IBext/4
ip-0A23040E:83000:83648 [4] NCCL INFO Channel 00/0 : 12[b00000] -> 14[b00000] [receive] via NET/IBext/4
ip-0A230408:81445:82091 [4] NCCL INFO Channel 00/0 : 4[b00000] -> 8[b00000] [receive] via NET/IBext/4
ip-0A230408:81445:82091 [4] NCCL INFO Channel 00/0 : 8[b00000] -> 12[b00000] [send] via NET/IBext/4
ip-0A230406:19906:20565 [4] NCCL INFO Channel 01/0 : 3[b00000] -> 7[b00000] [receive] via NET/IBext/4
ip-0A230407:72999:73663 [4] NCCL INFO Channel 00/0 : 10[b00000] -> 12[b00000] [receive] via NET/IBext/4
ip-0A230417:73131:73791 [4] NCCL INFO Channel 00/0 : 4[b00000] -> 6[b00000] [receive] via NET/IBext/4
ip-0A230406:19906:20565 [4] NCCL INFO Channel 01/0 : 7[b00000] -> 11[b00000] [send] via NET/IBext/4
ip-0A230407:72999:73663 [4] NCCL INFO Channel 00/0 : 12[b00000] -> 14[b00000] [send] via NET/IBext/4
ip-0A23041D:38317:38965 [4] NCCL INFO Channel 00/0 : 10[b00000] -> 12[b00000] [send] via NET/IBext/4
ip-0A230413:83847:84507 [4] NCCL INFO Channel 00/0 : 2[b00000] -> 4[b00000] [receive] via NET/IBext/4
ip-0A230413:83847:84507 [4] NCCL INFO Channel 00/0 : 4[b00000] -> 6[b00000] [send] via NET/IBext/4
ip-0A23041A:32596:33250 [4] NCCL INFO Channel 01/0 : 9[b00000] -> 11[b00000] [send] via NET/IBext/4
ip-0A23040F:1523:2212 [4] NCCL INFO Channel 01/0 : 3[b00000] -> 1[b00000] [receive] via NET/IBext/4
ip-0A23041D:38317:38965 [4] NCCL INFO Channel 00/0 : 12[b00000] -> 10[b00000] [receive] via NET/IBext/4
ip-0A230410:70719:71381 [4] NCCL INFO Channel 00/0 : 4[b00000] -> 2[b00000] [receive] via NET/IBext/4
ip-0A230414:37005:37652 [4] NCCL INFO Channel 01/0 : 5[b00000] -> 3[b00000] [send] via NET/IBext/4
ip-0A23041A:32596:33250 [4] NCCL INFO Channel 01/0 : 11[b00000] -> 9[b00000] [receive] via NET/IBext/4
ip-0A23040E:83000:83648 [4] NCCL INFO Channel 00/0 : 14[b00000] -> 12[b00000] [send] via NET/IBext/4
ip-0A230417:73131:73791 [4] NCCL INFO Channel 00/0 : 6[b00000] -> 4[b00000] [send] via NET/IBext/4
ip-0A23040B:56453:57102 [4] NCCL INFO Channel 01/0 : 13[b00000] -> 11[b00000] [send] via NET/IBext/4
ip-0A230412:39993:40648 [4] NCCL INFO Channel 01/0 : 3[b00000] -> 7[b00000] [send] via NET/IBext/4
ip-0A230407:72999:73663 [4] NCCL INFO Channel 00/0 : 8[b00000] -> 12[b00000] [receive] via NET/IBext/4
ip-0A230413:83847:84507 [4] NCCL INFO Channel 00/0 : 4[b00000] -> 8[b00000] [send] via NET/IBext/4
ip-0A230405:35343:36003 [4] NCCL INFO Channel 01/0 : 7[b00000] -> 11[b00000] [receive] via NET/IBext/4
ip-0A230412:39993:40648 [4] NCCL INFO Channel 01/0 : 7[b00000] -> 3[b00000] [receive] via NET/IBext/4
ip-0A230413:83847:84507 [4] NCCL INFO Channel 00/0 : 8[b00000] -> 4[b00000] [receive] via NET/IBext/4
ip-0A230407:72999:73663 [4] NCCL INFO Channel 00/0 : 12[b00000] -> 8[b00000] [send] via NET/IBext/4
ip-0A230405:35343:36003 [4] NCCL INFO Channel 01/0 : 11[b00000] -> 7[b00000] [send] via NET/IBext/4
ip-0A230408:81445:82091 [4] NCCL INFO Channel 00/0 : 0[b00000] -> 8[b00000] [receive] via NET/IBext/4
ip-0A230408:81445:82091 [4] NCCL INFO Channel 00/0 : 8[b00000] -> 0[b00000] [send] via NET/IBext/4
ip-0A230406:19906:20565 [4] NCCL INFO Channel 01/0 : 15[b00000] -> 7[b00000] [receive] via NET/IBext/4
ip-0A230406:19906:20565 [4] NCCL INFO Channel 01/0 : 7[b00000] -> 15[b00000] [send] via NET/IBext/4
ip-0A23040D:46867:47527 [4] NCCL INFO Channel 01/0 : 1[b00000] -> 0[b00000] [receive] via NET/IBext/4
ip-0A23040C:81370:82036 [4] NCCL INFO Channel 00/0 : 15[b00000] -> 14[b00000] [send] via NET/IBext/4
ip-0A230408:81445:82091 [4] NCCL INFO Channel 00/0 : 12[b00000] -> 8[b00000] [receive] via NET/IBext/4
ip-0A230408:81445:82091 [4] NCCL INFO Channel 00/0 : 8[b00000] -> 4[b00000] [send] via NET/IBext/4
ip-0A230406:19906:20565 [4] NCCL INFO Channel 01/0 : 11[b00000] -> 7[b00000] [receive] via NET/IBext/4
ip-0A230406:19906:20565 [4] NCCL INFO Channel 01/0 : 7[b00000] -> 3[b00000] [send] via NET/IBext/4
ip-0A230407:72999:73663 [4] NCCL INFO Channel 00/0 : 14[b00000] -> 12[b00000] [receive] via NET/IBext/4
ip-0A230405:35343:36003 [4] NCCL INFO Channel 01/0 : 13[b00000] -> 11[b00000] [receive] via NET/IBext/4
ip-0A230405:35343:36003 [4] NCCL INFO Channel 01/0 : 11[b00000] -> 9[b00000] [send] via NET/IBext/4
ip-0A230408:81445:82091 [4] NCCL INFO Channel 01/0 : 9[b00000] -> 8[b00000] [receive] via NET/IBext/4
ip-0A230412:39993:40648 [4] NCCL INFO Channel 01/0 : 5[b00000] -> 3[b00000] [receive] via NET/IBext/4
ip-0A23040B:56453:57102 [4] NCCL INFO Channel 00/0 : 14[b00000] -> 13[b00000] [receive] via NET/IBext/4
ip-0A230412:39993:40648 [4] NCCL INFO Channel 01/0 : 3[b00000] -> 1[b00000] [send] via NET/IBext/4
ip-0A23040B:56453:57102 [4] NCCL INFO Channel 01/0 : 14[b00000] -> 13[b00000] [receive] via NET/IBext/4
ip-0A23040B:56453:57102 [4] NCCL INFO Channel 01/0 : 13[b00000] -> 12[b00000] [send] via NET/IBext/4
ip-0A230406:19906:20565 [4] NCCL INFO Channel 00/0 : 7[b00000] -> 6[b00000] [send] via NET/IBext/4
ip-0A230413:83847:84507 [4] NCCL INFO Channel 00/0 : 6[b00000] -> 4[b00000] [receive] via NET/IBext/4
ip-0A230413:83847:84507 [4] NCCL INFO Channel 00/0 : 4[b00000] -> 2[b00000] [send] via NET/IBext/4
ip-0A230407:72999:73663 [4] NCCL INFO Channel 00/0 : 12[b00000] -> 10[b00000] [send] via NET/IBext/4
ip-0A23041A:32596:33250 [4] NCCL INFO Channel 00/0 : 10[b00000] -> 9[b00000] [receive] via NET/IBext/4
ip-0A23041A:32596:33250 [4] NCCL INFO Channel 01/0 : 10[b00000] -> 9[b00000] [receive] via NET/IBext/4
ip-0A23041A:32596:33250 [4] NCCL INFO Channel 01/0 : 9[b00000] -> 8[b00000] [send] via NET/IBext/4
ip-0A230405:35343:36003 [4] NCCL INFO Channel 00/0 : 11[b00000] -> 10[b00000] [send] via NET/IBext/4
ip-0A230414:37005:37652 [4] NCCL INFO Channel 00/0 : 6[b00000] -> 5[b00000] [receive] via NET/IBext/4
ip-0A23040F:1523:2212 [4] NCCL INFO Channel 00/0 : 2[b00000] -> 1[b00000] [receive] via NET/IBext/4
ip-0A230414:37005:37652 [4] NCCL INFO Channel 01/0 : 6[b00000] -> 5[b00000] [receive] via NET/IBext/4
ip-0A230414:37005:37652 [4] NCCL INFO Channel 01/0 : 5[b00000] -> 4[b00000] [send] via NET/IBext/4
ip-0A230417:73131:73791 [4] NCCL INFO Channel 00/0 : 7[b00000] -> 6[b00000] [receive] via NET/IBext/4
ip-0A230417:73131:73791 [4] NCCL INFO Channel 00/0 : 6[b00000] -> 5[b00000] [send] via NET/IBext/4
ip-0A230417:73131:73791 [4] NCCL INFO Channel 01/0 : 6[b00000] -> 5[b00000] [send] via NET/IBext/4
ip-0A230412:39993:40648 [4] NCCL INFO Channel 00/0 : 3[b00000] -> 2[b00000] [send] via NET/IBext/4
ip-0A230410:70719:71381 [4] NCCL INFO Channel 00/0 : 3[b00000] -> 2[b00000] [receive] via NET/IBext/4
ip-0A230410:70719:71381 [4] NCCL INFO Channel 00/0 : 2[b00000] -> 1[b00000] [send] via NET/IBext/4
ip-0A230410:70719:71381 [4] NCCL INFO Channel 01/0 : 2[b00000] -> 1[b00000] [send] via NET/IBext/4
ip-0A230413:83847:84507 [4] NCCL INFO Channel 01/0 : 5[b00000] -> 4[b00000] [receive] via NET/IBext/4
ip-0A230406:19906:20565 [4] NCCL INFO Connected all trees
ip-0A230406:19906:20565 [4] NCCL INFO CollNet 00 : 7 [receive] via COLLNET/SHARP/4
ip-0A230412:39993:40648 [4] NCCL INFO Connected all trees
ip-0A230412:39993:40648 [4] NCCL INFO CollNet 00 : 3 [receive] via COLLNET/SHARP/4
ip-0A230413:83847:84507 [4] NCCL INFO Connected all trees
ip-0A230413:83847:84507 [4] NCCL INFO CollNet 00 : 4 [receive] via COLLNET/SHARP/4
ip-0A230417:73131:73791 [4] NCCL INFO Connected all trees
ip-0A230414:37005:37652 [4] NCCL INFO Connected all trees
ip-0A23040E:83000:83648 [4] NCCL INFO Channel 00/0 : 15[b00000] -> 14[b00000] [receive] via NET/IBext/4
ip-0A23040E:83000:83648 [4] NCCL INFO Channel 00/0 : 14[b00000] -> 13[b00000] [send] via NET/IBext/4
ip-0A23040E:83000:83648 [4] NCCL INFO Channel 01/0 : 14[b00000] -> 13[b00000] [send] via NET/IBext/4
ip-0A23041D:38317:38965 [4] NCCL INFO Channel 00/0 : 11[b00000] -> 10[b00000] [receive] via NET/IBext/4
ip-0A23041D:38317:38965 [4] NCCL INFO Channel 00/0 : 10[b00000] -> 9[b00000] [send] via NET/IBext/4
ip-0A23041D:38317:38965 [4] NCCL INFO Channel 01/0 : 10[b00000] -> 9[b00000] [send] via NET/IBext/4
ip-0A23040C:81370:82036 [4] NCCL INFO Connected all trees
ip-0A230407:72999:73663 [4] NCCL INFO Channel 01/0 : 13[b00000] -> 12[b00000] [receive] via NET/IBext/4
ip-0A23040F:1523:2212 [4] NCCL INFO Channel 01/0 : 2[b00000] -> 1[b00000] [receive] via NET/IBext/4
ip-0A23040F:1523:2212 [4] NCCL INFO Channel 01/0 : 1[b00000] -> 0[b00000] [send] via NET/IBext/4
ip-0A230405:35343:36003 [4] NCCL INFO Connected all trees
ip-0A230408:81445:82091 [4] NCCL INFO Connected all trees
ip-0A230408:81445:82091 [4] NCCL INFO CollNet 00 : 8 [receive] via COLLNET/SHARP/4
ip-0A230407:72999:73663 [4] NCCL INFO Connected all trees
ip-0A230407:72999:73663 [4] NCCL INFO CollNet 00 : 12 [receive] via COLLNET/SHARP/4
ip-0A23040E:83000:83648 [4] NCCL INFO Connected all trees
ip-0A23040D:46867:47527 [4] NCCL INFO Connected all trees
ip-0A23040D:46867:47527 [4] NCCL INFO CollNet 00 : 0 [receive] via COLLNET/SHARP/4
ip-0A23041D:38317:38965 [4] NCCL INFO Connected all trees
ip-0A23041A:32596:33250 [4] NCCL INFO Connected all trees
ip-0A23040B:56453:57102 [4] NCCL INFO Connected all trees
ip-0A23040F:1523:2212 [4] NCCL INFO Connected all trees
ip-0A230410:70719:71381 [4] NCCL INFO Connected all trees
ip-0A230417:73131:73791 [4] NCCL INFO CollNet 00 : 6 [receive] via COLLNET/SHARP/4
ip-0A230414:37005:37652 [4] NCCL INFO CollNet 00 : 5 [receive] via COLLNET/SHARP/4
ip-0A23040C:81370:82036 [4] NCCL INFO CollNet 00 : 15 [receive] via COLLNET/SHARP/4
ip-0A230405:35343:36003 [4] NCCL INFO CollNet 00 : 11 [receive] via COLLNET/SHARP/4
ip-0A23040E:83000:83648 [4] NCCL INFO CollNet 00 : 14 [receive] via COLLNET/SHARP/4
ip-0A23041D:38317:38965 [4] NCCL INFO CollNet 00 : 10 [receive] via COLLNET/SHARP/4
ip-0A23041A:32596:33250 [4] NCCL INFO CollNet 00 : 9 [receive] via COLLNET/SHARP/4
ip-0A23040F:1523:2212 [4] NCCL INFO CollNet 00 : 1 [receive] via COLLNET/SHARP/4
ip-0A230410:70719:71381 [4] NCCL INFO CollNet 00 : 2 [receive] via COLLNET/SHARP/4
ip-0A23040B:56453:57102 [4] NCCL INFO CollNet 00 : 13 [receive] via COLLNET/SHARP/4
