ip-0A23040F:69902:70517 [1] transport.cc:253 NCCL WARN Cannot initialize CollNet, using point-to-point network instead
ip-0A23040F:69902:70517 [1] NCCL INFO init.cc:765 -> 2
ip-0A230407:43502:44119 [1] NCCL INFO threadThresholds 8/8/64 | 128/8/64 | 8/8/512
ip-0A230407:43502:44119 [1] NCCL INFO 2 coll channels, 2 p2p channels, 2 p2p channels per peer
ip-0A23041A:3160:3792 [1] NCCL INFO threadThresholds 8/8/64 | 128/8/64 | 8/8/512
ip-0A23041A:3160:3792 [1] NCCL INFO 2 coll channels, 2 p2p channels, 2 p2p channels per peer
ip-0A230417:43843:44447 [1] NCCL INFO 2 coll channels, 2 p2p channels, 2 p2p channels per peer
ip-0A230406:90212:90821 [1] NCCL INFO transport.cc:222 -> 2

ip-0A230406:90212:90821 [1] transport.cc:253 NCCL WARN Cannot initialize CollNet, using point-to-point network instead
ip-0A230406:90212:90821 [1] NCCL INFO init.cc:765 -> 2
ip-0A23040E:53300:53909 [1] NCCL INFO 2 coll channels, 2 p2p channels, 2 p2p channels per peer
ip-0A23040F:69902:70517 [1] NCCL INFO threadThresholds 8/8/64 | 128/8/64 | 8/8/512
ip-0A23040F:69902:70517 [1] NCCL INFO 2 coll channels, 2 p2p channels, 2 p2p channels per peer
ip-0A23040B:27230:27843 [1] NCCL INFO transport.cc:222 -> 2

ip-0A23040B:27230:27843 [1] transport.cc:253 NCCL WARN Cannot initialize CollNet, using point-to-point network instead
ip-0A230406:90212:90821 [1] NCCL INFO threadThresholds 8/8/64 | 128/8/64 | 8/8/512
ip-0A230406:90212:90821 [1] NCCL INFO 2 coll channels, 2 p2p channels, 2 p2p channels per peer
ip-0A230413:54323:54938 [1] NCCL INFO transport.cc:222 -> 2

ip-0A230413:54323:54938 [1] transport.cc:253 NCCL WARN Cannot initialize CollNet, using point-to-point network instead
ip-0A230413:54323:54938 [1] NCCL INFO init.cc:765 -> 2
ip-0A230413:54323:54938 [1] NCCL INFO threadThresholds 8/8/64 | 128/8/64 | 8/8/512
ip-0A230413:54323:54938 [1] NCCL INFO 2 coll channels, 2 p2p channels, 2 p2p channels per peer
ip-0A23040B:27230:27843 [1] NCCL INFO init.cc:765 -> 2
ip-0A23040B:27230:27843 [1] NCCL INFO threadThresholds 8/8/64 | 128/8/64 | 8/8/512
ip-0A23040B:27230:27843 [1] NCCL INFO 2 coll channels, 2 p2p channels, 2 p2p channels per peer
ip-0A230408:54273:54884 [1] NCCL INFO transport.cc:222 -> 2

ip-0A230408:54273:54884 [1] transport.cc:253 NCCL WARN Cannot initialize CollNet, using point-to-point network instead
ip-0A230408:54273:54884 [1] NCCL INFO init.cc:765 -> 2
ip-0A230414:7019:7631 [1] NCCL INFO transport.cc:222 -> 2

ip-0A230414:7019:7631 [1] transport.cc:253 NCCL WARN Cannot initialize CollNet, using point-to-point network instead
ip-0A230414:7019:7631 [1] NCCL INFO init.cc:765 -> 2
ip-0A230408:54273:54884 [1] NCCL INFO threadThresholds 8/8/64 | 128/8/64 | 8/8/512
ip-0A230410:41405:42017 [1] NCCL INFO transport.cc:222 -> 2

ip-0A230410:41405:42017 [1] transport.cc:253 NCCL WARN Cannot initialize CollNet, using point-to-point network instead
ip-0A230410:41405:42017 [1] NCCL INFO init.cc:765 -> 2
ip-0A230414:7019:7631 [1] NCCL INFO threadThresholds 8/8/64 | 128/8/64 | 8/8/512
ip-0A230414:7019:7631 [1] NCCL INFO 2 coll channels, 2 p2p channels, 2 p2p channels per peer
ip-0A23041D:8929:9537 [1] NCCL INFO transport.cc:222 -> 2
ip-0A230408:54273:54884 [1] NCCL INFO 2 coll channels, 2 p2p channels, 2 p2p channels per peer
ip-0A230410:41405:42017 [1] NCCL INFO threadThresholds 8/8/64 | 128/8/64 | 8/8/512

ip-0A23041D:8929:9537 [1] transport.cc:253 NCCL WARN Cannot initialize CollNet, using point-to-point network instead
ip-0A23041D:8929:9537 [1] NCCL INFO init.cc:765 -> 2
ip-0A23041D:8929:9537 [1] NCCL INFO threadThresholds 8/8/64 | 128/8/64 | 8/8/512
ip-0A23041D:8929:9537 [1] NCCL INFO 2 coll channels, 2 p2p channels, 2 p2p channels per peer
ip-0A230410:41405:42017 [1] NCCL INFO 2 coll channels, 2 p2p channels, 2 p2p channels per peer
ip-0A230412:10816:11432 [1] NCCL INFO transport.cc:222 -> 2

ip-0A230412:10816:11432 [1] transport.cc:253 NCCL WARN Cannot initialize CollNet, using point-to-point network instead
ip-0A230412:10816:11432 [1] NCCL INFO init.cc:765 -> 2
ip-0A230412:10816:11432 [1] NCCL INFO threadThresholds 8/8/64 | 128/8/64 | 8/8/512
ip-0A230412:10816:11432 [1] NCCL INFO 2 coll channels, 2 p2p channels, 2 p2p channels per peer
ip-0A230405:5721:6339 [1] NCCL INFO comm 0x154264008fb0 rank 11 nranks 16 cudaDev 1 busId 200000 - Init COMPLETE
ip-0A230417:43843:44447 [1] NCCL INFO comm 0x152678008fb0 rank 6 nranks 16 cudaDev 1 busId 200000 - Init COMPLETE
ip-0A23040B:27230:27843 [1] NCCL INFO comm 0x1513b0008fb0 rank 13 nranks 16 cudaDev 1 busId 200000 - Init COMPLETE
ip-0A23040E:53300:53909 [1] NCCL INFO comm 0x148e20008fb0 rank 14 nranks 16 cudaDev 1 busId 200000 - Init COMPLETE
ip-0A23041D:8929:9537 [1] NCCL INFO comm 0x14e430008fb0 rank 10 nranks 16 cudaDev 1 busId 200000 - Init COMPLETE
ip-0A230410:41405:42017 [1] NCCL INFO comm 0x14de24008fb0 rank 2 nranks 16 cudaDev 1 busId 200000 - Init COMPLETE
ip-0A230414:7019:7631 [1] NCCL INFO comm 0x14c5c8008fb0 rank 5 nranks 16 cudaDev 1 busId 200000 - Init COMPLETE
ip-0A23040F:69902:70517 [1] NCCL INFO comm 0x14876c008fb0 rank 1 nranks 16 cudaDev 1 busId 200000 - Init COMPLETE
ip-0A23041A:3160:3792 [1] NCCL INFO comm 0x14c6d4008fb0 rank 9 nranks 16 cudaDev 1 busId 200000 - Init COMPLETE
ip-0A230408:54273:54884 [1] NCCL INFO comm 0x14e040008fb0 rank 8 nranks 16 cudaDev 1 busId 200000 - Init COMPLETE
ip-0A230412:10816:11432 [1] NCCL INFO comm 0x145f70008fb0 rank 3 nranks 16 cudaDev 1 busId 200000 - Init COMPLETE
ip-0A230407:43502:44119 [1] NCCL INFO comm 0x14a4d4008fb0 rank 12 nranks 16 cudaDev 1 busId 200000 - Init COMPLETE
ip-0A230413:54323:54938 [1] NCCL INFO comm 0x146610008fb0 rank 4 nranks 16 cudaDev 1 busId 200000 - Init COMPLETE
ip-0A230406:90212:90821 [1] NCCL INFO comm 0x1506cc008fb0 rank 7 nranks 16 cudaDev 1 busId 200000 - Init COMPLETE
ip-0A23040C:52194:52800 [1] NCCL INFO comm 0x1479d8008fb0 rank 15 nranks 16 cudaDev 1 busId 200000 - Init COMPLETE
ip-0A23040D:13933:14540 [1] NCCL INFO Sharp rank 0/16 initialized on mlx5_ib1:1

ip-0A23040D:13933:14540 [1] sharp_plugin.c:288 NCCL WARN NET/IB :SHARP coll init error: Cannot create SHArP job(-11)

ip-0A23040D:13933:14540 [1] NCCL INFO include/coll_net.h:21 -> 3
ip-0A23040D:13933:14539 [1] NCCL INFO transport.cc:222 -> 2

ip-0A23040D:13933:14539 [1] transport.cc:253 NCCL WARN Cannot initialize CollNet, using point-to-point network instead
ip-0A23040D:13933:14539 [1] NCCL INFO init.cc:765 -> 2
ip-0A23040D:13933:14539 [1] NCCL INFO threadThresholds 8/8/64 | 128/8/64 | 8/8/512
ip-0A23040D:13933:14539 [1] NCCL INFO 2 coll channels, 2 p2p channels, 2 p2p channels per peer
ip-0A23040D:13933:14539 [1] NCCL INFO comm 0x15048c008fb0 rank 0 nranks 16 cudaDev 1 busId 200000 - Init COMPLETE
ip-0A23040D:13933:13933 [1] NCCL INFO Launch mode Parallel
ip-0A23040D:13932:13932 [2] NCCL INFO Bootstrap : Using eth0:10.35.4.13<0>
ip-0A23040D:13932:13932 [2] NCCL INFO NET/Plugin: Failed to find ncclNetPlugin_v5 symbol.
ip-0A23040D:13932:13932 [2] NCCL INFO NET/Plugin: Failed to find ncclCollNetPlugin_v5 symbol.
ip-0A23040D:13932:13932 [2] NCCL INFO Plugin Path : /opt/hpcx/nccl_rdma_sharp_plugin/lib/libnccl-net.so
ip-0A23040D:13932:13932 [2] NCCL INFO P2P plugin IBext
ip-0A23040D:13932:13932 [2] NCCL INFO NCCL_IB_PCI_RELAXED_ORDERING set by environment to 1.
ip-0A23040D:13932:13932 [2] NCCL INFO NET/IB : Using [0]mlx5_ib0:1/IB/SHARP [1]mlx5_ib1:1/IB/SHARP [2]mlx5_ib2:1/IB/SHARP [3]mlx5_ib3:1/IB/SHARP [4]mlx5_ib4:1/IB/SHARP [5]mlx5_ib5:1/IB/SHARP [6]mlx5_ib6:1/IB/SHARP [7]mlx5_ib7:1/IB/SHARP ; OOB eth0:10.35.4.13<0>
ip-0A23040D:13932:13932 [2] NCCL INFO Using network IBext
NCCL version 2.12.10+cuda11.6
ip-0A23040E:53299:53299 [2] NCCL INFO Bootstrap : Using eth0:10.35.4.14<0>
ip-0A230410:41408:41408 [2] NCCL INFO Bootstrap : Using eth0:10.35.4.16<0>
ip-0A230414:7016:7016 [2] NCCL INFO Bootstrap : Using eth0:10.35.4.20<0>
ip-0A23041A:3164:3164 [2] NCCL INFO Bootstrap : Using eth0:10.35.4.26<0>
ip-0A23040C:52186:52186 [2] NCCL INFO Bootstrap : Using eth0:10.35.4.12<0>
ip-0A230408:54268:54268 [2] NCCL INFO Bootstrap : Using eth0:10.35.4.8<0>
ip-0A230413:54326:54326 [2] NCCL INFO Bootstrap : Using eth0:10.35.4.19<0>
ip-0A230405:5724:5724 [2] NCCL INFO Bootstrap : Using eth0:10.35.4.5<0>
ip-0A230407:43508:43508 [2] NCCL INFO Bootstrap : Using eth0:10.35.4.7<0>
ip-0A23040B:27229:27229 [2] NCCL INFO Bootstrap : Using eth0:10.35.4.11<0>
ip-0A230417:43840:43840 [2] NCCL INFO Bootstrap : Using eth0:10.35.4.23<0>
ip-0A23040F:69903:69903 [2] NCCL INFO Bootstrap : Using eth0:10.35.4.15<0>
ip-0A230412:10822:10822 [2] NCCL INFO Bootstrap : Using eth0:10.35.4.18<0>
ip-0A23041D:8931:8931 [2] NCCL INFO Bootstrap : Using eth0:10.35.4.29<0>
ip-0A230406:90206:90206 [2] NCCL INFO Bootstrap : Using eth0:10.35.4.6<0>
ip-0A230414:7016:7016 [2] NCCL INFO NET/Plugin: Failed to find ncclNetPlugin_v5 symbol.
ip-0A230414:7016:7016 [2] NCCL INFO NET/Plugin: Failed to find ncclCollNetPlugin_v5 symbol.
ip-0A230414:7016:7016 [2] NCCL INFO Plugin Path : /opt/hpcx/nccl_rdma_sharp_plugin/lib/libnccl-net.so
ip-0A230414:7016:7016 [2] NCCL INFO P2P plugin IBext
ip-0A230414:7016:7016 [2] NCCL INFO NCCL_IB_PCI_RELAXED_ORDERING set by environment to 1.
ip-0A23041A:3164:3164 [2] NCCL INFO NET/Plugin: Failed to find ncclNetPlugin_v5 symbol.
ip-0A23041A:3164:3164 [2] NCCL INFO NET/Plugin: Failed to find ncclCollNetPlugin_v5 symbol.
ip-0A23041A:3164:3164 [2] NCCL INFO Plugin Path : /opt/hpcx/nccl_rdma_sharp_plugin/lib/libnccl-net.so
ip-0A23041A:3164:3164 [2] NCCL INFO P2P plugin IBext
ip-0A23041A:3164:3164 [2] NCCL INFO NCCL_IB_PCI_RELAXED_ORDERING set by environment to 1.
ip-0A23040C:52186:52186 [2] NCCL INFO NET/Plugin: Failed to find ncclNetPlugin_v5 symbol.
ip-0A23040C:52186:52186 [2] NCCL INFO NET/Plugin: Failed to find ncclCollNetPlugin_v5 symbol.
ip-0A230408:54268:54268 [2] NCCL INFO NET/Plugin: Failed to find ncclNetPlugin_v5 symbol.
ip-0A230408:54268:54268 [2] NCCL INFO NET/Plugin: Failed to find ncclCollNetPlugin_v5 symbol.
ip-0A23040C:52186:52186 [2] NCCL INFO Plugin Path : /opt/hpcx/nccl_rdma_sharp_plugin/lib/libnccl-net.so
ip-0A23040C:52186:52186 [2] NCCL INFO P2P plugin IBext
ip-0A23040C:52186:52186 [2] NCCL INFO NCCL_IB_PCI_RELAXED_ORDERING set by environment to 1.
ip-0A230408:54268:54268 [2] NCCL INFO Plugin Path : /opt/hpcx/nccl_rdma_sharp_plugin/lib/libnccl-net.so
ip-0A230408:54268:54268 [2] NCCL INFO P2P plugin IBext
ip-0A230408:54268:54268 [2] NCCL INFO NCCL_IB_PCI_RELAXED_ORDERING set by environment to 1.
ip-0A23040E:53299:53299 [2] NCCL INFO NET/Plugin: Failed to find ncclNetPlugin_v5 symbol.
ip-0A23040E:53299:53299 [2] NCCL INFO NET/Plugin: Failed to find ncclCollNetPlugin_v5 symbol.
ip-0A230410:41408:41408 [2] NCCL INFO NET/Plugin: Failed to find ncclNetPlugin_v5 symbol.
ip-0A230410:41408:41408 [2] NCCL INFO NET/Plugin: Failed to find ncclCollNetPlugin_v5 symbol.
ip-0A23040E:53299:53299 [2] NCCL INFO Plugin Path : /opt/hpcx/nccl_rdma_sharp_plugin/lib/libnccl-net.so
ip-0A23040E:53299:53299 [2] NCCL INFO P2P plugin IBext
ip-0A23040E:53299:53299 [2] NCCL INFO NCCL_IB_PCI_RELAXED_ORDERING set by environment to 1.
ip-0A230407:43508:43508 [2] NCCL INFO NET/Plugin: Failed to find ncclNetPlugin_v5 symbol.
ip-0A230407:43508:43508 [2] NCCL INFO NET/Plugin: Failed to find ncclCollNetPlugin_v5 symbol.
ip-0A230410:41408:41408 [2] NCCL INFO Plugin Path : /opt/hpcx/nccl_rdma_sharp_plugin/lib/libnccl-net.so
ip-0A230410:41408:41408 [2] NCCL INFO P2P plugin IBext
ip-0A230410:41408:41408 [2] NCCL INFO NCCL_IB_PCI_RELAXED_ORDERING set by environment to 1.
ip-0A230407:43508:43508 [2] NCCL INFO Plugin Path : /opt/hpcx/nccl_rdma_sharp_plugin/lib/libnccl-net.so
ip-0A230407:43508:43508 [2] NCCL INFO P2P plugin IBext
ip-0A230407:43508:43508 [2] NCCL INFO NCCL_IB_PCI_RELAXED_ORDERING set by environment to 1.
ip-0A230413:54326:54326 [2] NCCL INFO NET/Plugin: Failed to find ncclNetPlugin_v5 symbol.
ip-0A230413:54326:54326 [2] NCCL INFO NET/Plugin: Failed to find ncclCollNetPlugin_v5 symbol.
ip-0A230413:54326:54326 [2] NCCL INFO Plugin Path : /opt/hpcx/nccl_rdma_sharp_plugin/lib/libnccl-net.so
ip-0A230413:54326:54326 [2] NCCL INFO P2P plugin IBext
ip-0A230413:54326:54326 [2] NCCL INFO NCCL_IB_PCI_RELAXED_ORDERING set by environment to 1.
ip-0A23040B:27229:27229 [2] NCCL INFO NET/Plugin: Failed to find ncclNetPlugin_v5 symbol.
ip-0A23040B:27229:27229 [2] NCCL INFO NET/Plugin: Failed to find ncclCollNetPlugin_v5 symbol.
ip-0A23040B:27229:27229 [2] NCCL INFO Plugin Path : /opt/hpcx/nccl_rdma_sharp_plugin/lib/libnccl-net.so
ip-0A23040B:27229:27229 [2] NCCL INFO P2P plugin IBext
ip-0A23040B:27229:27229 [2] NCCL INFO NCCL_IB_PCI_RELAXED_ORDERING set by environment to 1.
ip-0A230417:43840:43840 [2] NCCL INFO NET/Plugin: Failed to find ncclNetPlugin_v5 symbol.
ip-0A230417:43840:43840 [2] NCCL INFO NET/Plugin: Failed to find ncclCollNetPlugin_v5 symbol.
ip-0A230417:43840:43840 [2] NCCL INFO Plugin Path : /opt/hpcx/nccl_rdma_sharp_plugin/lib/libnccl-net.so
ip-0A230417:43840:43840 [2] NCCL INFO P2P plugin IBext
ip-0A230417:43840:43840 [2] NCCL INFO NCCL_IB_PCI_RELAXED_ORDERING set by environment to 1.
ip-0A230412:10822:10822 [2] NCCL INFO NET/Plugin: Failed to find ncclNetPlugin_v5 symbol.
ip-0A230412:10822:10822 [2] NCCL INFO NET/Plugin: Failed to find ncclCollNetPlugin_v5 symbol.
ip-0A230412:10822:10822 [2] NCCL INFO Plugin Path : /opt/hpcx/nccl_rdma_sharp_plugin/lib/libnccl-net.so
ip-0A230412:10822:10822 [2] NCCL INFO P2P plugin IBext
ip-0A230412:10822:10822 [2] NCCL INFO NCCL_IB_PCI_RELAXED_ORDERING set by environment to 1.
ip-0A23040F:69903:69903 [2] NCCL INFO NET/Plugin: Failed to find ncclNetPlugin_v5 symbol.
ip-0A23040F:69903:69903 [2] NCCL INFO NET/Plugin: Failed to find ncclCollNetPlugin_v5 symbol.
ip-0A230405:5724:5724 [2] NCCL INFO NET/Plugin: Failed to find ncclNetPlugin_v5 symbol.
ip-0A230405:5724:5724 [2] NCCL INFO NET/Plugin: Failed to find ncclCollNetPlugin_v5 symbol.
ip-0A23040F:69903:69903 [2] NCCL INFO Plugin Path : /opt/hpcx/nccl_rdma_sharp_plugin/lib/libnccl-net.so
ip-0A23040F:69903:69903 [2] NCCL INFO P2P plugin IBext
ip-0A23040F:69903:69903 [2] NCCL INFO NCCL_IB_PCI_RELAXED_ORDERING set by environment to 1.
ip-0A230405:5724:5724 [2] NCCL INFO Plugin Path : /opt/hpcx/nccl_rdma_sharp_plugin/lib/libnccl-net.so
ip-0A230405:5724:5724 [2] NCCL INFO P2P plugin IBext
ip-0A230405:5724:5724 [2] NCCL INFO NCCL_IB_PCI_RELAXED_ORDERING set by environment to 1.
ip-0A23041D:8931:8931 [2] NCCL INFO NET/Plugin: Failed to find ncclNetPlugin_v5 symbol.
ip-0A23041D:8931:8931 [2] NCCL INFO NET/Plugin: Failed to find ncclCollNetPlugin_v5 symbol.
ip-0A23041D:8931:8931 [2] NCCL INFO Plugin Path : /opt/hpcx/nccl_rdma_sharp_plugin/lib/libnccl-net.so
ip-0A23041D:8931:8931 [2] NCCL INFO P2P plugin IBext
ip-0A23041D:8931:8931 [2] NCCL INFO NCCL_IB_PCI_RELAXED_ORDERING set by environment to 1.
ip-0A230406:90206:90206 [2] NCCL INFO NET/Plugin: Failed to find ncclNetPlugin_v5 symbol.
ip-0A230406:90206:90206 [2] NCCL INFO NET/Plugin: Failed to find ncclCollNetPlugin_v5 symbol.
ip-0A230406:90206:90206 [2] NCCL INFO Plugin Path : /opt/hpcx/nccl_rdma_sharp_plugin/lib/libnccl-net.so
ip-0A230406:90206:90206 [2] NCCL INFO P2P plugin IBext
ip-0A230406:90206:90206 [2] NCCL INFO NCCL_IB_PCI_RELAXED_ORDERING set by environment to 1.
ip-0A230414:7016:7016 [2] NCCL INFO NET/IB : Using [0]mlx5_ib0:1/IB/SHARP [1]mlx5_ib1:1/IB/SHARP [2]mlx5_ib2:1/IB/SHARP [3]mlx5_ib3:1/IB/SHARP [4]mlx5_ib4:1/IB/SHARP [5]mlx5_ib5:1/IB/SHARP [6]mlx5_ib6:1/IB/SHARP [7]mlx5_ib7:1/IB/SHARP ; OOB eth0:10.35.4.20<0>
ip-0A230414:7016:7016 [2] NCCL INFO Using network IBext
ip-0A23041A:3164:3164 [2] NCCL INFO NET/IB : Using [0]mlx5_ib0:1/IB/SHARP [1]mlx5_ib1:1/IB/SHARP [2]mlx5_ib2:1/IB/SHARP [3]mlx5_ib3:1/IB/SHARP [4]mlx5_ib4:1/IB/SHARP [5]mlx5_ib5:1/IB/SHARP [6]mlx5_ib6:1/IB/SHARP [7]mlx5_ib7:1/IB/SHARP ; OOB eth0:10.35.4.26<0>
ip-0A23041A:3164:3164 [2] NCCL INFO Using network IBext
ip-0A230408:54268:54268 [2] NCCL INFO NET/IB : Using [0]mlx5_ib0:1/IB/SHARP [1]mlx5_ib1:1/IB/SHARP [2]mlx5_ib2:1/IB/SHARP [3]mlx5_ib3:1/IB/SHARP [4]mlx5_ib4:1/IB/SHARP [5]mlx5_ib5:1/IB/SHARP [6]mlx5_ib6:1/IB/SHARP [7]mlx5_ib7:1/IB/SHARP ; OOB eth0:10.35.4.8<0>
ip-0A230408:54268:54268 [2] NCCL INFO Using network IBext
ip-0A23040C:52186:52186 [2] NCCL INFO NET/IB : Using [0]mlx5_ib0:1/IB/SHARP [1]mlx5_ib1:1/IB/SHARP [2]mlx5_ib2:1/IB/SHARP [3]mlx5_ib3:1/IB/SHARP [4]mlx5_ib4:1/IB/SHARP [5]mlx5_ib5:1/IB/SHARP [6]mlx5_ib6:1/IB/SHARP [7]mlx5_ib7:1/IB/SHARP ; OOB eth0:10.35.4.12<0>
ip-0A23040C:52186:52186 [2] NCCL INFO Using network IBext
ip-0A23040E:53299:53299 [2] NCCL INFO NET/IB : Using [0]mlx5_ib0:1/IB/SHARP [1]mlx5_ib1:1/IB/SHARP [2]mlx5_ib2:1/IB/SHARP [3]mlx5_ib3:1/IB/SHARP [4]mlx5_ib4:1/IB/SHARP [5]mlx5_ib5:1/IB/SHARP [6]mlx5_ib6:1/IB/SHARP [7]mlx5_ib7:1/IB/SHARP ; OOB eth0:10.35.4.14<0>
ip-0A23040E:53299:53299 [2] NCCL INFO Using network IBext
ip-0A230410:41408:41408 [2] NCCL INFO NET/IB : Using [0]mlx5_ib0:1/IB/SHARP [1]mlx5_ib1:1/IB/SHARP [2]mlx5_ib2:1/IB/SHARP [3]mlx5_ib3:1/IB/SHARP [4]mlx5_ib4:1/IB/SHARP [5]mlx5_ib5:1/IB/SHARP [6]mlx5_ib6:1/IB/SHARP [7]mlx5_ib7:1/IB/SHARP ; OOB eth0:10.35.4.16<0>
ip-0A230410:41408:41408 [2] NCCL INFO Using network IBext
ip-0A230413:54326:54326 [2] NCCL INFO NET/IB : Using [0]mlx5_ib0:1/IB/SHARP [1]mlx5_ib1:1/IB/SHARP [2]mlx5_ib2:1/IB/SHARP [3]mlx5_ib3:1/IB/SHARP [4]mlx5_ib4:1/IB/SHARP [5]mlx5_ib5:1/IB/SHARP [6]mlx5_ib6:1/IB/SHARP [7]mlx5_ib7:1/IB/SHARP ; OOB eth0:10.35.4.19<0>
ip-0A230413:54326:54326 [2] NCCL INFO Using network IBext
ip-0A230407:43508:43508 [2] NCCL INFO NET/IB : Using [0]mlx5_ib0:1/IB/SHARP [1]mlx5_ib1:1/IB/SHARP [2]mlx5_ib2:1/IB/SHARP [3]mlx5_ib3:1/IB/SHARP [4]mlx5_ib4:1/IB/SHARP [5]mlx5_ib5:1/IB/SHARP [6]mlx5_ib6:1/IB/SHARP [7]mlx5_ib7:1/IB/SHARP ; OOB eth0:10.35.4.7<0>
ip-0A230407:43508:43508 [2] NCCL INFO Using network IBext
ip-0A23040B:27229:27229 [2] NCCL INFO NET/IB : Using [0]mlx5_ib0:1/IB/SHARP [1]mlx5_ib1:1/IB/SHARP [2]mlx5_ib2:1/IB/SHARP [3]mlx5_ib3:1/IB/SHARP [4]mlx5_ib4:1/IB/SHARP [5]mlx5_ib5:1/IB/SHARP [6]mlx5_ib6:1/IB/SHARP [7]mlx5_ib7:1/IB/SHARP ; OOB eth0:10.35.4.11<0>
ip-0A23040B:27229:27229 [2] NCCL INFO Using network IBext
ip-0A23040F:69903:69903 [2] NCCL INFO NET/IB : Using [0]mlx5_ib0:1/IB/SHARP [1]mlx5_ib1:1/IB/SHARP [2]mlx5_ib2:1/IB/SHARP [3]mlx5_ib3:1/IB/SHARP [4]mlx5_ib4:1/IB/SHARP [5]mlx5_ib5:1/IB/SHARP [6]mlx5_ib6:1/IB/SHARP [7]mlx5_ib7:1/IB/SHARP ; OOB eth0:10.35.4.15<0>
ip-0A23040F:69903:69903 [2] NCCL INFO Using network IBext
ip-0A230405:5724:5724 [2] NCCL INFO NET/IB : Using [0]mlx5_ib0:1/IB/SHARP [1]mlx5_ib1:1/IB/SHARP [2]mlx5_ib2:1/IB/SHARP [3]mlx5_ib3:1/IB/SHARP [4]mlx5_ib4:1/IB/SHARP [5]mlx5_ib5:1/IB/SHARP [6]mlx5_ib6:1/IB/SHARP [7]mlx5_ib7:1/IB/SHARP ; OOB eth0:10.35.4.5<0>
ip-0A230405:5724:5724 [2] NCCL INFO Using network IBext
ip-0A230417:43840:43840 [2] NCCL INFO NET/IB : Using [0]mlx5_ib0:1/IB/SHARP [1]mlx5_ib1:1/IB/SHARP [2]mlx5_ib2:1/IB/SHARP [3]mlx5_ib3:1/IB/SHARP [4]mlx5_ib4:1/IB/SHARP [5]mlx5_ib5:1/IB/SHARP [6]mlx5_ib6:1/IB/SHARP [7]mlx5_ib7:1/IB/SHARP ; OOB eth0:10.35.4.23<0>
ip-0A230417:43840:43840 [2] NCCL INFO Using network IBext
ip-0A230412:10822:10822 [2] NCCL INFO NET/IB : Using [0]mlx5_ib0:1/IB/SHARP [1]mlx5_ib1:1/IB/SHARP [2]mlx5_ib2:1/IB/SHARP [3]mlx5_ib3:1/IB/SHARP [4]mlx5_ib4:1/IB/SHARP [5]mlx5_ib5:1/IB/SHARP [6]mlx5_ib6:1/IB/SHARP [7]mlx5_ib7:1/IB/SHARP ; OOB eth0:10.35.4.18<0>
ip-0A230412:10822:10822 [2] NCCL INFO Using network IBext
ip-0A23041D:8931:8931 [2] NCCL INFO NET/IB : Using [0]mlx5_ib0:1/IB/SHARP [1]mlx5_ib1:1/IB/SHARP [2]mlx5_ib2:1/IB/SHARP [3]mlx5_ib3:1/IB/SHARP [4]mlx5_ib4:1/IB/SHARP [5]mlx5_ib5:1/IB/SHARP [6]mlx5_ib6:1/IB/SHARP [7]mlx5_ib7:1/IB/SHARP ; OOB eth0:10.35.4.29<0>
ip-0A23041D:8931:8931 [2] NCCL INFO Using network IBext
ip-0A230406:90206:90206 [2] NCCL INFO NET/IB : Using [0]mlx5_ib0:1/IB/SHARP [1]mlx5_ib1:1/IB/SHARP [2]mlx5_ib2:1/IB/SHARP [3]mlx5_ib3:1/IB/SHARP [4]mlx5_ib4:1/IB/SHARP [5]mlx5_ib5:1/IB/SHARP [6]mlx5_ib6:1/IB/SHARP [7]mlx5_ib7:1/IB/SHARP ; OOB eth0:10.35.4.6<0>
ip-0A230406:90206:90206 [2] NCCL INFO Using network IBext
ip-0A230412:10822:11446 [2] NCCL INFO NCCL_P2P_LEVEL set by environment to LOC
ip-0A230412:10822:11446 [2] NCCL INFO PXN Disabled as plugin is v4
ip-0A230412:10822:11446 [2] NCCL INFO Setting affinity for GPU 2 to ffffff
ip-0A23041D:8931:9550 [2] NCCL INFO NCCL_P2P_LEVEL set by environment to LOC
ip-0A230412:10822:11446 [2] NCCL INFO NCCL_COLLNET_ENABLE set by environment to 1.
ip-0A230413:54326:54952 [2] NCCL INFO NCCL_P2P_LEVEL set by environment to LOC
ip-0A23040C:52186:52813 [2] NCCL INFO NCCL_P2P_LEVEL set by environment to LOC
ip-0A23041D:8931:9550 [2] NCCL INFO PXN Disabled as plugin is v4
ip-0A230413:54326:54952 [2] NCCL INFO PXN Disabled as plugin is v4
ip-0A230406:90206:90834 [2] NCCL INFO NCCL_P2P_LEVEL set by environment to LOC
ip-0A23040F:69903:70530 [2] NCCL INFO NCCL_P2P_LEVEL set by environment to LOC
ip-0A23041D:8931:9550 [2] NCCL INFO Setting affinity for GPU 2 to ffffff
ip-0A23040C:52186:52813 [2] NCCL INFO PXN Disabled as plugin is v4
ip-0A230413:54326:54952 [2] NCCL INFO Setting affinity for GPU 2 to ffffff
ip-0A23041D:8931:9550 [2] NCCL INFO NCCL_COLLNET_ENABLE set by environment to 1.
ip-0A23040C:52186:52813 [2] NCCL INFO Setting affinity for GPU 2 to ffffff
ip-0A230413:54326:54952 [2] NCCL INFO NCCL_COLLNET_ENABLE set by environment to 1.
ip-0A23040F:69903:70530 [2] NCCL INFO PXN Disabled as plugin is v4
ip-0A230417:43840:44471 [2] NCCL INFO NCCL_P2P_LEVEL set by environment to LOC
ip-0A230406:90206:90834 [2] NCCL INFO PXN Disabled as plugin is v4
ip-0A23040C:52186:52813 [2] NCCL INFO NCCL_COLLNET_ENABLE set by environment to 1.
ip-0A230406:90206:90834 [2] NCCL INFO Setting affinity for GPU 2 to ffffff
ip-0A23040F:69903:70530 [2] NCCL INFO Setting affinity for GPU 2 to ffffff
ip-0A230417:43840:44471 [2] NCCL INFO PXN Disabled as plugin is v4
ip-0A23040F:69903:70530 [2] NCCL INFO NCCL_COLLNET_ENABLE set by environment to 1.
ip-0A230406:90206:90834 [2] NCCL INFO NCCL_COLLNET_ENABLE set by environment to 1.
ip-0A230417:43840:44471 [2] NCCL INFO Setting affinity for GPU 2 to ffffff
ip-0A23040B:27229:27856 [2] NCCL INFO NCCL_P2P_LEVEL set by environment to LOC
ip-0A230417:43840:44471 [2] NCCL INFO NCCL_COLLNET_ENABLE set by environment to 1.
ip-0A23040E:53299:53922 [2] NCCL INFO NCCL_P2P_LEVEL set by environment to LOC
ip-0A230414:7016:7644 [2] NCCL INFO NCCL_P2P_LEVEL set by environment to LOC
ip-0A23040B:27229:27856 [2] NCCL INFO PXN Disabled as plugin is v4
ip-0A23040B:27229:27856 [2] NCCL INFO Setting affinity for GPU 2 to ffffff
ip-0A23040E:53299:53922 [2] NCCL INFO PXN Disabled as plugin is v4
ip-0A230414:7016:7644 [2] NCCL INFO PXN Disabled as plugin is v4
ip-0A23040B:27229:27856 [2] NCCL INFO NCCL_COLLNET_ENABLE set by environment to 1.
ip-0A23040E:53299:53922 [2] NCCL INFO Setting affinity for GPU 2 to ffffff
ip-0A230414:7016:7644 [2] NCCL INFO Setting affinity for GPU 2 to ffffff
ip-0A23040E:53299:53922 [2] NCCL INFO NCCL_COLLNET_ENABLE set by environment to 1.
ip-0A230414:7016:7644 [2] NCCL INFO NCCL_COLLNET_ENABLE set by environment to 1.
ip-0A23041A:3164:3810 [2] NCCL INFO NCCL_P2P_LEVEL set by environment to LOC
ip-0A230410:41408:42031 [2] NCCL INFO NCCL_P2P_LEVEL set by environment to LOC
ip-0A23041A:3164:3810 [2] NCCL INFO PXN Disabled as plugin is v4
ip-0A230410:41408:42031 [2] NCCL INFO PXN Disabled as plugin is v4
ip-0A23041A:3164:3810 [2] NCCL INFO Setting affinity for GPU 2 to ffffff
ip-0A230410:41408:42031 [2] NCCL INFO Setting affinity for GPU 2 to ffffff
ip-0A23041A:3164:3810 [2] NCCL INFO NCCL_COLLNET_ENABLE set by environment to 1.
ip-0A230410:41408:42031 [2] NCCL INFO NCCL_COLLNET_ENABLE set by environment to 1.
ip-0A23040D:13932:14563 [2] NCCL INFO NCCL_P2P_LEVEL set by environment to LOC
ip-0A23040D:13932:14563 [2] NCCL INFO PXN Disabled as plugin is v4
ip-0A23040D:13932:14563 [2] NCCL INFO Setting affinity for GPU 2 to ffffff
ip-0A23040D:13932:14563 [2] NCCL INFO NCCL_COLLNET_ENABLE set by environment to 1.
ip-0A230408:54268:54897 [2] NCCL INFO NCCL_P2P_LEVEL set by environment to LOC
ip-0A230407:43508:44132 [2] NCCL INFO NCCL_P2P_LEVEL set by environment to LOC
ip-0A230408:54268:54897 [2] NCCL INFO PXN Disabled as plugin is v4
ip-0A230407:43508:44132 [2] NCCL INFO PXN Disabled as plugin is v4
ip-0A230408:54268:54897 [2] NCCL INFO Setting affinity for GPU 2 to ffffff
ip-0A230407:43508:44132 [2] NCCL INFO Setting affinity for GPU 2 to ffffff
ip-0A230408:54268:54897 [2] NCCL INFO NCCL_COLLNET_ENABLE set by environment to 1.
ip-0A230407:43508:44132 [2] NCCL INFO NCCL_COLLNET_ENABLE set by environment to 1.
ip-0A230405:5724:6356 [2] NCCL INFO NCCL_P2P_LEVEL set by environment to LOC
ip-0A230405:5724:6356 [2] NCCL INFO PXN Disabled as plugin is v4
ip-0A230405:5724:6356 [2] NCCL INFO Setting affinity for GPU 2 to ffffff
ip-0A230405:5724:6356 [2] NCCL INFO NCCL_COLLNET_ENABLE set by environment to 1.
ip-0A230405:5724:6356 [2] NCCL INFO Trees [0] -1/-1/-1->11->10 [1] 13/9/-1->11->7
ip-0A230407:43508:44132 [2] NCCL INFO Trees [0] 10/14/-1->12->8 [1] -1/-1/-1->12->13
ip-0A23040B:27229:27856 [2] NCCL INFO Trees [0] -1/-1/-1->13->14 [1] 14/12/-1->13->11
ip-0A23040E:53299:53922 [2] NCCL INFO Trees [0] 13/15/-1->14->12 [1] -1/-1/-1->14->13
ip-0A23040D:13932:14563 [2] NCCL INFO Channel 00/02 :    0   1   2   3   4   5   6   7   8   9  10  11  12  13  14  15
ip-0A23040D:13932:14563 [2] NCCL INFO Channel 01/02 :    0   1   2   3   4   5   6   7   8   9  10  11  12  13  14  15
ip-0A23040C:52186:52813 [2] NCCL INFO Trees [0] -1/-1/-1->15->14 [1] 7/-1/-1->15->-1
ip-0A23040D:13932:14563 [2] NCCL INFO Trees [0] 8/-1/-1->0->-1 [1] -1/-1/-1->0->1
ip-0A23040F:69903:70530 [2] NCCL INFO Trees [0] -1/-1/-1->1->2 [1] 2/0/-1->1->3
ip-0A230410:41408:42031 [2] NCCL INFO Trees [0] 1/3/-1->2->4 [1] -1/-1/-1->2->1
ip-0A230412:10822:11446 [2] NCCL INFO Trees [0] -1/-1/-1->3->2 [1] 5/1/-1->3->7
ip-0A230414:7016:7644 [2] NCCL INFO Trees [0] -1/-1/-1->5->6 [1] 6/4/-1->5->3
ip-0A230413:54326:54952 [2] NCCL INFO Trees [0] 2/6/-1->4->8 [1] -1/-1/-1->4->5
ip-0A230417:43840:44471 [2] NCCL INFO Trees [0] 5/7/-1->6->4 [1] -1/-1/-1->6->5
ip-0A230406:90206:90834 [2] NCCL INFO Trees [0] -1/-1/-1->7->6 [1] 11/3/-1->7->15
ip-0A230408:54268:54897 [2] NCCL INFO Trees [0] 4/12/-1->8->0 [1] -1/-1/-1->8->9
ip-0A23041A:3164:3810 [2] NCCL INFO Trees [0] -1/-1/-1->9->10 [1] 10/8/-1->9->11
ip-0A23041D:8931:9550 [2] NCCL INFO Trees [0] 9/11/-1->10->12 [1] -1/-1/-1->10->9
ip-0A230405:5724:6356 [2] NCCL INFO Channel 00/0 : 10[300000] -> 11[300000] [receive] via NET/IBext/2
ip-0A230407:43508:44132 [2] NCCL INFO Channel 00/0 : 11[300000] -> 12[300000] [receive] via NET/IBext/2
ip-0A23040B:27229:27856 [2] NCCL INFO Channel 00/0 : 12[300000] -> 13[300000] [receive] via NET/IBext/2
ip-0A230405:5724:6356 [2] NCCL INFO Channel 01/0 : 10[300000] -> 11[300000] [receive] via NET/IBext/2
ip-0A230405:5724:6356 [2] NCCL INFO Channel 00/0 : 11[300000] -> 12[300000] [send] via NET/IBext/2
ip-0A230405:5724:6356 [2] NCCL INFO Channel 01/0 : 11[300000] -> 12[300000] [send] via NET/IBext/2
ip-0A23040E:53299:53922 [2] NCCL INFO Channel 00/0 : 13[300000] -> 14[300000] [receive] via NET/IBext/2
ip-0A230407:43508:44132 [2] NCCL INFO Channel 01/0 : 11[300000] -> 12[300000] [receive] via NET/IBext/2
ip-0A230407:43508:44132 [2] NCCL INFO Channel 00/0 : 12[300000] -> 13[300000] [send] via NET/IBext/2
ip-0A23040B:27229:27856 [2] NCCL INFO Channel 01/0 : 12[300000] -> 13[300000] [receive] via NET/IBext/2
ip-0A23040B:27229:27856 [2] NCCL INFO Channel 00/0 : 13[300000] -> 14[300000] [send] via NET/IBext/2
ip-0A23040C:52186:52813 [2] NCCL INFO Channel 00/0 : 14[300000] -> 15[300000] [receive] via NET/IBext/2
ip-0A23040D:13932:14563 [2] NCCL INFO Channel 00/0 : 15[300000] -> 0[300000] [receive] via NET/IBext/2
ip-0A23040E:53299:53922 [2] NCCL INFO Channel 01/0 : 13[300000] -> 14[300000] [receive] via NET/IBext/2
ip-0A23040E:53299:53922 [2] NCCL INFO Channel 00/0 : 14[300000] -> 15[300000] [send] via NET/IBext/2
ip-0A230407:43508:44132 [2] NCCL INFO Channel 01/0 : 12[300000] -> 13[300000] [send] via NET/IBext/2
ip-0A23040D:13932:14563 [2] NCCL INFO Channel 01/0 : 15[300000] -> 0[300000] [receive] via NET/IBext/2
ip-0A23040B:27229:27856 [2] NCCL INFO Channel 01/0 : 13[300000] -> 14[300000] [send] via NET/IBext/2
ip-0A23040D:13932:14563 [2] NCCL INFO Channel 00/0 : 0[300000] -> 1[300000] [send] via NET/IBext/2
ip-0A23040E:53299:53922 [2] NCCL INFO Channel 01/0 : 14[300000] -> 15[300000] [send] via NET/IBext/2
ip-0A23040C:52186:52813 [2] NCCL INFO Channel 01/0 : 14[300000] -> 15[300000] [receive] via NET/IBext/2
ip-0A23040D:13932:14563 [2] NCCL INFO Channel 01/0 : 0[300000] -> 1[300000] [send] via NET/IBext/2
ip-0A23040C:52186:52813 [2] NCCL INFO Channel 00/0 : 15[300000] -> 0[300000] [send] via NET/IBext/2
ip-0A23040F:69903:70530 [2] NCCL INFO Channel 00/0 : 0[300000] -> 1[300000] [receive] via NET/IBext/2
ip-0A23040C:52186:52813 [2] NCCL INFO Channel 01/0 : 15[300000] -> 0[300000] [send] via NET/IBext/2
ip-0A23040F:69903:70530 [2] NCCL INFO Channel 01/0 : 0[300000] -> 1[300000] [receive] via NET/IBext/2
ip-0A23040F:69903:70530 [2] NCCL INFO Channel 00/0 : 1[300000] -> 2[300000] [send] via NET/IBext/2
ip-0A230414:7016:7644 [2] NCCL INFO Channel 00/0 : 4[300000] -> 5[300000] [receive] via NET/IBext/2
ip-0A230413:54326:54952 [2] NCCL INFO Channel 00/0 : 3[300000] -> 4[300000] [receive] via NET/IBext/2
ip-0A230417:43840:44471 [2] NCCL INFO Channel 00/0 : 5[300000] -> 6[300000] [receive] via NET/IBext/2
ip-0A23040F:69903:70530 [2] NCCL INFO Channel 01/0 : 1[300000] -> 2[300000] [send] via NET/IBext/2
ip-0A230410:41408:42031 [2] NCCL INFO Channel 00/0 : 1[300000] -> 2[300000] [receive] via NET/IBext/2
ip-0A230414:7016:7644 [2] NCCL INFO Channel 01/0 : 4[300000] -> 5[300000] [receive] via NET/IBext/2
ip-0A230414:7016:7644 [2] NCCL INFO Channel 00/0 : 5[300000] -> 6[300000] [send] via NET/IBext/2
ip-0A230406:90206:90834 [2] NCCL INFO Channel 00/0 : 6[300000] -> 7[300000] [receive] via NET/IBext/2
ip-0A230413:54326:54952 [2] NCCL INFO Channel 01/0 : 3[300000] -> 4[300000] [receive] via NET/IBext/2
ip-0A230413:54326:54952 [2] NCCL INFO Channel 00/0 : 4[300000] -> 5[300000] [send] via NET/IBext/2
ip-0A230417:43840:44471 [2] NCCL INFO Channel 01/0 : 5[300000] -> 6[300000] [receive] via NET/IBext/2
ip-0A230417:43840:44471 [2] NCCL INFO Channel 00/0 : 6[300000] -> 7[300000] [send] via NET/IBext/2
ip-0A230410:41408:42031 [2] NCCL INFO Channel 01/0 : 1[300000] -> 2[300000] [receive] via NET/IBext/2
ip-0A230414:7016:7644 [2] NCCL INFO Channel 01/0 : 5[300000] -> 6[300000] [send] via NET/IBext/2
ip-0A230413:54326:54952 [2] NCCL INFO Channel 01/0 : 4[300000] -> 5[300000] [send] via NET/IBext/2
ip-0A230410:41408:42031 [2] NCCL INFO Channel 00/0 : 2[300000] -> 3[300000] [send] via NET/IBext/2
ip-0A230408:54268:54897 [2] NCCL INFO Channel 00/0 : 7[300000] -> 8[300000] [receive] via NET/IBext/2
ip-0A23041A:3164:3810 [2] NCCL INFO Channel 00/0 : 8[300000] -> 9[300000] [receive] via NET/IBext/2
ip-0A230417:43840:44471 [2] NCCL INFO Channel 01/0 : 6[300000] -> 7[300000] [send] via NET/IBext/2
ip-0A230406:90206:90834 [2] NCCL INFO Channel 01/0 : 6[300000] -> 7[300000] [receive] via NET/IBext/2
ip-0A230406:90206:90834 [2] NCCL INFO Channel 00/0 : 7[300000] -> 8[300000] [send] via NET/IBext/2
ip-0A230410:41408:42031 [2] NCCL INFO Channel 01/0 : 2[300000] -> 3[300000] [send] via NET/IBext/2
ip-0A230412:10822:11446 [2] NCCL INFO Channel 00/0 : 2[300000] -> 3[300000] [receive] via NET/IBext/2
ip-0A23041D:8931:9550 [2] NCCL INFO Channel 00/0 : 9[300000] -> 10[300000] [receive] via NET/IBext/2
ip-0A23041A:3164:3810 [2] NCCL INFO Channel 01/0 : 8[300000] -> 9[300000] [receive] via NET/IBext/2
ip-0A230406:90206:90834 [2] NCCL INFO Channel 01/0 : 7[300000] -> 8[300000] [send] via NET/IBext/2
ip-0A23041A:3164:3810 [2] NCCL INFO Channel 00/0 : 9[300000] -> 10[300000] [send] via NET/IBext/2
ip-0A230408:54268:54897 [2] NCCL INFO Channel 01/0 : 7[300000] -> 8[300000] [receive] via NET/IBext/2
ip-0A230408:54268:54897 [2] NCCL INFO Channel 00/0 : 8[300000] -> 9[300000] [send] via NET/IBext/2
ip-0A230408:54268:54897 [2] NCCL INFO Channel 01/0 : 8[300000] -> 9[300000] [send] via NET/IBext/2
ip-0A230412:10822:11446 [2] NCCL INFO Channel 01/0 : 2[300000] -> 3[300000] [receive] via NET/IBext/2
ip-0A23041D:8931:9550 [2] NCCL INFO Channel 01/0 : 9[300000] -> 10[300000] [receive] via NET/IBext/2
ip-0A230412:10822:11446 [2] NCCL INFO Channel 00/0 : 3[300000] -> 4[300000] [send] via NET/IBext/2
ip-0A23041A:3164:3810 [2] NCCL INFO Channel 01/0 : 9[300000] -> 10[300000] [send] via NET/IBext/2
ip-0A23041D:8931:9550 [2] NCCL INFO Channel 00/0 : 10[300000] -> 11[300000] [send] via NET/IBext/2
ip-0A230412:10822:11446 [2] NCCL INFO Channel 01/0 : 3[300000] -> 4[300000] [send] via NET/IBext/2
ip-0A23041D:8931:9550 [2] NCCL INFO Channel 01/0 : 10[300000] -> 11[300000] [send] via NET/IBext/2
ip-0A23040C:52186:52813 [2] NCCL INFO Connected all rings
ip-0A23040E:53299:53922 [2] NCCL INFO Connected all rings
ip-0A23040D:13932:14563 [2] NCCL INFO Connected all rings
ip-0A230414:7016:7644 [2] NCCL INFO Connected all rings
ip-0A230413:54326:54952 [2] NCCL INFO Connected all rings
ip-0A230410:41408:42031 [2] NCCL INFO Connected all rings
ip-0A230406:90206:90834 [2] NCCL INFO Connected all rings
ip-0A23040B:27229:27856 [2] NCCL INFO Connected all rings
ip-0A230408:54268:54897 [2] NCCL INFO Connected all rings
ip-0A230417:43840:44471 [2] NCCL INFO Connected all rings
ip-0A230407:43508:44132 [2] NCCL INFO Connected all rings
ip-0A23041A:3164:3810 [2] NCCL INFO Connected all rings
ip-0A23040F:69903:70530 [2] NCCL INFO Connected all rings
ip-0A230412:10822:11446 [2] NCCL INFO Connected all rings
ip-0A230405:5724:6356 [2] NCCL INFO Connected all rings
ip-0A23041D:8931:9550 [2] NCCL INFO Connected all rings
ip-0A23040C:52186:52813 [2] NCCL INFO Channel 01/0 : 7[300000] -> 15[300000] [receive] via NET/IBext/2
ip-0A23040C:52186:52813 [2] NCCL INFO Channel 01/0 : 15[300000] -> 7[300000] [send] via NET/IBext/2
ip-0A23040E:53299:53922 [2] NCCL INFO Channel 00/0 : 12[300000] -> 14[300000] [receive] via NET/IBext/2
ip-0A23040D:13932:14563 [2] NCCL INFO Channel 00/0 : 8[300000] -> 0[300000] [receive] via NET/IBext/2
ip-0A23040D:13932:14563 [2] NCCL INFO Channel 00/0 : 0[300000] -> 8[300000] [send] via NET/IBext/2
ip-0A23040B:27229:27856 [2] NCCL INFO Channel 01/0 : 11[300000] -> 13[300000] [receive] via NET/IBext/2
ip-0A230414:7016:7644 [2] NCCL INFO Channel 01/0 : 3[300000] -> 5[300000] [receive] via NET/IBext/2
ip-0A230417:43840:44471 [2] NCCL INFO Channel 00/0 : 4[300000] -> 6[300000] [receive] via NET/IBext/2
ip-0A23041A:3164:3810 [2] NCCL INFO Channel 01/0 : 9[300000] -> 11[300000] [send] via NET/IBext/2
ip-0A230412:10822:11446 [2] NCCL INFO Channel 01/0 : 1[300000] -> 3[300000] [receive] via NET/IBext/2
ip-0A23040F:69903:70530 [2] NCCL INFO Channel 01/0 : 1[300000] -> 3[300000] [send] via NET/IBext/2
ip-0A230405:5724:6356 [2] NCCL INFO Channel 01/0 : 9[300000] -> 11[300000] [receive] via NET/IBext/2
ip-0A230405:5724:6356 [2] NCCL INFO Channel 01/0 : 11[300000] -> 13[300000] [send] via NET/IBext/2
ip-0A230408:54268:54897 [2] NCCL INFO Channel 00/0 : 4[300000] -> 8[300000] [receive] via NET/IBext/2
ip-0A230408:54268:54897 [2] NCCL INFO Channel 00/0 : 8[300000] -> 12[300000] [send] via NET/IBext/2
ip-0A230410:41408:42031 [2] NCCL INFO Channel 00/0 : 2[300000] -> 4[300000] [send] via NET/IBext/2
ip-0A230407:43508:44132 [2] NCCL INFO Channel 00/0 : 10[300000] -> 12[300000] [receive] via NET/IBext/2
ip-0A230407:43508:44132 [2] NCCL INFO Channel 00/0 : 12[300000] -> 14[300000] [send] via NET/IBext/2
ip-0A230413:54326:54952 [2] NCCL INFO Channel 00/0 : 2[300000] -> 4[300000] [receive] via NET/IBext/2
ip-0A230406:90206:90834 [2] NCCL INFO Channel 01/0 : 3[300000] -> 7[300000] [receive] via NET/IBext/2
ip-0A230413:54326:54952 [2] NCCL INFO Channel 00/0 : 4[300000] -> 6[300000] [send] via NET/IBext/2
ip-0A230406:90206:90834 [2] NCCL INFO Channel 01/0 : 7[300000] -> 11[300000] [send] via NET/IBext/2
ip-0A23041D:8931:9550 [2] NCCL INFO Channel 00/0 : 10[300000] -> 12[300000] [send] via NET/IBext/2
ip-0A23041A:3164:3810 [2] NCCL INFO Channel 01/0 : 11[300000] -> 9[300000] [receive] via NET/IBext/2
ip-0A230410:41408:42031 [2] NCCL INFO Channel 00/0 : 4[300000] -> 2[300000] [receive] via NET/IBext/2
ip-0A23041D:8931:9550 [2] NCCL INFO Channel 00/0 : 12[300000] -> 10[300000] [receive] via NET/IBext/2
ip-0A23040B:27229:27856 [2] NCCL INFO Channel 01/0 : 13[300000] -> 11[300000] [send] via NET/IBext/2
ip-0A230417:43840:44471 [2] NCCL INFO Channel 00/0 : 6[300000] -> 4[300000] [send] via NET/IBext/2
ip-0A23040E:53299:53922 [2] NCCL INFO Channel 00/0 : 14[300000] -> 12[300000] [send] via NET/IBext/2
ip-0A230412:10822:11446 [2] NCCL INFO Channel 01/0 : 3[300000] -> 5[300000] [send] via NET/IBext/2
ip-0A23040F:69903:70530 [2] NCCL INFO Channel 01/0 : 3[300000] -> 1[300000] [receive] via NET/IBext/2
ip-0A230405:5724:6356 [2] NCCL INFO Channel 01/0 : 7[300000] -> 11[300000] [receive] via NET/IBext/2
ip-0A230407:43508:44132 [2] NCCL INFO Channel 00/0 : 8[300000] -> 12[300000] [receive] via NET/IBext/2
ip-0A230413:54326:54952 [2] NCCL INFO Channel 00/0 : 4[300000] -> 8[300000] [send] via NET/IBext/2
ip-0A230414:7016:7644 [2] NCCL INFO Channel 01/0 : 5[300000] -> 3[300000] [send] via NET/IBext/2
ip-0A230413:54326:54952 [2] NCCL INFO Channel 00/0 : 8[300000] -> 4[300000] [receive] via NET/IBext/2
ip-0A230407:43508:44132 [2] NCCL INFO Channel 00/0 : 12[300000] -> 8[300000] [send] via NET/IBext/2
ip-0A230412:10822:11446 [2] NCCL INFO Channel 01/0 : 3[300000] -> 7[300000] [send] via NET/IBext/2
ip-0A230412:10822:11446 [2] NCCL INFO Channel 01/0 : 7[300000] -> 3[300000] [receive] via NET/IBext/2
ip-0A230408:54268:54897 [2] NCCL INFO Channel 00/0 : 0[300000] -> 8[300000] [receive] via NET/IBext/2
ip-0A230408:54268:54897 [2] NCCL INFO Channel 00/0 : 8[300000] -> 0[300000] [send] via NET/IBext/2
ip-0A230405:5724:6356 [2] NCCL INFO Channel 01/0 : 11[300000] -> 7[300000] [send] via NET/IBext/2
ip-0A230406:90206:90834 [2] NCCL INFO Channel 01/0 : 15[300000] -> 7[300000] [receive] via NET/IBext/2
ip-0A230406:90206:90834 [2] NCCL INFO Channel 01/0 : 7[300000] -> 15[300000] [send] via NET/IBext/2
ip-0A230408:54268:54897 [2] NCCL INFO Channel 00/0 : 12[300000] -> 8[300000] [receive] via NET/IBext/2
ip-0A230408:54268:54897 [2] NCCL INFO Channel 00/0 : 8[300000] -> 4[300000] [send] via NET/IBext/2
ip-0A23040D:13932:14563 [2] NCCL INFO Channel 01/0 : 1[300000] -> 0[300000] [receive] via NET/IBext/2
ip-0A23040C:52186:52813 [2] NCCL INFO Channel 00/0 : 15[300000] -> 14[300000] [send] via NET/IBext/2
ip-0A230407:43508:44132 [2] NCCL INFO Channel 00/0 : 14[300000] -> 12[300000] [receive] via NET/IBext/2
ip-0A230407:43508:44132 [2] NCCL INFO Channel 00/0 : 12[300000] -> 10[300000] [send] via NET/IBext/2
ip-0A230406:90206:90834 [2] NCCL INFO Channel 01/0 : 11[300000] -> 7[300000] [receive] via NET/IBext/2
ip-0A230406:90206:90834 [2] NCCL INFO Channel 01/0 : 7[300000] -> 3[300000] [send] via NET/IBext/2
ip-0A230413:54326:54952 [2] NCCL INFO Channel 00/0 : 6[300000] -> 4[300000] [receive] via NET/IBext/2
ip-0A230413:54326:54952 [2] NCCL INFO Channel 00/0 : 4[300000] -> 2[300000] [send] via NET/IBext/2
ip-0A230405:5724:6356 [2] NCCL INFO Channel 01/0 : 13[300000] -> 11[300000] [receive] via NET/IBext/2
ip-0A230408:54268:54897 [2] NCCL INFO Channel 01/0 : 9[300000] -> 8[300000] [receive] via NET/IBext/2
ip-0A230405:5724:6356 [2] NCCL INFO Channel 01/0 : 11[300000] -> 9[300000] [send] via NET/IBext/2
ip-0A23040E:53299:53922 [2] NCCL INFO Channel 00/0 : 15[300000] -> 14[300000] [receive] via NET/IBext/2
ip-0A23040E:53299:53922 [2] NCCL INFO Channel 00/0 : 14[300000] -> 13[300000] [send] via NET/IBext/2
ip-0A23040E:53299:53922 [2] NCCL INFO Channel 01/0 : 14[300000] -> 13[300000] [send] via NET/IBext/2
ip-0A230412:10822:11446 [2] NCCL INFO Channel 01/0 : 5[300000] -> 3[300000] [receive] via NET/IBext/2
ip-0A230412:10822:11446 [2] NCCL INFO Channel 01/0 : 3[300000] -> 1[300000] [send] via NET/IBext/2
ip-0A23040C:52186:52813 [2] NCCL INFO Connected all trees
ip-0A23040C:52186:52813 [2] NCCL INFO CollNet 00 : 15 [receive] via COLLNET/SHARP/2
ip-0A230407:43508:44132 [2] NCCL INFO Channel 01/0 : 13[300000] -> 12[300000] [receive] via NET/IBext/2
ip-0A230410:41408:42031 [2] NCCL INFO Channel 00/0 : 3[300000] -> 2[300000] [receive] via NET/IBext/2
ip-0A230410:41408:42031 [2] NCCL INFO Channel 00/0 : 2[300000] -> 1[300000] [send] via NET/IBext/2
ip-0A230410:41408:42031 [2] NCCL INFO Channel 01/0 : 2[300000] -> 1[300000] [send] via NET/IBext/2
ip-0A230406:90206:90834 [2] NCCL INFO Channel 00/0 : 7[300000] -> 6[300000] [send] via NET/IBext/2
ip-0A23040B:27229:27856 [2] NCCL INFO Channel 00/0 : 14[300000] -> 13[300000] [receive] via NET/IBext/2
ip-0A23041D:8931:9550 [2] NCCL INFO Channel 00/0 : 11[300000] -> 10[300000] [receive] via NET/IBext/2
ip-0A23040B:27229:27856 [2] NCCL INFO Channel 01/0 : 14[300000] -> 13[300000] [receive] via NET/IBext/2
ip-0A23040B:27229:27856 [2] NCCL INFO Channel 01/0 : 13[300000] -> 12[300000] [send] via NET/IBext/2
ip-0A23041D:8931:9550 [2] NCCL INFO Channel 00/0 : 10[300000] -> 9[300000] [send] via NET/IBext/2
ip-0A23041D:8931:9550 [2] NCCL INFO Channel 01/0 : 10[300000] -> 9[300000] [send] via NET/IBext/2
ip-0A23041A:3164:3810 [2] NCCL INFO Channel 00/0 : 10[300000] -> 9[300000] [receive] via NET/IBext/2
ip-0A23041A:3164:3810 [2] NCCL INFO Channel 01/0 : 10[300000] -> 9[300000] [receive] via NET/IBext/2
ip-0A23041A:3164:3810 [2] NCCL INFO Channel 01/0 : 9[300000] -> 8[300000] [send] via NET/IBext/2
ip-0A230413:54326:54952 [2] NCCL INFO Channel 01/0 : 5[300000] -> 4[300000] [receive] via NET/IBext/2
ip-0A230417:43840:44471 [2] NCCL INFO Channel 00/0 : 7[300000] -> 6[300000] [receive] via NET/IBext/2
ip-0A230417:43840:44471 [2] NCCL INFO Channel 00/0 : 6[300000] -> 5[300000] [send] via NET/IBext/2
ip-0A230417:43840:44471 [2] NCCL INFO Channel 01/0 : 6[300000] -> 5[300000] [send] via NET/IBext/2
ip-0A230405:5724:6356 [2] NCCL INFO Channel 00/0 : 11[300000] -> 10[300000] [send] via NET/IBext/2
ip-0A230407:43508:44132 [2] NCCL INFO Connected all trees
ip-0A230407:43508:44132 [2] NCCL INFO CollNet 00 : 12 [receive] via COLLNET/SHARP/2
ip-0A230408:54268:54897 [2] NCCL INFO Connected all trees
ip-0A230406:90206:90834 [2] NCCL INFO Connected all trees
ip-0A230408:54268:54897 [2] NCCL INFO CollNet 00 : 8 [receive] via COLLNET/SHARP/2
ip-0A230405:5724:6356 [2] NCCL INFO Connected all trees
ip-0A230405:5724:6356 [2] NCCL INFO CollNet 00 : 11 [receive] via COLLNET/SHARP/2
ip-0A23040B:27229:27856 [2] NCCL INFO Connected all trees
ip-0A23041A:3164:3810 [2] NCCL INFO Connected all trees
ip-0A23040E:53299:53922 [2] NCCL INFO Connected all trees
ip-0A23041D:8931:9550 [2] NCCL INFO Connected all trees
ip-0A230414:7016:7644 [2] NCCL INFO Channel 00/0 : 6[300000] -> 5[300000] [receive] via NET/IBext/2
ip-0A230414:7016:7644 [2] NCCL INFO Channel 01/0 : 6[300000] -> 5[300000] [receive] via NET/IBext/2
ip-0A230414:7016:7644 [2] NCCL INFO Channel 01/0 : 5[300000] -> 4[300000] [send] via NET/IBext/2
ip-0A23040F:69903:70530 [2] NCCL INFO Channel 00/0 : 2[300000] -> 1[300000] [receive] via NET/IBext/2
ip-0A23040F:69903:70530 [2] NCCL INFO Channel 01/0 : 2[300000] -> 1[300000] [receive] via NET/IBext/2
ip-0A23040F:69903:70530 [2] NCCL INFO Channel 01/0 : 1[300000] -> 0[300000] [send] via NET/IBext/2
ip-0A230412:10822:11446 [2] NCCL INFO Channel 00/0 : 3[300000] -> 2[300000] [send] via NET/IBext/2
ip-0A230413:54326:54952 [2] NCCL INFO Connected all trees
ip-0A230406:90206:90834 [2] NCCL INFO CollNet 00 : 7 [receive] via COLLNET/SHARP/2
ip-0A230413:54326:54952 [2] NCCL INFO CollNet 00 : 4 [receive] via COLLNET/SHARP/2
ip-0A230412:10822:11446 [2] NCCL INFO Connected all trees
ip-0A230412:10822:11446 [2] NCCL INFO CollNet 00 : 3 [receive] via COLLNET/SHARP/2
ip-0A23040D:13932:14563 [2] NCCL INFO Connected all trees
ip-0A23040D:13932:14563 [2] NCCL INFO CollNet 00 : 0 [receive] via COLLNET/SHARP/2
ip-0A23040B:27229:27856 [2] NCCL INFO CollNet 00 : 13 [receive] via COLLNET/SHARP/2
ip-0A23041A:3164:3810 [2] NCCL INFO CollNet 00 : 9 [receive] via COLLNET/SHARP/2
ip-0A230414:7016:7644 [2] NCCL INFO Connected all trees
ip-0A230417:43840:44471 [2] NCCL INFO Connected all trees
ip-0A23041D:8931:9550 [2] NCCL INFO CollNet 00 : 10 [receive] via COLLNET/SHARP/2
ip-0A23040F:69903:70530 [2] NCCL INFO Connected all trees
ip-0A230410:41408:42031 [2] NCCL INFO Connected all trees
ip-0A23040E:53299:53922 [2] NCCL INFO CollNet 00 : 14 [receive] via COLLNET/SHARP/2
ip-0A230414:7016:7644 [2] NCCL INFO CollNet 00 : 5 [receive] via COLLNET/SHARP/2
ip-0A230417:43840:44471 [2] NCCL INFO CollNet 00 : 6 [receive] via COLLNET/SHARP/2
ip-0A23040F:69903:70530 [2] NCCL INFO CollNet 00 : 1 [receive] via COLLNET/SHARP/2
ip-0A230410:41408:42031 [2] NCCL INFO CollNet 00 : 2 [receive] via COLLNET/SHARP/2
ip-0A230410:41408:42032 [2] NCCL INFO NCCL_SHARP_GROUP_SIZE_THRESH set by environment to 16.
ip-0A230412:10822:11447 [2] NCCL INFO NCCL_SHARP_GROUP_SIZE_THRESH set by environment to 16.
ip-0A230413:54326:54953 [2] NCCL INFO NCCL_SHARP_GROUP_SIZE_THRESH set by environment to 16.
ip-0A230414:7016:7645 [2] NCCL INFO NCCL_SHARP_GROUP_SIZE_THRESH set by environment to 16.
ip-0A230417:43840:44472 [2] NCCL INFO NCCL_SHARP_GROUP_SIZE_THRESH set by environment to 16.
ip-0A230406:90206:90836 [2] NCCL INFO NCCL_SHARP_GROUP_SIZE_THRESH set by environment to 16.
ip-0A230408:54268:54898 [2] NCCL INFO NCCL_SHARP_GROUP_SIZE_THRESH set by environment to 16.
ip-0A23041A:3164:3811 [2] NCCL INFO NCCL_SHARP_GROUP_SIZE_THRESH set by environment to 16.
ip-0A23041D:8931:9551 [2] NCCL INFO NCCL_SHARP_GROUP_SIZE_THRESH set by environment to 16.
ip-0A230405:5724:6357 [2] NCCL INFO NCCL_SHARP_GROUP_SIZE_THRESH set by environment to 16.
ip-0A230407:43508:44133 [2] NCCL INFO NCCL_SHARP_GROUP_SIZE_THRESH set by environment to 16.
ip-0A23040B:27229:27857 [2] NCCL INFO NCCL_SHARP_GROUP_SIZE_THRESH set by environment to 16.
ip-0A23040E:53299:53923 [2] NCCL INFO NCCL_SHARP_GROUP_SIZE_THRESH set by environment to 16.
ip-0A23040D:13932:14564 [2] NCCL INFO NCCL_SHARP_GROUP_SIZE_THRESH set by environment to 16.
ip-0A23040F:69903:70531 [2] NCCL INFO NCCL_SHARP_GROUP_SIZE_THRESH set by environment to 16.
ip-0A23040C:52186:52814 [2] NCCL INFO NCCL_SHARP_GROUP_SIZE_THRESH set by environment to 16.
[ip-0A23040D:0:13932 - context.c:584] INFO job (ID: 2524863417322926808) resource request quota: ( osts:0 user_data_per_ost:0 max_groups:0 max_qps:1 max_group_channels:1, num_trees:1)
[ip-0A23040D:0:13932 unique id 0] ERROR No Aggregation Manager (sharp_am) detected in sharp_create_job.

[ip-0A23040D:0:13932 - context.c:601] ERROR sharp_create_job failed: No Aggregation Manager (sharp_am) detected(-52)
ip-0A230406:90206:90836 [2] NCCL INFO Sharp rank 7/16 initialized on mlx5_ib2:1

ip-0A230406:90206:90836 [2] sharp_plugin.c:288 NCCL WARN NET/IB :SHARP coll init error: Cannot create SHArP job(-11)

ip-0A230406:90206:90836 [2] NCCL INFO include/coll_net.h:21 -> 3
ip-0A230408:54268:54898 [2] NCCL INFO Sharp rank 8/16 initialized on mlx5_ib2:1

ip-0A230408:54268:54898 [2] sharp_plugin.c:288 NCCL WARN NET/IB :SHARP coll init error: Cannot create SHArP job(-11)

ip-0A230408:54268:54898 [2] NCCL INFO include/coll_net.h:21 -> 3
ip-0A230417:43840:44472 [2] NCCL INFO Sharp rank 6/16 initialized on mlx5_ib2:1

ip-0A230417:43840:44472 [2] sharp_plugin.c:288 NCCL WARN NET/IB :SHARP coll init error: Cannot create SHArP job(-11)

ip-0A230417:43840:44472 [2] NCCL INFO include/coll_net.h:21 -> 3
ip-0A23041A:3164:3811 [2] NCCL INFO Sharp rank 9/16 initialized on mlx5_ib2:1

ip-0A23041A:3164:3811 [2] sharp_plugin.c:288 NCCL WARN NET/IB :SHARP coll init error: Cannot create SHArP job(-11)

ip-0A23041A:3164:3811 [2] NCCL INFO include/coll_net.h:21 -> 3
ip-0A230406:90206:90834 [2] NCCL INFO transport.cc:222 -> 2

ip-0A230406:90206:90834 [2] transport.cc:253 NCCL WARN Cannot initialize CollNet, using point-to-point network instead
ip-0A230406:90206:90834 [2] NCCL INFO init.cc:765 -> 2
ip-0A230414:7016:7645 [2] NCCL INFO Sharp rank 5/16 initialized on mlx5_ib2:1

ip-0A230414:7016:7645 [2] sharp_plugin.c:288 NCCL WARN NET/IB :SHARP coll init error: Cannot create SHArP job(-11)

ip-0A230414:7016:7645 [2] NCCL INFO include/coll_net.h:21 -> 3
ip-0A230406:90206:90834 [2] NCCL INFO threadThresholds 8/8/64 | 128/8/64 | 8/8/512
ip-0A230406:90206:90834 [2] NCCL INFO 2 coll channels, 2 p2p channels, 2 p2p channels per peer
ip-0A23040F:69903:70531 [2] NCCL INFO Sharp rank 1/16 initialized on mlx5_ib2:1

ip-0A23040F:69903:70531 [2] sharp_plugin.c:288 NCCL WARN NET/IB :SHARP coll init error: Cannot create SHArP job(-11)

ip-0A23040F:69903:70531 [2] NCCL INFO include/coll_net.h:21 -> 3
ip-0A230412:10822:11447 [2] NCCL INFO Sharp rank 3/16 initialized on mlx5_ib2:1

ip-0A230412:10822:11447 [2] sharp_plugin.c:288 NCCL WARN NET/IB :SHARP coll init error: Cannot create SHArP job(-11)

ip-0A230412:10822:11447 [2] NCCL INFO include/coll_net.h:21 -> 3
ip-0A230410:41408:42032 [2] NCCL INFO Sharp rank 2/16 initialized on mlx5_ib2:1

ip-0A230410:41408:42032 [2] sharp_plugin.c:288 NCCL WARN NET/IB :SHARP coll init error: Cannot create SHArP job(-11)

ip-0A230410:41408:42032 [2] NCCL INFO include/coll_net.h:21 -> 3
ip-0A23041A:3164:3810 [2] NCCL INFO transport.cc:222 -> 2
ip-0A230417:43840:44471 [2] NCCL INFO transport.cc:222 -> 2

ip-0A230417:43840:44471 [2] transport.cc:253 NCCL WARN Cannot initialize CollNet, using point-to-point network instead
ip-0A230417:43840:44471 [2] NCCL INFO init.cc:765 -> 2
ip-0A230417:43840:44471 [2] NCCL INFO threadThresholds 8/8/64 | 128/8/64 | 8/8/512
ip-0A230417:43840:44471 [2] NCCL INFO 2 coll channels, 2 p2p channels, 2 p2p channels per peer
ip-0A230408:54268:54897 [2] NCCL INFO transport.cc:222 -> 2

ip-0A230408:54268:54897 [2] transport.cc:253 NCCL WARN Cannot initialize CollNet, using point-to-point network instead
ip-0A230408:54268:54897 [2] NCCL INFO init.cc:765 -> 2

