ip-0A23040D:18729:19396 [4] NCCL INFO NCCL_SHARP_GROUP_SIZE_THRESH set by environment to 16.
ip-0A23040F:74064:74724 [4] NCCL INFO NCCL_SHARP_GROUP_SIZE_THRESH set by environment to 16.
ip-0A230410:45540:46201 [4] NCCL INFO NCCL_SHARP_GROUP_SIZE_THRESH set by environment to 16.
ip-0A230412:14944:15607 [4] NCCL INFO NCCL_SHARP_GROUP_SIZE_THRESH set by environment to 16.
ip-0A230413:58459:59119 [4] NCCL INFO NCCL_SHARP_GROUP_SIZE_THRESH set by environment to 16.
ip-0A230414:11217:11868 [4] NCCL INFO NCCL_SHARP_GROUP_SIZE_THRESH set by environment to 16.
ip-0A230417:47972:48620 [4] NCCL INFO NCCL_SHARP_GROUP_SIZE_THRESH set by environment to 16.
ip-0A230406:94260:94917 [4] NCCL INFO NCCL_SHARP_GROUP_SIZE_THRESH set by environment to 16.
ip-0A23041A:7483:8136 [4] NCCL INFO NCCL_SHARP_GROUP_SIZE_THRESH set by environment to 16.
ip-0A230408:58308:58966 [4] NCCL INFO NCCL_SHARP_GROUP_SIZE_THRESH set by environment to 16.
ip-0A230405:9892:10551 [4] NCCL INFO NCCL_SHARP_GROUP_SIZE_THRESH set by environment to 16.
ip-0A23041D:13071:13725 [4] NCCL INFO NCCL_SHARP_GROUP_SIZE_THRESH set by environment to 16.
ip-0A230407:47663:48329 [4] NCCL INFO NCCL_SHARP_GROUP_SIZE_THRESH set by environment to 16.
[ip-0A23040D:0:18729 - context.c:584] INFO job (ID: 2524862968007205479) resource request quota: ( osts:0 user_data_per_ost:0 max_groups:0 max_qps:1 max_group_channels:1, num_trees:1)
[ip-0A23040D:0:18729 unique id 0] ERROR No Aggregation Manager (sharp_am) detected in sharp_create_job.

[ip-0A23040D:0:18729 - context.c:601] ERROR sharp_create_job failed: No Aggregation Manager (sharp_am) detected(-52)
ip-0A230407:47663:48329 [4] NCCL INFO Sharp rank 12/16 initialized on mlx5_ib4:1

ip-0A230407:47663:48329 [4] sharp_plugin.c:288 NCCL WARN NET/IB :SHARP coll init error: Cannot create SHArP job(-11)

ip-0A230407:47663:48329 [4] NCCL INFO include/coll_net.h:21 -> 3
ip-0A230405:9892:10551 [4] NCCL INFO Sharp rank 11/16 initialized on mlx5_ib4:1

ip-0A230405:9892:10551 [4] sharp_plugin.c:288 NCCL WARN NET/IB :SHARP coll init error: Cannot create SHArP job(-11)

ip-0A230405:9892:10551 [4] NCCL INFO include/coll_net.h:21 -> 3
ip-0A23040C:56229:56894 [4] NCCL INFO Sharp rank 15/16 initialized on mlx5_ib4:1

ip-0A23040C:56229:56894 [4] sharp_plugin.c:288 NCCL WARN NET/IB :SHARP coll init error: Cannot create SHArP job(-11)

ip-0A23040C:56229:56894 [4] NCCL INFO include/coll_net.h:21 -> 3
ip-0A23040F:74064:74724 [4] NCCL INFO Sharp rank 1/16 initialized on mlx5_ib4:1

ip-0A23040F:74064:74724 [4] sharp_plugin.c:288 NCCL WARN NET/IB :SHARP coll init error: Cannot create SHArP job(-11)

ip-0A23040F:74064:74724 [4] NCCL INFO include/coll_net.h:21 -> 3
ip-0A23041A:7483:8136 [4] NCCL INFO Sharp rank 9/16 initialized on mlx5_ib4:1

ip-0A23041A:7483:8136 [4] sharp_plugin.c:288 NCCL WARN NET/IB :SHARP coll init error: Cannot create SHArP job(-11)

ip-0A23041A:7483:8136 [4] NCCL INFO include/coll_net.h:21 -> 3
ip-0A230412:14944:15607 [4] NCCL INFO Sharp rank 3/16 initialized on mlx5_ib4:1

ip-0A230412:14944:15607 [4] sharp_plugin.c:288 NCCL WARN NET/IB :SHARP coll init error: Cannot create SHArP job(-11)

ip-0A230412:14944:15607 [4] NCCL INFO include/coll_net.h:21 -> 3
ip-0A23040B:31340:31994 [4] NCCL INFO Sharp rank 13/16 initialized on mlx5_ib4:1

ip-0A23040B:31340:31994 [4] sharp_plugin.c:288 NCCL WARN NET/IB :SHARP coll init error: Cannot create SHArP job(-11)

ip-0A23040B:31340:31994 [4] NCCL INFO include/coll_net.h:21 -> 3
ip-0A23041D:13071:13725 [4] NCCL INFO Sharp rank 10/16 initialized on mlx5_ib4:1

ip-0A23041D:13071:13725 [4] sharp_plugin.c:288 NCCL WARN NET/IB :SHARP coll init error: Cannot create SHArP job(-11)

ip-0A23041D:13071:13725 [4] NCCL INFO include/coll_net.h:21 -> 3
ip-0A230410:45540:46201 [4] NCCL INFO Sharp rank 2/16 initialized on mlx5_ib4:1

ip-0A230410:45540:46201 [4] sharp_plugin.c:288 NCCL WARN NET/IB :SHARP coll init error: Cannot create SHArP job(-11)

ip-0A230410:45540:46201 [4] NCCL INFO include/coll_net.h:21 -> 3
ip-0A230417:47972:48620 [4] NCCL INFO Sharp rank 6/16 initialized on mlx5_ib4:1

ip-0A230417:47972:48620 [4] sharp_plugin.c:288 NCCL WARN NET/IB :SHARP coll init error: Cannot create SHArP job(-11)

ip-0A230417:47972:48620 [4] NCCL INFO include/coll_net.h:21 -> 3
ip-0A230407:47663:48328 [4] NCCL INFO transport.cc:222 -> 2

ip-0A230407:47663:48328 [4] transport.cc:253 NCCL WARN Cannot initialize CollNet, using point-to-point network instead
ip-0A230407:47663:48328 [4] NCCL INFO init.cc:765 -> 2
ip-0A230407:47663:48328 [4] NCCL INFO threadThresholds 8/8/64 | 128/8/64 | 8/8/512
ip-0A230407:47663:48328 [4] NCCL INFO 2 coll channels, 2 p2p channels, 2 p2p channels per peer
ip-0A230408:58308:58966 [4] NCCL INFO Sharp rank 8/16 initialized on mlx5_ib4:1

ip-0A230408:58308:58966 [4] sharp_plugin.c:288 NCCL WARN NET/IB :SHARP coll init error: Cannot create SHArP job(-11)

ip-0A230408:58308:58966 [4] NCCL INFO include/coll_net.h:21 -> 3
ip-0A23040E:57451:58121 [4] NCCL INFO Sharp rank 14/16 initialized on mlx5_ib4:1

ip-0A23040E:57451:58121 [4] sharp_plugin.c:288 NCCL WARN NET/IB :SHARP coll init error: Cannot create SHArP job(-11)

ip-0A23040E:57451:58121 [4] NCCL INFO include/coll_net.h:21 -> 3
ip-0A230406:94260:94917 [4] NCCL INFO Sharp rank 7/16 initialized on mlx5_ib4:1

ip-0A230406:94260:94917 [4] sharp_plugin.c:288 NCCL WARN NET/IB :SHARP coll init error: Cannot create SHArP job(-11)

ip-0A230406:94260:94917 [4] NCCL INFO include/coll_net.h:21 -> 3
ip-0A23040C:56229:56893 [4] NCCL INFO transport.cc:222 -> 2

ip-0A23040C:56229:56893 [4] transport.cc:253 NCCL WARN Cannot initialize CollNet, using point-to-point network instead
ip-0A23040C:56229:56893 [4] NCCL INFO init.cc:765 -> 2
ip-0A23040C:56229:56893 [4] NCCL INFO threadThresholds 8/8/64 | 128/8/64 | 8/8/512
ip-0A230413:58459:59119 [4] NCCL INFO Sharp rank 4/16 initialized on mlx5_ib4:1

ip-0A230413:58459:59119 [4] sharp_plugin.c:288 NCCL WARN NET/IB :SHARP coll init error: Cannot create SHArP job(-11)

ip-0A230413:58459:59119 [4] NCCL INFO include/coll_net.h:21 -> 3
ip-0A230414:11217:11868 [4] NCCL INFO Sharp rank 5/16 initialized on mlx5_ib4:1

ip-0A230414:11217:11868 [4] sharp_plugin.c:288 NCCL WARN NET/IB :SHARP coll init error: Cannot create SHArP job(-11)

ip-0A230414:11217:11868 [4] NCCL INFO include/coll_net.h:21 -> 3
ip-0A230405:9892:10549 [4] NCCL INFO transport.cc:222 -> 2

ip-0A230405:9892:10549 [4] transport.cc:253 NCCL WARN Cannot initialize CollNet, using point-to-point network instead
ip-0A230405:9892:10549 [4] NCCL INFO init.cc:765 -> 2
ip-0A23040C:56229:56893 [4] NCCL INFO 2 coll channels, 2 p2p channels, 2 p2p channels per peer
ip-0A23040B:31340:31993 [4] NCCL INFO transport.cc:222 -> 2

ip-0A23040B:31340:31993 [4] transport.cc:253 NCCL WARN Cannot initialize CollNet, using point-to-point network instead
ip-0A23040B:31340:31993 [4] NCCL INFO init.cc:765 -> 2
ip-0A230405:9892:10549 [4] NCCL INFO threadThresholds 8/8/64 | 128/8/64 | 8/8/512
ip-0A230405:9892:10549 [4] NCCL INFO 2 coll channels, 2 p2p channels, 2 p2p channels per peer
ip-0A23040F:74064:74723 [4] NCCL INFO transport.cc:222 -> 2

ip-0A23040F:74064:74723 [4] transport.cc:253 NCCL WARN Cannot initialize CollNet, using point-to-point network instead
ip-0A23040F:74064:74723 [4] NCCL INFO init.cc:765 -> 2
ip-0A23040B:31340:31993 [4] NCCL INFO threadThresholds 8/8/64 | 128/8/64 | 8/8/512
ip-0A23040F:74064:74723 [4] NCCL INFO threadThresholds 8/8/64 | 128/8/64 | 8/8/512
ip-0A23040F:74064:74723 [4] NCCL INFO 2 coll channels, 2 p2p channels, 2 p2p channels per peer
ip-0A23041A:7483:8135 [4] NCCL INFO transport.cc:222 -> 2

ip-0A23041A:7483:8135 [4] transport.cc:253 NCCL WARN Cannot initialize CollNet, using point-to-point network instead
ip-0A23040B:31340:31993 [4] NCCL INFO 2 coll channels, 2 p2p channels, 2 p2p channels per peer
ip-0A230417:47972:48619 [4] NCCL INFO transport.cc:222 -> 2
ip-0A23041A:7483:8135 [4] NCCL INFO init.cc:765 -> 2

ip-0A230417:47972:48619 [4] transport.cc:253 NCCL WARN Cannot initialize CollNet, using point-to-point network instead
ip-0A230417:47972:48619 [4] NCCL INFO init.cc:765 -> 2
ip-0A23041D:13071:13724 [4] NCCL INFO transport.cc:222 -> 2

ip-0A23041D:13071:13724 [4] transport.cc:253 NCCL WARN Cannot initialize CollNet, using point-to-point network instead
ip-0A23041D:13071:13724 [4] NCCL INFO init.cc:765 -> 2
ip-0A23041A:7483:8135 [4] NCCL INFO threadThresholds 8/8/64 | 128/8/64 | 8/8/512
ip-0A230412:14944:15606 [4] NCCL INFO transport.cc:222 -> 2

ip-0A230412:14944:15606 [4] transport.cc:253 NCCL WARN Cannot initialize CollNet, using point-to-point network instead
ip-0A230412:14944:15606 [4] NCCL INFO init.cc:765 -> 2
ip-0A230417:47972:48619 [4] NCCL INFO threadThresholds 8/8/64 | 128/8/64 | 8/8/512
ip-0A23041D:13071:13724 [4] NCCL INFO threadThresholds 8/8/64 | 128/8/64 | 8/8/512
ip-0A230410:45540:46200 [4] NCCL INFO transport.cc:222 -> 2

ip-0A230410:45540:46200 [4] transport.cc:253 NCCL WARN Cannot initialize CollNet, using point-to-point network instead
ip-0A230410:45540:46200 [4] NCCL INFO init.cc:765 -> 2
ip-0A23041A:7483:8135 [4] NCCL INFO 2 coll channels, 2 p2p channels, 2 p2p channels per peer
ip-0A230412:14944:15606 [4] NCCL INFO threadThresholds 8/8/64 | 128/8/64 | 8/8/512
ip-0A230412:14944:15606 [4] NCCL INFO 2 coll channels, 2 p2p channels, 2 p2p channels per peer
ip-0A230417:47972:48619 [4] NCCL INFO 2 coll channels, 2 p2p channels, 2 p2p channels per peer
ip-0A23041D:13071:13724 [4] NCCL INFO 2 coll channels, 2 p2p channels, 2 p2p channels per peer
ip-0A230410:45540:46200 [4] NCCL INFO threadThresholds 8/8/64 | 128/8/64 | 8/8/512
ip-0A230410:45540:46200 [4] NCCL INFO 2 coll channels, 2 p2p channels, 2 p2p channels per peer
ip-0A230408:58308:58965 [4] NCCL INFO transport.cc:222 -> 2

ip-0A230408:58308:58965 [4] transport.cc:253 NCCL WARN Cannot initialize CollNet, using point-to-point network instead
ip-0A230408:58308:58965 [4] NCCL INFO init.cc:765 -> 2
ip-0A230413:58459:59118 [4] NCCL INFO transport.cc:222 -> 2

ip-0A230413:58459:59118 [4] transport.cc:253 NCCL WARN Cannot initialize CollNet, using point-to-point network instead
ip-0A230413:58459:59118 [4] NCCL INFO init.cc:765 -> 2
ip-0A230408:58308:58965 [4] NCCL INFO threadThresholds 8/8/64 | 128/8/64 | 8/8/512
ip-0A230408:58308:58965 [4] NCCL INFO 2 coll channels, 2 p2p channels, 2 p2p channels per peer
ip-0A230413:58459:59118 [4] NCCL INFO threadThresholds 8/8/64 | 128/8/64 | 8/8/512
ip-0A23040E:57451:58119 [4] NCCL INFO transport.cc:222 -> 2

ip-0A23040E:57451:58119 [4] transport.cc:253 NCCL WARN Cannot initialize CollNet, using point-to-point network instead
ip-0A23040E:57451:58119 [4] NCCL INFO init.cc:765 -> 2
ip-0A230406:94260:94916 [4] NCCL INFO transport.cc:222 -> 2

ip-0A230406:94260:94916 [4] transport.cc:253 NCCL WARN Cannot initialize CollNet, using point-to-point network instead
ip-0A230414:11217:11867 [4] NCCL INFO transport.cc:222 -> 2
ip-0A230413:58459:59118 [4] NCCL INFO 2 coll channels, 2 p2p channels, 2 p2p channels per peer
ip-0A23040E:57451:58119 [4] NCCL INFO threadThresholds 8/8/64 | 128/8/64 | 8/8/512
ip-0A23040E:57451:58119 [4] NCCL INFO 2 coll channels, 2 p2p channels, 2 p2p channels per peer
ip-0A230406:94260:94916 [4] NCCL INFO init.cc:765 -> 2

ip-0A230414:11217:11867 [4] transport.cc:253 NCCL WARN Cannot initialize CollNet, using point-to-point network instead
ip-0A230414:11217:11867 [4] NCCL INFO init.cc:765 -> 2
ip-0A230406:94260:94916 [4] NCCL INFO threadThresholds 8/8/64 | 128/8/64 | 8/8/512
ip-0A230414:11217:11867 [4] NCCL INFO threadThresholds 8/8/64 | 128/8/64 | 8/8/512
ip-0A230414:11217:11867 [4] NCCL INFO 2 coll channels, 2 p2p channels, 2 p2p channels per peer
ip-0A230406:94260:94916 [4] NCCL INFO 2 coll channels, 2 p2p channels, 2 p2p channels per peer
ip-0A23041A:7483:8135 [4] NCCL INFO comm 0x153020008fb0 rank 9 nranks 16 cudaDev 4 busId b00000 - Init COMPLETE
ip-0A23040C:56229:56893 [4] NCCL INFO comm 0x149638008fb0 rank 15 nranks 16 cudaDev 4 busId b00000 - Init COMPLETE
ip-0A23040B:31340:31993 [4] NCCL INFO comm 0x14f718008fb0 rank 13 nranks 16 cudaDev 4 busId b00000 - Init COMPLETE
ip-0A23040F:74064:74723 [4] NCCL INFO comm 0x1468c4008fb0 rank 1 nranks 16 cudaDev 4 busId b00000 - Init COMPLETE
ip-0A230417:47972:48619 [4] NCCL INFO comm 0x149140008fb0 rank 6 nranks 16 cudaDev 4 busId b00000 - Init COMPLETE
ip-0A230410:45540:46200 [4] NCCL INFO comm 0x1517e0008fb0 rank 2 nranks 16 cudaDev 4 busId b00000 - Init COMPLETE
ip-0A230414:11217:11867 [4] NCCL INFO comm 0x1480b4008fb0 rank 5 nranks 16 cudaDev 4 busId b00000 - Init COMPLETE
ip-0A23041D:13071:13724 [4] NCCL INFO comm 0x150280008fb0 rank 10 nranks 16 cudaDev 4 busId b00000 - Init COMPLETE
ip-0A230406:94260:94916 [4] NCCL INFO comm 0x14b618008fb0 rank 7 nranks 16 cudaDev 4 busId b00000 - Init COMPLETE
ip-0A230412:14944:15606 [4] NCCL INFO comm 0x14d204008fb0 rank 3 nranks 16 cudaDev 4 busId b00000 - Init COMPLETE
ip-0A230405:9892:10549 [4] NCCL INFO comm 0x152444008fb0 rank 11 nranks 16 cudaDev 4 busId b00000 - Init COMPLETE
ip-0A230408:58308:58965 [4] NCCL INFO comm 0x1524a4008fb0 rank 8 nranks 16 cudaDev 4 busId b00000 - Init COMPLETE
ip-0A23040E:57451:58119 [4] NCCL INFO comm 0x1480c0008fb0 rank 14 nranks 16 cudaDev 4 busId b00000 - Init COMPLETE
ip-0A230407:47663:48328 [4] NCCL INFO comm 0x147930008fb0 rank 12 nranks 16 cudaDev 4 busId b00000 - Init COMPLETE
ip-0A230413:58459:59118 [4] NCCL INFO comm 0x154178008fb0 rank 4 nranks 16 cudaDev 4 busId b00000 - Init COMPLETE
ip-0A23040D:18729:19396 [4] NCCL INFO Sharp rank 0/16 initialized on mlx5_ib4:1

ip-0A23040D:18729:19396 [4] sharp_plugin.c:288 NCCL WARN NET/IB :SHARP coll init error: Cannot create SHArP job(-11)

ip-0A23040D:18729:19396 [4] NCCL INFO include/coll_net.h:21 -> 3
ip-0A23040D:18729:19395 [4] NCCL INFO transport.cc:222 -> 2

ip-0A23040D:18729:19395 [4] transport.cc:253 NCCL WARN Cannot initialize CollNet, using point-to-point network instead
ip-0A23040D:18729:19395 [4] NCCL INFO init.cc:765 -> 2
ip-0A23040D:18729:19395 [4] NCCL INFO threadThresholds 8/8/64 | 128/8/64 | 8/8/512
ip-0A23040D:18729:19395 [4] NCCL INFO 2 coll channels, 2 p2p channels, 2 p2p channels per peer
ip-0A23040D:18729:19395 [4] NCCL INFO comm 0x147b18008fb0 rank 0 nranks 16 cudaDev 4 busId b00000 - Init COMPLETE
ip-0A23040D:18729:18729 [4] NCCL INFO Launch mode Parallel
ip-0A23040D:18731:18731 [5] NCCL INFO Bootstrap : Using eth0:10.35.4.13<0>
ip-0A23040D:18731:18731 [5] NCCL INFO NET/Plugin: Failed to find ncclNetPlugin_v5 symbol.
ip-0A23040D:18731:18731 [5] NCCL INFO NET/Plugin: Failed to find ncclCollNetPlugin_v5 symbol.
ip-0A23040D:18731:18731 [5] NCCL INFO Plugin Path : /opt/hpcx/nccl_rdma_sharp_plugin/lib/libnccl-net.so
ip-0A23040D:18731:18731 [5] NCCL INFO P2P plugin IBext
ip-0A23040D:18731:18731 [5] NCCL INFO NCCL_IB_PCI_RELAXED_ORDERING set by environment to 1.
ip-0A23040D:18731:18731 [5] NCCL INFO NET/IB : Using [0]mlx5_ib0:1/IB/SHARP [1]mlx5_ib1:1/IB/SHARP [2]mlx5_ib2:1/IB/SHARP [3]mlx5_ib3:1/IB/SHARP [4]mlx5_ib4:1/IB/SHARP [5]mlx5_ib5:1/IB/SHARP [6]mlx5_ib6:1/IB/SHARP [7]mlx5_ib7:1/IB/SHARP ; OOB eth0:10.35.4.13<0>
ip-0A23040D:18731:18731 [5] NCCL INFO Using network IBext
NCCL version 2.12.10+cuda11.6
ip-0A230413:58460:58460 [5] NCCL INFO Bootstrap : Using eth0:10.35.4.19<0>
ip-0A23041D:13074:13074 [5] NCCL INFO Bootstrap : Using eth0:10.35.4.29<0>
ip-0A23040C:56236:56236 [5] NCCL INFO Bootstrap : Using eth0:10.35.4.12<0>
ip-0A230405:9891:9891 [5] NCCL INFO Bootstrap : Using eth0:10.35.4.5<0>
ip-0A230408:58309:58309 [5] NCCL INFO Bootstrap : Using eth0:10.35.4.8<0>
ip-0A230407:47664:47664 [5] NCCL INFO Bootstrap : Using eth0:10.35.4.7<0>
ip-0A230414:11222:11222 [5] NCCL INFO Bootstrap : Using eth0:10.35.4.20<0>
ip-0A23040F:74060:74060 [5] NCCL INFO Bootstrap : Using eth0:10.35.4.15<0>
ip-0A23040B:31344:31344 [5] NCCL INFO Bootstrap : Using eth0:10.35.4.11<0>
ip-0A230406:94262:94262 [5] NCCL INFO Bootstrap : Using eth0:10.35.4.6<0>
ip-0A23041A:7487:7487 [5] NCCL INFO Bootstrap : Using eth0:10.35.4.26<0>
ip-0A230410:45538:45538 [5] NCCL INFO Bootstrap : Using eth0:10.35.4.16<0>
ip-0A23040E:57455:57455 [5] NCCL INFO Bootstrap : Using eth0:10.35.4.14<0>
ip-0A230417:47967:47967 [5] NCCL INFO Bootstrap : Using eth0:10.35.4.23<0>
ip-0A230412:14940:14940 [5] NCCL INFO Bootstrap : Using eth0:10.35.4.18<0>
ip-0A23040C:56236:56236 [5] NCCL INFO NET/Plugin: Failed to find ncclNetPlugin_v5 symbol.
ip-0A23040C:56236:56236 [5] NCCL INFO NET/Plugin: Failed to find ncclCollNetPlugin_v5 symbol.
ip-0A23040C:56236:56236 [5] NCCL INFO Plugin Path : /opt/hpcx/nccl_rdma_sharp_plugin/lib/libnccl-net.so
ip-0A23040C:56236:56236 [5] NCCL INFO P2P plugin IBext
ip-0A23040C:56236:56236 [5] NCCL INFO NCCL_IB_PCI_RELAXED_ORDERING set by environment to 1.
ip-0A230407:47664:47664 [5] NCCL INFO NET/Plugin: Failed to find ncclNetPlugin_v5 symbol.
ip-0A230407:47664:47664 [5] NCCL INFO NET/Plugin: Failed to find ncclCollNetPlugin_v5 symbol.
ip-0A230408:58309:58309 [5] NCCL INFO NET/Plugin: Failed to find ncclNetPlugin_v5 symbol.
ip-0A230408:58309:58309 [5] NCCL INFO NET/Plugin: Failed to find ncclCollNetPlugin_v5 symbol.
ip-0A230407:47664:47664 [5] NCCL INFO Plugin Path : /opt/hpcx/nccl_rdma_sharp_plugin/lib/libnccl-net.so
ip-0A230407:47664:47664 [5] NCCL INFO P2P plugin IBext
ip-0A230407:47664:47664 [5] NCCL INFO NCCL_IB_PCI_RELAXED_ORDERING set by environment to 1.
ip-0A230408:58309:58309 [5] NCCL INFO Plugin Path : /opt/hpcx/nccl_rdma_sharp_plugin/lib/libnccl-net.so
ip-0A230408:58309:58309 [5] NCCL INFO P2P plugin IBext
ip-0A230408:58309:58309 [5] NCCL INFO NCCL_IB_PCI_RELAXED_ORDERING set by environment to 1.
ip-0A230413:58460:58460 [5] NCCL INFO NET/Plugin: Failed to find ncclNetPlugin_v5 symbol.
ip-0A230413:58460:58460 [5] NCCL INFO NET/Plugin: Failed to find ncclCollNetPlugin_v5 symbol.
ip-0A230413:58460:58460 [5] NCCL INFO Plugin Path : /opt/hpcx/nccl_rdma_sharp_plugin/lib/libnccl-net.so
ip-0A230413:58460:58460 [5] NCCL INFO P2P plugin IBext
ip-0A230413:58460:58460 [5] NCCL INFO NCCL_IB_PCI_RELAXED_ORDERING set by environment to 1.
ip-0A23040B:31344:31344 [5] NCCL INFO NET/Plugin: Failed to find ncclNetPlugin_v5 symbol.
ip-0A23040B:31344:31344 [5] NCCL INFO NET/Plugin: Failed to find ncclCollNetPlugin_v5 symbol.
ip-0A23040B:31344:31344 [5] NCCL INFO Plugin Path : /opt/hpcx/nccl_rdma_sharp_plugin/lib/libnccl-net.so
ip-0A23040B:31344:31344 [5] NCCL INFO P2P plugin IBext
ip-0A23040B:31344:31344 [5] NCCL INFO NCCL_IB_PCI_RELAXED_ORDERING set by environment to 1.
ip-0A230414:11222:11222 [5] NCCL INFO NET/Plugin: Failed to find ncclNetPlugin_v5 symbol.
ip-0A230414:11222:11222 [5] NCCL INFO NET/Plugin: Failed to find ncclCollNetPlugin_v5 symbol.
ip-0A230414:11222:11222 [5] NCCL INFO Plugin Path : /opt/hpcx/nccl_rdma_sharp_plugin/lib/libnccl-net.so
ip-0A230414:11222:11222 [5] NCCL INFO P2P plugin IBext
ip-0A230414:11222:11222 [5] NCCL INFO NCCL_IB_PCI_RELAXED_ORDERING set by environment to 1.
ip-0A23041D:13074:13074 [5] NCCL INFO NET/Plugin: Failed to find ncclNetPlugin_v5 symbol.
ip-0A23041D:13074:13074 [5] NCCL INFO NET/Plugin: Failed to find ncclCollNetPlugin_v5 symbol.
ip-0A23041A:7487:7487 [5] NCCL INFO NET/Plugin: Failed to find ncclNetPlugin_v5 symbol.
ip-0A23041A:7487:7487 [5] NCCL INFO NET/Plugin: Failed to find ncclCollNetPlugin_v5 symbol.
ip-0A23041D:13074:13074 [5] NCCL INFO Plugin Path : /opt/hpcx/nccl_rdma_sharp_plugin/lib/libnccl-net.so
ip-0A23041D:13074:13074 [5] NCCL INFO P2P plugin IBext
ip-0A23041D:13074:13074 [5] NCCL INFO NCCL_IB_PCI_RELAXED_ORDERING set by environment to 1.
ip-0A23041A:7487:7487 [5] NCCL INFO Plugin Path : /opt/hpcx/nccl_rdma_sharp_plugin/lib/libnccl-net.so
ip-0A23041A:7487:7487 [5] NCCL INFO P2P plugin IBext
ip-0A23041A:7487:7487 [5] NCCL INFO NCCL_IB_PCI_RELAXED_ORDERING set by environment to 1.
ip-0A23040F:74060:74060 [5] NCCL INFO NET/Plugin: Failed to find ncclNetPlugin_v5 symbol.
ip-0A23040F:74060:74060 [5] NCCL INFO NET/Plugin: Failed to find ncclCollNetPlugin_v5 symbol.
ip-0A23040F:74060:74060 [5] NCCL INFO Plugin Path : /opt/hpcx/nccl_rdma_sharp_plugin/lib/libnccl-net.so
ip-0A23040F:74060:74060 [5] NCCL INFO P2P plugin IBext
ip-0A23040F:74060:74060 [5] NCCL INFO NCCL_IB_PCI_RELAXED_ORDERING set by environment to 1.
ip-0A230405:9891:9891 [5] NCCL INFO NET/Plugin: Failed to find ncclNetPlugin_v5 symbol.
ip-0A230405:9891:9891 [5] NCCL INFO NET/Plugin: Failed to find ncclCollNetPlugin_v5 symbol.
ip-0A230410:45538:45538 [5] NCCL INFO NET/Plugin: Failed to find ncclNetPlugin_v5 symbol.
ip-0A230410:45538:45538 [5] NCCL INFO NET/Plugin: Failed to find ncclCollNetPlugin_v5 symbol.
ip-0A230405:9891:9891 [5] NCCL INFO Plugin Path : /opt/hpcx/nccl_rdma_sharp_plugin/lib/libnccl-net.so
ip-0A230405:9891:9891 [5] NCCL INFO P2P plugin IBext
ip-0A230405:9891:9891 [5] NCCL INFO NCCL_IB_PCI_RELAXED_ORDERING set by environment to 1.
ip-0A230410:45538:45538 [5] NCCL INFO Plugin Path : /opt/hpcx/nccl_rdma_sharp_plugin/lib/libnccl-net.so
ip-0A230410:45538:45538 [5] NCCL INFO P2P plugin IBext
ip-0A230410:45538:45538 [5] NCCL INFO NCCL_IB_PCI_RELAXED_ORDERING set by environment to 1.
ip-0A230417:47967:47967 [5] NCCL INFO NET/Plugin: Failed to find ncclNetPlugin_v5 symbol.
ip-0A230417:47967:47967 [5] NCCL INFO NET/Plugin: Failed to find ncclCollNetPlugin_v5 symbol.
ip-0A230417:47967:47967 [5] NCCL INFO Plugin Path : /opt/hpcx/nccl_rdma_sharp_plugin/lib/libnccl-net.so
ip-0A230417:47967:47967 [5] NCCL INFO P2P plugin IBext
ip-0A230417:47967:47967 [5] NCCL INFO NCCL_IB_PCI_RELAXED_ORDERING set by environment to 1.
ip-0A23040E:57455:57455 [5] NCCL INFO NET/Plugin: Failed to find ncclNetPlugin_v5 symbol.
ip-0A23040E:57455:57455 [5] NCCL INFO NET/Plugin: Failed to find ncclCollNetPlugin_v5 symbol.
ip-0A23040E:57455:57455 [5] NCCL INFO Plugin Path : /opt/hpcx/nccl_rdma_sharp_plugin/lib/libnccl-net.so
ip-0A23040E:57455:57455 [5] NCCL INFO P2P plugin IBext
ip-0A23040E:57455:57455 [5] NCCL INFO NCCL_IB_PCI_RELAXED_ORDERING set by environment to 1.
ip-0A230406:94262:94262 [5] NCCL INFO NET/Plugin: Failed to find ncclNetPlugin_v5 symbol.
ip-0A230406:94262:94262 [5] NCCL INFO NET/Plugin: Failed to find ncclCollNetPlugin_v5 symbol.
ip-0A230406:94262:94262 [5] NCCL INFO Plugin Path : /opt/hpcx/nccl_rdma_sharp_plugin/lib/libnccl-net.so
ip-0A230406:94262:94262 [5] NCCL INFO P2P plugin IBext
ip-0A230406:94262:94262 [5] NCCL INFO NCCL_IB_PCI_RELAXED_ORDERING set by environment to 1.
ip-0A230412:14940:14940 [5] NCCL INFO NET/Plugin: Failed to find ncclNetPlugin_v5 symbol.
ip-0A230412:14940:14940 [5] NCCL INFO NET/Plugin: Failed to find ncclCollNetPlugin_v5 symbol.
ip-0A230412:14940:14940 [5] NCCL INFO Plugin Path : /opt/hpcx/nccl_rdma_sharp_plugin/lib/libnccl-net.so
ip-0A230412:14940:14940 [5] NCCL INFO P2P plugin IBext
ip-0A230412:14940:14940 [5] NCCL INFO NCCL_IB_PCI_RELAXED_ORDERING set by environment to 1.
ip-0A230408:58309:58309 [5] NCCL INFO NET/IB : Using [0]mlx5_ib0:1/IB/SHARP [1]mlx5_ib1:1/IB/SHARP [2]mlx5_ib2:1/IB/SHARP [3]mlx5_ib3:1/IB/SHARP [4]mlx5_ib4:1/IB/SHARP [5]mlx5_ib5:1/IB/SHARP [6]mlx5_ib6:1/IB/SHARP [7]mlx5_ib7:1/IB/SHARP ; OOB eth0:10.35.4.8<0>
ip-0A230408:58309:58309 [5] NCCL INFO Using network IBext
ip-0A23040C:56236:56236 [5] NCCL INFO NET/IB : Using [0]mlx5_ib0:1/IB/SHARP [1]mlx5_ib1:1/IB/SHARP [2]mlx5_ib2:1/IB/SHARP [3]mlx5_ib3:1/IB/SHARP [4]mlx5_ib4:1/IB/SHARP [5]mlx5_ib5:1/IB/SHARP [6]mlx5_ib6:1/IB/SHARP [7]mlx5_ib7:1/IB/SHARP ; OOB eth0:10.35.4.12<0>
ip-0A23040C:56236:56236 [5] NCCL INFO Using network IBext
ip-0A230414:11222:11222 [5] NCCL INFO NET/IB : Using [0]mlx5_ib0:1/IB/SHARP [1]mlx5_ib1:1/IB/SHARP [2]mlx5_ib2:1/IB/SHARP [3]mlx5_ib3:1/IB/SHARP [4]mlx5_ib4:1/IB/SHARP [5]mlx5_ib5:1/IB/SHARP [6]mlx5_ib6:1/IB/SHARP [7]mlx5_ib7:1/IB/SHARP ; OOB eth0:10.35.4.20<0>
ip-0A230414:11222:11222 [5] NCCL INFO Using network IBext
ip-0A230407:47664:47664 [5] NCCL INFO NET/IB : Using [0]mlx5_ib0:1/IB/SHARP [1]mlx5_ib1:1/IB/SHARP [2]mlx5_ib2:1/IB/SHARP [3]mlx5_ib3:1/IB/SHARP [4]mlx5_ib4:1/IB/SHARP [5]mlx5_ib5:1/IB/SHARP [6]mlx5_ib6:1/IB/SHARP [7]mlx5_ib7:1/IB/SHARP ; OOB eth0:10.35.4.7<0>
ip-0A230407:47664:47664 [5] NCCL INFO Using network IBext
ip-0A23041A:7487:7487 [5] NCCL INFO NET/IB : Using [0]mlx5_ib0:1/IB/SHARP [1]mlx5_ib1:1/IB/SHARP [2]mlx5_ib2:1/IB/SHARP [3]mlx5_ib3:1/IB/SHARP [4]mlx5_ib4:1/IB/SHARP [5]mlx5_ib5:1/IB/SHARP [6]mlx5_ib6:1/IB/SHARP [7]mlx5_ib7:1/IB/SHARP ; OOB eth0:10.35.4.26<0>
ip-0A23041A:7487:7487 [5] NCCL INFO Using network IBext
ip-0A23041D:13074:13074 [5] NCCL INFO NET/IB : Using [0]mlx5_ib0:1/IB/SHARP [1]mlx5_ib1:1/IB/SHARP [2]mlx5_ib2:1/IB/SHARP [3]mlx5_ib3:1/IB/SHARP [4]mlx5_ib4:1/IB/SHARP [5]mlx5_ib5:1/IB/SHARP [6]mlx5_ib6:1/IB/SHARP [7]mlx5_ib7:1/IB/SHARP ; OOB eth0:10.35.4.29<0>
ip-0A23041D:13074:13074 [5] NCCL INFO Using network IBext
ip-0A230413:58460:58460 [5] NCCL INFO NET/IB : Using [0]mlx5_ib0:1/IB/SHARP [1]mlx5_ib1:1/IB/SHARP [2]mlx5_ib2:1/IB/SHARP [3]mlx5_ib3:1/IB/SHARP [4]mlx5_ib4:1/IB/SHARP [5]mlx5_ib5:1/IB/SHARP [6]mlx5_ib6:1/IB/SHARP [7]mlx5_ib7:1/IB/SHARP ; OOB eth0:10.35.4.19<0>
ip-0A230413:58460:58460 [5] NCCL INFO Using network IBext
ip-0A23040B:31344:31344 [5] NCCL INFO NET/IB : Using [0]mlx5_ib0:1/IB/SHARP [1]mlx5_ib1:1/IB/SHARP [2]mlx5_ib2:1/IB/SHARP [3]mlx5_ib3:1/IB/SHARP [4]mlx5_ib4:1/IB/SHARP [5]mlx5_ib5:1/IB/SHARP [6]mlx5_ib6:1/IB/SHARP [7]mlx5_ib7:1/IB/SHARP ; OOB eth0:10.35.4.11<0>
ip-0A23040B:31344:31344 [5] NCCL INFO Using network IBext
ip-0A23040F:74060:74060 [5] NCCL INFO NET/IB : Using [0]mlx5_ib0:1/IB/SHARP [1]mlx5_ib1:1/IB/SHARP [2]mlx5_ib2:1/IB/SHARP [3]mlx5_ib3:1/IB/SHARP [4]mlx5_ib4:1/IB/SHARP [5]mlx5_ib5:1/IB/SHARP [6]mlx5_ib6:1/IB/SHARP [7]mlx5_ib7:1/IB/SHARP ; OOB eth0:10.35.4.15<0>
ip-0A23040F:74060:74060 [5] NCCL INFO Using network IBext
ip-0A230417:47967:47967 [5] NCCL INFO NET/IB : Using [0]mlx5_ib0:1/IB/SHARP [1]mlx5_ib1:1/IB/SHARP [2]mlx5_ib2:1/IB/SHARP [3]mlx5_ib3:1/IB/SHARP [4]mlx5_ib4:1/IB/SHARP [5]mlx5_ib5:1/IB/SHARP [6]mlx5_ib6:1/IB/SHARP [7]mlx5_ib7:1/IB/SHARP ; OOB eth0:10.35.4.23<0>
ip-0A230417:47967:47967 [5] NCCL INFO Using network IBext
ip-0A230405:9891:9891 [5] NCCL INFO NET/IB : Using [0]mlx5_ib0:1/IB/SHARP [1]mlx5_ib1:1/IB/SHARP [2]mlx5_ib2:1/IB/SHARP [3]mlx5_ib3:1/IB/SHARP [4]mlx5_ib4:1/IB/SHARP [5]mlx5_ib5:1/IB/SHARP [6]mlx5_ib6:1/IB/SHARP [7]mlx5_ib7:1/IB/SHARP ; OOB eth0:10.35.4.5<0>
ip-0A230405:9891:9891 [5] NCCL INFO Using network IBext
ip-0A230410:45538:45538 [5] NCCL INFO NET/IB : Using [0]mlx5_ib0:1/IB/SHARP [1]mlx5_ib1:1/IB/SHARP [2]mlx5_ib2:1/IB/SHARP [3]mlx5_ib3:1/IB/SHARP [4]mlx5_ib4:1/IB/SHARP [5]mlx5_ib5:1/IB/SHARP [6]mlx5_ib6:1/IB/SHARP [7]mlx5_ib7:1/IB/SHARP ; OOB eth0:10.35.4.16<0>
ip-0A230410:45538:45538 [5] NCCL INFO Using network IBext
ip-0A23040E:57455:57455 [5] NCCL INFO NET/IB : Using [0]mlx5_ib0:1/IB/SHARP [1]mlx5_ib1:1/IB/SHARP [2]mlx5_ib2:1/IB/SHARP [3]mlx5_ib3:1/IB/SHARP [4]mlx5_ib4:1/IB/SHARP [5]mlx5_ib5:1/IB/SHARP [6]mlx5_ib6:1/IB/SHARP [7]mlx5_ib7:1/IB/SHARP ; OOB eth0:10.35.4.14<0>
ip-0A23040E:57455:57455 [5] NCCL INFO Using network IBext
ip-0A230406:94262:94262 [5] NCCL INFO NET/IB : Using [0]mlx5_ib0:1/IB/SHARP [1]mlx5_ib1:1/IB/SHARP [2]mlx5_ib2:1/IB/SHARP [3]mlx5_ib3:1/IB/SHARP [4]mlx5_ib4:1/IB/SHARP [5]mlx5_ib5:1/IB/SHARP [6]mlx5_ib6:1/IB/SHARP [7]mlx5_ib7:1/IB/SHARP ; OOB eth0:10.35.4.6<0>
ip-0A230406:94262:94262 [5] NCCL INFO Using network IBext
ip-0A230412:14940:14940 [5] NCCL INFO NET/IB : Using [0]mlx5_ib0:1/IB/SHARP [1]mlx5_ib1:1/IB/SHARP [2]mlx5_ib2:1/IB/SHARP [3]mlx5_ib3:1/IB/SHARP [4]mlx5_ib4:1/IB/SHARP [5]mlx5_ib5:1/IB/SHARP [6]mlx5_ib6:1/IB/SHARP [7]mlx5_ib7:1/IB/SHARP ; OOB eth0:10.35.4.18<0>
ip-0A230412:14940:14940 [5] NCCL INFO Using network IBext
ip-0A23040B:31344:32016 [5] NCCL INFO NCCL_P2P_LEVEL set by environment to LOC
ip-0A23040B:31344:32016 [5] NCCL INFO PXN Disabled as plugin is v4
ip-0A23040F:74060:74737 [5] NCCL INFO NCCL_P2P_LEVEL set by environment to LOC
ip-0A230412:14940:15619 [5] NCCL INFO NCCL_P2P_LEVEL set by environment to LOC
ip-0A23040B:31344:32016 [5] NCCL INFO NCCL_COLLNET_ENABLE set by environment to 1.
ip-0A230413:58460:59131 [5] NCCL INFO NCCL_P2P_LEVEL set by environment to LOC
ip-0A23040F:74060:74737 [5] NCCL INFO PXN Disabled as plugin is v4
ip-0A230417:47967:48632 [5] NCCL INFO NCCL_P2P_LEVEL set by environment to LOC
ip-0A230412:14940:15619 [5] NCCL INFO PXN Disabled as plugin is v4
ip-0A230414:11222:11891 [5] NCCL INFO NCCL_P2P_LEVEL set by environment to LOC
ip-0A230406:94262:94929 [5] NCCL INFO NCCL_P2P_LEVEL set by environment to LOC
ip-0A230413:58460:59131 [5] NCCL INFO PXN Disabled as plugin is v4
ip-0A230407:47664:48341 [5] NCCL INFO NCCL_P2P_LEVEL set by environment to LOC
ip-0A230405:9891:10563 [5] NCCL INFO NCCL_P2P_LEVEL set by environment to LOC
ip-0A230417:47967:48632 [5] NCCL INFO PXN Disabled as plugin is v4
ip-0A230414:11222:11891 [5] NCCL INFO PXN Disabled as plugin is v4
ip-0A23040F:74060:74737 [5] NCCL INFO NCCL_COLLNET_ENABLE set by environment to 1.
ip-0A230412:14940:15619 [5] NCCL INFO NCCL_COLLNET_ENABLE set by environment to 1.
ip-0A230406:94262:94929 [5] NCCL INFO PXN Disabled as plugin is v4
ip-0A230413:58460:59131 [5] NCCL INFO NCCL_COLLNET_ENABLE set by environment to 1.
ip-0A230405:9891:10563 [5] NCCL INFO PXN Disabled as plugin is v4
ip-0A23040C:56236:56906 [5] NCCL INFO NCCL_P2P_LEVEL set by environment to LOC
ip-0A230407:47664:48341 [5] NCCL INFO PXN Disabled as plugin is v4
ip-0A230417:47967:48632 [5] NCCL INFO NCCL_COLLNET_ENABLE set by environment to 1.
ip-0A230414:11222:11891 [5] NCCL INFO NCCL_COLLNET_ENABLE set by environment to 1.
ip-0A230406:94262:94929 [5] NCCL INFO NCCL_COLLNET_ENABLE set by environment to 1.
ip-0A23040E:57455:58133 [5] NCCL INFO NCCL_P2P_LEVEL set by environment to LOC
ip-0A23041D:13074:13747 [5] NCCL INFO NCCL_P2P_LEVEL set by environment to LOC
ip-0A230410:45538:46214 [5] NCCL INFO NCCL_P2P_LEVEL set by environment to LOC
ip-0A23040C:56236:56906 [5] NCCL INFO PXN Disabled as plugin is v4
ip-0A230405:9891:10563 [5] NCCL INFO NCCL_COLLNET_ENABLE set by environment to 1.
ip-0A230407:47664:48341 [5] NCCL INFO NCCL_COLLNET_ENABLE set by environment to 1.
ip-0A23040E:57455:58133 [5] NCCL INFO PXN Disabled as plugin is v4
ip-0A23041D:13074:13747 [5] NCCL INFO PXN Disabled as plugin is v4
ip-0A230410:45538:46214 [5] NCCL INFO PXN Disabled as plugin is v4
ip-0A23040C:56236:56906 [5] NCCL INFO NCCL_COLLNET_ENABLE set by environment to 1.
ip-0A23040E:57455:58133 [5] NCCL INFO NCCL_COLLNET_ENABLE set by environment to 1.
ip-0A23041D:13074:13747 [5] NCCL INFO NCCL_COLLNET_ENABLE set by environment to 1.
ip-0A230410:45538:46214 [5] NCCL INFO NCCL_COLLNET_ENABLE set by environment to 1.
ip-0A230408:58309:58978 [5] NCCL INFO NCCL_P2P_LEVEL set by environment to LOC
ip-0A230408:58309:58978 [5] NCCL INFO PXN Disabled as plugin is v4
ip-0A230408:58309:58978 [5] NCCL INFO NCCL_COLLNET_ENABLE set by environment to 1.
ip-0A23041A:7487:8148 [5] NCCL INFO NCCL_P2P_LEVEL set by environment to LOC
ip-0A23041A:7487:8148 [5] NCCL INFO PXN Disabled as plugin is v4
ip-0A23041A:7487:8148 [5] NCCL INFO NCCL_COLLNET_ENABLE set by environment to 1.
ip-0A23040D:18731:19409 [5] NCCL INFO NCCL_P2P_LEVEL set by environment to LOC
ip-0A23040D:18731:19409 [5] NCCL INFO PXN Disabled as plugin is v4
ip-0A23040D:18731:19409 [5] NCCL INFO NCCL_COLLNET_ENABLE set by environment to 1.
ip-0A23040D:18731:19409 [5] NCCL INFO Channel 00/02 :    0   1   2   3   4   5   6   7   8   9  10  11  12  13  14  15
ip-0A23040D:18731:19409 [5] NCCL INFO Channel 01/02 :    0   1   2   3   4   5   6   7   8   9  10  11  12  13  14  15
ip-0A23040D:18731:19409 [5] NCCL INFO Trees [0] 8/-1/-1->0->-1 [1] -1/-1/-1->0->1
ip-0A23040F:74060:74737 [5] NCCL INFO Trees [0] -1/-1/-1->1->2 [1] 2/0/-1->1->3
ip-0A230410:45538:46214 [5] NCCL INFO Trees [0] 1/3/-1->2->4 [1] -1/-1/-1->2->1
ip-0A230412:14940:15619 [5] NCCL INFO Trees [0] -1/-1/-1->3->2 [1] 5/1/-1->3->7
ip-0A230413:58460:59131 [5] NCCL INFO Trees [0] 2/6/-1->4->8 [1] -1/-1/-1->4->5
ip-0A230417:47967:48632 [5] NCCL INFO Trees [0] 5/7/-1->6->4 [1] -1/-1/-1->6->5
ip-0A230414:11222:11891 [5] NCCL INFO Trees [0] -1/-1/-1->5->6 [1] 6/4/-1->5->3
ip-0A230406:94262:94929 [5] NCCL INFO Trees [0] -1/-1/-1->7->6 [1] 11/3/-1->7->15
ip-0A230408:58309:58978 [5] NCCL INFO Trees [0] 4/12/-1->8->0 [1] -1/-1/-1->8->9
ip-0A23041A:7487:8148 [5] NCCL INFO Trees [0] -1/-1/-1->9->10 [1] 10/8/-1->9->11
ip-0A230405:9891:10563 [5] NCCL INFO Trees [0] -1/-1/-1->11->10 [1] 13/9/-1->11->7
ip-0A23041D:13074:13747 [5] NCCL INFO Trees [0] 9/11/-1->10->12 [1] -1/-1/-1->10->9
ip-0A230407:47664:48341 [5] NCCL INFO Trees [0] 10/14/-1->12->8 [1] -1/-1/-1->12->13
ip-0A23040B:31344:32016 [5] NCCL INFO Trees [0] -1/-1/-1->13->14 [1] 14/12/-1->13->11
ip-0A23040E:57455:58133 [5] NCCL INFO Trees [0] 13/15/-1->14->12 [1] -1/-1/-1->14->13
ip-0A23040C:56236:56906 [5] NCCL INFO Trees [0] -1/-1/-1->15->14 [1] 7/-1/-1->15->-1
ip-0A23040D:18731:19409 [5] NCCL INFO Channel 00/0 : 15[c00000] -> 0[c00000] [receive] via NET/IBext/5
ip-0A23040F:74060:74737 [5] NCCL INFO Channel 00/0 : 0[c00000] -> 1[c00000] [receive] via NET/IBext/5
ip-0A23040D:18731:19409 [5] NCCL INFO Channel 01/0 : 15[c00000] -> 0[c00000] [receive] via NET/IBext/5
ip-0A230410:45538:46214 [5] NCCL INFO Channel 00/0 : 1[c00000] -> 2[c00000] [receive] via NET/IBext/5
ip-0A23040D:18731:19409 [5] NCCL INFO Channel 00/0 : 0[c00000] -> 1[c00000] [send] via NET/IBext/5
ip-0A23040F:74060:74737 [5] NCCL INFO Channel 01/0 : 0[c00000] -> 1[c00000] [receive] via NET/IBext/5
ip-0A23040F:74060:74737 [5] NCCL INFO Channel 00/0 : 1[c00000] -> 2[c00000] [send] via NET/IBext/5
ip-0A23040D:18731:19409 [5] NCCL INFO Channel 01/0 : 0[c00000] -> 1[c00000] [send] via NET/IBext/5
ip-0A23040F:74060:74737 [5] NCCL INFO Channel 01/0 : 1[c00000] -> 2[c00000] [send] via NET/IBext/5
ip-0A230410:45538:46214 [5] NCCL INFO Channel 01/0 : 1[c00000] -> 2[c00000] [receive] via NET/IBext/5
ip-0A230410:45538:46214 [5] NCCL INFO Channel 00/0 : 2[c00000] -> 3[c00000] [send] via NET/IBext/5
ip-0A230412:14940:15619 [5] NCCL INFO Channel 00/0 : 2[c00000] -> 3[c00000] [receive] via NET/IBext/5
ip-0A230410:45538:46214 [5] NCCL INFO Channel 01/0 : 2[c00000] -> 3[c00000] [send] via NET/IBext/5
ip-0A230413:58460:59131 [5] NCCL INFO Channel 00/0 : 3[c00000] -> 4[c00000] [receive] via NET/IBext/5
ip-0A230417:47967:48632 [5] NCCL INFO Channel 00/0 : 5[c00000] -> 6[c00000] [receive] via NET/IBext/5
ip-0A230412:14940:15619 [5] NCCL INFO Channel 01/0 : 2[c00000] -> 3[c00000] [receive] via NET/IBext/5
ip-0A230414:11222:11891 [5] NCCL INFO Channel 00/0 : 4[c00000] -> 5[c00000] [receive] via NET/IBext/5
ip-0A230412:14940:15619 [5] NCCL INFO Channel 00/0 : 3[c00000] -> 4[c00000] [send] via NET/IBext/5
ip-0A230413:58460:59131 [5] NCCL INFO Channel 01/0 : 3[c00000] -> 4[c00000] [receive] via NET/IBext/5
ip-0A230412:14940:15619 [5] NCCL INFO Channel 01/0 : 3[c00000] -> 4[c00000] [send] via NET/IBext/5
ip-0A230413:58460:59131 [5] NCCL INFO Channel 00/0 : 4[c00000] -> 5[c00000] [send] via NET/IBext/5
ip-0A230417:47967:48632 [5] NCCL INFO Channel 01/0 : 5[c00000] -> 6[c00000] [receive] via NET/IBext/5
ip-0A230417:47967:48632 [5] NCCL INFO Channel 00/0 : 6[c00000] -> 7[c00000] [send] via NET/IBext/5
ip-0A230413:58460:59131 [5] NCCL INFO Channel 01/0 : 4[c00000] -> 5[c00000] [send] via NET/IBext/5
ip-0A230414:11222:11891 [5] NCCL INFO Channel 01/0 : 4[c00000] -> 5[c00000] [receive] via NET/IBext/5
ip-0A230414:11222:11891 [5] NCCL INFO Channel 00/0 : 5[c00000] -> 6[c00000] [send] via NET/IBext/5
ip-0A230417:47967:48632 [5] NCCL INFO Channel 01/0 : 6[c00000] -> 7[c00000] [send] via NET/IBext/5
ip-0A230406:94262:94929 [5] NCCL INFO Channel 00/0 : 6[c00000] -> 7[c00000] [receive] via NET/IBext/5
ip-0A230414:11222:11891 [5] NCCL INFO Channel 01/0 : 5[c00000] -> 6[c00000] [send] via NET/IBext/5
ip-0A230408:58309:58978 [5] NCCL INFO Channel 00/0 : 7[c00000] -> 8[c00000] [receive] via NET/IBext/5
ip-0A230406:94262:94929 [5] NCCL INFO Channel 01/0 : 6[c00000] -> 7[c00000] [receive] via NET/IBext/5
ip-0A230406:94262:94929 [5] NCCL INFO Channel 00/0 : 7[c00000] -> 8[c00000] [send] via NET/IBext/5
ip-0A230408:58309:58978 [5] NCCL INFO Channel 01/0 : 7[c00000] -> 8[c00000] [receive] via NET/IBext/5
ip-0A230408:58309:58978 [5] NCCL INFO Channel 00/0 : 8[c00000] -> 9[c00000] [send] via NET/IBext/5
ip-0A230406:94262:94929 [5] NCCL INFO Channel 01/0 : 7[c00000] -> 8[c00000] [send] via NET/IBext/5
ip-0A230407:47664:48341 [5] NCCL INFO Channel 00/0 : 11[c00000] -> 12[c00000] [receive] via NET/IBext/5
ip-0A23041D:13074:13747 [5] NCCL INFO Channel 00/0 : 9[c00000] -> 10[c00000] [receive] via NET/IBext/5
ip-0A23041A:7487:8148 [5] NCCL INFO Channel 00/0 : 8[c00000] -> 9[c00000] [receive] via NET/IBext/5
ip-0A230408:58309:58978 [5] NCCL INFO Channel 01/0 : 8[c00000] -> 9[c00000] [send] via NET/IBext/5
ip-0A230405:9891:10563 [5] NCCL INFO Channel 00/0 : 10[c00000] -> 11[c00000] [receive] via NET/IBext/5
ip-0A23040B:31344:32016 [5] NCCL INFO Channel 00/0 : 12[c00000] -> 13[c00000] [receive] via NET/IBext/5
ip-0A23041D:13074:13747 [5] NCCL INFO Channel 01/0 : 9[c00000] -> 10[c00000] [receive] via NET/IBext/5
ip-0A230407:47664:48341 [5] NCCL INFO Channel 01/0 : 11[c00000] -> 12[c00000] [receive] via NET/IBext/5
ip-0A23041D:13074:13747 [5] NCCL INFO Channel 00/0 : 10[c00000] -> 11[c00000] [send] via NET/IBext/5
ip-0A23041A:7487:8148 [5] NCCL INFO Channel 01/0 : 8[c00000] -> 9[c00000] [receive] via NET/IBext/5
ip-0A230407:47664:48341 [5] NCCL INFO Channel 00/0 : 12[c00000] -> 13[c00000] [send] via NET/IBext/5
ip-0A230405:9891:10563 [5] NCCL INFO Channel 01/0 : 10[c00000] -> 11[c00000] [receive] via NET/IBext/5
ip-0A23041A:7487:8148 [5] NCCL INFO Channel 00/0 : 9[c00000] -> 10[c00000] [send] via NET/IBext/5
ip-0A230405:9891:10563 [5] NCCL INFO Channel 00/0 : 11[c00000] -> 12[c00000] [send] via NET/IBext/5
ip-0A23040C:56236:56906 [5] NCCL INFO Channel 00/0 : 14[c00000] -> 15[c00000] [receive] via NET/IBext/5
ip-0A23040B:31344:32016 [5] NCCL INFO Channel 01/0 : 12[c00000] -> 13[c00000] [receive] via NET/IBext/5
ip-0A23040B:31344:32016 [5] NCCL INFO Channel 00/0 : 13[c00000] -> 14[c00000] [send] via NET/IBext/5
ip-0A230407:47664:48341 [5] NCCL INFO Channel 01/0 : 12[c00000] -> 13[c00000] [send] via NET/IBext/5
ip-0A230405:9891:10563 [5] NCCL INFO Channel 01/0 : 11[c00000] -> 12[c00000] [send] via NET/IBext/5
ip-0A23041D:13074:13747 [5] NCCL INFO Channel 01/0 : 10[c00000] -> 11[c00000] [send] via NET/IBext/5
ip-0A23041A:7487:8148 [5] NCCL INFO Channel 01/0 : 9[c00000] -> 10[c00000] [send] via NET/IBext/5
ip-0A23040E:57455:58133 [5] NCCL INFO Channel 00/0 : 13[c00000] -> 14[c00000] [receive] via NET/IBext/5
ip-0A23040C:56236:56906 [5] NCCL INFO Channel 01/0 : 14[c00000] -> 15[c00000] [receive] via NET/IBext/5
ip-0A23040C:56236:56906 [5] NCCL INFO Channel 00/0 : 15[c00000] -> 0[c00000] [send] via NET/IBext/5
ip-0A23040B:31344:32016 [5] NCCL INFO Channel 01/0 : 13[c00000] -> 14[c00000] [send] via NET/IBext/5
ip-0A23040E:57455:58133 [5] NCCL INFO Channel 01/0 : 13[c00000] -> 14[c00000] [receive] via NET/IBext/5
ip-0A23040E:57455:58133 [5] NCCL INFO Channel 00/0 : 14[c00000] -> 15[c00000] [send] via NET/IBext/5
ip-0A23040C:56236:56906 [5] NCCL INFO Channel 01/0 : 15[c00000] -> 0[c00000] [send] via NET/IBext/5
ip-0A23040E:57455:58133 [5] NCCL INFO Channel 01/0 : 14[c00000] -> 15[c00000] [send] via NET/IBext/5
ip-0A23040F:74060:74737 [5] NCCL INFO Connected all rings
ip-0A230412:14940:15619 [5] NCCL INFO Connected all rings
ip-0A230410:45538:46214 [5] NCCL INFO Connected all rings
ip-0A230417:47967:48632 [5] NCCL INFO Connected all rings
ip-0A230413:58460:59131 [5] NCCL INFO Connected all rings
ip-0A230414:11222:11891 [5] NCCL INFO Connected all rings
ip-0A230405:9891:10563 [5] NCCL INFO Connected all rings
ip-0A230406:94262:94929 [5] NCCL INFO Connected all rings
ip-0A230407:47664:48341 [5] NCCL INFO Connected all rings
ip-0A23040C:56236:56906 [5] NCCL INFO Connected all rings
ip-0A230408:58309:58978 [5] NCCL INFO Connected all rings
ip-0A23040B:31344:32016 [5] NCCL INFO Connected all rings
ip-0A23041D:13074:13747 [5] NCCL INFO Connected all rings
ip-0A23041A:7487:8148 [5] NCCL INFO Connected all rings
ip-0A23040D:18731:19409 [5] NCCL INFO Connected all rings
ip-0A23040E:57455:58133 [5] NCCL INFO Connected all rings
ip-0A230412:14940:15619 [5] NCCL INFO Channel 01/0 : 1[c00000] -> 3[c00000] [receive] via NET/IBext/5
ip-0A23040F:74060:74737 [5] NCCL INFO Channel 01/0 : 1[c00000] -> 3[c00000] [send] via NET/IBext/5
ip-0A230412:14940:15619 [5] NCCL INFO Channel 01/0 : 3[c00000] -> 5[c00000] [send] via NET/IBext/5
ip-0A230405:9891:10563 [5] NCCL INFO Channel 01/0 : 9[c00000] -> 11[c00000] [receive] via NET/IBext/5
ip-0A230410:45538:46214 [5] NCCL INFO Channel 00/0 : 2[c00000] -> 4[c00000] [send] via NET/IBext/5
ip-0A230405:9891:10563 [5] NCCL INFO Channel 01/0 : 11[c00000] -> 13[c00000] [send] via NET/IBext/5
ip-0A230417:47967:48632 [5] NCCL INFO Channel 00/0 : 4[c00000] -> 6[c00000] [receive] via NET/IBext/5
ip-0A23040C:56236:56906 [5] NCCL INFO Channel 01/0 : 7[c00000] -> 15[c00000] [receive] via NET/IBext/5
ip-0A23040C:56236:56906 [5] NCCL INFO Channel 01/0 : 15[c00000] -> 7[c00000] [send] via NET/IBext/5
ip-0A230407:47664:48341 [5] NCCL INFO Channel 00/0 : 10[c00000] -> 12[c00000] [receive] via NET/IBext/5
ip-0A230407:47664:48341 [5] NCCL INFO Channel 00/0 : 12[c00000] -> 14[c00000] [send] via NET/IBext/5
ip-0A230413:58460:59131 [5] NCCL INFO Channel 00/0 : 2[c00000] -> 4[c00000] [receive] via NET/IBext/5
ip-0A230413:58460:59131 [5] NCCL INFO Channel 00/0 : 4[c00000] -> 6[c00000] [send] via NET/IBext/5
ip-0A23040D:18731:19409 [5] NCCL INFO Channel 00/0 : 8[c00000] -> 0[c00000] [receive] via NET/IBext/5
ip-0A23040B:31344:32016 [5] NCCL INFO Channel 01/0 : 11[c00000] -> 13[c00000] [receive] via NET/IBext/5
ip-0A23040D:18731:19409 [5] NCCL INFO Channel 00/0 : 0[c00000] -> 8[c00000] [send] via NET/IBext/5
ip-0A230406:94262:94929 [5] NCCL INFO Channel 01/0 : 3[c00000] -> 7[c00000] [receive] via NET/IBext/5
ip-0A230406:94262:94929 [5] NCCL INFO Channel 01/0 : 7[c00000] -> 11[c00000] [send] via NET/IBext/5
ip-0A230414:11222:11891 [5] NCCL INFO Channel 01/0 : 3[c00000] -> 5[c00000] [receive] via NET/IBext/5
ip-0A23041D:13074:13747 [5] NCCL INFO Channel 00/0 : 10[c00000] -> 12[c00000] [send] via NET/IBext/5
ip-0A23041A:7487:8148 [5] NCCL INFO Channel 01/0 : 9[c00000] -> 11[c00000] [send] via NET/IBext/5
ip-0A230408:58309:58978 [5] NCCL INFO Channel 00/0 : 4[c00000] -> 8[c00000] [receive] via NET/IBext/5
ip-0A23040E:57455:58133 [5] NCCL INFO Channel 00/0 : 12[c00000] -> 14[c00000] [receive] via NET/IBext/5
ip-0A230408:58309:58978 [5] NCCL INFO Channel 00/0 : 8[c00000] -> 12[c00000] [send] via NET/IBext/5
ip-0A23040F:74060:74737 [5] NCCL INFO Channel 01/0 : 3[c00000] -> 1[c00000] [receive] via NET/IBext/5
ip-0A230410:45538:46214 [5] NCCL INFO Channel 00/0 : 4[c00000] -> 2[c00000] [receive] via NET/IBext/5
ip-0A23041A:7487:8148 [5] NCCL INFO Channel 01/0 : 11[c00000] -> 9[c00000] [receive] via NET/IBext/5
ip-0A23041D:13074:13747 [5] NCCL INFO Channel 00/0 : 12[c00000] -> 10[c00000] [receive] via NET/IBext/5
ip-0A23040B:31344:32016 [5] NCCL INFO Channel 01/0 : 13[c00000] -> 11[c00000] [send] via NET/IBext/5
ip-0A230414:11222:11891 [5] NCCL INFO Channel 01/0 : 5[c00000] -> 3[c00000] [send] via NET/IBext/5
ip-0A23040E:57455:58133 [5] NCCL INFO Channel 00/0 : 14[c00000] -> 12[c00000] [send] via NET/IBext/5
ip-0A230417:47967:48632 [5] NCCL INFO Channel 00/0 : 6[c00000] -> 4[c00000] [send] via NET/IBext/5
ip-0A230413:58460:59131 [5] NCCL INFO Channel 00/0 : 4[c00000] -> 8[c00000] [send] via NET/IBext/5
ip-0A230412:14940:15619 [5] NCCL INFO Channel 01/0 : 3[c00000] -> 7[c00000] [send] via NET/IBext/5
ip-0A230405:9891:10563 [5] NCCL INFO Channel 01/0 : 7[c00000] -> 11[c00000] [receive] via NET/IBext/5
ip-0A230407:47664:48341 [5] NCCL INFO Channel 00/0 : 8[c00000] -> 12[c00000] [receive] via NET/IBext/5
ip-0A230413:58460:59131 [5] NCCL INFO Channel 00/0 : 8[c00000] -> 4[c00000] [receive] via NET/IBext/5
ip-0A230412:14940:15619 [5] NCCL INFO Channel 01/0 : 7[c00000] -> 3[c00000] [receive] via NET/IBext/5
ip-0A230405:9891:10563 [5] NCCL INFO Channel 01/0 : 11[c00000] -> 7[c00000] [send] via NET/IBext/5
ip-0A230407:47664:48341 [5] NCCL INFO Channel 00/0 : 12[c00000] -> 8[c00000] [send] via NET/IBext/5
ip-0A230406:94262:94929 [5] NCCL INFO Channel 01/0 : 15[c00000] -> 7[c00000] [receive] via NET/IBext/5
ip-0A230406:94262:94929 [5] NCCL INFO Channel 01/0 : 7[c00000] -> 15[c00000] [send] via NET/IBext/5
ip-0A230408:58309:58978 [5] NCCL INFO Channel 00/0 : 0[c00000] -> 8[c00000] [receive] via NET/IBext/5
ip-0A230408:58309:58978 [5] NCCL INFO Channel 00/0 : 8[c00000] -> 0[c00000] [send] via NET/IBext/5
ip-0A23040C:56236:56906 [5] NCCL INFO Channel 00/0 : 15[c00000] -> 14[c00000] [send] via NET/IBext/5
ip-0A230406:94262:94929 [5] NCCL INFO Channel 01/0 : 11[c00000] -> 7[c00000] [receive] via NET/IBext/5
ip-0A230406:94262:94929 [5] NCCL INFO Channel 01/0 : 7[c00000] -> 3[c00000] [send] via NET/IBext/5
ip-0A230408:58309:58978 [5] NCCL INFO Channel 00/0 : 12[c00000] -> 8[c00000] [receive] via NET/IBext/5
ip-0A230408:58309:58978 [5] NCCL INFO Channel 00/0 : 8[c00000] -> 4[c00000] [send] via NET/IBext/5
ip-0A23040D:18731:19409 [5] NCCL INFO Channel 01/0 : 1[c00000] -> 0[c00000] [receive] via NET/IBext/5
ip-0A230412:14940:15619 [5] NCCL INFO Channel 01/0 : 5[c00000] -> 3[c00000] [receive] via NET/IBext/5
ip-0A230412:14940:15619 [5] NCCL INFO Channel 01/0 : 3[c00000] -> 1[c00000] [send] via NET/IBext/5
ip-0A230407:47664:48341 [5] NCCL INFO Channel 00/0 : 14[c00000] -> 12[c00000] [receive] via NET/IBext/5
ip-0A230407:47664:48341 [5] NCCL INFO Channel 00/0 : 12[c00000] -> 10[c00000] [send] via NET/IBext/5
ip-0A230406:94262:94929 [5] NCCL INFO Channel 00/0 : 7[c00000] -> 6[c00000] [send] via NET/IBext/5
ip-0A230408:58309:58978 [5] NCCL INFO Channel 01/0 : 9[c00000] -> 8[c00000] [receive] via NET/IBext/5
ip-0A230413:58460:59131 [5] NCCL INFO Channel 00/0 : 6[c00000] -> 4[c00000] [receive] via NET/IBext/5
ip-0A230413:58460:59131 [5] NCCL INFO Channel 00/0 : 4[c00000] -> 2[c00000] [send] via NET/IBext/5
ip-0A230405:9891:10563 [5] NCCL INFO Channel 01/0 : 13[c00000] -> 11[c00000] [receive] via NET/IBext/5
ip-0A230405:9891:10563 [5] NCCL INFO Channel 01/0 : 11[c00000] -> 9[c00000] [send] via NET/IBext/5
ip-0A230417:47967:48632 [5] NCCL INFO Channel 00/0 : 7[c00000] -> 6[c00000] [receive] via NET/IBext/5
ip-0A230417:47967:48632 [5] NCCL INFO Channel 00/0 : 6[c00000] -> 5[c00000] [send] via NET/IBext/5
ip-0A230417:47967:48632 [5] NCCL INFO Channel 01/0 : 6[c00000] -> 5[c00000] [send] via NET/IBext/5
ip-0A230406:94262:94929 [5] NCCL INFO Connected all trees
ip-0A230406:94262:94929 [5] NCCL INFO CollNet 00 : 7 [receive] via COLLNET/SHARP/5
ip-0A23041D:13074:13747 [5] NCCL INFO Channel 00/0 : 11[c00000] -> 10[c00000] [receive] via NET/IBext/5
ip-0A23041D:13074:13747 [5] NCCL INFO Channel 00/0 : 10[c00000] -> 9[c00000] [send] via NET/IBext/5
ip-0A23041D:13074:13747 [5] NCCL INFO Channel 01/0 : 10[c00000] -> 9[c00000] [send] via NET/IBext/5
ip-0A23040F:74060:74737 [5] NCCL INFO Channel 00/0 : 2[c00000] -> 1[c00000] [receive] via NET/IBext/5
ip-0A23040F:74060:74737 [5] NCCL INFO Channel 01/0 : 2[c00000] -> 1[c00000] [receive] via NET/IBext/5
ip-0A23040F:74060:74737 [5] NCCL INFO Channel 01/0 : 1[c00000] -> 0[c00000] [send] via NET/IBext/5
ip-0A230414:11222:11891 [5] NCCL INFO Channel 00/0 : 6[c00000] -> 5[c00000] [receive] via NET/IBext/5
ip-0A230414:11222:11891 [5] NCCL INFO Channel 01/0 : 6[c00000] -> 5[c00000] [receive] via NET/IBext/5
ip-0A230414:11222:11891 [5] NCCL INFO Channel 01/0 : 5[c00000] -> 4[c00000] [send] via NET/IBext/5
ip-0A230412:14940:15619 [5] NCCL INFO Channel 00/0 : 3[c00000] -> 2[c00000] [send] via NET/IBext/5
ip-0A23040E:57455:58133 [5] NCCL INFO Channel 00/0 : 15[c00000] -> 14[c00000] [receive] via NET/IBext/5
ip-0A230407:47664:48341 [5] NCCL INFO Channel 01/0 : 13[c00000] -> 12[c00000] [receive] via NET/IBext/5
ip-0A23040E:57455:58133 [5] NCCL INFO Channel 00/0 : 14[c00000] -> 13[c00000] [send] via NET/IBext/5
ip-0A23040E:57455:58133 [5] NCCL INFO Channel 01/0 : 14[c00000] -> 13[c00000] [send] via NET/IBext/5
ip-0A23040B:31344:32016 [5] NCCL INFO Channel 00/0 : 14[c00000] -> 13[c00000] [receive] via NET/IBext/5
ip-0A23040B:31344:32016 [5] NCCL INFO Channel 01/0 : 14[c00000] -> 13[c00000] [receive] via NET/IBext/5
ip-0A23040B:31344:32016 [5] NCCL INFO Channel 01/0 : 13[c00000] -> 12[c00000] [send] via NET/IBext/5
ip-0A23041A:7487:8148 [5] NCCL INFO Channel 00/0 : 10[c00000] -> 9[c00000] [receive] via NET/IBext/5
ip-0A23041A:7487:8148 [5] NCCL INFO Channel 01/0 : 10[c00000] -> 9[c00000] [receive] via NET/IBext/5
ip-0A23041A:7487:8148 [5] NCCL INFO Channel 01/0 : 9[c00000] -> 8[c00000] [send] via NET/IBext/5
ip-0A230410:45538:46214 [5] NCCL INFO Channel 00/0 : 3[c00000] -> 2[c00000] [receive] via NET/IBext/5
ip-0A230410:45538:46214 [5] NCCL INFO Channel 00/0 : 2[c00000] -> 1[c00000] [send] via NET/IBext/5
ip-0A230410:45538:46214 [5] NCCL INFO Channel 01/0 : 2[c00000] -> 1[c00000] [send] via NET/IBext/5
ip-0A230413:58460:59131 [5] NCCL INFO Channel 01/0 : 5[c00000] -> 4[c00000] [receive] via NET/IBext/5
ip-0A230405:9891:10563 [5] NCCL INFO Channel 00/0 : 11[c00000] -> 10[c00000] [send] via NET/IBext/5
ip-0A23040C:56236:56906 [5] NCCL INFO Connected all trees
ip-0A23040C:56236:56906 [5] NCCL INFO CollNet 00 : 15 [receive] via COLLNET/SHARP/5
ip-0A230407:47664:48341 [5] NCCL INFO Connected all trees
ip-0A230412:14940:15619 [5] NCCL INFO Connected all trees
ip-0A230407:47664:48341 [5] NCCL INFO CollNet 00 : 12 [receive] via COLLNET/SHARP/5
ip-0A230412:14940:15619 [5] NCCL INFO CollNet 00 : 3 [receive] via COLLNET/SHARP/5
ip-0A230408:58309:58978 [5] NCCL INFO Connected all trees
ip-0A230408:58309:58978 [5] NCCL INFO CollNet 00 : 8 [receive] via COLLNET/SHARP/5
ip-0A23040D:18731:19409 [5] NCCL INFO Connected all trees
ip-0A230405:9891:10563 [5] NCCL INFO Connected all trees
ip-0A23040D:18731:19409 [5] NCCL INFO CollNet 00 : 0 [receive] via COLLNET/SHARP/5
