ip-0A230405:23963:24579 [1] NCCL INFO transport.cc:222 -> 2

ip-0A230405:23963:24579 [1] transport.cc:253 NCCL WARN Cannot initialize CollNet, using point-to-point network instead
ip-0A230413:72598:73200 [1] NCCL INFO Sharp rank 4/16 initialized on mlx5_ib1:1

ip-0A230413:72598:73200 [1] sharp_plugin.c:288 NCCL WARN NET/IB :SHARP coll init error: Cannot create SHArP job(-11)

ip-0A230413:72598:73200 [1] NCCL INFO include/coll_net.h:21 -> 3
ip-0A23041D:27118:27729 [1] NCCL INFO init.cc:765 -> 2
ip-0A230405:23963:24579 [1] NCCL INFO init.cc:765 -> 2
ip-0A230406:9414:10021 [1] NCCL INFO transport.cc:222 -> 2
ip-0A23041D:27118:27729 [1] NCCL INFO threadThresholds 8/8/64 | 128/8/64 | 8/8/512
ip-0A23041D:27118:27729 [1] NCCL INFO 2 coll channels, 2 p2p channels, 2 p2p channels per peer
ip-0A230414:25186:25801 [1] NCCL INFO transport.cc:222 -> 2

ip-0A230414:25186:25801 [1] transport.cc:253 NCCL WARN Cannot initialize CollNet, using point-to-point network instead
ip-0A230414:25186:25801 [1] NCCL INFO init.cc:765 -> 2
ip-0A23040E:71786:72383 [1] NCCL INFO transport.cc:222 -> 2

ip-0A23040E:71786:72383 [1] transport.cc:253 NCCL WARN Cannot initialize CollNet, using point-to-point network instead
ip-0A23040E:71786:72383 [1] NCCL INFO init.cc:765 -> 2
ip-0A230407:61720:62325 [1] NCCL INFO transport.cc:222 -> 2

ip-0A230407:61720:62325 [1] transport.cc:253 NCCL WARN Cannot initialize CollNet, using point-to-point network instead
ip-0A230407:61720:62325 [1] NCCL INFO init.cc:765 -> 2
ip-0A230407:61720:62325 [1] NCCL INFO threadThresholds 8/8/64 | 128/8/64 | 8/8/512
ip-0A230407:61720:62325 [1] NCCL INFO 2 coll channels, 2 p2p channels, 2 p2p channels per peer
ip-0A230405:23963:24579 [1] NCCL INFO threadThresholds 8/8/64 | 128/8/64 | 8/8/512
ip-0A230417:61896:62506 [1] NCCL INFO transport.cc:222 -> 2

ip-0A230417:61896:62506 [1] transport.cc:253 NCCL WARN Cannot initialize CollNet, using point-to-point network instead
ip-0A230417:61896:62506 [1] NCCL INFO init.cc:765 -> 2

ip-0A230406:9414:10021 [1] transport.cc:253 NCCL WARN Cannot initialize CollNet, using point-to-point network instead
ip-0A230406:9414:10021 [1] NCCL INFO init.cc:765 -> 2
ip-0A230410:59465:60073 [1] NCCL INFO transport.cc:222 -> 2

ip-0A230410:59465:60073 [1] transport.cc:253 NCCL WARN Cannot initialize CollNet, using point-to-point network instead
ip-0A230410:59465:60073 [1] NCCL INFO init.cc:765 -> 2
ip-0A230413:72598:73199 [1] NCCL INFO transport.cc:222 -> 2

ip-0A230413:72598:73199 [1] transport.cc:253 NCCL WARN Cannot initialize CollNet, using point-to-point network instead
ip-0A230413:72598:73199 [1] NCCL INFO init.cc:765 -> 2
ip-0A23040F:88072:88687 [1] NCCL INFO transport.cc:222 -> 2

ip-0A23040F:88072:88687 [1] transport.cc:253 NCCL WARN Cannot initialize CollNet, using point-to-point network instead
ip-0A23040F:88072:88687 [1] NCCL INFO init.cc:765 -> 2
ip-0A23040F:88072:88687 [1] NCCL INFO threadThresholds 8/8/64 | 128/8/64 | 8/8/512
ip-0A23040F:88072:88687 [1] NCCL INFO 2 coll channels, 2 p2p channels, 2 p2p channels per peer
ip-0A230414:25186:25801 [1] NCCL INFO threadThresholds 8/8/64 | 128/8/64 | 8/8/512
ip-0A23040E:71786:72383 [1] NCCL INFO threadThresholds 8/8/64 | 128/8/64 | 8/8/512
ip-0A23040B:45334:45937 [1] NCCL INFO transport.cc:222 -> 2

ip-0A23040B:45334:45937 [1] transport.cc:253 NCCL WARN Cannot initialize CollNet, using point-to-point network instead
ip-0A23040B:45334:45937 [1] NCCL INFO init.cc:765 -> 2
ip-0A23040B:45334:45937 [1] NCCL INFO threadThresholds 8/8/64 | 128/8/64 | 8/8/512
ip-0A23040B:45334:45937 [1] NCCL INFO 2 coll channels, 2 p2p channels, 2 p2p channels per peer
ip-0A230405:23963:24579 [1] NCCL INFO 2 coll channels, 2 p2p channels, 2 p2p channels per peer
ip-0A230417:61896:62506 [1] NCCL INFO threadThresholds 8/8/64 | 128/8/64 | 8/8/512
ip-0A230406:9414:10021 [1] NCCL INFO threadThresholds 8/8/64 | 128/8/64 | 8/8/512
ip-0A230410:59465:60073 [1] NCCL INFO threadThresholds 8/8/64 | 128/8/64 | 8/8/512
ip-0A230410:59465:60073 [1] NCCL INFO 2 coll channels, 2 p2p channels, 2 p2p channels per peer
ip-0A230413:72598:73199 [1] NCCL INFO threadThresholds 8/8/64 | 128/8/64 | 8/8/512
ip-0A230413:72598:73199 [1] NCCL INFO 2 coll channels, 2 p2p channels, 2 p2p channels per peer
ip-0A230414:25186:25801 [1] NCCL INFO 2 coll channels, 2 p2p channels, 2 p2p channels per peer
ip-0A23040E:71786:72383 [1] NCCL INFO 2 coll channels, 2 p2p channels, 2 p2p channels per peer
ip-0A230417:61896:62506 [1] NCCL INFO 2 coll channels, 2 p2p channels, 2 p2p channels per peer
ip-0A230406:9414:10021 [1] NCCL INFO 2 coll channels, 2 p2p channels, 2 p2p channels per peer
ip-0A23041A:21443:22067 [1] NCCL INFO comm 0x14a97c008fb0 rank 9 nranks 16 cudaDev 1 busId 200000 - Init COMPLETE
ip-0A23041D:27118:27729 [1] NCCL INFO comm 0x149b78008fb0 rank 10 nranks 16 cudaDev 1 busId 200000 - Init COMPLETE
ip-0A230414:25186:25801 [1] NCCL INFO comm 0x148b40008fb0 rank 5 nranks 16 cudaDev 1 busId 200000 - Init COMPLETE
ip-0A230410:59465:60073 [1] NCCL INFO comm 0x14ee90008fb0 rank 2 nranks 16 cudaDev 1 busId 200000 - Init COMPLETE
ip-0A23040E:71786:72383 [1] NCCL INFO comm 0x14eaf0008fb0 rank 14 nranks 16 cudaDev 1 busId 200000 - Init COMPLETE
ip-0A23040B:45334:45937 [1] NCCL INFO comm 0x14bd18008fb0 rank 13 nranks 16 cudaDev 1 busId 200000 - Init COMPLETE
ip-0A230417:61896:62506 [1] NCCL INFO comm 0x14f74c008fb0 rank 6 nranks 16 cudaDev 1 busId 200000 - Init COMPLETE
ip-0A230413:72598:73199 [1] NCCL INFO comm 0x149790008fb0 rank 4 nranks 16 cudaDev 1 busId 200000 - Init COMPLETE
ip-0A23040C:70245:70846 [1] NCCL INFO comm 0x1481a8008fb0 rank 15 nranks 16 cudaDev 1 busId 200000 - Init COMPLETE
ip-0A230412:28878:29488 [1] NCCL INFO comm 0x148020008fb0 rank 3 nranks 16 cudaDev 1 busId 200000 - Init COMPLETE
ip-0A230408:70953:71562 [1] NCCL INFO comm 0x147014008fb0 rank 8 nranks 16 cudaDev 1 busId 200000 - Init COMPLETE
ip-0A230405:23963:24579 [1] NCCL INFO comm 0x152a84008fb0 rank 11 nranks 16 cudaDev 1 busId 200000 - Init COMPLETE
ip-0A230407:61720:62325 [1] NCCL INFO comm 0x15367c008fb0 rank 12 nranks 16 cudaDev 1 busId 200000 - Init COMPLETE
ip-0A230406:9414:10021 [1] NCCL INFO comm 0x1520c4008fb0 rank 7 nranks 16 cudaDev 1 busId 200000 - Init COMPLETE
ip-0A23040F:88072:88687 [1] NCCL INFO comm 0x14f9ac008fb0 rank 1 nranks 16 cudaDev 1 busId 200000 - Init COMPLETE
ip-0A23040D:34253:34882 [1] NCCL INFO Sharp rank 0/16 initialized on mlx5_ib1:1

ip-0A23040D:34253:34882 [1] sharp_plugin.c:288 NCCL WARN NET/IB :SHARP coll init error: Cannot create SHArP job(-11)

ip-0A23040D:34253:34882 [1] NCCL INFO include/coll_net.h:21 -> 3
ip-0A23040D:34253:34881 [1] NCCL INFO transport.cc:222 -> 2

ip-0A23040D:34253:34881 [1] transport.cc:253 NCCL WARN Cannot initialize CollNet, using point-to-point network instead
ip-0A23040D:34253:34881 [1] NCCL INFO init.cc:765 -> 2
ip-0A23040D:34253:34881 [1] NCCL INFO threadThresholds 8/8/64 | 128/8/64 | 8/8/512
ip-0A23040D:34253:34881 [1] NCCL INFO 2 coll channels, 2 p2p channels, 2 p2p channels per peer
ip-0A23040D:34253:34881 [1] NCCL INFO comm 0x1455c4008fb0 rank 0 nranks 16 cudaDev 1 busId 200000 - Init COMPLETE
ip-0A23040D:34253:34253 [1] NCCL INFO Launch mode Parallel
ip-0A23040D:34256:34256 [2] NCCL INFO Bootstrap : Using eth0:10.35.4.13<0>
ip-0A23040D:34256:34256 [2] NCCL INFO NET/Plugin: Failed to find ncclNetPlugin_v5 symbol.
ip-0A23040D:34256:34256 [2] NCCL INFO NET/Plugin: Failed to find ncclCollNetPlugin_v5 symbol.
ip-0A23040D:34256:34256 [2] NCCL INFO Plugin Path : /opt/hpcx/nccl_rdma_sharp_plugin/lib/libnccl-net.so
ip-0A23040D:34256:34256 [2] NCCL INFO P2P plugin IBext
ip-0A23040D:34256:34256 [2] NCCL INFO NCCL_IB_PCI_RELAXED_ORDERING set by environment to 1.
ip-0A23040D:34256:34256 [2] NCCL INFO NET/IB : Using [0]mlx5_ib0:1/IB/SHARP [1]mlx5_ib1:1/IB/SHARP [2]mlx5_ib2:1/IB/SHARP [3]mlx5_ib3:1/IB/SHARP [4]mlx5_ib4:1/IB/SHARP [5]mlx5_ib5:1/IB/SHARP [6]mlx5_ib6:1/IB/SHARP [7]mlx5_ib7:1/IB/SHARP ; OOB eth0:10.35.4.13<0>
ip-0A23040D:34256:34256 [2] NCCL INFO Using network IBext
NCCL version 2.12.10+cuda11.6
ip-0A230406:9407:9407 [2] NCCL INFO Bootstrap : Using eth0:10.35.4.6<0>
ip-0A23041A:21453:21453 [2] NCCL INFO Bootstrap : Using eth0:10.35.4.26<0>
ip-0A23040C:70243:70243 [2] NCCL INFO Bootstrap : Using eth0:10.35.4.12<0>
ip-0A230414:25190:25190 [2] NCCL INFO Bootstrap : Using eth0:10.35.4.20<0>
ip-0A230407:61736:61736 [2] NCCL INFO Bootstrap : Using eth0:10.35.4.7<0>
ip-0A230413:72601:72601 [2] NCCL INFO Bootstrap : Using eth0:10.35.4.19<0>
ip-0A230412:28874:28874 [2] NCCL INFO Bootstrap : Using eth0:10.35.4.18<0>
ip-0A230405:23966:23966 [2] NCCL INFO Bootstrap : Using eth0:10.35.4.5<0>
ip-0A23040E:71767:71767 [2] NCCL INFO Bootstrap : Using eth0:10.35.4.14<0>
ip-0A23040B:45335:45335 [2] NCCL INFO Bootstrap : Using eth0:10.35.4.11<0>
ip-0A230410:59469:59469 [2] NCCL INFO Bootstrap : Using eth0:10.35.4.16<0>
ip-0A230408:70951:70951 [2] NCCL INFO Bootstrap : Using eth0:10.35.4.8<0>
ip-0A230417:61922:61922 [2] NCCL INFO Bootstrap : Using eth0:10.35.4.23<0>
ip-0A23041D:27116:27116 [2] NCCL INFO Bootstrap : Using eth0:10.35.4.29<0>
ip-0A23040F:88078:88078 [2] NCCL INFO Bootstrap : Using eth0:10.35.4.15<0>
ip-0A230414:25190:25190 [2] NCCL INFO NET/Plugin: Failed to find ncclNetPlugin_v5 symbol.
ip-0A230414:25190:25190 [2] NCCL INFO NET/Plugin: Failed to find ncclCollNetPlugin_v5 symbol.
ip-0A230414:25190:25190 [2] NCCL INFO Plugin Path : /opt/hpcx/nccl_rdma_sharp_plugin/lib/libnccl-net.so
ip-0A230414:25190:25190 [2] NCCL INFO P2P plugin IBext
ip-0A230414:25190:25190 [2] NCCL INFO NCCL_IB_PCI_RELAXED_ORDERING set by environment to 1.
ip-0A23040C:70243:70243 [2] NCCL INFO NET/Plugin: Failed to find ncclNetPlugin_v5 symbol.
ip-0A23040C:70243:70243 [2] NCCL INFO NET/Plugin: Failed to find ncclCollNetPlugin_v5 symbol.
ip-0A23040C:70243:70243 [2] NCCL INFO Plugin Path : /opt/hpcx/nccl_rdma_sharp_plugin/lib/libnccl-net.so
ip-0A23040C:70243:70243 [2] NCCL INFO P2P plugin IBext
ip-0A23040C:70243:70243 [2] NCCL INFO NCCL_IB_PCI_RELAXED_ORDERING set by environment to 1.
ip-0A230412:28874:28874 [2] NCCL INFO NET/Plugin: Failed to find ncclNetPlugin_v5 symbol.
ip-0A230412:28874:28874 [2] NCCL INFO NET/Plugin: Failed to find ncclCollNetPlugin_v5 symbol.
ip-0A23040E:71767:71767 [2] NCCL INFO NET/Plugin: Failed to find ncclNetPlugin_v5 symbol.
ip-0A23040E:71767:71767 [2] NCCL INFO NET/Plugin: Failed to find ncclCollNetPlugin_v5 symbol.
ip-0A230412:28874:28874 [2] NCCL INFO Plugin Path : /opt/hpcx/nccl_rdma_sharp_plugin/lib/libnccl-net.so
ip-0A230412:28874:28874 [2] NCCL INFO P2P plugin IBext
ip-0A230412:28874:28874 [2] NCCL INFO NCCL_IB_PCI_RELAXED_ORDERING set by environment to 1.
ip-0A23040E:71767:71767 [2] NCCL INFO Plugin Path : /opt/hpcx/nccl_rdma_sharp_plugin/lib/libnccl-net.so
ip-0A23040E:71767:71767 [2] NCCL INFO P2P plugin IBext
ip-0A23040E:71767:71767 [2] NCCL INFO NCCL_IB_PCI_RELAXED_ORDERING set by environment to 1.
ip-0A23041A:21453:21453 [2] NCCL INFO NET/Plugin: Failed to find ncclNetPlugin_v5 symbol.
ip-0A23041A:21453:21453 [2] NCCL INFO NET/Plugin: Failed to find ncclCollNetPlugin_v5 symbol.
ip-0A230407:61736:61736 [2] NCCL INFO NET/Plugin: Failed to find ncclNetPlugin_v5 symbol.
ip-0A230407:61736:61736 [2] NCCL INFO NET/Plugin: Failed to find ncclCollNetPlugin_v5 symbol.
ip-0A230405:23966:23966 [2] NCCL INFO NET/Plugin: Failed to find ncclNetPlugin_v5 symbol.
ip-0A230405:23966:23966 [2] NCCL INFO NET/Plugin: Failed to find ncclCollNetPlugin_v5 symbol.
ip-0A230410:59469:59469 [2] NCCL INFO NET/Plugin: Failed to find ncclNetPlugin_v5 symbol.
ip-0A230410:59469:59469 [2] NCCL INFO NET/Plugin: Failed to find ncclCollNetPlugin_v5 symbol.
ip-0A23041A:21453:21453 [2] NCCL INFO Plugin Path : /opt/hpcx/nccl_rdma_sharp_plugin/lib/libnccl-net.so
ip-0A23041A:21453:21453 [2] NCCL INFO P2P plugin IBext
ip-0A23041A:21453:21453 [2] NCCL INFO NCCL_IB_PCI_RELAXED_ORDERING set by environment to 1.
ip-0A230407:61736:61736 [2] NCCL INFO Plugin Path : /opt/hpcx/nccl_rdma_sharp_plugin/lib/libnccl-net.so
ip-0A230407:61736:61736 [2] NCCL INFO P2P plugin IBext
ip-0A230407:61736:61736 [2] NCCL INFO NCCL_IB_PCI_RELAXED_ORDERING set by environment to 1.
ip-0A230405:23966:23966 [2] NCCL INFO Plugin Path : /opt/hpcx/nccl_rdma_sharp_plugin/lib/libnccl-net.so
ip-0A230405:23966:23966 [2] NCCL INFO P2P plugin IBext
ip-0A230405:23966:23966 [2] NCCL INFO NCCL_IB_PCI_RELAXED_ORDERING set by environment to 1.
ip-0A230410:59469:59469 [2] NCCL INFO Plugin Path : /opt/hpcx/nccl_rdma_sharp_plugin/lib/libnccl-net.so
ip-0A230410:59469:59469 [2] NCCL INFO P2P plugin IBext
ip-0A230410:59469:59469 [2] NCCL INFO NCCL_IB_PCI_RELAXED_ORDERING set by environment to 1.
ip-0A230413:72601:72601 [2] NCCL INFO NET/Plugin: Failed to find ncclNetPlugin_v5 symbol.
ip-0A230413:72601:72601 [2] NCCL INFO NET/Plugin: Failed to find ncclCollNetPlugin_v5 symbol.
ip-0A230413:72601:72601 [2] NCCL INFO Plugin Path : /opt/hpcx/nccl_rdma_sharp_plugin/lib/libnccl-net.so
ip-0A230413:72601:72601 [2] NCCL INFO P2P plugin IBext
ip-0A230413:72601:72601 [2] NCCL INFO NCCL_IB_PCI_RELAXED_ORDERING set by environment to 1.
ip-0A230406:9407:9407 [2] NCCL INFO NET/Plugin: Failed to find ncclNetPlugin_v5 symbol.
ip-0A230406:9407:9407 [2] NCCL INFO NET/Plugin: Failed to find ncclCollNetPlugin_v5 symbol.
ip-0A230406:9407:9407 [2] NCCL INFO Plugin Path : /opt/hpcx/nccl_rdma_sharp_plugin/lib/libnccl-net.so
ip-0A230406:9407:9407 [2] NCCL INFO P2P plugin IBext
ip-0A230406:9407:9407 [2] NCCL INFO NCCL_IB_PCI_RELAXED_ORDERING set by environment to 1.
ip-0A230417:61922:61922 [2] NCCL INFO NET/Plugin: Failed to find ncclNetPlugin_v5 symbol.
ip-0A230417:61922:61922 [2] NCCL INFO NET/Plugin: Failed to find ncclCollNetPlugin_v5 symbol.
ip-0A230417:61922:61922 [2] NCCL INFO Plugin Path : /opt/hpcx/nccl_rdma_sharp_plugin/lib/libnccl-net.so
ip-0A230417:61922:61922 [2] NCCL INFO P2P plugin IBext
ip-0A230417:61922:61922 [2] NCCL INFO NCCL_IB_PCI_RELAXED_ORDERING set by environment to 1.
ip-0A23040B:45335:45335 [2] NCCL INFO NET/Plugin: Failed to find ncclNetPlugin_v5 symbol.
ip-0A23040B:45335:45335 [2] NCCL INFO NET/Plugin: Failed to find ncclCollNetPlugin_v5 symbol.
ip-0A23040B:45335:45335 [2] NCCL INFO Plugin Path : /opt/hpcx/nccl_rdma_sharp_plugin/lib/libnccl-net.so
ip-0A23040B:45335:45335 [2] NCCL INFO P2P plugin IBext
ip-0A23040B:45335:45335 [2] NCCL INFO NCCL_IB_PCI_RELAXED_ORDERING set by environment to 1.
ip-0A230408:70951:70951 [2] NCCL INFO NET/Plugin: Failed to find ncclNetPlugin_v5 symbol.
ip-0A230408:70951:70951 [2] NCCL INFO NET/Plugin: Failed to find ncclCollNetPlugin_v5 symbol.
ip-0A230408:70951:70951 [2] NCCL INFO Plugin Path : /opt/hpcx/nccl_rdma_sharp_plugin/lib/libnccl-net.so
ip-0A230408:70951:70951 [2] NCCL INFO P2P plugin IBext
ip-0A230408:70951:70951 [2] NCCL INFO NCCL_IB_PCI_RELAXED_ORDERING set by environment to 1.
ip-0A23041D:27116:27116 [2] NCCL INFO NET/Plugin: Failed to find ncclNetPlugin_v5 symbol.
ip-0A23041D:27116:27116 [2] NCCL INFO NET/Plugin: Failed to find ncclCollNetPlugin_v5 symbol.
ip-0A23041D:27116:27116 [2] NCCL INFO Plugin Path : /opt/hpcx/nccl_rdma_sharp_plugin/lib/libnccl-net.so
ip-0A23041D:27116:27116 [2] NCCL INFO P2P plugin IBext
ip-0A23041D:27116:27116 [2] NCCL INFO NCCL_IB_PCI_RELAXED_ORDERING set by environment to 1.
ip-0A23040F:88078:88078 [2] NCCL INFO NET/Plugin: Failed to find ncclNetPlugin_v5 symbol.
ip-0A23040F:88078:88078 [2] NCCL INFO NET/Plugin: Failed to find ncclCollNetPlugin_v5 symbol.
ip-0A23040F:88078:88078 [2] NCCL INFO Plugin Path : /opt/hpcx/nccl_rdma_sharp_plugin/lib/libnccl-net.so
ip-0A23040F:88078:88078 [2] NCCL INFO P2P plugin IBext
ip-0A23040F:88078:88078 [2] NCCL INFO NCCL_IB_PCI_RELAXED_ORDERING set by environment to 1.
ip-0A230414:25190:25190 [2] NCCL INFO NET/IB : Using [0]mlx5_ib0:1/IB/SHARP [1]mlx5_ib1:1/IB/SHARP [2]mlx5_ib2:1/IB/SHARP [3]mlx5_ib3:1/IB/SHARP [4]mlx5_ib4:1/IB/SHARP [5]mlx5_ib5:1/IB/SHARP [6]mlx5_ib6:1/IB/SHARP [7]mlx5_ib7:1/IB/SHARP ; OOB eth0:10.35.4.20<0>
ip-0A230414:25190:25190 [2] NCCL INFO Using network IBext
ip-0A23041A:21453:21453 [2] NCCL INFO NET/IB : Using [0]mlx5_ib0:1/IB/SHARP [1]mlx5_ib1:1/IB/SHARP [2]mlx5_ib2:1/IB/SHARP [3]mlx5_ib3:1/IB/SHARP [4]mlx5_ib4:1/IB/SHARP [5]mlx5_ib5:1/IB/SHARP [6]mlx5_ib6:1/IB/SHARP [7]mlx5_ib7:1/IB/SHARP ; OOB eth0:10.35.4.26<0>
ip-0A23041A:21453:21453 [2] NCCL INFO Using network IBext
ip-0A230410:59469:59469 [2] NCCL INFO NET/IB : Using [0]mlx5_ib0:1/IB/SHARP [1]mlx5_ib1:1/IB/SHARP [2]mlx5_ib2:1/IB/SHARP [3]mlx5_ib3:1/IB/SHARP [4]mlx5_ib4:1/IB/SHARP [5]mlx5_ib5:1/IB/SHARP [6]mlx5_ib6:1/IB/SHARP [7]mlx5_ib7:1/IB/SHARP ; OOB eth0:10.35.4.16<0>
ip-0A230410:59469:59469 [2] NCCL INFO Using network IBext
ip-0A23040E:71767:71767 [2] NCCL INFO NET/IB : Using [0]mlx5_ib0:1/IB/SHARP [1]mlx5_ib1:1/IB/SHARP [2]mlx5_ib2:1/IB/SHARP [3]mlx5_ib3:1/IB/SHARP [4]mlx5_ib4:1/IB/SHARP [5]mlx5_ib5:1/IB/SHARP [6]mlx5_ib6:1/IB/SHARP [7]mlx5_ib7:1/IB/SHARP ; OOB eth0:10.35.4.14<0>
ip-0A23040E:71767:71767 [2] NCCL INFO Using network IBext
ip-0A230405:23966:23966 [2] NCCL INFO NET/IB : Using [0]mlx5_ib0:1/IB/SHARP [1]mlx5_ib1:1/IB/SHARP [2]mlx5_ib2:1/IB/SHARP [3]mlx5_ib3:1/IB/SHARP [4]mlx5_ib4:1/IB/SHARP [5]mlx5_ib5:1/IB/SHARP [6]mlx5_ib6:1/IB/SHARP [7]mlx5_ib7:1/IB/SHARP ; OOB eth0:10.35.4.5<0>
ip-0A230405:23966:23966 [2] NCCL INFO Using network IBext
ip-0A23040C:70243:70243 [2] NCCL INFO NET/IB : Using [0]mlx5_ib0:1/IB/SHARP [1]mlx5_ib1:1/IB/SHARP [2]mlx5_ib2:1/IB/SHARP [3]mlx5_ib3:1/IB/SHARP [4]mlx5_ib4:1/IB/SHARP [5]mlx5_ib5:1/IB/SHARP [6]mlx5_ib6:1/IB/SHARP [7]mlx5_ib7:1/IB/SHARP ; OOB eth0:10.35.4.12<0>
ip-0A23040C:70243:70243 [2] NCCL INFO Using network IBext
ip-0A230412:28874:28874 [2] NCCL INFO NET/IB : Using [0]mlx5_ib0:1/IB/SHARP [1]mlx5_ib1:1/IB/SHARP [2]mlx5_ib2:1/IB/SHARP [3]mlx5_ib3:1/IB/SHARP [4]mlx5_ib4:1/IB/SHARP [5]mlx5_ib5:1/IB/SHARP [6]mlx5_ib6:1/IB/SHARP [7]mlx5_ib7:1/IB/SHARP ; OOB eth0:10.35.4.18<0>
ip-0A230412:28874:28874 [2] NCCL INFO Using network IBext
ip-0A230413:72601:72601 [2] NCCL INFO NET/IB : Using [0]mlx5_ib0:1/IB/SHARP [1]mlx5_ib1:1/IB/SHARP [2]mlx5_ib2:1/IB/SHARP [3]mlx5_ib3:1/IB/SHARP [4]mlx5_ib4:1/IB/SHARP [5]mlx5_ib5:1/IB/SHARP [6]mlx5_ib6:1/IB/SHARP [7]mlx5_ib7:1/IB/SHARP ; OOB eth0:10.35.4.19<0>
ip-0A230413:72601:72601 [2] NCCL INFO Using network IBext
ip-0A230407:61736:61736 [2] NCCL INFO NET/IB : Using [0]mlx5_ib0:1/IB/SHARP [1]mlx5_ib1:1/IB/SHARP [2]mlx5_ib2:1/IB/SHARP [3]mlx5_ib3:1/IB/SHARP [4]mlx5_ib4:1/IB/SHARP [5]mlx5_ib5:1/IB/SHARP [6]mlx5_ib6:1/IB/SHARP [7]mlx5_ib7:1/IB/SHARP ; OOB eth0:10.35.4.7<0>
ip-0A230407:61736:61736 [2] NCCL INFO Using network IBext
ip-0A230408:70951:70951 [2] NCCL INFO NET/IB : Using [0]mlx5_ib0:1/IB/SHARP [1]mlx5_ib1:1/IB/SHARP [2]mlx5_ib2:1/IB/SHARP [3]mlx5_ib3:1/IB/SHARP [4]mlx5_ib4:1/IB/SHARP [5]mlx5_ib5:1/IB/SHARP [6]mlx5_ib6:1/IB/SHARP [7]mlx5_ib7:1/IB/SHARP ; OOB eth0:10.35.4.8<0>
ip-0A230408:70951:70951 [2] NCCL INFO Using network IBext
ip-0A230406:9407:9407 [2] NCCL INFO NET/IB : Using [0]mlx5_ib0:1/IB/SHARP [1]mlx5_ib1:1/IB/SHARP [2]mlx5_ib2:1/IB/SHARP [3]mlx5_ib3:1/IB/SHARP [4]mlx5_ib4:1/IB/SHARP [5]mlx5_ib5:1/IB/SHARP [6]mlx5_ib6:1/IB/SHARP [7]mlx5_ib7:1/IB/SHARP ; OOB eth0:10.35.4.6<0>
ip-0A230406:9407:9407 [2] NCCL INFO Using network IBext
ip-0A23040B:45335:45335 [2] NCCL INFO NET/IB : Using [0]mlx5_ib0:1/IB/SHARP [1]mlx5_ib1:1/IB/SHARP [2]mlx5_ib2:1/IB/SHARP [3]mlx5_ib3:1/IB/SHARP [4]mlx5_ib4:1/IB/SHARP [5]mlx5_ib5:1/IB/SHARP [6]mlx5_ib6:1/IB/SHARP [7]mlx5_ib7:1/IB/SHARP ; OOB eth0:10.35.4.11<0>
ip-0A23040B:45335:45335 [2] NCCL INFO Using network IBext
ip-0A230417:61922:61922 [2] NCCL INFO NET/IB : Using [0]mlx5_ib0:1/IB/SHARP [1]mlx5_ib1:1/IB/SHARP [2]mlx5_ib2:1/IB/SHARP [3]mlx5_ib3:1/IB/SHARP [4]mlx5_ib4:1/IB/SHARP [5]mlx5_ib5:1/IB/SHARP [6]mlx5_ib6:1/IB/SHARP [7]mlx5_ib7:1/IB/SHARP ; OOB eth0:10.35.4.23<0>
ip-0A230417:61922:61922 [2] NCCL INFO Using network IBext
ip-0A23040F:88078:88078 [2] NCCL INFO NET/IB : Using [0]mlx5_ib0:1/IB/SHARP [1]mlx5_ib1:1/IB/SHARP [2]mlx5_ib2:1/IB/SHARP [3]mlx5_ib3:1/IB/SHARP [4]mlx5_ib4:1/IB/SHARP [5]mlx5_ib5:1/IB/SHARP [6]mlx5_ib6:1/IB/SHARP [7]mlx5_ib7:1/IB/SHARP ; OOB eth0:10.35.4.15<0>
ip-0A23040F:88078:88078 [2] NCCL INFO Using network IBext
ip-0A23041D:27116:27116 [2] NCCL INFO NET/IB : Using [0]mlx5_ib0:1/IB/SHARP [1]mlx5_ib1:1/IB/SHARP [2]mlx5_ib2:1/IB/SHARP [3]mlx5_ib3:1/IB/SHARP [4]mlx5_ib4:1/IB/SHARP [5]mlx5_ib5:1/IB/SHARP [6]mlx5_ib6:1/IB/SHARP [7]mlx5_ib7:1/IB/SHARP ; OOB eth0:10.35.4.29<0>
ip-0A23041D:27116:27116 [2] NCCL INFO Using network IBext
ip-0A23040F:88078:88701 [2] NCCL INFO NCCL_P2P_LEVEL set by environment to LOC
ip-0A23040F:88078:88701 [2] NCCL INFO PXN Disabled as plugin is v4
ip-0A230412:28874:29501 [2] NCCL INFO NCCL_P2P_LEVEL set by environment to LOC
ip-0A23040F:88078:88701 [2] NCCL INFO Setting affinity for GPU 2 to ffffff
ip-0A23040F:88078:88701 [2] NCCL INFO NCCL_COLLNET_ENABLE set by environment to 1.
ip-0A230412:28874:29501 [2] NCCL INFO PXN Disabled as plugin is v4
ip-0A230405:23966:24592 [2] NCCL INFO NCCL_P2P_LEVEL set by environment to LOC
ip-0A230417:61922:62519 [2] NCCL INFO NCCL_P2P_LEVEL set by environment to LOC
ip-0A230412:28874:29501 [2] NCCL INFO Setting affinity for GPU 2 to ffffff
ip-0A230412:28874:29501 [2] NCCL INFO NCCL_COLLNET_ENABLE set by environment to 1.
ip-0A230405:23966:24592 [2] NCCL INFO PXN Disabled as plugin is v4
ip-0A230417:61922:62519 [2] NCCL INFO PXN Disabled as plugin is v4
ip-0A230405:23966:24592 [2] NCCL INFO Setting affinity for GPU 2 to ffffff
ip-0A230417:61922:62519 [2] NCCL INFO Setting affinity for GPU 2 to ffffff
ip-0A230413:72601:73222 [2] NCCL INFO NCCL_P2P_LEVEL set by environment to LOC
ip-0A230405:23966:24592 [2] NCCL INFO NCCL_COLLNET_ENABLE set by environment to 1.
ip-0A230417:61922:62519 [2] NCCL INFO NCCL_COLLNET_ENABLE set by environment to 1.
ip-0A230408:70951:71576 [2] NCCL INFO NCCL_P2P_LEVEL set by environment to LOC
ip-0A23040C:70243:70869 [2] NCCL INFO NCCL_P2P_LEVEL set by environment to LOC
ip-0A230413:72601:73222 [2] NCCL INFO PXN Disabled as plugin is v4
ip-0A230407:61736:62348 [2] NCCL INFO NCCL_P2P_LEVEL set by environment to LOC
ip-0A230408:70951:71576 [2] NCCL INFO PXN Disabled as plugin is v4
ip-0A230413:72601:73222 [2] NCCL INFO Setting affinity for GPU 2 to ffffff
ip-0A23041D:27116:27742 [2] NCCL INFO NCCL_P2P_LEVEL set by environment to LOC
ip-0A23040C:70243:70869 [2] NCCL INFO PXN Disabled as plugin is v4
ip-0A230408:70951:71576 [2] NCCL INFO Setting affinity for GPU 2 to ffffff
ip-0A23041A:21453:22080 [2] NCCL INFO NCCL_P2P_LEVEL set by environment to LOC
ip-0A230413:72601:73222 [2] NCCL INFO NCCL_COLLNET_ENABLE set by environment to 1.
ip-0A23040C:70243:70869 [2] NCCL INFO Setting affinity for GPU 2 to ffffff
ip-0A230407:61736:62348 [2] NCCL INFO PXN Disabled as plugin is v4
ip-0A23040E:71767:72406 [2] NCCL INFO NCCL_P2P_LEVEL set by environment to LOC
ip-0A23041D:27116:27742 [2] NCCL INFO PXN Disabled as plugin is v4
ip-0A230408:70951:71576 [2] NCCL INFO NCCL_COLLNET_ENABLE set by environment to 1.
ip-0A23040C:70243:70869 [2] NCCL INFO NCCL_COLLNET_ENABLE set by environment to 1.
ip-0A230407:61736:62348 [2] NCCL INFO Setting affinity for GPU 2 to ffffff
ip-0A23041A:21453:22080 [2] NCCL INFO PXN Disabled as plugin is v4
ip-0A23041D:27116:27742 [2] NCCL INFO Setting affinity for GPU 2 to ffffff
ip-0A23040E:71767:72406 [2] NCCL INFO PXN Disabled as plugin is v4
ip-0A23040B:45335:45953 [2] NCCL INFO NCCL_P2P_LEVEL set by environment to LOC
ip-0A230407:61736:62348 [2] NCCL INFO NCCL_COLLNET_ENABLE set by environment to 1.
ip-0A23041A:21453:22080 [2] NCCL INFO Setting affinity for GPU 2 to ffffff
ip-0A23041D:27116:27742 [2] NCCL INFO NCCL_COLLNET_ENABLE set by environment to 1.
ip-0A230414:25190:25814 [2] NCCL INFO NCCL_P2P_LEVEL set by environment to LOC
ip-0A23040E:71767:72406 [2] NCCL INFO Setting affinity for GPU 2 to ffffff
ip-0A23041A:21453:22080 [2] NCCL INFO NCCL_COLLNET_ENABLE set by environment to 1.
ip-0A23040B:45335:45953 [2] NCCL INFO PXN Disabled as plugin is v4
ip-0A23040E:71767:72406 [2] NCCL INFO NCCL_COLLNET_ENABLE set by environment to 1.
ip-0A230414:25190:25814 [2] NCCL INFO PXN Disabled as plugin is v4
ip-0A23040B:45335:45953 [2] NCCL INFO Setting affinity for GPU 2 to ffffff
ip-0A230410:59469:60092 [2] NCCL INFO NCCL_P2P_LEVEL set by environment to LOC
ip-0A230414:25190:25814 [2] NCCL INFO Setting affinity for GPU 2 to ffffff
ip-0A23040B:45335:45953 [2] NCCL INFO NCCL_COLLNET_ENABLE set by environment to 1.
ip-0A230410:59469:60092 [2] NCCL INFO PXN Disabled as plugin is v4
ip-0A230406:9407:10034 [2] NCCL INFO NCCL_P2P_LEVEL set by environment to LOC
ip-0A230414:25190:25814 [2] NCCL INFO NCCL_COLLNET_ENABLE set by environment to 1.
ip-0A230410:59469:60092 [2] NCCL INFO Setting affinity for GPU 2 to ffffff
ip-0A230406:9407:10034 [2] NCCL INFO PXN Disabled as plugin is v4
ip-0A230410:59469:60092 [2] NCCL INFO NCCL_COLLNET_ENABLE set by environment to 1.
ip-0A230406:9407:10034 [2] NCCL INFO Setting affinity for GPU 2 to ffffff
ip-0A230406:9407:10034 [2] NCCL INFO NCCL_COLLNET_ENABLE set by environment to 1.
ip-0A23040D:34256:34895 [2] NCCL INFO NCCL_P2P_LEVEL set by environment to LOC
ip-0A23040D:34256:34895 [2] NCCL INFO PXN Disabled as plugin is v4
ip-0A23040D:34256:34895 [2] NCCL INFO Setting affinity for GPU 2 to ffffff
ip-0A23040D:34256:34895 [2] NCCL INFO NCCL_COLLNET_ENABLE set by environment to 1.
ip-0A23040D:34256:34895 [2] NCCL INFO Channel 00/02 :    0   1   2   3   4   5   6   7   8   9  10  11  12  13  14  15
ip-0A23040D:34256:34895 [2] NCCL INFO Channel 01/02 :    0   1   2   3   4   5   6   7   8   9  10  11  12  13  14  15
ip-0A23040D:34256:34895 [2] NCCL INFO Trees [0] 8/-1/-1->0->-1 [1] -1/-1/-1->0->1
ip-0A23040F:88078:88701 [2] NCCL INFO Trees [0] -1/-1/-1->1->2 [1] 2/0/-1->1->3
ip-0A230410:59469:60092 [2] NCCL INFO Trees [0] 1/3/-1->2->4 [1] -1/-1/-1->2->1
ip-0A230412:28874:29501 [2] NCCL INFO Trees [0] -1/-1/-1->3->2 [1] 5/1/-1->3->7
ip-0A230413:72601:73222 [2] NCCL INFO Trees [0] 2/6/-1->4->8 [1] -1/-1/-1->4->5
ip-0A230414:25190:25814 [2] NCCL INFO Trees [0] -1/-1/-1->5->6 [1] 6/4/-1->5->3
ip-0A230417:61922:62519 [2] NCCL INFO Trees [0] 5/7/-1->6->4 [1] -1/-1/-1->6->5
ip-0A230406:9407:10034 [2] NCCL INFO Trees [0] -1/-1/-1->7->6 [1] 11/3/-1->7->15
ip-0A230408:70951:71576 [2] NCCL INFO Trees [0] 4/12/-1->8->0 [1] -1/-1/-1->8->9
ip-0A23041A:21453:22080 [2] NCCL INFO Trees [0] -1/-1/-1->9->10 [1] 10/8/-1->9->11
ip-0A23041D:27116:27742 [2] NCCL INFO Trees [0] 9/11/-1->10->12 [1] -1/-1/-1->10->9
ip-0A230405:23966:24592 [2] NCCL INFO Trees [0] -1/-1/-1->11->10 [1] 13/9/-1->11->7
ip-0A23040C:70243:70869 [2] NCCL INFO Trees [0] -1/-1/-1->15->14 [1] 7/-1/-1->15->-1
ip-0A230407:61736:62348 [2] NCCL INFO Trees [0] 10/14/-1->12->8 [1] -1/-1/-1->12->13
ip-0A23040B:45335:45953 [2] NCCL INFO Trees [0] -1/-1/-1->13->14 [1] 14/12/-1->13->11
ip-0A23040E:71767:72406 [2] NCCL INFO Trees [0] 13/15/-1->14->12 [1] -1/-1/-1->14->13
ip-0A23040D:34256:34895 [2] NCCL INFO Channel 00/0 : 15[300000] -> 0[300000] [receive] via NET/IBext/2
ip-0A23040D:34256:34895 [2] NCCL INFO Channel 01/0 : 15[300000] -> 0[300000] [receive] via NET/IBext/2
ip-0A23040D:34256:34895 [2] NCCL INFO Channel 00/0 : 0[300000] -> 1[300000] [send] via NET/IBext/2
ip-0A23040D:34256:34895 [2] NCCL INFO Channel 01/0 : 0[300000] -> 1[300000] [send] via NET/IBext/2
ip-0A23040F:88078:88701 [2] NCCL INFO Channel 00/0 : 0[300000] -> 1[300000] [receive] via NET/IBext/2
ip-0A230412:28874:29501 [2] NCCL INFO Channel 00/0 : 2[300000] -> 3[300000] [receive] via NET/IBext/2
ip-0A23040F:88078:88701 [2] NCCL INFO Channel 01/0 : 0[300000] -> 1[300000] [receive] via NET/IBext/2
ip-0A23040F:88078:88701 [2] NCCL INFO Channel 00/0 : 1[300000] -> 2[300000] [send] via NET/IBext/2
ip-0A230410:59469:60092 [2] NCCL INFO Channel 00/0 : 1[300000] -> 2[300000] [receive] via NET/IBext/2
ip-0A230413:72601:73222 [2] NCCL INFO Channel 00/0 : 3[300000] -> 4[300000] [receive] via NET/IBext/2
ip-0A23040F:88078:88701 [2] NCCL INFO Channel 01/0 : 1[300000] -> 2[300000] [send] via NET/IBext/2
ip-0A230414:25190:25814 [2] NCCL INFO Channel 00/0 : 4[300000] -> 5[300000] [receive] via NET/IBext/2
ip-0A230412:28874:29501 [2] NCCL INFO Channel 01/0 : 2[300000] -> 3[300000] [receive] via NET/IBext/2
ip-0A230412:28874:29501 [2] NCCL INFO Channel 00/0 : 3[300000] -> 4[300000] [send] via NET/IBext/2
ip-0A230412:28874:29501 [2] NCCL INFO Channel 01/0 : 3[300000] -> 4[300000] [send] via NET/IBext/2
ip-0A230410:59469:60092 [2] NCCL INFO Channel 01/0 : 1[300000] -> 2[300000] [receive] via NET/IBext/2
ip-0A230413:72601:73222 [2] NCCL INFO Channel 01/0 : 3[300000] -> 4[300000] [receive] via NET/IBext/2
ip-0A230413:72601:73222 [2] NCCL INFO Channel 00/0 : 4[300000] -> 5[300000] [send] via NET/IBext/2
ip-0A230414:25190:25814 [2] NCCL INFO Channel 01/0 : 4[300000] -> 5[300000] [receive] via NET/IBext/2
ip-0A230414:25190:25814 [2] NCCL INFO Channel 00/0 : 5[300000] -> 6[300000] [send] via NET/IBext/2
ip-0A230417:61922:62519 [2] NCCL INFO Channel 00/0 : 5[300000] -> 6[300000] [receive] via NET/IBext/2
ip-0A230410:59469:60092 [2] NCCL INFO Channel 00/0 : 2[300000] -> 3[300000] [send] via NET/IBext/2
ip-0A230413:72601:73222 [2] NCCL INFO Channel 01/0 : 4[300000] -> 5[300000] [send] via NET/IBext/2
ip-0A230406:9407:10034 [2] NCCL INFO Channel 00/0 : 6[300000] -> 7[300000] [receive] via NET/IBext/2
ip-0A230410:59469:60092 [2] NCCL INFO Channel 01/0 : 2[300000] -> 3[300000] [send] via NET/IBext/2
ip-0A230414:25190:25814 [2] NCCL INFO Channel 01/0 : 5[300000] -> 6[300000] [send] via NET/IBext/2
ip-0A230417:61922:62519 [2] NCCL INFO Channel 01/0 : 5[300000] -> 6[300000] [receive] via NET/IBext/2
ip-0A230417:61922:62519 [2] NCCL INFO Channel 00/0 : 6[300000] -> 7[300000] [send] via NET/IBext/2
ip-0A230408:70951:71576 [2] NCCL INFO Channel 00/0 : 7[300000] -> 8[300000] [receive] via NET/IBext/2
ip-0A230406:9407:10034 [2] NCCL INFO Channel 01/0 : 6[300000] -> 7[300000] [receive] via NET/IBext/2
ip-0A230406:9407:10034 [2] NCCL INFO Channel 00/0 : 7[300000] -> 8[300000] [send] via NET/IBext/2
ip-0A23041A:21453:22080 [2] NCCL INFO Channel 00/0 : 8[300000] -> 9[300000] [receive] via NET/IBext/2
ip-0A230417:61922:62519 [2] NCCL INFO Channel 01/0 : 6[300000] -> 7[300000] [send] via NET/IBext/2
ip-0A230408:70951:71576 [2] NCCL INFO Channel 01/0 : 7[300000] -> 8[300000] [receive] via NET/IBext/2
ip-0A230408:70951:71576 [2] NCCL INFO Channel 00/0 : 8[300000] -> 9[300000] [send] via NET/IBext/2
ip-0A230406:9407:10034 [2] NCCL INFO Channel 01/0 : 7[300000] -> 8[300000] [send] via NET/IBext/2
ip-0A23041A:21453:22080 [2] NCCL INFO Channel 01/0 : 8[300000] -> 9[300000] [receive] via NET/IBext/2
ip-0A23041A:21453:22080 [2] NCCL INFO Channel 00/0 : 9[300000] -> 10[300000] [send] via NET/IBext/2
ip-0A23041D:27116:27742 [2] NCCL INFO Channel 00/0 : 9[300000] -> 10[300000] [receive] via NET/IBext/2
ip-0A23040C:70243:70869 [2] NCCL INFO Channel 00/0 : 14[300000] -> 15[300000] [receive] via NET/IBext/2
ip-0A230408:70951:71576 [2] NCCL INFO Channel 01/0 : 8[300000] -> 9[300000] [send] via NET/IBext/2
ip-0A230405:23966:24592 [2] NCCL INFO Channel 00/0 : 10[300000] -> 11[300000] [receive] via NET/IBext/2
ip-0A23041A:21453:22080 [2] NCCL INFO Channel 01/0 : 9[300000] -> 10[300000] [send] via NET/IBext/2
ip-0A23041D:27116:27742 [2] NCCL INFO Channel 01/0 : 9[300000] -> 10[300000] [receive] via NET/IBext/2
ip-0A23040C:70243:70869 [2] NCCL INFO Channel 01/0 : 14[300000] -> 15[300000] [receive] via NET/IBext/2
ip-0A23041D:27116:27742 [2] NCCL INFO Channel 00/0 : 10[300000] -> 11[300000] [send] via NET/IBext/2
ip-0A23040C:70243:70869 [2] NCCL INFO Channel 00/0 : 15[300000] -> 0[300000] [send] via NET/IBext/2
ip-0A23041D:27116:27742 [2] NCCL INFO Channel 01/0 : 10[300000] -> 11[300000] [send] via NET/IBext/2
ip-0A230407:61736:62348 [2] NCCL INFO Channel 00/0 : 11[300000] -> 12[300000] [receive] via NET/IBext/2
ip-0A230405:23966:24592 [2] NCCL INFO Channel 01/0 : 10[300000] -> 11[300000] [receive] via NET/IBext/2
ip-0A23040B:45335:45953 [2] NCCL INFO Channel 00/0 : 12[300000] -> 13[300000] [receive] via NET/IBext/2
ip-0A230405:23966:24592 [2] NCCL INFO Channel 00/0 : 11[300000] -> 12[300000] [send] via NET/IBext/2
ip-0A23040C:70243:70869 [2] NCCL INFO Channel 01/0 : 15[300000] -> 0[300000] [send] via NET/IBext/2
ip-0A23040E:71767:72406 [2] NCCL INFO Channel 00/0 : 13[300000] -> 14[300000] [receive] via NET/IBext/2
ip-0A230407:61736:62348 [2] NCCL INFO Channel 01/0 : 11[300000] -> 12[300000] [receive] via NET/IBext/2
ip-0A230405:23966:24592 [2] NCCL INFO Channel 01/0 : 11[300000] -> 12[300000] [send] via NET/IBext/2
ip-0A230407:61736:62348 [2] NCCL INFO Channel 00/0 : 12[300000] -> 13[300000] [send] via NET/IBext/2
ip-0A230407:61736:62348 [2] NCCL INFO Channel 01/0 : 12[300000] -> 13[300000] [send] via NET/IBext/2
ip-0A23040E:71767:72406 [2] NCCL INFO Channel 01/0 : 13[300000] -> 14[300000] [receive] via NET/IBext/2
ip-0A23040B:45335:45953 [2] NCCL INFO Channel 01/0 : 12[300000] -> 13[300000] [receive] via NET/IBext/2
ip-0A23040E:71767:72406 [2] NCCL INFO Channel 00/0 : 14[300000] -> 15[300000] [send] via NET/IBext/2
ip-0A23040B:45335:45953 [2] NCCL INFO Channel 00/0 : 13[300000] -> 14[300000] [send] via NET/IBext/2
ip-0A23040E:71767:72406 [2] NCCL INFO Channel 01/0 : 14[300000] -> 15[300000] [send] via NET/IBext/2
ip-0A23040B:45335:45953 [2] NCCL INFO Channel 01/0 : 13[300000] -> 14[300000] [send] via NET/IBext/2
ip-0A230408:70951:71576 [2] NCCL INFO Connected all rings
ip-0A230413:72601:73222 [2] NCCL INFO Connected all rings
ip-0A23040E:71767:72406 [2] NCCL INFO Connected all rings
ip-0A23040F:88078:88701 [2] NCCL INFO Connected all rings
ip-0A230414:25190:25814 [2] NCCL INFO Connected all rings
ip-0A230417:61922:62519 [2] NCCL INFO Connected all rings
ip-0A23040C:70243:70869 [2] NCCL INFO Connected all rings
ip-0A230406:9407:10034 [2] NCCL INFO Connected all rings
ip-0A230407:61736:62348 [2] NCCL INFO Connected all rings
ip-0A23041A:21453:22080 [2] NCCL INFO Connected all rings
ip-0A23040B:45335:45953 [2] NCCL INFO Connected all rings
ip-0A230412:28874:29501 [2] NCCL INFO Connected all rings
ip-0A230405:23966:24592 [2] NCCL INFO Connected all rings
ip-0A230410:59469:60092 [2] NCCL INFO Connected all rings
ip-0A23040D:34256:34895 [2] NCCL INFO Connected all rings
ip-0A23041D:27116:27742 [2] NCCL INFO Connected all rings
ip-0A230417:61922:62519 [2] NCCL INFO Channel 00/0 : 4[300000] -> 6[300000] [receive] via NET/IBext/2
ip-0A23040F:88078:88701 [2] NCCL INFO Channel 01/0 : 1[300000] -> 3[300000] [send] via NET/IBext/2
ip-0A23040B:45335:45953 [2] NCCL INFO Channel 01/0 : 11[300000] -> 13[300000] [receive] via NET/IBext/2
ip-0A230414:25190:25814 [2] NCCL INFO Channel 01/0 : 3[300000] -> 5[300000] [receive] via NET/IBext/2
ip-0A23040C:70243:70869 [2] NCCL INFO Channel 01/0 : 7[300000] -> 15[300000] [receive] via NET/IBext/2
ip-0A23040C:70243:70869 [2] NCCL INFO Channel 01/0 : 15[300000] -> 7[300000] [send] via NET/IBext/2
ip-0A230412:28874:29501 [2] NCCL INFO Channel 01/0 : 1[300000] -> 3[300000] [receive] via NET/IBext/2
ip-0A23040E:71767:72406 [2] NCCL INFO Channel 00/0 : 12[300000] -> 14[300000] [receive] via NET/IBext/2
ip-0A230412:28874:29501 [2] NCCL INFO Channel 01/0 : 3[300000] -> 5[300000] [send] via NET/IBext/2
ip-0A230410:59469:60092 [2] NCCL INFO Channel 00/0 : 2[300000] -> 4[300000] [send] via NET/IBext/2
ip-0A230408:70951:71576 [2] NCCL INFO Channel 00/0 : 4[300000] -> 8[300000] [receive] via NET/IBext/2
ip-0A230407:61736:62348 [2] NCCL INFO Channel 00/0 : 10[300000] -> 12[300000] [receive] via NET/IBext/2
ip-0A230405:23966:24592 [2] NCCL INFO Channel 01/0 : 9[300000] -> 11[300000] [receive] via NET/IBext/2
ip-0A230407:61736:62348 [2] NCCL INFO Channel 00/0 : 12[300000] -> 14[300000] [send] via NET/IBext/2
ip-0A230408:70951:71576 [2] NCCL INFO Channel 00/0 : 8[300000] -> 12[300000] [send] via NET/IBext/2
ip-0A230405:23966:24592 [2] NCCL INFO Channel 01/0 : 11[300000] -> 13[300000] [send] via NET/IBext/2
ip-0A23041A:21453:22080 [2] NCCL INFO Channel 01/0 : 9[300000] -> 11[300000] [send] via NET/IBext/2
ip-0A230413:72601:73222 [2] NCCL INFO Channel 00/0 : 2[300000] -> 4[300000] [receive] via NET/IBext/2
ip-0A230413:72601:73222 [2] NCCL INFO Channel 00/0 : 4[300000] -> 6[300000] [send] via NET/IBext/2
ip-0A23041D:27116:27742 [2] NCCL INFO Channel 00/0 : 10[300000] -> 12[300000] [send] via NET/IBext/2
ip-0A230406:9407:10034 [2] NCCL INFO Channel 01/0 : 3[300000] -> 7[300000] [receive] via NET/IBext/2
ip-0A230406:9407:10034 [2] NCCL INFO Channel 01/0 : 7[300000] -> 11[300000] [send] via NET/IBext/2
ip-0A23040D:34256:34895 [2] NCCL INFO Channel 00/0 : 8[300000] -> 0[300000] [receive] via NET/IBext/2
ip-0A23040D:34256:34895 [2] NCCL INFO Channel 00/0 : 0[300000] -> 8[300000] [send] via NET/IBext/2
ip-0A23040F:88078:88701 [2] NCCL INFO Channel 01/0 : 3[300000] -> 1[300000] [receive] via NET/IBext/2
ip-0A23041A:21453:22080 [2] NCCL INFO Channel 01/0 : 11[300000] -> 9[300000] [receive] via NET/IBext/2
ip-0A230410:59469:60092 [2] NCCL INFO Channel 00/0 : 4[300000] -> 2[300000] [receive] via NET/IBext/2
ip-0A23041D:27116:27742 [2] NCCL INFO Channel 00/0 : 12[300000] -> 10[300000] [receive] via NET/IBext/2
ip-0A23040E:71767:72406 [2] NCCL INFO Channel 00/0 : 14[300000] -> 12[300000] [send] via NET/IBext/2
ip-0A230414:25190:25814 [2] NCCL INFO Channel 01/0 : 5[300000] -> 3[300000] [send] via NET/IBext/2
ip-0A230417:61922:62519 [2] NCCL INFO Channel 00/0 : 6[300000] -> 4[300000] [send] via NET/IBext/2
ip-0A23040B:45335:45953 [2] NCCL INFO Channel 01/0 : 13[300000] -> 11[300000] [send] via NET/IBext/2
ip-0A230412:28874:29501 [2] NCCL INFO Channel 01/0 : 3[300000] -> 7[300000] [send] via NET/IBext/2
ip-0A230407:61736:62348 [2] NCCL INFO Channel 00/0 : 8[300000] -> 12[300000] [receive] via NET/IBext/2
ip-0A230405:23966:24592 [2] NCCL INFO Channel 01/0 : 7[300000] -> 11[300000] [receive] via NET/IBext/2
ip-0A230413:72601:73222 [2] NCCL INFO Channel 00/0 : 4[300000] -> 8[300000] [send] via NET/IBext/2
ip-0A230413:72601:73222 [2] NCCL INFO Channel 00/0 : 8[300000] -> 4[300000] [receive] via NET/IBext/2
ip-0A230407:61736:62348 [2] NCCL INFO Channel 00/0 : 12[300000] -> 8[300000] [send] via NET/IBext/2
ip-0A230405:23966:24592 [2] NCCL INFO Channel 01/0 : 11[300000] -> 7[300000] [send] via NET/IBext/2
ip-0A230412:28874:29501 [2] NCCL INFO Channel 01/0 : 7[300000] -> 3[300000] [receive] via NET/IBext/2
ip-0A230408:70951:71576 [2] NCCL INFO Channel 00/0 : 0[300000] -> 8[300000] [receive] via NET/IBext/2
ip-0A230408:70951:71576 [2] NCCL INFO Channel 00/0 : 8[300000] -> 0[300000] [send] via NET/IBext/2
ip-0A230406:9407:10034 [2] NCCL INFO Channel 01/0 : 15[300000] -> 7[300000] [receive] via NET/IBext/2
ip-0A230406:9407:10034 [2] NCCL INFO Channel 01/0 : 7[300000] -> 15[300000] [send] via NET/IBext/2
ip-0A23040D:34256:34895 [2] NCCL INFO Channel 01/0 : 1[300000] -> 0[300000] [receive] via NET/IBext/2
ip-0A230408:70951:71576 [2] NCCL INFO Channel 00/0 : 12[300000] -> 8[300000] [receive] via NET/IBext/2
ip-0A230408:70951:71576 [2] NCCL INFO Channel 00/0 : 8[300000] -> 4[300000] [send] via NET/IBext/2
ip-0A230406:9407:10034 [2] NCCL INFO Channel 01/0 : 11[300000] -> 7[300000] [receive] via NET/IBext/2
ip-0A230406:9407:10034 [2] NCCL INFO Channel 01/0 : 7[300000] -> 3[300000] [send] via NET/IBext/2
ip-0A23040C:70243:70869 [2] NCCL INFO Channel 00/0 : 15[300000] -> 14[300000] [send] via NET/IBext/2
ip-0A230412:28874:29501 [2] NCCL INFO Channel 01/0 : 5[300000] -> 3[300000] [receive] via NET/IBext/2
ip-0A230412:28874:29501 [2] NCCL INFO Channel 01/0 : 3[300000] -> 1[300000] [send] via NET/IBext/2
ip-0A230407:61736:62348 [2] NCCL INFO Channel 00/0 : 14[300000] -> 12[300000] [receive] via NET/IBext/2
ip-0A230407:61736:62348 [2] NCCL INFO Channel 00/0 : 12[300000] -> 10[300000] [send] via NET/IBext/2
ip-0A230413:72601:73222 [2] NCCL INFO Channel 00/0 : 6[300000] -> 4[300000] [receive] via NET/IBext/2
ip-0A230413:72601:73222 [2] NCCL INFO Channel 00/0 : 4[300000] -> 2[300000] [send] via NET/IBext/2
ip-0A230408:70951:71576 [2] NCCL INFO Channel 01/0 : 9[300000] -> 8[300000] [receive] via NET/IBext/2
ip-0A230405:23966:24592 [2] NCCL INFO Channel 01/0 : 13[300000] -> 11[300000] [receive] via NET/IBext/2
ip-0A230405:23966:24592 [2] NCCL INFO Channel 01/0 : 11[300000] -> 9[300000] [send] via NET/IBext/2
ip-0A230406:9407:10034 [2] NCCL INFO Channel 00/0 : 7[300000] -> 6[300000] [send] via NET/IBext/2
ip-0A230414:25190:25814 [2] NCCL INFO Channel 00/0 : 6[300000] -> 5[300000] [receive] via NET/IBext/2
ip-0A230414:25190:25814 [2] NCCL INFO Channel 01/0 : 6[300000] -> 5[300000] [receive] via NET/IBext/2
ip-0A230414:25190:25814 [2] NCCL INFO Channel 01/0 : 5[300000] -> 4[300000] [send] via NET/IBext/2
ip-0A23040B:45335:45953 [2] NCCL INFO Channel 00/0 : 14[300000] -> 13[300000] [receive] via NET/IBext/2
ip-0A23040B:45335:45953 [2] NCCL INFO Channel 01/0 : 14[300000] -> 13[300000] [receive] via NET/IBext/2
ip-0A23040B:45335:45953 [2] NCCL INFO Channel 01/0 : 13[300000] -> 12[300000] [send] via NET/IBext/2
ip-0A23040F:88078:88701 [2] NCCL INFO Channel 00/0 : 2[300000] -> 1[300000] [receive] via NET/IBext/2
ip-0A23040F:88078:88701 [2] NCCL INFO Channel 01/0 : 2[300000] -> 1[300000] [receive] via NET/IBext/2
ip-0A23040F:88078:88701 [2] NCCL INFO Channel 01/0 : 1[300000] -> 0[300000] [send] via NET/IBext/2
ip-0A230412:28874:29501 [2] NCCL INFO Channel 00/0 : 3[300000] -> 2[300000] [send] via NET/IBext/2
ip-0A230417:61922:62519 [2] NCCL INFO Channel 00/0 : 7[300000] -> 6[300000] [receive] via NET/IBext/2
ip-0A230417:61922:62519 [2] NCCL INFO Channel 00/0 : 6[300000] -> 5[300000] [send] via NET/IBext/2
ip-0A230417:61922:62519 [2] NCCL INFO Channel 01/0 : 6[300000] -> 5[300000] [send] via NET/IBext/2
ip-0A230410:59469:60092 [2] NCCL INFO Channel 00/0 : 3[300000] -> 2[300000] [receive] via NET/IBext/2
ip-0A230410:59469:60092 [2] NCCL INFO Channel 00/0 : 2[300000] -> 1[300000] [send] via NET/IBext/2
ip-0A230410:59469:60092 [2] NCCL INFO Channel 01/0 : 2[300000] -> 1[300000] [send] via NET/IBext/2
ip-0A23041D:27116:27742 [2] NCCL INFO Channel 00/0 : 11[300000] -> 10[300000] [receive] via NET/IBext/2
ip-0A23041D:27116:27742 [2] NCCL INFO Channel 00/0 : 10[300000] -> 9[300000] [send] via NET/IBext/2
ip-0A23041D:27116:27742 [2] NCCL INFO Channel 01/0 : 10[300000] -> 9[300000] [send] via NET/IBext/2
ip-0A23040E:71767:72406 [2] NCCL INFO Channel 00/0 : 15[300000] -> 14[300000] [receive] via NET/IBext/2
ip-0A23040E:71767:72406 [2] NCCL INFO Channel 00/0 : 14[300000] -> 13[300000] [send] via NET/IBext/2
ip-0A23040E:71767:72406 [2] NCCL INFO Channel 01/0 : 14[300000] -> 13[300000] [send] via NET/IBext/2
ip-0A230413:72601:73222 [2] NCCL INFO Channel 01/0 : 5[300000] -> 4[300000] [receive] via NET/IBext/2
ip-0A230406:9407:10034 [2] NCCL INFO Connected all trees
ip-0A230406:9407:10034 [2] NCCL INFO CollNet 00 : 7 [receive] via COLLNET/SHARP/2
ip-0A230412:28874:29501 [2] NCCL INFO Connected all trees
ip-0A230407:61736:62348 [2] NCCL INFO Channel 01/0 : 13[300000] -> 12[300000] [receive] via NET/IBext/2
ip-0A23040D:34256:34895 [2] NCCL INFO Connected all trees
ip-0A23040C:70243:70869 [2] NCCL INFO Connected all trees
ip-0A23040D:34256:34895 [2] NCCL INFO CollNet 00 : 0 [receive] via COLLNET/SHARP/2
ip-0A23040C:70243:70869 [2] NCCL INFO CollNet 00 : 15 [receive] via COLLNET/SHARP/2
ip-0A230405:23966:24592 [2] NCCL INFO Channel 00/0 : 11[300000] -> 10[300000] [send] via NET/IBext/2
ip-0A230413:72601:73222 [2] NCCL INFO Connected all trees
ip-0A230413:72601:73222 [2] NCCL INFO CollNet 00 : 4 [receive] via COLLNET/SHARP/2
ip-0A23041A:21453:22080 [2] NCCL INFO Channel 00/0 : 10[300000] -> 9[300000] [receive] via NET/IBext/2
ip-0A23041A:21453:22080 [2] NCCL INFO Channel 01/0 : 10[300000] -> 9[300000] [receive] via NET/IBext/2
ip-0A23041A:21453:22080 [2] NCCL INFO Channel 01/0 : 9[300000] -> 8[300000] [send] via NET/IBext/2
ip-0A230407:61736:62348 [2] NCCL INFO Connected all trees
ip-0A230407:61736:62348 [2] NCCL INFO CollNet 00 : 12 [receive] via COLLNET/SHARP/2
ip-0A230405:23966:24592 [2] NCCL INFO Connected all trees
ip-0A230405:23966:24592 [2] NCCL INFO CollNet 00 : 11 [receive] via COLLNET/SHARP/2
ip-0A230410:59469:60092 [2] NCCL INFO Connected all trees
ip-0A230417:61922:62519 [2] NCCL INFO Connected all trees
ip-0A23040F:88078:88701 [2] NCCL INFO Connected all trees
ip-0A23040E:71767:72406 [2] NCCL INFO Connected all trees
ip-0A230414:25190:25814 [2] NCCL INFO Connected all trees
ip-0A230408:70951:71576 [2] NCCL INFO Connected all trees
ip-0A230408:70951:71576 [2] NCCL INFO CollNet 00 : 8 [receive] via COLLNET/SHARP/2
ip-0A23040B:45335:45953 [2] NCCL INFO Connected all trees
ip-0A23041D:27116:27742 [2] NCCL INFO Connected all trees
ip-0A23041A:21453:22080 [2] NCCL INFO Connected all trees
ip-0A230412:28874:29501 [2] NCCL INFO CollNet 00 : 3 [receive] via COLLNET/SHARP/2
ip-0A230417:61922:62519 [2] NCCL INFO CollNet 00 : 6 [receive] via COLLNET/SHARP/2
ip-0A23040E:71767:72406 [2] NCCL INFO CollNet 00 : 14 [receive] via COLLNET/SHARP/2
ip-0A230410:59469:60092 [2] NCCL INFO CollNet 00 : 2 [receive] via COLLNET/SHARP/2
ip-0A23040F:88078:88701 [2] NCCL INFO CollNet 00 : 1 [receive] via COLLNET/SHARP/2
ip-0A230414:25190:25814 [2] NCCL INFO CollNet 00 : 5 [receive] via COLLNET/SHARP/2
ip-0A23040B:45335:45953 [2] NCCL INFO CollNet 00 : 13 [receive] via COLLNET/SHARP/2
ip-0A23041D:27116:27742 [2] NCCL INFO CollNet 00 : 10 [receive] via COLLNET/SHARP/2
ip-0A23041A:21453:22080 [2] NCCL INFO CollNet 00 : 9 [receive] via COLLNET/SHARP/2
ip-0A23041A:21453:22081 [2] NCCL INFO NCCL_SHARP_GROUP_SIZE_THRESH set by environment to 16.
ip-0A23041D:27116:27743 [2] NCCL INFO NCCL_SHARP_GROUP_SIZE_THRESH set by environment to 16.
ip-0A230405:23966:24593 [2] NCCL INFO NCCL_SHARP_GROUP_SIZE_THRESH set by environment to 16.
ip-0A230407:61736:62349 [2] NCCL INFO NCCL_SHARP_GROUP_SIZE_THRESH set by environment to 16.
ip-0A23040B:45335:45954 [2] NCCL INFO NCCL_SHARP_GROUP_SIZE_THRESH set by environment to 16.
ip-0A23040E:71767:72409 [2] NCCL INFO NCCL_SHARP_GROUP_SIZE_THRESH set by environment to 16.
ip-0A23040D:34256:34897 [2] NCCL INFO NCCL_SHARP_GROUP_SIZE_THRESH set by environment to 16.
ip-0A23040C:70243:70870 [2] NCCL INFO NCCL_SHARP_GROUP_SIZE_THRESH set by environment to 16.
ip-0A23040F:88078:88702 [2] NCCL INFO NCCL_SHARP_GROUP_SIZE_THRESH set by environment to 16.
ip-0A230410:59469:60093 [2] NCCL INFO NCCL_SHARP_GROUP_SIZE_THRESH set by environment to 16.
ip-0A230412:28874:29502 [2] NCCL INFO NCCL_SHARP_GROUP_SIZE_THRESH set by environment to 16.
ip-0A230413:72601:73223 [2] NCCL INFO NCCL_SHARP_GROUP_SIZE_THRESH set by environment to 16.
ip-0A230414:25190:25815 [2] NCCL INFO NCCL_SHARP_GROUP_SIZE_THRESH set by environment to 16.
ip-0A230417:61922:62521 [2] NCCL INFO NCCL_SHARP_GROUP_SIZE_THRESH set by environment to 16.
ip-0A230406:9407:10035 [2] NCCL INFO NCCL_SHARP_GROUP_SIZE_THRESH set by environment to 16.
ip-0A230408:70951:71577 [2] NCCL INFO NCCL_SHARP_GROUP_SIZE_THRESH set by environment to 16.
[ip-0A23040D:0:34256 - context.c:584] INFO job (ID: 2524863478385544841) resource request quota: ( osts:0 user_data_per_ost:0 max_groups:0 max_qps:1 max_group_channels:1, num_trees:1)
[ip-0A23040D:0:34256 unique id 0] ERROR No Aggregation Manager (sharp_am) detected in sharp_create_job.

[ip-0A23040D:0:34256 - context.c:601] ERROR sharp_create_job failed: No Aggregation Manager (sharp_am) detected(-52)
ip-0A230406:9407:10035 [2] NCCL INFO Sharp rank 7/16 initialized on mlx5_ib2:1

ip-0A230406:9407:10035 [2] sharp_plugin.c:288 NCCL WARN NET/IB :SHARP coll init error: Cannot create SHArP job(-11)

ip-0A230406:9407:10035 [2] NCCL INFO include/coll_net.h:21 -> 3
ip-0A23041D:27116:27743 [2] NCCL INFO Sharp rank 10/16 initialized on mlx5_ib2:1

ip-0A23041D:27116:27743 [2] sharp_plugin.c:288 NCCL WARN NET/IB :SHARP coll init error: Cannot create SHArP job(-11)

ip-0A23041D:27116:27743 [2] NCCL INFO include/coll_net.h:21 -> 3
ip-0A23040B:45335:45954 [2] NCCL INFO Sharp rank 13/16 initialized on mlx5_ib2:1

ip-0A23040B:45335:45954 [2] sharp_plugin.c:288 NCCL WARN NET/IB :SHARP coll init error: Cannot create SHArP job(-11)

ip-0A23040B:45335:45954 [2] NCCL INFO include/coll_net.h:21 -> 3
ip-0A230412:28874:29502 [2] NCCL INFO Sharp rank 3/16 initialized on mlx5_ib2:1

ip-0A230412:28874:29502 [2] sharp_plugin.c:288 NCCL WARN NET/IB :SHARP coll init error: Cannot create SHArP job(-11)

ip-0A230412:28874:29502 [2] NCCL INFO include/coll_net.h:21 -> 3
ip-0A230407:61736:62349 [2] NCCL INFO Sharp rank 12/16 initialized on mlx5_ib2:1

ip-0A230407:61736:62349 [2] sharp_plugin.c:288 NCCL WARN NET/IB :SHARP coll init error: Cannot create SHArP job(-11)

ip-0A230407:61736:62349 [2] NCCL INFO include/coll_net.h:21 -> 3
ip-0A230405:23966:24593 [2] NCCL INFO Sharp rank 11/16 initialized on mlx5_ib2:1

ip-0A230405:23966:24593 [2] sharp_plugin.c:288 NCCL WARN NET/IB :SHARP coll init error: Cannot create SHArP job(-11)

ip-0A230405:23966:24593 [2] NCCL INFO include/coll_net.h:21 -> 3
ip-0A230417:61922:62521 [2] NCCL INFO Sharp rank 6/16 initialized on mlx5_ib2:1

ip-0A230417:61922:62521 [2] sharp_plugin.c:288 NCCL WARN NET/IB :SHARP coll init error: Cannot create SHArP job(-11)

ip-0A230417:61922:62521 [2] NCCL INFO include/coll_net.h:21 -> 3
ip-0A230408:70951:71577 [2] NCCL INFO Sharp rank 8/16 initialized on mlx5_ib2:1

ip-0A230408:70951:71577 [2] sharp_plugin.c:288 NCCL WARN NET/IB :SHARP coll init error: Cannot create SHArP job(-11)

ip-0A230408:70951:71577 [2] NCCL INFO include/coll_net.h:21 -> 3
ip-0A230414:25190:25815 [2] NCCL INFO Sharp rank 5/16 initialized on mlx5_ib2:1

ip-0A230414:25190:25815 [2] sharp_plugin.c:288 NCCL WARN NET/IB :SHARP coll init error: Cannot create SHArP job(-11)

ip-0A230414:25190:25815 [2] NCCL INFO include/coll_net.h:21 -> 3
ip-0A230410:59469:60093 [2] NCCL INFO Sharp rank 2/16 initialized on mlx5_ib2:1

ip-0A230410:59469:60093 [2] sharp_plugin.c:288 NCCL WARN NET/IB :SHARP coll init error: Cannot create SHArP job(-11)

ip-0A230410:59469:60093 [2] NCCL INFO include/coll_net.h:21 -> 3
