ip-0A23041A:3164:3810 [2] transport.cc:253 NCCL WARN Cannot initialize CollNet, using point-to-point network instead
ip-0A23041A:3164:3810 [2] NCCL INFO init.cc:765 -> 2
ip-0A23041A:3164:3810 [2] NCCL INFO threadThresholds 8/8/64 | 128/8/64 | 8/8/512
ip-0A23041A:3164:3810 [2] NCCL INFO 2 coll channels, 2 p2p channels, 2 p2p channels per peer
ip-0A23040B:27229:27857 [2] NCCL INFO Sharp rank 13/16 initialized on mlx5_ib2:1

ip-0A23040B:27229:27857 [2] sharp_plugin.c:288 NCCL WARN NET/IB :SHARP coll init error: Cannot create SHArP job(-11)

ip-0A23040B:27229:27857 [2] NCCL INFO include/coll_net.h:21 -> 3
ip-0A23040C:52186:52814 [2] NCCL INFO Sharp rank 15/16 initialized on mlx5_ib2:1

ip-0A23040C:52186:52814 [2] sharp_plugin.c:288 NCCL WARN NET/IB :SHARP coll init error: Cannot create SHArP job(-11)

ip-0A23040C:52186:52814 [2] NCCL INFO include/coll_net.h:21 -> 3
ip-0A230413:54326:54953 [2] NCCL INFO Sharp rank 4/16 initialized on mlx5_ib2:1

ip-0A230413:54326:54953 [2] sharp_plugin.c:288 NCCL WARN NET/IB :SHARP coll init error: Cannot create SHArP job(-11)

ip-0A230413:54326:54953 [2] NCCL INFO include/coll_net.h:21 -> 3
ip-0A230408:54268:54897 [2] NCCL INFO threadThresholds 8/8/64 | 128/8/64 | 8/8/512
ip-0A23041D:8931:9551 [2] NCCL INFO Sharp rank 10/16 initialized on mlx5_ib2:1

ip-0A23041D:8931:9551 [2] sharp_plugin.c:288 NCCL WARN NET/IB :SHARP coll init error: Cannot create SHArP job(-11)

ip-0A23041D:8931:9551 [2] NCCL INFO include/coll_net.h:21 -> 3
ip-0A230408:54268:54897 [2] NCCL INFO 2 coll channels, 2 p2p channels, 2 p2p channels per peer
ip-0A23040E:53299:53923 [2] NCCL INFO Sharp rank 14/16 initialized on mlx5_ib2:1

ip-0A23040E:53299:53923 [2] sharp_plugin.c:288 NCCL WARN NET/IB :SHARP coll init error: Cannot create SHArP job(-11)

ip-0A23040E:53299:53923 [2] NCCL INFO include/coll_net.h:21 -> 3
ip-0A230405:5724:6357 [2] NCCL INFO Sharp rank 11/16 initialized on mlx5_ib2:1

ip-0A230405:5724:6357 [2] sharp_plugin.c:288 NCCL WARN NET/IB :SHARP coll init error: Cannot create SHArP job(-11)

ip-0A230405:5724:6357 [2] NCCL INFO include/coll_net.h:21 -> 3
ip-0A230407:43508:44133 [2] NCCL INFO Sharp rank 12/16 initialized on mlx5_ib2:1

ip-0A230407:43508:44133 [2] sharp_plugin.c:288 NCCL WARN NET/IB :SHARP coll init error: Cannot create SHArP job(-11)

ip-0A230407:43508:44133 [2] NCCL INFO include/coll_net.h:21 -> 3
ip-0A23040F:69903:70530 [2] NCCL INFO transport.cc:222 -> 2

ip-0A23040F:69903:70530 [2] transport.cc:253 NCCL WARN Cannot initialize CollNet, using point-to-point network instead
ip-0A23040F:69903:70530 [2] NCCL INFO init.cc:765 -> 2
ip-0A23040F:69903:70530 [2] NCCL INFO threadThresholds 8/8/64 | 128/8/64 | 8/8/512
ip-0A23040F:69903:70530 [2] NCCL INFO 2 coll channels, 2 p2p channels, 2 p2p channels per peer
ip-0A230414:7016:7644 [2] NCCL INFO transport.cc:222 -> 2

ip-0A230414:7016:7644 [2] transport.cc:253 NCCL WARN Cannot initialize CollNet, using point-to-point network instead
ip-0A230414:7016:7644 [2] NCCL INFO init.cc:765 -> 2
ip-0A230414:7016:7644 [2] NCCL INFO threadThresholds 8/8/64 | 128/8/64 | 8/8/512
ip-0A230414:7016:7644 [2] NCCL INFO 2 coll channels, 2 p2p channels, 2 p2p channels per peer
ip-0A230410:41408:42031 [2] NCCL INFO transport.cc:222 -> 2

ip-0A230410:41408:42031 [2] transport.cc:253 NCCL WARN Cannot initialize CollNet, using point-to-point network instead
ip-0A230410:41408:42031 [2] NCCL INFO init.cc:765 -> 2
ip-0A23040C:52186:52813 [2] NCCL INFO transport.cc:222 -> 2

ip-0A23040C:52186:52813 [2] transport.cc:253 NCCL WARN Cannot initialize CollNet, using point-to-point network instead
ip-0A23040C:52186:52813 [2] NCCL INFO init.cc:765 -> 2
ip-0A230410:41408:42031 [2] NCCL INFO threadThresholds 8/8/64 | 128/8/64 | 8/8/512
ip-0A23040C:52186:52813 [2] NCCL INFO threadThresholds 8/8/64 | 128/8/64 | 8/8/512
ip-0A23040C:52186:52813 [2] NCCL INFO 2 coll channels, 2 p2p channels, 2 p2p channels per peer
ip-0A230410:41408:42031 [2] NCCL INFO 2 coll channels, 2 p2p channels, 2 p2p channels per peer
ip-0A23040B:27229:27856 [2] NCCL INFO transport.cc:222 -> 2

ip-0A23040B:27229:27856 [2] transport.cc:253 NCCL WARN Cannot initialize CollNet, using point-to-point network instead
ip-0A23040E:53299:53922 [2] NCCL INFO transport.cc:222 -> 2

ip-0A23040E:53299:53922 [2] transport.cc:253 NCCL WARN Cannot initialize CollNet, using point-to-point network instead
ip-0A23040E:53299:53922 [2] NCCL INFO init.cc:765 -> 2
ip-0A23040E:53299:53922 [2] NCCL INFO threadThresholds 8/8/64 | 128/8/64 | 8/8/512
ip-0A23040E:53299:53922 [2] NCCL INFO 2 coll channels, 2 p2p channels, 2 p2p channels per peer
ip-0A230413:54326:54952 [2] NCCL INFO transport.cc:222 -> 2

ip-0A230413:54326:54952 [2] transport.cc:253 NCCL WARN Cannot initialize CollNet, using point-to-point network instead
ip-0A23040B:27229:27856 [2] NCCL INFO init.cc:765 -> 2
ip-0A230405:5724:6356 [2] NCCL INFO transport.cc:222 -> 2

ip-0A230405:5724:6356 [2] transport.cc:253 NCCL WARN Cannot initialize CollNet, using point-to-point network instead
ip-0A230405:5724:6356 [2] NCCL INFO init.cc:765 -> 2
ip-0A230405:5724:6356 [2] NCCL INFO threadThresholds 8/8/64 | 128/8/64 | 8/8/512
ip-0A230405:5724:6356 [2] NCCL INFO 2 coll channels, 2 p2p channels, 2 p2p channels per peer
ip-0A23041D:8931:9550 [2] NCCL INFO transport.cc:222 -> 2

ip-0A23041D:8931:9550 [2] transport.cc:253 NCCL WARN Cannot initialize CollNet, using point-to-point network instead
ip-0A23041D:8931:9550 [2] NCCL INFO init.cc:765 -> 2
ip-0A230413:54326:54952 [2] NCCL INFO init.cc:765 -> 2
ip-0A230413:54326:54952 [2] NCCL INFO threadThresholds 8/8/64 | 128/8/64 | 8/8/512
ip-0A230413:54326:54952 [2] NCCL INFO 2 coll channels, 2 p2p channels, 2 p2p channels per peer
ip-0A230412:10822:11446 [2] NCCL INFO transport.cc:222 -> 2

ip-0A230412:10822:11446 [2] transport.cc:253 NCCL WARN Cannot initialize CollNet, using point-to-point network instead
ip-0A230412:10822:11446 [2] NCCL INFO init.cc:765 -> 2
ip-0A230412:10822:11446 [2] NCCL INFO threadThresholds 8/8/64 | 128/8/64 | 8/8/512
ip-0A230412:10822:11446 [2] NCCL INFO 2 coll channels, 2 p2p channels, 2 p2p channels per peer
ip-0A23040B:27229:27856 [2] NCCL INFO threadThresholds 8/8/64 | 128/8/64 | 8/8/512
ip-0A23040B:27229:27856 [2] NCCL INFO 2 coll channels, 2 p2p channels, 2 p2p channels per peer
ip-0A23041D:8931:9550 [2] NCCL INFO threadThresholds 8/8/64 | 128/8/64 | 8/8/512
ip-0A23041D:8931:9550 [2] NCCL INFO 2 coll channels, 2 p2p channels, 2 p2p channels per peer
ip-0A230407:43508:44132 [2] NCCL INFO transport.cc:222 -> 2

ip-0A230407:43508:44132 [2] transport.cc:253 NCCL WARN Cannot initialize CollNet, using point-to-point network instead
ip-0A230407:43508:44132 [2] NCCL INFO init.cc:765 -> 2
ip-0A230407:43508:44132 [2] NCCL INFO threadThresholds 8/8/64 | 128/8/64 | 8/8/512
ip-0A230407:43508:44132 [2] NCCL INFO 2 coll channels, 2 p2p channels, 2 p2p channels per peer
ip-0A230414:7016:7644 [2] NCCL INFO comm 0x14d3a8008fb0 rank 5 nranks 16 cudaDev 2 busId 300000 - Init COMPLETE
ip-0A230406:90206:90834 [2] NCCL INFO comm 0x14a3f4008fb0 rank 7 nranks 16 cudaDev 2 busId 300000 - Init COMPLETE
ip-0A230417:43840:44471 [2] NCCL INFO comm 0x14e2b4008fb0 rank 6 nranks 16 cudaDev 2 busId 300000 - Init COMPLETE
ip-0A23040F:69903:70530 [2] NCCL INFO comm 0x1506c0008fb0 rank 1 nranks 16 cudaDev 2 busId 300000 - Init COMPLETE
ip-0A23041D:8931:9550 [2] NCCL INFO comm 0x145d40008fb0 rank 10 nranks 16 cudaDev 2 busId 300000 - Init COMPLETE
ip-0A230410:41408:42031 [2] NCCL INFO comm 0x146c74008fb0 rank 2 nranks 16 cudaDev 2 busId 300000 - Init COMPLETE
ip-0A23040B:27229:27856 [2] NCCL INFO comm 0x153868008fb0 rank 13 nranks 16 cudaDev 2 busId 300000 - Init COMPLETE
ip-0A23041A:3164:3810 [2] NCCL INFO comm 0x14cff0008fb0 rank 9 nranks 16 cudaDev 2 busId 300000 - Init COMPLETE
ip-0A23040E:53299:53922 [2] NCCL INFO comm 0x148434008fb0 rank 14 nranks 16 cudaDev 2 busId 300000 - Init COMPLETE
ip-0A230412:10822:11446 [2] NCCL INFO comm 0x145848008fb0 rank 3 nranks 16 cudaDev 2 busId 300000 - Init COMPLETE
ip-0A23040C:52186:52813 [2] NCCL INFO comm 0x148574008fb0 rank 15 nranks 16 cudaDev 2 busId 300000 - Init COMPLETE
ip-0A230405:5724:6356 [2] NCCL INFO comm 0x145630008fb0 rank 11 nranks 16 cudaDev 2 busId 300000 - Init COMPLETE
ip-0A230408:54268:54897 [2] NCCL INFO comm 0x1504ac008fb0 rank 8 nranks 16 cudaDev 2 busId 300000 - Init COMPLETE
ip-0A230407:43508:44132 [2] NCCL INFO comm 0x14f538008fb0 rank 12 nranks 16 cudaDev 2 busId 300000 - Init COMPLETE
ip-0A230413:54326:54952 [2] NCCL INFO comm 0x151850008fb0 rank 4 nranks 16 cudaDev 2 busId 300000 - Init COMPLETE
ip-0A23040D:13932:14564 [2] NCCL INFO Sharp rank 0/16 initialized on mlx5_ib2:1

ip-0A23040D:13932:14564 [2] sharp_plugin.c:288 NCCL WARN NET/IB :SHARP coll init error: Cannot create SHArP job(-11)

ip-0A23040D:13932:14564 [2] NCCL INFO include/coll_net.h:21 -> 3
ip-0A23040D:13932:14563 [2] NCCL INFO transport.cc:222 -> 2

ip-0A23040D:13932:14563 [2] transport.cc:253 NCCL WARN Cannot initialize CollNet, using point-to-point network instead
ip-0A23040D:13932:14563 [2] NCCL INFO init.cc:765 -> 2
ip-0A23040D:13932:14563 [2] NCCL INFO threadThresholds 8/8/64 | 128/8/64 | 8/8/512
ip-0A23040D:13932:14563 [2] NCCL INFO 2 coll channels, 2 p2p channels, 2 p2p channels per peer
ip-0A23040D:13932:14563 [2] NCCL INFO comm 0x14e420008fb0 rank 0 nranks 16 cudaDev 2 busId 300000 - Init COMPLETE
ip-0A23040D:13932:13932 [2] NCCL INFO Launch mode Parallel
ip-0A23040D:13928:13928 [3] NCCL INFO Bootstrap : Using eth0:10.35.4.13<0>
ip-0A23040D:13928:13928 [3] NCCL INFO NET/Plugin: Failed to find ncclNetPlugin_v5 symbol.
ip-0A23040D:13928:13928 [3] NCCL INFO NET/Plugin: Failed to find ncclCollNetPlugin_v5 symbol.
ip-0A23040D:13928:13928 [3] NCCL INFO Plugin Path : /opt/hpcx/nccl_rdma_sharp_plugin/lib/libnccl-net.so
ip-0A23040D:13928:13928 [3] NCCL INFO P2P plugin IBext
ip-0A23040D:13928:13928 [3] NCCL INFO NCCL_IB_PCI_RELAXED_ORDERING set by environment to 1.
ip-0A23040D:13928:13928 [3] NCCL INFO NET/IB : Using [0]mlx5_ib0:1/IB/SHARP [1]mlx5_ib1:1/IB/SHARP [2]mlx5_ib2:1/IB/SHARP [3]mlx5_ib3:1/IB/SHARP [4]mlx5_ib4:1/IB/SHARP [5]mlx5_ib5:1/IB/SHARP [6]mlx5_ib6:1/IB/SHARP [7]mlx5_ib7:1/IB/SHARP ; OOB eth0:10.35.4.13<0>
ip-0A23040D:13928:13928 [3] NCCL INFO Using network IBext
NCCL version 2.12.10+cuda11.6
ip-0A230412:10820:10820 [3] NCCL INFO Bootstrap : Using eth0:10.35.4.18<0>
ip-0A230414:7021:7021 [3] NCCL INFO Bootstrap : Using eth0:10.35.4.20<0>
ip-0A230407:43503:43503 [3] NCCL INFO Bootstrap : Using eth0:10.35.4.7<0>
ip-0A230410:41404:41404 [3] NCCL INFO Bootstrap : Using eth0:10.35.4.16<0>
ip-0A230408:54271:54271 [3] NCCL INFO Bootstrap : Using eth0:10.35.4.8<0>
ip-0A23040F:69909:69909 [3] NCCL INFO Bootstrap : Using eth0:10.35.4.15<0>
ip-0A230413:54328:54328 [3] NCCL INFO Bootstrap : Using eth0:10.35.4.19<0>
ip-0A230406:90205:90205 [3] NCCL INFO Bootstrap : Using eth0:10.35.4.6<0>
ip-0A23040C:52192:52192 [3] NCCL INFO Bootstrap : Using eth0:10.35.4.12<0>
ip-0A23040B:27233:27233 [3] NCCL INFO Bootstrap : Using eth0:10.35.4.11<0>
ip-0A230417:43849:43849 [3] NCCL INFO Bootstrap : Using eth0:10.35.4.23<0>
ip-0A23041D:8927:8927 [3] NCCL INFO Bootstrap : Using eth0:10.35.4.29<0>
ip-0A230405:5722:5722 [3] NCCL INFO Bootstrap : Using eth0:10.35.4.5<0>
ip-0A23041A:3159:3159 [3] NCCL INFO Bootstrap : Using eth0:10.35.4.26<0>
ip-0A23040E:53295:53295 [3] NCCL INFO Bootstrap : Using eth0:10.35.4.14<0>
ip-0A230414:7021:7021 [3] NCCL INFO NET/Plugin: Failed to find ncclNetPlugin_v5 symbol.
ip-0A230414:7021:7021 [3] NCCL INFO NET/Plugin: Failed to find ncclCollNetPlugin_v5 symbol.
ip-0A230414:7021:7021 [3] NCCL INFO Plugin Path : /opt/hpcx/nccl_rdma_sharp_plugin/lib/libnccl-net.so
ip-0A230414:7021:7021 [3] NCCL INFO P2P plugin IBext
ip-0A230414:7021:7021 [3] NCCL INFO NCCL_IB_PCI_RELAXED_ORDERING set by environment to 1.
ip-0A23040C:52192:52192 [3] NCCL INFO NET/Plugin: Failed to find ncclNetPlugin_v5 symbol.
ip-0A23040C:52192:52192 [3] NCCL INFO NET/Plugin: Failed to find ncclCollNetPlugin_v5 symbol.
ip-0A230412:10820:10820 [3] NCCL INFO NET/Plugin: Failed to find ncclNetPlugin_v5 symbol.
ip-0A230412:10820:10820 [3] NCCL INFO NET/Plugin: Failed to find ncclCollNetPlugin_v5 symbol.
ip-0A230412:10820:10820 [3] NCCL INFO Plugin Path : /opt/hpcx/nccl_rdma_sharp_plugin/lib/libnccl-net.so
ip-0A230412:10820:10820 [3] NCCL INFO P2P plugin IBext
ip-0A230412:10820:10820 [3] NCCL INFO NCCL_IB_PCI_RELAXED_ORDERING set by environment to 1.
ip-0A23040C:52192:52192 [3] NCCL INFO Plugin Path : /opt/hpcx/nccl_rdma_sharp_plugin/lib/libnccl-net.so
ip-0A23040C:52192:52192 [3] NCCL INFO P2P plugin IBext
ip-0A23040C:52192:52192 [3] NCCL INFO NCCL_IB_PCI_RELAXED_ORDERING set by environment to 1.
ip-0A230405:5722:5722 [3] NCCL INFO NET/Plugin: Failed to find ncclNetPlugin_v5 symbol.
ip-0A230405:5722:5722 [3] NCCL INFO NET/Plugin: Failed to find ncclCollNetPlugin_v5 symbol.
ip-0A23040F:69909:69909 [3] NCCL INFO NET/Plugin: Failed to find ncclNetPlugin_v5 symbol.
ip-0A23040F:69909:69909 [3] NCCL INFO NET/Plugin: Failed to find ncclCollNetPlugin_v5 symbol.
ip-0A230405:5722:5722 [3] NCCL INFO Plugin Path : /opt/hpcx/nccl_rdma_sharp_plugin/lib/libnccl-net.so
ip-0A230405:5722:5722 [3] NCCL INFO P2P plugin IBext
ip-0A230405:5722:5722 [3] NCCL INFO NCCL_IB_PCI_RELAXED_ORDERING set by environment to 1.
ip-0A23040F:69909:69909 [3] NCCL INFO Plugin Path : /opt/hpcx/nccl_rdma_sharp_plugin/lib/libnccl-net.so
ip-0A23040F:69909:69909 [3] NCCL INFO P2P plugin IBext
ip-0A23040F:69909:69909 [3] NCCL INFO NCCL_IB_PCI_RELAXED_ORDERING set by environment to 1.
ip-0A230408:54271:54271 [3] NCCL INFO NET/Plugin: Failed to find ncclNetPlugin_v5 symbol.
ip-0A230408:54271:54271 [3] NCCL INFO NET/Plugin: Failed to find ncclCollNetPlugin_v5 symbol.
ip-0A230408:54271:54271 [3] NCCL INFO Plugin Path : /opt/hpcx/nccl_rdma_sharp_plugin/lib/libnccl-net.so
ip-0A230408:54271:54271 [3] NCCL INFO P2P plugin IBext
ip-0A230408:54271:54271 [3] NCCL INFO NCCL_IB_PCI_RELAXED_ORDERING set by environment to 1.
ip-0A230410:41404:41404 [3] NCCL INFO NET/Plugin: Failed to find ncclNetPlugin_v5 symbol.
ip-0A230410:41404:41404 [3] NCCL INFO NET/Plugin: Failed to find ncclCollNetPlugin_v5 symbol.
ip-0A230407:43503:43503 [3] NCCL INFO NET/Plugin: Failed to find ncclNetPlugin_v5 symbol.
ip-0A230407:43503:43503 [3] NCCL INFO NET/Plugin: Failed to find ncclCollNetPlugin_v5 symbol.
ip-0A230410:41404:41404 [3] NCCL INFO Plugin Path : /opt/hpcx/nccl_rdma_sharp_plugin/lib/libnccl-net.so
ip-0A230410:41404:41404 [3] NCCL INFO P2P plugin IBext
ip-0A230410:41404:41404 [3] NCCL INFO NCCL_IB_PCI_RELAXED_ORDERING set by environment to 1.
ip-0A230407:43503:43503 [3] NCCL INFO Plugin Path : /opt/hpcx/nccl_rdma_sharp_plugin/lib/libnccl-net.so
ip-0A230407:43503:43503 [3] NCCL INFO P2P plugin IBext
ip-0A230407:43503:43503 [3] NCCL INFO NCCL_IB_PCI_RELAXED_ORDERING set by environment to 1.
ip-0A230413:54328:54328 [3] NCCL INFO NET/Plugin: Failed to find ncclNetPlugin_v5 symbol.
ip-0A230413:54328:54328 [3] NCCL INFO NET/Plugin: Failed to find ncclCollNetPlugin_v5 symbol.
ip-0A230406:90205:90205 [3] NCCL INFO NET/Plugin: Failed to find ncclNetPlugin_v5 symbol.
ip-0A230406:90205:90205 [3] NCCL INFO NET/Plugin: Failed to find ncclCollNetPlugin_v5 symbol.
ip-0A230413:54328:54328 [3] NCCL INFO Plugin Path : /opt/hpcx/nccl_rdma_sharp_plugin/lib/libnccl-net.so
ip-0A230413:54328:54328 [3] NCCL INFO P2P plugin IBext
ip-0A230413:54328:54328 [3] NCCL INFO NCCL_IB_PCI_RELAXED_ORDERING set by environment to 1.
ip-0A230406:90205:90205 [3] NCCL INFO Plugin Path : /opt/hpcx/nccl_rdma_sharp_plugin/lib/libnccl-net.so
ip-0A230406:90205:90205 [3] NCCL INFO P2P plugin IBext
ip-0A230406:90205:90205 [3] NCCL INFO NCCL_IB_PCI_RELAXED_ORDERING set by environment to 1.
ip-0A23040B:27233:27233 [3] NCCL INFO NET/Plugin: Failed to find ncclNetPlugin_v5 symbol.
ip-0A23040B:27233:27233 [3] NCCL INFO NET/Plugin: Failed to find ncclCollNetPlugin_v5 symbol.
ip-0A23041D:8927:8927 [3] NCCL INFO NET/Plugin: Failed to find ncclNetPlugin_v5 symbol.
ip-0A23041D:8927:8927 [3] NCCL INFO NET/Plugin: Failed to find ncclCollNetPlugin_v5 symbol.
ip-0A23040B:27233:27233 [3] NCCL INFO Plugin Path : /opt/hpcx/nccl_rdma_sharp_plugin/lib/libnccl-net.so
ip-0A23040B:27233:27233 [3] NCCL INFO P2P plugin IBext
ip-0A23040B:27233:27233 [3] NCCL INFO NCCL_IB_PCI_RELAXED_ORDERING set by environment to 1.
ip-0A23041D:8927:8927 [3] NCCL INFO Plugin Path : /opt/hpcx/nccl_rdma_sharp_plugin/lib/libnccl-net.so
ip-0A23041D:8927:8927 [3] NCCL INFO P2P plugin IBext
ip-0A23041D:8927:8927 [3] NCCL INFO NCCL_IB_PCI_RELAXED_ORDERING set by environment to 1.
ip-0A230417:43849:43849 [3] NCCL INFO NET/Plugin: Failed to find ncclNetPlugin_v5 symbol.
ip-0A230417:43849:43849 [3] NCCL INFO NET/Plugin: Failed to find ncclCollNetPlugin_v5 symbol.
ip-0A230417:43849:43849 [3] NCCL INFO Plugin Path : /opt/hpcx/nccl_rdma_sharp_plugin/lib/libnccl-net.so
ip-0A230417:43849:43849 [3] NCCL INFO P2P plugin IBext
ip-0A230417:43849:43849 [3] NCCL INFO NCCL_IB_PCI_RELAXED_ORDERING set by environment to 1.
ip-0A23041A:3159:3159 [3] NCCL INFO NET/Plugin: Failed to find ncclNetPlugin_v5 symbol.
ip-0A23041A:3159:3159 [3] NCCL INFO NET/Plugin: Failed to find ncclCollNetPlugin_v5 symbol.
ip-0A23041A:3159:3159 [3] NCCL INFO Plugin Path : /opt/hpcx/nccl_rdma_sharp_plugin/lib/libnccl-net.so
ip-0A23041A:3159:3159 [3] NCCL INFO P2P plugin IBext
ip-0A23041A:3159:3159 [3] NCCL INFO NCCL_IB_PCI_RELAXED_ORDERING set by environment to 1.
ip-0A23040E:53295:53295 [3] NCCL INFO NET/Plugin: Failed to find ncclNetPlugin_v5 symbol.
ip-0A23040E:53295:53295 [3] NCCL INFO NET/Plugin: Failed to find ncclCollNetPlugin_v5 symbol.
ip-0A23040E:53295:53295 [3] NCCL INFO Plugin Path : /opt/hpcx/nccl_rdma_sharp_plugin/lib/libnccl-net.so
ip-0A23040E:53295:53295 [3] NCCL INFO P2P plugin IBext
ip-0A23040E:53295:53295 [3] NCCL INFO NCCL_IB_PCI_RELAXED_ORDERING set by environment to 1.
ip-0A230414:7021:7021 [3] NCCL INFO NET/IB : Using [0]mlx5_ib0:1/IB/SHARP [1]mlx5_ib1:1/IB/SHARP [2]mlx5_ib2:1/IB/SHARP [3]mlx5_ib3:1/IB/SHARP [4]mlx5_ib4:1/IB/SHARP [5]mlx5_ib5:1/IB/SHARP [6]mlx5_ib6:1/IB/SHARP [7]mlx5_ib7:1/IB/SHARP ; OOB eth0:10.35.4.20<0>
ip-0A230414:7021:7021 [3] NCCL INFO Using network IBext
ip-0A230408:54271:54271 [3] NCCL INFO NET/IB : Using [0]mlx5_ib0:1/IB/SHARP [1]mlx5_ib1:1/IB/SHARP [2]mlx5_ib2:1/IB/SHARP [3]mlx5_ib3:1/IB/SHARP [4]mlx5_ib4:1/IB/SHARP [5]mlx5_ib5:1/IB/SHARP [6]mlx5_ib6:1/IB/SHARP [7]mlx5_ib7:1/IB/SHARP ; OOB eth0:10.35.4.8<0>
ip-0A230408:54271:54271 [3] NCCL INFO Using network IBext
ip-0A230412:10820:10820 [3] NCCL INFO NET/IB : Using [0]mlx5_ib0:1/IB/SHARP [1]mlx5_ib1:1/IB/SHARP [2]mlx5_ib2:1/IB/SHARP [3]mlx5_ib3:1/IB/SHARP [4]mlx5_ib4:1/IB/SHARP [5]mlx5_ib5:1/IB/SHARP [6]mlx5_ib6:1/IB/SHARP [7]mlx5_ib7:1/IB/SHARP ; OOB eth0:10.35.4.18<0>
ip-0A230412:10820:10820 [3] NCCL INFO Using network IBext
ip-0A230405:5722:5722 [3] NCCL INFO NET/IB : Using [0]mlx5_ib0:1/IB/SHARP [1]mlx5_ib1:1/IB/SHARP [2]mlx5_ib2:1/IB/SHARP [3]mlx5_ib3:1/IB/SHARP [4]mlx5_ib4:1/IB/SHARP [5]mlx5_ib5:1/IB/SHARP [6]mlx5_ib6:1/IB/SHARP [7]mlx5_ib7:1/IB/SHARP ; OOB eth0:10.35.4.5<0>
ip-0A230405:5722:5722 [3] NCCL INFO Using network IBext
ip-0A23040C:52192:52192 [3] NCCL INFO NET/IB : Using [0]mlx5_ib0:1/IB/SHARP [1]mlx5_ib1:1/IB/SHARP [2]mlx5_ib2:1/IB/SHARP [3]mlx5_ib3:1/IB/SHARP [4]mlx5_ib4:1/IB/SHARP [5]mlx5_ib5:1/IB/SHARP [6]mlx5_ib6:1/IB/SHARP [7]mlx5_ib7:1/IB/SHARP ; OOB eth0:10.35.4.12<0>
ip-0A23040C:52192:52192 [3] NCCL INFO Using network IBext
ip-0A230410:41404:41404 [3] NCCL INFO NET/IB : Using [0]mlx5_ib0:1/IB/SHARP [1]mlx5_ib1:1/IB/SHARP [2]mlx5_ib2:1/IB/SHARP [3]mlx5_ib3:1/IB/SHARP [4]mlx5_ib4:1/IB/SHARP [5]mlx5_ib5:1/IB/SHARP [6]mlx5_ib6:1/IB/SHARP [7]mlx5_ib7:1/IB/SHARP ; OOB eth0:10.35.4.16<0>
ip-0A230410:41404:41404 [3] NCCL INFO Using network IBext
ip-0A230413:54328:54328 [3] NCCL INFO NET/IB : Using [0]mlx5_ib0:1/IB/SHARP [1]mlx5_ib1:1/IB/SHARP [2]mlx5_ib2:1/IB/SHARP [3]mlx5_ib3:1/IB/SHARP [4]mlx5_ib4:1/IB/SHARP [5]mlx5_ib5:1/IB/SHARP [6]mlx5_ib6:1/IB/SHARP [7]mlx5_ib7:1/IB/SHARP ; OOB eth0:10.35.4.19<0>
ip-0A230413:54328:54328 [3] NCCL INFO Using network IBext
ip-0A23040F:69909:69909 [3] NCCL INFO NET/IB : Using [0]mlx5_ib0:1/IB/SHARP [1]mlx5_ib1:1/IB/SHARP [2]mlx5_ib2:1/IB/SHARP [3]mlx5_ib3:1/IB/SHARP [4]mlx5_ib4:1/IB/SHARP [5]mlx5_ib5:1/IB/SHARP [6]mlx5_ib6:1/IB/SHARP [7]mlx5_ib7:1/IB/SHARP ; OOB eth0:10.35.4.15<0>
ip-0A23040F:69909:69909 [3] NCCL INFO Using network IBext
ip-0A230407:43503:43503 [3] NCCL INFO NET/IB : Using [0]mlx5_ib0:1/IB/SHARP [1]mlx5_ib1:1/IB/SHARP [2]mlx5_ib2:1/IB/SHARP [3]mlx5_ib3:1/IB/SHARP [4]mlx5_ib4:1/IB/SHARP [5]mlx5_ib5:1/IB/SHARP [6]mlx5_ib6:1/IB/SHARP [7]mlx5_ib7:1/IB/SHARP ; OOB eth0:10.35.4.7<0>
ip-0A230407:43503:43503 [3] NCCL INFO Using network IBext
ip-0A23041A:3159:3159 [3] NCCL INFO NET/IB : Using [0]mlx5_ib0:1/IB/SHARP [1]mlx5_ib1:1/IB/SHARP [2]mlx5_ib2:1/IB/SHARP [3]mlx5_ib3:1/IB/SHARP [4]mlx5_ib4:1/IB/SHARP [5]mlx5_ib5:1/IB/SHARP [6]mlx5_ib6:1/IB/SHARP [7]mlx5_ib7:1/IB/SHARP ; OOB eth0:10.35.4.26<0>
ip-0A230406:90205:90205 [3] NCCL INFO NET/IB : Using [0]mlx5_ib0:1/IB/SHARP [1]mlx5_ib1:1/IB/SHARP [2]mlx5_ib2:1/IB/SHARP [3]mlx5_ib3:1/IB/SHARP [4]mlx5_ib4:1/IB/SHARP [5]mlx5_ib5:1/IB/SHARP [6]mlx5_ib6:1/IB/SHARP [7]mlx5_ib7:1/IB/SHARP ; OOB eth0:10.35.4.6<0>
ip-0A230406:90205:90205 [3] NCCL INFO Using network IBext
ip-0A23041A:3159:3159 [3] NCCL INFO Using network IBext
ip-0A23040B:27233:27233 [3] NCCL INFO NET/IB : Using [0]mlx5_ib0:1/IB/SHARP [1]mlx5_ib1:1/IB/SHARP [2]mlx5_ib2:1/IB/SHARP [3]mlx5_ib3:1/IB/SHARP [4]mlx5_ib4:1/IB/SHARP [5]mlx5_ib5:1/IB/SHARP [6]mlx5_ib6:1/IB/SHARP [7]mlx5_ib7:1/IB/SHARP ; OOB eth0:10.35.4.11<0>
ip-0A23040B:27233:27233 [3] NCCL INFO Using network IBext
ip-0A23041D:8927:8927 [3] NCCL INFO NET/IB : Using [0]mlx5_ib0:1/IB/SHARP [1]mlx5_ib1:1/IB/SHARP [2]mlx5_ib2:1/IB/SHARP [3]mlx5_ib3:1/IB/SHARP [4]mlx5_ib4:1/IB/SHARP [5]mlx5_ib5:1/IB/SHARP [6]mlx5_ib6:1/IB/SHARP [7]mlx5_ib7:1/IB/SHARP ; OOB eth0:10.35.4.29<0>
ip-0A23041D:8927:8927 [3] NCCL INFO Using network IBext
ip-0A230417:43849:43849 [3] NCCL INFO NET/IB : Using [0]mlx5_ib0:1/IB/SHARP [1]mlx5_ib1:1/IB/SHARP [2]mlx5_ib2:1/IB/SHARP [3]mlx5_ib3:1/IB/SHARP [4]mlx5_ib4:1/IB/SHARP [5]mlx5_ib5:1/IB/SHARP [6]mlx5_ib6:1/IB/SHARP [7]mlx5_ib7:1/IB/SHARP ; OOB eth0:10.35.4.23<0>
ip-0A230417:43849:43849 [3] NCCL INFO Using network IBext
ip-0A23040E:53295:53295 [3] NCCL INFO NET/IB : Using [0]mlx5_ib0:1/IB/SHARP [1]mlx5_ib1:1/IB/SHARP [2]mlx5_ib2:1/IB/SHARP [3]mlx5_ib3:1/IB/SHARP [4]mlx5_ib4:1/IB/SHARP [5]mlx5_ib5:1/IB/SHARP [6]mlx5_ib6:1/IB/SHARP [7]mlx5_ib7:1/IB/SHARP ; OOB eth0:10.35.4.14<0>
ip-0A23040E:53295:53295 [3] NCCL INFO Using network IBext
ip-0A230414:7021:7658 [3] NCCL INFO NCCL_P2P_LEVEL set by environment to LOC
ip-0A230413:54328:54965 [3] NCCL INFO NCCL_P2P_LEVEL set by environment to LOC
ip-0A230414:7021:7658 [3] NCCL INFO PXN Disabled as plugin is v4
ip-0A23040F:69909:70543 [3] NCCL INFO NCCL_P2P_LEVEL set by environment to LOC
ip-0A230417:43849:44484 [3] NCCL INFO NCCL_P2P_LEVEL set by environment to LOC
ip-0A230414:7021:7658 [3] NCCL INFO Setting affinity for GPU 3 to ffffff
ip-0A230413:54328:54965 [3] NCCL INFO PXN Disabled as plugin is v4
ip-0A230414:7021:7658 [3] NCCL INFO NCCL_COLLNET_ENABLE set by environment to 1.
ip-0A23040F:69909:70543 [3] NCCL INFO PXN Disabled as plugin is v4
ip-0A230417:43849:44484 [3] NCCL INFO PXN Disabled as plugin is v4
ip-0A230413:54328:54965 [3] NCCL INFO Setting affinity for GPU 3 to ffffff
ip-0A23041A:3159:3823 [3] NCCL INFO NCCL_P2P_LEVEL set by environment to LOC
ip-0A23040F:69909:70543 [3] NCCL INFO Setting affinity for GPU 3 to ffffff
ip-0A230417:43849:44484 [3] NCCL INFO Setting affinity for GPU 3 to ffffff
ip-0A230413:54328:54965 [3] NCCL INFO NCCL_COLLNET_ENABLE set by environment to 1.
ip-0A230405:5722:6369 [3] NCCL INFO NCCL_P2P_LEVEL set by environment to LOC
ip-0A23041D:8927:9563 [3] NCCL INFO NCCL_P2P_LEVEL set by environment to LOC
ip-0A23040F:69909:70543 [3] NCCL INFO NCCL_COLLNET_ENABLE set by environment to 1.
ip-0A23041A:3159:3823 [3] NCCL INFO PXN Disabled as plugin is v4
ip-0A230417:43849:44484 [3] NCCL INFO NCCL_COLLNET_ENABLE set by environment to 1.
ip-0A230406:90205:90858 [3] NCCL INFO NCCL_P2P_LEVEL set by environment to LOC
ip-0A23041A:3159:3823 [3] NCCL INFO Setting affinity for GPU 3 to ffffff
ip-0A230405:5722:6369 [3] NCCL INFO PXN Disabled as plugin is v4
ip-0A23041D:8927:9563 [3] NCCL INFO PXN Disabled as plugin is v4
ip-0A23040C:52192:52827 [3] NCCL INFO NCCL_P2P_LEVEL set by environment to LOC
ip-0A230410:41404:42045 [3] NCCL INFO NCCL_P2P_LEVEL set by environment to LOC
ip-0A230405:5722:6369 [3] NCCL INFO Setting affinity for GPU 3 to ffffff
ip-0A23041A:3159:3823 [3] NCCL INFO NCCL_COLLNET_ENABLE set by environment to 1.
ip-0A23041D:8927:9563 [3] NCCL INFO Setting affinity for GPU 3 to ffffff
ip-0A230406:90205:90858 [3] NCCL INFO PXN Disabled as plugin is v4
ip-0A23040D:13928:14577 [3] NCCL INFO NCCL_P2P_LEVEL set by environment to LOC
ip-0A230405:5722:6369 [3] NCCL INFO NCCL_COLLNET_ENABLE set by environment to 1.
ip-0A23041D:8927:9563 [3] NCCL INFO NCCL_COLLNET_ENABLE set by environment to 1.
ip-0A230406:90205:90858 [3] NCCL INFO Setting affinity for GPU 3 to ffffff
ip-0A23040C:52192:52827 [3] NCCL INFO PXN Disabled as plugin is v4
ip-0A230410:41404:42045 [3] NCCL INFO PXN Disabled as plugin is v4
ip-0A23040D:13928:14577 [3] NCCL INFO PXN Disabled as plugin is v4
ip-0A230406:90205:90858 [3] NCCL INFO NCCL_COLLNET_ENABLE set by environment to 1.
ip-0A230410:41404:42045 [3] NCCL INFO Setting affinity for GPU 3 to ffffff
ip-0A23040C:52192:52827 [3] NCCL INFO Setting affinity for GPU 3 to ffffff
ip-0A23040D:13928:14577 [3] NCCL INFO Setting affinity for GPU 3 to ffffff
ip-0A230410:41404:42045 [3] NCCL INFO NCCL_COLLNET_ENABLE set by environment to 1.
ip-0A23040C:52192:52827 [3] NCCL INFO NCCL_COLLNET_ENABLE set by environment to 1.
ip-0A23040D:13928:14577 [3] NCCL INFO NCCL_COLLNET_ENABLE set by environment to 1.
ip-0A230412:10820:11459 [3] NCCL INFO NCCL_P2P_LEVEL set by environment to LOC
ip-0A230412:10820:11459 [3] NCCL INFO PXN Disabled as plugin is v4
ip-0A230408:54271:54920 [3] NCCL INFO NCCL_P2P_LEVEL set by environment to LOC
ip-0A230412:10820:11459 [3] NCCL INFO Setting affinity for GPU 3 to ffffff
ip-0A230407:43503:44145 [3] NCCL INFO NCCL_P2P_LEVEL set by environment to LOC
ip-0A230412:10820:11459 [3] NCCL INFO NCCL_COLLNET_ENABLE set by environment to 1.
ip-0A230408:54271:54920 [3] NCCL INFO PXN Disabled as plugin is v4
ip-0A230407:43503:44145 [3] NCCL INFO PXN Disabled as plugin is v4
ip-0A230408:54271:54920 [3] NCCL INFO Setting affinity for GPU 3 to ffffff
ip-0A230407:43503:44145 [3] NCCL INFO Setting affinity for GPU 3 to ffffff
ip-0A230408:54271:54920 [3] NCCL INFO NCCL_COLLNET_ENABLE set by environment to 1.
ip-0A230407:43503:44145 [3] NCCL INFO NCCL_COLLNET_ENABLE set by environment to 1.
ip-0A23040E:53295:53935 [3] NCCL INFO NCCL_P2P_LEVEL set by environment to LOC
ip-0A23040B:27233:27870 [3] NCCL INFO NCCL_P2P_LEVEL set by environment to LOC
ip-0A23040E:53295:53935 [3] NCCL INFO PXN Disabled as plugin is v4
ip-0A23040B:27233:27870 [3] NCCL INFO PXN Disabled as plugin is v4
ip-0A23040E:53295:53935 [3] NCCL INFO Setting affinity for GPU 3 to ffffff
ip-0A23040B:27233:27870 [3] NCCL INFO Setting affinity for GPU 3 to ffffff
ip-0A23040E:53295:53935 [3] NCCL INFO NCCL_COLLNET_ENABLE set by environment to 1.
ip-0A23040B:27233:27870 [3] NCCL INFO NCCL_COLLNET_ENABLE set by environment to 1.
ip-0A23040E:53295:53935 [3] NCCL INFO Trees [0] 13/15/-1->14->12 [1] -1/-1/-1->14->13
ip-0A23040C:52192:52827 [3] NCCL INFO Trees [0] -1/-1/-1->15->14 [1] 7/-1/-1->15->-1
ip-0A23040D:13928:14577 [3] NCCL INFO Channel 00/02 :    0   1   2   3   4   5   6   7   8   9  10  11  12  13  14  15
ip-0A23040D:13928:14577 [3] NCCL INFO Channel 01/02 :    0   1   2   3   4   5   6   7   8   9  10  11  12  13  14  15
ip-0A23040D:13928:14577 [3] NCCL INFO Trees [0] 8/-1/-1->0->-1 [1] -1/-1/-1->0->1
ip-0A23040F:69909:70543 [3] NCCL INFO Trees [0] -1/-1/-1->1->2 [1] 2/0/-1->1->3
ip-0A230410:41404:42045 [3] NCCL INFO Trees [0] 1/3/-1->2->4 [1] -1/-1/-1->2->1
ip-0A230412:10820:11459 [3] NCCL INFO Trees [0] -1/-1/-1->3->2 [1] 5/1/-1->3->7
ip-0A230413:54328:54965 [3] NCCL INFO Trees [0] 2/6/-1->4->8 [1] -1/-1/-1->4->5
ip-0A230414:7021:7658 [3] NCCL INFO Trees [0] -1/-1/-1->5->6 [1] 6/4/-1->5->3
ip-0A230417:43849:44484 [3] NCCL INFO Trees [0] 5/7/-1->6->4 [1] -1/-1/-1->6->5
ip-0A23040B:27233:27870 [3] NCCL INFO Trees [0] -1/-1/-1->13->14 [1] 14/12/-1->13->11
ip-0A230406:90205:90858 [3] NCCL INFO Trees [0] -1/-1/-1->7->6 [1] 11/3/-1->7->15
ip-0A230408:54271:54920 [3] NCCL INFO Trees [0] 4/12/-1->8->0 [1] -1/-1/-1->8->9
ip-0A23041A:3159:3823 [3] NCCL INFO Trees [0] -1/-1/-1->9->10 [1] 10/8/-1->9->11
ip-0A23041D:8927:9563 [3] NCCL INFO Trees [0] 9/11/-1->10->12 [1] -1/-1/-1->10->9
ip-0A230405:5722:6369 [3] NCCL INFO Trees [0] -1/-1/-1->11->10 [1] 13/9/-1->11->7
ip-0A230407:43503:44145 [3] NCCL INFO Trees [0] 10/14/-1->12->8 [1] -1/-1/-1->12->13
ip-0A23040E:53295:53935 [3] NCCL INFO Channel 00/0 : 13[400000] -> 14[400000] [receive] via NET/IBext/3
ip-0A23040C:52192:52827 [3] NCCL INFO Channel 00/0 : 14[400000] -> 15[400000] [receive] via NET/IBext/3
ip-0A23040D:13928:14577 [3] NCCL INFO Channel 00/0 : 15[400000] -> 0[400000] [receive] via NET/IBext/3
ip-0A23040E:53295:53935 [3] NCCL INFO Channel 01/0 : 13[400000] -> 14[400000] [receive] via NET/IBext/3
ip-0A23040E:53295:53935 [3] NCCL INFO Channel 00/0 : 14[400000] -> 15[400000] [send] via NET/IBext/3
ip-0A23040D:13928:14577 [3] NCCL INFO Channel 01/0 : 15[400000] -> 0[400000] [receive] via NET/IBext/3
ip-0A23040D:13928:14577 [3] NCCL INFO Channel 00/0 : 0[400000] -> 1[400000] [send] via NET/IBext/3
ip-0A23040C:52192:52827 [3] NCCL INFO Channel 01/0 : 14[400000] -> 15[400000] [receive] via NET/IBext/3
ip-0A23040D:13928:14577 [3] NCCL INFO Channel 01/0 : 0[400000] -> 1[400000] [send] via NET/IBext/3
ip-0A23040E:53295:53935 [3] NCCL INFO Channel 01/0 : 14[400000] -> 15[400000] [send] via NET/IBext/3
ip-0A23040C:52192:52827 [3] NCCL INFO Channel 00/0 : 15[400000] -> 0[400000] [send] via NET/IBext/3
ip-0A23040C:52192:52827 [3] NCCL INFO Channel 01/0 : 15[400000] -> 0[400000] [send] via NET/IBext/3
ip-0A23040F:69909:70543 [3] NCCL INFO Channel 00/0 : 0[400000] -> 1[400000] [receive] via NET/IBext/3
ip-0A230412:10820:11459 [3] NCCL INFO Channel 00/0 : 2[400000] -> 3[400000] [receive] via NET/IBext/3
ip-0A23040F:69909:70543 [3] NCCL INFO Channel 01/0 : 0[400000] -> 1[400000] [receive] via NET/IBext/3
ip-0A23040F:69909:70543 [3] NCCL INFO Channel 00/0 : 1[400000] -> 2[400000] [send] via NET/IBext/3
ip-0A230410:41404:42045 [3] NCCL INFO Channel 00/0 : 1[400000] -> 2[400000] [receive] via NET/IBext/3
ip-0A230412:10820:11459 [3] NCCL INFO Channel 01/0 : 2[400000] -> 3[400000] [receive] via NET/IBext/3
ip-0A230412:10820:11459 [3] NCCL INFO Channel 00/0 : 3[400000] -> 4[400000] [send] via NET/IBext/3
ip-0A230414:7021:7658 [3] NCCL INFO Channel 00/0 : 4[400000] -> 5[400000] [receive] via NET/IBext/3
ip-0A230413:54328:54965 [3] NCCL INFO Channel 00/0 : 3[400000] -> 4[400000] [receive] via NET/IBext/3
ip-0A23040F:69909:70543 [3] NCCL INFO Channel 01/0 : 1[400000] -> 2[400000] [send] via NET/IBext/3
ip-0A230410:41404:42045 [3] NCCL INFO Channel 01/0 : 1[400000] -> 2[400000] [receive] via NET/IBext/3
ip-0A230412:10820:11459 [3] NCCL INFO Channel 01/0 : 3[400000] -> 4[400000] [send] via NET/IBext/3
ip-0A230413:54328:54965 [3] NCCL INFO Channel 01/0 : 3[400000] -> 4[400000] [receive] via NET/IBext/3
ip-0A230413:54328:54965 [3] NCCL INFO Channel 00/0 : 4[400000] -> 5[400000] [send] via NET/IBext/3
ip-0A230417:43849:44484 [3] NCCL INFO Channel 00/0 : 5[400000] -> 6[400000] [receive] via NET/IBext/3
ip-0A230414:7021:7658 [3] NCCL INFO Channel 01/0 : 4[400000] -> 5[400000] [receive] via NET/IBext/3
ip-0A230406:90205:90858 [3] NCCL INFO Channel 00/0 : 6[400000] -> 7[400000] [receive] via NET/IBext/3
ip-0A230413:54328:54965 [3] NCCL INFO Channel 01/0 : 4[400000] -> 5[400000] [send] via NET/IBext/3
ip-0A230410:41404:42045 [3] NCCL INFO Channel 00/0 : 2[400000] -> 3[400000] [send] via NET/IBext/3
ip-0A230414:7021:7658 [3] NCCL INFO Channel 00/0 : 5[400000] -> 6[400000] [send] via NET/IBext/3
ip-0A230410:41404:42045 [3] NCCL INFO Channel 01/0 : 2[400000] -> 3[400000] [send] via NET/IBext/3
ip-0A23040B:27233:27870 [3] NCCL INFO Channel 00/0 : 12[400000] -> 13[400000] [receive] via NET/IBext/3
ip-0A230414:7021:7658 [3] NCCL INFO Channel 01/0 : 5[400000] -> 6[400000] [send] via NET/IBext/3
ip-0A230417:43849:44484 [3] NCCL INFO Channel 01/0 : 5[400000] -> 6[400000] [receive] via NET/IBext/3
ip-0A230417:43849:44484 [3] NCCL INFO Channel 00/0 : 6[400000] -> 7[400000] [send] via NET/IBext/3
ip-0A23041A:3159:3823 [3] NCCL INFO Channel 00/0 : 8[400000] -> 9[400000] [receive] via NET/IBext/3
ip-0A230406:90205:90858 [3] NCCL INFO Channel 01/0 : 6[400000] -> 7[400000] [receive] via NET/IBext/3
ip-0A230406:90205:90858 [3] NCCL INFO Channel 00/0 : 7[400000] -> 8[400000] [send] via NET/IBext/3
ip-0A230408:54271:54920 [3] NCCL INFO Channel 00/0 : 7[400000] -> 8[400000] [receive] via NET/IBext/3
ip-0A230417:43849:44484 [3] NCCL INFO Channel 01/0 : 6[400000] -> 7[400000] [send] via NET/IBext/3
ip-0A23040B:27233:27870 [3] NCCL INFO Channel 01/0 : 12[400000] -> 13[400000] [receive] via NET/IBext/3
ip-0A23040B:27233:27870 [3] NCCL INFO Channel 00/0 : 13[400000] -> 14[400000] [send] via NET/IBext/3
ip-0A23041A:3159:3823 [3] NCCL INFO Channel 01/0 : 8[400000] -> 9[400000] [receive] via NET/IBext/3
ip-0A230406:90205:90858 [3] NCCL INFO Channel 01/0 : 7[400000] -> 8[400000] [send] via NET/IBext/3
ip-0A23041A:3159:3823 [3] NCCL INFO Channel 00/0 : 9[400000] -> 10[400000] [send] via NET/IBext/3
ip-0A230408:54271:54920 [3] NCCL INFO Channel 01/0 : 7[400000] -> 8[400000] [receive] via NET/IBext/3
ip-0A230408:54271:54920 [3] NCCL INFO Channel 00/0 : 8[400000] -> 9[400000] [send] via NET/IBext/3
ip-0A230408:54271:54920 [3] NCCL INFO Channel 01/0 : 8[400000] -> 9[400000] [send] via NET/IBext/3
ip-0A23040B:27233:27870 [3] NCCL INFO Channel 01/0 : 13[400000] -> 14[400000] [send] via NET/IBext/3
ip-0A23041A:3159:3823 [3] NCCL INFO Channel 01/0 : 9[400000] -> 10[400000] [send] via NET/IBext/3
ip-0A23041D:8927:9563 [3] NCCL INFO Channel 00/0 : 9[400000] -> 10[400000] [receive] via NET/IBext/3
ip-0A230407:43503:44145 [3] NCCL INFO Channel 00/0 : 11[400000] -> 12[400000] [receive] via NET/IBext/3
ip-0A230405:5722:6369 [3] NCCL INFO Channel 00/0 : 10[400000] -> 11[400000] [receive] via NET/IBext/3
ip-0A23041D:8927:9563 [3] NCCL INFO Channel 01/0 : 9[400000] -> 10[400000] [receive] via NET/IBext/3
ip-0A23041D:8927:9563 [3] NCCL INFO Channel 00/0 : 10[400000] -> 11[400000] [send] via NET/IBext/3
ip-0A230407:43503:44145 [3] NCCL INFO Channel 01/0 : 11[400000] -> 12[400000] [receive] via NET/IBext/3
ip-0A230405:5722:6369 [3] NCCL INFO Channel 01/0 : 10[400000] -> 11[400000] [receive] via NET/IBext/3
ip-0A230407:43503:44145 [3] NCCL INFO Channel 00/0 : 12[400000] -> 13[400000] [send] via NET/IBext/3
ip-0A230405:5722:6369 [3] NCCL INFO Channel 00/0 : 11[400000] -> 12[400000] [send] via NET/IBext/3
ip-0A23041D:8927:9563 [3] NCCL INFO Channel 01/0 : 10[400000] -> 11[400000] [send] via NET/IBext/3
ip-0A230407:43503:44145 [3] NCCL INFO Channel 01/0 : 12[400000] -> 13[400000] [send] via NET/IBext/3
ip-0A230405:5722:6369 [3] NCCL INFO Channel 01/0 : 11[400000] -> 12[400000] [send] via NET/IBext/3
ip-0A23040D:13928:14577 [3] NCCL INFO Connected all rings
ip-0A23040C:52192:52827 [3] NCCL INFO Connected all rings
ip-0A230413:54328:54965 [3] NCCL INFO Connected all rings
ip-0A230406:90205:90858 [3] NCCL INFO Connected all rings
ip-0A230410:41404:42045 [3] NCCL INFO Connected all rings
ip-0A230414:7021:7658 [3] NCCL INFO Connected all rings
ip-0A23040B:27233:27870 [3] NCCL INFO Connected all rings
ip-0A23041A:3159:3823 [3] NCCL INFO Connected all rings
ip-0A23040F:69909:70543 [3] NCCL INFO Connected all rings
ip-0A230407:43503:44145 [3] NCCL INFO Connected all rings
ip-0A230405:5722:6369 [3] NCCL INFO Connected all rings
ip-0A230412:10820:11459 [3] NCCL INFO Connected all rings
ip-0A230417:43849:44484 [3] NCCL INFO Connected all rings
ip-0A23040E:53295:53935 [3] NCCL INFO Connected all rings
ip-0A230408:54271:54920 [3] NCCL INFO Connected all rings
ip-0A23041D:8927:9563 [3] NCCL INFO Connected all rings
ip-0A230413:54328:54965 [3] NCCL INFO Channel 00/0 : 2[400000] -> 4[400000] [receive] via NET/IBext/3
ip-0A23040D:13928:14577 [3] NCCL INFO Channel 00/0 : 8[400000] -> 0[400000] [receive] via NET/IBext/3
ip-0A230406:90205:90858 [3] NCCL INFO Channel 01/0 : 3[400000] -> 7[400000] [receive] via NET/IBext/3
ip-0A23040D:13928:14577 [3] NCCL INFO Channel 00/0 : 0[400000] -> 8[400000] [send] via NET/IBext/3
ip-0A230406:90205:90858 [3] NCCL INFO Channel 01/0 : 7[400000] -> 11[400000] [send] via NET/IBext/3
ip-0A23040B:27233:27870 [3] NCCL INFO Channel 01/0 : 11[400000] -> 13[400000] [receive] via NET/IBext/3
ip-0A230414:7021:7658 [3] NCCL INFO Channel 01/0 : 3[400000] -> 5[400000] [receive] via NET/IBext/3
ip-0A230417:43849:44484 [3] NCCL INFO Channel 00/0 : 4[400000] -> 6[400000] [receive] via NET/IBext/3
ip-0A23041A:3159:3823 [3] NCCL INFO Channel 01/0 : 9[400000] -> 11[400000] [send] via NET/IBext/3
ip-0A23040C:52192:52827 [3] NCCL INFO Channel 01/0 : 7[400000] -> 15[400000] [receive] via NET/IBext/3
ip-0A230412:10820:11459 [3] NCCL INFO Channel 01/0 : 1[400000] -> 3[400000] [receive] via NET/IBext/3
ip-0A23040C:52192:52827 [3] NCCL INFO Channel 01/0 : 15[400000] -> 7[400000] [send] via NET/IBext/3
ip-0A23040F:69909:70543 [3] NCCL INFO Channel 01/0 : 1[400000] -> 3[400000] [send] via NET/IBext/3
ip-0A230412:10820:11459 [3] NCCL INFO Channel 01/0 : 3[400000] -> 5[400000] [send] via NET/IBext/3
ip-0A230405:5722:6369 [3] NCCL INFO Channel 01/0 : 9[400000] -> 11[400000] [receive] via NET/IBext/3
ip-0A230408:54271:54920 [3] NCCL INFO Channel 00/0 : 4[400000] -> 8[400000] [receive] via NET/IBext/3
ip-0A230405:5722:6369 [3] NCCL INFO Channel 01/0 : 11[400000] -> 13[400000] [send] via NET/IBext/3
ip-0A230408:54271:54920 [3] NCCL INFO Channel 00/0 : 8[400000] -> 12[400000] [send] via NET/IBext/3
ip-0A230410:41404:42045 [3] NCCL INFO Channel 00/0 : 2[400000] -> 4[400000] [send] via NET/IBext/3
ip-0A23040E:53295:53935 [3] NCCL INFO Channel 00/0 : 12[400000] -> 14[400000] [receive] via NET/IBext/3
ip-0A230407:43503:44145 [3] NCCL INFO Channel 00/0 : 10[400000] -> 12[400000] [receive] via NET/IBext/3
ip-0A23041D:8927:9563 [3] NCCL INFO Channel 00/0 : 10[400000] -> 12[400000] [send] via NET/IBext/3
ip-0A23041A:3159:3823 [3] NCCL INFO Channel 01/0 : 11[400000] -> 9[400000] [receive] via NET/IBext/3
ip-0A23040F:69909:70543 [3] NCCL INFO Channel 01/0 : 3[400000] -> 1[400000] [receive] via NET/IBext/3
ip-0A23040B:27233:27870 [3] NCCL INFO Channel 01/0 : 13[400000] -> 11[400000] [send] via NET/IBext/3
ip-0A230414:7021:7658 [3] NCCL INFO Channel 01/0 : 5[400000] -> 3[400000] [send] via NET/IBext/3
ip-0A230413:54328:54965 [3] NCCL INFO Channel 00/0 : 4[400000] -> 6[400000] [send] via NET/IBext/3
ip-0A230410:41404:42045 [3] NCCL INFO Channel 00/0 : 4[400000] -> 2[400000] [receive] via NET/IBext/3
ip-0A230407:43503:44145 [3] NCCL INFO Channel 00/0 : 12[400000] -> 14[400000] [send] via NET/IBext/3
ip-0A230417:43849:44484 [3] NCCL INFO Channel 00/0 : 6[400000] -> 4[400000] [send] via NET/IBext/3
ip-0A230412:10820:11459 [3] NCCL INFO Channel 01/0 : 3[400000] -> 7[400000] [send] via NET/IBext/3
ip-0A230405:5722:6369 [3] NCCL INFO Channel 01/0 : 7[400000] -> 11[400000] [receive] via NET/IBext/3
ip-0A23041D:8927:9563 [3] NCCL INFO Channel 00/0 : 12[400000] -> 10[400000] [receive] via NET/IBext/3
ip-0A23040E:53295:53935 [3] NCCL INFO Channel 00/0 : 14[400000] -> 12[400000] [send] via NET/IBext/3
ip-0A230412:10820:11459 [3] NCCL INFO Channel 01/0 : 7[400000] -> 3[400000] [receive] via NET/IBext/3
ip-0A230405:5722:6369 [3] NCCL INFO Channel 01/0 : 11[400000] -> 7[400000] [send] via NET/IBext/3
ip-0A230413:54328:54965 [3] NCCL INFO Channel 00/0 : 4[400000] -> 8[400000] [send] via NET/IBext/3
ip-0A230413:54328:54965 [3] NCCL INFO Channel 00/0 : 8[400000] -> 4[400000] [receive] via NET/IBext/3
ip-0A230407:43503:44145 [3] NCCL INFO Channel 00/0 : 8[400000] -> 12[400000] [receive] via NET/IBext/3
ip-0A230406:90205:90858 [3] NCCL INFO Channel 01/0 : 15[400000] -> 7[400000] [receive] via NET/IBext/3
ip-0A230406:90205:90858 [3] NCCL INFO Channel 01/0 : 7[400000] -> 15[400000] [send] via NET/IBext/3
ip-0A230407:43503:44145 [3] NCCL INFO Channel 00/0 : 12[400000] -> 8[400000] [send] via NET/IBext/3
ip-0A230408:54271:54920 [3] NCCL INFO Channel 00/0 : 0[400000] -> 8[400000] [receive] via NET/IBext/3
ip-0A230408:54271:54920 [3] NCCL INFO Channel 00/0 : 8[400000] -> 0[400000] [send] via NET/IBext/3
ip-0A230406:90205:90858 [3] NCCL INFO Channel 01/0 : 11[400000] -> 7[400000] [receive] via NET/IBext/3
ip-0A230406:90205:90858 [3] NCCL INFO Channel 01/0 : 7[400000] -> 3[400000] [send] via NET/IBext/3
ip-0A23040C:52192:52827 [3] NCCL INFO Channel 00/0 : 15[400000] -> 14[400000] [send] via NET/IBext/3
ip-0A230412:10820:11459 [3] NCCL INFO Channel 01/0 : 5[400000] -> 3[400000] [receive] via NET/IBext/3
ip-0A230412:10820:11459 [3] NCCL INFO Channel 01/0 : 3[400000] -> 1[400000] [send] via NET/IBext/3
ip-0A230405:5722:6369 [3] NCCL INFO Channel 01/0 : 13[400000] -> 11[400000] [receive] via NET/IBext/3
ip-0A230405:5722:6369 [3] NCCL INFO Channel 01/0 : 11[400000] -> 9[400000] [send] via NET/IBext/3
ip-0A230408:54271:54920 [3] NCCL INFO Channel 00/0 : 12[400000] -> 8[400000] [receive] via NET/IBext/3
ip-0A230408:54271:54920 [3] NCCL INFO Channel 00/0 : 8[400000] -> 4[400000] [send] via NET/IBext/3
ip-0A230406:90205:90858 [3] NCCL INFO Channel 00/0 : 7[400000] -> 6[400000] [send] via NET/IBext/3
ip-0A23040D:13928:14577 [3] NCCL INFO Channel 01/0 : 1[400000] -> 0[400000] [receive] via NET/IBext/3
ip-0A23040B:27233:27870 [3] NCCL INFO Channel 00/0 : 14[400000] -> 13[400000] [receive] via NET/IBext/3
ip-0A23040B:27233:27870 [3] NCCL INFO Channel 01/0 : 14[400000] -> 13[400000] [receive] via NET/IBext/3
ip-0A23040B:27233:27870 [3] NCCL INFO Channel 01/0 : 13[400000] -> 12[400000] [send] via NET/IBext/3
ip-0A230414:7021:7658 [3] NCCL INFO Channel 00/0 : 6[400000] -> 5[400000] [receive] via NET/IBext/3
ip-0A230414:7021:7658 [3] NCCL INFO Channel 01/0 : 6[400000] -> 5[400000] [receive] via NET/IBext/3
ip-0A230414:7021:7658 [3] NCCL INFO Channel 01/0 : 5[400000] -> 4[400000] [send] via NET/IBext/3
ip-0A23040F:69909:70543 [3] NCCL INFO Channel 00/0 : 2[400000] -> 1[400000] [receive] via NET/IBext/3
ip-0A23040F:69909:70543 [3] NCCL INFO Channel 01/0 : 2[400000] -> 1[400000] [receive] via NET/IBext/3
ip-0A23040F:69909:70543 [3] NCCL INFO Channel 01/0 : 1[400000] -> 0[400000] [send] via NET/IBext/3
ip-0A230407:43503:44145 [3] NCCL INFO Channel 00/0 : 14[400000] -> 12[400000] [receive] via NET/IBext/3
ip-0A230407:43503:44145 [3] NCCL INFO Channel 00/0 : 12[400000] -> 10[400000] [send] via NET/IBext/3
ip-0A230412:10820:11459 [3] NCCL INFO Channel 00/0 : 3[400000] -> 2[400000] [send] via NET/IBext/3
ip-0A23041A:3159:3823 [3] NCCL INFO Channel 00/0 : 10[400000] -> 9[400000] [receive] via NET/IBext/3
ip-0A230405:5722:6369 [3] NCCL INFO Channel 00/0 : 11[400000] -> 10[400000] [send] via NET/IBext/3
ip-0A23041A:3159:3823 [3] NCCL INFO Channel 01/0 : 10[400000] -> 9[400000] [receive] via NET/IBext/3
ip-0A23041A:3159:3823 [3] NCCL INFO Channel 01/0 : 9[400000] -> 8[400000] [send] via NET/IBext/3
ip-0A230408:54271:54920 [3] NCCL INFO Channel 01/0 : 9[400000] -> 8[400000] [receive] via NET/IBext/3
ip-0A230413:54328:54965 [3] NCCL INFO Channel 00/0 : 6[400000] -> 4[400000] [receive] via NET/IBext/3
ip-0A230413:54328:54965 [3] NCCL INFO Channel 00/0 : 4[400000] -> 2[400000] [send] via NET/IBext/3
ip-0A23040E:53295:53935 [3] NCCL INFO Channel 00/0 : 15[400000] -> 14[400000] [receive] via NET/IBext/3
ip-0A23040E:53295:53935 [3] NCCL INFO Channel 00/0 : 14[400000] -> 13[400000] [send] via NET/IBext/3
ip-0A23040E:53295:53935 [3] NCCL INFO Channel 01/0 : 14[400000] -> 13[400000] [send] via NET/IBext/3
ip-0A23041D:8927:9563 [3] NCCL INFO Channel 00/0 : 11[400000] -> 10[400000] [receive] via NET/IBext/3
ip-0A23041D:8927:9563 [3] NCCL INFO Channel 00/0 : 10[400000] -> 9[400000] [send] via NET/IBext/3
ip-0A23041D:8927:9563 [3] NCCL INFO Channel 01/0 : 10[400000] -> 9[400000] [send] via NET/IBext/3
ip-0A23040C:52192:52827 [3] NCCL INFO Connected all trees
ip-0A23040C:52192:52827 [3] NCCL INFO CollNet 00 : 15 [receive] via COLLNET/SHARP/3
ip-0A230410:41404:42045 [3] NCCL INFO Channel 00/0 : 3[400000] -> 2[400000] [receive] via NET/IBext/3
ip-0A230410:41404:42045 [3] NCCL INFO Channel 00/0 : 2[400000] -> 1[400000] [send] via NET/IBext/3
ip-0A230410:41404:42045 [3] NCCL INFO Channel 01/0 : 2[400000] -> 1[400000] [send] via NET/IBext/3
ip-0A230405:5722:6369 [3] NCCL INFO Connected all trees
ip-0A230405:5722:6369 [3] NCCL INFO CollNet 00 : 11 [receive] via COLLNET/SHARP/3
ip-0A230417:43849:44484 [3] NCCL INFO Channel 00/0 : 7[400000] -> 6[400000] [receive] via NET/IBext/3
ip-0A230417:43849:44484 [3] NCCL INFO Channel 00/0 : 6[400000] -> 5[400000] [send] via NET/IBext/3
ip-0A230417:43849:44484 [3] NCCL INFO Channel 01/0 : 6[400000] -> 5[400000] [send] via NET/IBext/3
ip-0A230408:54271:54920 [3] NCCL INFO Connected all trees
ip-0A230407:43503:44145 [3] NCCL INFO Channel 01/0 : 13[400000] -> 12[400000] [receive] via NET/IBext/3
ip-0A230408:54271:54920 [3] NCCL INFO CollNet 00 : 8 [receive] via COLLNET/SHARP/3
ip-0A230413:54328:54965 [3] NCCL INFO Channel 01/0 : 5[400000] -> 4[400000] [receive] via NET/IBext/3
ip-0A230412:10820:11459 [3] NCCL INFO Connected all trees
ip-0A230412:10820:11459 [3] NCCL INFO CollNet 00 : 3 [receive] via COLLNET/SHARP/3
ip-0A23040E:53295:53935 [3] NCCL INFO Connected all trees
ip-0A23040D:13928:14577 [3] NCCL INFO Connected all trees
ip-0A23040D:13928:14577 [3] NCCL INFO CollNet 00 : 0 [receive] via COLLNET/SHARP/3
ip-0A230406:90205:90858 [3] NCCL INFO Connected all trees
ip-0A230406:90205:90858 [3] NCCL INFO CollNet 00 : 7 [receive] via COLLNET/SHARP/3
ip-0A230407:43503:44145 [3] NCCL INFO Connected all trees
ip-0A230407:43503:44145 [3] NCCL INFO CollNet 00 : 12 [receive] via COLLNET/SHARP/3
ip-0A23041D:8927:9563 [3] NCCL INFO Connected all trees
ip-0A23041A:3159:3823 [3] NCCL INFO Connected all trees
ip-0A230413:54328:54965 [3] NCCL INFO Connected all trees
ip-0A230413:54328:54965 [3] NCCL INFO CollNet 00 : 4 [receive] via COLLNET/SHARP/3
ip-0A230410:41404:42045 [3] NCCL INFO Connected all trees
ip-0A23040F:69909:70543 [3] NCCL INFO Connected all trees
ip-0A23040B:27233:27870 [3] NCCL INFO Connected all trees
ip-0A230417:43849:44484 [3] NCCL INFO Connected all trees
ip-0A230414:7021:7658 [3] NCCL INFO Connected all trees
ip-0A23040E:53295:53935 [3] NCCL INFO CollNet 00 : 14 [receive] via COLLNET/SHARP/3
ip-0A23041A:3159:3823 [3] NCCL INFO CollNet 00 : 9 [receive] via COLLNET/SHARP/3
ip-0A23041D:8927:9563 [3] NCCL INFO CollNet 00 : 10 [receive] via COLLNET/SHARP/3
ip-0A23040F:69909:70543 [3] NCCL INFO CollNet 00 : 1 [receive] via COLLNET/SHARP/3
ip-0A230410:41404:42045 [3] NCCL INFO CollNet 00 : 2 [receive] via COLLNET/SHARP/3
ip-0A23040B:27233:27870 [3] NCCL INFO CollNet 00 : 13 [receive] via COLLNET/SHARP/3
ip-0A230414:7021:7658 [3] NCCL INFO CollNet 00 : 5 [receive] via COLLNET/SHARP/3
ip-0A230417:43849:44484 [3] NCCL INFO CollNet 00 : 6 [receive] via COLLNET/SHARP/3
ip-0A230417:43849:44485 [3] NCCL INFO NCCL_SHARP_GROUP_SIZE_THRESH set by environment to 16.
ip-0A230406:90205:90859 [3] NCCL INFO NCCL_SHARP_GROUP_SIZE_THRESH set by environment to 16.
ip-0A230408:54271:54921 [3] NCCL INFO NCCL_SHARP_GROUP_SIZE_THRESH set by environment to 16.
ip-0A23041A:3159:3824 [3] NCCL INFO NCCL_SHARP_GROUP_SIZE_THRESH set by environment to 16.
ip-0A23041D:8927:9565 [3] NCCL INFO NCCL_SHARP_GROUP_SIZE_THRESH set by environment to 16.
ip-0A230405:5722:6370 [3] NCCL INFO NCCL_SHARP_GROUP_SIZE_THRESH set by environment to 16.
ip-0A230407:43503:44146 [3] NCCL INFO NCCL_SHARP_GROUP_SIZE_THRESH set by environment to 16.
ip-0A23040B:27233:27871 [3] NCCL INFO NCCL_SHARP_GROUP_SIZE_THRESH set by environment to 16.
ip-0A23040E:53295:53936 [3] NCCL INFO NCCL_SHARP_GROUP_SIZE_THRESH set by environment to 16.
ip-0A23040D:13928:14578 [3] NCCL INFO NCCL_SHARP_GROUP_SIZE_THRESH set by environment to 16.
ip-0A23040C:52192:52828 [3] NCCL INFO NCCL_SHARP_GROUP_SIZE_THRESH set by environment to 16.
ip-0A23040F:69909:70544 [3] NCCL INFO NCCL_SHARP_GROUP_SIZE_THRESH set by environment to 16.
ip-0A230410:41404:42046 [3] NCCL INFO NCCL_SHARP_GROUP_SIZE_THRESH set by environment to 16.
ip-0A230412:10820:11460 [3] NCCL INFO NCCL_SHARP_GROUP_SIZE_THRESH set by environment to 16.
ip-0A230413:54328:54966 [3] NCCL INFO NCCL_SHARP_GROUP_SIZE_THRESH set by environment to 16.
ip-0A230414:7021:7659 [3] NCCL INFO NCCL_SHARP_GROUP_SIZE_THRESH set by environment to 16.
[ip-0A23040D:0:13928 - context.c:584] INFO job (ID: 2524863413572842595) resource request quota: ( osts:0 user_data_per_ost:0 max_groups:0 max_qps:1 max_group_channels:1, num_trees:1)
[ip-0A23040D:0:13928 unique id 0] ERROR No Aggregation Manager (sharp_am) detected in sharp_create_job.

[ip-0A23040D:0:13928 - context.c:601] ERROR sharp_create_job failed: No Aggregation Manager (sharp_am) detected(-52)
ip-0A230412:10820:11460 [3] NCCL INFO Sharp rank 3/16 initialized on mlx5_ib3:1

ip-0A230412:10820:11460 [3] sharp_plugin.c:288 NCCL WARN NET/IB :SHARP coll init error: Cannot create SHArP job(-11)

ip-0A230412:10820:11460 [3] NCCL INFO include/coll_net.h:21 -> 3
ip-0A23041A:3159:3824 [3] NCCL INFO Sharp rank 9/16 initialized on mlx5_ib3:1

ip-0A23041A:3159:3824 [3] sharp_plugin.c:288 NCCL WARN NET/IB :SHARP coll init error: Cannot create SHArP job(-11)

ip-0A23041A:3159:3824 [3] NCCL INFO include/coll_net.h:21 -> 3
