ip-0A23041A:7485:8095 [1] NCCL INFO 2 coll channels, 2 p2p channels, 2 p2p channels per peer
ip-0A23040B:31341:31954 [1] NCCL INFO threadThresholds 8/8/64 | 128/8/64 | 8/8/512
ip-0A230407:47667:48275 [1] NCCL INFO 2 coll channels, 2 p2p channels, 2 p2p channels per peer
ip-0A23041D:13068:13684 [1] NCCL INFO transport.cc:222 -> 2

ip-0A23041D:13068:13684 [1] transport.cc:253 NCCL WARN Cannot initialize CollNet, using point-to-point network instead
ip-0A23041D:13068:13684 [1] NCCL INFO init.cc:765 -> 2
ip-0A23040B:31341:31954 [1] NCCL INFO 2 coll channels, 2 p2p channels, 2 p2p channels per peer
ip-0A23041D:13068:13684 [1] NCCL INFO threadThresholds 8/8/64 | 128/8/64 | 8/8/512
ip-0A23041D:13068:13684 [1] NCCL INFO 2 coll channels, 2 p2p channels, 2 p2p channels per peer
ip-0A230410:45534:46150 [1] NCCL INFO transport.cc:222 -> 2

ip-0A230410:45534:46150 [1] transport.cc:253 NCCL WARN Cannot initialize CollNet, using point-to-point network instead
ip-0A23040C:56230:56843 [1] NCCL INFO transport.cc:222 -> 2

ip-0A23040C:56230:56843 [1] transport.cc:253 NCCL WARN Cannot initialize CollNet, using point-to-point network instead
ip-0A23040C:56230:56843 [1] NCCL INFO init.cc:765 -> 2
ip-0A23040E:57453:58070 [1] NCCL INFO transport.cc:222 -> 2

ip-0A23040E:57453:58070 [1] transport.cc:253 NCCL WARN Cannot initialize CollNet, using point-to-point network instead
ip-0A230406:94266:94865 [1] NCCL INFO transport.cc:222 -> 2

ip-0A230406:94266:94865 [1] transport.cc:253 NCCL WARN Cannot initialize CollNet, using point-to-point network instead
ip-0A230406:94266:94865 [1] NCCL INFO init.cc:765 -> 2
ip-0A230410:45534:46150 [1] NCCL INFO init.cc:765 -> 2
ip-0A23040C:56230:56843 [1] NCCL INFO threadThresholds 8/8/64 | 128/8/64 | 8/8/512
ip-0A23040C:56230:56843 [1] NCCL INFO 2 coll channels, 2 p2p channels, 2 p2p channels per peer
ip-0A23040E:57453:58070 [1] NCCL INFO init.cc:765 -> 2
ip-0A230406:94266:94865 [1] NCCL INFO threadThresholds 8/8/64 | 128/8/64 | 8/8/512
ip-0A230406:94266:94865 [1] NCCL INFO 2 coll channels, 2 p2p channels, 2 p2p channels per peer
ip-0A230410:45534:46150 [1] NCCL INFO threadThresholds 8/8/64 | 128/8/64 | 8/8/512
ip-0A23040E:57453:58070 [1] NCCL INFO threadThresholds 8/8/64 | 128/8/64 | 8/8/512
ip-0A230410:45534:46150 [1] NCCL INFO 2 coll channels, 2 p2p channels, 2 p2p channels per peer
ip-0A23040E:57453:58070 [1] NCCL INFO 2 coll channels, 2 p2p channels, 2 p2p channels per peer
ip-0A230408:58311:58914 [1] NCCL INFO transport.cc:222 -> 2

ip-0A230408:58311:58914 [1] transport.cc:253 NCCL WARN Cannot initialize CollNet, using point-to-point network instead
ip-0A230408:58311:58914 [1] NCCL INFO init.cc:765 -> 2
ip-0A230408:58311:58914 [1] NCCL INFO threadThresholds 8/8/64 | 128/8/64 | 8/8/512
ip-0A230408:58311:58914 [1] NCCL INFO 2 coll channels, 2 p2p channels, 2 p2p channels per peer
ip-0A230412:14942:15556 [1] NCCL INFO transport.cc:222 -> 2

ip-0A230412:14942:15556 [1] transport.cc:253 NCCL WARN Cannot initialize CollNet, using point-to-point network instead
ip-0A230412:14942:15556 [1] NCCL INFO init.cc:765 -> 2
ip-0A230412:14942:15556 [1] NCCL INFO threadThresholds 8/8/64 | 128/8/64 | 8/8/512
ip-0A230412:14942:15556 [1] NCCL INFO 2 coll channels, 2 p2p channels, 2 p2p channels per peer
ip-0A23040F:74059:74673 [1] NCCL INFO transport.cc:222 -> 2

ip-0A23040F:74059:74673 [1] transport.cc:253 NCCL WARN Cannot initialize CollNet, using point-to-point network instead
ip-0A23040F:74059:74673 [1] NCCL INFO init.cc:765 -> 2
ip-0A23040F:74059:74673 [1] NCCL INFO threadThresholds 8/8/64 | 128/8/64 | 8/8/512
ip-0A23040F:74059:74673 [1] NCCL INFO 2 coll channels, 2 p2p channels, 2 p2p channels per peer
ip-0A230413:58455:59067 [1] NCCL INFO transport.cc:222 -> 2

ip-0A230413:58455:59067 [1] transport.cc:253 NCCL WARN Cannot initialize CollNet, using point-to-point network instead
ip-0A230413:58455:59067 [1] NCCL INFO init.cc:765 -> 2
ip-0A230413:58455:59067 [1] NCCL INFO threadThresholds 8/8/64 | 128/8/64 | 8/8/512
ip-0A230413:58455:59067 [1] NCCL INFO 2 coll channels, 2 p2p channels, 2 p2p channels per peer
ip-0A230405:9894:10509 [1] NCCL INFO transport.cc:222 -> 2

ip-0A230405:9894:10509 [1] transport.cc:253 NCCL WARN Cannot initialize CollNet, using point-to-point network instead
ip-0A230405:9894:10509 [1] NCCL INFO init.cc:765 -> 2
ip-0A230405:9894:10509 [1] NCCL INFO threadThresholds 8/8/64 | 128/8/64 | 8/8/512
ip-0A230405:9894:10509 [1] NCCL INFO 2 coll channels, 2 p2p channels, 2 p2p channels per peer
ip-0A230414:11219:11827 [1] NCCL INFO comm 0x14e814008fb0 rank 5 nranks 16 cudaDev 1 busId 200000 - Init COMPLETE
ip-0A23040B:31341:31954 [1] NCCL INFO comm 0x14d7e0008fb0 rank 13 nranks 16 cudaDev 1 busId 200000 - Init COMPLETE
ip-0A230417:47971:48579 [1] NCCL INFO comm 0x14b3b8008fb0 rank 6 nranks 16 cudaDev 1 busId 200000 - Init COMPLETE
ip-0A23040F:74059:74673 [1] NCCL INFO comm 0x151628008fb0 rank 1 nranks 16 cudaDev 1 busId 200000 - Init COMPLETE
ip-0A23041A:7485:8095 [1] NCCL INFO comm 0x14dc04008fb0 rank 9 nranks 16 cudaDev 1 busId 200000 - Init COMPLETE
ip-0A230410:45534:46150 [1] NCCL INFO comm 0x14b3f0008fb0 rank 2 nranks 16 cudaDev 1 busId 200000 - Init COMPLETE
ip-0A23040E:57453:58070 [1] NCCL INFO comm 0x1465a8008fb0 rank 14 nranks 16 cudaDev 1 busId 200000 - Init COMPLETE
ip-0A23041D:13068:13684 [1] NCCL INFO comm 0x152fa0008fb0 rank 10 nranks 16 cudaDev 1 busId 200000 - Init COMPLETE
ip-0A230405:9894:10509 [1] NCCL INFO comm 0x1495c8008fb0 rank 11 nranks 16 cudaDev 1 busId 200000 - Init COMPLETE
ip-0A23040C:56230:56843 [1] NCCL INFO comm 0x14fde0008fb0 rank 15 nranks 16 cudaDev 1 busId 200000 - Init COMPLETE
ip-0A230408:58311:58914 [1] NCCL INFO comm 0x14e078008fb0 rank 8 nranks 16 cudaDev 1 busId 200000 - Init COMPLETE
ip-0A230407:47667:48275 [1] NCCL INFO comm 0x153228008fb0 rank 12 nranks 16 cudaDev 1 busId 200000 - Init COMPLETE
ip-0A230413:58455:59067 [1] NCCL INFO comm 0x154624008fb0 rank 4 nranks 16 cudaDev 1 busId 200000 - Init COMPLETE
ip-0A230406:94266:94865 [1] NCCL INFO comm 0x147870008fb0 rank 7 nranks 16 cudaDev 1 busId 200000 - Init COMPLETE
ip-0A230412:14942:15556 [1] NCCL INFO comm 0x14d038008fb0 rank 3 nranks 16 cudaDev 1 busId 200000 - Init COMPLETE
ip-0A23040D:18733:19353 [1] NCCL INFO Sharp rank 0/16 initialized on mlx5_ib1:1

ip-0A23040D:18733:19353 [1] sharp_plugin.c:288 NCCL WARN NET/IB :SHARP coll init error: Cannot create SHArP job(-11)

ip-0A23040D:18733:19353 [1] NCCL INFO include/coll_net.h:21 -> 3
ip-0A23040D:18733:19351 [1] NCCL INFO transport.cc:222 -> 2

ip-0A23040D:18733:19351 [1] transport.cc:253 NCCL WARN Cannot initialize CollNet, using point-to-point network instead
ip-0A23040D:18733:19351 [1] NCCL INFO init.cc:765 -> 2
ip-0A23040D:18733:19351 [1] NCCL INFO threadThresholds 8/8/64 | 128/8/64 | 8/8/512
ip-0A23040D:18733:19351 [1] NCCL INFO 2 coll channels, 2 p2p channels, 2 p2p channels per peer
ip-0A23040D:18733:19351 [1] NCCL INFO comm 0x14553c008fb0 rank 0 nranks 16 cudaDev 1 busId 200000 - Init COMPLETE
ip-0A23040D:18733:18733 [1] NCCL INFO Launch mode Parallel
ip-0A23040D:18730:18730 [2] NCCL INFO Bootstrap : Using eth0:10.35.4.13<0>
ip-0A23040D:18730:18730 [2] NCCL INFO NET/Plugin: Failed to find ncclNetPlugin_v5 symbol.
ip-0A23040D:18730:18730 [2] NCCL INFO NET/Plugin: Failed to find ncclCollNetPlugin_v5 symbol.
ip-0A23040D:18730:18730 [2] NCCL INFO Plugin Path : /opt/hpcx/nccl_rdma_sharp_plugin/lib/libnccl-net.so
ip-0A23040D:18730:18730 [2] NCCL INFO P2P plugin IBext
ip-0A23040D:18730:18730 [2] NCCL INFO NCCL_IB_PCI_RELAXED_ORDERING set by environment to 1.
ip-0A23040D:18730:18730 [2] NCCL INFO NET/IB : Using [0]mlx5_ib0:1/IB/SHARP [1]mlx5_ib1:1/IB/SHARP [2]mlx5_ib2:1/IB/SHARP [3]mlx5_ib3:1/IB/SHARP [4]mlx5_ib4:1/IB/SHARP [5]mlx5_ib5:1/IB/SHARP [6]mlx5_ib6:1/IB/SHARP [7]mlx5_ib7:1/IB/SHARP ; OOB eth0:10.35.4.13<0>
ip-0A23040D:18730:18730 [2] NCCL INFO Using network IBext
NCCL version 2.12.10+cuda11.6
ip-0A230413:58457:58457 [2] NCCL INFO Bootstrap : Using eth0:10.35.4.19<0>
ip-0A23040E:57452:57452 [2] NCCL INFO Bootstrap : Using eth0:10.35.4.14<0>
ip-0A23041A:7486:7486 [2] NCCL INFO Bootstrap : Using eth0:10.35.4.26<0>
ip-0A23040C:56231:56231 [2] NCCL INFO Bootstrap : Using eth0:10.35.4.12<0>
ip-0A230406:94264:94264 [2] NCCL INFO Bootstrap : Using eth0:10.35.4.6<0>
ip-0A230414:11220:11220 [2] NCCL INFO Bootstrap : Using eth0:10.35.4.20<0>
ip-0A230410:45537:45537 [2] NCCL INFO Bootstrap : Using eth0:10.35.4.16<0>
ip-0A230408:58314:58314 [2] NCCL INFO Bootstrap : Using eth0:10.35.4.8<0>
ip-0A230407:47666:47666 [2] NCCL INFO Bootstrap : Using eth0:10.35.4.7<0>
ip-0A23040B:31345:31345 [2] NCCL INFO Bootstrap : Using eth0:10.35.4.11<0>
ip-0A230417:47974:47974 [2] NCCL INFO Bootstrap : Using eth0:10.35.4.23<0>
ip-0A230412:14947:14947 [2] NCCL INFO Bootstrap : Using eth0:10.35.4.18<0>
ip-0A23040F:74066:74066 [2] NCCL INFO Bootstrap : Using eth0:10.35.4.15<0>
ip-0A23041D:13075:13075 [2] NCCL INFO Bootstrap : Using eth0:10.35.4.29<0>
ip-0A230405:9899:9899 [2] NCCL INFO Bootstrap : Using eth0:10.35.4.5<0>
ip-0A23040C:56231:56231 [2] NCCL INFO NET/Plugin: Failed to find ncclNetPlugin_v5 symbol.
ip-0A23040C:56231:56231 [2] NCCL INFO NET/Plugin: Failed to find ncclCollNetPlugin_v5 symbol.
ip-0A23040C:56231:56231 [2] NCCL INFO Plugin Path : /opt/hpcx/nccl_rdma_sharp_plugin/lib/libnccl-net.so
ip-0A23040C:56231:56231 [2] NCCL INFO P2P plugin IBext
ip-0A23040C:56231:56231 [2] NCCL INFO NCCL_IB_PCI_RELAXED_ORDERING set by environment to 1.
ip-0A23040E:57452:57452 [2] NCCL INFO NET/Plugin: Failed to find ncclNetPlugin_v5 symbol.
ip-0A23040E:57452:57452 [2] NCCL INFO NET/Plugin: Failed to find ncclCollNetPlugin_v5 symbol.
ip-0A23040E:57452:57452 [2] NCCL INFO Plugin Path : /opt/hpcx/nccl_rdma_sharp_plugin/lib/libnccl-net.so
ip-0A23040E:57452:57452 [2] NCCL INFO P2P plugin IBext
ip-0A23040E:57452:57452 [2] NCCL INFO NCCL_IB_PCI_RELAXED_ORDERING set by environment to 1.
ip-0A230413:58457:58457 [2] NCCL INFO NET/Plugin: Failed to find ncclNetPlugin_v5 symbol.
ip-0A230413:58457:58457 [2] NCCL INFO NET/Plugin: Failed to find ncclCollNetPlugin_v5 symbol.
ip-0A230413:58457:58457 [2] NCCL INFO Plugin Path : /opt/hpcx/nccl_rdma_sharp_plugin/lib/libnccl-net.so
ip-0A230413:58457:58457 [2] NCCL INFO P2P plugin IBext
ip-0A230413:58457:58457 [2] NCCL INFO NCCL_IB_PCI_RELAXED_ORDERING set by environment to 1.
ip-0A230406:94264:94264 [2] NCCL INFO NET/Plugin: Failed to find ncclNetPlugin_v5 symbol.
ip-0A230406:94264:94264 [2] NCCL INFO NET/Plugin: Failed to find ncclCollNetPlugin_v5 symbol.
ip-0A230406:94264:94264 [2] NCCL INFO Plugin Path : /opt/hpcx/nccl_rdma_sharp_plugin/lib/libnccl-net.so
ip-0A230406:94264:94264 [2] NCCL INFO P2P plugin IBext
ip-0A230406:94264:94264 [2] NCCL INFO NCCL_IB_PCI_RELAXED_ORDERING set by environment to 1.
ip-0A230414:11220:11220 [2] NCCL INFO NET/Plugin: Failed to find ncclNetPlugin_v5 symbol.
ip-0A230414:11220:11220 [2] NCCL INFO NET/Plugin: Failed to find ncclCollNetPlugin_v5 symbol.
ip-0A230414:11220:11220 [2] NCCL INFO Plugin Path : /opt/hpcx/nccl_rdma_sharp_plugin/lib/libnccl-net.so
ip-0A230414:11220:11220 [2] NCCL INFO P2P plugin IBext
ip-0A230414:11220:11220 [2] NCCL INFO NCCL_IB_PCI_RELAXED_ORDERING set by environment to 1.
ip-0A23041A:7486:7486 [2] NCCL INFO NET/Plugin: Failed to find ncclNetPlugin_v5 symbol.
ip-0A23041A:7486:7486 [2] NCCL INFO NET/Plugin: Failed to find ncclCollNetPlugin_v5 symbol.
ip-0A23041A:7486:7486 [2] NCCL INFO Plugin Path : /opt/hpcx/nccl_rdma_sharp_plugin/lib/libnccl-net.so
ip-0A23041A:7486:7486 [2] NCCL INFO P2P plugin IBext
ip-0A23041A:7486:7486 [2] NCCL INFO NCCL_IB_PCI_RELAXED_ORDERING set by environment to 1.
ip-0A230412:14947:14947 [2] NCCL INFO NET/Plugin: Failed to find ncclNetPlugin_v5 symbol.
ip-0A230412:14947:14947 [2] NCCL INFO NET/Plugin: Failed to find ncclCollNetPlugin_v5 symbol.
ip-0A230412:14947:14947 [2] NCCL INFO Plugin Path : /opt/hpcx/nccl_rdma_sharp_plugin/lib/libnccl-net.so
ip-0A230412:14947:14947 [2] NCCL INFO P2P plugin IBext
ip-0A230412:14947:14947 [2] NCCL INFO NCCL_IB_PCI_RELAXED_ORDERING set by environment to 1.
ip-0A23040F:74066:74066 [2] NCCL INFO NET/Plugin: Failed to find ncclNetPlugin_v5 symbol.
ip-0A23040F:74066:74066 [2] NCCL INFO NET/Plugin: Failed to find ncclCollNetPlugin_v5 symbol.
ip-0A23040F:74066:74066 [2] NCCL INFO Plugin Path : /opt/hpcx/nccl_rdma_sharp_plugin/lib/libnccl-net.so
ip-0A23040F:74066:74066 [2] NCCL INFO P2P plugin IBext
ip-0A23040F:74066:74066 [2] NCCL INFO NCCL_IB_PCI_RELAXED_ORDERING set by environment to 1.
ip-0A230410:45537:45537 [2] NCCL INFO NET/Plugin: Failed to find ncclNetPlugin_v5 symbol.
ip-0A230410:45537:45537 [2] NCCL INFO NET/Plugin: Failed to find ncclCollNetPlugin_v5 symbol.
ip-0A230410:45537:45537 [2] NCCL INFO Plugin Path : /opt/hpcx/nccl_rdma_sharp_plugin/lib/libnccl-net.so
ip-0A230410:45537:45537 [2] NCCL INFO P2P plugin IBext
ip-0A230410:45537:45537 [2] NCCL INFO NCCL_IB_PCI_RELAXED_ORDERING set by environment to 1.
ip-0A230417:47974:47974 [2] NCCL INFO NET/Plugin: Failed to find ncclNetPlugin_v5 symbol.
ip-0A230417:47974:47974 [2] NCCL INFO NET/Plugin: Failed to find ncclCollNetPlugin_v5 symbol.
ip-0A230408:58314:58314 [2] NCCL INFO NET/Plugin: Failed to find ncclNetPlugin_v5 symbol.
ip-0A230408:58314:58314 [2] NCCL INFO NET/Plugin: Failed to find ncclCollNetPlugin_v5 symbol.
ip-0A230417:47974:47974 [2] NCCL INFO Plugin Path : /opt/hpcx/nccl_rdma_sharp_plugin/lib/libnccl-net.so
ip-0A230417:47974:47974 [2] NCCL INFO P2P plugin IBext
ip-0A230417:47974:47974 [2] NCCL INFO NCCL_IB_PCI_RELAXED_ORDERING set by environment to 1.
ip-0A230407:47666:47666 [2] NCCL INFO NET/Plugin: Failed to find ncclNetPlugin_v5 symbol.
ip-0A230407:47666:47666 [2] NCCL INFO NET/Plugin: Failed to find ncclCollNetPlugin_v5 symbol.
ip-0A230408:58314:58314 [2] NCCL INFO Plugin Path : /opt/hpcx/nccl_rdma_sharp_plugin/lib/libnccl-net.so
ip-0A230408:58314:58314 [2] NCCL INFO P2P plugin IBext
ip-0A230408:58314:58314 [2] NCCL INFO NCCL_IB_PCI_RELAXED_ORDERING set by environment to 1.
ip-0A230407:47666:47666 [2] NCCL INFO Plugin Path : /opt/hpcx/nccl_rdma_sharp_plugin/lib/libnccl-net.so
ip-0A230407:47666:47666 [2] NCCL INFO P2P plugin IBext
ip-0A230407:47666:47666 [2] NCCL INFO NCCL_IB_PCI_RELAXED_ORDERING set by environment to 1.
ip-0A23040B:31345:31345 [2] NCCL INFO NET/Plugin: Failed to find ncclNetPlugin_v5 symbol.
ip-0A23040B:31345:31345 [2] NCCL INFO NET/Plugin: Failed to find ncclCollNetPlugin_v5 symbol.
ip-0A23040B:31345:31345 [2] NCCL INFO Plugin Path : /opt/hpcx/nccl_rdma_sharp_plugin/lib/libnccl-net.so
ip-0A23040B:31345:31345 [2] NCCL INFO P2P plugin IBext
ip-0A23040B:31345:31345 [2] NCCL INFO NCCL_IB_PCI_RELAXED_ORDERING set by environment to 1.
ip-0A23041D:13075:13075 [2] NCCL INFO NET/Plugin: Failed to find ncclNetPlugin_v5 symbol.
ip-0A23041D:13075:13075 [2] NCCL INFO NET/Plugin: Failed to find ncclCollNetPlugin_v5 symbol.
ip-0A23041D:13075:13075 [2] NCCL INFO Plugin Path : /opt/hpcx/nccl_rdma_sharp_plugin/lib/libnccl-net.so
ip-0A23041D:13075:13075 [2] NCCL INFO P2P plugin IBext
ip-0A23041D:13075:13075 [2] NCCL INFO NCCL_IB_PCI_RELAXED_ORDERING set by environment to 1.
ip-0A230405:9899:9899 [2] NCCL INFO NET/Plugin: Failed to find ncclNetPlugin_v5 symbol.
ip-0A230405:9899:9899 [2] NCCL INFO NET/Plugin: Failed to find ncclCollNetPlugin_v5 symbol.
ip-0A230405:9899:9899 [2] NCCL INFO Plugin Path : /opt/hpcx/nccl_rdma_sharp_plugin/lib/libnccl-net.so
ip-0A230405:9899:9899 [2] NCCL INFO P2P plugin IBext
ip-0A230405:9899:9899 [2] NCCL INFO NCCL_IB_PCI_RELAXED_ORDERING set by environment to 1.
ip-0A23040E:57452:57452 [2] NCCL INFO NET/IB : Using [0]mlx5_ib0:1/IB/SHARP [1]mlx5_ib1:1/IB/SHARP [2]mlx5_ib2:1/IB/SHARP [3]mlx5_ib3:1/IB/SHARP [4]mlx5_ib4:1/IB/SHARP [5]mlx5_ib5:1/IB/SHARP [6]mlx5_ib6:1/IB/SHARP [7]mlx5_ib7:1/IB/SHARP ; OOB eth0:10.35.4.14<0>
ip-0A23040E:57452:57452 [2] NCCL INFO Using network IBext
ip-0A230413:58457:58457 [2] NCCL INFO NET/IB : Using [0]mlx5_ib0:1/IB/SHARP [1]mlx5_ib1:1/IB/SHARP [2]mlx5_ib2:1/IB/SHARP [3]mlx5_ib3:1/IB/SHARP [4]mlx5_ib4:1/IB/SHARP [5]mlx5_ib5:1/IB/SHARP [6]mlx5_ib6:1/IB/SHARP [7]mlx5_ib7:1/IB/SHARP ; OOB eth0:10.35.4.19<0>
ip-0A230413:58457:58457 [2] NCCL INFO Using network IBext
ip-0A23041A:7486:7486 [2] NCCL INFO NET/IB : Using [0]mlx5_ib0:1/IB/SHARP [1]mlx5_ib1:1/IB/SHARP [2]mlx5_ib2:1/IB/SHARP [3]mlx5_ib3:1/IB/SHARP [4]mlx5_ib4:1/IB/SHARP [5]mlx5_ib5:1/IB/SHARP [6]mlx5_ib6:1/IB/SHARP [7]mlx5_ib7:1/IB/SHARP ; OOB eth0:10.35.4.26<0>
ip-0A23041A:7486:7486 [2] NCCL INFO Using network IBext
ip-0A23040C:56231:56231 [2] NCCL INFO NET/IB : Using [0]mlx5_ib0:1/IB/SHARP [1]mlx5_ib1:1/IB/SHARP [2]mlx5_ib2:1/IB/SHARP [3]mlx5_ib3:1/IB/SHARP [4]mlx5_ib4:1/IB/SHARP [5]mlx5_ib5:1/IB/SHARP [6]mlx5_ib6:1/IB/SHARP [7]mlx5_ib7:1/IB/SHARP ; OOB eth0:10.35.4.12<0>
ip-0A23040C:56231:56231 [2] NCCL INFO Using network IBext
ip-0A230414:11220:11220 [2] NCCL INFO NET/IB : Using [0]mlx5_ib0:1/IB/SHARP [1]mlx5_ib1:1/IB/SHARP [2]mlx5_ib2:1/IB/SHARP [3]mlx5_ib3:1/IB/SHARP [4]mlx5_ib4:1/IB/SHARP [5]mlx5_ib5:1/IB/SHARP [6]mlx5_ib6:1/IB/SHARP [7]mlx5_ib7:1/IB/SHARP ; OOB eth0:10.35.4.20<0>
ip-0A230414:11220:11220 [2] NCCL INFO Using network IBext
ip-0A230406:94264:94264 [2] NCCL INFO NET/IB : Using [0]mlx5_ib0:1/IB/SHARP [1]mlx5_ib1:1/IB/SHARP [2]mlx5_ib2:1/IB/SHARP [3]mlx5_ib3:1/IB/SHARP [4]mlx5_ib4:1/IB/SHARP [5]mlx5_ib5:1/IB/SHARP [6]mlx5_ib6:1/IB/SHARP [7]mlx5_ib7:1/IB/SHARP ; OOB eth0:10.35.4.6<0>
ip-0A230406:94264:94264 [2] NCCL INFO Using network IBext
ip-0A230408:58314:58314 [2] NCCL INFO NET/IB : Using [0]mlx5_ib0:1/IB/SHARP [1]mlx5_ib1:1/IB/SHARP [2]mlx5_ib2:1/IB/SHARP [3]mlx5_ib3:1/IB/SHARP [4]mlx5_ib4:1/IB/SHARP [5]mlx5_ib5:1/IB/SHARP [6]mlx5_ib6:1/IB/SHARP [7]mlx5_ib7:1/IB/SHARP ; OOB eth0:10.35.4.8<0>
ip-0A230408:58314:58314 [2] NCCL INFO Using network IBext
ip-0A230410:45537:45537 [2] NCCL INFO NET/IB : Using [0]mlx5_ib0:1/IB/SHARP [1]mlx5_ib1:1/IB/SHARP [2]mlx5_ib2:1/IB/SHARP [3]mlx5_ib3:1/IB/SHARP [4]mlx5_ib4:1/IB/SHARP [5]mlx5_ib5:1/IB/SHARP [6]mlx5_ib6:1/IB/SHARP [7]mlx5_ib7:1/IB/SHARP ; OOB eth0:10.35.4.16<0>
ip-0A230410:45537:45537 [2] NCCL INFO Using network IBext
ip-0A230412:14947:14947 [2] NCCL INFO NET/IB : Using [0]mlx5_ib0:1/IB/SHARP [1]mlx5_ib1:1/IB/SHARP [2]mlx5_ib2:1/IB/SHARP [3]mlx5_ib3:1/IB/SHARP [4]mlx5_ib4:1/IB/SHARP [5]mlx5_ib5:1/IB/SHARP [6]mlx5_ib6:1/IB/SHARP [7]mlx5_ib7:1/IB/SHARP ; OOB eth0:10.35.4.18<0>
ip-0A230412:14947:14947 [2] NCCL INFO Using network IBext
ip-0A230407:47666:47666 [2] NCCL INFO NET/IB : Using [0]mlx5_ib0:1/IB/SHARP [1]mlx5_ib1:1/IB/SHARP [2]mlx5_ib2:1/IB/SHARP [3]mlx5_ib3:1/IB/SHARP [4]mlx5_ib4:1/IB/SHARP [5]mlx5_ib5:1/IB/SHARP [6]mlx5_ib6:1/IB/SHARP [7]mlx5_ib7:1/IB/SHARP ; OOB eth0:10.35.4.7<0>
ip-0A230407:47666:47666 [2] NCCL INFO Using network IBext
ip-0A23040F:74066:74066 [2] NCCL INFO NET/IB : Using [0]mlx5_ib0:1/IB/SHARP [1]mlx5_ib1:1/IB/SHARP [2]mlx5_ib2:1/IB/SHARP [3]mlx5_ib3:1/IB/SHARP [4]mlx5_ib4:1/IB/SHARP [5]mlx5_ib5:1/IB/SHARP [6]mlx5_ib6:1/IB/SHARP [7]mlx5_ib7:1/IB/SHARP ; OOB eth0:10.35.4.15<0>
ip-0A23040F:74066:74066 [2] NCCL INFO Using network IBext
ip-0A230417:47974:47974 [2] NCCL INFO NET/IB : Using [0]mlx5_ib0:1/IB/SHARP [1]mlx5_ib1:1/IB/SHARP [2]mlx5_ib2:1/IB/SHARP [3]mlx5_ib3:1/IB/SHARP [4]mlx5_ib4:1/IB/SHARP [5]mlx5_ib5:1/IB/SHARP [6]mlx5_ib6:1/IB/SHARP [7]mlx5_ib7:1/IB/SHARP ; OOB eth0:10.35.4.23<0>
ip-0A230417:47974:47974 [2] NCCL INFO Using network IBext
ip-0A23040B:31345:31345 [2] NCCL INFO NET/IB : Using [0]mlx5_ib0:1/IB/SHARP [1]mlx5_ib1:1/IB/SHARP [2]mlx5_ib2:1/IB/SHARP [3]mlx5_ib3:1/IB/SHARP [4]mlx5_ib4:1/IB/SHARP [5]mlx5_ib5:1/IB/SHARP [6]mlx5_ib6:1/IB/SHARP [7]mlx5_ib7:1/IB/SHARP ; OOB eth0:10.35.4.11<0>
ip-0A23040B:31345:31345 [2] NCCL INFO Using network IBext
ip-0A23041D:13075:13075 [2] NCCL INFO NET/IB : Using [0]mlx5_ib0:1/IB/SHARP [1]mlx5_ib1:1/IB/SHARP [2]mlx5_ib2:1/IB/SHARP [3]mlx5_ib3:1/IB/SHARP [4]mlx5_ib4:1/IB/SHARP [5]mlx5_ib5:1/IB/SHARP [6]mlx5_ib6:1/IB/SHARP [7]mlx5_ib7:1/IB/SHARP ; OOB eth0:10.35.4.29<0>
ip-0A23041D:13075:13075 [2] NCCL INFO Using network IBext
ip-0A230405:9899:9899 [2] NCCL INFO NET/IB : Using [0]mlx5_ib0:1/IB/SHARP [1]mlx5_ib1:1/IB/SHARP [2]mlx5_ib2:1/IB/SHARP [3]mlx5_ib3:1/IB/SHARP [4]mlx5_ib4:1/IB/SHARP [5]mlx5_ib5:1/IB/SHARP [6]mlx5_ib6:1/IB/SHARP [7]mlx5_ib7:1/IB/SHARP ; OOB eth0:10.35.4.5<0>
ip-0A230405:9899:9899 [2] NCCL INFO Using network IBext
ip-0A230408:58314:58939 [2] NCCL INFO NCCL_P2P_LEVEL set by environment to LOC
ip-0A230412:14947:15569 [2] NCCL INFO NCCL_P2P_LEVEL set by environment to LOC
ip-0A230413:58457:59080 [2] NCCL INFO NCCL_P2P_LEVEL set by environment to LOC
ip-0A230406:94264:94881 [2] NCCL INFO NCCL_P2P_LEVEL set by environment to LOC
ip-0A230408:58314:58939 [2] NCCL INFO PXN Disabled as plugin is v4
ip-0A230412:14947:15569 [2] NCCL INFO PXN Disabled as plugin is v4
ip-0A23040B:31345:31967 [2] NCCL INFO NCCL_P2P_LEVEL set by environment to LOC
ip-0A230413:58457:59080 [2] NCCL INFO PXN Disabled as plugin is v4
ip-0A230408:58314:58939 [2] NCCL INFO Setting affinity for GPU 2 to ffffff
ip-0A230412:14947:15569 [2] NCCL INFO Setting affinity for GPU 2 to ffffff
ip-0A230406:94264:94881 [2] NCCL INFO PXN Disabled as plugin is v4
ip-0A230413:58457:59080 [2] NCCL INFO Setting affinity for GPU 2 to ffffff
ip-0A230408:58314:58939 [2] NCCL INFO NCCL_COLLNET_ENABLE set by environment to 1.
ip-0A230412:14947:15569 [2] NCCL INFO NCCL_COLLNET_ENABLE set by environment to 1.
ip-0A23040B:31345:31967 [2] NCCL INFO PXN Disabled as plugin is v4
ip-0A230406:94264:94881 [2] NCCL INFO Setting affinity for GPU 2 to ffffff
ip-0A230413:58457:59080 [2] NCCL INFO NCCL_COLLNET_ENABLE set by environment to 1.
ip-0A230405:9899:10523 [2] NCCL INFO NCCL_P2P_LEVEL set by environment to LOC
ip-0A230406:94264:94881 [2] NCCL INFO NCCL_COLLNET_ENABLE set by environment to 1.
ip-0A23040B:31345:31967 [2] NCCL INFO Setting affinity for GPU 2 to ffffff
ip-0A23040B:31345:31967 [2] NCCL INFO NCCL_COLLNET_ENABLE set by environment to 1.
ip-0A23040F:74066:74686 [2] NCCL INFO NCCL_P2P_LEVEL set by environment to LOC
ip-0A230405:9899:10523 [2] NCCL INFO PXN Disabled as plugin is v4
ip-0A230407:47666:48289 [2] NCCL INFO NCCL_P2P_LEVEL set by environment to LOC
ip-0A23040C:56231:56857 [2] NCCL INFO NCCL_P2P_LEVEL set by environment to LOC
ip-0A23040F:74066:74686 [2] NCCL INFO PXN Disabled as plugin is v4
ip-0A23041A:7486:8108 [2] NCCL INFO NCCL_P2P_LEVEL set by environment to LOC
ip-0A230405:9899:10523 [2] NCCL INFO Setting affinity for GPU 2 to ffffff
ip-0A23040F:74066:74686 [2] NCCL INFO Setting affinity for GPU 2 to ffffff
ip-0A230407:47666:48289 [2] NCCL INFO PXN Disabled as plugin is v4
ip-0A230405:9899:10523 [2] NCCL INFO NCCL_COLLNET_ENABLE set by environment to 1.
ip-0A23041D:13075:13697 [2] NCCL INFO NCCL_P2P_LEVEL set by environment to LOC
ip-0A23040C:56231:56857 [2] NCCL INFO PXN Disabled as plugin is v4
ip-0A23041A:7486:8108 [2] NCCL INFO PXN Disabled as plugin is v4
ip-0A23040F:74066:74686 [2] NCCL INFO NCCL_COLLNET_ENABLE set by environment to 1.
ip-0A230407:47666:48289 [2] NCCL INFO Setting affinity for GPU 2 to ffffff
ip-0A230414:11220:11840 [2] NCCL INFO NCCL_P2P_LEVEL set by environment to LOC
ip-0A23040C:56231:56857 [2] NCCL INFO Setting affinity for GPU 2 to ffffff
ip-0A23041A:7486:8108 [2] NCCL INFO Setting affinity for GPU 2 to ffffff
ip-0A23041D:13075:13697 [2] NCCL INFO PXN Disabled as plugin is v4
ip-0A230407:47666:48289 [2] NCCL INFO NCCL_COLLNET_ENABLE set by environment to 1.
ip-0A23040C:56231:56857 [2] NCCL INFO NCCL_COLLNET_ENABLE set by environment to 1.
ip-0A23041A:7486:8108 [2] NCCL INFO NCCL_COLLNET_ENABLE set by environment to 1.
ip-0A230414:11220:11840 [2] NCCL INFO PXN Disabled as plugin is v4
ip-0A23041D:13075:13697 [2] NCCL INFO Setting affinity for GPU 2 to ffffff
ip-0A230417:47974:48593 [2] NCCL INFO NCCL_P2P_LEVEL set by environment to LOC
ip-0A230414:11220:11840 [2] NCCL INFO Setting affinity for GPU 2 to ffffff
ip-0A23041D:13075:13697 [2] NCCL INFO NCCL_COLLNET_ENABLE set by environment to 1.
ip-0A230414:11220:11840 [2] NCCL INFO NCCL_COLLNET_ENABLE set by environment to 1.
ip-0A230417:47974:48593 [2] NCCL INFO PXN Disabled as plugin is v4
ip-0A230417:47974:48593 [2] NCCL INFO Setting affinity for GPU 2 to ffffff
ip-0A230417:47974:48593 [2] NCCL INFO NCCL_COLLNET_ENABLE set by environment to 1.
ip-0A230410:45537:46163 [2] NCCL INFO NCCL_P2P_LEVEL set by environment to LOC
ip-0A230410:45537:46163 [2] NCCL INFO PXN Disabled as plugin is v4
ip-0A230410:45537:46163 [2] NCCL INFO Setting affinity for GPU 2 to ffffff
ip-0A230410:45537:46163 [2] NCCL INFO NCCL_COLLNET_ENABLE set by environment to 1.
ip-0A23040E:57452:58083 [2] NCCL INFO NCCL_P2P_LEVEL set by environment to LOC
ip-0A23040E:57452:58083 [2] NCCL INFO PXN Disabled as plugin is v4
ip-0A23040E:57452:58083 [2] NCCL INFO Setting affinity for GPU 2 to ffffff
ip-0A23040E:57452:58083 [2] NCCL INFO NCCL_COLLNET_ENABLE set by environment to 1.
ip-0A23040D:18730:19367 [2] NCCL INFO NCCL_P2P_LEVEL set by environment to LOC
ip-0A23040D:18730:19367 [2] NCCL INFO PXN Disabled as plugin is v4
ip-0A23040D:18730:19367 [2] NCCL INFO Setting affinity for GPU 2 to ffffff
ip-0A23040D:18730:19367 [2] NCCL INFO NCCL_COLLNET_ENABLE set by environment to 1.
ip-0A23040D:18730:19367 [2] NCCL INFO Channel 00/02 :    0   1   2   3   4   5   6   7   8   9  10  11  12  13  14  15
ip-0A23040D:18730:19367 [2] NCCL INFO Channel 01/02 :    0   1   2   3   4   5   6   7   8   9  10  11  12  13  14  15
ip-0A23040D:18730:19367 [2] NCCL INFO Trees [0] 8/-1/-1->0->-1 [1] -1/-1/-1->0->1
ip-0A23040F:74066:74686 [2] NCCL INFO Trees [0] -1/-1/-1->1->2 [1] 2/0/-1->1->3
ip-0A230412:14947:15569 [2] NCCL INFO Trees [0] -1/-1/-1->3->2 [1] 5/1/-1->3->7
ip-0A230410:45537:46163 [2] NCCL INFO Trees [0] 1/3/-1->2->4 [1] -1/-1/-1->2->1
ip-0A230413:58457:59080 [2] NCCL INFO Trees [0] 2/6/-1->4->8 [1] -1/-1/-1->4->5
ip-0A230414:11220:11840 [2] NCCL INFO Trees [0] -1/-1/-1->5->6 [1] 6/4/-1->5->3
ip-0A230417:47974:48593 [2] NCCL INFO Trees [0] 5/7/-1->6->4 [1] -1/-1/-1->6->5
ip-0A230406:94264:94881 [2] NCCL INFO Trees [0] -1/-1/-1->7->6 [1] 11/3/-1->7->15
ip-0A230408:58314:58939 [2] NCCL INFO Trees [0] 4/12/-1->8->0 [1] -1/-1/-1->8->9
ip-0A23041A:7486:8108 [2] NCCL INFO Trees [0] -1/-1/-1->9->10 [1] 10/8/-1->9->11
ip-0A23041D:13075:13697 [2] NCCL INFO Trees [0] 9/11/-1->10->12 [1] -1/-1/-1->10->9
ip-0A230405:9899:10523 [2] NCCL INFO Trees [0] -1/-1/-1->11->10 [1] 13/9/-1->11->7
ip-0A230407:47666:48289 [2] NCCL INFO Trees [0] 10/14/-1->12->8 [1] -1/-1/-1->12->13
ip-0A23040B:31345:31967 [2] NCCL INFO Trees [0] -1/-1/-1->13->14 [1] 14/12/-1->13->11
ip-0A23040E:57452:58083 [2] NCCL INFO Trees [0] 13/15/-1->14->12 [1] -1/-1/-1->14->13
ip-0A23040C:56231:56857 [2] NCCL INFO Trees [0] -1/-1/-1->15->14 [1] 7/-1/-1->15->-1
ip-0A23040D:18730:19367 [2] NCCL INFO Channel 00/0 : 15[300000] -> 0[300000] [receive] via NET/IBext/2
ip-0A23040D:18730:19367 [2] NCCL INFO Channel 01/0 : 15[300000] -> 0[300000] [receive] via NET/IBext/2
ip-0A23040D:18730:19367 [2] NCCL INFO Channel 00/0 : 0[300000] -> 1[300000] [send] via NET/IBext/2
ip-0A23040D:18730:19367 [2] NCCL INFO Channel 01/0 : 0[300000] -> 1[300000] [send] via NET/IBext/2
ip-0A23040F:74066:74686 [2] NCCL INFO Channel 00/0 : 0[300000] -> 1[300000] [receive] via NET/IBext/2
ip-0A23040F:74066:74686 [2] NCCL INFO Channel 01/0 : 0[300000] -> 1[300000] [receive] via NET/IBext/2
ip-0A23040F:74066:74686 [2] NCCL INFO Channel 00/0 : 1[300000] -> 2[300000] [send] via NET/IBext/2
ip-0A23040F:74066:74686 [2] NCCL INFO Channel 01/0 : 1[300000] -> 2[300000] [send] via NET/IBext/2
ip-0A230413:58457:59080 [2] NCCL INFO Channel 00/0 : 3[300000] -> 4[300000] [receive] via NET/IBext/2
ip-0A230414:11220:11840 [2] NCCL INFO Channel 00/0 : 4[300000] -> 5[300000] [receive] via NET/IBext/2
ip-0A230413:58457:59080 [2] NCCL INFO Channel 01/0 : 3[300000] -> 4[300000] [receive] via NET/IBext/2
ip-0A230410:45537:46163 [2] NCCL INFO Channel 00/0 : 1[300000] -> 2[300000] [receive] via NET/IBext/2
ip-0A230413:58457:59080 [2] NCCL INFO Channel 00/0 : 4[300000] -> 5[300000] [send] via NET/IBext/2
ip-0A230412:14947:15569 [2] NCCL INFO Channel 00/0 : 2[300000] -> 3[300000] [receive] via NET/IBext/2
ip-0A230414:11220:11840 [2] NCCL INFO Channel 01/0 : 4[300000] -> 5[300000] [receive] via NET/IBext/2
ip-0A230414:11220:11840 [2] NCCL INFO Channel 00/0 : 5[300000] -> 6[300000] [send] via NET/IBext/2
ip-0A230414:11220:11840 [2] NCCL INFO Channel 01/0 : 5[300000] -> 6[300000] [send] via NET/IBext/2
ip-0A230413:58457:59080 [2] NCCL INFO Channel 01/0 : 4[300000] -> 5[300000] [send] via NET/IBext/2
ip-0A230412:14947:15569 [2] NCCL INFO Channel 01/0 : 2[300000] -> 3[300000] [receive] via NET/IBext/2
ip-0A230406:94264:94881 [2] NCCL INFO Channel 00/0 : 6[300000] -> 7[300000] [receive] via NET/IBext/2
ip-0A230410:45537:46163 [2] NCCL INFO Channel 01/0 : 1[300000] -> 2[300000] [receive] via NET/IBext/2
ip-0A230412:14947:15569 [2] NCCL INFO Channel 00/0 : 3[300000] -> 4[300000] [send] via NET/IBext/2
ip-0A230417:47974:48593 [2] NCCL INFO Channel 00/0 : 5[300000] -> 6[300000] [receive] via NET/IBext/2
ip-0A230412:14947:15569 [2] NCCL INFO Channel 01/0 : 3[300000] -> 4[300000] [send] via NET/IBext/2
ip-0A230417:47974:48593 [2] NCCL INFO Channel 01/0 : 5[300000] -> 6[300000] [receive] via NET/IBext/2
ip-0A230406:94264:94881 [2] NCCL INFO Channel 01/0 : 6[300000] -> 7[300000] [receive] via NET/IBext/2
ip-0A230408:58314:58939 [2] NCCL INFO Channel 00/0 : 7[300000] -> 8[300000] [receive] via NET/IBext/2
ip-0A230417:47974:48593 [2] NCCL INFO Channel 00/0 : 6[300000] -> 7[300000] [send] via NET/IBext/2
ip-0A230406:94264:94881 [2] NCCL INFO Channel 00/0 : 7[300000] -> 8[300000] [send] via NET/IBext/2
ip-0A230406:94264:94881 [2] NCCL INFO Channel 01/0 : 7[300000] -> 8[300000] [send] via NET/IBext/2
ip-0A230417:47974:48593 [2] NCCL INFO Channel 01/0 : 6[300000] -> 7[300000] [send] via NET/IBext/2
ip-0A230408:58314:58939 [2] NCCL INFO Channel 01/0 : 7[300000] -> 8[300000] [receive] via NET/IBext/2
ip-0A230408:58314:58939 [2] NCCL INFO Channel 00/0 : 8[300000] -> 9[300000] [send] via NET/IBext/2
ip-0A230405:9899:10523 [2] NCCL INFO Channel 00/0 : 10[300000] -> 11[300000] [receive] via NET/IBext/2
ip-0A230408:58314:58939 [2] NCCL INFO Channel 01/0 : 8[300000] -> 9[300000] [send] via NET/IBext/2
ip-0A23041D:13075:13697 [2] NCCL INFO Channel 00/0 : 9[300000] -> 10[300000] [receive] via NET/IBext/2
ip-0A230407:47666:48289 [2] NCCL INFO Channel 00/0 : 11[300000] -> 12[300000] [receive] via NET/IBext/2
ip-0A230410:45537:46163 [2] NCCL INFO Channel 00/0 : 2[300000] -> 3[300000] [send] via NET/IBext/2
ip-0A230410:45537:46163 [2] NCCL INFO Channel 01/0 : 2[300000] -> 3[300000] [send] via NET/IBext/2
ip-0A23041A:7486:8108 [2] NCCL INFO Channel 00/0 : 8[300000] -> 9[300000] [receive] via NET/IBext/2
ip-0A23040B:31345:31967 [2] NCCL INFO Channel 00/0 : 12[300000] -> 13[300000] [receive] via NET/IBext/2
ip-0A230405:9899:10523 [2] NCCL INFO Channel 01/0 : 10[300000] -> 11[300000] [receive] via NET/IBext/2
ip-0A230405:9899:10523 [2] NCCL INFO Channel 00/0 : 11[300000] -> 12[300000] [send] via NET/IBext/2
ip-0A23041D:13075:13697 [2] NCCL INFO Channel 01/0 : 9[300000] -> 10[300000] [receive] via NET/IBext/2
ip-0A23041D:13075:13697 [2] NCCL INFO Channel 00/0 : 10[300000] -> 11[300000] [send] via NET/IBext/2
ip-0A23040E:57452:58083 [2] NCCL INFO Channel 00/0 : 13[300000] -> 14[300000] [receive] via NET/IBext/2
ip-0A230407:47666:48289 [2] NCCL INFO Channel 01/0 : 11[300000] -> 12[300000] [receive] via NET/IBext/2
ip-0A230407:47666:48289 [2] NCCL INFO Channel 00/0 : 12[300000] -> 13[300000] [send] via NET/IBext/2
ip-0A23040C:56231:56857 [2] NCCL INFO Channel 00/0 : 14[300000] -> 15[300000] [receive] via NET/IBext/2
ip-0A23041A:7486:8108 [2] NCCL INFO Channel 01/0 : 8[300000] -> 9[300000] [receive] via NET/IBext/2
ip-0A23040B:31345:31967 [2] NCCL INFO Channel 01/0 : 12[300000] -> 13[300000] [receive] via NET/IBext/2
ip-0A23040B:31345:31967 [2] NCCL INFO Channel 00/0 : 13[300000] -> 14[300000] [send] via NET/IBext/2
ip-0A230405:9899:10523 [2] NCCL INFO Channel 01/0 : 11[300000] -> 12[300000] [send] via NET/IBext/2
ip-0A23040E:57452:58083 [2] NCCL INFO Channel 01/0 : 13[300000] -> 14[300000] [receive] via NET/IBext/2
ip-0A230407:47666:48289 [2] NCCL INFO Channel 01/0 : 12[300000] -> 13[300000] [send] via NET/IBext/2
ip-0A23040C:56231:56857 [2] NCCL INFO Channel 01/0 : 14[300000] -> 15[300000] [receive] via NET/IBext/2
ip-0A23040B:31345:31967 [2] NCCL INFO Channel 01/0 : 13[300000] -> 14[300000] [send] via NET/IBext/2
ip-0A23040E:57452:58083 [2] NCCL INFO Channel 00/0 : 14[300000] -> 15[300000] [send] via NET/IBext/2
ip-0A23040C:56231:56857 [2] NCCL INFO Channel 00/0 : 15[300000] -> 0[300000] [send] via NET/IBext/2
ip-0A23041D:13075:13697 [2] NCCL INFO Channel 01/0 : 10[300000] -> 11[300000] [send] via NET/IBext/2
ip-0A23041A:7486:8108 [2] NCCL INFO Channel 00/0 : 9[300000] -> 10[300000] [send] via NET/IBext/2
ip-0A23040C:56231:56857 [2] NCCL INFO Channel 01/0 : 15[300000] -> 0[300000] [send] via NET/IBext/2
ip-0A23041A:7486:8108 [2] NCCL INFO Channel 01/0 : 9[300000] -> 10[300000] [send] via NET/IBext/2
ip-0A23040E:57452:58083 [2] NCCL INFO Channel 01/0 : 14[300000] -> 15[300000] [send] via NET/IBext/2
ip-0A230413:58457:59080 [2] NCCL INFO Connected all rings
ip-0A230414:11220:11840 [2] NCCL INFO Connected all rings
ip-0A230407:47666:48289 [2] NCCL INFO Connected all rings
ip-0A230408:58314:58939 [2] NCCL INFO Connected all rings
ip-0A230406:94264:94881 [2] NCCL INFO Connected all rings
ip-0A230410:45537:46163 [2] NCCL INFO Connected all rings
ip-0A230417:47974:48593 [2] NCCL INFO Connected all rings
ip-0A230405:9899:10523 [2] NCCL INFO Connected all rings
ip-0A230412:14947:15569 [2] NCCL INFO Connected all rings
ip-0A23040B:31345:31967 [2] NCCL INFO Connected all rings
ip-0A23040C:56231:56857 [2] NCCL INFO Connected all rings
ip-0A23041A:7486:8108 [2] NCCL INFO Connected all rings
ip-0A23040F:74066:74686 [2] NCCL INFO Connected all rings
ip-0A23040E:57452:58083 [2] NCCL INFO Connected all rings
ip-0A23040D:18730:19367 [2] NCCL INFO Connected all rings
ip-0A23041D:13075:13697 [2] NCCL INFO Connected all rings
ip-0A230408:58314:58939 [2] NCCL INFO Channel 00/0 : 4[300000] -> 8[300000] [receive] via NET/IBext/2
ip-0A230407:47666:48289 [2] NCCL INFO Channel 00/0 : 10[300000] -> 12[300000] [receive] via NET/IBext/2
ip-0A230408:58314:58939 [2] NCCL INFO Channel 00/0 : 8[300000] -> 12[300000] [send] via NET/IBext/2
ip-0A230407:47666:48289 [2] NCCL INFO Channel 00/0 : 12[300000] -> 14[300000] [send] via NET/IBext/2
ip-0A230413:58457:59080 [2] NCCL INFO Channel 00/0 : 2[300000] -> 4[300000] [receive] via NET/IBext/2
ip-0A230413:58457:59080 [2] NCCL INFO Channel 00/0 : 4[300000] -> 6[300000] [send] via NET/IBext/2
ip-0A23040D:18730:19367 [2] NCCL INFO Channel 00/0 : 8[300000] -> 0[300000] [receive] via NET/IBext/2
ip-0A23040D:18730:19367 [2] NCCL INFO Channel 00/0 : 0[300000] -> 8[300000] [send] via NET/IBext/2
ip-0A23040B:31345:31967 [2] NCCL INFO Channel 01/0 : 11[300000] -> 13[300000] [receive] via NET/IBext/2
ip-0A230414:11220:11840 [2] NCCL INFO Channel 01/0 : 3[300000] -> 5[300000] [receive] via NET/IBext/2
ip-0A23041D:13075:13697 [2] NCCL INFO Channel 00/0 : 10[300000] -> 12[300000] [send] via NET/IBext/2
ip-0A23041A:7486:8108 [2] NCCL INFO Channel 01/0 : 9[300000] -> 11[300000] [send] via NET/IBext/2
ip-0A230412:14947:15569 [2] NCCL INFO Channel 01/0 : 1[300000] -> 3[300000] [receive] via NET/IBext/2
ip-0A23040F:74066:74686 [2] NCCL INFO Channel 01/0 : 1[300000] -> 3[300000] [send] via NET/IBext/2
ip-0A230412:14947:15569 [2] NCCL INFO Channel 01/0 : 3[300000] -> 5[300000] [send] via NET/IBext/2
ip-0A230405:9899:10523 [2] NCCL INFO Channel 01/0 : 9[300000] -> 11[300000] [receive] via NET/IBext/2
ip-0A230410:45537:46163 [2] NCCL INFO Channel 00/0 : 2[300000] -> 4[300000] [send] via NET/IBext/2
ip-0A230405:9899:10523 [2] NCCL INFO Channel 01/0 : 11[300000] -> 13[300000] [send] via NET/IBext/2
ip-0A230417:47974:48593 [2] NCCL INFO Channel 00/0 : 4[300000] -> 6[300000] [receive] via NET/IBext/2
ip-0A23040E:57452:58083 [2] NCCL INFO Channel 00/0 : 12[300000] -> 14[300000] [receive] via NET/IBext/2
ip-0A23040C:56231:56857 [2] NCCL INFO Channel 01/0 : 7[300000] -> 15[300000] [receive] via NET/IBext/2
ip-0A23040C:56231:56857 [2] NCCL INFO Channel 01/0 : 15[300000] -> 7[300000] [send] via NET/IBext/2
ip-0A230406:94264:94881 [2] NCCL INFO Channel 01/0 : 3[300000] -> 7[300000] [receive] via NET/IBext/2
ip-0A230406:94264:94881 [2] NCCL INFO Channel 01/0 : 7[300000] -> 11[300000] [send] via NET/IBext/2
ip-0A23041D:13075:13697 [2] NCCL INFO Channel 00/0 : 12[300000] -> 10[300000] [receive] via NET/IBext/2
ip-0A230410:45537:46163 [2] NCCL INFO Channel 00/0 : 4[300000] -> 2[300000] [receive] via NET/IBext/2
ip-0A230414:11220:11840 [2] NCCL INFO Channel 01/0 : 5[300000] -> 3[300000] [send] via NET/IBext/2
ip-0A23040B:31345:31967 [2] NCCL INFO Channel 01/0 : 13[300000] -> 11[300000] [send] via NET/IBext/2
ip-0A230417:47974:48593 [2] NCCL INFO Channel 00/0 : 6[300000] -> 4[300000] [send] via NET/IBext/2
ip-0A23040E:57452:58083 [2] NCCL INFO Channel 00/0 : 14[300000] -> 12[300000] [send] via NET/IBext/2
ip-0A23041A:7486:8108 [2] NCCL INFO Channel 01/0 : 11[300000] -> 9[300000] [receive] via NET/IBext/2
ip-0A23040F:74066:74686 [2] NCCL INFO Channel 01/0 : 3[300000] -> 1[300000] [receive] via NET/IBext/2
ip-0A230412:14947:15569 [2] NCCL INFO Channel 01/0 : 3[300000] -> 7[300000] [send] via NET/IBext/2
ip-0A230405:9899:10523 [2] NCCL INFO Channel 01/0 : 7[300000] -> 11[300000] [receive] via NET/IBext/2
ip-0A230413:58457:59080 [2] NCCL INFO Channel 00/0 : 4[300000] -> 8[300000] [send] via NET/IBext/2
ip-0A230407:47666:48289 [2] NCCL INFO Channel 00/0 : 8[300000] -> 12[300000] [receive] via NET/IBext/2
ip-0A230412:14947:15569 [2] NCCL INFO Channel 01/0 : 7[300000] -> 3[300000] [receive] via NET/IBext/2
ip-0A230413:58457:59080 [2] NCCL INFO Channel 00/0 : 8[300000] -> 4[300000] [receive] via NET/IBext/2
ip-0A230405:9899:10523 [2] NCCL INFO Channel 01/0 : 11[300000] -> 7[300000] [send] via NET/IBext/2
ip-0A230407:47666:48289 [2] NCCL INFO Channel 00/0 : 12[300000] -> 8[300000] [send] via NET/IBext/2
ip-0A230406:94264:94881 [2] NCCL INFO Channel 01/0 : 15[300000] -> 7[300000] [receive] via NET/IBext/2
ip-0A230406:94264:94881 [2] NCCL INFO Channel 01/0 : 7[300000] -> 15[300000] [send] via NET/IBext/2
ip-0A230408:58314:58939 [2] NCCL INFO Channel 00/0 : 0[300000] -> 8[300000] [receive] via NET/IBext/2
ip-0A230408:58314:58939 [2] NCCL INFO Channel 00/0 : 8[300000] -> 0[300000] [send] via NET/IBext/2
ip-0A23040C:56231:56857 [2] NCCL INFO Channel 00/0 : 15[300000] -> 14[300000] [send] via NET/IBext/2
ip-0A230406:94264:94881 [2] NCCL INFO Channel 01/0 : 11[300000] -> 7[300000] [receive] via NET/IBext/2
ip-0A230406:94264:94881 [2] NCCL INFO Channel 01/0 : 7[300000] -> 3[300000] [send] via NET/IBext/2
ip-0A230408:58314:58939 [2] NCCL INFO Channel 00/0 : 12[300000] -> 8[300000] [receive] via NET/IBext/2
ip-0A230408:58314:58939 [2] NCCL INFO Channel 00/0 : 8[300000] -> 4[300000] [send] via NET/IBext/2
ip-0A23040D:18730:19367 [2] NCCL INFO Channel 01/0 : 1[300000] -> 0[300000] [receive] via NET/IBext/2
ip-0A230407:47666:48289 [2] NCCL INFO Channel 00/0 : 14[300000] -> 12[300000] [receive] via NET/IBext/2
ip-0A230407:47666:48289 [2] NCCL INFO Channel 00/0 : 12[300000] -> 10[300000] [send] via NET/IBext/2
ip-0A230412:14947:15569 [2] NCCL INFO Channel 01/0 : 5[300000] -> 3[300000] [receive] via NET/IBext/2
ip-0A230412:14947:15569 [2] NCCL INFO Channel 01/0 : 3[300000] -> 1[300000] [send] via NET/IBext/2
ip-0A230405:9899:10523 [2] NCCL INFO Channel 01/0 : 13[300000] -> 11[300000] [receive] via NET/IBext/2
ip-0A230405:9899:10523 [2] NCCL INFO Channel 01/0 : 11[300000] -> 9[300000] [send] via NET/IBext/2
ip-0A230408:58314:58939 [2] NCCL INFO Channel 01/0 : 9[300000] -> 8[300000] [receive] via NET/IBext/2
ip-0A230413:58457:59080 [2] NCCL INFO Channel 00/0 : 6[300000] -> 4[300000] [receive] via NET/IBext/2
ip-0A230413:58457:59080 [2] NCCL INFO Channel 00/0 : 4[300000] -> 2[300000] [send] via NET/IBext/2
ip-0A230406:94264:94881 [2] NCCL INFO Channel 00/0 : 7[300000] -> 6[300000] [send] via NET/IBext/2
ip-0A23040F:74066:74686 [2] NCCL INFO Channel 00/0 : 2[300000] -> 1[300000] [receive] via NET/IBext/2
ip-0A23040F:74066:74686 [2] NCCL INFO Channel 01/0 : 2[300000] -> 1[300000] [receive] via NET/IBext/2
ip-0A23040F:74066:74686 [2] NCCL INFO Channel 01/0 : 1[300000] -> 0[300000] [send] via NET/IBext/2
ip-0A23041A:7486:8108 [2] NCCL INFO Channel 00/0 : 10[300000] -> 9[300000] [receive] via NET/IBext/2
ip-0A23041A:7486:8108 [2] NCCL INFO Channel 01/0 : 10[300000] -> 9[300000] [receive] via NET/IBext/2
ip-0A23041A:7486:8108 [2] NCCL INFO Channel 01/0 : 9[300000] -> 8[300000] [send] via NET/IBext/2
ip-0A23040E:57452:58083 [2] NCCL INFO Channel 00/0 : 15[300000] -> 14[300000] [receive] via NET/IBext/2
ip-0A23040E:57452:58083 [2] NCCL INFO Channel 00/0 : 14[300000] -> 13[300000] [send] via NET/IBext/2
ip-0A23040E:57452:58083 [2] NCCL INFO Channel 01/0 : 14[300000] -> 13[300000] [send] via NET/IBext/2
ip-0A230414:11220:11840 [2] NCCL INFO Channel 00/0 : 6[300000] -> 5[300000] [receive] via NET/IBext/2
ip-0A230414:11220:11840 [2] NCCL INFO Channel 01/0 : 6[300000] -> 5[300000] [receive] via NET/IBext/2
ip-0A230414:11220:11840 [2] NCCL INFO Channel 01/0 : 5[300000] -> 4[300000] [send] via NET/IBext/2
ip-0A230407:47666:48289 [2] NCCL INFO Channel 01/0 : 13[300000] -> 12[300000] [receive] via NET/IBext/2
ip-0A23040B:31345:31967 [2] NCCL INFO Channel 00/0 : 14[300000] -> 13[300000] [receive] via NET/IBext/2
ip-0A23040B:31345:31967 [2] NCCL INFO Channel 01/0 : 14[300000] -> 13[300000] [receive] via NET/IBext/2
ip-0A23040B:31345:31967 [2] NCCL INFO Channel 01/0 : 13[300000] -> 12[300000] [send] via NET/IBext/2
ip-0A23040C:56231:56857 [2] NCCL INFO Connected all trees
ip-0A23040C:56231:56857 [2] NCCL INFO CollNet 00 : 15 [receive] via COLLNET/SHARP/2
ip-0A23041D:13075:13697 [2] NCCL INFO Channel 00/0 : 11[300000] -> 10[300000] [receive] via NET/IBext/2
ip-0A23041D:13075:13697 [2] NCCL INFO Channel 00/0 : 10[300000] -> 9[300000] [send] via NET/IBext/2
ip-0A23041D:13075:13697 [2] NCCL INFO Channel 01/0 : 10[300000] -> 9[300000] [send] via NET/IBext/2
ip-0A230405:9899:10523 [2] NCCL INFO Channel 00/0 : 11[300000] -> 10[300000] [send] via NET/IBext/2
ip-0A230417:47974:48593 [2] NCCL INFO Channel 00/0 : 7[300000] -> 6[300000] [receive] via NET/IBext/2
ip-0A230417:47974:48593 [2] NCCL INFO Channel 00/0 : 6[300000] -> 5[300000] [send] via NET/IBext/2
ip-0A230417:47974:48593 [2] NCCL INFO Channel 01/0 : 6[300000] -> 5[300000] [send] via NET/IBext/2
ip-0A230412:14947:15569 [2] NCCL INFO Channel 00/0 : 3[300000] -> 2[300000] [send] via NET/IBext/2
ip-0A230410:45537:46163 [2] NCCL INFO Channel 00/0 : 3[300000] -> 2[300000] [receive] via NET/IBext/2
ip-0A230410:45537:46163 [2] NCCL INFO Channel 00/0 : 2[300000] -> 1[300000] [send] via NET/IBext/2
ip-0A230410:45537:46163 [2] NCCL INFO Channel 01/0 : 2[300000] -> 1[300000] [send] via NET/IBext/2
ip-0A230413:58457:59080 [2] NCCL INFO Channel 01/0 : 5[300000] -> 4[300000] [receive] via NET/IBext/2
ip-0A230405:9899:10523 [2] NCCL INFO Connected all trees
ip-0A230405:9899:10523 [2] NCCL INFO CollNet 00 : 11 [receive] via COLLNET/SHARP/2
ip-0A230406:94264:94881 [2] NCCL INFO Connected all trees
ip-0A230406:94264:94881 [2] NCCL INFO CollNet 00 : 7 [receive] via COLLNET/SHARP/2
ip-0A230408:58314:58939 [2] NCCL INFO Connected all trees
ip-0A230408:58314:58939 [2] NCCL INFO CollNet 00 : 8 [receive] via COLLNET/SHARP/2
ip-0A230407:47666:48289 [2] NCCL INFO Connected all trees
ip-0A230407:47666:48289 [2] NCCL INFO CollNet 00 : 12 [receive] via COLLNET/SHARP/2
ip-0A230412:14947:15569 [2] NCCL INFO Connected all trees
ip-0A230412:14947:15569 [2] NCCL INFO CollNet 00 : 3 [receive] via COLLNET/SHARP/2
ip-0A230413:58457:59080 [2] NCCL INFO Connected all trees
ip-0A230413:58457:59080 [2] NCCL INFO CollNet 00 : 4 [receive] via COLLNET/SHARP/2
ip-0A23040D:18730:19367 [2] NCCL INFO Connected all trees
ip-0A23040D:18730:19367 [2] NCCL INFO CollNet 00 : 0 [receive] via COLLNET/SHARP/2
ip-0A23040B:31345:31967 [2] NCCL INFO Connected all trees
ip-0A23040E:57452:58083 [2] NCCL INFO Connected all trees
ip-0A23041A:7486:8108 [2] NCCL INFO Connected all trees
ip-0A23041D:13075:13697 [2] NCCL INFO Connected all trees
ip-0A230417:47974:48593 [2] NCCL INFO Connected all trees
ip-0A230410:45537:46163 [2] NCCL INFO Connected all trees
ip-0A230414:11220:11840 [2] NCCL INFO Connected all trees
ip-0A23040F:74066:74686 [2] NCCL INFO Connected all trees
ip-0A23040E:57452:58083 [2] NCCL INFO CollNet 00 : 14 [receive] via COLLNET/SHARP/2
ip-0A23040B:31345:31967 [2] NCCL INFO CollNet 00 : 13 [receive] via COLLNET/SHARP/2
ip-0A23041A:7486:8108 [2] NCCL INFO CollNet 00 : 9 [receive] via COLLNET/SHARP/2
ip-0A23041D:13075:13697 [2] NCCL INFO CollNet 00 : 10 [receive] via COLLNET/SHARP/2
ip-0A230417:47974:48593 [2] NCCL INFO CollNet 00 : 6 [receive] via COLLNET/SHARP/2
ip-0A23040F:74066:74686 [2] NCCL INFO CollNet 00 : 1 [receive] via COLLNET/SHARP/2
ip-0A230410:45537:46163 [2] NCCL INFO CollNet 00 : 2 [receive] via COLLNET/SHARP/2
ip-0A230414:11220:11840 [2] NCCL INFO CollNet 00 : 5 [receive] via COLLNET/SHARP/2
ip-0A230414:11220:11841 [2] NCCL INFO NCCL_SHARP_GROUP_SIZE_THRESH set by environment to 16.
ip-0A230417:47974:48594 [2] NCCL INFO NCCL_SHARP_GROUP_SIZE_THRESH set by environment to 16.
ip-0A230406:94264:94887 [2] NCCL INFO NCCL_SHARP_GROUP_SIZE_THRESH set by environment to 16.
ip-0A230408:58314:58940 [2] NCCL INFO NCCL_SHARP_GROUP_SIZE_THRESH set by environment to 16.
ip-0A23041A:7486:8109 [2] NCCL INFO NCCL_SHARP_GROUP_SIZE_THRESH set by environment to 16.
ip-0A23041D:13075:13698 [2] NCCL INFO NCCL_SHARP_GROUP_SIZE_THRESH set by environment to 16.
ip-0A230405:9899:10524 [2] NCCL INFO NCCL_SHARP_GROUP_SIZE_THRESH set by environment to 16.
ip-0A23040B:31345:31968 [2] NCCL INFO NCCL_SHARP_GROUP_SIZE_THRESH set by environment to 16.
ip-0A230407:47666:48290 [2] NCCL INFO NCCL_SHARP_GROUP_SIZE_THRESH set by environment to 16.
ip-0A23040E:57452:58084 [2] NCCL INFO NCCL_SHARP_GROUP_SIZE_THRESH set by environment to 16.
ip-0A23040D:18730:19368 [2] NCCL INFO NCCL_SHARP_GROUP_SIZE_THRESH set by environment to 16.
ip-0A23040C:56231:56858 [2] NCCL INFO NCCL_SHARP_GROUP_SIZE_THRESH set by environment to 16.
ip-0A23040F:74066:74687 [2] NCCL INFO NCCL_SHARP_GROUP_SIZE_THRESH set by environment to 16.
ip-0A230410:45537:46164 [2] NCCL INFO NCCL_SHARP_GROUP_SIZE_THRESH set by environment to 16.
ip-0A230412:14947:15570 [2] NCCL INFO NCCL_SHARP_GROUP_SIZE_THRESH set by environment to 16.
ip-0A230413:58457:59081 [2] NCCL INFO NCCL_SHARP_GROUP_SIZE_THRESH set by environment to 16.
[ip-0A23040D:0:18730 - context.c:584] INFO job (ID: 2524863045128588756) resource request quota: ( osts:0 user_data_per_ost:0 max_groups:0 max_qps:1 max_group_channels:1, num_trees:1)
[ip-0A23040D:0:18730 unique id 0] ERROR No Aggregation Manager (sharp_am) detected in sharp_create_job.

[ip-0A23040D:0:18730 - context.c:601] ERROR sharp_create_job failed: No Aggregation Manager (sharp_am) detected(-52)
ip-0A23040B:31345:31968 [2] NCCL INFO Sharp rank 13/16 initialized on mlx5_ib2:1

ip-0A23040B:31345:31968 [2] sharp_plugin.c:288 NCCL WARN NET/IB :SHARP coll init error: Cannot create SHArP job(-11)

ip-0A23040B:31345:31968 [2] NCCL INFO include/coll_net.h:21 -> 3
ip-0A230407:47666:48290 [2] NCCL INFO Sharp rank 12/16 initialized on mlx5_ib2:1

ip-0A230407:47666:48290 [2] sharp_plugin.c:288 NCCL WARN NET/IB :SHARP coll init error: Cannot create SHArP job(-11)

ip-0A230407:47666:48290 [2] NCCL INFO include/coll_net.h:21 -> 3
ip-0A230408:58314:58940 [2] NCCL INFO Sharp rank 8/16 initialized on mlx5_ib2:1

ip-0A230408:58314:58940 [2] sharp_plugin.c:288 NCCL WARN NET/IB :SHARP coll init error: Cannot create SHArP job(-11)

ip-0A230408:58314:58940 [2] NCCL INFO include/coll_net.h:21 -> 3
ip-0A23040E:57452:58084 [2] NCCL INFO Sharp rank 14/16 initialized on mlx5_ib2:1

ip-0A23040E:57452:58084 [2] sharp_plugin.c:288 NCCL WARN NET/IB :SHARP coll init error: Cannot create SHArP job(-11)

ip-0A23040E:57452:58084 [2] NCCL INFO include/coll_net.h:21 -> 3
ip-0A230414:11220:11841 [2] NCCL INFO Sharp rank 5/16 initialized on mlx5_ib2:1

ip-0A230414:11220:11841 [2] sharp_plugin.c:288 NCCL WARN NET/IB :SHARP coll init error: Cannot create SHArP job(-11)

ip-0A230414:11220:11841 [2] NCCL INFO include/coll_net.h:21 -> 3
ip-0A23041A:7486:8109 [2] NCCL INFO Sharp rank 9/16 initialized on mlx5_ib2:1

ip-0A23041A:7486:8109 [2] sharp_plugin.c:288 NCCL WARN NET/IB :SHARP coll init error: Cannot create SHArP job(-11)

ip-0A23041A:7486:8109 [2] NCCL INFO include/coll_net.h:21 -> 3
ip-0A230412:14947:15570 [2] NCCL INFO Sharp rank 3/16 initialized on mlx5_ib2:1

ip-0A230412:14947:15570 [2] sharp_plugin.c:288 NCCL WARN NET/IB :SHARP coll init error: Cannot create SHArP job(-11)

ip-0A230412:14947:15570 [2] NCCL INFO include/coll_net.h:21 -> 3
ip-0A230417:47974:48594 [2] NCCL INFO Sharp rank 6/16 initialized on mlx5_ib2:1

ip-0A230417:47974:48594 [2] sharp_plugin.c:288 NCCL WARN NET/IB :SHARP coll init error: Cannot create SHArP job(-11)

ip-0A230417:47974:48594 [2] NCCL INFO include/coll_net.h:21 -> 3
ip-0A230406:94264:94887 [2] NCCL INFO Sharp rank 7/16 initialized on mlx5_ib2:1

ip-0A230406:94264:94887 [2] sharp_plugin.c:288 NCCL WARN NET/IB :SHARP coll init error: Cannot create SHArP job(-11)

ip-0A230406:94264:94887 [2] NCCL INFO include/coll_net.h:21 -> 3
ip-0A230405:9899:10524 [2] NCCL INFO Sharp rank 11/16 initialized on mlx5_ib2:1

ip-0A230405:9899:10524 [2] sharp_plugin.c:288 NCCL WARN NET/IB :SHARP coll init error: Cannot create SHArP job(-11)

ip-0A230405:9899:10524 [2] NCCL INFO include/coll_net.h:21 -> 3
ip-0A23040C:56231:56858 [2] NCCL INFO Sharp rank 15/16 initialized on mlx5_ib2:1

ip-0A23040C:56231:56858 [2] sharp_plugin.c:288 NCCL WARN NET/IB :SHARP coll init error: Cannot create SHArP job(-11)

