ip-0A23040E:61733:62356 [2] NCCL INFO include/coll_net.h:21 -> 3
ip-0A23040F:78334:78953 [2] NCCL INFO Sharp rank 1/16 initialized on mlx5_ib2:1

ip-0A23040F:78334:78953 [2] sharp_plugin.c:288 NCCL WARN NET/IB :SHARP coll init error: Cannot create SHArP job(-11)

ip-0A23040F:78334:78953 [2] NCCL INFO include/coll_net.h:21 -> 3
ip-0A230405:14156:14786 [2] NCCL INFO Sharp rank 11/16 initialized on mlx5_ib2:1

ip-0A230405:14156:14786 [2] sharp_plugin.c:288 NCCL WARN NET/IB :SHARP coll init error: Cannot create SHArP job(-11)

ip-0A230405:14156:14786 [2] NCCL INFO include/coll_net.h:21 -> 3
ip-0A230407:51974:52593 [2] NCCL INFO Sharp rank 12/16 initialized on mlx5_ib2:1

ip-0A230407:51974:52593 [2] sharp_plugin.c:288 NCCL WARN NET/IB :SHARP coll init error: Cannot create SHArP job(-11)

ip-0A230407:51974:52593 [2] NCCL INFO include/coll_net.h:21 -> 3
ip-0A230410:49786:50408 [2] NCCL INFO Sharp rank 2/16 initialized on mlx5_ib2:1

ip-0A230410:49786:50408 [2] sharp_plugin.c:288 NCCL WARN NET/IB :SHARP coll init error: Cannot create SHArP job(-11)

ip-0A230410:49786:50408 [2] NCCL INFO include/coll_net.h:21 -> 3
ip-0A230413:62806:63428 [2] NCCL INFO Sharp rank 4/16 initialized on mlx5_ib2:1

ip-0A230413:62806:63428 [2] sharp_plugin.c:288 NCCL WARN NET/IB :SHARP coll init error: Cannot create SHArP job(-11)

ip-0A230413:62806:63428 [2] NCCL INFO include/coll_net.h:21 -> 3
ip-0A230417:52206:52829 [2] NCCL INFO transport.cc:222 -> 2

ip-0A230417:52206:52829 [2] transport.cc:253 NCCL WARN Cannot initialize CollNet, using point-to-point network instead
ip-0A230417:52206:52829 [2] NCCL INFO init.cc:765 -> 2
ip-0A23040C:60481:61103 [2] NCCL INFO transport.cc:222 -> 2

ip-0A23040C:60481:61103 [2] transport.cc:253 NCCL WARN Cannot initialize CollNet, using point-to-point network instead
ip-0A23040C:60481:61103 [2] NCCL INFO init.cc:765 -> 2
ip-0A23040C:60481:61103 [2] NCCL INFO threadThresholds 8/8/64 | 128/8/64 | 8/8/512
ip-0A230406:97852:652 [2] NCCL INFO transport.cc:222 -> 2

ip-0A230406:97852:652 [2] transport.cc:253 NCCL WARN Cannot initialize CollNet, using point-to-point network instead
ip-0A230406:97852:652 [2] NCCL INFO init.cc:765 -> 2
ip-0A230417:52206:52829 [2] NCCL INFO threadThresholds 8/8/64 | 128/8/64 | 8/8/512
ip-0A230417:52206:52829 [2] NCCL INFO 2 coll channels, 2 p2p channels, 2 p2p channels per peer
ip-0A23040C:60481:61103 [2] NCCL INFO 2 coll channels, 2 p2p channels, 2 p2p channels per peer
ip-0A230412:19202:19822 [2] NCCL INFO transport.cc:222 -> 2

ip-0A230412:19202:19822 [2] transport.cc:253 NCCL WARN Cannot initialize CollNet, using point-to-point network instead
ip-0A230412:19202:19822 [2] NCCL INFO init.cc:765 -> 2
ip-0A230412:19202:19822 [2] NCCL INFO threadThresholds 8/8/64 | 128/8/64 | 8/8/512
ip-0A230412:19202:19822 [2] NCCL INFO 2 coll channels, 2 p2p channels, 2 p2p channels per peer
ip-0A230406:97852:652 [2] NCCL INFO threadThresholds 8/8/64 | 128/8/64 | 8/8/512
ip-0A230406:97852:652 [2] NCCL INFO 2 coll channels, 2 p2p channels, 2 p2p channels per peer
ip-0A23041A:11726:12348 [2] NCCL INFO transport.cc:222 -> 2

ip-0A23041A:11726:12348 [2] transport.cc:253 NCCL WARN Cannot initialize CollNet, using point-to-point network instead
ip-0A23041A:11726:12348 [2] NCCL INFO init.cc:765 -> 2
ip-0A23041D:17342:18014 [2] NCCL INFO transport.cc:222 -> 2

ip-0A23041D:17342:18014 [2] transport.cc:253 NCCL WARN Cannot initialize CollNet, using point-to-point network instead
ip-0A23041D:17342:18014 [2] NCCL INFO init.cc:765 -> 2
ip-0A230414:15449:16078 [2] NCCL INFO transport.cc:222 -> 2
ip-0A23040B:35611:36241 [2] NCCL INFO transport.cc:222 -> 2

ip-0A23040B:35611:36241 [2] transport.cc:253 NCCL WARN Cannot initialize CollNet, using point-to-point network instead
ip-0A23040B:35611:36241 [2] NCCL INFO init.cc:765 -> 2
ip-0A23041A:11726:12348 [2] NCCL INFO threadThresholds 8/8/64 | 128/8/64 | 8/8/512
ip-0A23041D:17342:18014 [2] NCCL INFO threadThresholds 8/8/64 | 128/8/64 | 8/8/512
ip-0A23041D:17342:18014 [2] NCCL INFO 2 coll channels, 2 p2p channels, 2 p2p channels per peer

ip-0A230414:15449:16078 [2] transport.cc:253 NCCL WARN Cannot initialize CollNet, using point-to-point network instead
ip-0A230414:15449:16078 [2] NCCL INFO init.cc:765 -> 2
ip-0A230414:15449:16078 [2] NCCL INFO threadThresholds 8/8/64 | 128/8/64 | 8/8/512
ip-0A230414:15449:16078 [2] NCCL INFO 2 coll channels, 2 p2p channels, 2 p2p channels per peer
ip-0A23040B:35611:36241 [2] NCCL INFO threadThresholds 8/8/64 | 128/8/64 | 8/8/512
ip-0A23041A:11726:12348 [2] NCCL INFO 2 coll channels, 2 p2p channels, 2 p2p channels per peer
ip-0A23040B:35611:36241 [2] NCCL INFO 2 coll channels, 2 p2p channels, 2 p2p channels per peer
ip-0A230407:51974:52592 [2] NCCL INFO transport.cc:222 -> 2

ip-0A230407:51974:52592 [2] transport.cc:253 NCCL WARN Cannot initialize CollNet, using point-to-point network instead
ip-0A230407:51974:52592 [2] NCCL INFO init.cc:765 -> 2
ip-0A23040E:61733:62355 [2] NCCL INFO transport.cc:222 -> 2

ip-0A23040E:61733:62355 [2] transport.cc:253 NCCL WARN Cannot initialize CollNet, using point-to-point network instead
ip-0A23040E:61733:62355 [2] NCCL INFO init.cc:765 -> 2
ip-0A23040F:78334:78952 [2] NCCL INFO transport.cc:222 -> 2
ip-0A230405:14156:14785 [2] NCCL INFO transport.cc:222 -> 2

ip-0A230405:14156:14785 [2] transport.cc:253 NCCL WARN Cannot initialize CollNet, using point-to-point network instead
ip-0A230405:14156:14785 [2] NCCL INFO init.cc:765 -> 2
ip-0A230405:14156:14785 [2] NCCL INFO threadThresholds 8/8/64 | 128/8/64 | 8/8/512
ip-0A230405:14156:14785 [2] NCCL INFO 2 coll channels, 2 p2p channels, 2 p2p channels per peer
ip-0A230407:51974:52592 [2] NCCL INFO threadThresholds 8/8/64 | 128/8/64 | 8/8/512
ip-0A23040E:61733:62355 [2] NCCL INFO threadThresholds 8/8/64 | 128/8/64 | 8/8/512

ip-0A23040F:78334:78952 [2] transport.cc:253 NCCL WARN Cannot initialize CollNet, using point-to-point network instead
ip-0A23040F:78334:78952 [2] NCCL INFO init.cc:765 -> 2
ip-0A230407:51974:52592 [2] NCCL INFO 2 coll channels, 2 p2p channels, 2 p2p channels per peer
ip-0A23040E:61733:62355 [2] NCCL INFO 2 coll channels, 2 p2p channels, 2 p2p channels per peer
ip-0A23040F:78334:78952 [2] NCCL INFO threadThresholds 8/8/64 | 128/8/64 | 8/8/512
ip-0A23040F:78334:78952 [2] NCCL INFO 2 coll channels, 2 p2p channels, 2 p2p channels per peer
ip-0A230410:49786:50407 [2] NCCL INFO transport.cc:222 -> 2

ip-0A230410:49786:50407 [2] transport.cc:253 NCCL WARN Cannot initialize CollNet, using point-to-point network instead
ip-0A230410:49786:50407 [2] NCCL INFO init.cc:765 -> 2
ip-0A230410:49786:50407 [2] NCCL INFO threadThresholds 8/8/64 | 128/8/64 | 8/8/512
ip-0A230410:49786:50407 [2] NCCL INFO 2 coll channels, 2 p2p channels, 2 p2p channels per peer
ip-0A230413:62806:63427 [2] NCCL INFO transport.cc:222 -> 2

ip-0A230413:62806:63427 [2] transport.cc:253 NCCL WARN Cannot initialize CollNet, using point-to-point network instead
ip-0A230413:62806:63427 [2] NCCL INFO init.cc:765 -> 2
ip-0A230413:62806:63427 [2] NCCL INFO threadThresholds 8/8/64 | 128/8/64 | 8/8/512
ip-0A230413:62806:63427 [2] NCCL INFO 2 coll channels, 2 p2p channels, 2 p2p channels per peer
ip-0A230410:49786:50407 [2] NCCL INFO comm 0x14f9f8008fb0 rank 2 nranks 16 cudaDev 2 busId 300000 - Init COMPLETE
ip-0A230417:52206:52829 [2] NCCL INFO comm 0x148b00008fb0 rank 6 nranks 16 cudaDev 2 busId 300000 - Init COMPLETE
ip-0A230414:15449:16078 [2] NCCL INFO comm 0x14ca38008fb0 rank 5 nranks 16 cudaDev 2 busId 300000 - Init COMPLETE
ip-0A23040B:35611:36241 [2] NCCL INFO comm 0x14f534008fb0 rank 13 nranks 16 cudaDev 2 busId 300000 - Init COMPLETE
ip-0A23040E:61733:62355 [2] NCCL INFO comm 0x14ab50008fb0 rank 14 nranks 16 cudaDev 2 busId 300000 - Init COMPLETE
ip-0A23041A:11726:12348 [2] NCCL INFO comm 0x152b14008fb0 rank 9 nranks 16 cudaDev 2 busId 300000 - Init COMPLETE
ip-0A23040F:78334:78952 [2] NCCL INFO comm 0x14d5d8008fb0 rank 1 nranks 16 cudaDev 2 busId 300000 - Init COMPLETE
ip-0A23041D:17342:18014 [2] NCCL INFO comm 0x14f108008fb0 rank 10 nranks 16 cudaDev 2 busId 300000 - Init COMPLETE
ip-0A230408:61887:62517 [2] NCCL INFO transport.cc:222 -> 2

ip-0A230408:61887:62517 [2] transport.cc:253 NCCL WARN Cannot initialize CollNet, using point-to-point network instead
ip-0A230408:61887:62517 [2] NCCL INFO init.cc:765 -> 2
ip-0A230408:61887:62517 [2] NCCL INFO threadThresholds 8/8/64 | 128/8/64 | 8/8/512
ip-0A230408:61887:62517 [2] NCCL INFO 2 coll channels, 2 p2p channels, 2 p2p channels per peer
ip-0A230406:97852:652 [2] NCCL INFO comm 0x14fec8008fb0 rank 7 nranks 16 cudaDev 2 busId 300000 - Init COMPLETE
ip-0A230412:19202:19822 [2] NCCL INFO comm 0x1494e8008fb0 rank 3 nranks 16 cudaDev 2 busId 300000 - Init COMPLETE
ip-0A230405:14156:14785 [2] NCCL INFO comm 0x1512f0008fb0 rank 11 nranks 16 cudaDev 2 busId 300000 - Init COMPLETE
ip-0A230408:61887:62517 [2] NCCL INFO comm 0x14b0bc008fb0 rank 8 nranks 16 cudaDev 2 busId 300000 - Init COMPLETE
ip-0A230407:51974:52592 [2] NCCL INFO comm 0x14a5ac008fb0 rank 12 nranks 16 cudaDev 2 busId 300000 - Init COMPLETE
ip-0A23040C:60481:61103 [2] NCCL INFO comm 0x146e38008fb0 rank 15 nranks 16 cudaDev 2 busId 300000 - Init COMPLETE
ip-0A230413:62806:63427 [2] NCCL INFO comm 0x14f7b4008fb0 rank 4 nranks 16 cudaDev 2 busId 300000 - Init COMPLETE
ip-0A23040D:23460:24093 [2] NCCL INFO Sharp rank 0/16 initialized on mlx5_ib2:1

ip-0A23040D:23460:24093 [2] sharp_plugin.c:288 NCCL WARN NET/IB :SHARP coll init error: Cannot create SHArP job(-11)

ip-0A23040D:23460:24093 [2] NCCL INFO include/coll_net.h:21 -> 3
ip-0A23040D:23460:24092 [2] NCCL INFO transport.cc:222 -> 2

ip-0A23040D:23460:24092 [2] transport.cc:253 NCCL WARN Cannot initialize CollNet, using point-to-point network instead
ip-0A23040D:23460:24092 [2] NCCL INFO init.cc:765 -> 2
ip-0A23040D:23460:24092 [2] NCCL INFO threadThresholds 8/8/64 | 128/8/64 | 8/8/512
ip-0A23040D:23460:24092 [2] NCCL INFO 2 coll channels, 2 p2p channels, 2 p2p channels per peer
ip-0A23040D:23460:24092 [2] NCCL INFO comm 0x1497bc008fb0 rank 0 nranks 16 cudaDev 2 busId 300000 - Init COMPLETE
ip-0A23040D:23460:23460 [2] NCCL INFO Launch mode Parallel
ip-0A23040D:23457:23457 [3] NCCL INFO Bootstrap : Using eth0:10.35.4.13<0>
ip-0A23040D:23457:23457 [3] NCCL INFO NET/Plugin: Failed to find ncclNetPlugin_v5 symbol.
ip-0A23040D:23457:23457 [3] NCCL INFO NET/Plugin: Failed to find ncclCollNetPlugin_v5 symbol.
ip-0A23040D:23457:23457 [3] NCCL INFO Plugin Path : /opt/hpcx/nccl_rdma_sharp_plugin/lib/libnccl-net.so
ip-0A23040D:23457:23457 [3] NCCL INFO P2P plugin IBext
ip-0A23040D:23457:23457 [3] NCCL INFO NCCL_IB_PCI_RELAXED_ORDERING set by environment to 1.
ip-0A23040D:23457:23457 [3] NCCL INFO NET/IB : Using [0]mlx5_ib0:1/IB/SHARP [1]mlx5_ib1:1/IB/SHARP [2]mlx5_ib2:1/IB/SHARP [3]mlx5_ib3:1/IB/SHARP [4]mlx5_ib4:1/IB/SHARP [5]mlx5_ib5:1/IB/SHARP [6]mlx5_ib6:1/IB/SHARP [7]mlx5_ib7:1/IB/SHARP ; OOB eth0:10.35.4.13<0>
ip-0A23040D:23457:23457 [3] NCCL INFO Using network IBext
NCCL version 2.12.10+cuda11.6
ip-0A230413:62800:62800 [3] NCCL INFO Bootstrap : Using eth0:10.35.4.19<0>
ip-0A230408:61886:61886 [3] NCCL INFO Bootstrap : Using eth0:10.35.4.8<0>
ip-0A23040C:60476:60476 [3] NCCL INFO Bootstrap : Using eth0:10.35.4.12<0>
ip-0A230407:51968:51968 [3] NCCL INFO Bootstrap : Using eth0:10.35.4.7<0>
ip-0A230414:15452:15452 [3] NCCL INFO Bootstrap : Using eth0:10.35.4.20<0>
ip-0A230412:19197:19197 [3] NCCL INFO Bootstrap : Using eth0:10.35.4.18<0>
ip-0A23041A:11721:11721 [3] NCCL INFO Bootstrap : Using eth0:10.35.4.26<0>
ip-0A23040B:35614:35614 [3] NCCL INFO Bootstrap : Using eth0:10.35.4.11<0>
ip-0A230406:97850:97850 [3] NCCL INFO Bootstrap : Using eth0:10.35.4.6<0>
ip-0A230417:52210:52210 [3] NCCL INFO Bootstrap : Using eth0:10.35.4.23<0>
ip-0A23040E:61736:61736 [3] NCCL INFO Bootstrap : Using eth0:10.35.4.14<0>
ip-0A23040F:78328:78328 [3] NCCL INFO Bootstrap : Using eth0:10.35.4.15<0>
ip-0A230405:14155:14155 [3] NCCL INFO Bootstrap : Using eth0:10.35.4.5<0>
ip-0A23041D:17340:17340 [3] NCCL INFO Bootstrap : Using eth0:10.35.4.29<0>
ip-0A230410:49785:49785 [3] NCCL INFO Bootstrap : Using eth0:10.35.4.16<0>
ip-0A230408:61886:61886 [3] NCCL INFO NET/Plugin: Failed to find ncclNetPlugin_v5 symbol.
ip-0A230408:61886:61886 [3] NCCL INFO NET/Plugin: Failed to find ncclCollNetPlugin_v5 symbol.
ip-0A230408:61886:61886 [3] NCCL INFO Plugin Path : /opt/hpcx/nccl_rdma_sharp_plugin/lib/libnccl-net.so
ip-0A230408:61886:61886 [3] NCCL INFO P2P plugin IBext
ip-0A230408:61886:61886 [3] NCCL INFO NCCL_IB_PCI_RELAXED_ORDERING set by environment to 1.
ip-0A230407:51968:51968 [3] NCCL INFO NET/Plugin: Failed to find ncclNetPlugin_v5 symbol.
ip-0A230407:51968:51968 [3] NCCL INFO NET/Plugin: Failed to find ncclCollNetPlugin_v5 symbol.
ip-0A230407:51968:51968 [3] NCCL INFO Plugin Path : /opt/hpcx/nccl_rdma_sharp_plugin/lib/libnccl-net.so
ip-0A230407:51968:51968 [3] NCCL INFO P2P plugin IBext
ip-0A230407:51968:51968 [3] NCCL INFO NCCL_IB_PCI_RELAXED_ORDERING set by environment to 1.
ip-0A23040C:60476:60476 [3] NCCL INFO NET/Plugin: Failed to find ncclNetPlugin_v5 symbol.
ip-0A23040C:60476:60476 [3] NCCL INFO NET/Plugin: Failed to find ncclCollNetPlugin_v5 symbol.
ip-0A23040C:60476:60476 [3] NCCL INFO Plugin Path : /opt/hpcx/nccl_rdma_sharp_plugin/lib/libnccl-net.so
ip-0A23040C:60476:60476 [3] NCCL INFO P2P plugin IBext
ip-0A23040C:60476:60476 [3] NCCL INFO NCCL_IB_PCI_RELAXED_ORDERING set by environment to 1.
ip-0A230413:62800:62800 [3] NCCL INFO NET/Plugin: Failed to find ncclNetPlugin_v5 symbol.
ip-0A230413:62800:62800 [3] NCCL INFO NET/Plugin: Failed to find ncclCollNetPlugin_v5 symbol.
ip-0A230413:62800:62800 [3] NCCL INFO Plugin Path : /opt/hpcx/nccl_rdma_sharp_plugin/lib/libnccl-net.so
ip-0A230413:62800:62800 [3] NCCL INFO P2P plugin IBext
ip-0A230413:62800:62800 [3] NCCL INFO NCCL_IB_PCI_RELAXED_ORDERING set by environment to 1.
ip-0A23040B:35614:35614 [3] NCCL INFO NET/Plugin: Failed to find ncclNetPlugin_v5 symbol.
ip-0A23040B:35614:35614 [3] NCCL INFO NET/Plugin: Failed to find ncclCollNetPlugin_v5 symbol.
ip-0A23040B:35614:35614 [3] NCCL INFO Plugin Path : /opt/hpcx/nccl_rdma_sharp_plugin/lib/libnccl-net.so
ip-0A23040B:35614:35614 [3] NCCL INFO P2P plugin IBext
ip-0A23040B:35614:35614 [3] NCCL INFO NCCL_IB_PCI_RELAXED_ORDERING set by environment to 1.
ip-0A230414:15452:15452 [3] NCCL INFO NET/Plugin: Failed to find ncclNetPlugin_v5 symbol.
ip-0A230414:15452:15452 [3] NCCL INFO NET/Plugin: Failed to find ncclCollNetPlugin_v5 symbol.
ip-0A230414:15452:15452 [3] NCCL INFO Plugin Path : /opt/hpcx/nccl_rdma_sharp_plugin/lib/libnccl-net.so
ip-0A230414:15452:15452 [3] NCCL INFO P2P plugin IBext
ip-0A230414:15452:15452 [3] NCCL INFO NCCL_IB_PCI_RELAXED_ORDERING set by environment to 1.
ip-0A230406:97850:97850 [3] NCCL INFO NET/Plugin: Failed to find ncclNetPlugin_v5 symbol.
ip-0A230406:97850:97850 [3] NCCL INFO NET/Plugin: Failed to find ncclCollNetPlugin_v5 symbol.
ip-0A230406:97850:97850 [3] NCCL INFO Plugin Path : /opt/hpcx/nccl_rdma_sharp_plugin/lib/libnccl-net.so
ip-0A230406:97850:97850 [3] NCCL INFO P2P plugin IBext
ip-0A230406:97850:97850 [3] NCCL INFO NCCL_IB_PCI_RELAXED_ORDERING set by environment to 1.
ip-0A23041A:11721:11721 [3] NCCL INFO NET/Plugin: Failed to find ncclNetPlugin_v5 symbol.
ip-0A23041A:11721:11721 [3] NCCL INFO NET/Plugin: Failed to find ncclCollNetPlugin_v5 symbol.
ip-0A230412:19197:19197 [3] NCCL INFO NET/Plugin: Failed to find ncclNetPlugin_v5 symbol.
ip-0A230412:19197:19197 [3] NCCL INFO NET/Plugin: Failed to find ncclCollNetPlugin_v5 symbol.
ip-0A23041A:11721:11721 [3] NCCL INFO Plugin Path : /opt/hpcx/nccl_rdma_sharp_plugin/lib/libnccl-net.so
ip-0A23041A:11721:11721 [3] NCCL INFO P2P plugin IBext
ip-0A23041A:11721:11721 [3] NCCL INFO NCCL_IB_PCI_RELAXED_ORDERING set by environment to 1.
ip-0A230417:52210:52210 [3] NCCL INFO NET/Plugin: Failed to find ncclNetPlugin_v5 symbol.
ip-0A230417:52210:52210 [3] NCCL INFO NET/Plugin: Failed to find ncclCollNetPlugin_v5 symbol.
ip-0A230412:19197:19197 [3] NCCL INFO Plugin Path : /opt/hpcx/nccl_rdma_sharp_plugin/lib/libnccl-net.so
ip-0A230412:19197:19197 [3] NCCL INFO P2P plugin IBext
ip-0A230412:19197:19197 [3] NCCL INFO NCCL_IB_PCI_RELAXED_ORDERING set by environment to 1.
ip-0A230417:52210:52210 [3] NCCL INFO Plugin Path : /opt/hpcx/nccl_rdma_sharp_plugin/lib/libnccl-net.so
ip-0A230417:52210:52210 [3] NCCL INFO P2P plugin IBext
ip-0A230417:52210:52210 [3] NCCL INFO NCCL_IB_PCI_RELAXED_ORDERING set by environment to 1.
ip-0A230405:14155:14155 [3] NCCL INFO NET/Plugin: Failed to find ncclNetPlugin_v5 symbol.
ip-0A230405:14155:14155 [3] NCCL INFO NET/Plugin: Failed to find ncclCollNetPlugin_v5 symbol.
ip-0A23040F:78328:78328 [3] NCCL INFO NET/Plugin: Failed to find ncclNetPlugin_v5 symbol.
ip-0A23040F:78328:78328 [3] NCCL INFO NET/Plugin: Failed to find ncclCollNetPlugin_v5 symbol.
ip-0A230405:14155:14155 [3] NCCL INFO Plugin Path : /opt/hpcx/nccl_rdma_sharp_plugin/lib/libnccl-net.so
ip-0A230405:14155:14155 [3] NCCL INFO P2P plugin IBext
ip-0A230405:14155:14155 [3] NCCL INFO NCCL_IB_PCI_RELAXED_ORDERING set by environment to 1.
ip-0A23040F:78328:78328 [3] NCCL INFO Plugin Path : /opt/hpcx/nccl_rdma_sharp_plugin/lib/libnccl-net.so
ip-0A23040F:78328:78328 [3] NCCL INFO P2P plugin IBext
ip-0A23040F:78328:78328 [3] NCCL INFO NCCL_IB_PCI_RELAXED_ORDERING set by environment to 1.
ip-0A23040E:61736:61736 [3] NCCL INFO NET/Plugin: Failed to find ncclNetPlugin_v5 symbol.
ip-0A23040E:61736:61736 [3] NCCL INFO NET/Plugin: Failed to find ncclCollNetPlugin_v5 symbol.
ip-0A23040E:61736:61736 [3] NCCL INFO Plugin Path : /opt/hpcx/nccl_rdma_sharp_plugin/lib/libnccl-net.so
ip-0A23040E:61736:61736 [3] NCCL INFO P2P plugin IBext
ip-0A23040E:61736:61736 [3] NCCL INFO NCCL_IB_PCI_RELAXED_ORDERING set by environment to 1.
ip-0A23041D:17340:17340 [3] NCCL INFO NET/Plugin: Failed to find ncclNetPlugin_v5 symbol.
ip-0A23041D:17340:17340 [3] NCCL INFO NET/Plugin: Failed to find ncclCollNetPlugin_v5 symbol.
ip-0A23041D:17340:17340 [3] NCCL INFO Plugin Path : /opt/hpcx/nccl_rdma_sharp_plugin/lib/libnccl-net.so
ip-0A23041D:17340:17340 [3] NCCL INFO P2P plugin IBext
ip-0A23041D:17340:17340 [3] NCCL INFO NCCL_IB_PCI_RELAXED_ORDERING set by environment to 1.
ip-0A230410:49785:49785 [3] NCCL INFO NET/Plugin: Failed to find ncclNetPlugin_v5 symbol.
ip-0A230410:49785:49785 [3] NCCL INFO NET/Plugin: Failed to find ncclCollNetPlugin_v5 symbol.
ip-0A230410:49785:49785 [3] NCCL INFO Plugin Path : /opt/hpcx/nccl_rdma_sharp_plugin/lib/libnccl-net.so
ip-0A230410:49785:49785 [3] NCCL INFO P2P plugin IBext
ip-0A230410:49785:49785 [3] NCCL INFO NCCL_IB_PCI_RELAXED_ORDERING set by environment to 1.
ip-0A230408:61886:61886 [3] NCCL INFO NET/IB : Using [0]mlx5_ib0:1/IB/SHARP [1]mlx5_ib1:1/IB/SHARP [2]mlx5_ib2:1/IB/SHARP [3]mlx5_ib3:1/IB/SHARP [4]mlx5_ib4:1/IB/SHARP [5]mlx5_ib5:1/IB/SHARP [6]mlx5_ib6:1/IB/SHARP [7]mlx5_ib7:1/IB/SHARP ; OOB eth0:10.35.4.8<0>
ip-0A230408:61886:61886 [3] NCCL INFO Using network IBext
ip-0A230407:51968:51968 [3] NCCL INFO NET/IB : Using [0]mlx5_ib0:1/IB/SHARP [1]mlx5_ib1:1/IB/SHARP [2]mlx5_ib2:1/IB/SHARP [3]mlx5_ib3:1/IB/SHARP [4]mlx5_ib4:1/IB/SHARP [5]mlx5_ib5:1/IB/SHARP [6]mlx5_ib6:1/IB/SHARP [7]mlx5_ib7:1/IB/SHARP ; OOB eth0:10.35.4.7<0>
ip-0A230407:51968:51968 [3] NCCL INFO Using network IBext
ip-0A230414:15452:15452 [3] NCCL INFO NET/IB : Using [0]mlx5_ib0:1/IB/SHARP [1]mlx5_ib1:1/IB/SHARP [2]mlx5_ib2:1/IB/SHARP [3]mlx5_ib3:1/IB/SHARP [4]mlx5_ib4:1/IB/SHARP [5]mlx5_ib5:1/IB/SHARP [6]mlx5_ib6:1/IB/SHARP [7]mlx5_ib7:1/IB/SHARP ; OOB eth0:10.35.4.20<0>
ip-0A230414:15452:15452 [3] NCCL INFO Using network IBext
ip-0A23041A:11721:11721 [3] NCCL INFO NET/IB : Using [0]mlx5_ib0:1/IB/SHARP [1]mlx5_ib1:1/IB/SHARP [2]mlx5_ib2:1/IB/SHARP [3]mlx5_ib3:1/IB/SHARP [4]mlx5_ib4:1/IB/SHARP [5]mlx5_ib5:1/IB/SHARP [6]mlx5_ib6:1/IB/SHARP [7]mlx5_ib7:1/IB/SHARP ; OOB eth0:10.35.4.26<0>
ip-0A23041A:11721:11721 [3] NCCL INFO Using network IBext
ip-0A23040C:60476:60476 [3] NCCL INFO NET/IB : Using [0]mlx5_ib0:1/IB/SHARP [1]mlx5_ib1:1/IB/SHARP [2]mlx5_ib2:1/IB/SHARP [3]mlx5_ib3:1/IB/SHARP [4]mlx5_ib4:1/IB/SHARP [5]mlx5_ib5:1/IB/SHARP [6]mlx5_ib6:1/IB/SHARP [7]mlx5_ib7:1/IB/SHARP ; OOB eth0:10.35.4.12<0>
ip-0A230413:62800:62800 [3] NCCL INFO NET/IB : Using [0]mlx5_ib0:1/IB/SHARP [1]mlx5_ib1:1/IB/SHARP [2]mlx5_ib2:1/IB/SHARP [3]mlx5_ib3:1/IB/SHARP [4]mlx5_ib4:1/IB/SHARP [5]mlx5_ib5:1/IB/SHARP [6]mlx5_ib6:1/IB/SHARP [7]mlx5_ib7:1/IB/SHARP ; OOB eth0:10.35.4.19<0>
ip-0A230413:62800:62800 [3] NCCL INFO Using network IBext
ip-0A23040C:60476:60476 [3] NCCL INFO Using network IBext
ip-0A23040B:35614:35614 [3] NCCL INFO NET/IB : Using [0]mlx5_ib0:1/IB/SHARP [1]mlx5_ib1:1/IB/SHARP [2]mlx5_ib2:1/IB/SHARP [3]mlx5_ib3:1/IB/SHARP [4]mlx5_ib4:1/IB/SHARP [5]mlx5_ib5:1/IB/SHARP [6]mlx5_ib6:1/IB/SHARP [7]mlx5_ib7:1/IB/SHARP ; OOB eth0:10.35.4.11<0>
ip-0A23040B:35614:35614 [3] NCCL INFO Using network IBext
ip-0A230412:19197:19197 [3] NCCL INFO NET/IB : Using [0]mlx5_ib0:1/IB/SHARP [1]mlx5_ib1:1/IB/SHARP [2]mlx5_ib2:1/IB/SHARP [3]mlx5_ib3:1/IB/SHARP [4]mlx5_ib4:1/IB/SHARP [5]mlx5_ib5:1/IB/SHARP [6]mlx5_ib6:1/IB/SHARP [7]mlx5_ib7:1/IB/SHARP ; OOB eth0:10.35.4.18<0>
ip-0A230412:19197:19197 [3] NCCL INFO Using network IBext
ip-0A23040F:78328:78328 [3] NCCL INFO NET/IB : Using [0]mlx5_ib0:1/IB/SHARP [1]mlx5_ib1:1/IB/SHARP [2]mlx5_ib2:1/IB/SHARP [3]mlx5_ib3:1/IB/SHARP [4]mlx5_ib4:1/IB/SHARP [5]mlx5_ib5:1/IB/SHARP [6]mlx5_ib6:1/IB/SHARP [7]mlx5_ib7:1/IB/SHARP ; OOB eth0:10.35.4.15<0>
ip-0A23040F:78328:78328 [3] NCCL INFO Using network IBext
ip-0A230406:97850:97850 [3] NCCL INFO NET/IB : Using [0]mlx5_ib0:1/IB/SHARP [1]mlx5_ib1:1/IB/SHARP [2]mlx5_ib2:1/IB/SHARP [3]mlx5_ib3:1/IB/SHARP [4]mlx5_ib4:1/IB/SHARP [5]mlx5_ib5:1/IB/SHARP [6]mlx5_ib6:1/IB/SHARP [7]mlx5_ib7:1/IB/SHARP ; OOB eth0:10.35.4.6<0>
ip-0A230406:97850:97850 [3] NCCL INFO Using network IBext
ip-0A230417:52210:52210 [3] NCCL INFO NET/IB : Using [0]mlx5_ib0:1/IB/SHARP [1]mlx5_ib1:1/IB/SHARP [2]mlx5_ib2:1/IB/SHARP [3]mlx5_ib3:1/IB/SHARP [4]mlx5_ib4:1/IB/SHARP [5]mlx5_ib5:1/IB/SHARP [6]mlx5_ib6:1/IB/SHARP [7]mlx5_ib7:1/IB/SHARP ; OOB eth0:10.35.4.23<0>
ip-0A230417:52210:52210 [3] NCCL INFO Using network IBext
ip-0A23040E:61736:61736 [3] NCCL INFO NET/IB : Using [0]mlx5_ib0:1/IB/SHARP [1]mlx5_ib1:1/IB/SHARP [2]mlx5_ib2:1/IB/SHARP [3]mlx5_ib3:1/IB/SHARP [4]mlx5_ib4:1/IB/SHARP [5]mlx5_ib5:1/IB/SHARP [6]mlx5_ib6:1/IB/SHARP [7]mlx5_ib7:1/IB/SHARP ; OOB eth0:10.35.4.14<0>
ip-0A23040E:61736:61736 [3] NCCL INFO Using network IBext
ip-0A230405:14155:14155 [3] NCCL INFO NET/IB : Using [0]mlx5_ib0:1/IB/SHARP [1]mlx5_ib1:1/IB/SHARP [2]mlx5_ib2:1/IB/SHARP [3]mlx5_ib3:1/IB/SHARP [4]mlx5_ib4:1/IB/SHARP [5]mlx5_ib5:1/IB/SHARP [6]mlx5_ib6:1/IB/SHARP [7]mlx5_ib7:1/IB/SHARP ; OOB eth0:10.35.4.5<0>
ip-0A230405:14155:14155 [3] NCCL INFO Using network IBext
ip-0A23041D:17340:17340 [3] NCCL INFO NET/IB : Using [0]mlx5_ib0:1/IB/SHARP [1]mlx5_ib1:1/IB/SHARP [2]mlx5_ib2:1/IB/SHARP [3]mlx5_ib3:1/IB/SHARP [4]mlx5_ib4:1/IB/SHARP [5]mlx5_ib5:1/IB/SHARP [6]mlx5_ib6:1/IB/SHARP [7]mlx5_ib7:1/IB/SHARP ; OOB eth0:10.35.4.29<0>
ip-0A23041D:17340:17340 [3] NCCL INFO Using network IBext
ip-0A230410:49785:49785 [3] NCCL INFO NET/IB : Using [0]mlx5_ib0:1/IB/SHARP [1]mlx5_ib1:1/IB/SHARP [2]mlx5_ib2:1/IB/SHARP [3]mlx5_ib3:1/IB/SHARP [4]mlx5_ib4:1/IB/SHARP [5]mlx5_ib5:1/IB/SHARP [6]mlx5_ib6:1/IB/SHARP [7]mlx5_ib7:1/IB/SHARP ; OOB eth0:10.35.4.16<0>
ip-0A230410:49785:49785 [3] NCCL INFO Using network IBext
ip-0A230406:97850:666 [3] NCCL INFO NCCL_P2P_LEVEL set by environment to LOC
ip-0A23041A:11721:12362 [3] NCCL INFO NCCL_P2P_LEVEL set by environment to LOC
ip-0A230406:97850:666 [3] NCCL INFO PXN Disabled as plugin is v4
ip-0A230406:97850:666 [3] NCCL INFO Setting affinity for GPU 3 to ffffff
ip-0A230417:52210:52842 [3] NCCL INFO NCCL_P2P_LEVEL set by environment to LOC
ip-0A23041A:11721:12362 [3] NCCL INFO PXN Disabled as plugin is v4
ip-0A230406:97850:666 [3] NCCL INFO NCCL_COLLNET_ENABLE set by environment to 1.
ip-0A23041A:11721:12362 [3] NCCL INFO Setting affinity for GPU 3 to ffffff
ip-0A230413:62800:63440 [3] NCCL INFO NCCL_P2P_LEVEL set by environment to LOC
ip-0A230417:52210:52842 [3] NCCL INFO PXN Disabled as plugin is v4
ip-0A23040D:23457:24106 [3] NCCL INFO NCCL_P2P_LEVEL set by environment to LOC
ip-0A23041A:11721:12362 [3] NCCL INFO NCCL_COLLNET_ENABLE set by environment to 1.
ip-0A23040B:35614:36264 [3] NCCL INFO NCCL_P2P_LEVEL set by environment to LOC
ip-0A230417:52210:52842 [3] NCCL INFO Setting affinity for GPU 3 to ffffff
ip-0A230413:62800:63440 [3] NCCL INFO PXN Disabled as plugin is v4
ip-0A23040D:23457:24106 [3] NCCL INFO PXN Disabled as plugin is v4
ip-0A230417:52210:52842 [3] NCCL INFO NCCL_COLLNET_ENABLE set by environment to 1.
ip-0A230412:19197:19835 [3] NCCL INFO NCCL_P2P_LEVEL set by environment to LOC
ip-0A230413:62800:63440 [3] NCCL INFO Setting affinity for GPU 3 to ffffff
ip-0A23040F:78328:78965 [3] NCCL INFO NCCL_P2P_LEVEL set by environment to LOC
ip-0A23040B:35614:36264 [3] NCCL INFO PXN Disabled as plugin is v4
ip-0A23040D:23457:24106 [3] NCCL INFO Setting affinity for GPU 3 to ffffff
ip-0A23041D:17340:18039 [3] NCCL INFO NCCL_P2P_LEVEL set by environment to LOC
ip-0A23040C:60476:61116 [3] NCCL INFO NCCL_P2P_LEVEL set by environment to LOC
ip-0A230413:62800:63440 [3] NCCL INFO NCCL_COLLNET_ENABLE set by environment to 1.
ip-0A23040B:35614:36264 [3] NCCL INFO Setting affinity for GPU 3 to ffffff
ip-0A230412:19197:19835 [3] NCCL INFO PXN Disabled as plugin is v4
ip-0A23040D:23457:24106 [3] NCCL INFO NCCL_COLLNET_ENABLE set by environment to 1.
ip-0A23040F:78328:78965 [3] NCCL INFO PXN Disabled as plugin is v4
ip-0A23040B:35614:36264 [3] NCCL INFO NCCL_COLLNET_ENABLE set by environment to 1.
ip-0A23040C:60476:61116 [3] NCCL INFO PXN Disabled as plugin is v4
ip-0A23041D:17340:18039 [3] NCCL INFO PXN Disabled as plugin is v4
ip-0A230412:19197:19835 [3] NCCL INFO Setting affinity for GPU 3 to ffffff
ip-0A23040F:78328:78965 [3] NCCL INFO Setting affinity for GPU 3 to ffffff
ip-0A23040C:60476:61116 [3] NCCL INFO Setting affinity for GPU 3 to ffffff
ip-0A230412:19197:19835 [3] NCCL INFO NCCL_COLLNET_ENABLE set by environment to 1.
ip-0A23041D:17340:18039 [3] NCCL INFO Setting affinity for GPU 3 to ffffff
ip-0A23040F:78328:78965 [3] NCCL INFO NCCL_COLLNET_ENABLE set by environment to 1.
ip-0A230410:49785:50420 [3] NCCL INFO NCCL_P2P_LEVEL set by environment to LOC
ip-0A23040E:61736:62368 [3] NCCL INFO NCCL_P2P_LEVEL set by environment to LOC
ip-0A23040C:60476:61116 [3] NCCL INFO NCCL_COLLNET_ENABLE set by environment to 1.
ip-0A23041D:17340:18039 [3] NCCL INFO NCCL_COLLNET_ENABLE set by environment to 1.
ip-0A230410:49785:50420 [3] NCCL INFO PXN Disabled as plugin is v4
ip-0A230405:14155:14800 [3] NCCL INFO NCCL_P2P_LEVEL set by environment to LOC
ip-0A23040E:61736:62368 [3] NCCL INFO PXN Disabled as plugin is v4
ip-0A230410:49785:50420 [3] NCCL INFO Setting affinity for GPU 3 to ffffff
ip-0A23040E:61736:62368 [3] NCCL INFO Setting affinity for GPU 3 to ffffff
ip-0A230405:14155:14800 [3] NCCL INFO PXN Disabled as plugin is v4
ip-0A230410:49785:50420 [3] NCCL INFO NCCL_COLLNET_ENABLE set by environment to 1.
ip-0A23040E:61736:62368 [3] NCCL INFO NCCL_COLLNET_ENABLE set by environment to 1.
ip-0A230405:14155:14800 [3] NCCL INFO Setting affinity for GPU 3 to ffffff
ip-0A230405:14155:14800 [3] NCCL INFO NCCL_COLLNET_ENABLE set by environment to 1.
ip-0A230414:15452:16101 [3] NCCL INFO NCCL_P2P_LEVEL set by environment to LOC
ip-0A230408:61886:62531 [3] NCCL INFO NCCL_P2P_LEVEL set by environment to LOC
ip-0A230407:51968:52605 [3] NCCL INFO NCCL_P2P_LEVEL set by environment to LOC
ip-0A230414:15452:16101 [3] NCCL INFO PXN Disabled as plugin is v4
ip-0A230408:61886:62531 [3] NCCL INFO PXN Disabled as plugin is v4
ip-0A230414:15452:16101 [3] NCCL INFO Setting affinity for GPU 3 to ffffff
ip-0A230407:51968:52605 [3] NCCL INFO PXN Disabled as plugin is v4
ip-0A230408:61886:62531 [3] NCCL INFO Setting affinity for GPU 3 to ffffff
ip-0A230408:61886:62531 [3] NCCL INFO NCCL_COLLNET_ENABLE set by environment to 1.
ip-0A230407:51968:52605 [3] NCCL INFO Setting affinity for GPU 3 to ffffff
ip-0A230414:15452:16101 [3] NCCL INFO NCCL_COLLNET_ENABLE set by environment to 1.
ip-0A230407:51968:52605 [3] NCCL INFO NCCL_COLLNET_ENABLE set by environment to 1.
ip-0A230407:51968:52605 [3] NCCL INFO Trees [0] 10/14/-1->12->8 [1] -1/-1/-1->12->13
ip-0A23040B:35614:36264 [3] NCCL INFO Trees [0] -1/-1/-1->13->14 [1] 14/12/-1->13->11
ip-0A23040E:61736:62368 [3] NCCL INFO Trees [0] 13/15/-1->14->12 [1] -1/-1/-1->14->13
ip-0A23040C:60476:61116 [3] NCCL INFO Trees [0] -1/-1/-1->15->14 [1] 7/-1/-1->15->-1
ip-0A23040D:23457:24106 [3] NCCL INFO Channel 00/02 :    0   1   2   3   4   5   6   7   8   9  10  11  12  13  14  15
ip-0A23040D:23457:24106 [3] NCCL INFO Channel 01/02 :    0   1   2   3   4   5   6   7   8   9  10  11  12  13  14  15
ip-0A23040D:23457:24106 [3] NCCL INFO Trees [0] 8/-1/-1->0->-1 [1] -1/-1/-1->0->1
ip-0A230414:15452:16101 [3] NCCL INFO Trees [0] -1/-1/-1->5->6 [1] 6/4/-1->5->3
ip-0A230417:52210:52842 [3] NCCL INFO Trees [0] 5/7/-1->6->4 [1] -1/-1/-1->6->5
ip-0A23040F:78328:78965 [3] NCCL INFO Trees [0] -1/-1/-1->1->2 [1] 2/0/-1->1->3
ip-0A230406:97850:666 [3] NCCL INFO Trees [0] -1/-1/-1->7->6 [1] 11/3/-1->7->15
ip-0A230410:49785:50420 [3] NCCL INFO Trees [0] 1/3/-1->2->4 [1] -1/-1/-1->2->1
ip-0A230408:61886:62531 [3] NCCL INFO Trees [0] 4/12/-1->8->0 [1] -1/-1/-1->8->9
ip-0A230412:19197:19835 [3] NCCL INFO Trees [0] -1/-1/-1->3->2 [1] 5/1/-1->3->7
ip-0A230413:62800:63440 [3] NCCL INFO Trees [0] 2/6/-1->4->8 [1] -1/-1/-1->4->5
ip-0A23041A:11721:12362 [3] NCCL INFO Trees [0] -1/-1/-1->9->10 [1] 10/8/-1->9->11
ip-0A23041D:17340:18039 [3] NCCL INFO Trees [0] 9/11/-1->10->12 [1] -1/-1/-1->10->9
ip-0A230405:14155:14800 [3] NCCL INFO Trees [0] -1/-1/-1->11->10 [1] 13/9/-1->11->7
ip-0A230407:51968:52605 [3] NCCL INFO Channel 00/0 : 11[400000] -> 12[400000] [receive] via NET/IBext/3
ip-0A23040B:35614:36264 [3] NCCL INFO Channel 00/0 : 12[400000] -> 13[400000] [receive] via NET/IBext/3
ip-0A23040E:61736:62368 [3] NCCL INFO Channel 00/0 : 13[400000] -> 14[400000] [receive] via NET/IBext/3
ip-0A230407:51968:52605 [3] NCCL INFO Channel 01/0 : 11[400000] -> 12[400000] [receive] via NET/IBext/3
ip-0A230407:51968:52605 [3] NCCL INFO Channel 00/0 : 12[400000] -> 13[400000] [send] via NET/IBext/3
ip-0A23040B:35614:36264 [3] NCCL INFO Channel 01/0 : 12[400000] -> 13[400000] [receive] via NET/IBext/3
ip-0A23040E:61736:62368 [3] NCCL INFO Channel 01/0 : 13[400000] -> 14[400000] [receive] via NET/IBext/3
ip-0A23040B:35614:36264 [3] NCCL INFO Channel 00/0 : 13[400000] -> 14[400000] [send] via NET/IBext/3
ip-0A23040E:61736:62368 [3] NCCL INFO Channel 00/0 : 14[400000] -> 15[400000] [send] via NET/IBext/3
ip-0A230407:51968:52605 [3] NCCL INFO Channel 01/0 : 12[400000] -> 13[400000] [send] via NET/IBext/3
ip-0A23040C:60476:61116 [3] NCCL INFO Channel 00/0 : 14[400000] -> 15[400000] [receive] via NET/IBext/3
ip-0A23040B:35614:36264 [3] NCCL INFO Channel 01/0 : 13[400000] -> 14[400000] [send] via NET/IBext/3
ip-0A23040E:61736:62368 [3] NCCL INFO Channel 01/0 : 14[400000] -> 15[400000] [send] via NET/IBext/3
ip-0A23040D:23457:24106 [3] NCCL INFO Channel 00/0 : 15[400000] -> 0[400000] [receive] via NET/IBext/3
ip-0A23040C:60476:61116 [3] NCCL INFO Channel 01/0 : 14[400000] -> 15[400000] [receive] via NET/IBext/3
ip-0A23040C:60476:61116 [3] NCCL INFO Channel 00/0 : 15[400000] -> 0[400000] [send] via NET/IBext/3
ip-0A230414:15452:16101 [3] NCCL INFO Channel 00/0 : 4[400000] -> 5[400000] [receive] via NET/IBext/3
ip-0A230417:52210:52842 [3] NCCL INFO Channel 00/0 : 5[400000] -> 6[400000] [receive] via NET/IBext/3
ip-0A23040D:23457:24106 [3] NCCL INFO Channel 01/0 : 15[400000] -> 0[400000] [receive] via NET/IBext/3
ip-0A23040F:78328:78965 [3] NCCL INFO Channel 00/0 : 0[400000] -> 1[400000] [receive] via NET/IBext/3
ip-0A23040C:60476:61116 [3] NCCL INFO Channel 01/0 : 15[400000] -> 0[400000] [send] via NET/IBext/3
ip-0A23040D:23457:24106 [3] NCCL INFO Channel 00/0 : 0[400000] -> 1[400000] [send] via NET/IBext/3
ip-0A230417:52210:52842 [3] NCCL INFO Channel 01/0 : 5[400000] -> 6[400000] [receive] via NET/IBext/3
ip-0A230414:15452:16101 [3] NCCL INFO Channel 01/0 : 4[400000] -> 5[400000] [receive] via NET/IBext/3
ip-0A230406:97850:666 [3] NCCL INFO Channel 00/0 : 6[400000] -> 7[400000] [receive] via NET/IBext/3
ip-0A230417:52210:52842 [3] NCCL INFO Channel 00/0 : 6[400000] -> 7[400000] [send] via NET/IBext/3
ip-0A230414:15452:16101 [3] NCCL INFO Channel 00/0 : 5[400000] -> 6[400000] [send] via NET/IBext/3
ip-0A230408:61886:62531 [3] NCCL INFO Channel 00/0 : 7[400000] -> 8[400000] [receive] via NET/IBext/3
ip-0A23040D:23457:24106 [3] NCCL INFO Channel 01/0 : 0[400000] -> 1[400000] [send] via NET/IBext/3
ip-0A230410:49785:50420 [3] NCCL INFO Channel 00/0 : 1[400000] -> 2[400000] [receive] via NET/IBext/3
ip-0A230417:52210:52842 [3] NCCL INFO Channel 01/0 : 6[400000] -> 7[400000] [send] via NET/IBext/3
ip-0A230413:62800:63440 [3] NCCL INFO Channel 00/0 : 3[400000] -> 4[400000] [receive] via NET/IBext/3
ip-0A23040F:78328:78965 [3] NCCL INFO Channel 01/0 : 0[400000] -> 1[400000] [receive] via NET/IBext/3
ip-0A230412:19197:19835 [3] NCCL INFO Channel 00/0 : 2[400000] -> 3[400000] [receive] via NET/IBext/3
ip-0A230414:15452:16101 [3] NCCL INFO Channel 01/0 : 5[400000] -> 6[400000] [send] via NET/IBext/3
ip-0A230406:97850:666 [3] NCCL INFO Channel 01/0 : 6[400000] -> 7[400000] [receive] via NET/IBext/3
ip-0A230406:97850:666 [3] NCCL INFO Channel 00/0 : 7[400000] -> 8[400000] [send] via NET/IBext/3
ip-0A230408:61886:62531 [3] NCCL INFO Channel 01/0 : 7[400000] -> 8[400000] [receive] via NET/IBext/3
ip-0A230408:61886:62531 [3] NCCL INFO Channel 00/0 : 8[400000] -> 9[400000] [send] via NET/IBext/3
ip-0A23041A:11721:12362 [3] NCCL INFO Channel 00/0 : 8[400000] -> 9[400000] [receive] via NET/IBext/3
ip-0A230413:62800:63440 [3] NCCL INFO Channel 01/0 : 3[400000] -> 4[400000] [receive] via NET/IBext/3
ip-0A23040F:78328:78965 [3] NCCL INFO Channel 00/0 : 1[400000] -> 2[400000] [send] via NET/IBext/3
ip-0A230410:49785:50420 [3] NCCL INFO Channel 01/0 : 1[400000] -> 2[400000] [receive] via NET/IBext/3
ip-0A230413:62800:63440 [3] NCCL INFO Channel 00/0 : 4[400000] -> 5[400000] [send] via NET/IBext/3
ip-0A230410:49785:50420 [3] NCCL INFO Channel 00/0 : 2[400000] -> 3[400000] [send] via NET/IBext/3
ip-0A230406:97850:666 [3] NCCL INFO Channel 01/0 : 7[400000] -> 8[400000] [send] via NET/IBext/3
ip-0A230412:19197:19835 [3] NCCL INFO Channel 01/0 : 2[400000] -> 3[400000] [receive] via NET/IBext/3
ip-0A230405:14155:14800 [3] NCCL INFO Channel 00/0 : 10[400000] -> 11[400000] [receive] via NET/IBext/3
ip-0A230408:61886:62531 [3] NCCL INFO Channel 01/0 : 8[400000] -> 9[400000] [send] via NET/IBext/3
ip-0A230412:19197:19835 [3] NCCL INFO Channel 00/0 : 3[400000] -> 4[400000] [send] via NET/IBext/3
ip-0A23041D:17340:18039 [3] NCCL INFO Channel 00/0 : 9[400000] -> 10[400000] [receive] via NET/IBext/3
ip-0A230412:19197:19835 [3] NCCL INFO Channel 01/0 : 3[400000] -> 4[400000] [send] via NET/IBext/3
ip-0A23040F:78328:78965 [3] NCCL INFO Channel 01/0 : 1[400000] -> 2[400000] [send] via NET/IBext/3
ip-0A23041A:11721:12362 [3] NCCL INFO Channel 01/0 : 8[400000] -> 9[400000] [receive] via NET/IBext/3
ip-0A230413:62800:63440 [3] NCCL INFO Channel 01/0 : 4[400000] -> 5[400000] [send] via NET/IBext/3
ip-0A230410:49785:50420 [3] NCCL INFO Channel 01/0 : 2[400000] -> 3[400000] [send] via NET/IBext/3
ip-0A230405:14155:14800 [3] NCCL INFO Channel 01/0 : 10[400000] -> 11[400000] [receive] via NET/IBext/3
ip-0A230405:14155:14800 [3] NCCL INFO Channel 00/0 : 11[400000] -> 12[400000] [send] via NET/IBext/3
ip-0A23041D:17340:18039 [3] NCCL INFO Channel 01/0 : 9[400000] -> 10[400000] [receive] via NET/IBext/3
ip-0A23041D:17340:18039 [3] NCCL INFO Channel 00/0 : 10[400000] -> 11[400000] [send] via NET/IBext/3
ip-0A230405:14155:14800 [3] NCCL INFO Channel 01/0 : 11[400000] -> 12[400000] [send] via NET/IBext/3
ip-0A23041D:17340:18039 [3] NCCL INFO Channel 01/0 : 10[400000] -> 11[400000] [send] via NET/IBext/3
ip-0A23041A:11721:12362 [3] NCCL INFO Channel 00/0 : 9[400000] -> 10[400000] [send] via NET/IBext/3
ip-0A23041A:11721:12362 [3] NCCL INFO Channel 01/0 : 9[400000] -> 10[400000] [send] via NET/IBext/3
ip-0A23040B:35614:36264 [3] NCCL INFO Connected all rings
ip-0A23040E:61736:62368 [3] NCCL INFO Connected all rings
ip-0A23041A:11721:12362 [3] NCCL INFO Connected all rings
ip-0A23040C:60476:61116 [3] NCCL INFO Connected all rings
ip-0A230410:49785:50420 [3] NCCL INFO Connected all rings
ip-0A23040D:23457:24106 [3] NCCL INFO Connected all rings
ip-0A230412:19197:19835 [3] NCCL INFO Connected all rings
ip-0A230417:52210:52842 [3] NCCL INFO Connected all rings
ip-0A230407:51968:52605 [3] NCCL INFO Connected all rings
ip-0A230413:62800:63440 [3] NCCL INFO Connected all rings
ip-0A230408:61886:62531 [3] NCCL INFO Connected all rings
ip-0A230406:97850:666 [3] NCCL INFO Connected all rings
ip-0A23040F:78328:78965 [3] NCCL INFO Connected all rings
ip-0A230414:15452:16101 [3] NCCL INFO Connected all rings
ip-0A230405:14155:14800 [3] NCCL INFO Connected all rings
ip-0A23041D:17340:18039 [3] NCCL INFO Connected all rings
ip-0A23041A:11721:12362 [3] NCCL INFO Channel 01/0 : 9[400000] -> 11[400000] [send] via NET/IBext/3
ip-0A230410:49785:50420 [3] NCCL INFO Channel 00/0 : 2[400000] -> 4[400000] [send] via NET/IBext/3
ip-0A230408:61886:62531 [3] NCCL INFO Channel 00/0 : 4[400000] -> 8[400000] [receive] via NET/IBext/3
ip-0A23040E:61736:62368 [3] NCCL INFO Channel 00/0 : 12[400000] -> 14[400000] [receive] via NET/IBext/3
ip-0A230408:61886:62531 [3] NCCL INFO Channel 00/0 : 8[400000] -> 12[400000] [send] via NET/IBext/3
ip-0A230407:51968:52605 [3] NCCL INFO Channel 00/0 : 10[400000] -> 12[400000] [receive] via NET/IBext/3
ip-0A230407:51968:52605 [3] NCCL INFO Channel 00/0 : 12[400000] -> 14[400000] [send] via NET/IBext/3
ip-0A230413:62800:63440 [3] NCCL INFO Channel 00/0 : 2[400000] -> 4[400000] [receive] via NET/IBext/3
ip-0A230413:62800:63440 [3] NCCL INFO Channel 00/0 : 4[400000] -> 6[400000] [send] via NET/IBext/3
ip-0A23041D:17340:18039 [3] NCCL INFO Channel 00/0 : 10[400000] -> 12[400000] [send] via NET/IBext/3
ip-0A23040B:35614:36264 [3] NCCL INFO Channel 01/0 : 11[400000] -> 13[400000] [receive] via NET/IBext/3
ip-0A230414:15452:16101 [3] NCCL INFO Channel 01/0 : 3[400000] -> 5[400000] [receive] via NET/IBext/3
ip-0A23040D:23457:24106 [3] NCCL INFO Channel 00/0 : 8[400000] -> 0[400000] [receive] via NET/IBext/3
ip-0A23040D:23457:24106 [3] NCCL INFO Channel 00/0 : 0[400000] -> 8[400000] [send] via NET/IBext/3
ip-0A230406:97850:666 [3] NCCL INFO Channel 01/0 : 3[400000] -> 7[400000] [receive] via NET/IBext/3
ip-0A230406:97850:666 [3] NCCL INFO Channel 01/0 : 7[400000] -> 11[400000] [send] via NET/IBext/3
ip-0A230412:19197:19835 [3] NCCL INFO Channel 01/0 : 1[400000] -> 3[400000] [receive] via NET/IBext/3
ip-0A230417:52210:52842 [3] NCCL INFO Channel 00/0 : 4[400000] -> 6[400000] [receive] via NET/IBext/3
ip-0A230412:19197:19835 [3] NCCL INFO Channel 01/0 : 3[400000] -> 5[400000] [send] via NET/IBext/3
ip-0A23040F:78328:78965 [3] NCCL INFO Channel 01/0 : 1[400000] -> 3[400000] [send] via NET/IBext/3
ip-0A230405:14155:14800 [3] NCCL INFO Channel 01/0 : 9[400000] -> 11[400000] [receive] via NET/IBext/3
ip-0A230405:14155:14800 [3] NCCL INFO Channel 01/0 : 11[400000] -> 13[400000] [send] via NET/IBext/3
ip-0A23040C:60476:61116 [3] NCCL INFO Channel 01/0 : 7[400000] -> 15[400000] [receive] via NET/IBext/3
ip-0A23040C:60476:61116 [3] NCCL INFO Channel 01/0 : 15[400000] -> 7[400000] [send] via NET/IBext/3
ip-0A230410:49785:50420 [3] NCCL INFO Channel 00/0 : 4[400000] -> 2[400000] [receive] via NET/IBext/3
ip-0A23041D:17340:18039 [3] NCCL INFO Channel 00/0 : 12[400000] -> 10[400000] [receive] via NET/IBext/3
ip-0A23040E:61736:62368 [3] NCCL INFO Channel 00/0 : 14[400000] -> 12[400000] [send] via NET/IBext/3
ip-0A23040F:78328:78965 [3] NCCL INFO Channel 01/0 : 3[400000] -> 1[400000] [receive] via NET/IBext/3
ip-0A23041A:11721:12362 [3] NCCL INFO Channel 01/0 : 11[400000] -> 9[400000] [receive] via NET/IBext/3
ip-0A230417:52210:52842 [3] NCCL INFO Channel 00/0 : 6[400000] -> 4[400000] [send] via NET/IBext/3
ip-0A230414:15452:16101 [3] NCCL INFO Channel 01/0 : 5[400000] -> 3[400000] [send] via NET/IBext/3
ip-0A23040B:35614:36264 [3] NCCL INFO Channel 01/0 : 13[400000] -> 11[400000] [send] via NET/IBext/3
ip-0A230407:51968:52605 [3] NCCL INFO Channel 00/0 : 8[400000] -> 12[400000] [receive] via NET/IBext/3
ip-0A230413:62800:63440 [3] NCCL INFO Channel 00/0 : 4[400000] -> 8[400000] [send] via NET/IBext/3
ip-0A230412:19197:19835 [3] NCCL INFO Channel 01/0 : 3[400000] -> 7[400000] [send] via NET/IBext/3
ip-0A230405:14155:14800 [3] NCCL INFO Channel 01/0 : 7[400000] -> 11[400000] [receive] via NET/IBext/3
ip-0A230413:62800:63440 [3] NCCL INFO Channel 00/0 : 8[400000] -> 4[400000] [receive] via NET/IBext/3
ip-0A230407:51968:52605 [3] NCCL INFO Channel 00/0 : 12[400000] -> 8[400000] [send] via NET/IBext/3
ip-0A230412:19197:19835 [3] NCCL INFO Channel 01/0 : 7[400000] -> 3[400000] [receive] via NET/IBext/3
ip-0A230405:14155:14800 [3] NCCL INFO Channel 01/0 : 11[400000] -> 7[400000] [send] via NET/IBext/3
ip-0A230408:61886:62531 [3] NCCL INFO Channel 00/0 : 0[400000] -> 8[400000] [receive] via NET/IBext/3
ip-0A230408:61886:62531 [3] NCCL INFO Channel 00/0 : 8[400000] -> 0[400000] [send] via NET/IBext/3
ip-0A230406:97850:666 [3] NCCL INFO Channel 01/0 : 15[400000] -> 7[400000] [receive] via NET/IBext/3
ip-0A230406:97850:666 [3] NCCL INFO Channel 01/0 : 7[400000] -> 15[400000] [send] via NET/IBext/3
ip-0A23040D:23457:24106 [3] NCCL INFO Channel 01/0 : 1[400000] -> 0[400000] [receive] via NET/IBext/3
ip-0A230408:61886:62531 [3] NCCL INFO Channel 00/0 : 12[400000] -> 8[400000] [receive] via NET/IBext/3
ip-0A230406:97850:666 [3] NCCL INFO Channel 01/0 : 11[400000] -> 7[400000] [receive] via NET/IBext/3
ip-0A230406:97850:666 [3] NCCL INFO Channel 01/0 : 7[400000] -> 3[400000] [send] via NET/IBext/3
ip-0A23040C:60476:61116 [3] NCCL INFO Channel 00/0 : 15[400000] -> 14[400000] [send] via NET/IBext/3
ip-0A230408:61886:62531 [3] NCCL INFO Channel 00/0 : 8[400000] -> 4[400000] [send] via NET/IBext/3
ip-0A230405:14155:14800 [3] NCCL INFO Channel 01/0 : 13[400000] -> 11[400000] [receive] via NET/IBext/3
ip-0A230405:14155:14800 [3] NCCL INFO Channel 01/0 : 11[400000] -> 9[400000] [send] via NET/IBext/3
ip-0A230412:19197:19835 [3] NCCL INFO Channel 01/0 : 5[400000] -> 3[400000] [receive] via NET/IBext/3
ip-0A230412:19197:19835 [3] NCCL INFO Channel 01/0 : 3[400000] -> 1[400000] [send] via NET/IBext/3
ip-0A230406:97850:666 [3] NCCL INFO Channel 00/0 : 7[400000] -> 6[400000] [send] via NET/IBext/3
ip-0A230407:51968:52605 [3] NCCL INFO Channel 00/0 : 14[400000] -> 12[400000] [receive] via NET/IBext/3
ip-0A230407:51968:52605 [3] NCCL INFO Channel 00/0 : 12[400000] -> 10[400000] [send] via NET/IBext/3
ip-0A230413:62800:63440 [3] NCCL INFO Channel 00/0 : 6[400000] -> 4[400000] [receive] via NET/IBext/3
ip-0A230413:62800:63440 [3] NCCL INFO Channel 00/0 : 4[400000] -> 2[400000] [send] via NET/IBext/3
ip-0A230408:61886:62531 [3] NCCL INFO Channel 01/0 : 9[400000] -> 8[400000] [receive] via NET/IBext/3
ip-0A23040B:35614:36264 [3] NCCL INFO Channel 00/0 : 14[400000] -> 13[400000] [receive] via NET/IBext/3
ip-0A23040B:35614:36264 [3] NCCL INFO Channel 01/0 : 14[400000] -> 13[400000] [receive] via NET/IBext/3
ip-0A23040B:35614:36264 [3] NCCL INFO Channel 01/0 : 13[400000] -> 12[400000] [send] via NET/IBext/3
ip-0A23041A:11721:12362 [3] NCCL INFO Channel 00/0 : 10[400000] -> 9[400000] [receive] via NET/IBext/3
ip-0A23041A:11721:12362 [3] NCCL INFO Channel 01/0 : 10[400000] -> 9[400000] [receive] via NET/IBext/3
ip-0A23041A:11721:12362 [3] NCCL INFO Channel 01/0 : 9[400000] -> 8[400000] [send] via NET/IBext/3
ip-0A230412:19197:19835 [3] NCCL INFO Channel 00/0 : 3[400000] -> 2[400000] [send] via NET/IBext/3
ip-0A230405:14155:14800 [3] NCCL INFO Channel 00/0 : 11[400000] -> 10[400000] [send] via NET/IBext/3
ip-0A23040F:78328:78965 [3] NCCL INFO Channel 00/0 : 2[400000] -> 1[400000] [receive] via NET/IBext/3
ip-0A23040F:78328:78965 [3] NCCL INFO Channel 01/0 : 2[400000] -> 1[400000] [receive] via NET/IBext/3
ip-0A23040F:78328:78965 [3] NCCL INFO Channel 01/0 : 1[400000] -> 0[400000] [send] via NET/IBext/3
ip-0A230414:15452:16101 [3] NCCL INFO Channel 00/0 : 6[400000] -> 5[400000] [receive] via NET/IBext/3
ip-0A230414:15452:16101 [3] NCCL INFO Channel 01/0 : 6[400000] -> 5[400000] [receive] via NET/IBext/3
ip-0A230414:15452:16101 [3] NCCL INFO Channel 01/0 : 5[400000] -> 4[400000] [send] via NET/IBext/3
ip-0A23040E:61736:62368 [3] NCCL INFO Channel 00/0 : 15[400000] -> 14[400000] [receive] via NET/IBext/3
ip-0A23040E:61736:62368 [3] NCCL INFO Channel 00/0 : 14[400000] -> 13[400000] [send] via NET/IBext/3
ip-0A23040E:61736:62368 [3] NCCL INFO Channel 01/0 : 14[400000] -> 13[400000] [send] via NET/IBext/3
ip-0A23041D:17340:18039 [3] NCCL INFO Channel 00/0 : 11[400000] -> 10[400000] [receive] via NET/IBext/3
ip-0A23040C:60476:61116 [3] NCCL INFO Connected all trees
ip-0A230417:52210:52842 [3] NCCL INFO Channel 00/0 : 7[400000] -> 6[400000] [receive] via NET/IBext/3
ip-0A23041D:17340:18039 [3] NCCL INFO Channel 00/0 : 10[400000] -> 9[400000] [send] via NET/IBext/3
ip-0A230417:52210:52842 [3] NCCL INFO Channel 00/0 : 6[400000] -> 5[400000] [send] via NET/IBext/3
ip-0A23041D:17340:18039 [3] NCCL INFO Channel 01/0 : 10[400000] -> 9[400000] [send] via NET/IBext/3
ip-0A230417:52210:52842 [3] NCCL INFO Channel 01/0 : 6[400000] -> 5[400000] [send] via NET/IBext/3
ip-0A230410:49785:50420 [3] NCCL INFO Channel 00/0 : 3[400000] -> 2[400000] [receive] via NET/IBext/3
ip-0A230410:49785:50420 [3] NCCL INFO Channel 00/0 : 2[400000] -> 1[400000] [send] via NET/IBext/3
ip-0A230410:49785:50420 [3] NCCL INFO Channel 01/0 : 2[400000] -> 1[400000] [send] via NET/IBext/3
ip-0A230407:51968:52605 [3] NCCL INFO Channel 01/0 : 13[400000] -> 12[400000] [receive] via NET/IBext/3
ip-0A230413:62800:63440 [3] NCCL INFO Channel 01/0 : 5[400000] -> 4[400000] [receive] via NET/IBext/3
ip-0A230405:14155:14800 [3] NCCL INFO Connected all trees
ip-0A230405:14155:14800 [3] NCCL INFO CollNet 00 : 11 [receive] via COLLNET/SHARP/3
ip-0A230412:19197:19835 [3] NCCL INFO Connected all trees
ip-0A230412:19197:19835 [3] NCCL INFO CollNet 00 : 3 [receive] via COLLNET/SHARP/3
ip-0A230406:97850:666 [3] NCCL INFO Connected all trees
ip-0A230406:97850:666 [3] NCCL INFO CollNet 00 : 7 [receive] via COLLNET/SHARP/3
ip-0A230408:61886:62531 [3] NCCL INFO Connected all trees
ip-0A230408:61886:62531 [3] NCCL INFO CollNet 00 : 8 [receive] via COLLNET/SHARP/3
ip-0A23040D:23457:24106 [3] NCCL INFO Connected all trees
ip-0A23040D:23457:24106 [3] NCCL INFO CollNet 00 : 0 [receive] via COLLNET/SHARP/3
ip-0A230407:51968:52605 [3] NCCL INFO Connected all trees
ip-0A230407:51968:52605 [3] NCCL INFO CollNet 00 : 12 [receive] via COLLNET/SHARP/3
ip-0A23040E:61736:62368 [3] NCCL INFO Connected all trees
ip-0A230413:62800:63440 [3] NCCL INFO Connected all trees
ip-0A230413:62800:63440 [3] NCCL INFO CollNet 00 : 4 [receive] via COLLNET/SHARP/3
ip-0A230417:52210:52842 [3] NCCL INFO Connected all trees
ip-0A23040B:35614:36264 [3] NCCL INFO Connected all trees
ip-0A23041A:11721:12362 [3] NCCL INFO Connected all trees
ip-0A23041D:17340:18039 [3] NCCL INFO Connected all trees
ip-0A23040F:78328:78965 [3] NCCL INFO Connected all trees
ip-0A230414:15452:16101 [3] NCCL INFO Connected all trees
ip-0A230410:49785:50420 [3] NCCL INFO Connected all trees
ip-0A23040C:60476:61116 [3] NCCL INFO CollNet 00 : 15 [receive] via COLLNET/SHARP/3
ip-0A23040E:61736:62368 [3] NCCL INFO CollNet 00 : 14 [receive] via COLLNET/SHARP/3
ip-0A23041D:17340:18039 [3] NCCL INFO CollNet 00 : 10 [receive] via COLLNET/SHARP/3
ip-0A23040B:35614:36264 [3] NCCL INFO CollNet 00 : 13 [receive] via COLLNET/SHARP/3
ip-0A23041A:11721:12362 [3] NCCL INFO CollNet 00 : 9 [receive] via COLLNET/SHARP/3
ip-0A230417:52210:52842 [3] NCCL INFO CollNet 00 : 6 [receive] via COLLNET/SHARP/3
ip-0A23040F:78328:78965 [3] NCCL INFO CollNet 00 : 1 [receive] via COLLNET/SHARP/3
ip-0A230414:15452:16101 [3] NCCL INFO CollNet 00 : 5 [receive] via COLLNET/SHARP/3
ip-0A230410:49785:50420 [3] NCCL INFO CollNet 00 : 2 [receive] via COLLNET/SHARP/3
ip-0A230410:49785:50422 [3] NCCL INFO NCCL_SHARP_GROUP_SIZE_THRESH set by environment to 16.
ip-0A230412:19197:19836 [3] NCCL INFO NCCL_SHARP_GROUP_SIZE_THRESH set by environment to 16.
ip-0A230413:62800:63441 [3] NCCL INFO NCCL_SHARP_GROUP_SIZE_THRESH set by environment to 16.
ip-0A230414:15452:16102 [3] NCCL INFO NCCL_SHARP_GROUP_SIZE_THRESH set by environment to 16.
ip-0A230417:52210:52843 [3] NCCL INFO NCCL_SHARP_GROUP_SIZE_THRESH set by environment to 16.
ip-0A230406:97850:667 [3] NCCL INFO NCCL_SHARP_GROUP_SIZE_THRESH set by environment to 16.
ip-0A230408:61886:62532 [3] NCCL INFO NCCL_SHARP_GROUP_SIZE_THRESH set by environment to 16.
ip-0A23041A:11721:12369 [3] NCCL INFO NCCL_SHARP_GROUP_SIZE_THRESH set by environment to 16.
ip-0A23041D:17340:18040 [3] NCCL INFO NCCL_SHARP_GROUP_SIZE_THRESH set by environment to 16.
ip-0A230405:14155:14806 [3] NCCL INFO NCCL_SHARP_GROUP_SIZE_THRESH set by environment to 16.
ip-0A230407:51968:52606 [3] NCCL INFO NCCL_SHARP_GROUP_SIZE_THRESH set by environment to 16.
ip-0A23040B:35614:36265 [3] NCCL INFO NCCL_SHARP_GROUP_SIZE_THRESH set by environment to 16.
ip-0A23040E:61736:62369 [3] NCCL INFO NCCL_SHARP_GROUP_SIZE_THRESH set by environment to 16.
ip-0A23040D:23457:24107 [3] NCCL INFO NCCL_SHARP_GROUP_SIZE_THRESH set by environment to 16.
ip-0A23040C:60476:61118 [3] NCCL INFO NCCL_SHARP_GROUP_SIZE_THRESH set by environment to 16.
ip-0A23040F:78328:78966 [3] NCCL INFO NCCL_SHARP_GROUP_SIZE_THRESH set by environment to 16.
