:::MLLOG {"namespace": "", "time_ms": 1652981474745, "event_type": "POINT_IN_TIME", "key": "weights_initialization", "value": null, "metadata": {"file": "/workspace/rnnt/common/rnn.py", "lineno": 195, "tensor": "dec_rnn"}}
:::MLLOG {"namespace": "", "time_ms": 1652981474747, "event_type": "POINT_IN_TIME", "key": "weights_initialization", "value": null, "metadata": {"file": "/workspace/rnnt/rnnt/model.py", "lineno": 224, "tensor": "joint_pred"}}
:::MLLOG {"namespace": "", "time_ms": 1652981474750, "event_type": "POINT_IN_TIME", "key": "weights_initialization", "value": null, "metadata": {"file": "/workspace/rnnt/rnnt/model.py", "lineno": 229, "tensor": "joint_enc"}}
:::MLLOG {"namespace": "", "time_ms": 1652981474772, "event_type": "POINT_IN_TIME", "key": "weights_initialization", "value": null, "metadata": {"file": "/workspace/rnnt/rnnt/model.py", "lineno": 253, "tensor": "joint_net"}}
:::MLLOG {"namespace": "", "time_ms": 1652981477087, "event_type": "POINT_IN_TIME", "key": "eval_max_prediction_symbols", "value": 300, "metadata": {"file": "train.py", "lineno": 444}}
Model size: 49.1M params

:::MLLOG {"namespace": "", "time_ms": 1652981477130, "event_type": "POINT_IN_TIME", "key": "model_eval_ema_factor", "value": 0.995, "metadata": {"file": "train.py", "lineno": 458}}
ip-0A23040D:38189:38189 [0] NCCL INFO Bootstrap : Using eth0:10.35.4.13<0>
ip-0A23040D:38189:38189 [0] NCCL INFO NET/Plugin: Failed to find ncclNetPlugin_v5 symbol.
ip-0A23040D:38189:38189 [0] NCCL INFO NET/Plugin: Failed to find ncclCollNetPlugin_v5 symbol.
ip-0A23040D:38189:38189 [0] NCCL INFO Plugin Path : /opt/hpcx/nccl_rdma_sharp_plugin/lib/libnccl-net.so
ip-0A23040D:38189:38189 [0] NCCL INFO P2P plugin IBext
ip-0A23040D:38189:38189 [0] NCCL INFO NCCL_IB_PCI_RELAXED_ORDERING set by environment to 1.
ip-0A23040D:38189:38189 [0] NCCL INFO NET/IB : Using [0]mlx5_ib0:1/IB/SHARP [1]mlx5_ib1:1/IB/SHARP [2]mlx5_ib2:1/IB/SHARP [3]mlx5_ib3:1/IB/SHARP [4]mlx5_ib4:1/IB/SHARP [5]mlx5_ib5:1/IB/SHARP [6]mlx5_ib6:1/IB/SHARP [7]mlx5_ib7:1/IB/SHARP ; OOB eth0:10.35.4.13<0>
ip-0A23040D:38189:38189 [0] NCCL INFO Using network IBext
NCCL version 2.12.10+cuda11.6
ip-0A230406:12917:12917 [0] NCCL INFO Bootstrap : Using eth0:10.35.4.6<0>
ip-0A230412:32313:32313 [0] NCCL INFO Bootstrap : Using eth0:10.35.4.18<0>
ip-0A230407:65195:65195 [0] NCCL INFO Bootstrap : Using eth0:10.35.4.7<0>
ip-0A230405:27455:27455 [0] NCCL INFO Bootstrap : Using eth0:10.35.4.5<0>
ip-0A23041D:30572:30572 [0] NCCL INFO Bootstrap : Using eth0:10.35.4.29<0>
ip-0A230410:62983:62983 [0] NCCL INFO Bootstrap : Using eth0:10.35.4.16<0>
ip-0A23040E:75233:75233 [0] NCCL INFO Bootstrap : Using eth0:10.35.4.14<0>
ip-0A230413:76059:76059 [0] NCCL INFO Bootstrap : Using eth0:10.35.4.19<0>
ip-0A23040B:48758:48758 [0] NCCL INFO Bootstrap : Using eth0:10.35.4.11<0>
ip-0A230408:74467:74467 [0] NCCL INFO Bootstrap : Using eth0:10.35.4.8<0>
ip-0A230417:65359:65359 [0] NCCL INFO Bootstrap : Using eth0:10.35.4.23<0>
ip-0A23041A:24890:24890 [0] NCCL INFO Bootstrap : Using eth0:10.35.4.26<0>
ip-0A23040F:91547:91547 [0] NCCL INFO Bootstrap : Using eth0:10.35.4.15<0>
ip-0A230414:28624:28624 [0] NCCL INFO Bootstrap : Using eth0:10.35.4.20<0>
ip-0A23040C:73754:73754 [0] NCCL INFO Bootstrap : Using eth0:10.35.4.12<0>
ip-0A230412:32313:32313 [0] NCCL INFO NET/Plugin: Failed to find ncclNetPlugin_v5 symbol.
ip-0A230412:32313:32313 [0] NCCL INFO NET/Plugin: Failed to find ncclCollNetPlugin_v5 symbol.
ip-0A230406:12917:12917 [0] NCCL INFO NET/Plugin: Failed to find ncclNetPlugin_v5 symbol.
ip-0A230406:12917:12917 [0] NCCL INFO NET/Plugin: Failed to find ncclCollNetPlugin_v5 symbol.
ip-0A230412:32313:32313 [0] NCCL INFO Plugin Path : /opt/hpcx/nccl_rdma_sharp_plugin/lib/libnccl-net.so
ip-0A230412:32313:32313 [0] NCCL INFO P2P plugin IBext
ip-0A230412:32313:32313 [0] NCCL INFO NCCL_IB_PCI_RELAXED_ORDERING set by environment to 1.
ip-0A230406:12917:12917 [0] NCCL INFO Plugin Path : /opt/hpcx/nccl_rdma_sharp_plugin/lib/libnccl-net.so
ip-0A230406:12917:12917 [0] NCCL INFO P2P plugin IBext
ip-0A230406:12917:12917 [0] NCCL INFO NCCL_IB_PCI_RELAXED_ORDERING set by environment to 1.
ip-0A230410:62983:62983 [0] NCCL INFO NET/Plugin: Failed to find ncclNetPlugin_v5 symbol.
ip-0A230410:62983:62983 [0] NCCL INFO NET/Plugin: Failed to find ncclCollNetPlugin_v5 symbol.
ip-0A230410:62983:62983 [0] NCCL INFO Plugin Path : /opt/hpcx/nccl_rdma_sharp_plugin/lib/libnccl-net.so
ip-0A230410:62983:62983 [0] NCCL INFO P2P plugin IBext
ip-0A230410:62983:62983 [0] NCCL INFO NCCL_IB_PCI_RELAXED_ORDERING set by environment to 1.
ip-0A230405:27455:27455 [0] NCCL INFO NET/Plugin: Failed to find ncclNetPlugin_v5 symbol.
ip-0A230405:27455:27455 [0] NCCL INFO NET/Plugin: Failed to find ncclCollNetPlugin_v5 symbol.
ip-0A230405:27455:27455 [0] NCCL INFO Plugin Path : /opt/hpcx/nccl_rdma_sharp_plugin/lib/libnccl-net.so
ip-0A230405:27455:27455 [0] NCCL INFO P2P plugin IBext
ip-0A230405:27455:27455 [0] NCCL INFO NCCL_IB_PCI_RELAXED_ORDERING set by environment to 1.
ip-0A23040E:75233:75233 [0] NCCL INFO NET/Plugin: Failed to find ncclNetPlugin_v5 symbol.
ip-0A23040E:75233:75233 [0] NCCL INFO NET/Plugin: Failed to find ncclCollNetPlugin_v5 symbol.
ip-0A230407:65195:65195 [0] NCCL INFO NET/Plugin: Failed to find ncclNetPlugin_v5 symbol.
ip-0A230407:65195:65195 [0] NCCL INFO NET/Plugin: Failed to find ncclCollNetPlugin_v5 symbol.
ip-0A23040E:75233:75233 [0] NCCL INFO Plugin Path : /opt/hpcx/nccl_rdma_sharp_plugin/lib/libnccl-net.so
ip-0A23040E:75233:75233 [0] NCCL INFO P2P plugin IBext
ip-0A23040E:75233:75233 [0] NCCL INFO NCCL_IB_PCI_RELAXED_ORDERING set by environment to 1.
ip-0A230407:65195:65195 [0] NCCL INFO Plugin Path : /opt/hpcx/nccl_rdma_sharp_plugin/lib/libnccl-net.so
ip-0A230407:65195:65195 [0] NCCL INFO P2P plugin IBext
ip-0A230407:65195:65195 [0] NCCL INFO NCCL_IB_PCI_RELAXED_ORDERING set by environment to 1.
ip-0A230413:76059:76059 [0] NCCL INFO NET/Plugin: Failed to find ncclNetPlugin_v5 symbol.
ip-0A230413:76059:76059 [0] NCCL INFO NET/Plugin: Failed to find ncclCollNetPlugin_v5 symbol.
ip-0A230413:76059:76059 [0] NCCL INFO Plugin Path : /opt/hpcx/nccl_rdma_sharp_plugin/lib/libnccl-net.so
ip-0A230413:76059:76059 [0] NCCL INFO P2P plugin IBext
ip-0A230413:76059:76059 [0] NCCL INFO NCCL_IB_PCI_RELAXED_ORDERING set by environment to 1.
ip-0A23040B:48758:48758 [0] NCCL INFO NET/Plugin: Failed to find ncclNetPlugin_v5 symbol.
ip-0A23040B:48758:48758 [0] NCCL INFO NET/Plugin: Failed to find ncclCollNetPlugin_v5 symbol.
ip-0A230417:65359:65359 [0] NCCL INFO NET/Plugin: Failed to find ncclNetPlugin_v5 symbol.
ip-0A230417:65359:65359 [0] NCCL INFO NET/Plugin: Failed to find ncclCollNetPlugin_v5 symbol.
ip-0A23040B:48758:48758 [0] NCCL INFO Plugin Path : /opt/hpcx/nccl_rdma_sharp_plugin/lib/libnccl-net.so
ip-0A23040B:48758:48758 [0] NCCL INFO P2P plugin IBext
ip-0A23040B:48758:48758 [0] NCCL INFO NCCL_IB_PCI_RELAXED_ORDERING set by environment to 1.
ip-0A230417:65359:65359 [0] NCCL INFO Plugin Path : /opt/hpcx/nccl_rdma_sharp_plugin/lib/libnccl-net.so
ip-0A230417:65359:65359 [0] NCCL INFO P2P plugin IBext
ip-0A230417:65359:65359 [0] NCCL INFO NCCL_IB_PCI_RELAXED_ORDERING set by environment to 1.
ip-0A230414:28624:28624 [0] NCCL INFO NET/Plugin: Failed to find ncclNetPlugin_v5 symbol.
ip-0A230414:28624:28624 [0] NCCL INFO NET/Plugin: Failed to find ncclCollNetPlugin_v5 symbol.
ip-0A230414:28624:28624 [0] NCCL INFO Plugin Path : /opt/hpcx/nccl_rdma_sharp_plugin/lib/libnccl-net.so
ip-0A230414:28624:28624 [0] NCCL INFO P2P plugin IBext
ip-0A230414:28624:28624 [0] NCCL INFO NCCL_IB_PCI_RELAXED_ORDERING set by environment to 1.
ip-0A23041A:24890:24890 [0] NCCL INFO NET/Plugin: Failed to find ncclNetPlugin_v5 symbol.
ip-0A23041A:24890:24890 [0] NCCL INFO NET/Plugin: Failed to find ncclCollNetPlugin_v5 symbol.
ip-0A23041D:30572:30572 [0] NCCL INFO NET/Plugin: Failed to find ncclNetPlugin_v5 symbol.
ip-0A23041D:30572:30572 [0] NCCL INFO NET/Plugin: Failed to find ncclCollNetPlugin_v5 symbol.
ip-0A23041A:24890:24890 [0] NCCL INFO Plugin Path : /opt/hpcx/nccl_rdma_sharp_plugin/lib/libnccl-net.so
ip-0A23041A:24890:24890 [0] NCCL INFO P2P plugin IBext
ip-0A23041A:24890:24890 [0] NCCL INFO NCCL_IB_PCI_RELAXED_ORDERING set by environment to 1.
ip-0A23041D:30572:30572 [0] NCCL INFO Plugin Path : /opt/hpcx/nccl_rdma_sharp_plugin/lib/libnccl-net.so
ip-0A23041D:30572:30572 [0] NCCL INFO P2P plugin IBext
ip-0A23041D:30572:30572 [0] NCCL INFO NCCL_IB_PCI_RELAXED_ORDERING set by environment to 1.
ip-0A230408:74467:74467 [0] NCCL INFO NET/Plugin: Failed to find ncclNetPlugin_v5 symbol.
ip-0A230408:74467:74467 [0] NCCL INFO NET/Plugin: Failed to find ncclCollNetPlugin_v5 symbol.
ip-0A230408:74467:74467 [0] NCCL INFO Plugin Path : /opt/hpcx/nccl_rdma_sharp_plugin/lib/libnccl-net.so
ip-0A230408:74467:74467 [0] NCCL INFO P2P plugin IBext
ip-0A230408:74467:74467 [0] NCCL INFO NCCL_IB_PCI_RELAXED_ORDERING set by environment to 1.
ip-0A23040F:91547:91547 [0] NCCL INFO NET/Plugin: Failed to find ncclNetPlugin_v5 symbol.
ip-0A23040F:91547:91547 [0] NCCL INFO NET/Plugin: Failed to find ncclCollNetPlugin_v5 symbol.
ip-0A23040C:73754:73754 [0] NCCL INFO NET/Plugin: Failed to find ncclNetPlugin_v5 symbol.
ip-0A23040C:73754:73754 [0] NCCL INFO NET/Plugin: Failed to find ncclCollNetPlugin_v5 symbol.
ip-0A23040F:91547:91547 [0] NCCL INFO Plugin Path : /opt/hpcx/nccl_rdma_sharp_plugin/lib/libnccl-net.so
ip-0A23040F:91547:91547 [0] NCCL INFO P2P plugin IBext
ip-0A23040F:91547:91547 [0] NCCL INFO NCCL_IB_PCI_RELAXED_ORDERING set by environment to 1.
ip-0A23040C:73754:73754 [0] NCCL INFO Plugin Path : /opt/hpcx/nccl_rdma_sharp_plugin/lib/libnccl-net.so
ip-0A23040C:73754:73754 [0] NCCL INFO P2P plugin IBext
ip-0A23040C:73754:73754 [0] NCCL INFO NCCL_IB_PCI_RELAXED_ORDERING set by environment to 1.
ip-0A230412:32313:32313 [0] NCCL INFO NET/IB : Using [0]mlx5_ib0:1/IB/SHARP [1]mlx5_ib1:1/IB/SHARP [2]mlx5_ib2:1/IB/SHARP [3]mlx5_ib3:1/IB/SHARP [4]mlx5_ib4:1/IB/SHARP [5]mlx5_ib5:1/IB/SHARP [6]mlx5_ib6:1/IB/SHARP [7]mlx5_ib7:1/IB/SHARP ; OOB eth0:10.35.4.18<0>
ip-0A230412:32313:32313 [0] NCCL INFO Using network IBext
ip-0A230410:62983:62983 [0] NCCL INFO NET/IB : Using [0]mlx5_ib0:1/IB/SHARP [1]mlx5_ib1:1/IB/SHARP [2]mlx5_ib2:1/IB/SHARP [3]mlx5_ib3:1/IB/SHARP [4]mlx5_ib4:1/IB/SHARP [5]mlx5_ib5:1/IB/SHARP [6]mlx5_ib6:1/IB/SHARP [7]mlx5_ib7:1/IB/SHARP ; OOB eth0:10.35.4.16<0>
ip-0A230410:62983:62983 [0] NCCL INFO Using network IBext
ip-0A230405:27455:27455 [0] NCCL INFO NET/IB : Using [0]mlx5_ib0:1/IB/SHARP [1]mlx5_ib1:1/IB/SHARP [2]mlx5_ib2:1/IB/SHARP [3]mlx5_ib3:1/IB/SHARP [4]mlx5_ib4:1/IB/SHARP [5]mlx5_ib5:1/IB/SHARP [6]mlx5_ib6:1/IB/SHARP [7]mlx5_ib7:1/IB/SHARP ; OOB eth0:10.35.4.5<0>
ip-0A230405:27455:27455 [0] NCCL INFO Using network IBext
ip-0A230407:65195:65195 [0] NCCL INFO NET/IB : Using [0]mlx5_ib0:1/IB/SHARP [1]mlx5_ib1:1/IB/SHARP [2]mlx5_ib2:1/IB/SHARP [3]mlx5_ib3:1/IB/SHARP [4]mlx5_ib4:1/IB/SHARP [5]mlx5_ib5:1/IB/SHARP [6]mlx5_ib6:1/IB/SHARP [7]mlx5_ib7:1/IB/SHARP ; OOB eth0:10.35.4.7<0>
ip-0A230407:65195:65195 [0] NCCL INFO Using network IBext
ip-0A230414:28624:28624 [0] NCCL INFO NET/IB : Using [0]mlx5_ib0:1/IB/SHARP [1]mlx5_ib1:1/IB/SHARP [2]mlx5_ib2:1/IB/SHARP [3]mlx5_ib3:1/IB/SHARP [4]mlx5_ib4:1/IB/SHARP [5]mlx5_ib5:1/IB/SHARP [6]mlx5_ib6:1/IB/SHARP [7]mlx5_ib7:1/IB/SHARP ; OOB eth0:10.35.4.20<0>
ip-0A230414:28624:28624 [0] NCCL INFO Using network IBext
ip-0A230413:76059:76059 [0] NCCL INFO NET/IB : Using [0]mlx5_ib0:1/IB/SHARP [1]mlx5_ib1:1/IB/SHARP [2]mlx5_ib2:1/IB/SHARP [3]mlx5_ib3:1/IB/SHARP [4]mlx5_ib4:1/IB/SHARP [5]mlx5_ib5:1/IB/SHARP [6]mlx5_ib6:1/IB/SHARP [7]mlx5_ib7:1/IB/SHARP ; OOB eth0:10.35.4.19<0>
ip-0A230413:76059:76059 [0] NCCL INFO Using network IBext
ip-0A230408:74467:74467 [0] NCCL INFO NET/IB : Using [0]mlx5_ib0:1/IB/SHARP [1]mlx5_ib1:1/IB/SHARP [2]mlx5_ib2:1/IB/SHARP [3]mlx5_ib3:1/IB/SHARP [4]mlx5_ib4:1/IB/SHARP [5]mlx5_ib5:1/IB/SHARP [6]mlx5_ib6:1/IB/SHARP [7]mlx5_ib7:1/IB/SHARP ; OOB eth0:10.35.4.8<0>
ip-0A230408:74467:74467 [0] NCCL INFO Using network IBext
ip-0A23041A:24890:24890 [0] NCCL INFO NET/IB : Using [0]mlx5_ib0:1/IB/SHARP [1]mlx5_ib1:1/IB/SHARP [2]mlx5_ib2:1/IB/SHARP [3]mlx5_ib3:1/IB/SHARP [4]mlx5_ib4:1/IB/SHARP [5]mlx5_ib5:1/IB/SHARP [6]mlx5_ib6:1/IB/SHARP [7]mlx5_ib7:1/IB/SHARP ; OOB eth0:10.35.4.26<0>
ip-0A23041A:24890:24890 [0] NCCL INFO Using network IBext
ip-0A230406:12917:12917 [0] NCCL INFO NET/IB : Using [0]mlx5_ib0:1/IB/SHARP [1]mlx5_ib1:1/IB/SHARP [2]mlx5_ib2:1/IB/SHARP [3]mlx5_ib3:1/IB/SHARP [4]mlx5_ib4:1/IB/SHARP [5]mlx5_ib5:1/IB/SHARP [6]mlx5_ib6:1/IB/SHARP [7]mlx5_ib7:1/IB/SHARP ; OOB eth0:10.35.4.6<0>
ip-0A230406:12917:12917 [0] NCCL INFO Using network IBext
ip-0A23040E:75233:75233 [0] NCCL INFO NET/IB : Using [0]mlx5_ib0:1/IB/SHARP [1]mlx5_ib1:1/IB/SHARP [2]mlx5_ib2:1/IB/SHARP [3]mlx5_ib3:1/IB/SHARP [4]mlx5_ib4:1/IB/SHARP [5]mlx5_ib5:1/IB/SHARP [6]mlx5_ib6:1/IB/SHARP [7]mlx5_ib7:1/IB/SHARP ; OOB eth0:10.35.4.14<0>
ip-0A23040E:75233:75233 [0] NCCL INFO Using network IBext
ip-0A23040B:48758:48758 [0] NCCL INFO NET/IB : Using [0]mlx5_ib0:1/IB/SHARP [1]mlx5_ib1:1/IB/SHARP [2]mlx5_ib2:1/IB/SHARP [3]mlx5_ib3:1/IB/SHARP [4]mlx5_ib4:1/IB/SHARP [5]mlx5_ib5:1/IB/SHARP [6]mlx5_ib6:1/IB/SHARP [7]mlx5_ib7:1/IB/SHARP ; OOB eth0:10.35.4.11<0>
ip-0A23040B:48758:48758 [0] NCCL INFO Using network IBext
ip-0A230417:65359:65359 [0] NCCL INFO NET/IB : Using [0]mlx5_ib0:1/IB/SHARP [1]mlx5_ib1:1/IB/SHARP [2]mlx5_ib2:1/IB/SHARP [3]mlx5_ib3:1/IB/SHARP [4]mlx5_ib4:1/IB/SHARP [5]mlx5_ib5:1/IB/SHARP [6]mlx5_ib6:1/IB/SHARP [7]mlx5_ib7:1/IB/SHARP ; OOB eth0:10.35.4.23<0>
ip-0A230417:65359:65359 [0] NCCL INFO Using network IBext
ip-0A23041D:30572:30572 [0] NCCL INFO NET/IB : Using [0]mlx5_ib0:1/IB/SHARP [1]mlx5_ib1:1/IB/SHARP [2]mlx5_ib2:1/IB/SHARP [3]mlx5_ib3:1/IB/SHARP [4]mlx5_ib4:1/IB/SHARP [5]mlx5_ib5:1/IB/SHARP [6]mlx5_ib6:1/IB/SHARP [7]mlx5_ib7:1/IB/SHARP ; OOB eth0:10.35.4.29<0>
ip-0A23041D:30572:30572 [0] NCCL INFO Using network IBext
ip-0A23040C:73754:73754 [0] NCCL INFO NET/IB : Using [0]mlx5_ib0:1/IB/SHARP [1]mlx5_ib1:1/IB/SHARP [2]mlx5_ib2:1/IB/SHARP [3]mlx5_ib3:1/IB/SHARP [4]mlx5_ib4:1/IB/SHARP [5]mlx5_ib5:1/IB/SHARP [6]mlx5_ib6:1/IB/SHARP [7]mlx5_ib7:1/IB/SHARP ; OOB eth0:10.35.4.12<0>
ip-0A23040C:73754:73754 [0] NCCL INFO Using network IBext
ip-0A23040F:91547:91547 [0] NCCL INFO NET/IB : Using [0]mlx5_ib0:1/IB/SHARP [1]mlx5_ib1:1/IB/SHARP [2]mlx5_ib2:1/IB/SHARP [3]mlx5_ib3:1/IB/SHARP [4]mlx5_ib4:1/IB/SHARP [5]mlx5_ib5:1/IB/SHARP [6]mlx5_ib6:1/IB/SHARP [7]mlx5_ib7:1/IB/SHARP ; OOB eth0:10.35.4.15<0>
ip-0A23040F:91547:91547 [0] NCCL INFO Using network IBext
ip-0A23040D:38189:38790 [0] NCCL INFO NCCL_P2P_LEVEL set by environment to LOC
ip-0A23040D:38189:38790 [0] NCCL INFO PXN Disabled as plugin is v4
ip-0A23040D:38189:38790 [0] NCCL INFO Setting affinity for GPU 0 to ff000000
ip-0A23040F:91547:92140 [0] NCCL INFO NCCL_P2P_LEVEL set by environment to LOC
ip-0A23040D:38189:38790 [0] NCCL INFO NCCL_COLLNET_ENABLE set by environment to 1.
ip-0A23040F:91547:92140 [0] NCCL INFO PXN Disabled as plugin is v4
ip-0A23040E:75233:75827 [0] NCCL INFO NCCL_P2P_LEVEL set by environment to LOC
ip-0A23040F:91547:92140 [0] NCCL INFO Setting affinity for GPU 0 to ff000000
ip-0A230412:32313:32896 [0] NCCL INFO NCCL_P2P_LEVEL set by environment to LOC
ip-0A23040E:75233:75827 [0] NCCL INFO PXN Disabled as plugin is v4
ip-0A23040F:91547:92140 [0] NCCL INFO NCCL_COLLNET_ENABLE set by environment to 1.
ip-0A23040C:73754:74340 [0] NCCL INFO NCCL_P2P_LEVEL set by environment to LOC
ip-0A23040B:48758:49354 [0] NCCL INFO NCCL_P2P_LEVEL set by environment to LOC
ip-0A23040E:75233:75827 [0] NCCL INFO Setting affinity for GPU 0 to ff000000
ip-0A230412:32313:32896 [0] NCCL INFO PXN Disabled as plugin is v4
ip-0A23040C:73754:74340 [0] NCCL INFO PXN Disabled as plugin is v4
ip-0A23040E:75233:75827 [0] NCCL INFO NCCL_COLLNET_ENABLE set by environment to 1.
ip-0A23040B:48758:49354 [0] NCCL INFO PXN Disabled as plugin is v4
ip-0A230412:32313:32896 [0] NCCL INFO Setting affinity for GPU 0 to ff000000
ip-0A230417:65359:65952 [0] NCCL INFO NCCL_P2P_LEVEL set by environment to LOC
ip-0A23040C:73754:74340 [0] NCCL INFO Setting affinity for GPU 0 to ff000000
ip-0A23040B:48758:49354 [0] NCCL INFO Setting affinity for GPU 0 to ff000000
ip-0A230412:32313:32896 [0] NCCL INFO NCCL_COLLNET_ENABLE set by environment to 1.
ip-0A23040C:73754:74340 [0] NCCL INFO NCCL_COLLNET_ENABLE set by environment to 1.
ip-0A230417:65359:65952 [0] NCCL INFO PXN Disabled as plugin is v4
ip-0A23040B:48758:49354 [0] NCCL INFO NCCL_COLLNET_ENABLE set by environment to 1.
ip-0A230408:74467:75056 [0] NCCL INFO NCCL_P2P_LEVEL set by environment to LOC
ip-0A230417:65359:65952 [0] NCCL INFO Setting affinity for GPU 0 to ff000000
ip-0A23041D:30572:31167 [0] NCCL INFO NCCL_P2P_LEVEL set by environment to LOC
ip-0A23041A:24890:25488 [0] NCCL INFO NCCL_P2P_LEVEL set by environment to LOC
ip-0A230414:28624:29214 [0] NCCL INFO NCCL_P2P_LEVEL set by environment to LOC
ip-0A230417:65359:65952 [0] NCCL INFO NCCL_COLLNET_ENABLE set by environment to 1.
ip-0A230408:74467:75056 [0] NCCL INFO PXN Disabled as plugin is v4
ip-0A23041D:30572:31167 [0] NCCL INFO PXN Disabled as plugin is v4
ip-0A230408:74467:75056 [0] NCCL INFO Setting affinity for GPU 0 to ff000000
ip-0A230406:12917:13509 [0] NCCL INFO NCCL_P2P_LEVEL set by environment to LOC
ip-0A230414:28624:29214 [0] NCCL INFO PXN Disabled as plugin is v4
ip-0A23041A:24890:25488 [0] NCCL INFO PXN Disabled as plugin is v4
ip-0A23041D:30572:31167 [0] NCCL INFO Setting affinity for GPU 0 to ff000000
ip-0A230408:74467:75056 [0] NCCL INFO NCCL_COLLNET_ENABLE set by environment to 1.
ip-0A230414:28624:29214 [0] NCCL INFO Setting affinity for GPU 0 to ff000000
ip-0A230410:62983:63570 [0] NCCL INFO NCCL_P2P_LEVEL set by environment to LOC
ip-0A23041A:24890:25488 [0] NCCL INFO Setting affinity for GPU 0 to ff000000
ip-0A23041D:30572:31167 [0] NCCL INFO NCCL_COLLNET_ENABLE set by environment to 1.
ip-0A230406:12917:13509 [0] NCCL INFO PXN Disabled as plugin is v4
ip-0A230413:76059:76644 [0] NCCL INFO NCCL_P2P_LEVEL set by environment to LOC
ip-0A230414:28624:29214 [0] NCCL INFO NCCL_COLLNET_ENABLE set by environment to 1.
ip-0A23041A:24890:25488 [0] NCCL INFO NCCL_COLLNET_ENABLE set by environment to 1.
ip-0A230410:62983:63570 [0] NCCL INFO PXN Disabled as plugin is v4
ip-0A230406:12917:13509 [0] NCCL INFO Setting affinity for GPU 0 to ff000000
ip-0A230406:12917:13509 [0] NCCL INFO NCCL_COLLNET_ENABLE set by environment to 1.
ip-0A230410:62983:63570 [0] NCCL INFO Setting affinity for GPU 0 to ff000000
ip-0A230413:76059:76644 [0] NCCL INFO PXN Disabled as plugin is v4
ip-0A230410:62983:63570 [0] NCCL INFO NCCL_COLLNET_ENABLE set by environment to 1.
ip-0A230413:76059:76644 [0] NCCL INFO Setting affinity for GPU 0 to ff000000
ip-0A230413:76059:76644 [0] NCCL INFO NCCL_COLLNET_ENABLE set by environment to 1.
ip-0A230407:65195:65786 [0] NCCL INFO NCCL_P2P_LEVEL set by environment to LOC
ip-0A230407:65195:65786 [0] NCCL INFO PXN Disabled as plugin is v4
ip-0A230407:65195:65786 [0] NCCL INFO Setting affinity for GPU 0 to ff000000
ip-0A230405:27455:28030 [0] NCCL INFO NCCL_P2P_LEVEL set by environment to LOC
ip-0A230407:65195:65786 [0] NCCL INFO NCCL_COLLNET_ENABLE set by environment to 1.
ip-0A230405:27455:28030 [0] NCCL INFO PXN Disabled as plugin is v4
ip-0A230405:27455:28030 [0] NCCL INFO Setting affinity for GPU 0 to ff000000
ip-0A230405:27455:28030 [0] NCCL INFO NCCL_COLLNET_ENABLE set by environment to 1.
ip-0A230407:65195:65786 [0] NCCL INFO Trees [0] 10/14/-1->12->8 [1] -1/-1/-1->12->13
ip-0A23040B:48758:49354 [0] NCCL INFO Trees [0] -1/-1/-1->13->14 [1] 14/12/-1->13->11
ip-0A23040E:75233:75827 [0] NCCL INFO Trees [0] 13/15/-1->14->12 [1] -1/-1/-1->14->13
ip-0A23040C:73754:74340 [0] NCCL INFO Trees [0] -1/-1/-1->15->14 [1] 7/-1/-1->15->-1
ip-0A23040D:38189:38790 [0] NCCL INFO Channel 00/02 :    0   1   2   3   4   5   6   7   8   9  10  11  12  13  14  15
ip-0A23040D:38189:38790 [0] NCCL INFO Channel 01/02 :    0   1   2   3   4   5   6   7   8   9  10  11  12  13  14  15
ip-0A23040D:38189:38790 [0] NCCL INFO Trees [0] 8/-1/-1->0->-1 [1] -1/-1/-1->0->1
ip-0A23040F:91547:92140 [0] NCCL INFO Trees [0] -1/-1/-1->1->2 [1] 2/0/-1->1->3
ip-0A230410:62983:63570 [0] NCCL INFO Trees [0] 1/3/-1->2->4 [1] -1/-1/-1->2->1
ip-0A230412:32313:32896 [0] NCCL INFO Trees [0] -1/-1/-1->3->2 [1] 5/1/-1->3->7
ip-0A230413:76059:76644 [0] NCCL INFO Trees [0] 2/6/-1->4->8 [1] -1/-1/-1->4->5
ip-0A230414:28624:29214 [0] NCCL INFO Trees [0] -1/-1/-1->5->6 [1] 6/4/-1->5->3
ip-0A230417:65359:65952 [0] NCCL INFO Trees [0] 5/7/-1->6->4 [1] -1/-1/-1->6->5
ip-0A230406:12917:13509 [0] NCCL INFO Trees [0] -1/-1/-1->7->6 [1] 11/3/-1->7->15
ip-0A230405:27455:28030 [0] NCCL INFO Trees [0] -1/-1/-1->11->10 [1] 13/9/-1->11->7
ip-0A230408:74467:75056 [0] NCCL INFO Trees [0] 4/12/-1->8->0 [1] -1/-1/-1->8->9
ip-0A23041A:24890:25488 [0] NCCL INFO Trees [0] -1/-1/-1->9->10 [1] 10/8/-1->9->11
ip-0A23041D:30572:31167 [0] NCCL INFO Trees [0] 9/11/-1->10->12 [1] -1/-1/-1->10->9
ip-0A230407:65195:65786 [0] NCCL INFO Channel 00/0 : 11[100000] -> 12[100000] [receive] via NET/IBext/0
ip-0A23040B:48758:49354 [0] NCCL INFO Channel 00/0 : 12[100000] -> 13[100000] [receive] via NET/IBext/0
ip-0A23040E:75233:75827 [0] NCCL INFO Channel 00/0 : 13[100000] -> 14[100000] [receive] via NET/IBext/0
ip-0A230407:65195:65786 [0] NCCL INFO Channel 01/0 : 11[100000] -> 12[100000] [receive] via NET/IBext/0
ip-0A230407:65195:65786 [0] NCCL INFO Channel 00/0 : 12[100000] -> 13[100000] [send] via NET/IBext/0
ip-0A230407:65195:65786 [0] NCCL INFO Channel 01/0 : 12[100000] -> 13[100000] [send] via NET/IBext/0
ip-0A23040E:75233:75827 [0] NCCL INFO Channel 01/0 : 13[100000] -> 14[100000] [receive] via NET/IBext/0
ip-0A23040B:48758:49354 [0] NCCL INFO Channel 01/0 : 12[100000] -> 13[100000] [receive] via NET/IBext/0
ip-0A23040E:75233:75827 [0] NCCL INFO Channel 00/0 : 14[100000] -> 15[100000] [send] via NET/IBext/0
ip-0A23040B:48758:49354 [0] NCCL INFO Channel 00/0 : 13[100000] -> 14[100000] [send] via NET/IBext/0
ip-0A23040D:38189:38790 [0] NCCL INFO Channel 00/0 : 15[100000] -> 0[100000] [receive] via NET/IBext/0
ip-0A23040C:73754:74340 [0] NCCL INFO Channel 00/0 : 14[100000] -> 15[100000] [receive] via NET/IBext/0
ip-0A23040E:75233:75827 [0] NCCL INFO Channel 01/0 : 14[100000] -> 15[100000] [send] via NET/IBext/0
ip-0A23040D:38189:38790 [0] NCCL INFO Channel 01/0 : 15[100000] -> 0[100000] [receive] via NET/IBext/0
ip-0A23040F:91547:92140 [0] NCCL INFO Channel 00/0 : 0[100000] -> 1[100000] [receive] via NET/IBext/0
ip-0A230410:62983:63570 [0] NCCL INFO Channel 00/0 : 1[100000] -> 2[100000] [receive] via NET/IBext/0
ip-0A23040D:38189:38790 [0] NCCL INFO Channel 00/0 : 0[100000] -> 1[100000] [send] via NET/IBext/0
ip-0A23040C:73754:74340 [0] NCCL INFO Channel 01/0 : 14[100000] -> 15[100000] [receive] via NET/IBext/0
ip-0A23040C:73754:74340 [0] NCCL INFO Channel 00/0 : 15[100000] -> 0[100000] [send] via NET/IBext/0
ip-0A23040B:48758:49354 [0] NCCL INFO Channel 01/0 : 13[100000] -> 14[100000] [send] via NET/IBext/0
ip-0A23040D:38189:38790 [0] NCCL INFO Channel 01/0 : 0[100000] -> 1[100000] [send] via NET/IBext/0
ip-0A23040F:91547:92140 [0] NCCL INFO Channel 01/0 : 0[100000] -> 1[100000] [receive] via NET/IBext/0
ip-0A230410:62983:63570 [0] NCCL INFO Channel 01/0 : 1[100000] -> 2[100000] [receive] via NET/IBext/0
ip-0A23040F:91547:92140 [0] NCCL INFO Channel 00/0 : 1[100000] -> 2[100000] [send] via NET/IBext/0
ip-0A23040C:73754:74340 [0] NCCL INFO Channel 01/0 : 15[100000] -> 0[100000] [send] via NET/IBext/0
ip-0A230410:62983:63570 [0] NCCL INFO Channel 00/0 : 2[100000] -> 3[100000] [send] via NET/IBext/0
ip-0A230412:32313:32896 [0] NCCL INFO Channel 00/0 : 2[100000] -> 3[100000] [receive] via NET/IBext/0
ip-0A23040F:91547:92140 [0] NCCL INFO Channel 01/0 : 1[100000] -> 2[100000] [send] via NET/IBext/0
ip-0A230410:62983:63570 [0] NCCL INFO Channel 01/0 : 2[100000] -> 3[100000] [send] via NET/IBext/0
ip-0A230413:76059:76644 [0] NCCL INFO Channel 00/0 : 3[100000] -> 4[100000] [receive] via NET/IBext/0
ip-0A230406:12917:13509 [0] NCCL INFO Channel 00/0 : 6[100000] -> 7[100000] [receive] via NET/IBext/0
ip-0A230408:74467:75056 [0] NCCL INFO Channel 00/0 : 7[100000] -> 8[100000] [receive] via NET/IBext/0
ip-0A230412:32313:32896 [0] NCCL INFO Channel 01/0 : 2[100000] -> 3[100000] [receive] via NET/IBext/0
ip-0A230414:28624:29214 [0] NCCL INFO Channel 00/0 : 4[100000] -> 5[100000] [receive] via NET/IBext/0
ip-0A230412:32313:32896 [0] NCCL INFO Channel 00/0 : 3[100000] -> 4[100000] [send] via NET/IBext/0
ip-0A230412:32313:32896 [0] NCCL INFO Channel 01/0 : 3[100000] -> 4[100000] [send] via NET/IBext/0
ip-0A230417:65359:65952 [0] NCCL INFO Channel 00/0 : 5[100000] -> 6[100000] [receive] via NET/IBext/0
ip-0A230406:12917:13509 [0] NCCL INFO Channel 01/0 : 6[100000] -> 7[100000] [receive] via NET/IBext/0
ip-0A230405:27455:28030 [0] NCCL INFO Channel 00/0 : 10[100000] -> 11[100000] [receive] via NET/IBext/0
ip-0A230413:76059:76644 [0] NCCL INFO Channel 01/0 : 3[100000] -> 4[100000] [receive] via NET/IBext/0
ip-0A230406:12917:13509 [0] NCCL INFO Channel 00/0 : 7[100000] -> 8[100000] [send] via NET/IBext/0
ip-0A230414:28624:29214 [0] NCCL INFO Channel 01/0 : 4[100000] -> 5[100000] [receive] via NET/IBext/0
ip-0A230408:74467:75056 [0] NCCL INFO Channel 01/0 : 7[100000] -> 8[100000] [receive] via NET/IBext/0
ip-0A230413:76059:76644 [0] NCCL INFO Channel 00/0 : 4[100000] -> 5[100000] [send] via NET/IBext/0
ip-0A230414:28624:29214 [0] NCCL INFO Channel 00/0 : 5[100000] -> 6[100000] [send] via NET/IBext/0
ip-0A230408:74467:75056 [0] NCCL INFO Channel 00/0 : 8[100000] -> 9[100000] [send] via NET/IBext/0
ip-0A230413:76059:76644 [0] NCCL INFO Channel 01/0 : 4[100000] -> 5[100000] [send] via NET/IBext/0
ip-0A230417:65359:65952 [0] NCCL INFO Channel 01/0 : 5[100000] -> 6[100000] [receive] via NET/IBext/0
ip-0A230417:65359:65952 [0] NCCL INFO Channel 00/0 : 6[100000] -> 7[100000] [send] via NET/IBext/0
ip-0A23041A:24890:25488 [0] NCCL INFO Channel 00/0 : 8[100000] -> 9[100000] [receive] via NET/IBext/0
ip-0A230406:12917:13509 [0] NCCL INFO Channel 01/0 : 7[100000] -> 8[100000] [send] via NET/IBext/0
ip-0A230405:27455:28030 [0] NCCL INFO Channel 01/0 : 10[100000] -> 11[100000] [receive] via NET/IBext/0
ip-0A230405:27455:28030 [0] NCCL INFO Channel 00/0 : 11[100000] -> 12[100000] [send] via NET/IBext/0
ip-0A230414:28624:29214 [0] NCCL INFO Channel 01/0 : 5[100000] -> 6[100000] [send] via NET/IBext/0
ip-0A230408:74467:75056 [0] NCCL INFO Channel 01/0 : 8[100000] -> 9[100000] [send] via NET/IBext/0
ip-0A23041D:30572:31167 [0] NCCL INFO Channel 00/0 : 9[100000] -> 10[100000] [receive] via NET/IBext/0
ip-0A230417:65359:65952 [0] NCCL INFO Channel 01/0 : 6[100000] -> 7[100000] [send] via NET/IBext/0
ip-0A230405:27455:28030 [0] NCCL INFO Channel 01/0 : 11[100000] -> 12[100000] [send] via NET/IBext/0
ip-0A23041A:24890:25488 [0] NCCL INFO Channel 01/0 : 8[100000] -> 9[100000] [receive] via NET/IBext/0
ip-0A23041A:24890:25488 [0] NCCL INFO Channel 00/0 : 9[100000] -> 10[100000] [send] via NET/IBext/0
ip-0A23041D:30572:31167 [0] NCCL INFO Channel 01/0 : 9[100000] -> 10[100000] [receive] via NET/IBext/0
ip-0A23041A:24890:25488 [0] NCCL INFO Channel 01/0 : 9[100000] -> 10[100000] [send] via NET/IBext/0
ip-0A23041D:30572:31167 [0] NCCL INFO Channel 00/0 : 10[100000] -> 11[100000] [send] via NET/IBext/0
ip-0A23041D:30572:31167 [0] NCCL INFO Channel 01/0 : 10[100000] -> 11[100000] [send] via NET/IBext/0
ip-0A230408:74467:75056 [0] NCCL INFO Connected all rings
ip-0A230414:28624:29214 [0] NCCL INFO Connected all rings
ip-0A23041A:24890:25488 [0] NCCL INFO Connected all rings
ip-0A230410:62983:63570 [0] NCCL INFO Connected all rings
ip-0A23040C:73754:74340 [0] NCCL INFO Connected all rings
ip-0A230413:76059:76644 [0] NCCL INFO Connected all rings
ip-0A23040E:75233:75827 [0] NCCL INFO Connected all rings
ip-0A230412:32313:32896 [0] NCCL INFO Connected all rings
ip-0A23040D:38189:38790 [0] NCCL INFO Connected all rings
ip-0A23040B:48758:49354 [0] NCCL INFO Connected all rings
ip-0A230405:27455:28030 [0] NCCL INFO Connected all rings
ip-0A23040F:91547:92140 [0] NCCL INFO Connected all rings
ip-0A230407:65195:65786 [0] NCCL INFO Connected all rings
ip-0A230406:12917:13509 [0] NCCL INFO Connected all rings
ip-0A23041D:30572:31167 [0] NCCL INFO Connected all rings
ip-0A230417:65359:65952 [0] NCCL INFO Connected all rings
ip-0A230414:28624:29214 [0] NCCL INFO Channel 01/0 : 3[100000] -> 5[100000] [receive] via NET/IBext/0
ip-0A23041A:24890:25488 [0] NCCL INFO Channel 01/0 : 9[100000] -> 11[100000] [send] via NET/IBext/0
ip-0A230408:74467:75056 [0] NCCL INFO Channel 00/0 : 4[100000] -> 8[100000] [receive] via NET/IBext/0
ip-0A230408:74467:75056 [0] NCCL INFO Channel 00/0 : 8[100000] -> 12[100000] [send] via NET/IBext/0
ip-0A23040C:73754:74340 [0] NCCL INFO Channel 01/0 : 7[100000] -> 15[100000] [receive] via NET/IBext/0
ip-0A23040C:73754:74340 [0] NCCL INFO Channel 01/0 : 15[100000] -> 7[100000] [send] via NET/IBext/0
ip-0A230410:62983:63570 [0] NCCL INFO Channel 00/0 : 2[100000] -> 4[100000] [send] via NET/IBext/0
ip-0A23040E:75233:75827 [0] NCCL INFO Channel 00/0 : 12[100000] -> 14[100000] [receive] via NET/IBext/0
ip-0A230413:76059:76644 [0] NCCL INFO Channel 00/0 : 2[100000] -> 4[100000] [receive] via NET/IBext/0
ip-0A230413:76059:76644 [0] NCCL INFO Channel 00/0 : 4[100000] -> 6[100000] [send] via NET/IBext/0
ip-0A23040B:48758:49354 [0] NCCL INFO Channel 01/0 : 11[100000] -> 13[100000] [receive] via NET/IBext/0
ip-0A23040F:91547:92140 [0] NCCL INFO Channel 01/0 : 1[100000] -> 3[100000] [send] via NET/IBext/0
ip-0A23040D:38189:38790 [0] NCCL INFO Channel 00/0 : 8[100000] -> 0[100000] [receive] via NET/IBext/0
ip-0A23041D:30572:31167 [0] NCCL INFO Channel 00/0 : 10[100000] -> 12[100000] [send] via NET/IBext/0
ip-0A23040D:38189:38790 [0] NCCL INFO Channel 00/0 : 0[100000] -> 8[100000] [send] via NET/IBext/0
ip-0A230412:32313:32896 [0] NCCL INFO Channel 01/0 : 1[100000] -> 3[100000] [receive] via NET/IBext/0
ip-0A230406:12917:13509 [0] NCCL INFO Channel 01/0 : 3[100000] -> 7[100000] [receive] via NET/IBext/0
ip-0A230412:32313:32896 [0] NCCL INFO Channel 01/0 : 3[100000] -> 5[100000] [send] via NET/IBext/0
ip-0A230406:12917:13509 [0] NCCL INFO Channel 01/0 : 7[100000] -> 11[100000] [send] via NET/IBext/0
ip-0A230405:27455:28030 [0] NCCL INFO Channel 01/0 : 9[100000] -> 11[100000] [receive] via NET/IBext/0
ip-0A230405:27455:28030 [0] NCCL INFO Channel 01/0 : 11[100000] -> 13[100000] [send] via NET/IBext/0
ip-0A230407:65195:65786 [0] NCCL INFO Channel 00/0 : 10[100000] -> 12[100000] [receive] via NET/IBext/0
ip-0A230407:65195:65786 [0] NCCL INFO Channel 00/0 : 12[100000] -> 14[100000] [send] via NET/IBext/0
ip-0A230417:65359:65952 [0] NCCL INFO Channel 00/0 : 4[100000] -> 6[100000] [receive] via NET/IBext/0
ip-0A230410:62983:63570 [0] NCCL INFO Channel 00/0 : 4[100000] -> 2[100000] [receive] via NET/IBext/0
ip-0A23040F:91547:92140 [0] NCCL INFO Channel 01/0 : 3[100000] -> 1[100000] [receive] via NET/IBext/0
ip-0A23041A:24890:25488 [0] NCCL INFO Channel 01/0 : 11[100000] -> 9[100000] [receive] via NET/IBext/0
ip-0A23041D:30572:31167 [0] NCCL INFO Channel 00/0 : 12[100000] -> 10[100000] [receive] via NET/IBext/0
ip-0A230414:28624:29214 [0] NCCL INFO Channel 01/0 : 5[100000] -> 3[100000] [send] via NET/IBext/0
ip-0A23040B:48758:49354 [0] NCCL INFO Channel 01/0 : 13[100000] -> 11[100000] [send] via NET/IBext/0
ip-0A23040E:75233:75827 [0] NCCL INFO Channel 00/0 : 14[100000] -> 12[100000] [send] via NET/IBext/0
ip-0A230417:65359:65952 [0] NCCL INFO Channel 00/0 : 6[100000] -> 4[100000] [send] via NET/IBext/0
ip-0A230412:32313:32896 [0] NCCL INFO Channel 01/0 : 3[100000] -> 7[100000] [send] via NET/IBext/0
ip-0A230405:27455:28030 [0] NCCL INFO Channel 01/0 : 7[100000] -> 11[100000] [receive] via NET/IBext/0
ip-0A230407:65195:65786 [0] NCCL INFO Channel 00/0 : 8[100000] -> 12[100000] [receive] via NET/IBext/0
ip-0A230413:76059:76644 [0] NCCL INFO Channel 00/0 : 4[100000] -> 8[100000] [send] via NET/IBext/0
ip-0A230412:32313:32896 [0] NCCL INFO Channel 01/0 : 7[100000] -> 3[100000] [receive] via NET/IBext/0
ip-0A230413:76059:76644 [0] NCCL INFO Channel 00/0 : 8[100000] -> 4[100000] [receive] via NET/IBext/0
ip-0A230407:65195:65786 [0] NCCL INFO Channel 00/0 : 12[100000] -> 8[100000] [send] via NET/IBext/0
ip-0A230405:27455:28030 [0] NCCL INFO Channel 01/0 : 11[100000] -> 7[100000] [send] via NET/IBext/0
ip-0A230408:74467:75056 [0] NCCL INFO Channel 00/0 : 0[100000] -> 8[100000] [receive] via NET/IBext/0
ip-0A230408:74467:75056 [0] NCCL INFO Channel 00/0 : 8[100000] -> 0[100000] [send] via NET/IBext/0
ip-0A230406:12917:13509 [0] NCCL INFO Channel 01/0 : 15[100000] -> 7[100000] [receive] via NET/IBext/0
ip-0A230406:12917:13509 [0] NCCL INFO Channel 01/0 : 7[100000] -> 15[100000] [send] via NET/IBext/0
ip-0A230408:74467:75056 [0] NCCL INFO Channel 00/0 : 12[100000] -> 8[100000] [receive] via NET/IBext/0
ip-0A230408:74467:75056 [0] NCCL INFO Channel 00/0 : 8[100000] -> 4[100000] [send] via NET/IBext/0
ip-0A23040C:73754:74340 [0] NCCL INFO Channel 00/0 : 15[100000] -> 14[100000] [send] via NET/IBext/0
ip-0A23040D:38189:38790 [0] NCCL INFO Channel 01/0 : 1[100000] -> 0[100000] [receive] via NET/IBext/0
ip-0A230406:12917:13509 [0] NCCL INFO Channel 01/0 : 11[100000] -> 7[100000] [receive] via NET/IBext/0
ip-0A230406:12917:13509 [0] NCCL INFO Channel 01/0 : 7[100000] -> 3[100000] [send] via NET/IBext/0
ip-0A230408:74467:75056 [0] NCCL INFO Channel 01/0 : 9[100000] -> 8[100000] [receive] via NET/IBext/0
ip-0A230407:65195:65786 [0] NCCL INFO Channel 00/0 : 14[100000] -> 12[100000] [receive] via NET/IBext/0
ip-0A230407:65195:65786 [0] NCCL INFO Channel 00/0 : 12[100000] -> 10[100000] [send] via NET/IBext/0
ip-0A230413:76059:76644 [0] NCCL INFO Channel 00/0 : 6[100000] -> 4[100000] [receive] via NET/IBext/0
ip-0A230413:76059:76644 [0] NCCL INFO Channel 00/0 : 4[100000] -> 2[100000] [send] via NET/IBext/0
ip-0A230405:27455:28030 [0] NCCL INFO Channel 01/0 : 13[100000] -> 11[100000] [receive] via NET/IBext/0
ip-0A230405:27455:28030 [0] NCCL INFO Channel 01/0 : 11[100000] -> 9[100000] [send] via NET/IBext/0
ip-0A230406:12917:13509 [0] NCCL INFO Channel 00/0 : 7[100000] -> 6[100000] [send] via NET/IBext/0
ip-0A230412:32313:32896 [0] NCCL INFO Channel 01/0 : 5[100000] -> 3[100000] [receive] via NET/IBext/0
ip-0A230417:65359:65952 [0] NCCL INFO Channel 00/0 : 7[100000] -> 6[100000] [receive] via NET/IBext/0
ip-0A230417:65359:65952 [0] NCCL INFO Channel 00/0 : 6[100000] -> 5[100000] [send] via NET/IBext/0
ip-0A230417:65359:65952 [0] NCCL INFO Channel 01/0 : 6[100000] -> 5[100000] [send] via NET/IBext/0
ip-0A230412:32313:32896 [0] NCCL INFO Channel 01/0 : 3[100000] -> 1[100000] [send] via NET/IBext/0
ip-0A23041D:30572:31167 [0] NCCL INFO Channel 00/0 : 11[100000] -> 10[100000] [receive] via NET/IBext/0
ip-0A23041D:30572:31167 [0] NCCL INFO Channel 00/0 : 10[100000] -> 9[100000] [send] via NET/IBext/0
ip-0A23041D:30572:31167 [0] NCCL INFO Channel 01/0 : 10[100000] -> 9[100000] [send] via NET/IBext/0
ip-0A230410:62983:63570 [0] NCCL INFO Channel 00/0 : 3[100000] -> 2[100000] [receive] via NET/IBext/0
ip-0A230410:62983:63570 [0] NCCL INFO Channel 00/0 : 2[100000] -> 1[100000] [send] via NET/IBext/0
ip-0A230410:62983:63570 [0] NCCL INFO Channel 01/0 : 2[100000] -> 1[100000] [send] via NET/IBext/0
ip-0A230407:65195:65786 [0] NCCL INFO Channel 01/0 : 13[100000] -> 12[100000] [receive] via NET/IBext/0
ip-0A23040E:75233:75827 [0] NCCL INFO Channel 00/0 : 15[100000] -> 14[100000] [receive] via NET/IBext/0
ip-0A23040E:75233:75827 [0] NCCL INFO Channel 00/0 : 14[100000] -> 13[100000] [send] via NET/IBext/0
ip-0A23040E:75233:75827 [0] NCCL INFO Channel 01/0 : 14[100000] -> 13[100000] [send] via NET/IBext/0
ip-0A230413:76059:76644 [0] NCCL INFO Channel 01/0 : 5[100000] -> 4[100000] [receive] via NET/IBext/0
ip-0A23040B:48758:49354 [0] NCCL INFO Channel 00/0 : 14[100000] -> 13[100000] [receive] via NET/IBext/0
ip-0A23040B:48758:49354 [0] NCCL INFO Channel 01/0 : 14[100000] -> 13[100000] [receive] via NET/IBext/0
ip-0A23040B:48758:49354 [0] NCCL INFO Channel 01/0 : 13[100000] -> 12[100000] [send] via NET/IBext/0
ip-0A230406:12917:13509 [0] NCCL INFO Connected all trees
ip-0A230406:12917:13509 [0] NCCL INFO CollNet 00 : 7 [receive] via COLLNET/SHARP/0
ip-0A23041A:24890:25488 [0] NCCL INFO Channel 00/0 : 10[100000] -> 9[100000] [receive] via NET/IBext/0
ip-0A23041A:24890:25488 [0] NCCL INFO Channel 01/0 : 10[100000] -> 9[100000] [receive] via NET/IBext/0
ip-0A23041A:24890:25488 [0] NCCL INFO Channel 01/0 : 9[100000] -> 8[100000] [send] via NET/IBext/0
ip-0A230405:27455:28030 [0] NCCL INFO Channel 00/0 : 11[100000] -> 10[100000] [send] via NET/IBext/0
ip-0A23040C:73754:74340 [0] NCCL INFO Connected all trees
ip-0A23040C:73754:74340 [0] NCCL INFO CollNet 00 : 15 [receive] via COLLNET/SHARP/0
ip-0A230405:27455:28030 [0] NCCL INFO Connected all trees
ip-0A230405:27455:28030 [0] NCCL INFO CollNet 00 : 11 [receive] via COLLNET/SHARP/0
ip-0A230408:74467:75056 [0] NCCL INFO Connected all trees
ip-0A230408:74467:75056 [0] NCCL INFO CollNet 00 : 8 [receive] via COLLNET/SHARP/0
ip-0A230407:65195:65786 [0] NCCL INFO Connected all trees
ip-0A230407:65195:65786 [0] NCCL INFO CollNet 00 : 12 [receive] via COLLNET/SHARP/0
ip-0A23040E:75233:75827 [0] NCCL INFO Connected all trees
ip-0A23041A:24890:25488 [0] NCCL INFO Connected all trees
ip-0A23040B:48758:49354 [0] NCCL INFO Connected all trees
ip-0A23041D:30572:31167 [0] NCCL INFO Connected all trees
ip-0A230414:28624:29214 [0] NCCL INFO Channel 00/0 : 6[100000] -> 5[100000] [receive] via NET/IBext/0
ip-0A230414:28624:29214 [0] NCCL INFO Channel 01/0 : 6[100000] -> 5[100000] [receive] via NET/IBext/0
ip-0A230414:28624:29214 [0] NCCL INFO Channel 01/0 : 5[100000] -> 4[100000] [send] via NET/IBext/0
ip-0A230412:32313:32896 [0] NCCL INFO Channel 00/0 : 3[100000] -> 2[100000] [send] via NET/IBext/0
ip-0A23040F:91547:92140 [0] NCCL INFO Channel 00/0 : 2[100000] -> 1[100000] [receive] via NET/IBext/0
ip-0A23040F:91547:92140 [0] NCCL INFO Channel 01/0 : 2[100000] -> 1[100000] [receive] via NET/IBext/0
ip-0A23040F:91547:92140 [0] NCCL INFO Channel 01/0 : 1[100000] -> 0[100000] [send] via NET/IBext/0
ip-0A230413:76059:76644 [0] NCCL INFO Connected all trees
ip-0A230412:32313:32896 [0] NCCL INFO Connected all trees
ip-0A230413:76059:76644 [0] NCCL INFO CollNet 00 : 4 [receive] via COLLNET/SHARP/0
ip-0A230412:32313:32896 [0] NCCL INFO CollNet 00 : 3 [receive] via COLLNET/SHARP/0
ip-0A230414:28624:29214 [0] NCCL INFO Connected all trees
ip-0A23041D:30572:31167 [0] NCCL INFO CollNet 00 : 10 [receive] via COLLNET/SHARP/0
ip-0A23041A:24890:25488 [0] NCCL INFO CollNet 00 : 9 [receive] via COLLNET/SHARP/0
ip-0A23040E:75233:75827 [0] NCCL INFO CollNet 00 : 14 [receive] via COLLNET/SHARP/0
ip-0A23040D:38189:38790 [0] NCCL INFO Connected all trees
ip-0A23040D:38189:38790 [0] NCCL INFO CollNet 00 : 0 [receive] via COLLNET/SHARP/0
ip-0A230417:65359:65952 [0] NCCL INFO Connected all trees
ip-0A23040B:48758:49354 [0] NCCL INFO CollNet 00 : 13 [receive] via COLLNET/SHARP/0
ip-0A23040F:91547:92140 [0] NCCL INFO Connected all trees
ip-0A230410:62983:63570 [0] NCCL INFO Connected all trees
ip-0A230414:28624:29214 [0] NCCL INFO CollNet 00 : 5 [receive] via COLLNET/SHARP/0
ip-0A230417:65359:65952 [0] NCCL INFO CollNet 00 : 6 [receive] via COLLNET/SHARP/0
ip-0A23040F:91547:92140 [0] NCCL INFO CollNet 00 : 1 [receive] via COLLNET/SHARP/0
ip-0A230410:62983:63570 [0] NCCL INFO CollNet 00 : 2 [receive] via COLLNET/SHARP/0
ip-0A230410:62983:63572 [0] NCCL INFO NCCL_SHARP_GROUP_SIZE_THRESH set by environment to 16.
ip-0A230412:32313:32898 [0] NCCL INFO NCCL_SHARP_GROUP_SIZE_THRESH set by environment to 16.
ip-0A230413:76059:76646 [0] NCCL INFO NCCL_SHARP_GROUP_SIZE_THRESH set by environment to 16.
ip-0A230414:28624:29216 [0] NCCL INFO NCCL_SHARP_GROUP_SIZE_THRESH set by environment to 16.
ip-0A230417:65359:65954 [0] NCCL INFO NCCL_SHARP_GROUP_SIZE_THRESH set by environment to 16.
ip-0A230406:12917:13511 [0] NCCL INFO NCCL_SHARP_GROUP_SIZE_THRESH set by environment to 16.
ip-0A230408:74467:75058 [0] NCCL INFO NCCL_SHARP_GROUP_SIZE_THRESH set by environment to 16.
ip-0A23041A:24890:25490 [0] NCCL INFO NCCL_SHARP_GROUP_SIZE_THRESH set by environment to 16.
ip-0A23041D:30572:31169 [0] NCCL INFO NCCL_SHARP_GROUP_SIZE_THRESH set by environment to 16.
ip-0A230405:27455:28032 [0] NCCL INFO NCCL_SHARP_GROUP_SIZE_THRESH set by environment to 16.
ip-0A230407:65195:65788 [0] NCCL INFO NCCL_SHARP_GROUP_SIZE_THRESH set by environment to 16.
ip-0A23040B:48758:49356 [0] NCCL INFO NCCL_SHARP_GROUP_SIZE_THRESH set by environment to 16.
ip-0A23040E:75233:75830 [0] NCCL INFO NCCL_SHARP_GROUP_SIZE_THRESH set by environment to 16.
ip-0A23040D:38189:38793 [0] NCCL INFO NCCL_SHARP_GROUP_SIZE_THRESH set by environment to 16.
ip-0A23040F:91547:92142 [0] NCCL INFO NCCL_SHARP_GROUP_SIZE_THRESH set by environment to 16.
ip-0A23040C:73754:74342 [0] NCCL INFO NCCL_SHARP_GROUP_SIZE_THRESH set by environment to 16.
[ip-0A23040D:0:38189 - context.c:584] INFO job (ID: 2524862998225871818) resource request quota: ( osts:0 user_data_per_ost:0 max_groups:0 max_qps:1 max_group_channels:1, num_trees:1)
[ip-0A23040D:0:38189 unique id 0] ERROR No Aggregation Manager (sharp_am) detected in sharp_create_job.

[ip-0A23040D:0:38189 - context.c:601] ERROR sharp_create_job failed: No Aggregation Manager (sharp_am) detected(-52)
ip-0A230414:28624:29216 [0] NCCL INFO Sharp rank 5/16 initialized on mlx5_ib0:1

ip-0A230414:28624:29216 [0] sharp_plugin.c:288 NCCL WARN NET/IB :SHARP coll init error: Cannot create SHArP job(-11)

ip-0A230414:28624:29216 [0] NCCL INFO include/coll_net.h:21 -> 3
ip-0A230408:74467:75058 [0] NCCL INFO Sharp rank 8/16 initialized on mlx5_ib0:1

ip-0A230408:74467:75058 [0] sharp_plugin.c:288 NCCL WARN NET/IB :SHARP coll init error: Cannot create SHArP job(-11)

ip-0A230408:74467:75058 [0] NCCL INFO include/coll_net.h:21 -> 3
ip-0A23041A:24890:25490 [0] NCCL INFO Sharp rank 9/16 initialized on mlx5_ib0:1

ip-0A23041A:24890:25490 [0] sharp_plugin.c:288 NCCL WARN NET/IB :SHARP coll init error: Cannot create SHArP job(-11)

ip-0A23041A:24890:25490 [0] NCCL INFO include/coll_net.h:21 -> 3
ip-0A230414:28624:29214 [0] NCCL INFO transport.cc:222 -> 2

ip-0A230414:28624:29214 [0] transport.cc:253 NCCL WARN Cannot initialize CollNet, using point-to-point network instead
ip-0A230414:28624:29214 [0] NCCL INFO init.cc:765 -> 2
ip-0A230414:28624:29214 [0] NCCL INFO threadThresholds 8/8/64 | 128/8/64 | 8/8/512
ip-0A230414:28624:29214 [0] NCCL INFO 2 coll channels, 2 p2p channels, 2 p2p channels per peer
ip-0A230408:74467:75056 [0] NCCL INFO transport.cc:222 -> 2

ip-0A230408:74467:75056 [0] transport.cc:253 NCCL WARN Cannot initialize CollNet, using point-to-point network instead
ip-0A230408:74467:75056 [0] NCCL INFO init.cc:765 -> 2
ip-0A230408:74467:75056 [0] NCCL INFO threadThresholds 8/8/64 | 128/8/64 | 8/8/512
ip-0A230408:74467:75056 [0] NCCL INFO 2 coll channels, 2 p2p channels, 2 p2p channels per peer
ip-0A23041A:24890:25488 [0] NCCL INFO transport.cc:222 -> 2

ip-0A23041A:24890:25488 [0] transport.cc:253 NCCL WARN Cannot initialize CollNet, using point-to-point network instead
ip-0A23041A:24890:25488 [0] NCCL INFO init.cc:765 -> 2
ip-0A23041A:24890:25488 [0] NCCL INFO threadThresholds 8/8/64 | 128/8/64 | 8/8/512
ip-0A23041A:24890:25488 [0] NCCL INFO 2 coll channels, 2 p2p channels, 2 p2p channels per peer
ip-0A23040E:75233:75830 [0] NCCL INFO Sharp rank 14/16 initialized on mlx5_ib0:1

ip-0A23040E:75233:75830 [0] sharp_plugin.c:288 NCCL WARN NET/IB :SHARP coll init error: Cannot create SHArP job(-11)

ip-0A23040E:75233:75830 [0] NCCL INFO include/coll_net.h:21 -> 3
ip-0A230405:27455:28032 [0] NCCL INFO Sharp rank 11/16 initialized on mlx5_ib0:1

ip-0A230405:27455:28032 [0] sharp_plugin.c:288 NCCL WARN NET/IB :SHARP coll init error: Cannot create SHArP job(-11)

ip-0A230405:27455:28032 [0] NCCL INFO include/coll_net.h:21 -> 3
ip-0A230417:65359:65954 [0] NCCL INFO Sharp rank 6/16 initialized on mlx5_ib0:1

ip-0A230417:65359:65954 [0] sharp_plugin.c:288 NCCL WARN NET/IB :SHARP coll init error: Cannot create SHArP job(-11)

ip-0A230417:65359:65954 [0] NCCL INFO include/coll_net.h:21 -> 3
ip-0A23041D:30572:31169 [0] NCCL INFO Sharp rank 10/16 initialized on mlx5_ib0:1

ip-0A23041D:30572:31169 [0] sharp_plugin.c:288 NCCL WARN NET/IB :SHARP coll init error: Cannot create SHArP job(-11)

ip-0A23041D:30572:31169 [0] NCCL INFO include/coll_net.h:21 -> 3
ip-0A23040C:73754:74342 [0] NCCL INFO Sharp rank 15/16 initialized on mlx5_ib0:1

ip-0A23040C:73754:74342 [0] sharp_plugin.c:288 NCCL WARN NET/IB :SHARP coll init error: Cannot create SHArP job(-11)

ip-0A23040C:73754:74342 [0] NCCL INFO include/coll_net.h:21 -> 3
ip-0A230406:12917:13511 [0] NCCL INFO Sharp rank 7/16 initialized on mlx5_ib0:1

ip-0A230406:12917:13511 [0] sharp_plugin.c:288 NCCL WARN NET/IB :SHARP coll init error: Cannot create SHArP job(-11)

ip-0A230406:12917:13511 [0] NCCL INFO include/coll_net.h:21 -> 3
ip-0A23040E:75233:75827 [0] NCCL INFO transport.cc:222 -> 2

ip-0A23040E:75233:75827 [0] transport.cc:253 NCCL WARN Cannot initialize CollNet, using point-to-point network instead
ip-0A23040E:75233:75827 [0] NCCL INFO init.cc:765 -> 2
ip-0A230405:27455:28030 [0] NCCL INFO transport.cc:222 -> 2

ip-0A230405:27455:28030 [0] transport.cc:253 NCCL WARN Cannot initialize CollNet, using point-to-point network instead
ip-0A230405:27455:28030 [0] NCCL INFO init.cc:765 -> 2
ip-0A230405:27455:28030 [0] NCCL INFO threadThresholds 8/8/64 | 128/8/64 | 8/8/512
ip-0A230413:76059:76646 [0] NCCL INFO Sharp rank 4/16 initialized on mlx5_ib0:1

ip-0A230413:76059:76646 [0] sharp_plugin.c:288 NCCL WARN NET/IB :SHARP coll init error: Cannot create SHArP job(-11)

ip-0A23040F:91547:92142 [0] NCCL INFO Sharp rank 1/16 initialized on mlx5_ib0:1

ip-0A23040F:91547:92142 [0] sharp_plugin.c:288 NCCL WARN NET/IB :SHARP coll init error: Cannot create SHArP job(-11)

ip-0A23040F:91547:92142 [0] NCCL INFO include/coll_net.h:21 -> 3
ip-0A230407:65195:65788 [0] NCCL INFO Sharp rank 12/16 initialized on mlx5_ib0:1

ip-0A230407:65195:65788 [0] sharp_plugin.c:288 NCCL WARN NET/IB :SHARP coll init error: Cannot create SHArP job(-11)

ip-0A230407:65195:65788 [0] NCCL INFO include/coll_net.h:21 -> 3
ip-0A23040E:75233:75827 [0] NCCL INFO threadThresholds 8/8/64 | 128/8/64 | 8/8/512
ip-0A23040E:75233:75827 [0] NCCL INFO 2 coll channels, 2 p2p channels, 2 p2p channels per peer
ip-0A230405:27455:28030 [0] NCCL INFO 2 coll channels, 2 p2p channels, 2 p2p channels per peer
ip-0A230417:65359:65952 [0] NCCL INFO transport.cc:222 -> 2

ip-0A230417:65359:65952 [0] transport.cc:253 NCCL WARN Cannot initialize CollNet, using point-to-point network instead
ip-0A230417:65359:65952 [0] NCCL INFO init.cc:765 -> 2
ip-0A23040B:48758:49356 [0] NCCL INFO Sharp rank 13/16 initialized on mlx5_ib0:1

ip-0A23040B:48758:49356 [0] sharp_plugin.c:288 NCCL WARN NET/IB :SHARP coll init error: Cannot create SHArP job(-11)

ip-0A23040B:48758:49356 [0] NCCL INFO include/coll_net.h:21 -> 3
ip-0A23041D:30572:31167 [0] NCCL INFO transport.cc:222 -> 2

ip-0A23041D:30572:31167 [0] transport.cc:253 NCCL WARN Cannot initialize CollNet, using point-to-point network instead
ip-0A23041D:30572:31167 [0] NCCL INFO init.cc:765 -> 2
ip-0A23041D:30572:31167 [0] NCCL INFO threadThresholds 8/8/64 | 128/8/64 | 8/8/512
ip-0A23041D:30572:31167 [0] NCCL INFO 2 coll channels, 2 p2p channels, 2 p2p channels per peer
ip-0A230417:65359:65952 [0] NCCL INFO threadThresholds 8/8/64 | 128/8/64 | 8/8/512
ip-0A230417:65359:65952 [0] NCCL INFO 2 coll channels, 2 p2p channels, 2 p2p channels per peer
ip-0A230412:32313:32898 [0] NCCL INFO Sharp rank 3/16 initialized on mlx5_ib0:1

ip-0A230412:32313:32898 [0] sharp_plugin.c:288 NCCL WARN NET/IB :SHARP coll init error: Cannot create SHArP job(-11)

ip-0A230412:32313:32898 [0] NCCL INFO include/coll_net.h:21 -> 3
ip-0A230410:62983:63572 [0] NCCL INFO Sharp rank 2/16 initialized on mlx5_ib0:1

ip-0A230410:62983:63572 [0] sharp_plugin.c:288 NCCL WARN NET/IB :SHARP coll init error: Cannot create SHArP job(-11)

ip-0A230410:62983:63572 [0] NCCL INFO include/coll_net.h:21 -> 3
ip-0A23040C:73754:74340 [0] NCCL INFO transport.cc:222 -> 2

ip-0A23040C:73754:74340 [0] transport.cc:253 NCCL WARN Cannot initialize CollNet, using point-to-point network instead
ip-0A23040C:73754:74340 [0] NCCL INFO init.cc:765 -> 2
ip-0A23040C:73754:74340 [0] NCCL INFO threadThresholds 8/8/64 | 128/8/64 | 8/8/512
ip-0A23040C:73754:74340 [0] NCCL INFO 2 coll channels, 2 p2p channels, 2 p2p channels per peer
ip-0A23040F:91547:92140 [0] NCCL INFO transport.cc:222 -> 2

ip-0A23040F:91547:92140 [0] transport.cc:253 NCCL WARN Cannot initialize CollNet, using point-to-point network instead
ip-0A23040F:91547:92140 [0] NCCL INFO init.cc:765 -> 2
ip-0A23040F:91547:92140 [0] NCCL INFO threadThresholds 8/8/64 | 128/8/64 | 8/8/512
ip-0A23040F:91547:92140 [0] NCCL INFO 2 coll channels, 2 p2p channels, 2 p2p channels per peer
ip-0A230406:12917:13509 [0] NCCL INFO transport.cc:222 -> 2

ip-0A230406:12917:13509 [0] transport.cc:253 NCCL WARN Cannot initialize CollNet, using point-to-point network instead
ip-0A230406:12917:13509 [0] NCCL INFO init.cc:765 -> 2
ip-0A230406:12917:13509 [0] NCCL INFO threadThresholds 8/8/64 | 128/8/64 | 8/8/512
ip-0A230414:28624:29214 [0] NCCL INFO comm 0x14c20c008fb0 rank 5 nranks 16 cudaDev 0 busId 100000 - Init COMPLETE
ip-0A230413:76059:76646 [0] NCCL INFO include/coll_net.h:21 -> 3
ip-0A230406:12917:13509 [0] NCCL INFO 2 coll channels, 2 p2p channels, 2 p2p channels per peer
ip-0A230407:65195:65786 [0] NCCL INFO transport.cc:222 -> 2

ip-0A230407:65195:65786 [0] transport.cc:253 NCCL WARN Cannot initialize CollNet, using point-to-point network instead
ip-0A230407:65195:65786 [0] NCCL INFO init.cc:765 -> 2
