ip-0A230407:40117:40764 [4] NCCL INFO NCCL_SHARP_GROUP_SIZE_THRESH set by environment to 16.
ip-0A23040B:23858:24512 [4] NCCL INFO NCCL_SHARP_GROUP_SIZE_THRESH set by environment to 16.
ip-0A23040D:10040:10718 [4] NCCL INFO NCCL_SHARP_GROUP_SIZE_THRESH set by environment to 16.
ip-0A23040E:49907:50561 [4] NCCL INFO NCCL_SHARP_GROUP_SIZE_THRESH set by environment to 16.
ip-0A23040C:48755:49408 [4] NCCL INFO NCCL_SHARP_GROUP_SIZE_THRESH set by environment to 16.
ip-0A23040F:66475:67150 [4] NCCL INFO NCCL_SHARP_GROUP_SIZE_THRESH set by environment to 16.
[ip-0A23040D:0:10040 - context.c:584] INFO job (ID: 2524863035553946254) resource request quota: ( osts:0 user_data_per_ost:0 max_groups:0 max_qps:1 max_group_channels:1, num_trees:1)
[ip-0A23040D:0:10040 unique id 0] ERROR No Aggregation Manager (sharp_am) detected in sharp_create_job.

[ip-0A23040D:0:10040 - context.c:601] ERROR sharp_create_job failed: No Aggregation Manager (sharp_am) detected(-52)
ip-0A23041D:5497:6160 [4] NCCL INFO Sharp rank 10/16 initialized on mlx5_ib4:1

ip-0A23041D:5497:6160 [4] sharp_plugin.c:288 NCCL WARN NET/IB :SHARP coll init error: Cannot create SHArP job(-11)

ip-0A23041D:5497:6160 [4] NCCL INFO include/coll_net.h:21 -> 3
ip-0A23040E:49907:50561 [4] NCCL INFO Sharp rank 14/16 initialized on mlx5_ib4:1

ip-0A23040E:49907:50561 [4] sharp_plugin.c:288 NCCL WARN NET/IB :SHARP coll init error: Cannot create SHArP job(-11)

ip-0A23040E:49907:50561 [4] NCCL INFO include/coll_net.h:21 -> 3
ip-0A230414:3527:4192 [4] NCCL INFO Sharp rank 5/16 initialized on mlx5_ib4:1

ip-0A230414:3527:4192 [4] sharp_plugin.c:288 NCCL WARN NET/IB :SHARP coll init error: Cannot create SHArP job(-11)

ip-0A230414:3527:4192 [4] NCCL INFO include/coll_net.h:21 -> 3
ip-0A23040C:48755:49408 [4] NCCL INFO Sharp rank 15/16 initialized on mlx5_ib4:1

ip-0A23040C:48755:49408 [4] sharp_plugin.c:288 NCCL WARN NET/IB :SHARP coll init error: Cannot create SHArP job(-11)

ip-0A23040C:48755:49408 [4] NCCL INFO include/coll_net.h:21 -> 3
ip-0A230410:38055:38692 [4] NCCL INFO Sharp rank 2/16 initialized on mlx5_ib4:1

ip-0A230410:38055:38692 [4] sharp_plugin.c:288 NCCL WARN NET/IB :SHARP coll init error: Cannot create SHArP job(-11)

ip-0A230410:38055:38692 [4] NCCL INFO include/coll_net.h:21 -> 3
ip-0A230405:1975:2679 [4] NCCL INFO Sharp rank 11/16 initialized on mlx5_ib4:1

ip-0A230405:1975:2679 [4] sharp_plugin.c:288 NCCL WARN NET/IB :SHARP coll init error: Cannot create SHArP job(-11)

ip-0A230405:1975:2679 [4] NCCL INFO include/coll_net.h:21 -> 3
ip-0A23041A:97381:98048 [4] NCCL INFO Sharp rank 9/16 initialized on mlx5_ib4:1

ip-0A23041A:97381:98048 [4] sharp_plugin.c:288 NCCL WARN NET/IB :SHARP coll init error: Cannot create SHArP job(-11)

ip-0A23041A:97381:98048 [4] NCCL INFO include/coll_net.h:21 -> 3
ip-0A230406:86065:86721 [4] NCCL INFO Sharp rank 7/16 initialized on mlx5_ib4:1

ip-0A230406:86065:86721 [4] sharp_plugin.c:288 NCCL WARN NET/IB :SHARP coll init error: Cannot create SHArP job(-11)

ip-0A230406:86065:86721 [4] NCCL INFO include/coll_net.h:21 -> 3
ip-0A23040B:23858:24512 [4] NCCL INFO Sharp rank 13/16 initialized on mlx5_ib4:1

ip-0A23040B:23858:24512 [4] sharp_plugin.c:288 NCCL WARN NET/IB :SHARP coll init error: Cannot create SHArP job(-11)

ip-0A23040B:23858:24512 [4] NCCL INFO include/coll_net.h:21 -> 3
ip-0A230408:50831:51481 [4] NCCL INFO Sharp rank 8/16 initialized on mlx5_ib4:1

ip-0A230408:50831:51481 [4] sharp_plugin.c:288 NCCL WARN NET/IB :SHARP coll init error: Cannot create SHArP job(-11)

ip-0A230408:50831:51481 [4] NCCL INFO include/coll_net.h:21 -> 3
ip-0A230407:40117:40764 [4] NCCL INFO Sharp rank 12/16 initialized on mlx5_ib4:1

ip-0A230407:40117:40764 [4] sharp_plugin.c:288 NCCL WARN NET/IB :SHARP coll init error: Cannot create SHArP job(-11)

ip-0A230407:40117:40764 [4] NCCL INFO include/coll_net.h:21 -> 3
ip-0A230413:50937:51591 [4] NCCL INFO Sharp rank 4/16 initialized on mlx5_ib4:1

ip-0A230413:50937:51591 [4] sharp_plugin.c:288 NCCL WARN NET/IB :SHARP coll init error: Cannot create SHArP job(-11)

ip-0A230413:50937:51591 [4] NCCL INFO include/coll_net.h:21 -> 3
ip-0A23040F:66475:67150 [4] NCCL INFO Sharp rank 1/16 initialized on mlx5_ib4:1

ip-0A23040F:66475:67150 [4] sharp_plugin.c:288 NCCL WARN NET/IB :SHARP coll init error: Cannot create SHArP job(-11)

ip-0A23040F:66475:67150 [4] NCCL INFO include/coll_net.h:21 -> 3
ip-0A230412:7443:8102 [4] NCCL INFO Sharp rank 3/16 initialized on mlx5_ib4:1

ip-0A230412:7443:8102 [4] sharp_plugin.c:288 NCCL WARN NET/IB :SHARP coll init error: Cannot create SHArP job(-11)

ip-0A230412:7443:8102 [4] NCCL INFO include/coll_net.h:21 -> 3
ip-0A230417:40457:41121 [4] NCCL INFO Sharp rank 6/16 initialized on mlx5_ib4:1

ip-0A230417:40457:41121 [4] sharp_plugin.c:288 NCCL WARN NET/IB :SHARP coll init error: Cannot create SHArP job(-11)

ip-0A230417:40457:41121 [4] NCCL INFO include/coll_net.h:21 -> 3
ip-0A23040E:49907:50560 [4] NCCL INFO transport.cc:222 -> 2

ip-0A23040E:49907:50560 [4] transport.cc:253 NCCL WARN Cannot initialize CollNet, using point-to-point network instead
ip-0A23040E:49907:50560 [4] NCCL INFO init.cc:765 -> 2
ip-0A230405:1975:2678 [4] NCCL INFO transport.cc:222 -> 2

ip-0A230405:1975:2678 [4] transport.cc:253 NCCL WARN Cannot initialize CollNet, using point-to-point network instead
ip-0A230405:1975:2678 [4] NCCL INFO init.cc:765 -> 2
ip-0A23041A:97381:98047 [4] NCCL INFO transport.cc:222 -> 2

ip-0A23041A:97381:98047 [4] transport.cc:253 NCCL WARN Cannot initialize CollNet, using point-to-point network instead
ip-0A23041A:97381:98047 [4] NCCL INFO init.cc:765 -> 2
ip-0A23040B:23858:24511 [4] NCCL INFO transport.cc:222 -> 2

ip-0A23040B:23858:24511 [4] transport.cc:253 NCCL WARN Cannot initialize CollNet, using point-to-point network instead
ip-0A23040B:23858:24511 [4] NCCL INFO init.cc:765 -> 2
ip-0A23041D:5497:6159 [4] NCCL INFO transport.cc:222 -> 2

ip-0A23041D:5497:6159 [4] transport.cc:253 NCCL WARN Cannot initialize CollNet, using point-to-point network instead
ip-0A23041D:5497:6159 [4] NCCL INFO init.cc:765 -> 2
ip-0A23040E:49907:50560 [4] NCCL INFO threadThresholds 8/8/64 | 128/8/64 | 8/8/512
ip-0A23040E:49907:50560 [4] NCCL INFO 2 coll channels, 2 p2p channels, 2 p2p channels per peer
ip-0A23040C:48755:49407 [4] NCCL INFO transport.cc:222 -> 2

ip-0A23040C:48755:49407 [4] transport.cc:253 NCCL WARN Cannot initialize CollNet, using point-to-point network instead
ip-0A230410:38055:38691 [4] NCCL INFO transport.cc:222 -> 2

ip-0A230410:38055:38691 [4] transport.cc:253 NCCL WARN Cannot initialize CollNet, using point-to-point network instead
ip-0A230410:38055:38691 [4] NCCL INFO init.cc:765 -> 2
ip-0A230410:38055:38691 [4] NCCL INFO threadThresholds 8/8/64 | 128/8/64 | 8/8/512
ip-0A230410:38055:38691 [4] NCCL INFO 2 coll channels, 2 p2p channels, 2 p2p channels per peer
ip-0A230405:1975:2678 [4] NCCL INFO threadThresholds 8/8/64 | 128/8/64 | 8/8/512
ip-0A230405:1975:2678 [4] NCCL INFO 2 coll channels, 2 p2p channels, 2 p2p channels per peer
ip-0A23041A:97381:98047 [4] NCCL INFO threadThresholds 8/8/64 | 128/8/64 | 8/8/512
ip-0A23041A:97381:98047 [4] NCCL INFO 2 coll channels, 2 p2p channels, 2 p2p channels per peer
ip-0A230406:86065:86720 [4] NCCL INFO transport.cc:222 -> 2

ip-0A230406:86065:86720 [4] transport.cc:253 NCCL WARN Cannot initialize CollNet, using point-to-point network instead
ip-0A230406:86065:86720 [4] NCCL INFO init.cc:765 -> 2
ip-0A23040B:23858:24511 [4] NCCL INFO threadThresholds 8/8/64 | 128/8/64 | 8/8/512
ip-0A23040B:23858:24511 [4] NCCL INFO 2 coll channels, 2 p2p channels, 2 p2p channels per peer
ip-0A230408:50831:51480 [4] NCCL INFO transport.cc:222 -> 2

ip-0A230408:50831:51480 [4] transport.cc:253 NCCL WARN Cannot initialize CollNet, using point-to-point network instead
ip-0A230408:50831:51480 [4] NCCL INFO init.cc:765 -> 2
ip-0A23041D:5497:6159 [4] NCCL INFO threadThresholds 8/8/64 | 128/8/64 | 8/8/512
ip-0A230414:3527:4191 [4] NCCL INFO transport.cc:222 -> 2

ip-0A230414:3527:4191 [4] transport.cc:253 NCCL WARN Cannot initialize CollNet, using point-to-point network instead
ip-0A230414:3527:4191 [4] NCCL INFO init.cc:765 -> 2
ip-0A23040C:48755:49407 [4] NCCL INFO init.cc:765 -> 2
ip-0A230413:50937:51590 [4] NCCL INFO transport.cc:222 -> 2

ip-0A230413:50937:51590 [4] transport.cc:253 NCCL WARN Cannot initialize CollNet, using point-to-point network instead
ip-0A230413:50937:51590 [4] NCCL INFO init.cc:765 -> 2
ip-0A230413:50937:51590 [4] NCCL INFO threadThresholds 8/8/64 | 128/8/64 | 8/8/512
ip-0A230413:50937:51590 [4] NCCL INFO 2 coll channels, 2 p2p channels, 2 p2p channels per peer
ip-0A23040F:66475:67149 [4] NCCL INFO transport.cc:222 -> 2
ip-0A230406:86065:86720 [4] NCCL INFO threadThresholds 8/8/64 | 128/8/64 | 8/8/512
ip-0A230408:50831:51480 [4] NCCL INFO threadThresholds 8/8/64 | 128/8/64 | 8/8/512
ip-0A23041D:5497:6159 [4] NCCL INFO 2 coll channels, 2 p2p channels, 2 p2p channels per peer
ip-0A230414:3527:4191 [4] NCCL INFO threadThresholds 8/8/64 | 128/8/64 | 8/8/512
ip-0A230414:3527:4191 [4] NCCL INFO 2 coll channels, 2 p2p channels, 2 p2p channels per peer
ip-0A23040C:48755:49407 [4] NCCL INFO threadThresholds 8/8/64 | 128/8/64 | 8/8/512
ip-0A23040C:48755:49407 [4] NCCL INFO 2 coll channels, 2 p2p channels, 2 p2p channels per peer

ip-0A23040F:66475:67149 [4] transport.cc:253 NCCL WARN Cannot initialize CollNet, using point-to-point network instead
ip-0A23040F:66475:67149 [4] NCCL INFO init.cc:765 -> 2
ip-0A230406:86065:86720 [4] NCCL INFO 2 coll channels, 2 p2p channels, 2 p2p channels per peer
ip-0A230408:50831:51480 [4] NCCL INFO 2 coll channels, 2 p2p channels, 2 p2p channels per peer
ip-0A230407:40117:40763 [4] NCCL INFO transport.cc:222 -> 2

ip-0A230407:40117:40763 [4] transport.cc:253 NCCL WARN Cannot initialize CollNet, using point-to-point network instead
ip-0A230407:40117:40763 [4] NCCL INFO init.cc:765 -> 2
ip-0A230417:40457:41119 [4] NCCL INFO transport.cc:222 -> 2

ip-0A230417:40457:41119 [4] transport.cc:253 NCCL WARN Cannot initialize CollNet, using point-to-point network instead
ip-0A230417:40457:41119 [4] NCCL INFO init.cc:765 -> 2
ip-0A23040F:66475:67149 [4] NCCL INFO threadThresholds 8/8/64 | 128/8/64 | 8/8/512
ip-0A23040F:66475:67149 [4] NCCL INFO 2 coll channels, 2 p2p channels, 2 p2p channels per peer
ip-0A230412:7443:8101 [4] NCCL INFO transport.cc:222 -> 2

ip-0A230412:7443:8101 [4] transport.cc:253 NCCL WARN Cannot initialize CollNet, using point-to-point network instead
ip-0A230412:7443:8101 [4] NCCL INFO init.cc:765 -> 2
ip-0A230407:40117:40763 [4] NCCL INFO threadThresholds 8/8/64 | 128/8/64 | 8/8/512
ip-0A230417:40457:41119 [4] NCCL INFO threadThresholds 8/8/64 | 128/8/64 | 8/8/512
ip-0A230417:40457:41119 [4] NCCL INFO 2 coll channels, 2 p2p channels, 2 p2p channels per peer
ip-0A230412:7443:8101 [4] NCCL INFO threadThresholds 8/8/64 | 128/8/64 | 8/8/512
ip-0A230412:7443:8101 [4] NCCL INFO 2 coll channels, 2 p2p channels, 2 p2p channels per peer
ip-0A230407:40117:40763 [4] NCCL INFO 2 coll channels, 2 p2p channels, 2 p2p channels per peer
ip-0A23040B:23858:24511 [4] NCCL INFO comm 0x1463f4008fb0 rank 13 nranks 16 cudaDev 4 busId b00000 - Init COMPLETE
ip-0A23041D:5497:6159 [4] NCCL INFO comm 0x15429c008fb0 rank 10 nranks 16 cudaDev 4 busId b00000 - Init COMPLETE
ip-0A230414:3527:4191 [4] NCCL INFO comm 0x147444008fb0 rank 5 nranks 16 cudaDev 4 busId b00000 - Init COMPLETE
ip-0A23041A:97381:98047 [4] NCCL INFO comm 0x1469bc008fb0 rank 9 nranks 16 cudaDev 4 busId b00000 - Init COMPLETE
ip-0A23040F:66475:67149 [4] NCCL INFO comm 0x14a364008fb0 rank 1 nranks 16 cudaDev 4 busId b00000 - Init COMPLETE
ip-0A23040E:49907:50560 [4] NCCL INFO comm 0x1501c4008fb0 rank 14 nranks 16 cudaDev 4 busId b00000 - Init COMPLETE
ip-0A230410:38055:38691 [4] NCCL INFO comm 0x14ebc8008fb0 rank 2 nranks 16 cudaDev 4 busId b00000 - Init COMPLETE
ip-0A230417:40457:41119 [4] NCCL INFO comm 0x14f280008fb0 rank 6 nranks 16 cudaDev 4 busId b00000 - Init COMPLETE
ip-0A23040C:48755:49407 [4] NCCL INFO comm 0x1475a8008fb0 rank 15 nranks 16 cudaDev 4 busId b00000 - Init COMPLETE
ip-0A230412:7443:8101 [4] NCCL INFO comm 0x150f84008fb0 rank 3 nranks 16 cudaDev 4 busId b00000 - Init COMPLETE
ip-0A230408:50831:51480 [4] NCCL INFO comm 0x14683c008fb0 rank 8 nranks 16 cudaDev 4 busId b00000 - Init COMPLETE
ip-0A230405:1975:2678 [4] NCCL INFO comm 0x14e368008fb0 rank 11 nranks 16 cudaDev 4 busId b00000 - Init COMPLETE
ip-0A230406:86065:86720 [4] NCCL INFO comm 0x14bbf0008fb0 rank 7 nranks 16 cudaDev 4 busId b00000 - Init COMPLETE
ip-0A230407:40117:40763 [4] NCCL INFO comm 0x1460e8008fb0 rank 12 nranks 16 cudaDev 4 busId b00000 - Init COMPLETE
ip-0A230413:50937:51590 [4] NCCL INFO comm 0x14e078008fb0 rank 4 nranks 16 cudaDev 4 busId b00000 - Init COMPLETE
ip-0A23040D:10040:10718 [4] NCCL INFO Sharp rank 0/16 initialized on mlx5_ib4:1

ip-0A23040D:10040:10718 [4] sharp_plugin.c:288 NCCL WARN NET/IB :SHARP coll init error: Cannot create SHArP job(-11)

ip-0A23040D:10040:10718 [4] NCCL INFO include/coll_net.h:21 -> 3
ip-0A23040D:10040:10717 [4] NCCL INFO transport.cc:222 -> 2

ip-0A23040D:10040:10717 [4] transport.cc:253 NCCL WARN Cannot initialize CollNet, using point-to-point network instead
ip-0A23040D:10040:10717 [4] NCCL INFO init.cc:765 -> 2
ip-0A23040D:10040:10717 [4] NCCL INFO threadThresholds 8/8/64 | 128/8/64 | 8/8/512
ip-0A23040D:10040:10717 [4] NCCL INFO 2 coll channels, 2 p2p channels, 2 p2p channels per peer
ip-0A23040D:10040:10717 [4] NCCL INFO comm 0x148b40008fb0 rank 0 nranks 16 cudaDev 4 busId b00000 - Init COMPLETE
ip-0A23040D:10040:10040 [4] NCCL INFO Launch mode Parallel
ip-0A23040D:10041:10041 [5] NCCL INFO Bootstrap : Using eth0:10.35.4.13<0>
ip-0A23040D:10041:10041 [5] NCCL INFO NET/Plugin: Failed to find ncclNetPlugin_v5 symbol.
ip-0A23040D:10041:10041 [5] NCCL INFO NET/Plugin: Failed to find ncclCollNetPlugin_v5 symbol.
ip-0A23040D:10041:10041 [5] NCCL INFO Plugin Path : /opt/hpcx/nccl_rdma_sharp_plugin/lib/libnccl-net.so
ip-0A23040D:10041:10041 [5] NCCL INFO P2P plugin IBext
ip-0A23040D:10041:10041 [5] NCCL INFO NCCL_IB_PCI_RELAXED_ORDERING set by environment to 1.
ip-0A23040D:10041:10041 [5] NCCL INFO NET/IB : Using [0]mlx5_ib0:1/IB/SHARP [1]mlx5_ib1:1/IB/SHARP [2]mlx5_ib2:1/IB/SHARP [3]mlx5_ib3:1/IB/SHARP [4]mlx5_ib4:1/IB/SHARP [5]mlx5_ib5:1/IB/SHARP [6]mlx5_ib6:1/IB/SHARP [7]mlx5_ib7:1/IB/SHARP ; OOB eth0:10.35.4.13<0>
ip-0A23040D:10041:10041 [5] NCCL INFO Using network IBext
NCCL version 2.12.10+cuda11.6
ip-0A230413:50935:50935 [5] NCCL INFO Bootstrap : Using eth0:10.35.4.19<0>
ip-0A230408:50828:50828 [5] NCCL INFO Bootstrap : Using eth0:10.35.4.8<0>
ip-0A230414:3529:3529 [5] NCCL INFO Bootstrap : Using eth0:10.35.4.20<0>
ip-0A23040C:48760:48760 [5] NCCL INFO Bootstrap : Using eth0:10.35.4.12<0>
ip-0A23040F:66478:66478 [5] NCCL INFO Bootstrap : Using eth0:10.35.4.15<0>
ip-0A230407:40110:40110 [5] NCCL INFO Bootstrap : Using eth0:10.35.4.7<0>
ip-0A23040B:23863:23863 [5] NCCL INFO Bootstrap : Using eth0:10.35.4.11<0>
ip-0A230405:1982:1982 [5] NCCL INFO Bootstrap : Using eth0:10.35.4.5<0>
ip-0A230406:86066:86066 [5] NCCL INFO Bootstrap : Using eth0:10.35.4.6<0>
ip-0A230412:7444:7444 [5] NCCL INFO Bootstrap : Using eth0:10.35.4.18<0>
ip-0A23041D:5490:5490 [5] NCCL INFO Bootstrap : Using eth0:10.35.4.29<0>
ip-0A23041A:97382:97382 [5] NCCL INFO Bootstrap : Using eth0:10.35.4.26<0>
ip-0A230417:40456:40456 [5] NCCL INFO Bootstrap : Using eth0:10.35.4.23<0>
ip-0A230410:38042:38042 [5] NCCL INFO Bootstrap : Using eth0:10.35.4.16<0>
ip-0A23040E:49906:49906 [5] NCCL INFO Bootstrap : Using eth0:10.35.4.14<0>
ip-0A230413:50935:50935 [5] NCCL INFO NET/Plugin: Failed to find ncclNetPlugin_v5 symbol.
ip-0A230413:50935:50935 [5] NCCL INFO NET/Plugin: Failed to find ncclCollNetPlugin_v5 symbol.
ip-0A230413:50935:50935 [5] NCCL INFO Plugin Path : /opt/hpcx/nccl_rdma_sharp_plugin/lib/libnccl-net.so
ip-0A230413:50935:50935 [5] NCCL INFO P2P plugin IBext
ip-0A230413:50935:50935 [5] NCCL INFO NCCL_IB_PCI_RELAXED_ORDERING set by environment to 1.
ip-0A23040B:23863:23863 [5] NCCL INFO NET/Plugin: Failed to find ncclNetPlugin_v5 symbol.
ip-0A23040B:23863:23863 [5] NCCL INFO NET/Plugin: Failed to find ncclCollNetPlugin_v5 symbol.
ip-0A23040B:23863:23863 [5] NCCL INFO Plugin Path : /opt/hpcx/nccl_rdma_sharp_plugin/lib/libnccl-net.so
ip-0A23040B:23863:23863 [5] NCCL INFO P2P plugin IBext
ip-0A23040B:23863:23863 [5] NCCL INFO NCCL_IB_PCI_RELAXED_ORDERING set by environment to 1.
ip-0A23040F:66478:66478 [5] NCCL INFO NET/Plugin: Failed to find ncclNetPlugin_v5 symbol.
ip-0A23040F:66478:66478 [5] NCCL INFO NET/Plugin: Failed to find ncclCollNetPlugin_v5 symbol.
ip-0A230414:3529:3529 [5] NCCL INFO NET/Plugin: Failed to find ncclNetPlugin_v5 symbol.
ip-0A230414:3529:3529 [5] NCCL INFO NET/Plugin: Failed to find ncclCollNetPlugin_v5 symbol.
ip-0A23040F:66478:66478 [5] NCCL INFO Plugin Path : /opt/hpcx/nccl_rdma_sharp_plugin/lib/libnccl-net.so
ip-0A23040F:66478:66478 [5] NCCL INFO P2P plugin IBext
ip-0A23040F:66478:66478 [5] NCCL INFO NCCL_IB_PCI_RELAXED_ORDERING set by environment to 1.
ip-0A23041D:5490:5490 [5] NCCL INFO NET/Plugin: Failed to find ncclNetPlugin_v5 symbol.
ip-0A23041D:5490:5490 [5] NCCL INFO NET/Plugin: Failed to find ncclCollNetPlugin_v5 symbol.
ip-0A230414:3529:3529 [5] NCCL INFO Plugin Path : /opt/hpcx/nccl_rdma_sharp_plugin/lib/libnccl-net.so
ip-0A230414:3529:3529 [5] NCCL INFO P2P plugin IBext
ip-0A230414:3529:3529 [5] NCCL INFO NCCL_IB_PCI_RELAXED_ORDERING set by environment to 1.
ip-0A23041D:5490:5490 [5] NCCL INFO Plugin Path : /opt/hpcx/nccl_rdma_sharp_plugin/lib/libnccl-net.so
ip-0A23041D:5490:5490 [5] NCCL INFO P2P plugin IBext
ip-0A23041D:5490:5490 [5] NCCL INFO NCCL_IB_PCI_RELAXED_ORDERING set by environment to 1.
ip-0A23040C:48760:48760 [5] NCCL INFO NET/Plugin: Failed to find ncclNetPlugin_v5 symbol.
ip-0A23040C:48760:48760 [5] NCCL INFO NET/Plugin: Failed to find ncclCollNetPlugin_v5 symbol.
ip-0A23040C:48760:48760 [5] NCCL INFO Plugin Path : /opt/hpcx/nccl_rdma_sharp_plugin/lib/libnccl-net.so
ip-0A23040C:48760:48760 [5] NCCL INFO P2P plugin IBext
ip-0A23040C:48760:48760 [5] NCCL INFO NCCL_IB_PCI_RELAXED_ORDERING set by environment to 1.
ip-0A230408:50828:50828 [5] NCCL INFO NET/Plugin: Failed to find ncclNetPlugin_v5 symbol.
ip-0A230408:50828:50828 [5] NCCL INFO NET/Plugin: Failed to find ncclCollNetPlugin_v5 symbol.
ip-0A230412:7444:7444 [5] NCCL INFO NET/Plugin: Failed to find ncclNetPlugin_v5 symbol.
ip-0A230412:7444:7444 [5] NCCL INFO NET/Plugin: Failed to find ncclCollNetPlugin_v5 symbol.
ip-0A23041A:97382:97382 [5] NCCL INFO NET/Plugin: Failed to find ncclNetPlugin_v5 symbol.
ip-0A23041A:97382:97382 [5] NCCL INFO NET/Plugin: Failed to find ncclCollNetPlugin_v5 symbol.
ip-0A230408:50828:50828 [5] NCCL INFO Plugin Path : /opt/hpcx/nccl_rdma_sharp_plugin/lib/libnccl-net.so
ip-0A230408:50828:50828 [5] NCCL INFO P2P plugin IBext
ip-0A230408:50828:50828 [5] NCCL INFO NCCL_IB_PCI_RELAXED_ORDERING set by environment to 1.
ip-0A230412:7444:7444 [5] NCCL INFO Plugin Path : /opt/hpcx/nccl_rdma_sharp_plugin/lib/libnccl-net.so
ip-0A230412:7444:7444 [5] NCCL INFO P2P plugin IBext
ip-0A230412:7444:7444 [5] NCCL INFO NCCL_IB_PCI_RELAXED_ORDERING set by environment to 1.
ip-0A23041A:97382:97382 [5] NCCL INFO Plugin Path : /opt/hpcx/nccl_rdma_sharp_plugin/lib/libnccl-net.so
ip-0A23041A:97382:97382 [5] NCCL INFO P2P plugin IBext
ip-0A23041A:97382:97382 [5] NCCL INFO NCCL_IB_PCI_RELAXED_ORDERING set by environment to 1.
ip-0A230405:1982:1982 [5] NCCL INFO NET/Plugin: Failed to find ncclNetPlugin_v5 symbol.
ip-0A230405:1982:1982 [5] NCCL INFO NET/Plugin: Failed to find ncclCollNetPlugin_v5 symbol.
ip-0A230405:1982:1982 [5] NCCL INFO Plugin Path : /opt/hpcx/nccl_rdma_sharp_plugin/lib/libnccl-net.so
ip-0A230405:1982:1982 [5] NCCL INFO P2P plugin IBext
ip-0A230405:1982:1982 [5] NCCL INFO NCCL_IB_PCI_RELAXED_ORDERING set by environment to 1.
ip-0A230417:40456:40456 [5] NCCL INFO NET/Plugin: Failed to find ncclNetPlugin_v5 symbol.
ip-0A230417:40456:40456 [5] NCCL INFO NET/Plugin: Failed to find ncclCollNetPlugin_v5 symbol.
ip-0A230407:40110:40110 [5] NCCL INFO NET/Plugin: Failed to find ncclNetPlugin_v5 symbol.
ip-0A230407:40110:40110 [5] NCCL INFO NET/Plugin: Failed to find ncclCollNetPlugin_v5 symbol.
ip-0A230407:40110:40110 [5] NCCL INFO Plugin Path : /opt/hpcx/nccl_rdma_sharp_plugin/lib/libnccl-net.so
ip-0A230407:40110:40110 [5] NCCL INFO P2P plugin IBext
ip-0A230407:40110:40110 [5] NCCL INFO NCCL_IB_PCI_RELAXED_ORDERING set by environment to 1.
ip-0A230417:40456:40456 [5] NCCL INFO Plugin Path : /opt/hpcx/nccl_rdma_sharp_plugin/lib/libnccl-net.so
ip-0A230417:40456:40456 [5] NCCL INFO P2P plugin IBext
ip-0A230417:40456:40456 [5] NCCL INFO NCCL_IB_PCI_RELAXED_ORDERING set by environment to 1.
ip-0A230406:86066:86066 [5] NCCL INFO NET/Plugin: Failed to find ncclNetPlugin_v5 symbol.
ip-0A230406:86066:86066 [5] NCCL INFO NET/Plugin: Failed to find ncclCollNetPlugin_v5 symbol.
ip-0A230406:86066:86066 [5] NCCL INFO Plugin Path : /opt/hpcx/nccl_rdma_sharp_plugin/lib/libnccl-net.so
ip-0A230406:86066:86066 [5] NCCL INFO P2P plugin IBext
ip-0A230406:86066:86066 [5] NCCL INFO NCCL_IB_PCI_RELAXED_ORDERING set by environment to 1.
ip-0A230410:38042:38042 [5] NCCL INFO NET/Plugin: Failed to find ncclNetPlugin_v5 symbol.
ip-0A230410:38042:38042 [5] NCCL INFO NET/Plugin: Failed to find ncclCollNetPlugin_v5 symbol.
ip-0A23040E:49906:49906 [5] NCCL INFO NET/Plugin: Failed to find ncclNetPlugin_v5 symbol.
ip-0A23040E:49906:49906 [5] NCCL INFO NET/Plugin: Failed to find ncclCollNetPlugin_v5 symbol.
ip-0A230410:38042:38042 [5] NCCL INFO Plugin Path : /opt/hpcx/nccl_rdma_sharp_plugin/lib/libnccl-net.so
ip-0A230410:38042:38042 [5] NCCL INFO P2P plugin IBext
ip-0A230410:38042:38042 [5] NCCL INFO NCCL_IB_PCI_RELAXED_ORDERING set by environment to 1.
ip-0A23040E:49906:49906 [5] NCCL INFO Plugin Path : /opt/hpcx/nccl_rdma_sharp_plugin/lib/libnccl-net.so
ip-0A23040E:49906:49906 [5] NCCL INFO P2P plugin IBext
ip-0A23040E:49906:49906 [5] NCCL INFO NCCL_IB_PCI_RELAXED_ORDERING set by environment to 1.
ip-0A230413:50935:50935 [5] NCCL INFO NET/IB : Using [0]mlx5_ib0:1/IB/SHARP [1]mlx5_ib1:1/IB/SHARP [2]mlx5_ib2:1/IB/SHARP [3]mlx5_ib3:1/IB/SHARP [4]mlx5_ib4:1/IB/SHARP [5]mlx5_ib5:1/IB/SHARP [6]mlx5_ib6:1/IB/SHARP [7]mlx5_ib7:1/IB/SHARP ; OOB eth0:10.35.4.19<0>
ip-0A230413:50935:50935 [5] NCCL INFO Using network IBext
ip-0A230414:3529:3529 [5] NCCL INFO NET/IB : Using [0]mlx5_ib0:1/IB/SHARP [1]mlx5_ib1:1/IB/SHARP [2]mlx5_ib2:1/IB/SHARP [3]mlx5_ib3:1/IB/SHARP [4]mlx5_ib4:1/IB/SHARP [5]mlx5_ib5:1/IB/SHARP [6]mlx5_ib6:1/IB/SHARP [7]mlx5_ib7:1/IB/SHARP ; OOB eth0:10.35.4.20<0>
ip-0A230414:3529:3529 [5] NCCL INFO Using network IBext
ip-0A23040B:23863:23863 [5] NCCL INFO NET/IB : Using [0]mlx5_ib0:1/IB/SHARP [1]mlx5_ib1:1/IB/SHARP [2]mlx5_ib2:1/IB/SHARP [3]mlx5_ib3:1/IB/SHARP [4]mlx5_ib4:1/IB/SHARP [5]mlx5_ib5:1/IB/SHARP [6]mlx5_ib6:1/IB/SHARP [7]mlx5_ib7:1/IB/SHARP ; OOB eth0:10.35.4.11<0>
ip-0A23040B:23863:23863 [5] NCCL INFO Using network IBext
ip-0A23041A:97382:97382 [5] NCCL INFO NET/IB : Using [0]mlx5_ib0:1/IB/SHARP [1]mlx5_ib1:1/IB/SHARP [2]mlx5_ib2:1/IB/SHARP [3]mlx5_ib3:1/IB/SHARP [4]mlx5_ib4:1/IB/SHARP [5]mlx5_ib5:1/IB/SHARP [6]mlx5_ib6:1/IB/SHARP [7]mlx5_ib7:1/IB/SHARP ; OOB eth0:10.35.4.26<0>
ip-0A23041A:97382:97382 [5] NCCL INFO Using network IBext
ip-0A23041D:5490:5490 [5] NCCL INFO NET/IB : Using [0]mlx5_ib0:1/IB/SHARP [1]mlx5_ib1:1/IB/SHARP [2]mlx5_ib2:1/IB/SHARP [3]mlx5_ib3:1/IB/SHARP [4]mlx5_ib4:1/IB/SHARP [5]mlx5_ib5:1/IB/SHARP [6]mlx5_ib6:1/IB/SHARP [7]mlx5_ib7:1/IB/SHARP ; OOB eth0:10.35.4.29<0>
ip-0A23041D:5490:5490 [5] NCCL INFO Using network IBext
ip-0A230408:50828:50828 [5] NCCL INFO NET/IB : Using [0]mlx5_ib0:1/IB/SHARP [1]mlx5_ib1:1/IB/SHARP [2]mlx5_ib2:1/IB/SHARP [3]mlx5_ib3:1/IB/SHARP [4]mlx5_ib4:1/IB/SHARP [5]mlx5_ib5:1/IB/SHARP [6]mlx5_ib6:1/IB/SHARP [7]mlx5_ib7:1/IB/SHARP ; OOB eth0:10.35.4.8<0>
ip-0A230408:50828:50828 [5] NCCL INFO Using network IBext
ip-0A23040F:66478:66478 [5] NCCL INFO NET/IB : Using [0]mlx5_ib0:1/IB/SHARP [1]mlx5_ib1:1/IB/SHARP [2]mlx5_ib2:1/IB/SHARP [3]mlx5_ib3:1/IB/SHARP [4]mlx5_ib4:1/IB/SHARP [5]mlx5_ib5:1/IB/SHARP [6]mlx5_ib6:1/IB/SHARP [7]mlx5_ib7:1/IB/SHARP ; OOB eth0:10.35.4.15<0>
ip-0A23040F:66478:66478 [5] NCCL INFO Using network IBext
ip-0A23040C:48760:48760 [5] NCCL INFO NET/IB : Using [0]mlx5_ib0:1/IB/SHARP [1]mlx5_ib1:1/IB/SHARP [2]mlx5_ib2:1/IB/SHARP [3]mlx5_ib3:1/IB/SHARP [4]mlx5_ib4:1/IB/SHARP [5]mlx5_ib5:1/IB/SHARP [6]mlx5_ib6:1/IB/SHARP [7]mlx5_ib7:1/IB/SHARP ; OOB eth0:10.35.4.12<0>
ip-0A23040C:48760:48760 [5] NCCL INFO Using network IBext
ip-0A230406:86066:86066 [5] NCCL INFO NET/IB : Using [0]mlx5_ib0:1/IB/SHARP [1]mlx5_ib1:1/IB/SHARP [2]mlx5_ib2:1/IB/SHARP [3]mlx5_ib3:1/IB/SHARP [4]mlx5_ib4:1/IB/SHARP [5]mlx5_ib5:1/IB/SHARP [6]mlx5_ib6:1/IB/SHARP [7]mlx5_ib7:1/IB/SHARP ; OOB eth0:10.35.4.6<0>
ip-0A230406:86066:86066 [5] NCCL INFO Using network IBext
ip-0A230412:7444:7444 [5] NCCL INFO NET/IB : Using [0]mlx5_ib0:1/IB/SHARP [1]mlx5_ib1:1/IB/SHARP [2]mlx5_ib2:1/IB/SHARP [3]mlx5_ib3:1/IB/SHARP [4]mlx5_ib4:1/IB/SHARP [5]mlx5_ib5:1/IB/SHARP [6]mlx5_ib6:1/IB/SHARP [7]mlx5_ib7:1/IB/SHARP ; OOB eth0:10.35.4.18<0>
ip-0A230417:40456:40456 [5] NCCL INFO NET/IB : Using [0]mlx5_ib0:1/IB/SHARP [1]mlx5_ib1:1/IB/SHARP [2]mlx5_ib2:1/IB/SHARP [3]mlx5_ib3:1/IB/SHARP [4]mlx5_ib4:1/IB/SHARP [5]mlx5_ib5:1/IB/SHARP [6]mlx5_ib6:1/IB/SHARP [7]mlx5_ib7:1/IB/SHARP ; OOB eth0:10.35.4.23<0>
ip-0A230412:7444:7444 [5] NCCL INFO Using network IBext
ip-0A230417:40456:40456 [5] NCCL INFO Using network IBext
ip-0A230405:1982:1982 [5] NCCL INFO NET/IB : Using [0]mlx5_ib0:1/IB/SHARP [1]mlx5_ib1:1/IB/SHARP [2]mlx5_ib2:1/IB/SHARP [3]mlx5_ib3:1/IB/SHARP [4]mlx5_ib4:1/IB/SHARP [5]mlx5_ib5:1/IB/SHARP [6]mlx5_ib6:1/IB/SHARP [7]mlx5_ib7:1/IB/SHARP ; OOB eth0:10.35.4.5<0>
ip-0A230405:1982:1982 [5] NCCL INFO Using network IBext
ip-0A230407:40110:40110 [5] NCCL INFO NET/IB : Using [0]mlx5_ib0:1/IB/SHARP [1]mlx5_ib1:1/IB/SHARP [2]mlx5_ib2:1/IB/SHARP [3]mlx5_ib3:1/IB/SHARP [4]mlx5_ib4:1/IB/SHARP [5]mlx5_ib5:1/IB/SHARP [6]mlx5_ib6:1/IB/SHARP [7]mlx5_ib7:1/IB/SHARP ; OOB eth0:10.35.4.7<0>
ip-0A230407:40110:40110 [5] NCCL INFO Using network IBext
ip-0A23040E:49906:49906 [5] NCCL INFO NET/IB : Using [0]mlx5_ib0:1/IB/SHARP [1]mlx5_ib1:1/IB/SHARP [2]mlx5_ib2:1/IB/SHARP [3]mlx5_ib3:1/IB/SHARP [4]mlx5_ib4:1/IB/SHARP [5]mlx5_ib5:1/IB/SHARP [6]mlx5_ib6:1/IB/SHARP [7]mlx5_ib7:1/IB/SHARP ; OOB eth0:10.35.4.14<0>
ip-0A23040E:49906:49906 [5] NCCL INFO Using network IBext
ip-0A230410:38042:38042 [5] NCCL INFO NET/IB : Using [0]mlx5_ib0:1/IB/SHARP [1]mlx5_ib1:1/IB/SHARP [2]mlx5_ib2:1/IB/SHARP [3]mlx5_ib3:1/IB/SHARP [4]mlx5_ib4:1/IB/SHARP [5]mlx5_ib5:1/IB/SHARP [6]mlx5_ib6:1/IB/SHARP [7]mlx5_ib7:1/IB/SHARP ; OOB eth0:10.35.4.16<0>
ip-0A230410:38042:38042 [5] NCCL INFO Using network IBext
ip-0A23040E:49906:50574 [5] NCCL INFO NCCL_P2P_LEVEL set by environment to LOC
ip-0A23040F:66478:67162 [5] NCCL INFO NCCL_P2P_LEVEL set by environment to LOC
ip-0A23040E:49906:50574 [5] NCCL INFO PXN Disabled as plugin is v4
ip-0A230412:7444:8114 [5] NCCL INFO NCCL_P2P_LEVEL set by environment to LOC
ip-0A23040F:66478:67162 [5] NCCL INFO PXN Disabled as plugin is v4
ip-0A230406:86066:86744 [5] NCCL INFO NCCL_P2P_LEVEL set by environment to LOC
ip-0A230414:3529:4204 [5] NCCL INFO NCCL_P2P_LEVEL set by environment to LOC
ip-0A230408:50828:51506 [5] NCCL INFO NCCL_P2P_LEVEL set by environment to LOC
ip-0A23041D:5490:6172 [5] NCCL INFO NCCL_P2P_LEVEL set by environment to LOC
ip-0A23040E:49906:50574 [5] NCCL INFO NCCL_COLLNET_ENABLE set by environment to 1.
ip-0A230412:7444:8114 [5] NCCL INFO PXN Disabled as plugin is v4
ip-0A23040F:66478:67162 [5] NCCL INFO NCCL_COLLNET_ENABLE set by environment to 1.
ip-0A23041A:97382:98060 [5] NCCL INFO NCCL_P2P_LEVEL set by environment to LOC
ip-0A23041D:5490:6172 [5] NCCL INFO PXN Disabled as plugin is v4
ip-0A230406:86066:86744 [5] NCCL INFO PXN Disabled as plugin is v4
ip-0A230408:50828:51506 [5] NCCL INFO PXN Disabled as plugin is v4
ip-0A230407:40110:40778 [5] NCCL INFO NCCL_P2P_LEVEL set by environment to LOC
ip-0A230414:3529:4204 [5] NCCL INFO PXN Disabled as plugin is v4
ip-0A230417:40456:41133 [5] NCCL INFO NCCL_P2P_LEVEL set by environment to LOC
ip-0A23041A:97382:98060 [5] NCCL INFO PXN Disabled as plugin is v4
ip-0A230412:7444:8114 [5] NCCL INFO NCCL_COLLNET_ENABLE set by environment to 1.
ip-0A230410:38042:38704 [5] NCCL INFO NCCL_P2P_LEVEL set by environment to LOC
ip-0A230406:86066:86744 [5] NCCL INFO NCCL_COLLNET_ENABLE set by environment to 1.
ip-0A23041D:5490:6172 [5] NCCL INFO NCCL_COLLNET_ENABLE set by environment to 1.
ip-0A230408:50828:51506 [5] NCCL INFO NCCL_COLLNET_ENABLE set by environment to 1.
ip-0A230407:40110:40778 [5] NCCL INFO PXN Disabled as plugin is v4
ip-0A230417:40456:41133 [5] NCCL INFO PXN Disabled as plugin is v4
ip-0A230414:3529:4204 [5] NCCL INFO NCCL_COLLNET_ENABLE set by environment to 1.
ip-0A23041A:97382:98060 [5] NCCL INFO NCCL_COLLNET_ENABLE set by environment to 1.
ip-0A230410:38042:38704 [5] NCCL INFO PXN Disabled as plugin is v4
ip-0A230407:40110:40778 [5] NCCL INFO NCCL_COLLNET_ENABLE set by environment to 1.
ip-0A230417:40456:41133 [5] NCCL INFO NCCL_COLLNET_ENABLE set by environment to 1.
ip-0A230410:38042:38704 [5] NCCL INFO NCCL_COLLNET_ENABLE set by environment to 1.
ip-0A230413:50935:51603 [5] NCCL INFO NCCL_P2P_LEVEL set by environment to LOC
ip-0A230413:50935:51603 [5] NCCL INFO PXN Disabled as plugin is v4
ip-0A230405:1982:2694 [5] NCCL INFO NCCL_P2P_LEVEL set by environment to LOC
ip-0A230413:50935:51603 [5] NCCL INFO NCCL_COLLNET_ENABLE set by environment to 1.
ip-0A23040B:23863:24526 [5] NCCL INFO NCCL_P2P_LEVEL set by environment to LOC
ip-0A230405:1982:2694 [5] NCCL INFO PXN Disabled as plugin is v4
ip-0A23040B:23863:24526 [5] NCCL INFO PXN Disabled as plugin is v4
ip-0A23040D:10041:10731 [5] NCCL INFO NCCL_P2P_LEVEL set by environment to LOC
ip-0A230405:1982:2694 [5] NCCL INFO NCCL_COLLNET_ENABLE set by environment to 1.
ip-0A23040B:23863:24526 [5] NCCL INFO NCCL_COLLNET_ENABLE set by environment to 1.
ip-0A23040D:10041:10731 [5] NCCL INFO PXN Disabled as plugin is v4
ip-0A23040C:48760:49421 [5] NCCL INFO NCCL_P2P_LEVEL set by environment to LOC
ip-0A23040D:10041:10731 [5] NCCL INFO NCCL_COLLNET_ENABLE set by environment to 1.
ip-0A23040C:48760:49421 [5] NCCL INFO PXN Disabled as plugin is v4
ip-0A23040C:48760:49421 [5] NCCL INFO NCCL_COLLNET_ENABLE set by environment to 1.
ip-0A23040D:10041:10731 [5] NCCL INFO Channel 00/02 :    0   1   2   3   4   5   6   7   8   9  10  11  12  13  14  15
ip-0A23040D:10041:10731 [5] NCCL INFO Channel 01/02 :    0   1   2   3   4   5   6   7   8   9  10  11  12  13  14  15
ip-0A23040D:10041:10731 [5] NCCL INFO Trees [0] 8/-1/-1->0->-1 [1] -1/-1/-1->0->1
ip-0A23040F:66478:67162 [5] NCCL INFO Trees [0] -1/-1/-1->1->2 [1] 2/0/-1->1->3
ip-0A230410:38042:38704 [5] NCCL INFO Trees [0] 1/3/-1->2->4 [1] -1/-1/-1->2->1
ip-0A230412:7444:8114 [5] NCCL INFO Trees [0] -1/-1/-1->3->2 [1] 5/1/-1->3->7
ip-0A230413:50935:51603 [5] NCCL INFO Trees [0] 2/6/-1->4->8 [1] -1/-1/-1->4->5
ip-0A230414:3529:4204 [5] NCCL INFO Trees [0] -1/-1/-1->5->6 [1] 6/4/-1->5->3
ip-0A230417:40456:41133 [5] NCCL INFO Trees [0] 5/7/-1->6->4 [1] -1/-1/-1->6->5
ip-0A230406:86066:86744 [5] NCCL INFO Trees [0] -1/-1/-1->7->6 [1] 11/3/-1->7->15
ip-0A23040C:48760:49421 [5] NCCL INFO Trees [0] -1/-1/-1->15->14 [1] 7/-1/-1->15->-1
ip-0A230408:50828:51506 [5] NCCL INFO Trees [0] 4/12/-1->8->0 [1] -1/-1/-1->8->9
ip-0A23041D:5490:6172 [5] NCCL INFO Trees [0] 9/11/-1->10->12 [1] -1/-1/-1->10->9
ip-0A23041A:97382:98060 [5] NCCL INFO Trees [0] -1/-1/-1->9->10 [1] 10/8/-1->9->11
ip-0A230405:1982:2694 [5] NCCL INFO Trees [0] -1/-1/-1->11->10 [1] 13/9/-1->11->7
ip-0A230407:40110:40778 [5] NCCL INFO Trees [0] 10/14/-1->12->8 [1] -1/-1/-1->12->13
ip-0A23040B:23863:24526 [5] NCCL INFO Trees [0] -1/-1/-1->13->14 [1] 14/12/-1->13->11
ip-0A23040E:49906:50574 [5] NCCL INFO Trees [0] 13/15/-1->14->12 [1] -1/-1/-1->14->13
ip-0A23040F:66478:67162 [5] NCCL INFO Channel 00/0 : 0[c00000] -> 1[c00000] [receive] via NET/IBext/5
ip-0A230410:38042:38704 [5] NCCL INFO Channel 00/0 : 1[c00000] -> 2[c00000] [receive] via NET/IBext/5
ip-0A23040D:10041:10731 [5] NCCL INFO Channel 00/0 : 15[c00000] -> 0[c00000] [receive] via NET/IBext/5
ip-0A23040D:10041:10731 [5] NCCL INFO Channel 01/0 : 15[c00000] -> 0[c00000] [receive] via NET/IBext/5
ip-0A23040F:66478:67162 [5] NCCL INFO Channel 01/0 : 0[c00000] -> 1[c00000] [receive] via NET/IBext/5
ip-0A23040F:66478:67162 [5] NCCL INFO Channel 00/0 : 1[c00000] -> 2[c00000] [send] via NET/IBext/5
ip-0A23040D:10041:10731 [5] NCCL INFO Channel 00/0 : 0[c00000] -> 1[c00000] [send] via NET/IBext/5
ip-0A230410:38042:38704 [5] NCCL INFO Channel 01/0 : 1[c00000] -> 2[c00000] [receive] via NET/IBext/5
ip-0A230410:38042:38704 [5] NCCL INFO Channel 00/0 : 2[c00000] -> 3[c00000] [send] via NET/IBext/5
ip-0A23040D:10041:10731 [5] NCCL INFO Channel 01/0 : 0[c00000] -> 1[c00000] [send] via NET/IBext/5
ip-0A23040F:66478:67162 [5] NCCL INFO Channel 01/0 : 1[c00000] -> 2[c00000] [send] via NET/IBext/5
ip-0A230412:7444:8114 [5] NCCL INFO Channel 00/0 : 2[c00000] -> 3[c00000] [receive] via NET/IBext/5
ip-0A230410:38042:38704 [5] NCCL INFO Channel 01/0 : 2[c00000] -> 3[c00000] [send] via NET/IBext/5
ip-0A230414:3529:4204 [5] NCCL INFO Channel 00/0 : 4[c00000] -> 5[c00000] [receive] via NET/IBext/5
ip-0A230413:50935:51603 [5] NCCL INFO Channel 00/0 : 3[c00000] -> 4[c00000] [receive] via NET/IBext/5
ip-0A230412:7444:8114 [5] NCCL INFO Channel 01/0 : 2[c00000] -> 3[c00000] [receive] via NET/IBext/5
ip-0A230412:7444:8114 [5] NCCL INFO Channel 00/0 : 3[c00000] -> 4[c00000] [send] via NET/IBext/5
ip-0A230412:7444:8114 [5] NCCL INFO Channel 01/0 : 3[c00000] -> 4[c00000] [send] via NET/IBext/5
ip-0A23040C:48760:49421 [5] NCCL INFO Channel 00/0 : 14[c00000] -> 15[c00000] [receive] via NET/IBext/5
ip-0A230417:40456:41133 [5] NCCL INFO Channel 00/0 : 5[c00000] -> 6[c00000] [receive] via NET/IBext/5
ip-0A230413:50935:51603 [5] NCCL INFO Channel 01/0 : 3[c00000] -> 4[c00000] [receive] via NET/IBext/5
ip-0A230406:86066:86744 [5] NCCL INFO Channel 00/0 : 6[c00000] -> 7[c00000] [receive] via NET/IBext/5
ip-0A230413:50935:51603 [5] NCCL INFO Channel 00/0 : 4[c00000] -> 5[c00000] [send] via NET/IBext/5
ip-0A230408:50828:51506 [5] NCCL INFO Channel 00/0 : 7[c00000] -> 8[c00000] [receive] via NET/IBext/5
ip-0A230414:3529:4204 [5] NCCL INFO Channel 01/0 : 4[c00000] -> 5[c00000] [receive] via NET/IBext/5
ip-0A230414:3529:4204 [5] NCCL INFO Channel 00/0 : 5[c00000] -> 6[c00000] [send] via NET/IBext/5
ip-0A230417:40456:41133 [5] NCCL INFO Channel 01/0 : 5[c00000] -> 6[c00000] [receive] via NET/IBext/5
ip-0A230414:3529:4204 [5] NCCL INFO Channel 01/0 : 5[c00000] -> 6[c00000] [send] via NET/IBext/5
ip-0A23040C:48760:49421 [5] NCCL INFO Channel 01/0 : 14[c00000] -> 15[c00000] [receive] via NET/IBext/5
ip-0A230417:40456:41133 [5] NCCL INFO Channel 00/0 : 6[c00000] -> 7[c00000] [send] via NET/IBext/5
ip-0A23040C:48760:49421 [5] NCCL INFO Channel 00/0 : 15[c00000] -> 0[c00000] [send] via NET/IBext/5
ip-0A230413:50935:51603 [5] NCCL INFO Channel 01/0 : 4[c00000] -> 5[c00000] [send] via NET/IBext/5
ip-0A230408:50828:51506 [5] NCCL INFO Channel 01/0 : 7[c00000] -> 8[c00000] [receive] via NET/IBext/5
ip-0A230406:86066:86744 [5] NCCL INFO Channel 01/0 : 6[c00000] -> 7[c00000] [receive] via NET/IBext/5
ip-0A230408:50828:51506 [5] NCCL INFO Channel 00/0 : 8[c00000] -> 9[c00000] [send] via NET/IBext/5
ip-0A230406:86066:86744 [5] NCCL INFO Channel 00/0 : 7[c00000] -> 8[c00000] [send] via NET/IBext/5
ip-0A23041D:5490:6172 [5] NCCL INFO Channel 00/0 : 9[c00000] -> 10[c00000] [receive] via NET/IBext/5
ip-0A23040C:48760:49421 [5] NCCL INFO Channel 01/0 : 15[c00000] -> 0[c00000] [send] via NET/IBext/5
ip-0A23041A:97382:98060 [5] NCCL INFO Channel 00/0 : 8[c00000] -> 9[c00000] [receive] via NET/IBext/5
ip-0A230417:40456:41133 [5] NCCL INFO Channel 01/0 : 6[c00000] -> 7[c00000] [send] via NET/IBext/5
ip-0A230405:1982:2694 [5] NCCL INFO Channel 00/0 : 10[c00000] -> 11[c00000] [receive] via NET/IBext/5
ip-0A230408:50828:51506 [5] NCCL INFO Channel 01/0 : 8[c00000] -> 9[c00000] [send] via NET/IBext/5
ip-0A230406:86066:86744 [5] NCCL INFO Channel 01/0 : 7[c00000] -> 8[c00000] [send] via NET/IBext/5
ip-0A23041A:97382:98060 [5] NCCL INFO Channel 01/0 : 8[c00000] -> 9[c00000] [receive] via NET/IBext/5
ip-0A23041A:97382:98060 [5] NCCL INFO Channel 00/0 : 9[c00000] -> 10[c00000] [send] via NET/IBext/5
ip-0A23041D:5490:6172 [5] NCCL INFO Channel 01/0 : 9[c00000] -> 10[c00000] [receive] via NET/IBext/5
ip-0A23041D:5490:6172 [5] NCCL INFO Channel 00/0 : 10[c00000] -> 11[c00000] [send] via NET/IBext/5
ip-0A23041D:5490:6172 [5] NCCL INFO Channel 01/0 : 10[c00000] -> 11[c00000] [send] via NET/IBext/5
ip-0A230405:1982:2694 [5] NCCL INFO Channel 01/0 : 10[c00000] -> 11[c00000] [receive] via NET/IBext/5
ip-0A230405:1982:2694 [5] NCCL INFO Channel 00/0 : 11[c00000] -> 12[c00000] [send] via NET/IBext/5
ip-0A230407:40110:40778 [5] NCCL INFO Channel 00/0 : 11[c00000] -> 12[c00000] [receive] via NET/IBext/5
ip-0A23040B:23863:24526 [5] NCCL INFO Channel 00/0 : 12[c00000] -> 13[c00000] [receive] via NET/IBext/5
ip-0A23040E:49906:50574 [5] NCCL INFO Channel 00/0 : 13[c00000] -> 14[c00000] [receive] via NET/IBext/5
ip-0A23041A:97382:98060 [5] NCCL INFO Channel 01/0 : 9[c00000] -> 10[c00000] [send] via NET/IBext/5
ip-0A230407:40110:40778 [5] NCCL INFO Channel 01/0 : 11[c00000] -> 12[c00000] [receive] via NET/IBext/5
ip-0A23040B:23863:24526 [5] NCCL INFO Channel 01/0 : 12[c00000] -> 13[c00000] [receive] via NET/IBext/5
ip-0A230407:40110:40778 [5] NCCL INFO Channel 00/0 : 12[c00000] -> 13[c00000] [send] via NET/IBext/5
ip-0A23040B:23863:24526 [5] NCCL INFO Channel 00/0 : 13[c00000] -> 14[c00000] [send] via NET/IBext/5
ip-0A23040E:49906:50574 [5] NCCL INFO Channel 01/0 : 13[c00000] -> 14[c00000] [receive] via NET/IBext/5
ip-0A23040E:49906:50574 [5] NCCL INFO Channel 00/0 : 14[c00000] -> 15[c00000] [send] via NET/IBext/5
ip-0A230407:40110:40778 [5] NCCL INFO Channel 01/0 : 12[c00000] -> 13[c00000] [send] via NET/IBext/5
ip-0A230405:1982:2694 [5] NCCL INFO Channel 01/0 : 11[c00000] -> 12[c00000] [send] via NET/IBext/5
ip-0A23040B:23863:24526 [5] NCCL INFO Channel 01/0 : 13[c00000] -> 14[c00000] [send] via NET/IBext/5
ip-0A23040E:49906:50574 [5] NCCL INFO Channel 01/0 : 14[c00000] -> 15[c00000] [send] via NET/IBext/5
ip-0A23041D:5490:6172 [5] NCCL INFO Connected all rings
ip-0A23040F:66478:67162 [5] NCCL INFO Connected all rings
ip-0A230410:38042:38704 [5] NCCL INFO Connected all rings
ip-0A230408:50828:51506 [5] NCCL INFO Connected all rings
ip-0A230406:86066:86744 [5] NCCL INFO Connected all rings
ip-0A23040D:10041:10731 [5] NCCL INFO Connected all rings
ip-0A23040C:48760:49421 [5] NCCL INFO Connected all rings
ip-0A23041A:97382:98060 [5] NCCL INFO Connected all rings
ip-0A230413:50935:51603 [5] NCCL INFO Connected all rings
ip-0A230405:1982:2694 [5] NCCL INFO Connected all rings
ip-0A23040B:23863:24526 [5] NCCL INFO Connected all rings
ip-0A230417:40456:41133 [5] NCCL INFO Connected all rings
ip-0A230407:40110:40778 [5] NCCL INFO Connected all rings
ip-0A230412:7444:8114 [5] NCCL INFO Connected all rings
ip-0A230414:3529:4204 [5] NCCL INFO Connected all rings
ip-0A23040E:49906:50574 [5] NCCL INFO Connected all rings
ip-0A23040B:23863:24526 [5] NCCL INFO Channel 01/0 : 11[c00000] -> 13[c00000] [receive] via NET/IBext/5
ip-0A23040F:66478:67162 [5] NCCL INFO Channel 01/0 : 1[c00000] -> 3[c00000] [send] via NET/IBext/5
ip-0A23041D:5490:6172 [5] NCCL INFO Channel 00/0 : 10[c00000] -> 12[c00000] [send] via NET/IBext/5
ip-0A23040C:48760:49421 [5] NCCL INFO Channel 01/0 : 7[c00000] -> 15[c00000] [receive] via NET/IBext/5
ip-0A230412:7444:8114 [5] NCCL INFO Channel 01/0 : 1[c00000] -> 3[c00000] [receive] via NET/IBext/5
ip-0A23041A:97382:98060 [5] NCCL INFO Channel 01/0 : 9[c00000] -> 11[c00000] [send] via NET/IBext/5
ip-0A230408:50828:51506 [5] NCCL INFO Channel 00/0 : 4[c00000] -> 8[c00000] [receive] via NET/IBext/5
ip-0A230412:7444:8114 [5] NCCL INFO Channel 01/0 : 3[c00000] -> 5[c00000] [send] via NET/IBext/5
ip-0A230408:50828:51506 [5] NCCL INFO Channel 00/0 : 8[c00000] -> 12[c00000] [send] via NET/IBext/5
ip-0A230410:38042:38704 [5] NCCL INFO Channel 00/0 : 2[c00000] -> 4[c00000] [send] via NET/IBext/5
ip-0A230405:1982:2694 [5] NCCL INFO Channel 01/0 : 9[c00000] -> 11[c00000] [receive] via NET/IBext/5
ip-0A23040E:49906:50574 [5] NCCL INFO Channel 00/0 : 12[c00000] -> 14[c00000] [receive] via NET/IBext/5
ip-0A230407:40110:40778 [5] NCCL INFO Channel 00/0 : 10[c00000] -> 12[c00000] [receive] via NET/IBext/5
ip-0A230405:1982:2694 [5] NCCL INFO Channel 01/0 : 11[c00000] -> 13[c00000] [send] via NET/IBext/5
ip-0A23040D:10041:10731 [5] NCCL INFO Channel 00/0 : 8[c00000] -> 0[c00000] [receive] via NET/IBext/5
ip-0A230406:86066:86744 [5] NCCL INFO Channel 01/0 : 3[c00000] -> 7[c00000] [receive] via NET/IBext/5
ip-0A230417:40456:41133 [5] NCCL INFO Channel 00/0 : 4[c00000] -> 6[c00000] [receive] via NET/IBext/5
ip-0A23040D:10041:10731 [5] NCCL INFO Channel 00/0 : 0[c00000] -> 8[c00000] [send] via NET/IBext/5
ip-0A230407:40110:40778 [5] NCCL INFO Channel 00/0 : 12[c00000] -> 14[c00000] [send] via NET/IBext/5
ip-0A230406:86066:86744 [5] NCCL INFO Channel 01/0 : 7[c00000] -> 11[c00000] [send] via NET/IBext/5
ip-0A230413:50935:51603 [5] NCCL INFO Channel 00/0 : 2[c00000] -> 4[c00000] [receive] via NET/IBext/5
ip-0A230413:50935:51603 [5] NCCL INFO Channel 00/0 : 4[c00000] -> 6[c00000] [send] via NET/IBext/5
ip-0A230414:3529:4204 [5] NCCL INFO Channel 01/0 : 3[c00000] -> 5[c00000] [receive] via NET/IBext/5
ip-0A23041A:97382:98060 [5] NCCL INFO Channel 01/0 : 11[c00000] -> 9[c00000] [receive] via NET/IBext/5
ip-0A230410:38042:38704 [5] NCCL INFO Channel 00/0 : 4[c00000] -> 2[c00000] [receive] via NET/IBext/5
ip-0A23041D:5490:6172 [5] NCCL INFO Channel 00/0 : 12[c00000] -> 10[c00000] [receive] via NET/IBext/5
ip-0A23040B:23863:24526 [5] NCCL INFO Channel 01/0 : 13[c00000] -> 11[c00000] [send] via NET/IBext/5
ip-0A230417:40456:41133 [5] NCCL INFO Channel 00/0 : 6[c00000] -> 4[c00000] [send] via NET/IBext/5
ip-0A230414:3529:4204 [5] NCCL INFO Channel 01/0 : 5[c00000] -> 3[c00000] [send] via NET/IBext/5
ip-0A23040E:49906:50574 [5] NCCL INFO Channel 00/0 : 14[c00000] -> 12[c00000] [send] via NET/IBext/5
ip-0A23040C:48760:49421 [5] NCCL INFO Channel 01/0 : 15[c00000] -> 7[c00000] [send] via NET/IBext/5
ip-0A23040F:66478:67162 [5] NCCL INFO Channel 01/0 : 3[c00000] -> 1[c00000] [receive] via NET/IBext/5
ip-0A230405:1982:2694 [5] NCCL INFO Channel 01/0 : 7[c00000] -> 11[c00000] [receive] via NET/IBext/5
ip-0A230407:40110:40778 [5] NCCL INFO Channel 00/0 : 8[c00000] -> 12[c00000] [receive] via NET/IBext/5
ip-0A230413:50935:51603 [5] NCCL INFO Channel 00/0 : 4[c00000] -> 8[c00000] [send] via NET/IBext/5
ip-0A230412:7444:8114 [5] NCCL INFO Channel 01/0 : 3[c00000] -> 7[c00000] [send] via NET/IBext/5
ip-0A230413:50935:51603 [5] NCCL INFO Channel 00/0 : 8[c00000] -> 4[c00000] [receive] via NET/IBext/5
ip-0A230407:40110:40778 [5] NCCL INFO Channel 00/0 : 12[c00000] -> 8[c00000] [send] via NET/IBext/5
ip-0A230412:7444:8114 [5] NCCL INFO Channel 01/0 : 7[c00000] -> 3[c00000] [receive] via NET/IBext/5
ip-0A230405:1982:2694 [5] NCCL INFO Channel 01/0 : 11[c00000] -> 7[c00000] [send] via NET/IBext/5
ip-0A230408:50828:51506 [5] NCCL INFO Channel 00/0 : 0[c00000] -> 8[c00000] [receive] via NET/IBext/5
ip-0A230408:50828:51506 [5] NCCL INFO Channel 00/0 : 8[c00000] -> 0[c00000] [send] via NET/IBext/5
ip-0A230406:86066:86744 [5] NCCL INFO Channel 01/0 : 15[c00000] -> 7[c00000] [receive] via NET/IBext/5
ip-0A230406:86066:86744 [5] NCCL INFO Channel 01/0 : 7[c00000] -> 15[c00000] [send] via NET/IBext/5
ip-0A230408:50828:51506 [5] NCCL INFO Channel 00/0 : 12[c00000] -> 8[c00000] [receive] via NET/IBext/5
ip-0A230408:50828:51506 [5] NCCL INFO Channel 00/0 : 8[c00000] -> 4[c00000] [send] via NET/IBext/5
ip-0A23040D:10041:10731 [5] NCCL INFO Channel 01/0 : 1[c00000] -> 0[c00000] [receive] via NET/IBext/5
ip-0A230406:86066:86744 [5] NCCL INFO Channel 01/0 : 11[c00000] -> 7[c00000] [receive] via NET/IBext/5
ip-0A230406:86066:86744 [5] NCCL INFO Channel 01/0 : 7[c00000] -> 3[c00000] [send] via NET/IBext/5
ip-0A23040C:48760:49421 [5] NCCL INFO Channel 00/0 : 15[c00000] -> 14[c00000] [send] via NET/IBext/5
ip-0A230407:40110:40778 [5] NCCL INFO Channel 00/0 : 14[c00000] -> 12[c00000] [receive] via NET/IBext/5
ip-0A230407:40110:40778 [5] NCCL INFO Channel 00/0 : 12[c00000] -> 10[c00000] [send] via NET/IBext/5
ip-0A230405:1982:2694 [5] NCCL INFO Channel 01/0 : 13[c00000] -> 11[c00000] [receive] via NET/IBext/5
ip-0A230405:1982:2694 [5] NCCL INFO Channel 01/0 : 11[c00000] -> 9[c00000] [send] via NET/IBext/5
ip-0A230413:50935:51603 [5] NCCL INFO Channel 00/0 : 6[c00000] -> 4[c00000] [receive] via NET/IBext/5
ip-0A230413:50935:51603 [5] NCCL INFO Channel 00/0 : 4[c00000] -> 2[c00000] [send] via NET/IBext/5
ip-0A230412:7444:8114 [5] NCCL INFO Channel 01/0 : 5[c00000] -> 3[c00000] [receive] via NET/IBext/5
ip-0A230408:50828:51506 [5] NCCL INFO Channel 01/0 : 9[c00000] -> 8[c00000] [receive] via NET/IBext/5
ip-0A230412:7444:8114 [5] NCCL INFO Channel 01/0 : 3[c00000] -> 1[c00000] [send] via NET/IBext/5
ip-0A230406:86066:86744 [5] NCCL INFO Channel 00/0 : 7[c00000] -> 6[c00000] [send] via NET/IBext/5
ip-0A23040F:66478:67162 [5] NCCL INFO Channel 00/0 : 2[c00000] -> 1[c00000] [receive] via NET/IBext/5
ip-0A23041D:5490:6172 [5] NCCL INFO Channel 00/0 : 11[c00000] -> 10[c00000] [receive] via NET/IBext/5
ip-0A23041D:5490:6172 [5] NCCL INFO Channel 00/0 : 10[c00000] -> 9[c00000] [send] via NET/IBext/5
ip-0A23041D:5490:6172 [5] NCCL INFO Channel 01/0 : 10[c00000] -> 9[c00000] [send] via NET/IBext/5
ip-0A23040E:49906:50574 [5] NCCL INFO Channel 00/0 : 15[c00000] -> 14[c00000] [receive] via NET/IBext/5
ip-0A23040E:49906:50574 [5] NCCL INFO Channel 00/0 : 14[c00000] -> 13[c00000] [send] via NET/IBext/5
ip-0A23040E:49906:50574 [5] NCCL INFO Channel 01/0 : 14[c00000] -> 13[c00000] [send] via NET/IBext/5
ip-0A23040B:23863:24526 [5] NCCL INFO Channel 00/0 : 14[c00000] -> 13[c00000] [receive] via NET/IBext/5
ip-0A23040B:23863:24526 [5] NCCL INFO Channel 01/0 : 14[c00000] -> 13[c00000] [receive] via NET/IBext/5
ip-0A23040B:23863:24526 [5] NCCL INFO Channel 01/0 : 13[c00000] -> 12[c00000] [send] via NET/IBext/5
ip-0A23041A:97382:98060 [5] NCCL INFO Channel 00/0 : 10[c00000] -> 9[c00000] [receive] via NET/IBext/5
ip-0A23041A:97382:98060 [5] NCCL INFO Channel 01/0 : 10[c00000] -> 9[c00000] [receive] via NET/IBext/5
ip-0A23041A:97382:98060 [5] NCCL INFO Channel 01/0 : 9[c00000] -> 8[c00000] [send] via NET/IBext/5
ip-0A230407:40110:40778 [5] NCCL INFO Channel 01/0 : 13[c00000] -> 12[c00000] [receive] via NET/IBext/5
ip-0A23040C:48760:49421 [5] NCCL INFO Connected all trees
ip-0A23040C:48760:49421 [5] NCCL INFO CollNet 00 : 15 [receive] via COLLNET/SHARP/5
ip-0A230410:38042:38704 [5] NCCL INFO Channel 00/0 : 3[c00000] -> 2[c00000] [receive] via NET/IBext/5
ip-0A230417:40456:41133 [5] NCCL INFO Channel 00/0 : 7[c00000] -> 6[c00000] [receive] via NET/IBext/5
ip-0A230417:40456:41133 [5] NCCL INFO Channel 00/0 : 6[c00000] -> 5[c00000] [send] via NET/IBext/5
ip-0A230417:40456:41133 [5] NCCL INFO Channel 01/0 : 6[c00000] -> 5[c00000] [send] via NET/IBext/5
ip-0A230414:3529:4204 [5] NCCL INFO Channel 00/0 : 6[c00000] -> 5[c00000] [receive] via NET/IBext/5
ip-0A230414:3529:4204 [5] NCCL INFO Channel 01/0 : 6[c00000] -> 5[c00000] [receive] via NET/IBext/5
ip-0A230414:3529:4204 [5] NCCL INFO Channel 01/0 : 5[c00000] -> 4[c00000] [send] via NET/IBext/5
ip-0A230412:7444:8114 [5] NCCL INFO Channel 00/0 : 3[c00000] -> 2[c00000] [send] via NET/IBext/5
ip-0A230405:1982:2694 [5] NCCL INFO Channel 00/0 : 11[c00000] -> 10[c00000] [send] via NET/IBext/5
ip-0A230413:50935:51603 [5] NCCL INFO Channel 01/0 : 5[c00000] -> 4[c00000] [receive] via NET/IBext/5
ip-0A230407:40110:40778 [5] NCCL INFO Connected all trees
ip-0A230408:50828:51506 [5] NCCL INFO Connected all trees
ip-0A230407:40110:40778 [5] NCCL INFO CollNet 00 : 12 [receive] via COLLNET/SHARP/5
ip-0A230408:50828:51506 [5] NCCL INFO CollNet 00 : 8 [receive] via COLLNET/SHARP/5
ip-0A230406:86066:86744 [5] NCCL INFO Connected all trees
ip-0A230406:86066:86744 [5] NCCL INFO CollNet 00 : 7 [receive] via COLLNET/SHARP/5
ip-0A230405:1982:2694 [5] NCCL INFO Connected all trees
ip-0A230405:1982:2694 [5] NCCL INFO CollNet 00 : 11 [receive] via COLLNET/SHARP/5
ip-0A23040E:49906:50574 [5] NCCL INFO Connected all trees
ip-0A23040F:66478:67162 [5] NCCL INFO Channel 01/0 : 2[c00000] -> 1[c00000] [receive] via NET/IBext/5
ip-0A23040F:66478:67162 [5] NCCL INFO Channel 01/0 : 1[c00000] -> 0[c00000] [send] via NET/IBext/5
ip-0A23040B:23863:24526 [5] NCCL INFO Connected all trees
ip-0A230413:50935:51603 [5] NCCL INFO Connected all trees
ip-0A230413:50935:51603 [5] NCCL INFO CollNet 00 : 4 [receive] via COLLNET/SHARP/5
ip-0A23041A:97382:98060 [5] NCCL INFO Connected all trees
ip-0A230417:40456:41133 [5] NCCL INFO Connected all trees
ip-0A23041D:5490:6172 [5] NCCL INFO Connected all trees
ip-0A230414:3529:4204 [5] NCCL INFO Connected all trees
ip-0A230410:38042:38704 [5] NCCL INFO Channel 00/0 : 2[c00000] -> 1[c00000] [send] via NET/IBext/5
ip-0A230410:38042:38704 [5] NCCL INFO Channel 01/0 : 2[c00000] -> 1[c00000] [send] via NET/IBext/5
ip-0A230412:7444:8114 [5] NCCL INFO Connected all trees
ip-0A230412:7444:8114 [5] NCCL INFO CollNet 00 : 3 [receive] via COLLNET/SHARP/5
ip-0A23040D:10041:10731 [5] NCCL INFO Connected all trees
ip-0A23040D:10041:10731 [5] NCCL INFO CollNet 00 : 0 [receive] via COLLNET/SHARP/5
ip-0A23040E:49906:50574 [5] NCCL INFO CollNet 00 : 14 [receive] via COLLNET/SHARP/5
ip-0A23040B:23863:24526 [5] NCCL INFO CollNet 00 : 13 [receive] via COLLNET/SHARP/5
ip-0A23040F:66478:67162 [5] NCCL INFO Connected all trees
