ip-0A23041D:17339:18053 [4] NCCL INFO CollNet 00 : 10 [receive] via COLLNET/SHARP/4
ip-0A23041A:11720:12385 [4] NCCL INFO CollNet 00 : 9 [receive] via COLLNET/SHARP/4
ip-0A23040F:78327:78978 [4] NCCL INFO CollNet 00 : 1 [receive] via COLLNET/SHARP/4
ip-0A23040F:78327:78979 [4] NCCL INFO NCCL_SHARP_GROUP_SIZE_THRESH set by environment to 16.
ip-0A230410:49781:50435 [4] NCCL INFO NCCL_SHARP_GROUP_SIZE_THRESH set by environment to 16.
ip-0A230412:19203:19849 [4] NCCL INFO NCCL_SHARP_GROUP_SIZE_THRESH set by environment to 16.
ip-0A230413:62807:63454 [4] NCCL INFO NCCL_SHARP_GROUP_SIZE_THRESH set by environment to 16.
ip-0A230414:15454:16115 [4] NCCL INFO NCCL_SHARP_GROUP_SIZE_THRESH set by environment to 16.
ip-0A230417:52203:52866 [4] NCCL INFO NCCL_SHARP_GROUP_SIZE_THRESH set by environment to 16.
ip-0A230406:97853:692 [4] NCCL INFO NCCL_SHARP_GROUP_SIZE_THRESH set by environment to 16.
ip-0A230408:61890:62545 [4] NCCL INFO NCCL_SHARP_GROUP_SIZE_THRESH set by environment to 16.
ip-0A23041A:11720:12386 [4] NCCL INFO NCCL_SHARP_GROUP_SIZE_THRESH set by environment to 16.
ip-0A23041D:17339:18054 [4] NCCL INFO NCCL_SHARP_GROUP_SIZE_THRESH set by environment to 16.
ip-0A230405:14158:14823 [4] NCCL INFO NCCL_SHARP_GROUP_SIZE_THRESH set by environment to 16.
ip-0A230407:51971:52619 [4] NCCL INFO NCCL_SHARP_GROUP_SIZE_THRESH set by environment to 16.
ip-0A23040B:35615:36278 [4] NCCL INFO NCCL_SHARP_GROUP_SIZE_THRESH set by environment to 16.
ip-0A23040E:61735:62382 [4] NCCL INFO NCCL_SHARP_GROUP_SIZE_THRESH set by environment to 16.
ip-0A23040D:23456:24131 [4] NCCL INFO NCCL_SHARP_GROUP_SIZE_THRESH set by environment to 16.
ip-0A23040C:60478:61132 [4] NCCL INFO NCCL_SHARP_GROUP_SIZE_THRESH set by environment to 16.
[ip-0A23040D:0:23456 - context.c:584] INFO job (ID: 2524863423363775020) resource request quota: ( osts:0 user_data_per_ost:0 max_groups:0 max_qps:1 max_group_channels:1, num_trees:1)
[ip-0A23040D:0:23456 unique id 0] ERROR No Aggregation Manager (sharp_am) detected in sharp_create_job.

[ip-0A23040D:0:23456 - context.c:601] ERROR sharp_create_job failed: No Aggregation Manager (sharp_am) detected(-52)
ip-0A230417:52203:52866 [4] NCCL INFO Sharp rank 6/16 initialized on mlx5_ib4:1

ip-0A230417:52203:52866 [4] sharp_plugin.c:288 NCCL WARN NET/IB :SHARP coll init error: Cannot create SHArP job(-11)

ip-0A230417:52203:52866 [4] NCCL INFO include/coll_net.h:21 -> 3
ip-0A230405:14158:14823 [4] NCCL INFO Sharp rank 11/16 initialized on mlx5_ib4:1

ip-0A230405:14158:14823 [4] sharp_plugin.c:288 NCCL WARN NET/IB :SHARP coll init error: Cannot create SHArP job(-11)

ip-0A230405:14158:14823 [4] NCCL INFO include/coll_net.h:21 -> 3
ip-0A230408:61890:62545 [4] NCCL INFO Sharp rank 8/16 initialized on mlx5_ib4:1

ip-0A230408:61890:62545 [4] sharp_plugin.c:288 NCCL WARN NET/IB :SHARP coll init error: Cannot create SHArP job(-11)

ip-0A230408:61890:62545 [4] NCCL INFO include/coll_net.h:21 -> 3
ip-0A23040E:61735:62382 [4] NCCL INFO Sharp rank 14/16 initialized on mlx5_ib4:1

ip-0A23040E:61735:62382 [4] sharp_plugin.c:288 NCCL WARN NET/IB :SHARP coll init error: Cannot create SHArP job(-11)

ip-0A23040E:61735:62382 [4] NCCL INFO include/coll_net.h:21 -> 3
ip-0A23040F:78327:78979 [4] NCCL INFO Sharp rank 1/16 initialized on mlx5_ib4:1

ip-0A23040F:78327:78979 [4] sharp_plugin.c:288 NCCL WARN NET/IB :SHARP coll init error: Cannot create SHArP job(-11)

ip-0A23040F:78327:78979 [4] NCCL INFO include/coll_net.h:21 -> 3
ip-0A230413:62807:63454 [4] NCCL INFO Sharp rank 4/16 initialized on mlx5_ib4:1

ip-0A230413:62807:63454 [4] sharp_plugin.c:288 NCCL WARN NET/IB :SHARP coll init error: Cannot create SHArP job(-11)

ip-0A230413:62807:63454 [4] NCCL INFO include/coll_net.h:21 -> 3
ip-0A23041A:11720:12386 [4] NCCL INFO Sharp rank 9/16 initialized on mlx5_ib4:1

ip-0A23041A:11720:12386 [4] sharp_plugin.c:288 NCCL WARN NET/IB :SHARP coll init error: Cannot create SHArP job(-11)

ip-0A23041A:11720:12386 [4] NCCL INFO include/coll_net.h:21 -> 3
ip-0A230414:15454:16115 [4] NCCL INFO Sharp rank 5/16 initialized on mlx5_ib4:1

ip-0A230414:15454:16115 [4] sharp_plugin.c:288 NCCL WARN NET/IB :SHARP coll init error: Cannot create SHArP job(-11)

ip-0A230414:15454:16115 [4] NCCL INFO include/coll_net.h:21 -> 3
ip-0A230407:51971:52619 [4] NCCL INFO Sharp rank 12/16 initialized on mlx5_ib4:1

ip-0A230407:51971:52619 [4] sharp_plugin.c:288 NCCL WARN NET/IB :SHARP coll init error: Cannot create SHArP job(-11)

ip-0A230407:51971:52619 [4] NCCL INFO include/coll_net.h:21 -> 3
ip-0A23040C:60478:61132 [4] NCCL INFO Sharp rank 15/16 initialized on mlx5_ib4:1

ip-0A23040C:60478:61132 [4] sharp_plugin.c:288 NCCL WARN NET/IB :SHARP coll init error: Cannot create SHArP job(-11)

ip-0A23040C:60478:61132 [4] NCCL INFO include/coll_net.h:21 -> 3
ip-0A230405:14158:14822 [4] NCCL INFO transport.cc:222 -> 2

ip-0A230405:14158:14822 [4] transport.cc:253 NCCL WARN Cannot initialize CollNet, using point-to-point network instead
ip-0A230405:14158:14822 [4] NCCL INFO init.cc:765 -> 2
ip-0A230410:49781:50435 [4] NCCL INFO Sharp rank 2/16 initialized on mlx5_ib4:1

ip-0A230410:49781:50435 [4] sharp_plugin.c:288 NCCL WARN NET/IB :SHARP coll init error: Cannot create SHArP job(-11)

ip-0A230410:49781:50435 [4] NCCL INFO include/coll_net.h:21 -> 3
ip-0A230406:97853:692 [4] NCCL INFO Sharp rank 7/16 initialized on mlx5_ib4:1

ip-0A230406:97853:692 [4] sharp_plugin.c:288 NCCL WARN NET/IB :SHARP coll init error: Cannot create SHArP job(-11)

ip-0A230406:97853:692 [4] NCCL INFO include/coll_net.h:21 -> 3
ip-0A230417:52203:52865 [4] NCCL INFO transport.cc:222 -> 2

ip-0A230417:52203:52865 [4] transport.cc:253 NCCL WARN Cannot initialize CollNet, using point-to-point network instead
ip-0A230417:52203:52865 [4] NCCL INFO init.cc:765 -> 2
ip-0A230417:52203:52865 [4] NCCL INFO threadThresholds 8/8/64 | 128/8/64 | 8/8/512
ip-0A230417:52203:52865 [4] NCCL INFO 2 coll channels, 2 p2p channels, 2 p2p channels per peer
ip-0A230405:14158:14822 [4] NCCL INFO threadThresholds 8/8/64 | 128/8/64 | 8/8/512
ip-0A230405:14158:14822 [4] NCCL INFO 2 coll channels, 2 p2p channels, 2 p2p channels per peer
ip-0A23041D:17339:18054 [4] NCCL INFO Sharp rank 10/16 initialized on mlx5_ib4:1

ip-0A23041D:17339:18054 [4] sharp_plugin.c:288 NCCL WARN NET/IB :SHARP coll init error: Cannot create SHArP job(-11)

ip-0A23041D:17339:18054 [4] NCCL INFO include/coll_net.h:21 -> 3
ip-0A23040B:35615:36278 [4] NCCL INFO Sharp rank 13/16 initialized on mlx5_ib4:1

ip-0A23040B:35615:36278 [4] sharp_plugin.c:288 NCCL WARN NET/IB :SHARP coll init error: Cannot create SHArP job(-11)

ip-0A23040B:35615:36278 [4] NCCL INFO include/coll_net.h:21 -> 3
ip-0A230408:61890:62544 [4] NCCL INFO transport.cc:222 -> 2

ip-0A230408:61890:62544 [4] transport.cc:253 NCCL WARN Cannot initialize CollNet, using point-to-point network instead
ip-0A230408:61890:62544 [4] NCCL INFO init.cc:765 -> 2
ip-0A23040F:78327:78978 [4] NCCL INFO transport.cc:222 -> 2

ip-0A23040F:78327:78978 [4] transport.cc:253 NCCL WARN Cannot initialize CollNet, using point-to-point network instead
ip-0A23040F:78327:78978 [4] NCCL INFO init.cc:765 -> 2
ip-0A230412:19203:19849 [4] NCCL INFO Sharp rank 3/16 initialized on mlx5_ib4:1

ip-0A230412:19203:19849 [4] sharp_plugin.c:288 NCCL WARN NET/IB :SHARP coll init error: Cannot create SHArP job(-11)

ip-0A230412:19203:19849 [4] NCCL INFO include/coll_net.h:21 -> 3
ip-0A230408:61890:62544 [4] NCCL INFO threadThresholds 8/8/64 | 128/8/64 | 8/8/512
ip-0A230408:61890:62544 [4] NCCL INFO 2 coll channels, 2 p2p channels, 2 p2p channels per peer
ip-0A23040E:61735:62381 [4] NCCL INFO transport.cc:222 -> 2

ip-0A23040E:61735:62381 [4] transport.cc:253 NCCL WARN Cannot initialize CollNet, using point-to-point network instead
ip-0A23040E:61735:62381 [4] NCCL INFO init.cc:765 -> 2
ip-0A23040E:61735:62381 [4] NCCL INFO threadThresholds 8/8/64 | 128/8/64 | 8/8/512
ip-0A23040E:61735:62381 [4] NCCL INFO 2 coll channels, 2 p2p channels, 2 p2p channels per peer
ip-0A23040F:78327:78978 [4] NCCL INFO threadThresholds 8/8/64 | 128/8/64 | 8/8/512
ip-0A230413:62807:63453 [4] NCCL INFO transport.cc:222 -> 2

ip-0A230413:62807:63453 [4] transport.cc:253 NCCL WARN Cannot initialize CollNet, using point-to-point network instead
ip-0A230413:62807:63453 [4] NCCL INFO init.cc:765 -> 2
ip-0A230413:62807:63453 [4] NCCL INFO threadThresholds 8/8/64 | 128/8/64 | 8/8/512
ip-0A230413:62807:63453 [4] NCCL INFO 2 coll channels, 2 p2p channels, 2 p2p channels per peer
ip-0A23040F:78327:78978 [4] NCCL INFO 2 coll channels, 2 p2p channels, 2 p2p channels per peer
ip-0A23041A:11720:12385 [4] NCCL INFO transport.cc:222 -> 2

ip-0A23041A:11720:12385 [4] transport.cc:253 NCCL WARN Cannot initialize CollNet, using point-to-point network instead
ip-0A23041A:11720:12385 [4] NCCL INFO init.cc:765 -> 2
ip-0A23041A:11720:12385 [4] NCCL INFO threadThresholds 8/8/64 | 128/8/64 | 8/8/512
ip-0A23041A:11720:12385 [4] NCCL INFO 2 coll channels, 2 p2p channels, 2 p2p channels per peer
ip-0A230414:15454:16114 [4] NCCL INFO transport.cc:222 -> 2

ip-0A230414:15454:16114 [4] transport.cc:253 NCCL WARN Cannot initialize CollNet, using point-to-point network instead
ip-0A230414:15454:16114 [4] NCCL INFO init.cc:765 -> 2
ip-0A230414:15454:16114 [4] NCCL INFO threadThresholds 8/8/64 | 128/8/64 | 8/8/512
ip-0A230414:15454:16114 [4] NCCL INFO 2 coll channels, 2 p2p channels, 2 p2p channels per peer
ip-0A230406:97853:691 [4] NCCL INFO transport.cc:222 -> 2

ip-0A230406:97853:691 [4] transport.cc:253 NCCL WARN Cannot initialize CollNet, using point-to-point network instead
ip-0A230406:97853:691 [4] NCCL INFO init.cc:765 -> 2
ip-0A230406:97853:691 [4] NCCL INFO threadThresholds 8/8/64 | 128/8/64 | 8/8/512
ip-0A23040C:60478:61131 [4] NCCL INFO transport.cc:222 -> 2

ip-0A23040C:60478:61131 [4] transport.cc:253 NCCL WARN Cannot initialize CollNet, using point-to-point network instead
ip-0A23040C:60478:61131 [4] NCCL INFO init.cc:765 -> 2
ip-0A23040C:60478:61131 [4] NCCL INFO threadThresholds 8/8/64 | 128/8/64 | 8/8/512
ip-0A230406:97853:691 [4] NCCL INFO 2 coll channels, 2 p2p channels, 2 p2p channels per peer
ip-0A23040C:60478:61131 [4] NCCL INFO 2 coll channels, 2 p2p channels, 2 p2p channels per peer
ip-0A230407:51971:52618 [4] NCCL INFO transport.cc:222 -> 2

ip-0A230407:51971:52618 [4] transport.cc:253 NCCL WARN Cannot initialize CollNet, using point-to-point network instead
ip-0A230407:51971:52618 [4] NCCL INFO init.cc:765 -> 2
ip-0A230407:51971:52618 [4] NCCL INFO threadThresholds 8/8/64 | 128/8/64 | 8/8/512
ip-0A230407:51971:52618 [4] NCCL INFO 2 coll channels, 2 p2p channels, 2 p2p channels per peer
ip-0A230412:19203:19848 [4] NCCL INFO transport.cc:222 -> 2

ip-0A230412:19203:19848 [4] transport.cc:253 NCCL WARN Cannot initialize CollNet, using point-to-point network instead
ip-0A230412:19203:19848 [4] NCCL INFO init.cc:765 -> 2
ip-0A230412:19203:19848 [4] NCCL INFO threadThresholds 8/8/64 | 128/8/64 | 8/8/512
ip-0A230412:19203:19848 [4] NCCL INFO 2 coll channels, 2 p2p channels, 2 p2p channels per peer
ip-0A23041D:17339:18053 [4] NCCL INFO transport.cc:222 -> 2

ip-0A23041D:17339:18053 [4] transport.cc:253 NCCL WARN Cannot initialize CollNet, using point-to-point network instead
ip-0A23041D:17339:18053 [4] NCCL INFO init.cc:765 -> 2
ip-0A23041D:17339:18053 [4] NCCL INFO threadThresholds 8/8/64 | 128/8/64 | 8/8/512
ip-0A23041D:17339:18053 [4] NCCL INFO 2 coll channels, 2 p2p channels, 2 p2p channels per peer
ip-0A23040B:35615:36277 [4] NCCL INFO transport.cc:222 -> 2

ip-0A23040B:35615:36277 [4] transport.cc:253 NCCL WARN Cannot initialize CollNet, using point-to-point network instead
ip-0A23040B:35615:36277 [4] NCCL INFO init.cc:765 -> 2
ip-0A23040B:35615:36277 [4] NCCL INFO threadThresholds 8/8/64 | 128/8/64 | 8/8/512
ip-0A23040B:35615:36277 [4] NCCL INFO 2 coll channels, 2 p2p channels, 2 p2p channels per peer
ip-0A230410:49781:50434 [4] NCCL INFO transport.cc:222 -> 2

ip-0A230410:49781:50434 [4] transport.cc:253 NCCL WARN Cannot initialize CollNet, using point-to-point network instead
ip-0A230410:49781:50434 [4] NCCL INFO init.cc:765 -> 2
ip-0A230410:49781:50434 [4] NCCL INFO threadThresholds 8/8/64 | 128/8/64 | 8/8/512
ip-0A230410:49781:50434 [4] NCCL INFO 2 coll channels, 2 p2p channels, 2 p2p channels per peer
ip-0A23041A:11720:12385 [4] NCCL INFO comm 0x150eb8008fb0 rank 9 nranks 16 cudaDev 4 busId b00000 - Init COMPLETE
ip-0A230417:52203:52865 [4] NCCL INFO comm 0x149504008fb0 rank 6 nranks 16 cudaDev 4 busId b00000 - Init COMPLETE
ip-0A230414:15454:16114 [4] NCCL INFO comm 0x147f18008fb0 rank 5 nranks 16 cudaDev 4 busId b00000 - Init COMPLETE
ip-0A23040B:35615:36277 [4] NCCL INFO comm 0x14c57c008fb0 rank 13 nranks 16 cudaDev 4 busId b00000 - Init COMPLETE
ip-0A230406:97853:691 [4] NCCL INFO comm 0x14def0008fb0 rank 7 nranks 16 cudaDev 4 busId b00000 - Init COMPLETE
ip-0A23040E:61735:62381 [4] NCCL INFO comm 0x14fdc4008fb0 rank 14 nranks 16 cudaDev 4 busId b00000 - Init COMPLETE
ip-0A230410:49781:50434 [4] NCCL INFO comm 0x152bdc008fb0 rank 2 nranks 16 cudaDev 4 busId b00000 - Init COMPLETE
ip-0A23040F:78327:78978 [4] NCCL INFO comm 0x15375c008fb0 rank 1 nranks 16 cudaDev 4 busId b00000 - Init COMPLETE
ip-0A23041D:17339:18053 [4] NCCL INFO comm 0x145e24008fb0 rank 10 nranks 16 cudaDev 4 busId b00000 - Init COMPLETE
ip-0A230412:19203:19848 [4] NCCL INFO comm 0x1511d4008fb0 rank 3 nranks 16 cudaDev 4 busId b00000 - Init COMPLETE
ip-0A230405:14158:14822 [4] NCCL INFO comm 0x14f9d0008fb0 rank 11 nranks 16 cudaDev 4 busId b00000 - Init COMPLETE
ip-0A230408:61890:62544 [4] NCCL INFO comm 0x148ddc008fb0 rank 8 nranks 16 cudaDev 4 busId b00000 - Init COMPLETE
ip-0A230407:51971:52618 [4] NCCL INFO comm 0x1548cc008fb0 rank 12 nranks 16 cudaDev 4 busId b00000 - Init COMPLETE
ip-0A230413:62807:63453 [4] NCCL INFO comm 0x152ca8008fb0 rank 4 nranks 16 cudaDev 4 busId b00000 - Init COMPLETE
ip-0A23040C:60478:61131 [4] NCCL INFO comm 0x150024008fb0 rank 15 nranks 16 cudaDev 4 busId b00000 - Init COMPLETE
ip-0A23040D:23456:24131 [4] NCCL INFO Sharp rank 0/16 initialized on mlx5_ib4:1

ip-0A23040D:23456:24131 [4] sharp_plugin.c:288 NCCL WARN NET/IB :SHARP coll init error: Cannot create SHArP job(-11)

ip-0A23040D:23456:24131 [4] NCCL INFO include/coll_net.h:21 -> 3
ip-0A23040D:23456:24130 [4] NCCL INFO transport.cc:222 -> 2

ip-0A23040D:23456:24130 [4] transport.cc:253 NCCL WARN Cannot initialize CollNet, using point-to-point network instead
ip-0A23040D:23456:24130 [4] NCCL INFO init.cc:765 -> 2
ip-0A23040D:23456:24130 [4] NCCL INFO threadThresholds 8/8/64 | 128/8/64 | 8/8/512
ip-0A23040D:23456:24130 [4] NCCL INFO 2 coll channels, 2 p2p channels, 2 p2p channels per peer
ip-0A23040D:23456:24130 [4] NCCL INFO comm 0x14e568008fb0 rank 0 nranks 16 cudaDev 4 busId b00000 - Init COMPLETE
ip-0A23040D:23456:23456 [4] NCCL INFO Launch mode Parallel
ip-0A23040D:23461:23461 [5] NCCL INFO Bootstrap : Using eth0:10.35.4.13<0>
ip-0A23040D:23461:23461 [5] NCCL INFO NET/Plugin: Failed to find ncclNetPlugin_v5 symbol.
ip-0A23040D:23461:23461 [5] NCCL INFO NET/Plugin: Failed to find ncclCollNetPlugin_v5 symbol.
ip-0A23040D:23461:23461 [5] NCCL INFO Plugin Path : /opt/hpcx/nccl_rdma_sharp_plugin/lib/libnccl-net.so
ip-0A23040D:23461:23461 [5] NCCL INFO P2P plugin IBext
ip-0A23040D:23461:23461 [5] NCCL INFO NCCL_IB_PCI_RELAXED_ORDERING set by environment to 1.
ip-0A23040D:23461:23461 [5] NCCL INFO NET/IB : Using [0]mlx5_ib0:1/IB/SHARP [1]mlx5_ib1:1/IB/SHARP [2]mlx5_ib2:1/IB/SHARP [3]mlx5_ib3:1/IB/SHARP [4]mlx5_ib4:1/IB/SHARP [5]mlx5_ib5:1/IB/SHARP [6]mlx5_ib6:1/IB/SHARP [7]mlx5_ib7:1/IB/SHARP ; OOB eth0:10.35.4.13<0>
ip-0A23040D:23461:23461 [5] NCCL INFO Using network IBext
NCCL version 2.12.10+cuda11.6
ip-0A23040F:78324:78324 [5] NCCL INFO Bootstrap : Using eth0:10.35.4.15<0>
ip-0A230407:51969:51969 [5] NCCL INFO Bootstrap : Using eth0:10.35.4.7<0>
ip-0A230414:15448:15448 [5] NCCL INFO Bootstrap : Using eth0:10.35.4.20<0>
ip-0A23040B:35616:35616 [5] NCCL INFO Bootstrap : Using eth0:10.35.4.11<0>
ip-0A23040C:60483:60483 [5] NCCL INFO Bootstrap : Using eth0:10.35.4.12<0>
ip-0A230412:19200:19200 [5] NCCL INFO Bootstrap : Using eth0:10.35.4.18<0>
ip-0A230405:14157:14157 [5] NCCL INFO Bootstrap : Using eth0:10.35.4.5<0>
ip-0A230408:61891:61891 [5] NCCL INFO Bootstrap : Using eth0:10.35.4.8<0>
ip-0A230410:49783:49783 [5] NCCL INFO Bootstrap : Using eth0:10.35.4.16<0>
ip-0A23041D:17335:17335 [5] NCCL INFO Bootstrap : Using eth0:10.35.4.29<0>
ip-0A230413:62802:62802 [5] NCCL INFO Bootstrap : Using eth0:10.35.4.19<0>
ip-0A230417:52208:52208 [5] NCCL INFO Bootstrap : Using eth0:10.35.4.23<0>
ip-0A23040E:61729:61729 [5] NCCL INFO Bootstrap : Using eth0:10.35.4.14<0>
ip-0A230406:97846:97846 [5] NCCL INFO Bootstrap : Using eth0:10.35.4.6<0>
ip-0A23041A:11723:11723 [5] NCCL INFO Bootstrap : Using eth0:10.35.4.26<0>
ip-0A23040F:78324:78324 [5] NCCL INFO NET/Plugin: Failed to find ncclNetPlugin_v5 symbol.
ip-0A23040F:78324:78324 [5] NCCL INFO NET/Plugin: Failed to find ncclCollNetPlugin_v5 symbol.
ip-0A23040F:78324:78324 [5] NCCL INFO Plugin Path : /opt/hpcx/nccl_rdma_sharp_plugin/lib/libnccl-net.so
ip-0A23040F:78324:78324 [5] NCCL INFO P2P plugin IBext
ip-0A23040F:78324:78324 [5] NCCL INFO NCCL_IB_PCI_RELAXED_ORDERING set by environment to 1.
ip-0A230407:51969:51969 [5] NCCL INFO NET/Plugin: Failed to find ncclNetPlugin_v5 symbol.
ip-0A230407:51969:51969 [5] NCCL INFO NET/Plugin: Failed to find ncclCollNetPlugin_v5 symbol.
ip-0A230407:51969:51969 [5] NCCL INFO Plugin Path : /opt/hpcx/nccl_rdma_sharp_plugin/lib/libnccl-net.so
ip-0A230407:51969:51969 [5] NCCL INFO P2P plugin IBext
ip-0A230407:51969:51969 [5] NCCL INFO NCCL_IB_PCI_RELAXED_ORDERING set by environment to 1.
ip-0A23040C:60483:60483 [5] NCCL INFO NET/Plugin: Failed to find ncclNetPlugin_v5 symbol.
ip-0A23040C:60483:60483 [5] NCCL INFO NET/Plugin: Failed to find ncclCollNetPlugin_v5 symbol.
ip-0A23040C:60483:60483 [5] NCCL INFO Plugin Path : /opt/hpcx/nccl_rdma_sharp_plugin/lib/libnccl-net.so
ip-0A23040C:60483:60483 [5] NCCL INFO P2P plugin IBext
ip-0A23040C:60483:60483 [5] NCCL INFO NCCL_IB_PCI_RELAXED_ORDERING set by environment to 1.
ip-0A23041D:17335:17335 [5] NCCL INFO NET/Plugin: Failed to find ncclNetPlugin_v5 symbol.
ip-0A23041D:17335:17335 [5] NCCL INFO NET/Plugin: Failed to find ncclCollNetPlugin_v5 symbol.
ip-0A23041D:17335:17335 [5] NCCL INFO Plugin Path : /opt/hpcx/nccl_rdma_sharp_plugin/lib/libnccl-net.so
ip-0A23041D:17335:17335 [5] NCCL INFO P2P plugin IBext
ip-0A23041D:17335:17335 [5] NCCL INFO NCCL_IB_PCI_RELAXED_ORDERING set by environment to 1.
ip-0A23040B:35616:35616 [5] NCCL INFO NET/Plugin: Failed to find ncclNetPlugin_v5 symbol.
ip-0A23040B:35616:35616 [5] NCCL INFO NET/Plugin: Failed to find ncclCollNetPlugin_v5 symbol.
ip-0A23040B:35616:35616 [5] NCCL INFO Plugin Path : /opt/hpcx/nccl_rdma_sharp_plugin/lib/libnccl-net.so
ip-0A23040B:35616:35616 [5] NCCL INFO P2P plugin IBext
ip-0A23040B:35616:35616 [5] NCCL INFO NCCL_IB_PCI_RELAXED_ORDERING set by environment to 1.
ip-0A230414:15448:15448 [5] NCCL INFO NET/Plugin: Failed to find ncclNetPlugin_v5 symbol.
ip-0A230414:15448:15448 [5] NCCL INFO NET/Plugin: Failed to find ncclCollNetPlugin_v5 symbol.
ip-0A230414:15448:15448 [5] NCCL INFO Plugin Path : /opt/hpcx/nccl_rdma_sharp_plugin/lib/libnccl-net.so
ip-0A230414:15448:15448 [5] NCCL INFO P2P plugin IBext
ip-0A230414:15448:15448 [5] NCCL INFO NCCL_IB_PCI_RELAXED_ORDERING set by environment to 1.
ip-0A23041A:11723:11723 [5] NCCL INFO NET/Plugin: Failed to find ncclNetPlugin_v5 symbol.
ip-0A23041A:11723:11723 [5] NCCL INFO NET/Plugin: Failed to find ncclCollNetPlugin_v5 symbol.
ip-0A230406:97846:97846 [5] NCCL INFO NET/Plugin: Failed to find ncclNetPlugin_v5 symbol.
ip-0A230406:97846:97846 [5] NCCL INFO NET/Plugin: Failed to find ncclCollNetPlugin_v5 symbol.
ip-0A230406:97846:97846 [5] NCCL INFO Plugin Path : /opt/hpcx/nccl_rdma_sharp_plugin/lib/libnccl-net.so
ip-0A230406:97846:97846 [5] NCCL INFO P2P plugin IBext
ip-0A230406:97846:97846 [5] NCCL INFO NCCL_IB_PCI_RELAXED_ORDERING set by environment to 1.
ip-0A230412:19200:19200 [5] NCCL INFO NET/Plugin: Failed to find ncclNetPlugin_v5 symbol.
ip-0A230412:19200:19200 [5] NCCL INFO NET/Plugin: Failed to find ncclCollNetPlugin_v5 symbol.
ip-0A23041A:11723:11723 [5] NCCL INFO Plugin Path : /opt/hpcx/nccl_rdma_sharp_plugin/lib/libnccl-net.so
ip-0A23041A:11723:11723 [5] NCCL INFO P2P plugin IBext
ip-0A23041A:11723:11723 [5] NCCL INFO NCCL_IB_PCI_RELAXED_ORDERING set by environment to 1.
ip-0A230412:19200:19200 [5] NCCL INFO Plugin Path : /opt/hpcx/nccl_rdma_sharp_plugin/lib/libnccl-net.so
ip-0A230412:19200:19200 [5] NCCL INFO P2P plugin IBext
ip-0A230412:19200:19200 [5] NCCL INFO NCCL_IB_PCI_RELAXED_ORDERING set by environment to 1.
ip-0A230417:52208:52208 [5] NCCL INFO NET/Plugin: Failed to find ncclNetPlugin_v5 symbol.
ip-0A230417:52208:52208 [5] NCCL INFO NET/Plugin: Failed to find ncclCollNetPlugin_v5 symbol.
ip-0A230410:49783:49783 [5] NCCL INFO NET/Plugin: Failed to find ncclNetPlugin_v5 symbol.
ip-0A230410:49783:49783 [5] NCCL INFO NET/Plugin: Failed to find ncclCollNetPlugin_v5 symbol.
ip-0A230417:52208:52208 [5] NCCL INFO Plugin Path : /opt/hpcx/nccl_rdma_sharp_plugin/lib/libnccl-net.so
ip-0A230417:52208:52208 [5] NCCL INFO P2P plugin IBext
ip-0A230417:52208:52208 [5] NCCL INFO NCCL_IB_PCI_RELAXED_ORDERING set by environment to 1.
ip-0A230410:49783:49783 [5] NCCL INFO Plugin Path : /opt/hpcx/nccl_rdma_sharp_plugin/lib/libnccl-net.so
ip-0A230410:49783:49783 [5] NCCL INFO P2P plugin IBext
ip-0A230410:49783:49783 [5] NCCL INFO NCCL_IB_PCI_RELAXED_ORDERING set by environment to 1.
ip-0A230405:14157:14157 [5] NCCL INFO NET/Plugin: Failed to find ncclNetPlugin_v5 symbol.
ip-0A230405:14157:14157 [5] NCCL INFO NET/Plugin: Failed to find ncclCollNetPlugin_v5 symbol.
ip-0A230405:14157:14157 [5] NCCL INFO Plugin Path : /opt/hpcx/nccl_rdma_sharp_plugin/lib/libnccl-net.so
ip-0A230405:14157:14157 [5] NCCL INFO P2P plugin IBext
ip-0A230405:14157:14157 [5] NCCL INFO NCCL_IB_PCI_RELAXED_ORDERING set by environment to 1.
ip-0A23040E:61729:61729 [5] NCCL INFO NET/Plugin: Failed to find ncclNetPlugin_v5 symbol.
ip-0A23040E:61729:61729 [5] NCCL INFO NET/Plugin: Failed to find ncclCollNetPlugin_v5 symbol.
ip-0A230408:61891:61891 [5] NCCL INFO NET/Plugin: Failed to find ncclNetPlugin_v5 symbol.
ip-0A230408:61891:61891 [5] NCCL INFO NET/Plugin: Failed to find ncclCollNetPlugin_v5 symbol.
ip-0A23040E:61729:61729 [5] NCCL INFO Plugin Path : /opt/hpcx/nccl_rdma_sharp_plugin/lib/libnccl-net.so
ip-0A23040E:61729:61729 [5] NCCL INFO P2P plugin IBext
ip-0A23040E:61729:61729 [5] NCCL INFO NCCL_IB_PCI_RELAXED_ORDERING set by environment to 1.
ip-0A230408:61891:61891 [5] NCCL INFO Plugin Path : /opt/hpcx/nccl_rdma_sharp_plugin/lib/libnccl-net.so
ip-0A230408:61891:61891 [5] NCCL INFO P2P plugin IBext
ip-0A230408:61891:61891 [5] NCCL INFO NCCL_IB_PCI_RELAXED_ORDERING set by environment to 1.
ip-0A230413:62802:62802 [5] NCCL INFO NET/Plugin: Failed to find ncclNetPlugin_v5 symbol.
ip-0A230413:62802:62802 [5] NCCL INFO NET/Plugin: Failed to find ncclCollNetPlugin_v5 symbol.
ip-0A230413:62802:62802 [5] NCCL INFO Plugin Path : /opt/hpcx/nccl_rdma_sharp_plugin/lib/libnccl-net.so
ip-0A230413:62802:62802 [5] NCCL INFO P2P plugin IBext
ip-0A230413:62802:62802 [5] NCCL INFO NCCL_IB_PCI_RELAXED_ORDERING set by environment to 1.
ip-0A23040C:60483:60483 [5] NCCL INFO NET/IB : Using [0]mlx5_ib0:1/IB/SHARP [1]mlx5_ib1:1/IB/SHARP [2]mlx5_ib2:1/IB/SHARP [3]mlx5_ib3:1/IB/SHARP [4]mlx5_ib4:1/IB/SHARP [5]mlx5_ib5:1/IB/SHARP [6]mlx5_ib6:1/IB/SHARP [7]mlx5_ib7:1/IB/SHARP ; OOB eth0:10.35.4.12<0>
ip-0A23040C:60483:60483 [5] NCCL INFO Using network IBext
ip-0A23040F:78324:78324 [5] NCCL INFO NET/IB : Using [0]mlx5_ib0:1/IB/SHARP [1]mlx5_ib1:1/IB/SHARP [2]mlx5_ib2:1/IB/SHARP [3]mlx5_ib3:1/IB/SHARP [4]mlx5_ib4:1/IB/SHARP [5]mlx5_ib5:1/IB/SHARP [6]mlx5_ib6:1/IB/SHARP [7]mlx5_ib7:1/IB/SHARP ; OOB eth0:10.35.4.15<0>
ip-0A23040F:78324:78324 [5] NCCL INFO Using network IBext
ip-0A230414:15448:15448 [5] NCCL INFO NET/IB : Using [0]mlx5_ib0:1/IB/SHARP [1]mlx5_ib1:1/IB/SHARP [2]mlx5_ib2:1/IB/SHARP [3]mlx5_ib3:1/IB/SHARP [4]mlx5_ib4:1/IB/SHARP [5]mlx5_ib5:1/IB/SHARP [6]mlx5_ib6:1/IB/SHARP [7]mlx5_ib7:1/IB/SHARP ; OOB eth0:10.35.4.20<0>
ip-0A230414:15448:15448 [5] NCCL INFO Using network IBext
ip-0A230407:51969:51969 [5] NCCL INFO NET/IB : Using [0]mlx5_ib0:1/IB/SHARP [1]mlx5_ib1:1/IB/SHARP [2]mlx5_ib2:1/IB/SHARP [3]mlx5_ib3:1/IB/SHARP [4]mlx5_ib4:1/IB/SHARP [5]mlx5_ib5:1/IB/SHARP [6]mlx5_ib6:1/IB/SHARP [7]mlx5_ib7:1/IB/SHARP ; OOB eth0:10.35.4.7<0>
ip-0A230407:51969:51969 [5] NCCL INFO Using network IBext
ip-0A23041D:17335:17335 [5] NCCL INFO NET/IB : Using [0]mlx5_ib0:1/IB/SHARP [1]mlx5_ib1:1/IB/SHARP [2]mlx5_ib2:1/IB/SHARP [3]mlx5_ib3:1/IB/SHARP [4]mlx5_ib4:1/IB/SHARP [5]mlx5_ib5:1/IB/SHARP [6]mlx5_ib6:1/IB/SHARP [7]mlx5_ib7:1/IB/SHARP ; OOB eth0:10.35.4.29<0>
ip-0A23041D:17335:17335 [5] NCCL INFO Using network IBext
ip-0A23041A:11723:11723 [5] NCCL INFO NET/IB : Using [0]mlx5_ib0:1/IB/SHARP [1]mlx5_ib1:1/IB/SHARP [2]mlx5_ib2:1/IB/SHARP [3]mlx5_ib3:1/IB/SHARP [4]mlx5_ib4:1/IB/SHARP [5]mlx5_ib5:1/IB/SHARP [6]mlx5_ib6:1/IB/SHARP [7]mlx5_ib7:1/IB/SHARP ; OOB eth0:10.35.4.26<0>
ip-0A23040B:35616:35616 [5] NCCL INFO NET/IB : Using [0]mlx5_ib0:1/IB/SHARP [1]mlx5_ib1:1/IB/SHARP [2]mlx5_ib2:1/IB/SHARP [3]mlx5_ib3:1/IB/SHARP [4]mlx5_ib4:1/IB/SHARP [5]mlx5_ib5:1/IB/SHARP [6]mlx5_ib6:1/IB/SHARP [7]mlx5_ib7:1/IB/SHARP ; OOB eth0:10.35.4.11<0>
ip-0A23041A:11723:11723 [5] NCCL INFO Using network IBext
ip-0A23040B:35616:35616 [5] NCCL INFO Using network IBext
ip-0A230406:97846:97846 [5] NCCL INFO NET/IB : Using [0]mlx5_ib0:1/IB/SHARP [1]mlx5_ib1:1/IB/SHARP [2]mlx5_ib2:1/IB/SHARP [3]mlx5_ib3:1/IB/SHARP [4]mlx5_ib4:1/IB/SHARP [5]mlx5_ib5:1/IB/SHARP [6]mlx5_ib6:1/IB/SHARP [7]mlx5_ib7:1/IB/SHARP ; OOB eth0:10.35.4.6<0>
ip-0A230406:97846:97846 [5] NCCL INFO Using network IBext
ip-0A230408:61891:61891 [5] NCCL INFO NET/IB : Using [0]mlx5_ib0:1/IB/SHARP [1]mlx5_ib1:1/IB/SHARP [2]mlx5_ib2:1/IB/SHARP [3]mlx5_ib3:1/IB/SHARP [4]mlx5_ib4:1/IB/SHARP [5]mlx5_ib5:1/IB/SHARP [6]mlx5_ib6:1/IB/SHARP [7]mlx5_ib7:1/IB/SHARP ; OOB eth0:10.35.4.8<0>
ip-0A230408:61891:61891 [5] NCCL INFO Using network IBext
ip-0A230405:14157:14157 [5] NCCL INFO NET/IB : Using [0]mlx5_ib0:1/IB/SHARP [1]mlx5_ib1:1/IB/SHARP [2]mlx5_ib2:1/IB/SHARP [3]mlx5_ib3:1/IB/SHARP [4]mlx5_ib4:1/IB/SHARP [5]mlx5_ib5:1/IB/SHARP [6]mlx5_ib6:1/IB/SHARP [7]mlx5_ib7:1/IB/SHARP ; OOB eth0:10.35.4.5<0>
ip-0A230405:14157:14157 [5] NCCL INFO Using network IBext
ip-0A230417:52208:52208 [5] NCCL INFO NET/IB : Using [0]mlx5_ib0:1/IB/SHARP [1]mlx5_ib1:1/IB/SHARP [2]mlx5_ib2:1/IB/SHARP [3]mlx5_ib3:1/IB/SHARP [4]mlx5_ib4:1/IB/SHARP [5]mlx5_ib5:1/IB/SHARP [6]mlx5_ib6:1/IB/SHARP [7]mlx5_ib7:1/IB/SHARP ; OOB eth0:10.35.4.23<0>
ip-0A230417:52208:52208 [5] NCCL INFO Using network IBext
ip-0A230410:49783:49783 [5] NCCL INFO NET/IB : Using [0]mlx5_ib0:1/IB/SHARP [1]mlx5_ib1:1/IB/SHARP [2]mlx5_ib2:1/IB/SHARP [3]mlx5_ib3:1/IB/SHARP [4]mlx5_ib4:1/IB/SHARP [5]mlx5_ib5:1/IB/SHARP [6]mlx5_ib6:1/IB/SHARP [7]mlx5_ib7:1/IB/SHARP ; OOB eth0:10.35.4.16<0>
ip-0A230410:49783:49783 [5] NCCL INFO Using network IBext
ip-0A230412:19200:19200 [5] NCCL INFO NET/IB : Using [0]mlx5_ib0:1/IB/SHARP [1]mlx5_ib1:1/IB/SHARP [2]mlx5_ib2:1/IB/SHARP [3]mlx5_ib3:1/IB/SHARP [4]mlx5_ib4:1/IB/SHARP [5]mlx5_ib5:1/IB/SHARP [6]mlx5_ib6:1/IB/SHARP [7]mlx5_ib7:1/IB/SHARP ; OOB eth0:10.35.4.18<0>
ip-0A230412:19200:19200 [5] NCCL INFO Using network IBext
ip-0A23040E:61729:61729 [5] NCCL INFO NET/IB : Using [0]mlx5_ib0:1/IB/SHARP [1]mlx5_ib1:1/IB/SHARP [2]mlx5_ib2:1/IB/SHARP [3]mlx5_ib3:1/IB/SHARP [4]mlx5_ib4:1/IB/SHARP [5]mlx5_ib5:1/IB/SHARP [6]mlx5_ib6:1/IB/SHARP [7]mlx5_ib7:1/IB/SHARP ; OOB eth0:10.35.4.14<0>
ip-0A23040E:61729:61729 [5] NCCL INFO Using network IBext
ip-0A230413:62802:62802 [5] NCCL INFO NET/IB : Using [0]mlx5_ib0:1/IB/SHARP [1]mlx5_ib1:1/IB/SHARP [2]mlx5_ib2:1/IB/SHARP [3]mlx5_ib3:1/IB/SHARP [4]mlx5_ib4:1/IB/SHARP [5]mlx5_ib5:1/IB/SHARP [6]mlx5_ib6:1/IB/SHARP [7]mlx5_ib7:1/IB/SHARP ; OOB eth0:10.35.4.19<0>
ip-0A230413:62802:62802 [5] NCCL INFO Using network IBext
ip-0A23040E:61729:62394 [5] NCCL INFO NCCL_P2P_LEVEL set by environment to LOC
ip-0A23040E:61729:62394 [5] NCCL INFO PXN Disabled as plugin is v4
ip-0A23040E:61729:62394 [5] NCCL INFO NCCL_COLLNET_ENABLE set by environment to 1.
ip-0A23040D:23461:24144 [5] NCCL INFO NCCL_P2P_LEVEL set by environment to LOC
ip-0A230414:15448:16127 [5] NCCL INFO NCCL_P2P_LEVEL set by environment to LOC
ip-0A23040F:78324:78991 [5] NCCL INFO NCCL_P2P_LEVEL set by environment to LOC
ip-0A23040D:23461:24144 [5] NCCL INFO PXN Disabled as plugin is v4
ip-0A230414:15448:16127 [5] NCCL INFO PXN Disabled as plugin is v4
ip-0A23040F:78324:78991 [5] NCCL INFO PXN Disabled as plugin is v4
ip-0A23040D:23461:24144 [5] NCCL INFO NCCL_COLLNET_ENABLE set by environment to 1.
ip-0A230412:19200:19861 [5] NCCL INFO NCCL_P2P_LEVEL set by environment to LOC
ip-0A23041D:17335:18066 [5] NCCL INFO NCCL_P2P_LEVEL set by environment to LOC
ip-0A230414:15448:16127 [5] NCCL INFO NCCL_COLLNET_ENABLE set by environment to 1.
ip-0A23040F:78324:78991 [5] NCCL INFO NCCL_COLLNET_ENABLE set by environment to 1.
ip-0A230412:19200:19861 [5] NCCL INFO PXN Disabled as plugin is v4
ip-0A230413:62802:63466 [5] NCCL INFO NCCL_P2P_LEVEL set by environment to LOC
ip-0A23041D:17335:18066 [5] NCCL INFO PXN Disabled as plugin is v4
ip-0A230410:49783:50448 [5] NCCL INFO NCCL_P2P_LEVEL set by environment to LOC
ip-0A230408:61891:62567 [5] NCCL INFO NCCL_P2P_LEVEL set by environment to LOC
ip-0A230413:62802:63466 [5] NCCL INFO PXN Disabled as plugin is v4
ip-0A230412:19200:19861 [5] NCCL INFO NCCL_COLLNET_ENABLE set by environment to 1.
ip-0A230410:49783:50448 [5] NCCL INFO PXN Disabled as plugin is v4
ip-0A23041D:17335:18066 [5] NCCL INFO NCCL_COLLNET_ENABLE set by environment to 1.
ip-0A230408:61891:62567 [5] NCCL INFO PXN Disabled as plugin is v4
ip-0A230413:62802:63466 [5] NCCL INFO NCCL_COLLNET_ENABLE set by environment to 1.
ip-0A230410:49783:50448 [5] NCCL INFO NCCL_COLLNET_ENABLE set by environment to 1.
ip-0A230408:61891:62567 [5] NCCL INFO NCCL_COLLNET_ENABLE set by environment to 1.
ip-0A23041A:11723:12398 [5] NCCL INFO NCCL_P2P_LEVEL set by environment to LOC
ip-0A230406:97846:712 [5] NCCL INFO NCCL_P2P_LEVEL set by environment to LOC
ip-0A23041A:11723:12398 [5] NCCL INFO PXN Disabled as plugin is v4
ip-0A230417:52208:52878 [5] NCCL INFO NCCL_P2P_LEVEL set by environment to LOC
ip-0A230406:97846:712 [5] NCCL INFO PXN Disabled as plugin is v4
ip-0A23041A:11723:12398 [5] NCCL INFO NCCL_COLLNET_ENABLE set by environment to 1.
ip-0A230417:52208:52878 [5] NCCL INFO PXN Disabled as plugin is v4
ip-0A23040B:35616:36290 [5] NCCL INFO NCCL_P2P_LEVEL set by environment to LOC
ip-0A230406:97846:712 [5] NCCL INFO NCCL_COLLNET_ENABLE set by environment to 1.
ip-0A230407:51969:52631 [5] NCCL INFO NCCL_P2P_LEVEL set by environment to LOC
ip-0A230417:52208:52878 [5] NCCL INFO NCCL_COLLNET_ENABLE set by environment to 1.
ip-0A23040B:35616:36290 [5] NCCL INFO PXN Disabled as plugin is v4
ip-0A230407:51969:52631 [5] NCCL INFO PXN Disabled as plugin is v4
ip-0A23040C:60483:61144 [5] NCCL INFO NCCL_P2P_LEVEL set by environment to LOC
ip-0A23040B:35616:36290 [5] NCCL INFO NCCL_COLLNET_ENABLE set by environment to 1.
ip-0A230407:51969:52631 [5] NCCL INFO NCCL_COLLNET_ENABLE set by environment to 1.
ip-0A23040C:60483:61144 [5] NCCL INFO PXN Disabled as plugin is v4
ip-0A23040C:60483:61144 [5] NCCL INFO NCCL_COLLNET_ENABLE set by environment to 1.
ip-0A230405:14157:14835 [5] NCCL INFO NCCL_P2P_LEVEL set by environment to LOC
ip-0A230405:14157:14835 [5] NCCL INFO PXN Disabled as plugin is v4
ip-0A230405:14157:14835 [5] NCCL INFO NCCL_COLLNET_ENABLE set by environment to 1.
ip-0A230405:14157:14835 [5] NCCL INFO Trees [0] -1/-1/-1->11->10 [1] 13/9/-1->11->7
ip-0A230407:51969:52631 [5] NCCL INFO Trees [0] 10/14/-1->12->8 [1] -1/-1/-1->12->13
ip-0A23040B:35616:36290 [5] NCCL INFO Trees [0] -1/-1/-1->13->14 [1] 14/12/-1->13->11
ip-0A23040E:61729:62394 [5] NCCL INFO Trees [0] 13/15/-1->14->12 [1] -1/-1/-1->14->13
ip-0A23040C:60483:61144 [5] NCCL INFO Trees [0] -1/-1/-1->15->14 [1] 7/-1/-1->15->-1
ip-0A23040D:23461:24144 [5] NCCL INFO Channel 00/02 :    0   1   2   3   4   5   6   7   8   9  10  11  12  13  14  15
ip-0A23040D:23461:24144 [5] NCCL INFO Channel 01/02 :    0   1   2   3   4   5   6   7   8   9  10  11  12  13  14  15
ip-0A23040D:23461:24144 [5] NCCL INFO Trees [0] 8/-1/-1->0->-1 [1] -1/-1/-1->0->1
ip-0A23040F:78324:78991 [5] NCCL INFO Trees [0] -1/-1/-1->1->2 [1] 2/0/-1->1->3
ip-0A230410:49783:50448 [5] NCCL INFO Trees [0] 1/3/-1->2->4 [1] -1/-1/-1->2->1
ip-0A230412:19200:19861 [5] NCCL INFO Trees [0] -1/-1/-1->3->2 [1] 5/1/-1->3->7
ip-0A230413:62802:63466 [5] NCCL INFO Trees [0] 2/6/-1->4->8 [1] -1/-1/-1->4->5
ip-0A230414:15448:16127 [5] NCCL INFO Trees [0] -1/-1/-1->5->6 [1] 6/4/-1->5->3
ip-0A230417:52208:52878 [5] NCCL INFO Trees [0] 5/7/-1->6->4 [1] -1/-1/-1->6->5
ip-0A230406:97846:712 [5] NCCL INFO Trees [0] -1/-1/-1->7->6 [1] 11/3/-1->7->15
ip-0A230408:61891:62567 [5] NCCL INFO Trees [0] 4/12/-1->8->0 [1] -1/-1/-1->8->9
ip-0A23041A:11723:12398 [5] NCCL INFO Trees [0] -1/-1/-1->9->10 [1] 10/8/-1->9->11
ip-0A23041D:17335:18066 [5] NCCL INFO Trees [0] 9/11/-1->10->12 [1] -1/-1/-1->10->9
ip-0A230405:14157:14835 [5] NCCL INFO Channel 00/0 : 10[c00000] -> 11[c00000] [receive] via NET/IBext/5
ip-0A230407:51969:52631 [5] NCCL INFO Channel 00/0 : 11[c00000] -> 12[c00000] [receive] via NET/IBext/5
ip-0A230405:14157:14835 [5] NCCL INFO Channel 01/0 : 10[c00000] -> 11[c00000] [receive] via NET/IBext/5
ip-0A230405:14157:14835 [5] NCCL INFO Channel 00/0 : 11[c00000] -> 12[c00000] [send] via NET/IBext/5
ip-0A230407:51969:52631 [5] NCCL INFO Channel 01/0 : 11[c00000] -> 12[c00000] [receive] via NET/IBext/5
ip-0A23040B:35616:36290 [5] NCCL INFO Channel 00/0 : 12[c00000] -> 13[c00000] [receive] via NET/IBext/5
ip-0A230407:51969:52631 [5] NCCL INFO Channel 00/0 : 12[c00000] -> 13[c00000] [send] via NET/IBext/5
ip-0A230405:14157:14835 [5] NCCL INFO Channel 01/0 : 11[c00000] -> 12[c00000] [send] via NET/IBext/5
ip-0A23040C:60483:61144 [5] NCCL INFO Channel 00/0 : 14[c00000] -> 15[c00000] [receive] via NET/IBext/5
ip-0A230407:51969:52631 [5] NCCL INFO Channel 01/0 : 12[c00000] -> 13[c00000] [send] via NET/IBext/5
ip-0A23040B:35616:36290 [5] NCCL INFO Channel 01/0 : 12[c00000] -> 13[c00000] [receive] via NET/IBext/5
ip-0A23040B:35616:36290 [5] NCCL INFO Channel 00/0 : 13[c00000] -> 14[c00000] [send] via NET/IBext/5
ip-0A23040B:35616:36290 [5] NCCL INFO Channel 01/0 : 13[c00000] -> 14[c00000] [send] via NET/IBext/5
ip-0A23040C:60483:61144 [5] NCCL INFO Channel 01/0 : 14[c00000] -> 15[c00000] [receive] via NET/IBext/5
ip-0A23040E:61729:62394 [5] NCCL INFO Channel 00/0 : 13[c00000] -> 14[c00000] [receive] via NET/IBext/5
ip-0A23040D:23461:24144 [5] NCCL INFO Channel 00/0 : 15[c00000] -> 0[c00000] [receive] via NET/IBext/5
ip-0A23040C:60483:61144 [5] NCCL INFO Channel 00/0 : 15[c00000] -> 0[c00000] [send] via NET/IBext/5
ip-0A23040D:23461:24144 [5] NCCL INFO Channel 01/0 : 15[c00000] -> 0[c00000] [receive] via NET/IBext/5
ip-0A23040C:60483:61144 [5] NCCL INFO Channel 01/0 : 15[c00000] -> 0[c00000] [send] via NET/IBext/5
ip-0A23040E:61729:62394 [5] NCCL INFO Channel 01/0 : 13[c00000] -> 14[c00000] [receive] via NET/IBext/5
ip-0A23040D:23461:24144 [5] NCCL INFO Channel 00/0 : 0[c00000] -> 1[c00000] [send] via NET/IBext/5
ip-0A23040F:78324:78991 [5] NCCL INFO Channel 00/0 : 0[c00000] -> 1[c00000] [receive] via NET/IBext/5
ip-0A23040D:23461:24144 [5] NCCL INFO Channel 01/0 : 0[c00000] -> 1[c00000] [send] via NET/IBext/5
ip-0A230410:49783:50448 [5] NCCL INFO Channel 00/0 : 1[c00000] -> 2[c00000] [receive] via NET/IBext/5
ip-0A230412:19200:19861 [5] NCCL INFO Channel 00/0 : 2[c00000] -> 3[c00000] [receive] via NET/IBext/5
ip-0A23040E:61729:62394 [5] NCCL INFO Channel 00/0 : 14[c00000] -> 15[c00000] [send] via NET/IBext/5
ip-0A230413:62802:63466 [5] NCCL INFO Channel 00/0 : 3[c00000] -> 4[c00000] [receive] via NET/IBext/5
ip-0A23040E:61729:62394 [5] NCCL INFO Channel 01/0 : 14[c00000] -> 15[c00000] [send] via NET/IBext/5
ip-0A23040F:78324:78991 [5] NCCL INFO Channel 01/0 : 0[c00000] -> 1[c00000] [receive] via NET/IBext/5
ip-0A23040F:78324:78991 [5] NCCL INFO Channel 00/0 : 1[c00000] -> 2[c00000] [send] via NET/IBext/5
ip-0A230410:49783:50448 [5] NCCL INFO Channel 01/0 : 1[c00000] -> 2[c00000] [receive] via NET/IBext/5
ip-0A230410:49783:50448 [5] NCCL INFO Channel 00/0 : 2[c00000] -> 3[c00000] [send] via NET/IBext/5
ip-0A230413:62802:63466 [5] NCCL INFO Channel 01/0 : 3[c00000] -> 4[c00000] [receive] via NET/IBext/5
ip-0A230412:19200:19861 [5] NCCL INFO Channel 01/0 : 2[c00000] -> 3[c00000] [receive] via NET/IBext/5
ip-0A230414:15448:16127 [5] NCCL INFO Channel 00/0 : 4[c00000] -> 5[c00000] [receive] via NET/IBext/5
ip-0A230413:62802:63466 [5] NCCL INFO Channel 00/0 : 4[c00000] -> 5[c00000] [send] via NET/IBext/5
ip-0A23040F:78324:78991 [5] NCCL INFO Channel 01/0 : 1[c00000] -> 2[c00000] [send] via NET/IBext/5
ip-0A230412:19200:19861 [5] NCCL INFO Channel 00/0 : 3[c00000] -> 4[c00000] [send] via NET/IBext/5
ip-0A230410:49783:50448 [5] NCCL INFO Channel 01/0 : 2[c00000] -> 3[c00000] [send] via NET/IBext/5
ip-0A230412:19200:19861 [5] NCCL INFO Channel 01/0 : 3[c00000] -> 4[c00000] [send] via NET/IBext/5
ip-0A230413:62802:63466 [5] NCCL INFO Channel 01/0 : 4[c00000] -> 5[c00000] [send] via NET/IBext/5
ip-0A230414:15448:16127 [5] NCCL INFO Channel 01/0 : 4[c00000] -> 5[c00000] [receive] via NET/IBext/5
ip-0A230414:15448:16127 [5] NCCL INFO Channel 00/0 : 5[c00000] -> 6[c00000] [send] via NET/IBext/5
ip-0A230406:97846:712 [5] NCCL INFO Channel 00/0 : 6[c00000] -> 7[c00000] [receive] via NET/IBext/5
ip-0A230408:61891:62567 [5] NCCL INFO Channel 00/0 : 7[c00000] -> 8[c00000] [receive] via NET/IBext/5
ip-0A230406:97846:712 [5] NCCL INFO Channel 01/0 : 6[c00000] -> 7[c00000] [receive] via NET/IBext/5
ip-0A230417:52208:52878 [5] NCCL INFO Channel 00/0 : 5[c00000] -> 6[c00000] [receive] via NET/IBext/5
ip-0A23041A:11723:12398 [5] NCCL INFO Channel 00/0 : 8[c00000] -> 9[c00000] [receive] via NET/IBext/5
ip-0A230414:15448:16127 [5] NCCL INFO Channel 01/0 : 5[c00000] -> 6[c00000] [send] via NET/IBext/5
ip-0A230406:97846:712 [5] NCCL INFO Channel 00/0 : 7[c00000] -> 8[c00000] [send] via NET/IBext/5
ip-0A230406:97846:712 [5] NCCL INFO Channel 01/0 : 7[c00000] -> 8[c00000] [send] via NET/IBext/5
ip-0A230417:52208:52878 [5] NCCL INFO Channel 01/0 : 5[c00000] -> 6[c00000] [receive] via NET/IBext/5
ip-0A23041A:11723:12398 [5] NCCL INFO Channel 01/0 : 8[c00000] -> 9[c00000] [receive] via NET/IBext/5
ip-0A230408:61891:62567 [5] NCCL INFO Channel 01/0 : 7[c00000] -> 8[c00000] [receive] via NET/IBext/5
ip-0A230417:52208:52878 [5] NCCL INFO Channel 00/0 : 6[c00000] -> 7[c00000] [send] via NET/IBext/5
ip-0A23041A:11723:12398 [5] NCCL INFO Channel 00/0 : 9[c00000] -> 10[c00000] [send] via NET/IBext/5
ip-0A230408:61891:62567 [5] NCCL INFO Channel 00/0 : 8[c00000] -> 9[c00000] [send] via NET/IBext/5
ip-0A230408:61891:62567 [5] NCCL INFO Channel 01/0 : 8[c00000] -> 9[c00000] [send] via NET/IBext/5
ip-0A23041D:17335:18066 [5] NCCL INFO Channel 00/0 : 9[c00000] -> 10[c00000] [receive] via NET/IBext/5
ip-0A230417:52208:52878 [5] NCCL INFO Channel 01/0 : 6[c00000] -> 7[c00000] [send] via NET/IBext/5
ip-0A23041A:11723:12398 [5] NCCL INFO Channel 01/0 : 9[c00000] -> 10[c00000] [send] via NET/IBext/5
ip-0A23041D:17335:18066 [5] NCCL INFO Channel 01/0 : 9[c00000] -> 10[c00000] [receive] via NET/IBext/5
ip-0A23041D:17335:18066 [5] NCCL INFO Channel 00/0 : 10[c00000] -> 11[c00000] [send] via NET/IBext/5
ip-0A23041D:17335:18066 [5] NCCL INFO Channel 01/0 : 10[c00000] -> 11[c00000] [send] via NET/IBext/5
ip-0A23040C:60483:61144 [5] NCCL INFO Connected all rings
ip-0A230410:49783:50448 [5] NCCL INFO Connected all rings
ip-0A230407:51969:52631 [5] NCCL INFO Connected all rings
ip-0A23040B:35616:36290 [5] NCCL INFO Connected all rings
ip-0A23040D:23461:24144 [5] NCCL INFO Connected all rings
ip-0A23040F:78324:78991 [5] NCCL INFO Connected all rings
ip-0A230413:62802:63466 [5] NCCL INFO Connected all rings
ip-0A230412:19200:19861 [5] NCCL INFO Connected all rings
ip-0A230405:14157:14835 [5] NCCL INFO Connected all rings
ip-0A23041D:17335:18066 [5] NCCL INFO Connected all rings
ip-0A230408:61891:62567 [5] NCCL INFO Connected all rings
ip-0A23040E:61729:62394 [5] NCCL INFO Connected all rings
ip-0A230417:52208:52878 [5] NCCL INFO Connected all rings
ip-0A230414:15448:16127 [5] NCCL INFO Connected all rings
ip-0A23041A:11723:12398 [5] NCCL INFO Connected all rings
ip-0A230406:97846:712 [5] NCCL INFO Connected all rings
ip-0A230410:49783:50448 [5] NCCL INFO Channel 00/0 : 2[c00000] -> 4[c00000] [send] via NET/IBext/5
ip-0A23040F:78324:78991 [5] NCCL INFO Channel 01/0 : 1[c00000] -> 3[c00000] [send] via NET/IBext/5
ip-0A230407:51969:52631 [5] NCCL INFO Channel 00/0 : 10[c00000] -> 12[c00000] [receive] via NET/IBext/5
ip-0A230407:51969:52631 [5] NCCL INFO Channel 00/0 : 12[c00000] -> 14[c00000] [send] via NET/IBext/5
ip-0A230413:62802:63466 [5] NCCL INFO Channel 00/0 : 2[c00000] -> 4[c00000] [receive] via NET/IBext/5
ip-0A23040C:60483:61144 [5] NCCL INFO Channel 01/0 : 7[c00000] -> 15[c00000] [receive] via NET/IBext/5
ip-0A230413:62802:63466 [5] NCCL INFO Channel 00/0 : 4[c00000] -> 6[c00000] [send] via NET/IBext/5
ip-0A23040C:60483:61144 [5] NCCL INFO Channel 01/0 : 15[c00000] -> 7[c00000] [send] via NET/IBext/5
ip-0A23040B:35616:36290 [5] NCCL INFO Channel 01/0 : 11[c00000] -> 13[c00000] [receive] via NET/IBext/5
ip-0A230414:15448:16127 [5] NCCL INFO Channel 01/0 : 3[c00000] -> 5[c00000] [receive] via NET/IBext/5
ip-0A23040D:23461:24144 [5] NCCL INFO Channel 00/0 : 8[c00000] -> 0[c00000] [receive] via NET/IBext/5
ip-0A23040D:23461:24144 [5] NCCL INFO Channel 00/0 : 0[c00000] -> 8[c00000] [send] via NET/IBext/5
ip-0A23041A:11723:12398 [5] NCCL INFO Channel 01/0 : 9[c00000] -> 11[c00000] [send] via NET/IBext/5
ip-0A230406:97846:712 [5] NCCL INFO Channel 01/0 : 3[c00000] -> 7[c00000] [receive] via NET/IBext/5
ip-0A230406:97846:712 [5] NCCL INFO Channel 01/0 : 7[c00000] -> 11[c00000] [send] via NET/IBext/5
ip-0A230412:19200:19861 [5] NCCL INFO Channel 01/0 : 1[c00000] -> 3[c00000] [receive] via NET/IBext/5
ip-0A230417:52208:52878 [5] NCCL INFO Channel 00/0 : 4[c00000] -> 6[c00000] [receive] via NET/IBext/5
ip-0A230412:19200:19861 [5] NCCL INFO Channel 01/0 : 3[c00000] -> 5[c00000] [send] via NET/IBext/5
ip-0A230408:61891:62567 [5] NCCL INFO Channel 00/0 : 4[c00000] -> 8[c00000] [receive] via NET/IBext/5
ip-0A23040E:61729:62394 [5] NCCL INFO Channel 00/0 : 12[c00000] -> 14[c00000] [receive] via NET/IBext/5
ip-0A230408:61891:62567 [5] NCCL INFO Channel 00/0 : 8[c00000] -> 12[c00000] [send] via NET/IBext/5
ip-0A23041D:17335:18066 [5] NCCL INFO Channel 00/0 : 10[c00000] -> 12[c00000] [send] via NET/IBext/5
ip-0A230405:14157:14835 [5] NCCL INFO Channel 01/0 : 9[c00000] -> 11[c00000] [receive] via NET/IBext/5
ip-0A230410:49783:50448 [5] NCCL INFO Channel 00/0 : 4[c00000] -> 2[c00000] [receive] via NET/IBext/5
ip-0A230405:14157:14835 [5] NCCL INFO Channel 01/0 : 11[c00000] -> 13[c00000] [send] via NET/IBext/5
ip-0A23040F:78324:78991 [5] NCCL INFO Channel 01/0 : 3[c00000] -> 1[c00000] [receive] via NET/IBext/5
ip-0A230414:15448:16127 [5] NCCL INFO Channel 01/0 : 5[c00000] -> 3[c00000] [send] via NET/IBext/5
ip-0A230417:52208:52878 [5] NCCL INFO Channel 00/0 : 6[c00000] -> 4[c00000] [send] via NET/IBext/5
ip-0A23040B:35616:36290 [5] NCCL INFO Channel 01/0 : 13[c00000] -> 11[c00000] [send] via NET/IBext/5
ip-0A23041D:17335:18066 [5] NCCL INFO Channel 00/0 : 12[c00000] -> 10[c00000] [receive] via NET/IBext/5
ip-0A23040E:61729:62394 [5] NCCL INFO Channel 00/0 : 14[c00000] -> 12[c00000] [send] via NET/IBext/5
ip-0A230413:62802:63466 [5] NCCL INFO Channel 00/0 : 4[c00000] -> 8[c00000] [send] via NET/IBext/5
ip-0A23041A:11723:12398 [5] NCCL INFO Channel 01/0 : 11[c00000] -> 9[c00000] [receive] via NET/IBext/5
ip-0A230412:19200:19861 [5] NCCL INFO Channel 01/0 : 3[c00000] -> 7[c00000] [send] via NET/IBext/5
ip-0A230407:51969:52631 [5] NCCL INFO Channel 00/0 : 8[c00000] -> 12[c00000] [receive] via NET/IBext/5
ip-0A230413:62802:63466 [5] NCCL INFO Channel 00/0 : 8[c00000] -> 4[c00000] [receive] via NET/IBext/5
ip-0A230405:14157:14835 [5] NCCL INFO Channel 01/0 : 7[c00000] -> 11[c00000] [receive] via NET/IBext/5
ip-0A230412:19200:19861 [5] NCCL INFO Channel 01/0 : 7[c00000] -> 3[c00000] [receive] via NET/IBext/5
ip-0A230405:14157:14835 [5] NCCL INFO Channel 01/0 : 11[c00000] -> 7[c00000] [send] via NET/IBext/5
ip-0A230407:51969:52631 [5] NCCL INFO Channel 00/0 : 12[c00000] -> 8[c00000] [send] via NET/IBext/5
ip-0A230406:97846:712 [5] NCCL INFO Channel 01/0 : 15[c00000] -> 7[c00000] [receive] via NET/IBext/5
ip-0A230406:97846:712 [5] NCCL INFO Channel 01/0 : 7[c00000] -> 15[c00000] [send] via NET/IBext/5
ip-0A230408:61891:62567 [5] NCCL INFO Channel 00/0 : 0[c00000] -> 8[c00000] [receive] via NET/IBext/5
ip-0A230408:61891:62567 [5] NCCL INFO Channel 00/0 : 8[c00000] -> 0[c00000] [send] via NET/IBext/5
ip-0A23040C:60483:61144 [5] NCCL INFO Channel 00/0 : 15[c00000] -> 14[c00000] [send] via NET/IBext/5
ip-0A230406:97846:712 [5] NCCL INFO Channel 01/0 : 11[c00000] -> 7[c00000] [receive] via NET/IBext/5
ip-0A230406:97846:712 [5] NCCL INFO Channel 01/0 : 7[c00000] -> 3[c00000] [send] via NET/IBext/5
ip-0A230408:61891:62567 [5] NCCL INFO Channel 00/0 : 12[c00000] -> 8[c00000] [receive] via NET/IBext/5
ip-0A230408:61891:62567 [5] NCCL INFO Channel 00/0 : 8[c00000] -> 4[c00000] [send] via NET/IBext/5
ip-0A23040D:23461:24144 [5] NCCL INFO Channel 01/0 : 1[c00000] -> 0[c00000] [receive] via NET/IBext/5
ip-0A230405:14157:14835 [5] NCCL INFO Channel 01/0 : 13[c00000] -> 11[c00000] [receive] via NET/IBext/5
ip-0A230405:14157:14835 [5] NCCL INFO Channel 01/0 : 11[c00000] -> 9[c00000] [send] via NET/IBext/5
ip-0A230407:51969:52631 [5] NCCL INFO Channel 00/0 : 14[c00000] -> 12[c00000] [receive] via NET/IBext/5
ip-0A230407:51969:52631 [5] NCCL INFO Channel 00/0 : 12[c00000] -> 10[c00000] [send] via NET/IBext/5
ip-0A230413:62802:63466 [5] NCCL INFO Channel 00/0 : 6[c00000] -> 4[c00000] [receive] via NET/IBext/5
ip-0A230413:62802:63466 [5] NCCL INFO Channel 00/0 : 4[c00000] -> 2[c00000] [send] via NET/IBext/5
ip-0A230406:97846:712 [5] NCCL INFO Channel 00/0 : 7[c00000] -> 6[c00000] [send] via NET/IBext/5
ip-0A230412:19200:19861 [5] NCCL INFO Channel 01/0 : 5[c00000] -> 3[c00000] [receive] via NET/IBext/5
ip-0A230412:19200:19861 [5] NCCL INFO Channel 01/0 : 3[c00000] -> 1[c00000] [send] via NET/IBext/5
ip-0A23040E:61729:62394 [5] NCCL INFO Channel 00/0 : 15[c00000] -> 14[c00000] [receive] via NET/IBext/5
ip-0A230408:61891:62567 [5] NCCL INFO Channel 01/0 : 9[c00000] -> 8[c00000] [receive] via NET/IBext/5
ip-0A23040E:61729:62394 [5] NCCL INFO Channel 00/0 : 14[c00000] -> 13[c00000] [send] via NET/IBext/5
ip-0A23040E:61729:62394 [5] NCCL INFO Channel 01/0 : 14[c00000] -> 13[c00000] [send] via NET/IBext/5
ip-0A23041D:17335:18066 [5] NCCL INFO Channel 00/0 : 11[c00000] -> 10[c00000] [receive] via NET/IBext/5
ip-0A23041D:17335:18066 [5] NCCL INFO Channel 00/0 : 10[c00000] -> 9[c00000] [send] via NET/IBext/5
ip-0A23041D:17335:18066 [5] NCCL INFO Channel 01/0 : 10[c00000] -> 9[c00000] [send] via NET/IBext/5
ip-0A23041A:11723:12398 [5] NCCL INFO Channel 00/0 : 10[c00000] -> 9[c00000] [receive] via NET/IBext/5
ip-0A23041A:11723:12398 [5] NCCL INFO Channel 01/0 : 10[c00000] -> 9[c00000] [receive] via NET/IBext/5
ip-0A23041A:11723:12398 [5] NCCL INFO Channel 01/0 : 9[c00000] -> 8[c00000] [send] via NET/IBext/5
ip-0A23040C:60483:61144 [5] NCCL INFO Connected all trees
ip-0A23040C:60483:61144 [5] NCCL INFO CollNet 00 : 15 [receive] via COLLNET/SHARP/5
ip-0A230408:61891:62567 [5] NCCL INFO Connected all trees
ip-0A230408:61891:62567 [5] NCCL INFO CollNet 00 : 8 [receive] via COLLNET/SHARP/5
ip-0A23040B:35616:36290 [5] NCCL INFO Channel 00/0 : 14[c00000] -> 13[c00000] [receive] via NET/IBext/5
ip-0A23040B:35616:36290 [5] NCCL INFO Channel 01/0 : 14[c00000] -> 13[c00000] [receive] via NET/IBext/5
ip-0A23040B:35616:36290 [5] NCCL INFO Channel 01/0 : 13[c00000] -> 12[c00000] [send] via NET/IBext/5
ip-0A230417:52208:52878 [5] NCCL INFO Channel 00/0 : 7[c00000] -> 6[c00000] [receive] via NET/IBext/5
ip-0A230405:14157:14835 [5] NCCL INFO Channel 00/0 : 11[c00000] -> 10[c00000] [send] via NET/IBext/5
ip-0A230417:52208:52878 [5] NCCL INFO Channel 00/0 : 6[c00000] -> 5[c00000] [send] via NET/IBext/5
ip-0A230417:52208:52878 [5] NCCL INFO Channel 01/0 : 6[c00000] -> 5[c00000] [send] via NET/IBext/5
ip-0A230407:51969:52631 [5] NCCL INFO Channel 01/0 : 13[c00000] -> 12[c00000] [receive] via NET/IBext/5
ip-0A230414:15448:16127 [5] NCCL INFO Channel 00/0 : 6[c00000] -> 5[c00000] [receive] via NET/IBext/5
ip-0A230414:15448:16127 [5] NCCL INFO Channel 01/0 : 6[c00000] -> 5[c00000] [receive] via NET/IBext/5
ip-0A230414:15448:16127 [5] NCCL INFO Channel 01/0 : 5[c00000] -> 4[c00000] [send] via NET/IBext/5
ip-0A230410:49783:50448 [5] NCCL INFO Channel 00/0 : 3[c00000] -> 2[c00000] [receive] via NET/IBext/5
ip-0A230410:49783:50448 [5] NCCL INFO Channel 00/0 : 2[c00000] -> 1[c00000] [send] via NET/IBext/5
ip-0A230410:49783:50448 [5] NCCL INFO Channel 01/0 : 2[c00000] -> 1[c00000] [send] via NET/IBext/5
ip-0A23040F:78324:78991 [5] NCCL INFO Channel 00/0 : 2[c00000] -> 1[c00000] [receive] via NET/IBext/5
ip-0A23040F:78324:78991 [5] NCCL INFO Channel 01/0 : 2[c00000] -> 1[c00000] [receive] via NET/IBext/5
ip-0A23040F:78324:78991 [5] NCCL INFO Channel 01/0 : 1[c00000] -> 0[c00000] [send] via NET/IBext/5
ip-0A230413:62802:63466 [5] NCCL INFO Channel 01/0 : 5[c00000] -> 4[c00000] [receive] via NET/IBext/5
ip-0A230405:14157:14835 [5] NCCL INFO Connected all trees
ip-0A230405:14157:14835 [5] NCCL INFO CollNet 00 : 11 [receive] via COLLNET/SHARP/5
