ip-0A230407:55384:56065 [5] NCCL INFO Connected all trees
ip-0A230407:55384:56065 [5] NCCL INFO CollNet 00 : 12 [receive] via COLLNET/SHARP/5
ip-0A230413:66243:66957 [5] NCCL INFO Connected all trees
ip-0A230412:22572:23246 [5] NCCL INFO Connected all trees
ip-0A230413:66243:66957 [5] NCCL INFO CollNet 00 : 4 [receive] via COLLNET/SHARP/5
ip-0A230412:22572:23246 [5] NCCL INFO CollNet 00 : 3 [receive] via COLLNET/SHARP/5
ip-0A23041A:15122:15793 [5] NCCL INFO Connected all trees
ip-0A23041D:20813:21483 [5] NCCL INFO Connected all trees
ip-0A23040D:27332:28018 [5] NCCL INFO Connected all trees
ip-0A23040D:27332:28018 [5] NCCL INFO CollNet 00 : 0 [receive] via COLLNET/SHARP/5
ip-0A230417:55633:56273 [5] NCCL INFO Connected all trees
ip-0A23040E:65148:65824 [5] NCCL INFO Connected all trees
ip-0A23040B:39025:39696 [5] NCCL INFO Connected all trees
ip-0A230414:18900:19582 [5] NCCL INFO Connected all trees
ip-0A230410:53163:53836 [5] NCCL INFO Connected all trees
ip-0A23040F:81728:82399 [5] NCCL INFO Connected all trees
ip-0A23041A:15122:15793 [5] NCCL INFO CollNet 00 : 9 [receive] via COLLNET/SHARP/5
ip-0A23041D:20813:21483 [5] NCCL INFO CollNet 00 : 10 [receive] via COLLNET/SHARP/5
ip-0A23040B:39025:39696 [5] NCCL INFO CollNet 00 : 13 [receive] via COLLNET/SHARP/5
ip-0A230417:55633:56273 [5] NCCL INFO CollNet 00 : 6 [receive] via COLLNET/SHARP/5
ip-0A230414:18900:19582 [5] NCCL INFO CollNet 00 : 5 [receive] via COLLNET/SHARP/5
ip-0A23040E:65148:65824 [5] NCCL INFO CollNet 00 : 14 [receive] via COLLNET/SHARP/5
ip-0A23040F:81728:82399 [5] NCCL INFO CollNet 00 : 1 [receive] via COLLNET/SHARP/5
ip-0A230410:53163:53836 [5] NCCL INFO CollNet 00 : 2 [receive] via COLLNET/SHARP/5
ip-0A230410:53163:53837 [5] NCCL INFO NCCL_SHARP_GROUP_SIZE_THRESH set by environment to 16.
ip-0A230412:22572:23248 [5] NCCL INFO NCCL_SHARP_GROUP_SIZE_THRESH set by environment to 16.
ip-0A230413:66243:66958 [5] NCCL INFO NCCL_SHARP_GROUP_SIZE_THRESH set by environment to 16.
ip-0A230414:18900:19583 [5] NCCL INFO NCCL_SHARP_GROUP_SIZE_THRESH set by environment to 16.
ip-0A230417:55633:56274 [5] NCCL INFO NCCL_SHARP_GROUP_SIZE_THRESH set by environment to 16.
ip-0A230406:3764:4451 [5] NCCL INFO NCCL_SHARP_GROUP_SIZE_THRESH set by environment to 16.
ip-0A230408:65379:66049 [5] NCCL INFO NCCL_SHARP_GROUP_SIZE_THRESH set by environment to 16.
ip-0A23041A:15122:15794 [5] NCCL INFO NCCL_SHARP_GROUP_SIZE_THRESH set by environment to 16.
ip-0A23041D:20813:21484 [5] NCCL INFO NCCL_SHARP_GROUP_SIZE_THRESH set by environment to 16.
ip-0A230405:17650:18321 [5] NCCL INFO NCCL_SHARP_GROUP_SIZE_THRESH set by environment to 16.
ip-0A230407:55384:56066 [5] NCCL INFO NCCL_SHARP_GROUP_SIZE_THRESH set by environment to 16.
ip-0A23040B:39025:39697 [5] NCCL INFO NCCL_SHARP_GROUP_SIZE_THRESH set by environment to 16.
ip-0A23040E:65148:65825 [5] NCCL INFO NCCL_SHARP_GROUP_SIZE_THRESH set by environment to 16.
ip-0A23040F:81728:82400 [5] NCCL INFO NCCL_SHARP_GROUP_SIZE_THRESH set by environment to 16.
ip-0A23040D:27332:28023 [5] NCCL INFO NCCL_SHARP_GROUP_SIZE_THRESH set by environment to 16.
ip-0A23040C:63951:64627 [5] NCCL INFO NCCL_SHARP_GROUP_SIZE_THRESH set by environment to 16.
[ip-0A23040D:0:27332 - context.c:584] INFO job (ID: 2524862893018155108) resource request quota: ( osts:0 user_data_per_ost:0 max_groups:0 max_qps:1 max_group_channels:1, num_trees:1)
[ip-0A23040D:0:27332 unique id 0] ERROR No Aggregation Manager (sharp_am) detected in sharp_create_job.

[ip-0A23040D:0:27332 - context.c:601] ERROR sharp_create_job failed: No Aggregation Manager (sharp_am) detected(-52)
ip-0A230408:65379:66049 [5] NCCL INFO Sharp rank 8/16 initialized on mlx5_ib5:1

ip-0A230408:65379:66049 [5] sharp_plugin.c:288 NCCL WARN NET/IB :SHARP coll init error: Cannot create SHArP job(-11)

ip-0A230408:65379:66049 [5] NCCL INFO include/coll_net.h:21 -> 3
ip-0A230407:55384:56066 [5] NCCL INFO Sharp rank 12/16 initialized on mlx5_ib5:1

ip-0A230407:55384:56066 [5] sharp_plugin.c:288 NCCL WARN NET/IB :SHARP coll init error: Cannot create SHArP job(-11)

ip-0A230407:55384:56066 [5] NCCL INFO include/coll_net.h:21 -> 3
ip-0A230412:22572:23248 [5] NCCL INFO Sharp rank 3/16 initialized on mlx5_ib5:1

ip-0A230412:22572:23248 [5] sharp_plugin.c:288 NCCL WARN NET/IB :SHARP coll init error: Cannot create SHArP job(-11)

ip-0A230412:22572:23248 [5] NCCL INFO include/coll_net.h:21 -> 3
ip-0A230406:3764:4451 [5] NCCL INFO Sharp rank 7/16 initialized on mlx5_ib5:1

ip-0A230406:3764:4451 [5] sharp_plugin.c:288 NCCL WARN NET/IB :SHARP coll init error: Cannot create SHArP job(-11)

ip-0A230406:3764:4451 [5] NCCL INFO include/coll_net.h:21 -> 3
ip-0A23041A:15122:15794 [5] NCCL INFO Sharp rank 9/16 initialized on mlx5_ib5:1

ip-0A23041A:15122:15794 [5] sharp_plugin.c:288 NCCL WARN NET/IB :SHARP coll init error: Cannot create SHArP job(-11)

ip-0A23040C:63951:64627 [5] NCCL INFO Sharp rank 15/16 initialized on mlx5_ib5:1

ip-0A23040C:63951:64627 [5] sharp_plugin.c:288 NCCL WARN NET/IB :SHARP coll init error: Cannot create SHArP job(-11)

ip-0A23040C:63951:64627 [5] NCCL INFO include/coll_net.h:21 -> 3
ip-0A230413:66243:66958 [5] NCCL INFO Sharp rank 4/16 initialized on mlx5_ib5:1

ip-0A230413:66243:66958 [5] sharp_plugin.c:288 NCCL WARN NET/IB :SHARP coll init error: Cannot create SHArP job(-11)

ip-0A230413:66243:66958 [5] NCCL INFO include/coll_net.h:21 -> 3
ip-0A23040F:81728:82400 [5] NCCL INFO Sharp rank 1/16 initialized on mlx5_ib5:1

ip-0A23040F:81728:82400 [5] sharp_plugin.c:288 NCCL WARN NET/IB :SHARP coll init error: Cannot create SHArP job(-11)

ip-0A230410:53163:53837 [5] NCCL INFO Sharp rank 2/16 initialized on mlx5_ib5:1

ip-0A230410:53163:53837 [5] sharp_plugin.c:288 NCCL WARN NET/IB :SHARP coll init error: Cannot create SHArP job(-11)

ip-0A230410:53163:53837 [5] NCCL INFO include/coll_net.h:21 -> 3
ip-0A230414:18900:19583 [5] NCCL INFO Sharp rank 5/16 initialized on mlx5_ib5:1

ip-0A230414:18900:19583 [5] sharp_plugin.c:288 NCCL WARN NET/IB :SHARP coll init error: Cannot create SHArP job(-11)

ip-0A230414:18900:19583 [5] NCCL INFO include/coll_net.h:21 -> 3
ip-0A230405:17650:18321 [5] NCCL INFO Sharp rank 11/16 initialized on mlx5_ib5:1

ip-0A230405:17650:18321 [5] sharp_plugin.c:288 NCCL WARN NET/IB :SHARP coll init error: Cannot create SHArP job(-11)

ip-0A230405:17650:18321 [5] NCCL INFO include/coll_net.h:21 -> 3
ip-0A23040B:39025:39697 [5] NCCL INFO Sharp rank 13/16 initialized on mlx5_ib5:1

ip-0A23040B:39025:39697 [5] sharp_plugin.c:288 NCCL WARN NET/IB :SHARP coll init error: Cannot create SHArP job(-11)

ip-0A23040B:39025:39697 [5] NCCL INFO include/coll_net.h:21 -> 3
ip-0A23040E:65148:65825 [5] NCCL INFO Sharp rank 14/16 initialized on mlx5_ib5:1

ip-0A23040E:65148:65825 [5] sharp_plugin.c:288 NCCL WARN NET/IB :SHARP coll init error: Cannot create SHArP job(-11)

ip-0A23040E:65148:65825 [5] NCCL INFO include/coll_net.h:21 -> 3
ip-0A230408:65379:66048 [5] NCCL INFO transport.cc:222 -> 2
ip-0A23041D:20813:21484 [5] NCCL INFO Sharp rank 10/16 initialized on mlx5_ib5:1

ip-0A23041D:20813:21484 [5] sharp_plugin.c:288 NCCL WARN NET/IB :SHARP coll init error: Cannot create SHArP job(-11)

ip-0A23041D:20813:21484 [5] NCCL INFO include/coll_net.h:21 -> 3
ip-0A230407:55384:56065 [5] NCCL INFO transport.cc:222 -> 2

ip-0A230407:55384:56065 [5] transport.cc:253 NCCL WARN Cannot initialize CollNet, using point-to-point network instead
ip-0A230407:55384:56065 [5] NCCL INFO init.cc:765 -> 2
ip-0A230406:3764:4450 [5] NCCL INFO transport.cc:222 -> 2

ip-0A230406:3764:4450 [5] transport.cc:253 NCCL WARN Cannot initialize CollNet, using point-to-point network instead
ip-0A23041A:15122:15794 [5] NCCL INFO include/coll_net.h:21 -> 3

ip-0A230408:65379:66048 [5] transport.cc:253 NCCL WARN Cannot initialize CollNet, using point-to-point network instead
ip-0A230408:65379:66048 [5] NCCL INFO init.cc:765 -> 2
ip-0A230412:22572:23246 [5] NCCL INFO transport.cc:222 -> 2
ip-0A23040F:81728:82400 [5] NCCL INFO include/coll_net.h:21 -> 3
ip-0A230407:55384:56065 [5] NCCL INFO threadThresholds 8/8/64 | 128/8/64 | 8/8/512
ip-0A230407:55384:56065 [5] NCCL INFO 2 coll channels, 2 p2p channels, 2 p2p channels per peer
ip-0A230406:3764:4450 [5] NCCL INFO init.cc:765 -> 2
ip-0A23041A:15122:15793 [5] NCCL INFO transport.cc:222 -> 2

ip-0A23041A:15122:15793 [5] transport.cc:253 NCCL WARN Cannot initialize CollNet, using point-to-point network instead
ip-0A23041A:15122:15793 [5] NCCL INFO init.cc:765 -> 2
ip-0A23041A:15122:15793 [5] NCCL INFO threadThresholds 8/8/64 | 128/8/64 | 8/8/512
ip-0A23041A:15122:15793 [5] NCCL INFO 2 coll channels, 2 p2p channels, 2 p2p channels per peer
ip-0A230408:65379:66048 [5] NCCL INFO threadThresholds 8/8/64 | 128/8/64 | 8/8/512

ip-0A230412:22572:23246 [5] transport.cc:253 NCCL WARN Cannot initialize CollNet, using point-to-point network instead
ip-0A230412:22572:23246 [5] NCCL INFO init.cc:765 -> 2
ip-0A230417:55633:56274 [5] NCCL INFO Sharp rank 6/16 initialized on mlx5_ib5:1

ip-0A230417:55633:56274 [5] sharp_plugin.c:288 NCCL WARN NET/IB :SHARP coll init error: Cannot create SHArP job(-11)

ip-0A230417:55633:56274 [5] NCCL INFO include/coll_net.h:21 -> 3
ip-0A23040C:63951:64626 [5] NCCL INFO transport.cc:222 -> 2

ip-0A23040C:63951:64626 [5] transport.cc:253 NCCL WARN Cannot initialize CollNet, using point-to-point network instead
ip-0A23040C:63951:64626 [5] NCCL INFO init.cc:765 -> 2
ip-0A23040F:81728:82399 [5] NCCL INFO transport.cc:222 -> 2

ip-0A23040F:81728:82399 [5] transport.cc:253 NCCL WARN Cannot initialize CollNet, using point-to-point network instead
ip-0A230406:3764:4450 [5] NCCL INFO threadThresholds 8/8/64 | 128/8/64 | 8/8/512
ip-0A230408:65379:66048 [5] NCCL INFO 2 coll channels, 2 p2p channels, 2 p2p channels per peer
ip-0A230410:53163:53836 [5] NCCL INFO transport.cc:222 -> 2

ip-0A230410:53163:53836 [5] transport.cc:253 NCCL WARN Cannot initialize CollNet, using point-to-point network instead
ip-0A230410:53163:53836 [5] NCCL INFO init.cc:765 -> 2
ip-0A230410:53163:53836 [5] NCCL INFO threadThresholds 8/8/64 | 128/8/64 | 8/8/512
ip-0A230410:53163:53836 [5] NCCL INFO 2 coll channels, 2 p2p channels, 2 p2p channels per peer
ip-0A230412:22572:23246 [5] NCCL INFO threadThresholds 8/8/64 | 128/8/64 | 8/8/512
ip-0A230412:22572:23246 [5] NCCL INFO 2 coll channels, 2 p2p channels, 2 p2p channels per peer
ip-0A23040C:63951:64626 [5] NCCL INFO threadThresholds 8/8/64 | 128/8/64 | 8/8/512
ip-0A23040C:63951:64626 [5] NCCL INFO 2 coll channels, 2 p2p channels, 2 p2p channels per peer
ip-0A23040F:81728:82399 [5] NCCL INFO init.cc:765 -> 2
ip-0A230406:3764:4450 [5] NCCL INFO 2 coll channels, 2 p2p channels, 2 p2p channels per peer
ip-0A230405:17650:18320 [5] NCCL INFO transport.cc:222 -> 2

ip-0A230405:17650:18320 [5] transport.cc:253 NCCL WARN Cannot initialize CollNet, using point-to-point network instead
ip-0A23040E:65148:65824 [5] NCCL INFO transport.cc:222 -> 2

ip-0A23040E:65148:65824 [5] transport.cc:253 NCCL WARN Cannot initialize CollNet, using point-to-point network instead
ip-0A23040E:65148:65824 [5] NCCL INFO init.cc:765 -> 2
ip-0A230414:18900:19582 [5] NCCL INFO transport.cc:222 -> 2

ip-0A230414:18900:19582 [5] transport.cc:253 NCCL WARN Cannot initialize CollNet, using point-to-point network instead
ip-0A23040F:81728:82399 [5] NCCL INFO threadThresholds 8/8/64 | 128/8/64 | 8/8/512
ip-0A23040B:39025:39696 [5] NCCL INFO transport.cc:222 -> 2

ip-0A23040B:39025:39696 [5] transport.cc:253 NCCL WARN Cannot initialize CollNet, using point-to-point network instead
ip-0A23040B:39025:39696 [5] NCCL INFO init.cc:765 -> 2
ip-0A230405:17650:18320 [5] NCCL INFO init.cc:765 -> 2
ip-0A23040E:65148:65824 [5] NCCL INFO threadThresholds 8/8/64 | 128/8/64 | 8/8/512
ip-0A23040E:65148:65824 [5] NCCL INFO 2 coll channels, 2 p2p channels, 2 p2p channels per peer
ip-0A23041D:20813:21483 [5] NCCL INFO transport.cc:222 -> 2

ip-0A23041D:20813:21483 [5] transport.cc:253 NCCL WARN Cannot initialize CollNet, using point-to-point network instead
ip-0A23041D:20813:21483 [5] NCCL INFO init.cc:765 -> 2
ip-0A23041D:20813:21483 [5] NCCL INFO threadThresholds 8/8/64 | 128/8/64 | 8/8/512
ip-0A23041D:20813:21483 [5] NCCL INFO 2 coll channels, 2 p2p channels, 2 p2p channels per peer
ip-0A230413:66243:66957 [5] NCCL INFO transport.cc:222 -> 2

ip-0A230413:66243:66957 [5] transport.cc:253 NCCL WARN Cannot initialize CollNet, using point-to-point network instead
ip-0A230413:66243:66957 [5] NCCL INFO init.cc:765 -> 2
ip-0A230414:18900:19582 [5] NCCL INFO init.cc:765 -> 2
ip-0A230414:18900:19582 [5] NCCL INFO threadThresholds 8/8/64 | 128/8/64 | 8/8/512
ip-0A230414:18900:19582 [5] NCCL INFO 2 coll channels, 2 p2p channels, 2 p2p channels per peer
ip-0A23040F:81728:82399 [5] NCCL INFO 2 coll channels, 2 p2p channels, 2 p2p channels per peer
ip-0A23040B:39025:39696 [5] NCCL INFO threadThresholds 8/8/64 | 128/8/64 | 8/8/512
ip-0A230405:17650:18320 [5] NCCL INFO threadThresholds 8/8/64 | 128/8/64 | 8/8/512
ip-0A230413:66243:66957 [5] NCCL INFO threadThresholds 8/8/64 | 128/8/64 | 8/8/512
ip-0A23040B:39025:39696 [5] NCCL INFO 2 coll channels, 2 p2p channels, 2 p2p channels per peer
ip-0A230405:17650:18320 [5] NCCL INFO 2 coll channels, 2 p2p channels, 2 p2p channels per peer
ip-0A230413:66243:66957 [5] NCCL INFO 2 coll channels, 2 p2p channels, 2 p2p channels per peer
ip-0A230417:55633:56273 [5] NCCL INFO transport.cc:222 -> 2

ip-0A230417:55633:56273 [5] transport.cc:253 NCCL WARN Cannot initialize CollNet, using point-to-point network instead
ip-0A230417:55633:56273 [5] NCCL INFO init.cc:765 -> 2
ip-0A230417:55633:56273 [5] NCCL INFO threadThresholds 8/8/64 | 128/8/64 | 8/8/512
ip-0A230417:55633:56273 [5] NCCL INFO 2 coll channels, 2 p2p channels, 2 p2p channels per peer
ip-0A230410:53163:53836 [5] NCCL INFO comm 0x147d18008fb0 rank 2 nranks 16 cudaDev 5 busId c00000 - Init COMPLETE
ip-0A230417:55633:56273 [5] NCCL INFO comm 0x153a44008fb0 rank 6 nranks 16 cudaDev 5 busId c00000 - Init COMPLETE
ip-0A23041D:20813:21483 [5] NCCL INFO comm 0x1503e8008fb0 rank 10 nranks 16 cudaDev 5 busId c00000 - Init COMPLETE
ip-0A23041A:15122:15793 [5] NCCL INFO comm 0x14a028008fb0 rank 9 nranks 16 cudaDev 5 busId c00000 - Init COMPLETE
ip-0A23040F:81728:82399 [5] NCCL INFO comm 0x149f44008fb0 rank 1 nranks 16 cudaDev 5 busId c00000 - Init COMPLETE
ip-0A23040B:39025:39696 [5] NCCL INFO comm 0x14f8d8008fb0 rank 13 nranks 16 cudaDev 5 busId c00000 - Init COMPLETE
ip-0A230414:18900:19582 [5] NCCL INFO comm 0x1532c4008fb0 rank 5 nranks 16 cudaDev 5 busId c00000 - Init COMPLETE
ip-0A230412:22572:23246 [5] NCCL INFO comm 0x14a304008fb0 rank 3 nranks 16 cudaDev 5 busId c00000 - Init COMPLETE
ip-0A23040C:63951:64626 [5] NCCL INFO comm 0x148410008fb0 rank 15 nranks 16 cudaDev 5 busId c00000 - Init COMPLETE
ip-0A230405:17650:18320 [5] NCCL INFO comm 0x14ef50008fb0 rank 11 nranks 16 cudaDev 5 busId c00000 - Init COMPLETE
ip-0A230406:3764:4450 [5] NCCL INFO comm 0x14e2a8008fb0 rank 7 nranks 16 cudaDev 5 busId c00000 - Init COMPLETE
ip-0A23040E:65148:65824 [5] NCCL INFO comm 0x1497d4008fb0 rank 14 nranks 16 cudaDev 5 busId c00000 - Init COMPLETE
ip-0A230408:65379:66048 [5] NCCL INFO comm 0x14cd40008fb0 rank 8 nranks 16 cudaDev 5 busId c00000 - Init COMPLETE
ip-0A230407:55384:56065 [5] NCCL INFO comm 0x14ed00008fb0 rank 12 nranks 16 cudaDev 5 busId c00000 - Init COMPLETE
ip-0A230413:66243:66957 [5] NCCL INFO comm 0x14f980008fb0 rank 4 nranks 16 cudaDev 5 busId c00000 - Init COMPLETE
ip-0A23040D:27332:28023 [5] NCCL INFO Sharp rank 0/16 initialized on mlx5_ib5:1

ip-0A23040D:27332:28023 [5] sharp_plugin.c:288 NCCL WARN NET/IB :SHARP coll init error: Cannot create SHArP job(-11)

ip-0A23040D:27332:28023 [5] NCCL INFO include/coll_net.h:21 -> 3
ip-0A23040D:27332:28018 [5] NCCL INFO transport.cc:222 -> 2

ip-0A23040D:27332:28018 [5] transport.cc:253 NCCL WARN Cannot initialize CollNet, using point-to-point network instead
ip-0A23040D:27332:28018 [5] NCCL INFO init.cc:765 -> 2
ip-0A23040D:27332:28018 [5] NCCL INFO threadThresholds 8/8/64 | 128/8/64 | 8/8/512
ip-0A23040D:27332:28018 [5] NCCL INFO 2 coll channels, 2 p2p channels, 2 p2p channels per peer
ip-0A23040D:27332:28018 [5] NCCL INFO comm 0x146a08008fb0 rank 0 nranks 16 cudaDev 5 busId c00000 - Init COMPLETE
ip-0A23040D:27332:27332 [5] NCCL INFO Launch mode Parallel
ip-0A23040D:27333:27333 [6] NCCL INFO Bootstrap : Using eth0:10.35.4.13<0>
ip-0A23040D:27333:27333 [6] NCCL INFO NET/Plugin: Failed to find ncclNetPlugin_v5 symbol.
ip-0A23040D:27333:27333 [6] NCCL INFO NET/Plugin: Failed to find ncclCollNetPlugin_v5 symbol.
ip-0A23040D:27333:27333 [6] NCCL INFO Plugin Path : /opt/hpcx/nccl_rdma_sharp_plugin/lib/libnccl-net.so
ip-0A23040D:27333:27333 [6] NCCL INFO P2P plugin IBext
ip-0A23040D:27333:27333 [6] NCCL INFO NCCL_IB_PCI_RELAXED_ORDERING set by environment to 1.
ip-0A23040D:27333:27333 [6] NCCL INFO NET/IB : Using [0]mlx5_ib0:1/IB/SHARP [1]mlx5_ib1:1/IB/SHARP [2]mlx5_ib2:1/IB/SHARP [3]mlx5_ib3:1/IB/SHARP [4]mlx5_ib4:1/IB/SHARP [5]mlx5_ib5:1/IB/SHARP [6]mlx5_ib6:1/IB/SHARP [7]mlx5_ib7:1/IB/SHARP ; OOB eth0:10.35.4.13<0>
ip-0A23040D:27333:27333 [6] NCCL INFO Using network IBext
NCCL version 2.12.10+cuda11.6
ip-0A230412:22577:22577 [6] NCCL INFO Bootstrap : Using eth0:10.35.4.18<0>
ip-0A230417:55606:55606 [6] NCCL INFO Bootstrap : Using eth0:10.35.4.23<0>
ip-0A23040B:39023:39023 [6] NCCL INFO Bootstrap : Using eth0:10.35.4.11<0>
ip-0A23040F:81730:81730 [6] NCCL INFO Bootstrap : Using eth0:10.35.4.15<0>
ip-0A23041D:20812:20812 [6] NCCL INFO Bootstrap : Using eth0:10.35.4.29<0>
ip-0A23041A:15116:15116 [6] NCCL INFO Bootstrap : Using eth0:10.35.4.26<0>
ip-0A230406:3769:3769 [6] NCCL INFO Bootstrap : Using eth0:10.35.4.6<0>
ip-0A23040E:65151:65151 [6] NCCL INFO Bootstrap : Using eth0:10.35.4.14<0>
ip-0A230413:66240:66240 [6] NCCL INFO Bootstrap : Using eth0:10.35.4.19<0>
ip-0A230407:55388:55388 [6] NCCL INFO Bootstrap : Using eth0:10.35.4.7<0>
ip-0A230414:18901:18901 [6] NCCL INFO Bootstrap : Using eth0:10.35.4.20<0>
ip-0A23040C:63950:63950 [6] NCCL INFO Bootstrap : Using eth0:10.35.4.12<0>
ip-0A230408:65385:65385 [6] NCCL INFO Bootstrap : Using eth0:10.35.4.8<0>
ip-0A230410:53164:53164 [6] NCCL INFO Bootstrap : Using eth0:10.35.4.16<0>
ip-0A230405:17645:17645 [6] NCCL INFO Bootstrap : Using eth0:10.35.4.5<0>
ip-0A23040B:39023:39023 [6] NCCL INFO NET/Plugin: Failed to find ncclNetPlugin_v5 symbol.
ip-0A23040B:39023:39023 [6] NCCL INFO NET/Plugin: Failed to find ncclCollNetPlugin_v5 symbol.
ip-0A23040B:39023:39023 [6] NCCL INFO Plugin Path : /opt/hpcx/nccl_rdma_sharp_plugin/lib/libnccl-net.so
ip-0A23040B:39023:39023 [6] NCCL INFO P2P plugin IBext
ip-0A23040B:39023:39023 [6] NCCL INFO NCCL_IB_PCI_RELAXED_ORDERING set by environment to 1.
ip-0A23041D:20812:20812 [6] NCCL INFO NET/Plugin: Failed to find ncclNetPlugin_v5 symbol.
ip-0A23041D:20812:20812 [6] NCCL INFO NET/Plugin: Failed to find ncclCollNetPlugin_v5 symbol.
ip-0A23041D:20812:20812 [6] NCCL INFO Plugin Path : /opt/hpcx/nccl_rdma_sharp_plugin/lib/libnccl-net.so
ip-0A23041D:20812:20812 [6] NCCL INFO P2P plugin IBext
ip-0A23041D:20812:20812 [6] NCCL INFO NCCL_IB_PCI_RELAXED_ORDERING set by environment to 1.
ip-0A23041A:15116:15116 [6] NCCL INFO NET/Plugin: Failed to find ncclNetPlugin_v5 symbol.
ip-0A23041A:15116:15116 [6] NCCL INFO NET/Plugin: Failed to find ncclCollNetPlugin_v5 symbol.
ip-0A23041A:15116:15116 [6] NCCL INFO Plugin Path : /opt/hpcx/nccl_rdma_sharp_plugin/lib/libnccl-net.so
ip-0A23041A:15116:15116 [6] NCCL INFO P2P plugin IBext
ip-0A23041A:15116:15116 [6] NCCL INFO NCCL_IB_PCI_RELAXED_ORDERING set by environment to 1.
ip-0A23040F:81730:81730 [6] NCCL INFO NET/Plugin: Failed to find ncclNetPlugin_v5 symbol.
ip-0A23040F:81730:81730 [6] NCCL INFO NET/Plugin: Failed to find ncclCollNetPlugin_v5 symbol.
ip-0A230412:22577:22577 [6] NCCL INFO NET/Plugin: Failed to find ncclNetPlugin_v5 symbol.
ip-0A230412:22577:22577 [6] NCCL INFO NET/Plugin: Failed to find ncclCollNetPlugin_v5 symbol.
ip-0A23040F:81730:81730 [6] NCCL INFO Plugin Path : /opt/hpcx/nccl_rdma_sharp_plugin/lib/libnccl-net.so
ip-0A23040F:81730:81730 [6] NCCL INFO P2P plugin IBext
ip-0A23040F:81730:81730 [6] NCCL INFO NCCL_IB_PCI_RELAXED_ORDERING set by environment to 1.
ip-0A230417:55606:55606 [6] NCCL INFO NET/Plugin: Failed to find ncclNetPlugin_v5 symbol.
ip-0A230417:55606:55606 [6] NCCL INFO NET/Plugin: Failed to find ncclCollNetPlugin_v5 symbol.
ip-0A230417:55606:55606 [6] NCCL INFO Plugin Path : /opt/hpcx/nccl_rdma_sharp_plugin/lib/libnccl-net.so
ip-0A230417:55606:55606 [6] NCCL INFO P2P plugin IBext
ip-0A230417:55606:55606 [6] NCCL INFO NCCL_IB_PCI_RELAXED_ORDERING set by environment to 1.
ip-0A230406:3769:3769 [6] NCCL INFO NET/Plugin: Failed to find ncclNetPlugin_v5 symbol.
ip-0A230406:3769:3769 [6] NCCL INFO NET/Plugin: Failed to find ncclCollNetPlugin_v5 symbol.
ip-0A230412:22577:22577 [6] NCCL INFO Plugin Path : /opt/hpcx/nccl_rdma_sharp_plugin/lib/libnccl-net.so
ip-0A230412:22577:22577 [6] NCCL INFO P2P plugin IBext
ip-0A230412:22577:22577 [6] NCCL INFO NCCL_IB_PCI_RELAXED_ORDERING set by environment to 1.
ip-0A230406:3769:3769 [6] NCCL INFO Plugin Path : /opt/hpcx/nccl_rdma_sharp_plugin/lib/libnccl-net.so
ip-0A230406:3769:3769 [6] NCCL INFO P2P plugin IBext
ip-0A230406:3769:3769 [6] NCCL INFO NCCL_IB_PCI_RELAXED_ORDERING set by environment to 1.
ip-0A23040E:65151:65151 [6] NCCL INFO NET/Plugin: Failed to find ncclNetPlugin_v5 symbol.
ip-0A23040E:65151:65151 [6] NCCL INFO NET/Plugin: Failed to find ncclCollNetPlugin_v5 symbol.
ip-0A230407:55388:55388 [6] NCCL INFO NET/Plugin: Failed to find ncclNetPlugin_v5 symbol.
ip-0A230407:55388:55388 [6] NCCL INFO NET/Plugin: Failed to find ncclCollNetPlugin_v5 symbol.
ip-0A23040E:65151:65151 [6] NCCL INFO Plugin Path : /opt/hpcx/nccl_rdma_sharp_plugin/lib/libnccl-net.so
ip-0A23040E:65151:65151 [6] NCCL INFO P2P plugin IBext
ip-0A23040E:65151:65151 [6] NCCL INFO NCCL_IB_PCI_RELAXED_ORDERING set by environment to 1.
ip-0A230407:55388:55388 [6] NCCL INFO Plugin Path : /opt/hpcx/nccl_rdma_sharp_plugin/lib/libnccl-net.so
ip-0A230407:55388:55388 [6] NCCL INFO P2P plugin IBext
ip-0A230407:55388:55388 [6] NCCL INFO NCCL_IB_PCI_RELAXED_ORDERING set by environment to 1.
ip-0A230413:66240:66240 [6] NCCL INFO NET/Plugin: Failed to find ncclNetPlugin_v5 symbol.
ip-0A230413:66240:66240 [6] NCCL INFO NET/Plugin: Failed to find ncclCollNetPlugin_v5 symbol.
ip-0A230413:66240:66240 [6] NCCL INFO Plugin Path : /opt/hpcx/nccl_rdma_sharp_plugin/lib/libnccl-net.so
ip-0A230413:66240:66240 [6] NCCL INFO P2P plugin IBext
ip-0A230413:66240:66240 [6] NCCL INFO NCCL_IB_PCI_RELAXED_ORDERING set by environment to 1.
ip-0A230414:18901:18901 [6] NCCL INFO NET/Plugin: Failed to find ncclNetPlugin_v5 symbol.
ip-0A230414:18901:18901 [6] NCCL INFO NET/Plugin: Failed to find ncclCollNetPlugin_v5 symbol.
ip-0A230414:18901:18901 [6] NCCL INFO Plugin Path : /opt/hpcx/nccl_rdma_sharp_plugin/lib/libnccl-net.so
ip-0A230414:18901:18901 [6] NCCL INFO P2P plugin IBext
ip-0A230414:18901:18901 [6] NCCL INFO NCCL_IB_PCI_RELAXED_ORDERING set by environment to 1.
ip-0A230410:53164:53164 [6] NCCL INFO NET/Plugin: Failed to find ncclNetPlugin_v5 symbol.
ip-0A230410:53164:53164 [6] NCCL INFO NET/Plugin: Failed to find ncclCollNetPlugin_v5 symbol.
ip-0A230410:53164:53164 [6] NCCL INFO Plugin Path : /opt/hpcx/nccl_rdma_sharp_plugin/lib/libnccl-net.so
ip-0A230410:53164:53164 [6] NCCL INFO P2P plugin IBext
ip-0A230410:53164:53164 [6] NCCL INFO NCCL_IB_PCI_RELAXED_ORDERING set by environment to 1.
ip-0A23040C:63950:63950 [6] NCCL INFO NET/Plugin: Failed to find ncclNetPlugin_v5 symbol.
ip-0A23040C:63950:63950 [6] NCCL INFO NET/Plugin: Failed to find ncclCollNetPlugin_v5 symbol.
ip-0A23040C:63950:63950 [6] NCCL INFO Plugin Path : /opt/hpcx/nccl_rdma_sharp_plugin/lib/libnccl-net.so
ip-0A23040C:63950:63950 [6] NCCL INFO P2P plugin IBext
ip-0A23040C:63950:63950 [6] NCCL INFO NCCL_IB_PCI_RELAXED_ORDERING set by environment to 1.
ip-0A230408:65385:65385 [6] NCCL INFO NET/Plugin: Failed to find ncclNetPlugin_v5 symbol.
ip-0A230408:65385:65385 [6] NCCL INFO NET/Plugin: Failed to find ncclCollNetPlugin_v5 symbol.
ip-0A230408:65385:65385 [6] NCCL INFO Plugin Path : /opt/hpcx/nccl_rdma_sharp_plugin/lib/libnccl-net.so
ip-0A230408:65385:65385 [6] NCCL INFO P2P plugin IBext
ip-0A230408:65385:65385 [6] NCCL INFO NCCL_IB_PCI_RELAXED_ORDERING set by environment to 1.
ip-0A230405:17645:17645 [6] NCCL INFO NET/Plugin: Failed to find ncclNetPlugin_v5 symbol.
ip-0A230405:17645:17645 [6] NCCL INFO NET/Plugin: Failed to find ncclCollNetPlugin_v5 symbol.
ip-0A230405:17645:17645 [6] NCCL INFO Plugin Path : /opt/hpcx/nccl_rdma_sharp_plugin/lib/libnccl-net.so
ip-0A230405:17645:17645 [6] NCCL INFO P2P plugin IBext
ip-0A230405:17645:17645 [6] NCCL INFO NCCL_IB_PCI_RELAXED_ORDERING set by environment to 1.
ip-0A23041A:15116:15116 [6] NCCL INFO NET/IB : Using [0]mlx5_ib0:1/IB/SHARP [1]mlx5_ib1:1/IB/SHARP [2]mlx5_ib2:1/IB/SHARP [3]mlx5_ib3:1/IB/SHARP [4]mlx5_ib4:1/IB/SHARP [5]mlx5_ib5:1/IB/SHARP [6]mlx5_ib6:1/IB/SHARP [7]mlx5_ib7:1/IB/SHARP ; OOB eth0:10.35.4.26<0>
ip-0A23041A:15116:15116 [6] NCCL INFO Using network IBext
ip-0A23040B:39023:39023 [6] NCCL INFO NET/IB : Using [0]mlx5_ib0:1/IB/SHARP [1]mlx5_ib1:1/IB/SHARP [2]mlx5_ib2:1/IB/SHARP [3]mlx5_ib3:1/IB/SHARP [4]mlx5_ib4:1/IB/SHARP [5]mlx5_ib5:1/IB/SHARP [6]mlx5_ib6:1/IB/SHARP [7]mlx5_ib7:1/IB/SHARP ; OOB eth0:10.35.4.11<0>
ip-0A230417:55606:55606 [6] NCCL INFO NET/IB : Using [0]mlx5_ib0:1/IB/SHARP [1]mlx5_ib1:1/IB/SHARP [2]mlx5_ib2:1/IB/SHARP [3]mlx5_ib3:1/IB/SHARP [4]mlx5_ib4:1/IB/SHARP [5]mlx5_ib5:1/IB/SHARP [6]mlx5_ib6:1/IB/SHARP [7]mlx5_ib7:1/IB/SHARP ; OOB eth0:10.35.4.23<0>
ip-0A230417:55606:55606 [6] NCCL INFO Using network IBext
ip-0A23040B:39023:39023 [6] NCCL INFO Using network IBext
ip-0A23040F:81730:81730 [6] NCCL INFO NET/IB : Using [0]mlx5_ib0:1/IB/SHARP [1]mlx5_ib1:1/IB/SHARP [2]mlx5_ib2:1/IB/SHARP [3]mlx5_ib3:1/IB/SHARP [4]mlx5_ib4:1/IB/SHARP [5]mlx5_ib5:1/IB/SHARP [6]mlx5_ib6:1/IB/SHARP [7]mlx5_ib7:1/IB/SHARP ; OOB eth0:10.35.4.15<0>
ip-0A23040F:81730:81730 [6] NCCL INFO Using network IBext
ip-0A23041D:20812:20812 [6] NCCL INFO NET/IB : Using [0]mlx5_ib0:1/IB/SHARP [1]mlx5_ib1:1/IB/SHARP [2]mlx5_ib2:1/IB/SHARP [3]mlx5_ib3:1/IB/SHARP [4]mlx5_ib4:1/IB/SHARP [5]mlx5_ib5:1/IB/SHARP [6]mlx5_ib6:1/IB/SHARP [7]mlx5_ib7:1/IB/SHARP ; OOB eth0:10.35.4.29<0>
ip-0A230412:22577:22577 [6] NCCL INFO NET/IB : Using [0]mlx5_ib0:1/IB/SHARP [1]mlx5_ib1:1/IB/SHARP [2]mlx5_ib2:1/IB/SHARP [3]mlx5_ib3:1/IB/SHARP [4]mlx5_ib4:1/IB/SHARP [5]mlx5_ib5:1/IB/SHARP [6]mlx5_ib6:1/IB/SHARP [7]mlx5_ib7:1/IB/SHARP ; OOB eth0:10.35.4.18<0>
ip-0A230412:22577:22577 [6] NCCL INFO Using network IBext
ip-0A23041D:20812:20812 [6] NCCL INFO Using network IBext
ip-0A230406:3769:3769 [6] NCCL INFO NET/IB : Using [0]mlx5_ib0:1/IB/SHARP [1]mlx5_ib1:1/IB/SHARP [2]mlx5_ib2:1/IB/SHARP [3]mlx5_ib3:1/IB/SHARP [4]mlx5_ib4:1/IB/SHARP [5]mlx5_ib5:1/IB/SHARP [6]mlx5_ib6:1/IB/SHARP [7]mlx5_ib7:1/IB/SHARP ; OOB eth0:10.35.4.6<0>
ip-0A230406:3769:3769 [6] NCCL INFO Using network IBext
ip-0A230407:55388:55388 [6] NCCL INFO NET/IB : Using [0]mlx5_ib0:1/IB/SHARP [1]mlx5_ib1:1/IB/SHARP [2]mlx5_ib2:1/IB/SHARP [3]mlx5_ib3:1/IB/SHARP [4]mlx5_ib4:1/IB/SHARP [5]mlx5_ib5:1/IB/SHARP [6]mlx5_ib6:1/IB/SHARP [7]mlx5_ib7:1/IB/SHARP ; OOB eth0:10.35.4.7<0>
ip-0A230407:55388:55388 [6] NCCL INFO Using network IBext
ip-0A230413:66240:66240 [6] NCCL INFO NET/IB : Using [0]mlx5_ib0:1/IB/SHARP [1]mlx5_ib1:1/IB/SHARP [2]mlx5_ib2:1/IB/SHARP [3]mlx5_ib3:1/IB/SHARP [4]mlx5_ib4:1/IB/SHARP [5]mlx5_ib5:1/IB/SHARP [6]mlx5_ib6:1/IB/SHARP [7]mlx5_ib7:1/IB/SHARP ; OOB eth0:10.35.4.19<0>
ip-0A230414:18901:18901 [6] NCCL INFO NET/IB : Using [0]mlx5_ib0:1/IB/SHARP [1]mlx5_ib1:1/IB/SHARP [2]mlx5_ib2:1/IB/SHARP [3]mlx5_ib3:1/IB/SHARP [4]mlx5_ib4:1/IB/SHARP [5]mlx5_ib5:1/IB/SHARP [6]mlx5_ib6:1/IB/SHARP [7]mlx5_ib7:1/IB/SHARP ; OOB eth0:10.35.4.20<0>
ip-0A230414:18901:18901 [6] NCCL INFO Using network IBext
ip-0A230413:66240:66240 [6] NCCL INFO Using network IBext
ip-0A23040E:65151:65151 [6] NCCL INFO NET/IB : Using [0]mlx5_ib0:1/IB/SHARP [1]mlx5_ib1:1/IB/SHARP [2]mlx5_ib2:1/IB/SHARP [3]mlx5_ib3:1/IB/SHARP [4]mlx5_ib4:1/IB/SHARP [5]mlx5_ib5:1/IB/SHARP [6]mlx5_ib6:1/IB/SHARP [7]mlx5_ib7:1/IB/SHARP ; OOB eth0:10.35.4.14<0>
ip-0A23040E:65151:65151 [6] NCCL INFO Using network IBext
ip-0A230408:65385:65385 [6] NCCL INFO NET/IB : Using [0]mlx5_ib0:1/IB/SHARP [1]mlx5_ib1:1/IB/SHARP [2]mlx5_ib2:1/IB/SHARP [3]mlx5_ib3:1/IB/SHARP [4]mlx5_ib4:1/IB/SHARP [5]mlx5_ib5:1/IB/SHARP [6]mlx5_ib6:1/IB/SHARP [7]mlx5_ib7:1/IB/SHARP ; OOB eth0:10.35.4.8<0>
ip-0A230408:65385:65385 [6] NCCL INFO Using network IBext
ip-0A230410:53164:53164 [6] NCCL INFO NET/IB : Using [0]mlx5_ib0:1/IB/SHARP [1]mlx5_ib1:1/IB/SHARP [2]mlx5_ib2:1/IB/SHARP [3]mlx5_ib3:1/IB/SHARP [4]mlx5_ib4:1/IB/SHARP [5]mlx5_ib5:1/IB/SHARP [6]mlx5_ib6:1/IB/SHARP [7]mlx5_ib7:1/IB/SHARP ; OOB eth0:10.35.4.16<0>
ip-0A230410:53164:53164 [6] NCCL INFO Using network IBext
ip-0A23040C:63950:63950 [6] NCCL INFO NET/IB : Using [0]mlx5_ib0:1/IB/SHARP [1]mlx5_ib1:1/IB/SHARP [2]mlx5_ib2:1/IB/SHARP [3]mlx5_ib3:1/IB/SHARP [4]mlx5_ib4:1/IB/SHARP [5]mlx5_ib5:1/IB/SHARP [6]mlx5_ib6:1/IB/SHARP [7]mlx5_ib7:1/IB/SHARP ; OOB eth0:10.35.4.12<0>
ip-0A23040C:63950:63950 [6] NCCL INFO Using network IBext
ip-0A230405:17645:17645 [6] NCCL INFO NET/IB : Using [0]mlx5_ib0:1/IB/SHARP [1]mlx5_ib1:1/IB/SHARP [2]mlx5_ib2:1/IB/SHARP [3]mlx5_ib3:1/IB/SHARP [4]mlx5_ib4:1/IB/SHARP [5]mlx5_ib5:1/IB/SHARP [6]mlx5_ib6:1/IB/SHARP [7]mlx5_ib7:1/IB/SHARP ; OOB eth0:10.35.4.5<0>
ip-0A230405:17645:17645 [6] NCCL INFO Using network IBext
ip-0A230413:66240:66971 [6] NCCL INFO NCCL_P2P_LEVEL set by environment to LOC
ip-0A23040F:81730:82413 [6] NCCL INFO NCCL_P2P_LEVEL set by environment to LOC
ip-0A230417:55606:56297 [6] NCCL INFO NCCL_P2P_LEVEL set by environment to LOC
ip-0A230413:66240:66971 [6] NCCL INFO PXN Disabled as plugin is v4
ip-0A23041D:20812:21496 [6] NCCL INFO NCCL_P2P_LEVEL set by environment to LOC
ip-0A23040F:81730:82413 [6] NCCL INFO PXN Disabled as plugin is v4
ip-0A23040D:27333:28036 [6] NCCL INFO NCCL_P2P_LEVEL set by environment to LOC
ip-0A230412:22577:23263 [6] NCCL INFO NCCL_P2P_LEVEL set by environment to LOC
ip-0A230414:18901:19596 [6] NCCL INFO NCCL_P2P_LEVEL set by environment to LOC
ip-0A230413:66240:66971 [6] NCCL INFO Setting affinity for GPU 6 to ff,ffff0000,00000000
ip-0A230417:55606:56297 [6] NCCL INFO PXN Disabled as plugin is v4
ip-0A23040F:81730:82413 [6] NCCL INFO Setting affinity for GPU 6 to ff,ffff0000,00000000
ip-0A23041D:20812:21496 [6] NCCL INFO PXN Disabled as plugin is v4
ip-0A230408:65385:66061 [6] NCCL INFO NCCL_P2P_LEVEL set by environment to LOC
ip-0A230413:66240:66971 [6] NCCL INFO NCCL_COLLNET_ENABLE set by environment to 1.
ip-0A23040D:27333:28036 [6] NCCL INFO PXN Disabled as plugin is v4
ip-0A230417:55606:56297 [6] NCCL INFO Setting affinity for GPU 6 to ff,ffff0000,00000000
ip-0A230406:3769:4464 [6] NCCL INFO NCCL_P2P_LEVEL set by environment to LOC
ip-0A230412:22577:23263 [6] NCCL INFO PXN Disabled as plugin is v4
ip-0A230414:18901:19596 [6] NCCL INFO PXN Disabled as plugin is v4
ip-0A23040F:81730:82413 [6] NCCL INFO NCCL_COLLNET_ENABLE set by environment to 1.
ip-0A23041D:20812:21496 [6] NCCL INFO Setting affinity for GPU 6 to ff,ffff0000,00000000
ip-0A23040D:27333:28036 [6] NCCL INFO Setting affinity for GPU 6 to ff,ffff0000,00000000
ip-0A230417:55606:56297 [6] NCCL INFO NCCL_COLLNET_ENABLE set by environment to 1.
ip-0A230410:53164:53849 [6] NCCL INFO NCCL_P2P_LEVEL set by environment to LOC
ip-0A230412:22577:23263 [6] NCCL INFO Setting affinity for GPU 6 to ff,ffff0000,00000000
ip-0A230408:65385:66061 [6] NCCL INFO PXN Disabled as plugin is v4
ip-0A230414:18901:19596 [6] NCCL INFO Setting affinity for GPU 6 to ff,ffff0000,00000000
ip-0A23041A:15116:15806 [6] NCCL INFO NCCL_P2P_LEVEL set by environment to LOC
ip-0A23041D:20812:21496 [6] NCCL INFO NCCL_COLLNET_ENABLE set by environment to 1.
ip-0A230406:3769:4464 [6] NCCL INFO PXN Disabled as plugin is v4
ip-0A23040D:27333:28036 [6] NCCL INFO NCCL_COLLNET_ENABLE set by environment to 1.
ip-0A230412:22577:23263 [6] NCCL INFO NCCL_COLLNET_ENABLE set by environment to 1.
ip-0A230414:18901:19596 [6] NCCL INFO NCCL_COLLNET_ENABLE set by environment to 1.
ip-0A230408:65385:66061 [6] NCCL INFO Setting affinity for GPU 6 to ff,ffff0000,00000000
ip-0A230410:53164:53849 [6] NCCL INFO PXN Disabled as plugin is v4
ip-0A230406:3769:4464 [6] NCCL INFO Setting affinity for GPU 6 to ff,ffff0000,00000000
ip-0A230408:65385:66061 [6] NCCL INFO NCCL_COLLNET_ENABLE set by environment to 1.
ip-0A23041A:15116:15806 [6] NCCL INFO PXN Disabled as plugin is v4
ip-0A230406:3769:4464 [6] NCCL INFO NCCL_COLLNET_ENABLE set by environment to 1.
ip-0A230410:53164:53849 [6] NCCL INFO Setting affinity for GPU 6 to ff,ffff0000,00000000
ip-0A23041A:15116:15806 [6] NCCL INFO Setting affinity for GPU 6 to ff,ffff0000,00000000
ip-0A230410:53164:53849 [6] NCCL INFO NCCL_COLLNET_ENABLE set by environment to 1.
ip-0A23041A:15116:15806 [6] NCCL INFO NCCL_COLLNET_ENABLE set by environment to 1.
ip-0A23040C:63950:64639 [6] NCCL INFO NCCL_P2P_LEVEL set by environment to LOC
ip-0A23040C:63950:64639 [6] NCCL INFO PXN Disabled as plugin is v4
ip-0A23040C:63950:64639 [6] NCCL INFO Setting affinity for GPU 6 to ff,ffff0000,00000000
ip-0A23040B:39023:39710 [6] NCCL INFO NCCL_P2P_LEVEL set by environment to LOC
ip-0A23040C:63950:64639 [6] NCCL INFO NCCL_COLLNET_ENABLE set by environment to 1.
ip-0A23040B:39023:39710 [6] NCCL INFO PXN Disabled as plugin is v4
ip-0A23040E:65151:65837 [6] NCCL INFO NCCL_P2P_LEVEL set by environment to LOC
ip-0A23040B:39023:39710 [6] NCCL INFO Setting affinity for GPU 6 to ff,ffff0000,00000000
ip-0A23040B:39023:39710 [6] NCCL INFO NCCL_COLLNET_ENABLE set by environment to 1.
ip-0A23040E:65151:65837 [6] NCCL INFO PXN Disabled as plugin is v4
ip-0A23040E:65151:65837 [6] NCCL INFO Setting affinity for GPU 6 to ff,ffff0000,00000000
ip-0A23040E:65151:65837 [6] NCCL INFO NCCL_COLLNET_ENABLE set by environment to 1.
ip-0A230407:55388:56078 [6] NCCL INFO NCCL_P2P_LEVEL set by environment to LOC
ip-0A230407:55388:56078 [6] NCCL INFO PXN Disabled as plugin is v4
ip-0A230407:55388:56078 [6] NCCL INFO Setting affinity for GPU 6 to ff,ffff0000,00000000
ip-0A230407:55388:56078 [6] NCCL INFO NCCL_COLLNET_ENABLE set by environment to 1.
ip-0A230405:17645:18333 [6] NCCL INFO NCCL_P2P_LEVEL set by environment to LOC
ip-0A230405:17645:18333 [6] NCCL INFO PXN Disabled as plugin is v4
ip-0A230405:17645:18333 [6] NCCL INFO Setting affinity for GPU 6 to ff,ffff0000,00000000
ip-0A230405:17645:18333 [6] NCCL INFO NCCL_COLLNET_ENABLE set by environment to 1.
ip-0A230405:17645:18333 [6] NCCL INFO Trees [0] -1/-1/-1->11->10 [1] 13/9/-1->11->7
ip-0A230407:55388:56078 [6] NCCL INFO Trees [0] 10/14/-1->12->8 [1] -1/-1/-1->12->13
ip-0A23040B:39023:39710 [6] NCCL INFO Trees [0] -1/-1/-1->13->14 [1] 14/12/-1->13->11
ip-0A23040E:65151:65837 [6] NCCL INFO Trees [0] 13/15/-1->14->12 [1] -1/-1/-1->14->13
ip-0A23040D:27333:28036 [6] NCCL INFO Channel 00/02 :    0   1   2   3   4   5   6   7   8   9  10  11  12  13  14  15
ip-0A23040D:27333:28036 [6] NCCL INFO Channel 01/02 :    0   1   2   3   4   5   6   7   8   9  10  11  12  13  14  15
ip-0A23040C:63950:64639 [6] NCCL INFO Trees [0] -1/-1/-1->15->14 [1] 7/-1/-1->15->-1
ip-0A23040D:27333:28036 [6] NCCL INFO Trees [0] 8/-1/-1->0->-1 [1] -1/-1/-1->0->1
ip-0A23040F:81730:82413 [6] NCCL INFO Trees [0] -1/-1/-1->1->2 [1] 2/0/-1->1->3
ip-0A230410:53164:53849 [6] NCCL INFO Trees [0] 1/3/-1->2->4 [1] -1/-1/-1->2->1
ip-0A230412:22577:23263 [6] NCCL INFO Trees [0] -1/-1/-1->3->2 [1] 5/1/-1->3->7
ip-0A230413:66240:66971 [6] NCCL INFO Trees [0] 2/6/-1->4->8 [1] -1/-1/-1->4->5
ip-0A230414:18901:19596 [6] NCCL INFO Trees [0] -1/-1/-1->5->6 [1] 6/4/-1->5->3
ip-0A230417:55606:56297 [6] NCCL INFO Trees [0] 5/7/-1->6->4 [1] -1/-1/-1->6->5
ip-0A230408:65385:66061 [6] NCCL INFO Trees [0] 4/12/-1->8->0 [1] -1/-1/-1->8->9
ip-0A230406:3769:4464 [6] NCCL INFO Trees [0] -1/-1/-1->7->6 [1] 11/3/-1->7->15
ip-0A23041A:15116:15806 [6] NCCL INFO Trees [0] -1/-1/-1->9->10 [1] 10/8/-1->9->11
ip-0A23041D:20812:21496 [6] NCCL INFO Trees [0] 9/11/-1->10->12 [1] -1/-1/-1->10->9
ip-0A230405:17645:18333 [6] NCCL INFO Channel 00/0 : 10[d00000] -> 11[d00000] [receive] via NET/IBext/6
ip-0A230407:55388:56078 [6] NCCL INFO Channel 00/0 : 11[d00000] -> 12[d00000] [receive] via NET/IBext/6
ip-0A23040B:39023:39710 [6] NCCL INFO Channel 00/0 : 12[d00000] -> 13[d00000] [receive] via NET/IBext/6
ip-0A230405:17645:18333 [6] NCCL INFO Channel 01/0 : 10[d00000] -> 11[d00000] [receive] via NET/IBext/6
ip-0A230405:17645:18333 [6] NCCL INFO Channel 00/0 : 11[d00000] -> 12[d00000] [send] via NET/IBext/6
ip-0A230407:55388:56078 [6] NCCL INFO Channel 01/0 : 11[d00000] -> 12[d00000] [receive] via NET/IBext/6
ip-0A230407:55388:56078 [6] NCCL INFO Channel 00/0 : 12[d00000] -> 13[d00000] [send] via NET/IBext/6
ip-0A23040B:39023:39710 [6] NCCL INFO Channel 01/0 : 12[d00000] -> 13[d00000] [receive] via NET/IBext/6
ip-0A23040B:39023:39710 [6] NCCL INFO Channel 00/0 : 13[d00000] -> 14[d00000] [send] via NET/IBext/6
ip-0A230405:17645:18333 [6] NCCL INFO Channel 01/0 : 11[d00000] -> 12[d00000] [send] via NET/IBext/6
ip-0A23040E:65151:65837 [6] NCCL INFO Channel 00/0 : 13[d00000] -> 14[d00000] [receive] via NET/IBext/6
ip-0A23040C:63950:64639 [6] NCCL INFO Channel 00/0 : 14[d00000] -> 15[d00000] [receive] via NET/IBext/6
ip-0A23040D:27333:28036 [6] NCCL INFO Channel 00/0 : 15[d00000] -> 0[d00000] [receive] via NET/IBext/6
ip-0A230407:55388:56078 [6] NCCL INFO Channel 01/0 : 12[d00000] -> 13[d00000] [send] via NET/IBext/6
ip-0A23040B:39023:39710 [6] NCCL INFO Channel 01/0 : 13[d00000] -> 14[d00000] [send] via NET/IBext/6
ip-0A23040E:65151:65837 [6] NCCL INFO Channel 01/0 : 13[d00000] -> 14[d00000] [receive] via NET/IBext/6
ip-0A23040D:27333:28036 [6] NCCL INFO Channel 01/0 : 15[d00000] -> 0[d00000] [receive] via NET/IBext/6
ip-0A23040F:81730:82413 [6] NCCL INFO Channel 00/0 : 0[d00000] -> 1[d00000] [receive] via NET/IBext/6
ip-0A23040E:65151:65837 [6] NCCL INFO Channel 00/0 : 14[d00000] -> 15[d00000] [send] via NET/IBext/6
ip-0A23040D:27333:28036 [6] NCCL INFO Channel 00/0 : 0[d00000] -> 1[d00000] [send] via NET/IBext/6
ip-0A23040C:63950:64639 [6] NCCL INFO Channel 01/0 : 14[d00000] -> 15[d00000] [receive] via NET/IBext/6
ip-0A23040D:27333:28036 [6] NCCL INFO Channel 01/0 : 0[d00000] -> 1[d00000] [send] via NET/IBext/6
ip-0A23040C:63950:64639 [6] NCCL INFO Channel 00/0 : 15[d00000] -> 0[d00000] [send] via NET/IBext/6
ip-0A23040C:63950:64639 [6] NCCL INFO Channel 01/0 : 15[d00000] -> 0[d00000] [send] via NET/IBext/6
ip-0A23040E:65151:65837 [6] NCCL INFO Channel 01/0 : 14[d00000] -> 15[d00000] [send] via NET/IBext/6
ip-0A23040F:81730:82413 [6] NCCL INFO Channel 01/0 : 0[d00000] -> 1[d00000] [receive] via NET/IBext/6
ip-0A23040F:81730:82413 [6] NCCL INFO Channel 00/0 : 1[d00000] -> 2[d00000] [send] via NET/IBext/6
ip-0A23040F:81730:82413 [6] NCCL INFO Channel 01/0 : 1[d00000] -> 2[d00000] [send] via NET/IBext/6
ip-0A230410:53164:53849 [6] NCCL INFO Channel 00/0 : 1[d00000] -> 2[d00000] [receive] via NET/IBext/6
ip-0A230412:22577:23263 [6] NCCL INFO Channel 00/0 : 2[d00000] -> 3[d00000] [receive] via NET/IBext/6
ip-0A230413:66240:66971 [6] NCCL INFO Channel 00/0 : 3[d00000] -> 4[d00000] [receive] via NET/IBext/6
ip-0A230417:55606:56297 [6] NCCL INFO Channel 00/0 : 5[d00000] -> 6[d00000] [receive] via NET/IBext/6
ip-0A230414:18901:19596 [6] NCCL INFO Channel 00/0 : 4[d00000] -> 5[d00000] [receive] via NET/IBext/6
ip-0A230412:22577:23263 [6] NCCL INFO Channel 01/0 : 2[d00000] -> 3[d00000] [receive] via NET/IBext/6
ip-0A230412:22577:23263 [6] NCCL INFO Channel 00/0 : 3[d00000] -> 4[d00000] [send] via NET/IBext/6
ip-0A230408:65385:66061 [6] NCCL INFO Channel 00/0 : 7[d00000] -> 8[d00000] [receive] via NET/IBext/6
ip-0A230412:22577:23263 [6] NCCL INFO Channel 01/0 : 3[d00000] -> 4[d00000] [send] via NET/IBext/6
ip-0A230417:55606:56297 [6] NCCL INFO Channel 01/0 : 5[d00000] -> 6[d00000] [receive] via NET/IBext/6
ip-0A230417:55606:56297 [6] NCCL INFO Channel 00/0 : 6[d00000] -> 7[d00000] [send] via NET/IBext/6
ip-0A230413:66240:66971 [6] NCCL INFO Channel 01/0 : 3[d00000] -> 4[d00000] [receive] via NET/IBext/6
ip-0A230413:66240:66971 [6] NCCL INFO Channel 00/0 : 4[d00000] -> 5[d00000] [send] via NET/IBext/6
ip-0A230410:53164:53849 [6] NCCL INFO Channel 01/0 : 1[d00000] -> 2[d00000] [receive] via NET/IBext/6
ip-0A230413:66240:66971 [6] NCCL INFO Channel 01/0 : 4[d00000] -> 5[d00000] [send] via NET/IBext/6
ip-0A230406:3769:4464 [6] NCCL INFO Channel 00/0 : 6[d00000] -> 7[d00000] [receive] via NET/IBext/6
ip-0A230410:53164:53849 [6] NCCL INFO Channel 00/0 : 2[d00000] -> 3[d00000] [send] via NET/IBext/6
ip-0A230410:53164:53849 [6] NCCL INFO Channel 01/0 : 2[d00000] -> 3[d00000] [send] via NET/IBext/6
ip-0A230414:18901:19596 [6] NCCL INFO Channel 01/0 : 4[d00000] -> 5[d00000] [receive] via NET/IBext/6
ip-0A230414:18901:19596 [6] NCCL INFO Channel 00/0 : 5[d00000] -> 6[d00000] [send] via NET/IBext/6
ip-0A230417:55606:56297 [6] NCCL INFO Channel 01/0 : 6[d00000] -> 7[d00000] [send] via NET/IBext/6
ip-0A23041A:15116:15806 [6] NCCL INFO Channel 00/0 : 8[d00000] -> 9[d00000] [receive] via NET/IBext/6
ip-0A230408:65385:66061 [6] NCCL INFO Channel 01/0 : 7[d00000] -> 8[d00000] [receive] via NET/IBext/6
ip-0A230408:65385:66061 [6] NCCL INFO Channel 00/0 : 8[d00000] -> 9[d00000] [send] via NET/IBext/6
ip-0A230406:3769:4464 [6] NCCL INFO Channel 01/0 : 6[d00000] -> 7[d00000] [receive] via NET/IBext/6
ip-0A230406:3769:4464 [6] NCCL INFO Channel 00/0 : 7[d00000] -> 8[d00000] [send] via NET/IBext/6
ip-0A23041A:15116:15806 [6] NCCL INFO Channel 01/0 : 8[d00000] -> 9[d00000] [receive] via NET/IBext/6
ip-0A230408:65385:66061 [6] NCCL INFO Channel 01/0 : 8[d00000] -> 9[d00000] [send] via NET/IBext/6
ip-0A230414:18901:19596 [6] NCCL INFO Channel 01/0 : 5[d00000] -> 6[d00000] [send] via NET/IBext/6
ip-0A230406:3769:4464 [6] NCCL INFO Channel 01/0 : 7[d00000] -> 8[d00000] [send] via NET/IBext/6
ip-0A23041A:15116:15806 [6] NCCL INFO Channel 00/0 : 9[d00000] -> 10[d00000] [send] via NET/IBext/6
ip-0A23041A:15116:15806 [6] NCCL INFO Channel 01/0 : 9[d00000] -> 10[d00000] [send] via NET/IBext/6
ip-0A23041D:20812:21496 [6] NCCL INFO Channel 00/0 : 9[d00000] -> 10[d00000] [receive] via NET/IBext/6
ip-0A23041D:20812:21496 [6] NCCL INFO Channel 01/0 : 9[d00000] -> 10[d00000] [receive] via NET/IBext/6
ip-0A23041D:20812:21496 [6] NCCL INFO Channel 00/0 : 10[d00000] -> 11[d00000] [send] via NET/IBext/6
ip-0A23041D:20812:21496 [6] NCCL INFO Channel 01/0 : 10[d00000] -> 11[d00000] [send] via NET/IBext/6
ip-0A23040C:63950:64639 [6] NCCL INFO Connected all rings
ip-0A230407:55388:56078 [6] NCCL INFO Connected all rings
ip-0A23040B:39023:39710 [6] NCCL INFO Connected all rings
ip-0A23040F:81730:82413 [6] NCCL INFO Connected all rings
ip-0A23040D:27333:28036 [6] NCCL INFO Connected all rings
ip-0A23040E:65151:65837 [6] NCCL INFO Connected all rings
ip-0A230417:55606:56297 [6] NCCL INFO Connected all rings
ip-0A230414:18901:19596 [6] NCCL INFO Connected all rings
ip-0A23041A:15116:15806 [6] NCCL INFO Connected all rings
ip-0A230412:22577:23263 [6] NCCL INFO Connected all rings
ip-0A230410:53164:53849 [6] NCCL INFO Connected all rings
ip-0A230408:65385:66061 [6] NCCL INFO Connected all rings
ip-0A230413:66240:66971 [6] NCCL INFO Connected all rings
ip-0A23041D:20812:21496 [6] NCCL INFO Connected all rings
ip-0A230406:3769:4464 [6] NCCL INFO Connected all rings
ip-0A230405:17645:18333 [6] NCCL INFO Connected all rings
ip-0A230414:18901:19596 [6] NCCL INFO Channel 01/0 : 3[d00000] -> 5[d00000] [receive] via NET/IBext/6
ip-0A23040B:39023:39710 [6] NCCL INFO Channel 01/0 : 11[d00000] -> 13[d00000] [receive] via NET/IBext/6
ip-0A23041A:15116:15806 [6] NCCL INFO Channel 01/0 : 9[d00000] -> 11[d00000] [send] via NET/IBext/6
ip-0A230410:53164:53849 [6] NCCL INFO Channel 00/0 : 2[d00000] -> 4[d00000] [send] via NET/IBext/6
ip-0A23040F:81730:82413 [6] NCCL INFO Channel 01/0 : 1[d00000] -> 3[d00000] [send] via NET/IBext/6
ip-0A230412:22577:23263 [6] NCCL INFO Channel 01/0 : 1[d00000] -> 3[d00000] [receive] via NET/IBext/6
ip-0A230417:55606:56297 [6] NCCL INFO Channel 00/0 : 4[d00000] -> 6[d00000] [receive] via NET/IBext/6
ip-0A230412:22577:23263 [6] NCCL INFO Channel 01/0 : 3[d00000] -> 5[d00000] [send] via NET/IBext/6
ip-0A23040C:63950:64639 [6] NCCL INFO Channel 01/0 : 7[d00000] -> 15[d00000] [receive] via NET/IBext/6
ip-0A23040C:63950:64639 [6] NCCL INFO Channel 01/0 : 15[d00000] -> 7[d00000] [send] via NET/IBext/6
ip-0A230406:3769:4464 [6] NCCL INFO Channel 01/0 : 3[d00000] -> 7[d00000] [receive] via NET/IBext/6
ip-0A230406:3769:4464 [6] NCCL INFO Channel 01/0 : 7[d00000] -> 11[d00000] [send] via NET/IBext/6
ip-0A23040D:27333:28036 [6] NCCL INFO Channel 00/0 : 8[d00000] -> 0[d00000] [receive] via NET/IBext/6
ip-0A23040D:27333:28036 [6] NCCL INFO Channel 00/0 : 0[d00000] -> 8[d00000] [send] via NET/IBext/6
ip-0A230408:65385:66061 [6] NCCL INFO Channel 00/0 : 4[d00000] -> 8[d00000] [receive] via NET/IBext/6
ip-0A230407:55388:56078 [6] NCCL INFO Channel 00/0 : 10[d00000] -> 12[d00000] [receive] via NET/IBext/6
ip-0A230407:55388:56078 [6] NCCL INFO Channel 00/0 : 12[d00000] -> 14[d00000] [send] via NET/IBext/6
ip-0A230413:66240:66971 [6] NCCL INFO Channel 00/0 : 2[d00000] -> 4[d00000] [receive] via NET/IBext/6
ip-0A23040E:65151:65837 [6] NCCL INFO Channel 00/0 : 12[d00000] -> 14[d00000] [receive] via NET/IBext/6
ip-0A23041D:20812:21496 [6] NCCL INFO Channel 00/0 : 10[d00000] -> 12[d00000] [send] via NET/IBext/6
ip-0A230405:17645:18333 [6] NCCL INFO Channel 01/0 : 9[d00000] -> 11[d00000] [receive] via NET/IBext/6
ip-0A230405:17645:18333 [6] NCCL INFO Channel 01/0 : 11[d00000] -> 13[d00000] [send] via NET/IBext/6
ip-0A23040F:81730:82413 [6] NCCL INFO Channel 01/0 : 3[d00000] -> 1[d00000] [receive] via NET/IBext/6
ip-0A230414:18901:19596 [6] NCCL INFO Channel 01/0 : 5[d00000] -> 3[d00000] [send] via NET/IBext/6
ip-0A23041D:20812:21496 [6] NCCL INFO Channel 00/0 : 12[d00000] -> 10[d00000] [receive] via NET/IBext/6
ip-0A23041A:15116:15806 [6] NCCL INFO Channel 01/0 : 11[d00000] -> 9[d00000] [receive] via NET/IBext/6
ip-0A23040E:65151:65837 [6] NCCL INFO Channel 00/0 : 14[d00000] -> 12[d00000] [send] via NET/IBext/6
ip-0A23040B:39023:39710 [6] NCCL INFO Channel 01/0 : 13[d00000] -> 11[d00000] [send] via NET/IBext/6
ip-0A230408:65385:66061 [6] NCCL INFO Channel 00/0 : 8[d00000] -> 12[d00000] [send] via NET/IBext/6
ip-0A230413:66240:66971 [6] NCCL INFO Channel 00/0 : 4[d00000] -> 6[d00000] [send] via NET/IBext/6
ip-0A230410:53164:53849 [6] NCCL INFO Channel 00/0 : 4[d00000] -> 2[d00000] [receive] via NET/IBext/6
ip-0A230417:55606:56297 [6] NCCL INFO Channel 00/0 : 6[d00000] -> 4[d00000] [send] via NET/IBext/6
ip-0A230412:22577:23263 [6] NCCL INFO Channel 01/0 : 3[d00000] -> 7[d00000] [send] via NET/IBext/6
ip-0A230407:55388:56078 [6] NCCL INFO Channel 00/0 : 8[d00000] -> 12[d00000] [receive] via NET/IBext/6
ip-0A230405:17645:18333 [6] NCCL INFO Channel 01/0 : 7[d00000] -> 11[d00000] [receive] via NET/IBext/6
ip-0A230412:22577:23263 [6] NCCL INFO Channel 01/0 : 7[d00000] -> 3[d00000] [receive] via NET/IBext/6
ip-0A230405:17645:18333 [6] NCCL INFO Channel 01/0 : 11[d00000] -> 7[d00000] [send] via NET/IBext/6
ip-0A230413:66240:66971 [6] NCCL INFO Channel 00/0 : 4[d00000] -> 8[d00000] [send] via NET/IBext/6
ip-0A230413:66240:66971 [6] NCCL INFO Channel 00/0 : 8[d00000] -> 4[d00000] [receive] via NET/IBext/6
ip-0A230407:55388:56078 [6] NCCL INFO Channel 00/0 : 12[d00000] -> 8[d00000] [send] via NET/IBext/6
ip-0A230406:3769:4464 [6] NCCL INFO Channel 01/0 : 15[d00000] -> 7[d00000] [receive] via NET/IBext/6
ip-0A230406:3769:4464 [6] NCCL INFO Channel 01/0 : 7[d00000] -> 15[d00000] [send] via NET/IBext/6
ip-0A230408:65385:66061 [6] NCCL INFO Channel 00/0 : 0[d00000] -> 8[d00000] [receive] via NET/IBext/6
ip-0A230408:65385:66061 [6] NCCL INFO Channel 00/0 : 8[d00000] -> 0[d00000] [send] via NET/IBext/6
ip-0A23040C:63950:64639 [6] NCCL INFO Channel 00/0 : 15[d00000] -> 14[d00000] [send] via NET/IBext/6
ip-0A230406:3769:4464 [6] NCCL INFO Channel 01/0 : 11[d00000] -> 7[d00000] [receive] via NET/IBext/6
ip-0A230406:3769:4464 [6] NCCL INFO Channel 01/0 : 7[d00000] -> 3[d00000] [send] via NET/IBext/6
ip-0A230408:65385:66061 [6] NCCL INFO Channel 00/0 : 12[d00000] -> 8[d00000] [receive] via NET/IBext/6
ip-0A230408:65385:66061 [6] NCCL INFO Channel 00/0 : 8[d00000] -> 4[d00000] [send] via NET/IBext/6
ip-0A230405:17645:18333 [6] NCCL INFO Channel 01/0 : 13[d00000] -> 11[d00000] [receive] via NET/IBext/6
ip-0A23040D:27333:28036 [6] NCCL INFO Channel 01/0 : 1[d00000] -> 0[d00000] [receive] via NET/IBext/6
ip-0A230412:22577:23263 [6] NCCL INFO Channel 01/0 : 5[d00000] -> 3[d00000] [receive] via NET/IBext/6
ip-0A230412:22577:23263 [6] NCCL INFO Channel 01/0 : 3[d00000] -> 1[d00000] [send] via NET/IBext/6
ip-0A230406:3769:4464 [6] NCCL INFO Channel 00/0 : 7[d00000] -> 6[d00000] [send] via NET/IBext/6
ip-0A230407:55388:56078 [6] NCCL INFO Channel 00/0 : 14[d00000] -> 12[d00000] [receive] via NET/IBext/6
ip-0A230407:55388:56078 [6] NCCL INFO Channel 00/0 : 12[d00000] -> 10[d00000] [send] via NET/IBext/6
ip-0A230405:17645:18333 [6] NCCL INFO Channel 01/0 : 11[d00000] -> 9[d00000] [send] via NET/IBext/6
ip-0A230408:65385:66061 [6] NCCL INFO Channel 01/0 : 9[d00000] -> 8[d00000] [receive] via NET/IBext/6
ip-0A230413:66240:66971 [6] NCCL INFO Channel 00/0 : 6[d00000] -> 4[d00000] [receive] via NET/IBext/6
ip-0A230413:66240:66971 [6] NCCL INFO Channel 00/0 : 4[d00000] -> 2[d00000] [send] via NET/IBext/6
ip-0A230414:18901:19596 [6] NCCL INFO Channel 00/0 : 6[d00000] -> 5[d00000] [receive] via NET/IBext/6
ip-0A230414:18901:19596 [6] NCCL INFO Channel 01/0 : 6[d00000] -> 5[d00000] [receive] via NET/IBext/6
ip-0A230414:18901:19596 [6] NCCL INFO Channel 01/0 : 5[d00000] -> 4[d00000] [send] via NET/IBext/6
