[ip-0A23040D:0:34279 - context.c:584] INFO job (ID: 2524863075939200970) resource request quota: ( osts:0 user_data_per_ost:0 max_groups:0 max_qps:1 max_group_channels:1, num_trees:1)
[ip-0A23040D:0:34279 unique id 0] ERROR No Aggregation Manager (sharp_am) detected in sharp_create_job.

[ip-0A23040D:0:34279 - context.c:601] ERROR sharp_create_job failed: No Aggregation Manager (sharp_am) detected(-52)
ip-0A23040E:71768:72423 [3] NCCL INFO Sharp rank 14/16 initialized on mlx5_ib3:1

ip-0A23040E:71768:72423 [3] sharp_plugin.c:288 NCCL WARN NET/IB :SHARP coll init error: Cannot create SHArP job(-11)

ip-0A23040E:71768:72423 [3] NCCL INFO include/coll_net.h:21 -> 3
ip-0A23040B:45330:45978 [3] NCCL INFO Sharp rank 13/16 initialized on mlx5_ib3:1

ip-0A23040B:45330:45978 [3] sharp_plugin.c:288 NCCL WARN NET/IB :SHARP coll init error: Cannot create SHArP job(-11)

ip-0A23040B:45330:45978 [3] NCCL INFO include/coll_net.h:21 -> 3
ip-0A230407:61723:62362 [3] NCCL INFO Sharp rank 12/16 initialized on mlx5_ib3:1

ip-0A230407:61723:62362 [3] sharp_plugin.c:288 NCCL WARN NET/IB :SHARP coll init error: Cannot create SHArP job(-11)

ip-0A230407:61723:62362 [3] NCCL INFO include/coll_net.h:21 -> 3
ip-0A230405:23974:24612 [3] NCCL INFO Sharp rank 11/16 initialized on mlx5_ib3:1

ip-0A230405:23974:24612 [3] sharp_plugin.c:288 NCCL WARN NET/IB :SHARP coll init error: Cannot create SHArP job(-11)

ip-0A230405:23974:24612 [3] NCCL INFO include/coll_net.h:21 -> 3
ip-0A23041A:21467:22101 [3] NCCL INFO Sharp rank 9/16 initialized on mlx5_ib3:1

ip-0A23041A:21467:22101 [3] sharp_plugin.c:288 NCCL WARN NET/IB :SHARP coll init error: Cannot create SHArP job(-11)

ip-0A23041A:21467:22101 [3] NCCL INFO include/coll_net.h:21 -> 3
ip-0A230406:9405:10049 [3] NCCL INFO Sharp rank 7/16 initialized on mlx5_ib3:1

ip-0A230406:9405:10049 [3] sharp_plugin.c:288 NCCL WARN NET/IB :SHARP coll init error: Cannot create SHArP job(-11)

ip-0A230406:9405:10049 [3] NCCL INFO include/coll_net.h:21 -> 3
ip-0A230410:59463:60106 [3] NCCL INFO Sharp rank 2/16 initialized on mlx5_ib3:1

ip-0A230410:59463:60106 [3] sharp_plugin.c:288 NCCL WARN NET/IB :SHARP coll init error: Cannot create SHArP job(-11)

ip-0A230410:59463:60106 [3] NCCL INFO include/coll_net.h:21 -> 3
ip-0A230412:28879:29516 [3] NCCL INFO Sharp rank 3/16 initialized on mlx5_ib3:1

ip-0A230412:28879:29516 [3] sharp_plugin.c:288 NCCL WARN NET/IB :SHARP coll init error: Cannot create SHArP job(-11)

ip-0A230412:28879:29516 [3] NCCL INFO include/coll_net.h:21 -> 3
ip-0A23040C:70247:70883 [3] NCCL INFO Sharp rank 15/16 initialized on mlx5_ib3:1

ip-0A23040C:70247:70883 [3] sharp_plugin.c:288 NCCL WARN NET/IB :SHARP coll init error: Cannot create SHArP job(-11)

ip-0A23040C:70247:70883 [3] NCCL INFO include/coll_net.h:21 -> 3
ip-0A230408:70955:71591 [3] NCCL INFO Sharp rank 8/16 initialized on mlx5_ib3:1

ip-0A230408:70955:71591 [3] sharp_plugin.c:288 NCCL WARN NET/IB :SHARP coll init error: Cannot create SHArP job(-11)

ip-0A230408:70955:71591 [3] NCCL INFO include/coll_net.h:21 -> 3
ip-0A230414:25187:25839 [3] NCCL INFO Sharp rank 5/16 initialized on mlx5_ib3:1

ip-0A230414:25187:25839 [3] sharp_plugin.c:288 NCCL WARN NET/IB :SHARP coll init error: Cannot create SHArP job(-11)

ip-0A230414:25187:25839 [3] NCCL INFO include/coll_net.h:21 -> 3
ip-0A230417:61890:62534 [3] NCCL INFO Sharp rank 6/16 initialized on mlx5_ib3:1

ip-0A230417:61890:62534 [3] sharp_plugin.c:288 NCCL WARN NET/IB :SHARP coll init error: Cannot create SHArP job(-11)

ip-0A230417:61890:62534 [3] NCCL INFO include/coll_net.h:21 -> 3
ip-0A23041D:27117:27766 [3] NCCL INFO Sharp rank 10/16 initialized on mlx5_ib3:1

ip-0A23041D:27117:27766 [3] sharp_plugin.c:288 NCCL WARN NET/IB :SHARP coll init error: Cannot create SHArP job(-11)

ip-0A23041D:27117:27766 [3] NCCL INFO include/coll_net.h:21 -> 3
ip-0A23040F:88076:88715 [3] NCCL INFO Sharp rank 1/16 initialized on mlx5_ib3:1

ip-0A23040F:88076:88715 [3] sharp_plugin.c:288 NCCL WARN NET/IB :SHARP coll init error: Cannot create SHArP job(-11)

ip-0A23040F:88076:88715 [3] NCCL INFO include/coll_net.h:21 -> 3
ip-0A230405:23974:24605 [3] NCCL INFO transport.cc:222 -> 2

ip-0A230405:23974:24605 [3] transport.cc:253 NCCL WARN Cannot initialize CollNet, using point-to-point network instead
ip-0A230406:9405:10048 [3] NCCL INFO transport.cc:222 -> 2

ip-0A230406:9405:10048 [3] transport.cc:253 NCCL WARN Cannot initialize CollNet, using point-to-point network instead
ip-0A230406:9405:10048 [3] NCCL INFO init.cc:765 -> 2
ip-0A23040E:71768:72422 [3] NCCL INFO transport.cc:222 -> 2

ip-0A23040E:71768:72422 [3] transport.cc:253 NCCL WARN Cannot initialize CollNet, using point-to-point network instead
ip-0A23040E:71768:72422 [3] NCCL INFO init.cc:765 -> 2
ip-0A23040E:71768:72422 [3] NCCL INFO threadThresholds 8/8/64 | 128/8/64 | 8/8/512
ip-0A23040E:71768:72422 [3] NCCL INFO 2 coll channels, 2 p2p channels, 2 p2p channels per peer
ip-0A230405:23974:24605 [3] NCCL INFO init.cc:765 -> 2
ip-0A230406:9405:10048 [3] NCCL INFO threadThresholds 8/8/64 | 128/8/64 | 8/8/512
ip-0A230410:59463:60105 [3] NCCL INFO transport.cc:222 -> 2

ip-0A230410:59463:60105 [3] transport.cc:253 NCCL WARN Cannot initialize CollNet, using point-to-point network instead
ip-0A230410:59463:60105 [3] NCCL INFO init.cc:765 -> 2
ip-0A23040B:45330:45977 [3] NCCL INFO transport.cc:222 -> 2

ip-0A23040B:45330:45977 [3] transport.cc:253 NCCL WARN Cannot initialize CollNet, using point-to-point network instead
ip-0A23040B:45330:45977 [3] NCCL INFO init.cc:765 -> 2
ip-0A23040B:45330:45977 [3] NCCL INFO threadThresholds 8/8/64 | 128/8/64 | 8/8/512
ip-0A230407:61723:62361 [3] NCCL INFO transport.cc:222 -> 2

ip-0A230407:61723:62361 [3] transport.cc:253 NCCL WARN Cannot initialize CollNet, using point-to-point network instead
ip-0A230407:61723:62361 [3] NCCL INFO init.cc:765 -> 2
ip-0A230405:23974:24605 [3] NCCL INFO threadThresholds 8/8/64 | 128/8/64 | 8/8/512
ip-0A23041A:21467:22099 [3] NCCL INFO transport.cc:222 -> 2

ip-0A23041A:21467:22099 [3] transport.cc:253 NCCL WARN Cannot initialize CollNet, using point-to-point network instead
ip-0A23041A:21467:22099 [3] NCCL INFO init.cc:765 -> 2
ip-0A230406:9405:10048 [3] NCCL INFO 2 coll channels, 2 p2p channels, 2 p2p channels per peer
ip-0A230410:59463:60105 [3] NCCL INFO threadThresholds 8/8/64 | 128/8/64 | 8/8/512
ip-0A23040C:70247:70882 [3] NCCL INFO transport.cc:222 -> 2

ip-0A23040C:70247:70882 [3] transport.cc:253 NCCL WARN Cannot initialize CollNet, using point-to-point network instead
ip-0A23040C:70247:70882 [3] NCCL INFO init.cc:765 -> 2
ip-0A230413:72595:73236 [3] NCCL INFO Sharp rank 4/16 initialized on mlx5_ib3:1

ip-0A230413:72595:73236 [3] sharp_plugin.c:288 NCCL WARN NET/IB :SHARP coll init error: Cannot create SHArP job(-11)

ip-0A230413:72595:73236 [3] NCCL INFO include/coll_net.h:21 -> 3
ip-0A230408:70955:71590 [3] NCCL INFO transport.cc:222 -> 2

ip-0A230408:70955:71590 [3] transport.cc:253 NCCL WARN Cannot initialize CollNet, using point-to-point network instead
ip-0A230408:70955:71590 [3] NCCL INFO init.cc:765 -> 2
ip-0A23040B:45330:45977 [3] NCCL INFO 2 coll channels, 2 p2p channels, 2 p2p channels per peer
ip-0A230412:28879:29515 [3] NCCL INFO transport.cc:222 -> 2

ip-0A230412:28879:29515 [3] transport.cc:253 NCCL WARN Cannot initialize CollNet, using point-to-point network instead
ip-0A230407:61723:62361 [3] NCCL INFO threadThresholds 8/8/64 | 128/8/64 | 8/8/512
ip-0A230407:61723:62361 [3] NCCL INFO 2 coll channels, 2 p2p channels, 2 p2p channels per peer
ip-0A230405:23974:24605 [3] NCCL INFO 2 coll channels, 2 p2p channels, 2 p2p channels per peer
ip-0A23041A:21467:22099 [3] NCCL INFO threadThresholds 8/8/64 | 128/8/64 | 8/8/512
ip-0A23041A:21467:22099 [3] NCCL INFO 2 coll channels, 2 p2p channels, 2 p2p channels per peer
ip-0A230410:59463:60105 [3] NCCL INFO 2 coll channels, 2 p2p channels, 2 p2p channels per peer
ip-0A23040C:70247:70882 [3] NCCL INFO threadThresholds 8/8/64 | 128/8/64 | 8/8/512
ip-0A23040C:70247:70882 [3] NCCL INFO 2 coll channels, 2 p2p channels, 2 p2p channels per peer
ip-0A230408:70955:71590 [3] NCCL INFO threadThresholds 8/8/64 | 128/8/64 | 8/8/512
ip-0A230408:70955:71590 [3] NCCL INFO 2 coll channels, 2 p2p channels, 2 p2p channels per peer
ip-0A230412:28879:29515 [3] NCCL INFO init.cc:765 -> 2
ip-0A230412:28879:29515 [3] NCCL INFO threadThresholds 8/8/64 | 128/8/64 | 8/8/512
ip-0A230412:28879:29515 [3] NCCL INFO 2 coll channels, 2 p2p channels, 2 p2p channels per peer
ip-0A23041D:27117:27765 [3] NCCL INFO transport.cc:222 -> 2

ip-0A23041D:27117:27765 [3] transport.cc:253 NCCL WARN Cannot initialize CollNet, using point-to-point network instead
ip-0A23041D:27117:27765 [3] NCCL INFO init.cc:765 -> 2
ip-0A23041D:27117:27765 [3] NCCL INFO threadThresholds 8/8/64 | 128/8/64 | 8/8/512
ip-0A23041D:27117:27765 [3] NCCL INFO 2 coll channels, 2 p2p channels, 2 p2p channels per peer
ip-0A230414:25187:25838 [3] NCCL INFO transport.cc:222 -> 2

ip-0A230414:25187:25838 [3] transport.cc:253 NCCL WARN Cannot initialize CollNet, using point-to-point network instead
ip-0A230414:25187:25838 [3] NCCL INFO init.cc:765 -> 2
ip-0A230414:25187:25838 [3] NCCL INFO threadThresholds 8/8/64 | 128/8/64 | 8/8/512
ip-0A230414:25187:25838 [3] NCCL INFO 2 coll channels, 2 p2p channels, 2 p2p channels per peer
ip-0A23040F:88076:88714 [3] NCCL INFO transport.cc:222 -> 2

ip-0A23040F:88076:88714 [3] transport.cc:253 NCCL WARN Cannot initialize CollNet, using point-to-point network instead
ip-0A23040F:88076:88714 [3] NCCL INFO init.cc:765 -> 2
ip-0A23040F:88076:88714 [3] NCCL INFO threadThresholds 8/8/64 | 128/8/64 | 8/8/512
ip-0A23040F:88076:88714 [3] NCCL INFO 2 coll channels, 2 p2p channels, 2 p2p channels per peer
ip-0A230417:61890:62533 [3] NCCL INFO transport.cc:222 -> 2

ip-0A230417:61890:62533 [3] transport.cc:253 NCCL WARN Cannot initialize CollNet, using point-to-point network instead
ip-0A230417:61890:62533 [3] NCCL INFO init.cc:765 -> 2
ip-0A230417:61890:62533 [3] NCCL INFO threadThresholds 8/8/64 | 128/8/64 | 8/8/512
ip-0A230417:61890:62533 [3] NCCL INFO 2 coll channels, 2 p2p channels, 2 p2p channels per peer
ip-0A230413:72595:73235 [3] NCCL INFO transport.cc:222 -> 2

ip-0A230413:72595:73235 [3] transport.cc:253 NCCL WARN Cannot initialize CollNet, using point-to-point network instead
ip-0A230413:72595:73235 [3] NCCL INFO init.cc:765 -> 2
ip-0A230413:72595:73235 [3] NCCL INFO threadThresholds 8/8/64 | 128/8/64 | 8/8/512
ip-0A230413:72595:73235 [3] NCCL INFO 2 coll channels, 2 p2p channels, 2 p2p channels per peer
ip-0A230405:23974:24605 [3] NCCL INFO comm 0x1519cc008fb0 rank 11 nranks 16 cudaDev 3 busId 400000 - Init COMPLETE
ip-0A23040B:45330:45977 [3] NCCL INFO comm 0x14be48008fb0 rank 13 nranks 16 cudaDev 3 busId 400000 - Init COMPLETE
ip-0A23041D:27117:27765 [3] NCCL INFO comm 0x1543dc008fb0 rank 10 nranks 16 cudaDev 3 busId 400000 - Init COMPLETE
ip-0A23040F:88076:88714 [3] NCCL INFO comm 0x14cab8008fb0 rank 1 nranks 16 cudaDev 3 busId 400000 - Init COMPLETE
ip-0A23040E:71768:72422 [3] NCCL INFO comm 0x14d4e0008fb0 rank 14 nranks 16 cudaDev 3 busId 400000 - Init COMPLETE
ip-0A23041A:21467:22099 [3] NCCL INFO comm 0x1495e4008fb0 rank 9 nranks 16 cudaDev 3 busId 400000 - Init COMPLETE
ip-0A230414:25187:25838 [3] NCCL INFO comm 0x14f048008fb0 rank 5 nranks 16 cudaDev 3 busId 400000 - Init COMPLETE
ip-0A230417:61890:62533 [3] NCCL INFO comm 0x150c10008fb0 rank 6 nranks 16 cudaDev 3 busId 400000 - Init COMPLETE
ip-0A230410:59463:60105 [3] NCCL INFO comm 0x152ba0008fb0 rank 2 nranks 16 cudaDev 3 busId 400000 - Init COMPLETE
ip-0A230412:28879:29515 [3] NCCL INFO comm 0x14eb4c008fb0 rank 3 nranks 16 cudaDev 3 busId 400000 - Init COMPLETE
ip-0A230408:70955:71590 [3] NCCL INFO comm 0x14a820008fb0 rank 8 nranks 16 cudaDev 3 busId 400000 - Init COMPLETE
ip-0A230407:61723:62361 [3] NCCL INFO comm 0x146544008fb0 rank 12 nranks 16 cudaDev 3 busId 400000 - Init COMPLETE
ip-0A230413:72595:73235 [3] NCCL INFO comm 0x14e8b8008fb0 rank 4 nranks 16 cudaDev 3 busId 400000 - Init COMPLETE
ip-0A230406:9405:10048 [3] NCCL INFO comm 0x153718008fb0 rank 7 nranks 16 cudaDev 3 busId 400000 - Init COMPLETE
ip-0A23040C:70247:70882 [3] NCCL INFO comm 0x1520b8008fb0 rank 15 nranks 16 cudaDev 3 busId 400000 - Init COMPLETE
ip-0A23040D:34279:34912 [3] NCCL INFO Sharp rank 0/16 initialized on mlx5_ib3:1

ip-0A23040D:34279:34912 [3] sharp_plugin.c:288 NCCL WARN NET/IB :SHARP coll init error: Cannot create SHArP job(-11)

ip-0A23040D:34279:34912 [3] NCCL INFO include/coll_net.h:21 -> 3
ip-0A23040D:34279:34911 [3] NCCL INFO transport.cc:222 -> 2

ip-0A23040D:34279:34911 [3] transport.cc:253 NCCL WARN Cannot initialize CollNet, using point-to-point network instead
ip-0A23040D:34279:34911 [3] NCCL INFO init.cc:765 -> 2
ip-0A23040D:34279:34911 [3] NCCL INFO threadThresholds 8/8/64 | 128/8/64 | 8/8/512
ip-0A23040D:34279:34911 [3] NCCL INFO 2 coll channels, 2 p2p channels, 2 p2p channels per peer
ip-0A23040D:34279:34911 [3] NCCL INFO comm 0x149098008fb0 rank 0 nranks 16 cudaDev 3 busId 400000 - Init COMPLETE
ip-0A23040D:34279:34279 [3] NCCL INFO Launch mode Parallel
ip-0A23040D:34254:34254 [4] NCCL INFO Bootstrap : Using eth0:10.35.4.13<0>
ip-0A23040D:34254:34254 [4] NCCL INFO NET/Plugin: Failed to find ncclNetPlugin_v5 symbol.
ip-0A23040D:34254:34254 [4] NCCL INFO NET/Plugin: Failed to find ncclCollNetPlugin_v5 symbol.
ip-0A23040D:34254:34254 [4] NCCL INFO Plugin Path : /opt/hpcx/nccl_rdma_sharp_plugin/lib/libnccl-net.so
ip-0A23040D:34254:34254 [4] NCCL INFO P2P plugin IBext
ip-0A23040D:34254:34254 [4] NCCL INFO NCCL_IB_PCI_RELAXED_ORDERING set by environment to 1.
ip-0A23040D:34254:34254 [4] NCCL INFO NET/IB : Using [0]mlx5_ib0:1/IB/SHARP [1]mlx5_ib1:1/IB/SHARP [2]mlx5_ib2:1/IB/SHARP [3]mlx5_ib3:1/IB/SHARP [4]mlx5_ib4:1/IB/SHARP [5]mlx5_ib5:1/IB/SHARP [6]mlx5_ib6:1/IB/SHARP [7]mlx5_ib7:1/IB/SHARP ; OOB eth0:10.35.4.13<0>
ip-0A23040D:34254:34254 [4] NCCL INFO Using network IBext
NCCL version 2.12.10+cuda11.6
ip-0A230408:70954:70954 [4] NCCL INFO Bootstrap : Using eth0:10.35.4.8<0>
ip-0A230410:59464:59464 [4] NCCL INFO Bootstrap : Using eth0:10.35.4.16<0>
ip-0A230405:23964:23964 [4] NCCL INFO Bootstrap : Using eth0:10.35.4.5<0>
ip-0A230407:61722:61722 [4] NCCL INFO Bootstrap : Using eth0:10.35.4.7<0>
ip-0A23040C:70249:70249 [4] NCCL INFO Bootstrap : Using eth0:10.35.4.12<0>
ip-0A23040F:88074:88074 [4] NCCL INFO Bootstrap : Using eth0:10.35.4.15<0>
ip-0A230412:28873:28873 [4] NCCL INFO Bootstrap : Using eth0:10.35.4.18<0>
ip-0A230417:61893:61893 [4] NCCL INFO Bootstrap : Using eth0:10.35.4.23<0>
ip-0A230414:25185:25185 [4] NCCL INFO Bootstrap : Using eth0:10.35.4.20<0>
ip-0A23041A:21446:21446 [4] NCCL INFO Bootstrap : Using eth0:10.35.4.26<0>
ip-0A230413:72597:72597 [4] NCCL INFO Bootstrap : Using eth0:10.35.4.19<0>
ip-0A230406:9430:9430 [4] NCCL INFO Bootstrap : Using eth0:10.35.4.6<0>
ip-0A23041D:27115:27115 [4] NCCL INFO Bootstrap : Using eth0:10.35.4.29<0>
ip-0A23040B:45337:45337 [4] NCCL INFO Bootstrap : Using eth0:10.35.4.11<0>
ip-0A23040E:71772:71772 [4] NCCL INFO Bootstrap : Using eth0:10.35.4.14<0>
ip-0A23040C:70249:70249 [4] NCCL INFO NET/Plugin: Failed to find ncclNetPlugin_v5 symbol.
ip-0A23040C:70249:70249 [4] NCCL INFO NET/Plugin: Failed to find ncclCollNetPlugin_v5 symbol.
ip-0A23040C:70249:70249 [4] NCCL INFO Plugin Path : /opt/hpcx/nccl_rdma_sharp_plugin/lib/libnccl-net.so
ip-0A23040C:70249:70249 [4] NCCL INFO P2P plugin IBext
ip-0A23040C:70249:70249 [4] NCCL INFO NCCL_IB_PCI_RELAXED_ORDERING set by environment to 1.
ip-0A230412:28873:28873 [4] NCCL INFO NET/Plugin: Failed to find ncclNetPlugin_v5 symbol.
ip-0A230412:28873:28873 [4] NCCL INFO NET/Plugin: Failed to find ncclCollNetPlugin_v5 symbol.
ip-0A23041A:21446:21446 [4] NCCL INFO NET/Plugin: Failed to find ncclNetPlugin_v5 symbol.
ip-0A23041A:21446:21446 [4] NCCL INFO NET/Plugin: Failed to find ncclCollNetPlugin_v5 symbol.
ip-0A230412:28873:28873 [4] NCCL INFO Plugin Path : /opt/hpcx/nccl_rdma_sharp_plugin/lib/libnccl-net.so
ip-0A230412:28873:28873 [4] NCCL INFO P2P plugin IBext
ip-0A230412:28873:28873 [4] NCCL INFO NCCL_IB_PCI_RELAXED_ORDERING set by environment to 1.
ip-0A23041A:21446:21446 [4] NCCL INFO Plugin Path : /opt/hpcx/nccl_rdma_sharp_plugin/lib/libnccl-net.so
ip-0A23041A:21446:21446 [4] NCCL INFO P2P plugin IBext
ip-0A23041A:21446:21446 [4] NCCL INFO NCCL_IB_PCI_RELAXED_ORDERING set by environment to 1.
ip-0A230408:70954:70954 [4] NCCL INFO NET/Plugin: Failed to find ncclNetPlugin_v5 symbol.
ip-0A230408:70954:70954 [4] NCCL INFO NET/Plugin: Failed to find ncclCollNetPlugin_v5 symbol.
ip-0A230405:23964:23964 [4] NCCL INFO NET/Plugin: Failed to find ncclNetPlugin_v5 symbol.
ip-0A230405:23964:23964 [4] NCCL INFO NET/Plugin: Failed to find ncclCollNetPlugin_v5 symbol.
ip-0A230408:70954:70954 [4] NCCL INFO Plugin Path : /opt/hpcx/nccl_rdma_sharp_plugin/lib/libnccl-net.so
ip-0A230408:70954:70954 [4] NCCL INFO P2P plugin IBext
ip-0A230410:59464:59464 [4] NCCL INFO NET/Plugin: Failed to find ncclNetPlugin_v5 symbol.
ip-0A230410:59464:59464 [4] NCCL INFO NET/Plugin: Failed to find ncclCollNetPlugin_v5 symbol.
ip-0A230408:70954:70954 [4] NCCL INFO NCCL_IB_PCI_RELAXED_ORDERING set by environment to 1.
ip-0A230405:23964:23964 [4] NCCL INFO Plugin Path : /opt/hpcx/nccl_rdma_sharp_plugin/lib/libnccl-net.so
ip-0A230405:23964:23964 [4] NCCL INFO P2P plugin IBext
ip-0A230405:23964:23964 [4] NCCL INFO NCCL_IB_PCI_RELAXED_ORDERING set by environment to 1.
ip-0A230410:59464:59464 [4] NCCL INFO Plugin Path : /opt/hpcx/nccl_rdma_sharp_plugin/lib/libnccl-net.so
ip-0A230410:59464:59464 [4] NCCL INFO P2P plugin IBext
ip-0A230410:59464:59464 [4] NCCL INFO NCCL_IB_PCI_RELAXED_ORDERING set by environment to 1.
ip-0A230407:61722:61722 [4] NCCL INFO NET/Plugin: Failed to find ncclNetPlugin_v5 symbol.
ip-0A230407:61722:61722 [4] NCCL INFO NET/Plugin: Failed to find ncclCollNetPlugin_v5 symbol.
ip-0A230413:72597:72597 [4] NCCL INFO NET/Plugin: Failed to find ncclNetPlugin_v5 symbol.
ip-0A230413:72597:72597 [4] NCCL INFO NET/Plugin: Failed to find ncclCollNetPlugin_v5 symbol.
ip-0A230407:61722:61722 [4] NCCL INFO Plugin Path : /opt/hpcx/nccl_rdma_sharp_plugin/lib/libnccl-net.so
ip-0A230407:61722:61722 [4] NCCL INFO P2P plugin IBext
ip-0A230407:61722:61722 [4] NCCL INFO NCCL_IB_PCI_RELAXED_ORDERING set by environment to 1.
ip-0A230413:72597:72597 [4] NCCL INFO Plugin Path : /opt/hpcx/nccl_rdma_sharp_plugin/lib/libnccl-net.so
ip-0A230413:72597:72597 [4] NCCL INFO P2P plugin IBext
ip-0A230413:72597:72597 [4] NCCL INFO NCCL_IB_PCI_RELAXED_ORDERING set by environment to 1.
ip-0A230406:9430:9430 [4] NCCL INFO NET/Plugin: Failed to find ncclNetPlugin_v5 symbol.
ip-0A230406:9430:9430 [4] NCCL INFO NET/Plugin: Failed to find ncclCollNetPlugin_v5 symbol.
ip-0A23041D:27115:27115 [4] NCCL INFO NET/Plugin: Failed to find ncclNetPlugin_v5 symbol.
ip-0A23041D:27115:27115 [4] NCCL INFO NET/Plugin: Failed to find ncclCollNetPlugin_v5 symbol.
ip-0A230406:9430:9430 [4] NCCL INFO Plugin Path : /opt/hpcx/nccl_rdma_sharp_plugin/lib/libnccl-net.so
ip-0A230406:9430:9430 [4] NCCL INFO P2P plugin IBext
ip-0A230406:9430:9430 [4] NCCL INFO NCCL_IB_PCI_RELAXED_ORDERING set by environment to 1.
ip-0A23041D:27115:27115 [4] NCCL INFO Plugin Path : /opt/hpcx/nccl_rdma_sharp_plugin/lib/libnccl-net.so
ip-0A23041D:27115:27115 [4] NCCL INFO P2P plugin IBext
ip-0A23041D:27115:27115 [4] NCCL INFO NCCL_IB_PCI_RELAXED_ORDERING set by environment to 1.
ip-0A230417:61893:61893 [4] NCCL INFO NET/Plugin: Failed to find ncclNetPlugin_v5 symbol.
ip-0A230417:61893:61893 [4] NCCL INFO NET/Plugin: Failed to find ncclCollNetPlugin_v5 symbol.
ip-0A23040F:88074:88074 [4] NCCL INFO NET/Plugin: Failed to find ncclNetPlugin_v5 symbol.
ip-0A23040F:88074:88074 [4] NCCL INFO NET/Plugin: Failed to find ncclCollNetPlugin_v5 symbol.
ip-0A230417:61893:61893 [4] NCCL INFO Plugin Path : /opt/hpcx/nccl_rdma_sharp_plugin/lib/libnccl-net.so
ip-0A230417:61893:61893 [4] NCCL INFO P2P plugin IBext
ip-0A230417:61893:61893 [4] NCCL INFO NCCL_IB_PCI_RELAXED_ORDERING set by environment to 1.
ip-0A230414:25185:25185 [4] NCCL INFO NET/Plugin: Failed to find ncclNetPlugin_v5 symbol.
ip-0A230414:25185:25185 [4] NCCL INFO NET/Plugin: Failed to find ncclCollNetPlugin_v5 symbol.
ip-0A23040B:45337:45337 [4] NCCL INFO NET/Plugin: Failed to find ncclNetPlugin_v5 symbol.
ip-0A23040B:45337:45337 [4] NCCL INFO NET/Plugin: Failed to find ncclCollNetPlugin_v5 symbol.
ip-0A230414:25185:25185 [4] NCCL INFO Plugin Path : /opt/hpcx/nccl_rdma_sharp_plugin/lib/libnccl-net.so
ip-0A230414:25185:25185 [4] NCCL INFO P2P plugin IBext
ip-0A230414:25185:25185 [4] NCCL INFO NCCL_IB_PCI_RELAXED_ORDERING set by environment to 1.
ip-0A23040B:45337:45337 [4] NCCL INFO Plugin Path : /opt/hpcx/nccl_rdma_sharp_plugin/lib/libnccl-net.so
ip-0A23040B:45337:45337 [4] NCCL INFO P2P plugin IBext
ip-0A23040B:45337:45337 [4] NCCL INFO NCCL_IB_PCI_RELAXED_ORDERING set by environment to 1.
ip-0A23040F:88074:88074 [4] NCCL INFO Plugin Path : /opt/hpcx/nccl_rdma_sharp_plugin/lib/libnccl-net.so
ip-0A23040F:88074:88074 [4] NCCL INFO P2P plugin IBext
ip-0A23040F:88074:88074 [4] NCCL INFO NCCL_IB_PCI_RELAXED_ORDERING set by environment to 1.
ip-0A23040E:71772:71772 [4] NCCL INFO NET/Plugin: Failed to find ncclNetPlugin_v5 symbol.
ip-0A23040E:71772:71772 [4] NCCL INFO NET/Plugin: Failed to find ncclCollNetPlugin_v5 symbol.
ip-0A23040E:71772:71772 [4] NCCL INFO Plugin Path : /opt/hpcx/nccl_rdma_sharp_plugin/lib/libnccl-net.so
ip-0A23040E:71772:71772 [4] NCCL INFO P2P plugin IBext
ip-0A23040E:71772:71772 [4] NCCL INFO NCCL_IB_PCI_RELAXED_ORDERING set by environment to 1.
ip-0A23041A:21446:21446 [4] NCCL INFO NET/IB : Using [0]mlx5_ib0:1/IB/SHARP [1]mlx5_ib1:1/IB/SHARP [2]mlx5_ib2:1/IB/SHARP [3]mlx5_ib3:1/IB/SHARP [4]mlx5_ib4:1/IB/SHARP [5]mlx5_ib5:1/IB/SHARP [6]mlx5_ib6:1/IB/SHARP [7]mlx5_ib7:1/IB/SHARP ; OOB eth0:10.35.4.26<0>
ip-0A23041A:21446:21446 [4] NCCL INFO Using network IBext
ip-0A230412:28873:28873 [4] NCCL INFO NET/IB : Using [0]mlx5_ib0:1/IB/SHARP [1]mlx5_ib1:1/IB/SHARP [2]mlx5_ib2:1/IB/SHARP [3]mlx5_ib3:1/IB/SHARP [4]mlx5_ib4:1/IB/SHARP [5]mlx5_ib5:1/IB/SHARP [6]mlx5_ib6:1/IB/SHARP [7]mlx5_ib7:1/IB/SHARP ; OOB eth0:10.35.4.18<0>
ip-0A230412:28873:28873 [4] NCCL INFO Using network IBext
ip-0A23040C:70249:70249 [4] NCCL INFO NET/IB : Using [0]mlx5_ib0:1/IB/SHARP [1]mlx5_ib1:1/IB/SHARP [2]mlx5_ib2:1/IB/SHARP [3]mlx5_ib3:1/IB/SHARP [4]mlx5_ib4:1/IB/SHARP [5]mlx5_ib5:1/IB/SHARP [6]mlx5_ib6:1/IB/SHARP [7]mlx5_ib7:1/IB/SHARP ; OOB eth0:10.35.4.12<0>
ip-0A23040C:70249:70249 [4] NCCL INFO Using network IBext
ip-0A230408:70954:70954 [4] NCCL INFO NET/IB : Using [0]mlx5_ib0:1/IB/SHARP [1]mlx5_ib1:1/IB/SHARP [2]mlx5_ib2:1/IB/SHARP [3]mlx5_ib3:1/IB/SHARP [4]mlx5_ib4:1/IB/SHARP [5]mlx5_ib5:1/IB/SHARP [6]mlx5_ib6:1/IB/SHARP [7]mlx5_ib7:1/IB/SHARP ; OOB eth0:10.35.4.8<0>
ip-0A230408:70954:70954 [4] NCCL INFO Using network IBext
ip-0A230407:61722:61722 [4] NCCL INFO NET/IB : Using [0]mlx5_ib0:1/IB/SHARP [1]mlx5_ib1:1/IB/SHARP [2]mlx5_ib2:1/IB/SHARP [3]mlx5_ib3:1/IB/SHARP [4]mlx5_ib4:1/IB/SHARP [5]mlx5_ib5:1/IB/SHARP [6]mlx5_ib6:1/IB/SHARP [7]mlx5_ib7:1/IB/SHARP ; OOB eth0:10.35.4.7<0>
ip-0A230407:61722:61722 [4] NCCL INFO Using network IBext
ip-0A230414:25185:25185 [4] NCCL INFO NET/IB : Using [0]mlx5_ib0:1/IB/SHARP [1]mlx5_ib1:1/IB/SHARP [2]mlx5_ib2:1/IB/SHARP [3]mlx5_ib3:1/IB/SHARP [4]mlx5_ib4:1/IB/SHARP [5]mlx5_ib5:1/IB/SHARP [6]mlx5_ib6:1/IB/SHARP [7]mlx5_ib7:1/IB/SHARP ; OOB eth0:10.35.4.20<0>
ip-0A230414:25185:25185 [4] NCCL INFO Using network IBext
ip-0A230405:23964:23964 [4] NCCL INFO NET/IB : Using [0]mlx5_ib0:1/IB/SHARP [1]mlx5_ib1:1/IB/SHARP [2]mlx5_ib2:1/IB/SHARP [3]mlx5_ib3:1/IB/SHARP [4]mlx5_ib4:1/IB/SHARP [5]mlx5_ib5:1/IB/SHARP [6]mlx5_ib6:1/IB/SHARP [7]mlx5_ib7:1/IB/SHARP ; OOB eth0:10.35.4.5<0>
ip-0A230405:23964:23964 [4] NCCL INFO Using network IBext
ip-0A230406:9430:9430 [4] NCCL INFO NET/IB : Using [0]mlx5_ib0:1/IB/SHARP [1]mlx5_ib1:1/IB/SHARP [2]mlx5_ib2:1/IB/SHARP [3]mlx5_ib3:1/IB/SHARP [4]mlx5_ib4:1/IB/SHARP [5]mlx5_ib5:1/IB/SHARP [6]mlx5_ib6:1/IB/SHARP [7]mlx5_ib7:1/IB/SHARP ; OOB eth0:10.35.4.6<0>
ip-0A230410:59464:59464 [4] NCCL INFO NET/IB : Using [0]mlx5_ib0:1/IB/SHARP [1]mlx5_ib1:1/IB/SHARP [2]mlx5_ib2:1/IB/SHARP [3]mlx5_ib3:1/IB/SHARP [4]mlx5_ib4:1/IB/SHARP [5]mlx5_ib5:1/IB/SHARP [6]mlx5_ib6:1/IB/SHARP [7]mlx5_ib7:1/IB/SHARP ; OOB eth0:10.35.4.16<0>
ip-0A230417:61893:61893 [4] NCCL INFO NET/IB : Using [0]mlx5_ib0:1/IB/SHARP [1]mlx5_ib1:1/IB/SHARP [2]mlx5_ib2:1/IB/SHARP [3]mlx5_ib3:1/IB/SHARP [4]mlx5_ib4:1/IB/SHARP [5]mlx5_ib5:1/IB/SHARP [6]mlx5_ib6:1/IB/SHARP [7]mlx5_ib7:1/IB/SHARP ; OOB eth0:10.35.4.23<0>
ip-0A230417:61893:61893 [4] NCCL INFO Using network IBext
ip-0A230406:9430:9430 [4] NCCL INFO Using network IBext
ip-0A230410:59464:59464 [4] NCCL INFO Using network IBext
ip-0A230413:72597:72597 [4] NCCL INFO NET/IB : Using [0]mlx5_ib0:1/IB/SHARP [1]mlx5_ib1:1/IB/SHARP [2]mlx5_ib2:1/IB/SHARP [3]mlx5_ib3:1/IB/SHARP [4]mlx5_ib4:1/IB/SHARP [5]mlx5_ib5:1/IB/SHARP [6]mlx5_ib6:1/IB/SHARP [7]mlx5_ib7:1/IB/SHARP ; OOB eth0:10.35.4.19<0>
ip-0A23041D:27115:27115 [4] NCCL INFO NET/IB : Using [0]mlx5_ib0:1/IB/SHARP [1]mlx5_ib1:1/IB/SHARP [2]mlx5_ib2:1/IB/SHARP [3]mlx5_ib3:1/IB/SHARP [4]mlx5_ib4:1/IB/SHARP [5]mlx5_ib5:1/IB/SHARP [6]mlx5_ib6:1/IB/SHARP [7]mlx5_ib7:1/IB/SHARP ; OOB eth0:10.35.4.29<0>
ip-0A23041D:27115:27115 [4] NCCL INFO Using network IBext
ip-0A230413:72597:72597 [4] NCCL INFO Using network IBext
ip-0A23040F:88074:88074 [4] NCCL INFO NET/IB : Using [0]mlx5_ib0:1/IB/SHARP [1]mlx5_ib1:1/IB/SHARP [2]mlx5_ib2:1/IB/SHARP [3]mlx5_ib3:1/IB/SHARP [4]mlx5_ib4:1/IB/SHARP [5]mlx5_ib5:1/IB/SHARP [6]mlx5_ib6:1/IB/SHARP [7]mlx5_ib7:1/IB/SHARP ; OOB eth0:10.35.4.15<0>
ip-0A23040F:88074:88074 [4] NCCL INFO Using network IBext
ip-0A23040B:45337:45337 [4] NCCL INFO NET/IB : Using [0]mlx5_ib0:1/IB/SHARP [1]mlx5_ib1:1/IB/SHARP [2]mlx5_ib2:1/IB/SHARP [3]mlx5_ib3:1/IB/SHARP [4]mlx5_ib4:1/IB/SHARP [5]mlx5_ib5:1/IB/SHARP [6]mlx5_ib6:1/IB/SHARP [7]mlx5_ib7:1/IB/SHARP ; OOB eth0:10.35.4.11<0>
ip-0A23040B:45337:45337 [4] NCCL INFO Using network IBext
ip-0A23040E:71772:71772 [4] NCCL INFO NET/IB : Using [0]mlx5_ib0:1/IB/SHARP [1]mlx5_ib1:1/IB/SHARP [2]mlx5_ib2:1/IB/SHARP [3]mlx5_ib3:1/IB/SHARP [4]mlx5_ib4:1/IB/SHARP [5]mlx5_ib5:1/IB/SHARP [6]mlx5_ib6:1/IB/SHARP [7]mlx5_ib7:1/IB/SHARP ; OOB eth0:10.35.4.14<0>
ip-0A23040E:71772:71772 [4] NCCL INFO Using network IBext
ip-0A23040E:71772:72435 [4] NCCL INFO NCCL_P2P_LEVEL set by environment to LOC
ip-0A23040E:71772:72435 [4] NCCL INFO PXN Disabled as plugin is v4
ip-0A23040E:71772:72435 [4] NCCL INFO NCCL_COLLNET_ENABLE set by environment to 1.
ip-0A230413:72597:73250 [4] NCCL INFO NCCL_P2P_LEVEL set by environment to LOC
ip-0A23040D:34254:34936 [4] NCCL INFO NCCL_P2P_LEVEL set by environment to LOC
ip-0A23041A:21446:22117 [4] NCCL INFO NCCL_P2P_LEVEL set by environment to LOC
ip-0A230414:25185:25851 [4] NCCL INFO NCCL_P2P_LEVEL set by environment to LOC
ip-0A23040D:34254:34936 [4] NCCL INFO PXN Disabled as plugin is v4
ip-0A230413:72597:73250 [4] NCCL INFO PXN Disabled as plugin is v4
ip-0A23041A:21446:22117 [4] NCCL INFO PXN Disabled as plugin is v4
ip-0A230412:28873:29531 [4] NCCL INFO NCCL_P2P_LEVEL set by environment to LOC
ip-0A230414:25185:25851 [4] NCCL INFO PXN Disabled as plugin is v4
ip-0A23041D:27115:27778 [4] NCCL INFO NCCL_P2P_LEVEL set by environment to LOC
ip-0A23040D:34254:34936 [4] NCCL INFO NCCL_COLLNET_ENABLE set by environment to 1.
ip-0A23040F:88074:88728 [4] NCCL INFO NCCL_P2P_LEVEL set by environment to LOC
ip-0A230413:72597:73250 [4] NCCL INFO NCCL_COLLNET_ENABLE set by environment to 1.
ip-0A230412:28873:29531 [4] NCCL INFO PXN Disabled as plugin is v4
ip-0A23041A:21446:22117 [4] NCCL INFO NCCL_COLLNET_ENABLE set by environment to 1.
ip-0A230417:61893:62558 [4] NCCL INFO NCCL_P2P_LEVEL set by environment to LOC
ip-0A23041D:27115:27778 [4] NCCL INFO PXN Disabled as plugin is v4
ip-0A230414:25185:25851 [4] NCCL INFO NCCL_COLLNET_ENABLE set by environment to 1.
ip-0A23040F:88074:88728 [4] NCCL INFO PXN Disabled as plugin is v4
ip-0A230408:70954:71606 [4] NCCL INFO NCCL_P2P_LEVEL set by environment to LOC
ip-0A230417:61893:62558 [4] NCCL INFO PXN Disabled as plugin is v4
ip-0A230410:59464:60118 [4] NCCL INFO NCCL_P2P_LEVEL set by environment to LOC
ip-0A230412:28873:29531 [4] NCCL INFO NCCL_COLLNET_ENABLE set by environment to 1.
ip-0A23041D:27115:27778 [4] NCCL INFO NCCL_COLLNET_ENABLE set by environment to 1.
ip-0A23040F:88074:88728 [4] NCCL INFO NCCL_COLLNET_ENABLE set by environment to 1.
ip-0A230408:70954:71606 [4] NCCL INFO PXN Disabled as plugin is v4
ip-0A230410:59464:60118 [4] NCCL INFO PXN Disabled as plugin is v4
ip-0A230417:61893:62558 [4] NCCL INFO NCCL_COLLNET_ENABLE set by environment to 1.
ip-0A230408:70954:71606 [4] NCCL INFO NCCL_COLLNET_ENABLE set by environment to 1.
ip-0A230410:59464:60118 [4] NCCL INFO NCCL_COLLNET_ENABLE set by environment to 1.
ip-0A230407:61722:62376 [4] NCCL INFO NCCL_P2P_LEVEL set by environment to LOC
ip-0A230407:61722:62376 [4] NCCL INFO PXN Disabled as plugin is v4
ip-0A230406:9430:10061 [4] NCCL INFO NCCL_P2P_LEVEL set by environment to LOC
ip-0A230407:61722:62376 [4] NCCL INFO NCCL_COLLNET_ENABLE set by environment to 1.
ip-0A230406:9430:10061 [4] NCCL INFO PXN Disabled as plugin is v4
ip-0A230405:23964:24629 [4] NCCL INFO NCCL_P2P_LEVEL set by environment to LOC
ip-0A230405:23964:24629 [4] NCCL INFO PXN Disabled as plugin is v4
ip-0A230406:9430:10061 [4] NCCL INFO NCCL_COLLNET_ENABLE set by environment to 1.
ip-0A23040C:70249:70895 [4] NCCL INFO NCCL_P2P_LEVEL set by environment to LOC
ip-0A23040B:45337:45990 [4] NCCL INFO NCCL_P2P_LEVEL set by environment to LOC
ip-0A230405:23964:24629 [4] NCCL INFO NCCL_COLLNET_ENABLE set by environment to 1.
ip-0A23040C:70249:70895 [4] NCCL INFO PXN Disabled as plugin is v4
ip-0A23040B:45337:45990 [4] NCCL INFO PXN Disabled as plugin is v4
ip-0A23040C:70249:70895 [4] NCCL INFO NCCL_COLLNET_ENABLE set by environment to 1.
ip-0A23040B:45337:45990 [4] NCCL INFO NCCL_COLLNET_ENABLE set by environment to 1.
ip-0A23040C:70249:70895 [4] NCCL INFO Trees [0] -1/-1/-1->15->14 [1] 7/-1/-1->15->-1
ip-0A23040D:34254:34936 [4] NCCL INFO Channel 00/02 :    0   1   2   3   4   5   6   7   8   9  10  11  12  13  14  15
ip-0A23040D:34254:34936 [4] NCCL INFO Channel 01/02 :    0   1   2   3   4   5   6   7   8   9  10  11  12  13  14  15
ip-0A23040D:34254:34936 [4] NCCL INFO Trees [0] 8/-1/-1->0->-1 [1] -1/-1/-1->0->1
ip-0A23040F:88074:88728 [4] NCCL INFO Trees [0] -1/-1/-1->1->2 [1] 2/0/-1->1->3
ip-0A230410:59464:60118 [4] NCCL INFO Trees [0] 1/3/-1->2->4 [1] -1/-1/-1->2->1
ip-0A230412:28873:29531 [4] NCCL INFO Trees [0] -1/-1/-1->3->2 [1] 5/1/-1->3->7
ip-0A230413:72597:73250 [4] NCCL INFO Trees [0] 2/6/-1->4->8 [1] -1/-1/-1->4->5
ip-0A230414:25185:25851 [4] NCCL INFO Trees [0] -1/-1/-1->5->6 [1] 6/4/-1->5->3
ip-0A230417:61893:62558 [4] NCCL INFO Trees [0] 5/7/-1->6->4 [1] -1/-1/-1->6->5
ip-0A230406:9430:10061 [4] NCCL INFO Trees [0] -1/-1/-1->7->6 [1] 11/3/-1->7->15
ip-0A230408:70954:71606 [4] NCCL INFO Trees [0] 4/12/-1->8->0 [1] -1/-1/-1->8->9
ip-0A23041A:21446:22117 [4] NCCL INFO Trees [0] -1/-1/-1->9->10 [1] 10/8/-1->9->11
ip-0A23040B:45337:45990 [4] NCCL INFO Trees [0] -1/-1/-1->13->14 [1] 14/12/-1->13->11
ip-0A23040E:71772:72435 [4] NCCL INFO Trees [0] 13/15/-1->14->12 [1] -1/-1/-1->14->13
ip-0A23041D:27115:27778 [4] NCCL INFO Trees [0] 9/11/-1->10->12 [1] -1/-1/-1->10->9
ip-0A230405:23964:24629 [4] NCCL INFO Trees [0] -1/-1/-1->11->10 [1] 13/9/-1->11->7
ip-0A230407:61722:62376 [4] NCCL INFO Trees [0] 10/14/-1->12->8 [1] -1/-1/-1->12->13
ip-0A23040C:70249:70895 [4] NCCL INFO Channel 00/0 : 14[b00000] -> 15[b00000] [receive] via NET/IBext/4
ip-0A23040F:88074:88728 [4] NCCL INFO Channel 00/0 : 0[b00000] -> 1[b00000] [receive] via NET/IBext/4
ip-0A23040C:70249:70895 [4] NCCL INFO Channel 01/0 : 14[b00000] -> 15[b00000] [receive] via NET/IBext/4
ip-0A23040C:70249:70895 [4] NCCL INFO Channel 00/0 : 15[b00000] -> 0[b00000] [send] via NET/IBext/4
ip-0A23040C:70249:70895 [4] NCCL INFO Channel 01/0 : 15[b00000] -> 0[b00000] [send] via NET/IBext/4
ip-0A23040D:34254:34936 [4] NCCL INFO Channel 00/0 : 15[b00000] -> 0[b00000] [receive] via NET/IBext/4
ip-0A23040F:88074:88728 [4] NCCL INFO Channel 01/0 : 0[b00000] -> 1[b00000] [receive] via NET/IBext/4
ip-0A23040F:88074:88728 [4] NCCL INFO Channel 00/0 : 1[b00000] -> 2[b00000] [send] via NET/IBext/4
ip-0A23040D:34254:34936 [4] NCCL INFO Channel 01/0 : 15[b00000] -> 0[b00000] [receive] via NET/IBext/4
ip-0A23040F:88074:88728 [4] NCCL INFO Channel 01/0 : 1[b00000] -> 2[b00000] [send] via NET/IBext/4
ip-0A23040D:34254:34936 [4] NCCL INFO Channel 00/0 : 0[b00000] -> 1[b00000] [send] via NET/IBext/4
ip-0A23040D:34254:34936 [4] NCCL INFO Channel 01/0 : 0[b00000] -> 1[b00000] [send] via NET/IBext/4
ip-0A230412:28873:29531 [4] NCCL INFO Channel 00/0 : 2[b00000] -> 3[b00000] [receive] via NET/IBext/4
ip-0A230413:72597:73250 [4] NCCL INFO Channel 00/0 : 3[b00000] -> 4[b00000] [receive] via NET/IBext/4
ip-0A230410:59464:60118 [4] NCCL INFO Channel 00/0 : 1[b00000] -> 2[b00000] [receive] via NET/IBext/4
ip-0A230414:25185:25851 [4] NCCL INFO Channel 00/0 : 4[b00000] -> 5[b00000] [receive] via NET/IBext/4
ip-0A230412:28873:29531 [4] NCCL INFO Channel 01/0 : 2[b00000] -> 3[b00000] [receive] via NET/IBext/4
ip-0A230412:28873:29531 [4] NCCL INFO Channel 00/0 : 3[b00000] -> 4[b00000] [send] via NET/IBext/4
ip-0A230417:61893:62558 [4] NCCL INFO Channel 00/0 : 5[b00000] -> 6[b00000] [receive] via NET/IBext/4
ip-0A230410:59464:60118 [4] NCCL INFO Channel 01/0 : 1[b00000] -> 2[b00000] [receive] via NET/IBext/4
ip-0A230413:72597:73250 [4] NCCL INFO Channel 01/0 : 3[b00000] -> 4[b00000] [receive] via NET/IBext/4
ip-0A230410:59464:60118 [4] NCCL INFO Channel 00/0 : 2[b00000] -> 3[b00000] [send] via NET/IBext/4
ip-0A230413:72597:73250 [4] NCCL INFO Channel 00/0 : 4[b00000] -> 5[b00000] [send] via NET/IBext/4
ip-0A230414:25185:25851 [4] NCCL INFO Channel 01/0 : 4[b00000] -> 5[b00000] [receive] via NET/IBext/4
ip-0A230412:28873:29531 [4] NCCL INFO Channel 01/0 : 3[b00000] -> 4[b00000] [send] via NET/IBext/4
ip-0A230414:25185:25851 [4] NCCL INFO Channel 00/0 : 5[b00000] -> 6[b00000] [send] via NET/IBext/4
ip-0A230414:25185:25851 [4] NCCL INFO Channel 01/0 : 5[b00000] -> 6[b00000] [send] via NET/IBext/4
ip-0A230417:61893:62558 [4] NCCL INFO Channel 01/0 : 5[b00000] -> 6[b00000] [receive] via NET/IBext/4
ip-0A230413:72597:73250 [4] NCCL INFO Channel 01/0 : 4[b00000] -> 5[b00000] [send] via NET/IBext/4
ip-0A230417:61893:62558 [4] NCCL INFO Channel 00/0 : 6[b00000] -> 7[b00000] [send] via NET/IBext/4
ip-0A230406:9430:10061 [4] NCCL INFO Channel 00/0 : 6[b00000] -> 7[b00000] [receive] via NET/IBext/4
ip-0A230417:61893:62558 [4] NCCL INFO Channel 01/0 : 6[b00000] -> 7[b00000] [send] via NET/IBext/4
ip-0A23041A:21446:22117 [4] NCCL INFO Channel 00/0 : 8[b00000] -> 9[b00000] [receive] via NET/IBext/4
ip-0A23040B:45337:45990 [4] NCCL INFO Channel 00/0 : 12[b00000] -> 13[b00000] [receive] via NET/IBext/4
ip-0A230408:70954:71606 [4] NCCL INFO Channel 00/0 : 7[b00000] -> 8[b00000] [receive] via NET/IBext/4
ip-0A230406:9430:10061 [4] NCCL INFO Channel 01/0 : 6[b00000] -> 7[b00000] [receive] via NET/IBext/4
ip-0A230410:59464:60118 [4] NCCL INFO Channel 01/0 : 2[b00000] -> 3[b00000] [send] via NET/IBext/4
ip-0A230406:9430:10061 [4] NCCL INFO Channel 00/0 : 7[b00000] -> 8[b00000] [send] via NET/IBext/4
ip-0A23040E:71772:72435 [4] NCCL INFO Channel 00/0 : 13[b00000] -> 14[b00000] [receive] via NET/IBext/4
ip-0A23040B:45337:45990 [4] NCCL INFO Channel 01/0 : 12[b00000] -> 13[b00000] [receive] via NET/IBext/4
ip-0A230405:23964:24629 [4] NCCL INFO Channel 00/0 : 10[b00000] -> 11[b00000] [receive] via NET/IBext/4
ip-0A23041A:21446:22117 [4] NCCL INFO Channel 01/0 : 8[b00000] -> 9[b00000] [receive] via NET/IBext/4
ip-0A230408:70954:71606 [4] NCCL INFO Channel 01/0 : 7[b00000] -> 8[b00000] [receive] via NET/IBext/4
ip-0A23040B:45337:45990 [4] NCCL INFO Channel 00/0 : 13[b00000] -> 14[b00000] [send] via NET/IBext/4
ip-0A23041A:21446:22117 [4] NCCL INFO Channel 00/0 : 9[b00000] -> 10[b00000] [send] via NET/IBext/4
ip-0A230406:9430:10061 [4] NCCL INFO Channel 01/0 : 7[b00000] -> 8[b00000] [send] via NET/IBext/4
ip-0A230408:70954:71606 [4] NCCL INFO Channel 00/0 : 8[b00000] -> 9[b00000] [send] via NET/IBext/4
ip-0A23040B:45337:45990 [4] NCCL INFO Channel 01/0 : 13[b00000] -> 14[b00000] [send] via NET/IBext/4
ip-0A23041A:21446:22117 [4] NCCL INFO Channel 01/0 : 9[b00000] -> 10[b00000] [send] via NET/IBext/4
ip-0A230407:61722:62376 [4] NCCL INFO Channel 00/0 : 11[b00000] -> 12[b00000] [receive] via NET/IBext/4
ip-0A230405:23964:24629 [4] NCCL INFO Channel 01/0 : 10[b00000] -> 11[b00000] [receive] via NET/IBext/4
ip-0A230405:23964:24629 [4] NCCL INFO Channel 00/0 : 11[b00000] -> 12[b00000] [send] via NET/IBext/4
ip-0A23040E:71772:72435 [4] NCCL INFO Channel 01/0 : 13[b00000] -> 14[b00000] [receive] via NET/IBext/4
ip-0A23040E:71772:72435 [4] NCCL INFO Channel 00/0 : 14[b00000] -> 15[b00000] [send] via NET/IBext/4
ip-0A23041D:27115:27778 [4] NCCL INFO Channel 00/0 : 9[b00000] -> 10[b00000] [receive] via NET/IBext/4
ip-0A230408:70954:71606 [4] NCCL INFO Channel 01/0 : 8[b00000] -> 9[b00000] [send] via NET/IBext/4
ip-0A230407:61722:62376 [4] NCCL INFO Channel 01/0 : 11[b00000] -> 12[b00000] [receive] via NET/IBext/4
ip-0A230407:61722:62376 [4] NCCL INFO Channel 00/0 : 12[b00000] -> 13[b00000] [send] via NET/IBext/4
ip-0A230405:23964:24629 [4] NCCL INFO Channel 01/0 : 11[b00000] -> 12[b00000] [send] via NET/IBext/4
ip-0A23040E:71772:72435 [4] NCCL INFO Channel 01/0 : 14[b00000] -> 15[b00000] [send] via NET/IBext/4
ip-0A23041D:27115:27778 [4] NCCL INFO Channel 01/0 : 9[b00000] -> 10[b00000] [receive] via NET/IBext/4
ip-0A230407:61722:62376 [4] NCCL INFO Channel 01/0 : 12[b00000] -> 13[b00000] [send] via NET/IBext/4
ip-0A23041D:27115:27778 [4] NCCL INFO Channel 00/0 : 10[b00000] -> 11[b00000] [send] via NET/IBext/4
ip-0A23041D:27115:27778 [4] NCCL INFO Channel 01/0 : 10[b00000] -> 11[b00000] [send] via NET/IBext/4
ip-0A23040F:88074:88728 [4] NCCL INFO Connected all rings
ip-0A230417:61893:62558 [4] NCCL INFO Connected all rings
ip-0A230413:72597:73250 [4] NCCL INFO Connected all rings
ip-0A23040D:34254:34936 [4] NCCL INFO Connected all rings
ip-0A230410:59464:60118 [4] NCCL INFO Connected all rings
ip-0A230408:70954:71606 [4] NCCL INFO Connected all rings
ip-0A230414:25185:25851 [4] NCCL INFO Connected all rings
ip-0A23040C:70249:70895 [4] NCCL INFO Connected all rings
ip-0A230412:28873:29531 [4] NCCL INFO Connected all rings
ip-0A23040B:45337:45990 [4] NCCL INFO Connected all rings
ip-0A230407:61722:62376 [4] NCCL INFO Connected all rings
ip-0A230406:9430:10061 [4] NCCL INFO Connected all rings
ip-0A230405:23964:24629 [4] NCCL INFO Connected all rings
ip-0A23041D:27115:27778 [4] NCCL INFO Connected all rings
ip-0A23040E:71772:72435 [4] NCCL INFO Connected all rings
ip-0A23041A:21446:22117 [4] NCCL INFO Connected all rings
ip-0A230408:70954:71606 [4] NCCL INFO Channel 00/0 : 4[b00000] -> 8[b00000] [receive] via NET/IBext/4
ip-0A230410:59464:60118 [4] NCCL INFO Channel 00/0 : 2[b00000] -> 4[b00000] [send] via NET/IBext/4
ip-0A230408:70954:71606 [4] NCCL INFO Channel 00/0 : 8[b00000] -> 12[b00000] [send] via NET/IBext/4
ip-0A230413:72597:73250 [4] NCCL INFO Channel 00/0 : 2[b00000] -> 4[b00000] [receive] via NET/IBext/4
ip-0A230413:72597:73250 [4] NCCL INFO Channel 00/0 : 4[b00000] -> 6[b00000] [send] via NET/IBext/4
ip-0A23041D:27115:27778 [4] NCCL INFO Channel 00/0 : 10[b00000] -> 12[b00000] [send] via NET/IBext/4
ip-0A230406:9430:10061 [4] NCCL INFO Channel 01/0 : 3[b00000] -> 7[b00000] [receive] via NET/IBext/4
ip-0A230406:9430:10061 [4] NCCL INFO Channel 01/0 : 7[b00000] -> 11[b00000] [send] via NET/IBext/4
ip-0A230417:61893:62558 [4] NCCL INFO Channel 00/0 : 4[b00000] -> 6[b00000] [receive] via NET/IBext/4
ip-0A23040F:88074:88728 [4] NCCL INFO Channel 01/0 : 1[b00000] -> 3[b00000] [send] via NET/IBext/4
ip-0A230414:25185:25851 [4] NCCL INFO Channel 01/0 : 3[b00000] -> 5[b00000] [receive] via NET/IBext/4
ip-0A23040B:45337:45990 [4] NCCL INFO Channel 01/0 : 11[b00000] -> 13[b00000] [receive] via NET/IBext/4
ip-0A23040C:70249:70895 [4] NCCL INFO Channel 01/0 : 7[b00000] -> 15[b00000] [receive] via NET/IBext/4
ip-0A23040C:70249:70895 [4] NCCL INFO Channel 01/0 : 15[b00000] -> 7[b00000] [send] via NET/IBext/4
ip-0A23040D:34254:34936 [4] NCCL INFO Channel 00/0 : 8[b00000] -> 0[b00000] [receive] via NET/IBext/4
ip-0A23040D:34254:34936 [4] NCCL INFO Channel 00/0 : 0[b00000] -> 8[b00000] [send] via NET/IBext/4
ip-0A230412:28873:29531 [4] NCCL INFO Channel 01/0 : 1[b00000] -> 3[b00000] [receive] via NET/IBext/4
ip-0A23041A:21446:22117 [4] NCCL INFO Channel 01/0 : 9[b00000] -> 11[b00000] [send] via NET/IBext/4
ip-0A23040E:71772:72435 [4] NCCL INFO Channel 00/0 : 12[b00000] -> 14[b00000] [receive] via NET/IBext/4
ip-0A230412:28873:29531 [4] NCCL INFO Channel 01/0 : 3[b00000] -> 5[b00000] [send] via NET/IBext/4
ip-0A230405:23964:24629 [4] NCCL INFO Channel 01/0 : 9[b00000] -> 11[b00000] [receive] via NET/IBext/4
ip-0A230405:23964:24629 [4] NCCL INFO Channel 01/0 : 11[b00000] -> 13[b00000] [send] via NET/IBext/4
ip-0A230410:59464:60118 [4] NCCL INFO Channel 00/0 : 4[b00000] -> 2[b00000] [receive] via NET/IBext/4
ip-0A230407:61722:62376 [4] NCCL INFO Channel 00/0 : 10[b00000] -> 12[b00000] [receive] via NET/IBext/4
ip-0A230407:61722:62376 [4] NCCL INFO Channel 00/0 : 12[b00000] -> 14[b00000] [send] via NET/IBext/4
ip-0A23040F:88074:88728 [4] NCCL INFO Channel 01/0 : 3[b00000] -> 1[b00000] [receive] via NET/IBext/4
ip-0A230417:61893:62558 [4] NCCL INFO Channel 00/0 : 6[b00000] -> 4[b00000] [send] via NET/IBext/4
ip-0A23041A:21446:22117 [4] NCCL INFO Channel 01/0 : 11[b00000] -> 9[b00000] [receive] via NET/IBext/4
ip-0A230414:25185:25851 [4] NCCL INFO Channel 01/0 : 5[b00000] -> 3[b00000] [send] via NET/IBext/4
ip-0A23040B:45337:45990 [4] NCCL INFO Channel 01/0 : 13[b00000] -> 11[b00000] [send] via NET/IBext/4
ip-0A23041D:27115:27778 [4] NCCL INFO Channel 00/0 : 12[b00000] -> 10[b00000] [receive] via NET/IBext/4
ip-0A23040E:71772:72435 [4] NCCL INFO Channel 00/0 : 14[b00000] -> 12[b00000] [send] via NET/IBext/4
ip-0A230413:72597:73250 [4] NCCL INFO Channel 00/0 : 4[b00000] -> 8[b00000] [send] via NET/IBext/4
ip-0A230412:28873:29531 [4] NCCL INFO Channel 01/0 : 3[b00000] -> 7[b00000] [send] via NET/IBext/4
ip-0A230405:23964:24629 [4] NCCL INFO Channel 01/0 : 7[b00000] -> 11[b00000] [receive] via NET/IBext/4
ip-0A230413:72597:73250 [4] NCCL INFO Channel 00/0 : 8[b00000] -> 4[b00000] [receive] via NET/IBext/4
ip-0A230407:61722:62376 [4] NCCL INFO Channel 00/0 : 8[b00000] -> 12[b00000] [receive] via NET/IBext/4
ip-0A230412:28873:29531 [4] NCCL INFO Channel 01/0 : 7[b00000] -> 3[b00000] [receive] via NET/IBext/4
ip-0A230405:23964:24629 [4] NCCL INFO Channel 01/0 : 11[b00000] -> 7[b00000] [send] via NET/IBext/4
ip-0A230407:61722:62376 [4] NCCL INFO Channel 00/0 : 12[b00000] -> 8[b00000] [send] via NET/IBext/4
ip-0A230406:9430:10061 [4] NCCL INFO Channel 01/0 : 15[b00000] -> 7[b00000] [receive] via NET/IBext/4
ip-0A230406:9430:10061 [4] NCCL INFO Channel 01/0 : 7[b00000] -> 15[b00000] [send] via NET/IBext/4
ip-0A230408:70954:71606 [4] NCCL INFO Channel 00/0 : 0[b00000] -> 8[b00000] [receive] via NET/IBext/4
ip-0A230408:70954:71606 [4] NCCL INFO Channel 00/0 : 8[b00000] -> 0[b00000] [send] via NET/IBext/4
ip-0A23040C:70249:70895 [4] NCCL INFO Channel 00/0 : 15[b00000] -> 14[b00000] [send] via NET/IBext/4
ip-0A230406:9430:10061 [4] NCCL INFO Channel 01/0 : 11[b00000] -> 7[b00000] [receive] via NET/IBext/4
ip-0A230406:9430:10061 [4] NCCL INFO Channel 01/0 : 7[b00000] -> 3[b00000] [send] via NET/IBext/4
ip-0A23040D:34254:34936 [4] NCCL INFO Channel 01/0 : 1[b00000] -> 0[b00000] [receive] via NET/IBext/4
ip-0A230408:70954:71606 [4] NCCL INFO Channel 00/0 : 12[b00000] -> 8[b00000] [receive] via NET/IBext/4
ip-0A230408:70954:71606 [4] NCCL INFO Channel 00/0 : 8[b00000] -> 4[b00000] [send] via NET/IBext/4
ip-0A230412:28873:29531 [4] NCCL INFO Channel 01/0 : 5[b00000] -> 3[b00000] [receive] via NET/IBext/4
ip-0A230412:28873:29531 [4] NCCL INFO Channel 01/0 : 3[b00000] -> 1[b00000] [send] via NET/IBext/4
ip-0A230405:23964:24629 [4] NCCL INFO Channel 01/0 : 13[b00000] -> 11[b00000] [receive] via NET/IBext/4
ip-0A230405:23964:24629 [4] NCCL INFO Channel 01/0 : 11[b00000] -> 9[b00000] [send] via NET/IBext/4
ip-0A230407:61722:62376 [4] NCCL INFO Channel 00/0 : 14[b00000] -> 12[b00000] [receive] via NET/IBext/4
ip-0A230407:61722:62376 [4] NCCL INFO Channel 00/0 : 12[b00000] -> 10[b00000] [send] via NET/IBext/4
ip-0A230406:9430:10061 [4] NCCL INFO Channel 00/0 : 7[b00000] -> 6[b00000] [send] via NET/IBext/4
ip-0A230408:70954:71606 [4] NCCL INFO Channel 01/0 : 9[b00000] -> 8[b00000] [receive] via NET/IBext/4
ip-0A230413:72597:73250 [4] NCCL INFO Channel 00/0 : 6[b00000] -> 4[b00000] [receive] via NET/IBext/4
ip-0A230413:72597:73250 [4] NCCL INFO Channel 00/0 : 4[b00000] -> 2[b00000] [send] via NET/IBext/4
ip-0A23040F:88074:88728 [4] NCCL INFO Channel 00/0 : 2[b00000] -> 1[b00000] [receive] via NET/IBext/4
ip-0A23040B:45337:45990 [4] NCCL INFO Channel 00/0 : 14[b00000] -> 13[b00000] [receive] via NET/IBext/4
ip-0A23040F:88074:88728 [4] NCCL INFO Channel 01/0 : 2[b00000] -> 1[b00000] [receive] via NET/IBext/4
ip-0A23040F:88074:88728 [4] NCCL INFO Channel 01/0 : 1[b00000] -> 0[b00000] [send] via NET/IBext/4
ip-0A230414:25185:25851 [4] NCCL INFO Channel 00/0 : 6[b00000] -> 5[b00000] [receive] via NET/IBext/4
ip-0A230414:25185:25851 [4] NCCL INFO Channel 01/0 : 6[b00000] -> 5[b00000] [receive] via NET/IBext/4
ip-0A23040B:45337:45990 [4] NCCL INFO Channel 01/0 : 14[b00000] -> 13[b00000] [receive] via NET/IBext/4
ip-0A230414:25185:25851 [4] NCCL INFO Channel 01/0 : 5[b00000] -> 4[b00000] [send] via NET/IBext/4
ip-0A23040B:45337:45990 [4] NCCL INFO Channel 01/0 : 13[b00000] -> 12[b00000] [send] via NET/IBext/4
ip-0A23041A:21446:22117 [4] NCCL INFO Channel 00/0 : 10[b00000] -> 9[b00000] [receive] via NET/IBext/4
ip-0A23041A:21446:22117 [4] NCCL INFO Channel 01/0 : 10[b00000] -> 9[b00000] [receive] via NET/IBext/4
ip-0A23041A:21446:22117 [4] NCCL INFO Channel 01/0 : 9[b00000] -> 8[b00000] [send] via NET/IBext/4
ip-0A230412:28873:29531 [4] NCCL INFO Channel 00/0 : 3[b00000] -> 2[b00000] [send] via NET/IBext/4
ip-0A230405:23964:24629 [4] NCCL INFO Channel 00/0 : 11[b00000] -> 10[b00000] [send] via NET/IBext/4
ip-0A23041D:27115:27778 [4] NCCL INFO Channel 00/0 : 11[b00000] -> 10[b00000] [receive] via NET/IBext/4
ip-0A23041D:27115:27778 [4] NCCL INFO Channel 00/0 : 10[b00000] -> 9[b00000] [send] via NET/IBext/4
ip-0A23041D:27115:27778 [4] NCCL INFO Channel 01/0 : 10[b00000] -> 9[b00000] [send] via NET/IBext/4
ip-0A23040E:71772:72435 [4] NCCL INFO Channel 00/0 : 15[b00000] -> 14[b00000] [receive] via NET/IBext/4
ip-0A23040E:71772:72435 [4] NCCL INFO Channel 00/0 : 14[b00000] -> 13[b00000] [send] via NET/IBext/4
ip-0A23040E:71772:72435 [4] NCCL INFO Channel 01/0 : 14[b00000] -> 13[b00000] [send] via NET/IBext/4
ip-0A230407:61722:62376 [4] NCCL INFO Channel 01/0 : 13[b00000] -> 12[b00000] [receive] via NET/IBext/4
ip-0A230405:23964:24629 [4] NCCL INFO Connected all trees
ip-0A230405:23964:24629 [4] NCCL INFO CollNet 00 : 11 [receive] via COLLNET/SHARP/4
ip-0A230417:61893:62558 [4] NCCL INFO Channel 00/0 : 7[b00000] -> 6[b00000] [receive] via NET/IBext/4
ip-0A230417:61893:62558 [4] NCCL INFO Channel 00/0 : 6[b00000] -> 5[b00000] [send] via NET/IBext/4
ip-0A230417:61893:62558 [4] NCCL INFO Channel 01/0 : 6[b00000] -> 5[b00000] [send] via NET/IBext/4
ip-0A230408:70954:71606 [4] NCCL INFO Connected all trees
ip-0A230408:70954:71606 [4] NCCL INFO CollNet 00 : 8 [receive] via COLLNET/SHARP/4
ip-0A23040C:70249:70895 [4] NCCL INFO Connected all trees
ip-0A23040C:70249:70895 [4] NCCL INFO CollNet 00 : 15 [receive] via COLLNET/SHARP/4
ip-0A230410:59464:60118 [4] NCCL INFO Channel 00/0 : 3[b00000] -> 2[b00000] [receive] via NET/IBext/4
ip-0A230410:59464:60118 [4] NCCL INFO Channel 00/0 : 2[b00000] -> 1[b00000] [send] via NET/IBext/4
ip-0A230410:59464:60118 [4] NCCL INFO Channel 01/0 : 2[b00000] -> 1[b00000] [send] via NET/IBext/4
ip-0A230407:61722:62376 [4] NCCL INFO Connected all trees
ip-0A230407:61722:62376 [4] NCCL INFO CollNet 00 : 12 [receive] via COLLNET/SHARP/4
ip-0A230413:72597:73250 [4] NCCL INFO Channel 01/0 : 5[b00000] -> 4[b00000] [receive] via NET/IBext/4
ip-0A230406:9430:10061 [4] NCCL INFO Connected all trees
ip-0A230406:9430:10061 [4] NCCL INFO CollNet 00 : 7 [receive] via COLLNET/SHARP/4
ip-0A230412:28873:29531 [4] NCCL INFO Connected all trees
ip-0A230412:28873:29531 [4] NCCL INFO CollNet 00 : 3 [receive] via COLLNET/SHARP/4
ip-0A23041A:21446:22117 [4] NCCL INFO Connected all trees
ip-0A23040D:34254:34936 [4] NCCL INFO Connected all trees
ip-0A23040D:34254:34936 [4] NCCL INFO CollNet 00 : 0 [receive] via COLLNET/SHARP/4
ip-0A23040E:71772:72435 [4] NCCL INFO Connected all trees
ip-0A23040B:45337:45990 [4] NCCL INFO Connected all trees
ip-0A23041D:27115:27778 [4] NCCL INFO Connected all trees
ip-0A230413:72597:73250 [4] NCCL INFO Connected all trees
ip-0A230413:72597:73250 [4] NCCL INFO CollNet 00 : 4 [receive] via COLLNET/SHARP/4
ip-0A230410:59464:60118 [4] NCCL INFO Connected all trees
ip-0A23040F:88074:88728 [4] NCCL INFO Connected all trees
ip-0A230417:61893:62558 [4] NCCL INFO Connected all trees
ip-0A230414:25185:25851 [4] NCCL INFO Connected all trees
ip-0A23041A:21446:22117 [4] NCCL INFO CollNet 00 : 9 [receive] via COLLNET/SHARP/4
ip-0A23040B:45337:45990 [4] NCCL INFO CollNet 00 : 13 [receive] via COLLNET/SHARP/4
ip-0A23040E:71772:72435 [4] NCCL INFO CollNet 00 : 14 [receive] via COLLNET/SHARP/4
ip-0A23041D:27115:27778 [4] NCCL INFO CollNet 00 : 10 [receive] via COLLNET/SHARP/4
ip-0A230410:59464:60118 [4] NCCL INFO CollNet 00 : 2 [receive] via COLLNET/SHARP/4
