ip-0A230408:74463:75110 [3] NCCL INFO NCCL_SHARP_GROUP_SIZE_THRESH set by environment to 16.
[ip-0A23040D:0:38187 - context.c:584] INFO job (ID: 2524862769110446830) resource request quota: ( osts:0 user_data_per_ost:0 max_groups:0 max_qps:1 max_group_channels:1, num_trees:1)
[ip-0A23040D:0:38187 unique id 0] ERROR No Aggregation Manager (sharp_am) detected in sharp_create_job.

[ip-0A23040D:0:38187 - context.c:601] ERROR sharp_create_job failed: No Aggregation Manager (sharp_am) detected(-52)
ip-0A23040F:91549:92192 [3] NCCL INFO Sharp rank 1/16 initialized on mlx5_ib3:1

ip-0A23040F:91549:92192 [3] sharp_plugin.c:288 NCCL WARN NET/IB :SHARP coll init error: Cannot create SHArP job(-11)

ip-0A23040F:91549:92192 [3] NCCL INFO include/coll_net.h:21 -> 3
ip-0A230406:12914:13561 [3] NCCL INFO Sharp rank 7/16 initialized on mlx5_ib3:1

ip-0A230406:12914:13561 [3] sharp_plugin.c:288 NCCL WARN NET/IB :SHARP coll init error: Cannot create SHArP job(-11)

ip-0A230406:12914:13561 [3] NCCL INFO include/coll_net.h:21 -> 3
ip-0A230414:28619:29255 [3] NCCL INFO Sharp rank 5/16 initialized on mlx5_ib3:1

ip-0A230414:28619:29255 [3] sharp_plugin.c:288 NCCL WARN NET/IB :SHARP coll init error: Cannot create SHArP job(-11)

ip-0A230414:28619:29255 [3] NCCL INFO include/coll_net.h:21 -> 3
ip-0A230407:65201:65843 [3] NCCL INFO Sharp rank 12/16 initialized on mlx5_ib3:1

ip-0A230407:65201:65843 [3] sharp_plugin.c:288 NCCL WARN NET/IB :SHARP coll init error: Cannot create SHArP job(-11)

ip-0A230407:65201:65843 [3] NCCL INFO include/coll_net.h:21 -> 3
ip-0A230412:32316:32948 [3] NCCL INFO Sharp rank 3/16 initialized on mlx5_ib3:1

ip-0A230412:32316:32948 [3] sharp_plugin.c:288 NCCL WARN NET/IB :SHARP coll init error: Cannot create SHArP job(-11)

ip-0A230412:32316:32948 [3] NCCL INFO include/coll_net.h:21 -> 3
ip-0A230410:62980:63622 [3] NCCL INFO Sharp rank 2/16 initialized on mlx5_ib3:1

ip-0A230410:62980:63622 [3] sharp_plugin.c:288 NCCL WARN NET/IB :SHARP coll init error: Cannot create SHArP job(-11)

ip-0A230410:62980:63622 [3] NCCL INFO include/coll_net.h:21 -> 3
ip-0A230405:27428:28071 [3] NCCL INFO Sharp rank 11/16 initialized on mlx5_ib3:1

ip-0A230405:27428:28071 [3] sharp_plugin.c:288 NCCL WARN NET/IB :SHARP coll init error: Cannot create SHArP job(-11)

ip-0A230405:27428:28071 [3] NCCL INFO include/coll_net.h:21 -> 3
ip-0A23040B:48754:49403 [3] NCCL INFO Sharp rank 13/16 initialized on mlx5_ib3:1

ip-0A23040B:48754:49403 [3] sharp_plugin.c:288 NCCL WARN NET/IB :SHARP coll init error: Cannot create SHArP job(-11)

ip-0A23040B:48754:49403 [3] NCCL INFO include/coll_net.h:21 -> 3
ip-0A230413:76057:76696 [3] NCCL INFO Sharp rank 4/16 initialized on mlx5_ib3:1

ip-0A230413:76057:76696 [3] sharp_plugin.c:288 NCCL WARN NET/IB :SHARP coll init error: Cannot create SHArP job(-11)

ip-0A230413:76057:76696 [3] NCCL INFO include/coll_net.h:21 -> 3
ip-0A230408:74463:75110 [3] NCCL INFO Sharp rank 8/16 initialized on mlx5_ib3:1

ip-0A230408:74463:75110 [3] sharp_plugin.c:288 NCCL WARN NET/IB :SHARP coll init error: Cannot create SHArP job(-11)

ip-0A230408:74463:75110 [3] NCCL INFO include/coll_net.h:21 -> 3
ip-0A23040C:73757:74391 [3] NCCL INFO Sharp rank 15/16 initialized on mlx5_ib3:1

ip-0A23040C:73757:74391 [3] sharp_plugin.c:288 NCCL WARN NET/IB :SHARP coll init error: Cannot create SHArP job(-11)

ip-0A23040C:73757:74391 [3] NCCL INFO include/coll_net.h:21 -> 3
ip-0A230417:65353:65993 [3] NCCL INFO Sharp rank 6/16 initialized on mlx5_ib3:1

ip-0A230417:65353:65993 [3] sharp_plugin.c:288 NCCL WARN NET/IB :SHARP coll init error: Cannot create SHArP job(-11)

ip-0A230417:65353:65993 [3] NCCL INFO include/coll_net.h:21 -> 3
ip-0A23041D:30565:31208 [3] NCCL INFO Sharp rank 10/16 initialized on mlx5_ib3:1

ip-0A23041D:30565:31208 [3] sharp_plugin.c:288 NCCL WARN NET/IB :SHARP coll init error: Cannot create SHArP job(-11)

ip-0A23041D:30565:31208 [3] NCCL INFO include/coll_net.h:21 -> 3
ip-0A23040E:75228:75880 [3] NCCL INFO Sharp rank 14/16 initialized on mlx5_ib3:1

ip-0A23040E:75228:75880 [3] sharp_plugin.c:288 NCCL WARN NET/IB :SHARP coll init error: Cannot create SHArP job(-11)

ip-0A23040E:75228:75880 [3] NCCL INFO include/coll_net.h:21 -> 3
ip-0A230412:32316:32947 [3] NCCL INFO transport.cc:222 -> 2

ip-0A230412:32316:32947 [3] transport.cc:253 NCCL WARN Cannot initialize CollNet, using point-to-point network instead
ip-0A230412:32316:32947 [3] NCCL INFO init.cc:765 -> 2
ip-0A230412:32316:32947 [3] NCCL INFO threadThresholds 8/8/64 | 128/8/64 | 8/8/512
ip-0A23040B:48754:49402 [3] NCCL INFO transport.cc:222 -> 2

ip-0A23040B:48754:49402 [3] transport.cc:253 NCCL WARN Cannot initialize CollNet, using point-to-point network instead
ip-0A23040B:48754:49402 [3] NCCL INFO init.cc:765 -> 2
ip-0A23040F:91549:92190 [3] NCCL INFO transport.cc:222 -> 2

ip-0A23040F:91549:92190 [3] transport.cc:253 NCCL WARN Cannot initialize CollNet, using point-to-point network instead
ip-0A23040F:91549:92190 [3] NCCL INFO init.cc:765 -> 2
ip-0A230406:12914:13560 [3] NCCL INFO transport.cc:222 -> 2

ip-0A230406:12914:13560 [3] transport.cc:253 NCCL WARN Cannot initialize CollNet, using point-to-point network instead
ip-0A230406:12914:13560 [3] NCCL INFO init.cc:765 -> 2
ip-0A230406:12914:13560 [3] NCCL INFO threadThresholds 8/8/64 | 128/8/64 | 8/8/512
ip-0A230412:32316:32947 [3] NCCL INFO 2 coll channels, 2 p2p channels, 2 p2p channels per peer
ip-0A230410:62980:63621 [3] NCCL INFO transport.cc:222 -> 2

ip-0A230410:62980:63621 [3] transport.cc:253 NCCL WARN Cannot initialize CollNet, using point-to-point network instead
ip-0A230405:27428:28070 [3] NCCL INFO transport.cc:222 -> 2

ip-0A230405:27428:28070 [3] transport.cc:253 NCCL WARN Cannot initialize CollNet, using point-to-point network instead
ip-0A230405:27428:28070 [3] NCCL INFO init.cc:765 -> 2
ip-0A23040B:48754:49402 [3] NCCL INFO threadThresholds 8/8/64 | 128/8/64 | 8/8/512
ip-0A23040B:48754:49402 [3] NCCL INFO 2 coll channels, 2 p2p channels, 2 p2p channels per peer
ip-0A230413:76057:76695 [3] NCCL INFO transport.cc:222 -> 2
ip-0A23040F:91549:92190 [3] NCCL INFO threadThresholds 8/8/64 | 128/8/64 | 8/8/512
ip-0A23040F:91549:92190 [3] NCCL INFO 2 coll channels, 2 p2p channels, 2 p2p channels per peer
ip-0A230406:12914:13560 [3] NCCL INFO 2 coll channels, 2 p2p channels, 2 p2p channels per peer
ip-0A230407:65201:65842 [3] NCCL INFO transport.cc:222 -> 2

ip-0A230407:65201:65842 [3] transport.cc:253 NCCL WARN Cannot initialize CollNet, using point-to-point network instead
ip-0A230407:65201:65842 [3] NCCL INFO init.cc:765 -> 2
ip-0A230410:62980:63621 [3] NCCL INFO init.cc:765 -> 2
ip-0A230405:27428:28070 [3] NCCL INFO threadThresholds 8/8/64 | 128/8/64 | 8/8/512
ip-0A230405:27428:28070 [3] NCCL INFO 2 coll channels, 2 p2p channels, 2 p2p channels per peer

ip-0A230413:76057:76695 [3] transport.cc:253 NCCL WARN Cannot initialize CollNet, using point-to-point network instead
ip-0A230407:65201:65842 [3] NCCL INFO threadThresholds 8/8/64 | 128/8/64 | 8/8/512
ip-0A230407:65201:65842 [3] NCCL INFO 2 coll channels, 2 p2p channels, 2 p2p channels per peer
ip-0A230410:62980:63621 [3] NCCL INFO threadThresholds 8/8/64 | 128/8/64 | 8/8/512
ip-0A230410:62980:63621 [3] NCCL INFO 2 coll channels, 2 p2p channels, 2 p2p channels per peer
ip-0A230417:65353:65992 [3] NCCL INFO transport.cc:222 -> 2

ip-0A230417:65353:65992 [3] transport.cc:253 NCCL WARN Cannot initialize CollNet, using point-to-point network instead
ip-0A230417:65353:65992 [3] NCCL INFO init.cc:765 -> 2
ip-0A23041A:24889:25529 [3] NCCL INFO Sharp rank 9/16 initialized on mlx5_ib3:1

ip-0A23041A:24889:25529 [3] sharp_plugin.c:288 NCCL WARN NET/IB :SHARP coll init error: Cannot create SHArP job(-11)

ip-0A23041A:24889:25529 [3] NCCL INFO include/coll_net.h:21 -> 3
ip-0A230413:76057:76695 [3] NCCL INFO init.cc:765 -> 2
ip-0A230414:28619:29254 [3] NCCL INFO transport.cc:222 -> 2

ip-0A230414:28619:29254 [3] transport.cc:253 NCCL WARN Cannot initialize CollNet, using point-to-point network instead
ip-0A230414:28619:29254 [3] NCCL INFO init.cc:765 -> 2
ip-0A230414:28619:29254 [3] NCCL INFO threadThresholds 8/8/64 | 128/8/64 | 8/8/512
ip-0A230414:28619:29254 [3] NCCL INFO 2 coll channels, 2 p2p channels, 2 p2p channels per peer
ip-0A23041D:30565:31207 [3] NCCL INFO transport.cc:222 -> 2

ip-0A23041D:30565:31207 [3] transport.cc:253 NCCL WARN Cannot initialize CollNet, using point-to-point network instead
ip-0A23041D:30565:31207 [3] NCCL INFO init.cc:765 -> 2
ip-0A23041D:30565:31207 [3] NCCL INFO threadThresholds 8/8/64 | 128/8/64 | 8/8/512
ip-0A230408:74463:75109 [3] NCCL INFO transport.cc:222 -> 2

ip-0A230408:74463:75109 [3] transport.cc:253 NCCL WARN Cannot initialize CollNet, using point-to-point network instead
ip-0A230408:74463:75109 [3] NCCL INFO init.cc:765 -> 2
ip-0A23040C:73757:74390 [3] NCCL INFO transport.cc:222 -> 2

ip-0A23040C:73757:74390 [3] transport.cc:253 NCCL WARN Cannot initialize CollNet, using point-to-point network instead
ip-0A23040C:73757:74390 [3] NCCL INFO init.cc:765 -> 2
ip-0A23040C:73757:74390 [3] NCCL INFO threadThresholds 8/8/64 | 128/8/64 | 8/8/512
ip-0A23040E:75228:75879 [3] NCCL INFO transport.cc:222 -> 2

ip-0A23040E:75228:75879 [3] transport.cc:253 NCCL WARN Cannot initialize CollNet, using point-to-point network instead
ip-0A23040E:75228:75879 [3] NCCL INFO init.cc:765 -> 2
ip-0A230417:65353:65992 [3] NCCL INFO threadThresholds 8/8/64 | 128/8/64 | 8/8/512
ip-0A230417:65353:65992 [3] NCCL INFO 2 coll channels, 2 p2p channels, 2 p2p channels per peer
ip-0A230413:76057:76695 [3] NCCL INFO threadThresholds 8/8/64 | 128/8/64 | 8/8/512
ip-0A23041D:30565:31207 [3] NCCL INFO 2 coll channels, 2 p2p channels, 2 p2p channels per peer
ip-0A230408:74463:75109 [3] NCCL INFO threadThresholds 8/8/64 | 128/8/64 | 8/8/512
ip-0A230408:74463:75109 [3] NCCL INFO 2 coll channels, 2 p2p channels, 2 p2p channels per peer
ip-0A23040C:73757:74390 [3] NCCL INFO 2 coll channels, 2 p2p channels, 2 p2p channels per peer
ip-0A23040E:75228:75879 [3] NCCL INFO threadThresholds 8/8/64 | 128/8/64 | 8/8/512
ip-0A23040E:75228:75879 [3] NCCL INFO 2 coll channels, 2 p2p channels, 2 p2p channels per peer
ip-0A230413:76057:76695 [3] NCCL INFO 2 coll channels, 2 p2p channels, 2 p2p channels per peer
ip-0A23041A:24889:25528 [3] NCCL INFO transport.cc:222 -> 2

ip-0A23041A:24889:25528 [3] transport.cc:253 NCCL WARN Cannot initialize CollNet, using point-to-point network instead
ip-0A23041A:24889:25528 [3] NCCL INFO init.cc:765 -> 2
ip-0A23041A:24889:25528 [3] NCCL INFO threadThresholds 8/8/64 | 128/8/64 | 8/8/512
ip-0A23041A:24889:25528 [3] NCCL INFO 2 coll channels, 2 p2p channels, 2 p2p channels per peer
ip-0A230414:28619:29254 [3] NCCL INFO comm 0x14f90c008fb0 rank 5 nranks 16 cudaDev 3 busId 400000 - Init COMPLETE
ip-0A23040E:75228:75879 [3] NCCL INFO comm 0x14573c008fb0 rank 14 nranks 16 cudaDev 3 busId 400000 - Init COMPLETE
ip-0A23040F:91549:92190 [3] NCCL INFO comm 0x14f958008fb0 rank 1 nranks 16 cudaDev 3 busId 400000 - Init COMPLETE
ip-0A23041D:30565:31207 [3] NCCL INFO comm 0x153b68008fb0 rank 10 nranks 16 cudaDev 3 busId 400000 - Init COMPLETE
ip-0A23040B:48754:49402 [3] NCCL INFO comm 0x1459a0008fb0 rank 13 nranks 16 cudaDev 3 busId 400000 - Init COMPLETE
ip-0A23041A:24889:25528 [3] NCCL INFO comm 0x14ec48008fb0 rank 9 nranks 16 cudaDev 3 busId 400000 - Init COMPLETE
ip-0A230417:65353:65992 [3] NCCL INFO comm 0x14b640008fb0 rank 6 nranks 16 cudaDev 3 busId 400000 - Init COMPLETE
ip-0A23040C:73757:74390 [3] NCCL INFO comm 0x14e6d8008fb0 rank 15 nranks 16 cudaDev 3 busId 400000 - Init COMPLETE
ip-0A230412:32316:32947 [3] NCCL INFO comm 0x1457fc008fb0 rank 3 nranks 16 cudaDev 3 busId 400000 - Init COMPLETE
ip-0A230406:12914:13560 [3] NCCL INFO comm 0x145964008fb0 rank 7 nranks 16 cudaDev 3 busId 400000 - Init COMPLETE
ip-0A230410:62980:63621 [3] NCCL INFO comm 0x14bd84008fb0 rank 2 nranks 16 cudaDev 3 busId 400000 - Init COMPLETE
ip-0A230405:27428:28070 [3] NCCL INFO comm 0x14c214008fb0 rank 11 nranks 16 cudaDev 3 busId 400000 - Init COMPLETE
ip-0A230408:74463:75109 [3] NCCL INFO comm 0x1525c8008fb0 rank 8 nranks 16 cudaDev 3 busId 400000 - Init COMPLETE
ip-0A230407:65201:65842 [3] NCCL INFO comm 0x14a888008fb0 rank 12 nranks 16 cudaDev 3 busId 400000 - Init COMPLETE
ip-0A230413:76057:76695 [3] NCCL INFO comm 0x154a6c008fb0 rank 4 nranks 16 cudaDev 3 busId 400000 - Init COMPLETE
ip-0A23040D:38187:38836 [3] NCCL INFO Sharp rank 0/16 initialized on mlx5_ib3:1

ip-0A23040D:38187:38836 [3] sharp_plugin.c:288 NCCL WARN NET/IB :SHARP coll init error: Cannot create SHArP job(-11)

ip-0A23040D:38187:38836 [3] NCCL INFO include/coll_net.h:21 -> 3
ip-0A23040D:38187:38835 [3] NCCL INFO transport.cc:222 -> 2

ip-0A23040D:38187:38835 [3] transport.cc:253 NCCL WARN Cannot initialize CollNet, using point-to-point network instead
ip-0A23040D:38187:38835 [3] NCCL INFO init.cc:765 -> 2
ip-0A23040D:38187:38835 [3] NCCL INFO threadThresholds 8/8/64 | 128/8/64 | 8/8/512
ip-0A23040D:38187:38835 [3] NCCL INFO 2 coll channels, 2 p2p channels, 2 p2p channels per peer
ip-0A23040D:38187:38835 [3] NCCL INFO comm 0x154958008fb0 rank 0 nranks 16 cudaDev 3 busId 400000 - Init COMPLETE
ip-0A23040D:38187:38187 [3] NCCL INFO Launch mode Parallel
ip-0A23040D:38185:38185 [4] NCCL INFO Bootstrap : Using eth0:10.35.4.13<0>
ip-0A23040D:38185:38185 [4] NCCL INFO NET/Plugin: Failed to find ncclNetPlugin_v5 symbol.
ip-0A23040D:38185:38185 [4] NCCL INFO NET/Plugin: Failed to find ncclCollNetPlugin_v5 symbol.
ip-0A23040D:38185:38185 [4] NCCL INFO Plugin Path : /opt/hpcx/nccl_rdma_sharp_plugin/lib/libnccl-net.so
ip-0A23040D:38185:38185 [4] NCCL INFO P2P plugin IBext
ip-0A23040D:38185:38185 [4] NCCL INFO NCCL_IB_PCI_RELAXED_ORDERING set by environment to 1.
ip-0A23040D:38185:38185 [4] NCCL INFO NET/IB : Using [0]mlx5_ib0:1/IB/SHARP [1]mlx5_ib1:1/IB/SHARP [2]mlx5_ib2:1/IB/SHARP [3]mlx5_ib3:1/IB/SHARP [4]mlx5_ib4:1/IB/SHARP [5]mlx5_ib5:1/IB/SHARP [6]mlx5_ib6:1/IB/SHARP [7]mlx5_ib7:1/IB/SHARP ; OOB eth0:10.35.4.13<0>
ip-0A23040D:38185:38185 [4] NCCL INFO Using network IBext
NCCL version 2.12.10+cuda11.6
ip-0A230405:27431:27431 [4] NCCL INFO Bootstrap : Using eth0:10.35.4.5<0>
ip-0A230408:74464:74464 [4] NCCL INFO Bootstrap : Using eth0:10.35.4.8<0>
ip-0A230410:62981:62981 [4] NCCL INFO Bootstrap : Using eth0:10.35.4.16<0>
ip-0A230414:28622:28622 [4] NCCL INFO Bootstrap : Using eth0:10.35.4.20<0>
ip-0A23040C:73755:73755 [4] NCCL INFO Bootstrap : Using eth0:10.35.4.12<0>
ip-0A230417:65360:65360 [4] NCCL INFO Bootstrap : Using eth0:10.35.4.23<0>
ip-0A23041D:30567:30567 [4] NCCL INFO Bootstrap : Using eth0:10.35.4.29<0>
ip-0A23040B:48757:48757 [4] NCCL INFO Bootstrap : Using eth0:10.35.4.11<0>
ip-0A230407:65199:65199 [4] NCCL INFO Bootstrap : Using eth0:10.35.4.7<0>
ip-0A230413:76054:76054 [4] NCCL INFO Bootstrap : Using eth0:10.35.4.19<0>
ip-0A230412:32310:32310 [4] NCCL INFO Bootstrap : Using eth0:10.35.4.18<0>
ip-0A23040F:91550:91550 [4] NCCL INFO Bootstrap : Using eth0:10.35.4.15<0>
ip-0A23040E:75232:75232 [4] NCCL INFO Bootstrap : Using eth0:10.35.4.14<0>
ip-0A230406:12920:12920 [4] NCCL INFO Bootstrap : Using eth0:10.35.4.6<0>
ip-0A23041A:24891:24891 [4] NCCL INFO Bootstrap : Using eth0:10.35.4.26<0>
ip-0A230414:28622:28622 [4] NCCL INFO NET/Plugin: Failed to find ncclNetPlugin_v5 symbol.
ip-0A230414:28622:28622 [4] NCCL INFO NET/Plugin: Failed to find ncclCollNetPlugin_v5 symbol.
ip-0A230414:28622:28622 [4] NCCL INFO Plugin Path : /opt/hpcx/nccl_rdma_sharp_plugin/lib/libnccl-net.so
ip-0A230414:28622:28622 [4] NCCL INFO P2P plugin IBext
ip-0A230414:28622:28622 [4] NCCL INFO NCCL_IB_PCI_RELAXED_ORDERING set by environment to 1.
ip-0A23040C:73755:73755 [4] NCCL INFO NET/Plugin: Failed to find ncclNetPlugin_v5 symbol.
ip-0A23040C:73755:73755 [4] NCCL INFO NET/Plugin: Failed to find ncclCollNetPlugin_v5 symbol.
ip-0A23041D:30567:30567 [4] NCCL INFO NET/Plugin: Failed to find ncclNetPlugin_v5 symbol.
ip-0A23041D:30567:30567 [4] NCCL INFO NET/Plugin: Failed to find ncclCollNetPlugin_v5 symbol.
ip-0A23040C:73755:73755 [4] NCCL INFO Plugin Path : /opt/hpcx/nccl_rdma_sharp_plugin/lib/libnccl-net.so
ip-0A23040C:73755:73755 [4] NCCL INFO P2P plugin IBext
ip-0A23040C:73755:73755 [4] NCCL INFO NCCL_IB_PCI_RELAXED_ORDERING set by environment to 1.
ip-0A23041D:30567:30567 [4] NCCL INFO Plugin Path : /opt/hpcx/nccl_rdma_sharp_plugin/lib/libnccl-net.so
ip-0A23041D:30567:30567 [4] NCCL INFO P2P plugin IBext
ip-0A23041D:30567:30567 [4] NCCL INFO NCCL_IB_PCI_RELAXED_ORDERING set by environment to 1.
ip-0A230410:62981:62981 [4] NCCL INFO NET/Plugin: Failed to find ncclNetPlugin_v5 symbol.
ip-0A230410:62981:62981 [4] NCCL INFO NET/Plugin: Failed to find ncclCollNetPlugin_v5 symbol.
ip-0A230405:27431:27431 [4] NCCL INFO NET/Plugin: Failed to find ncclNetPlugin_v5 symbol.
ip-0A230405:27431:27431 [4] NCCL INFO NET/Plugin: Failed to find ncclCollNetPlugin_v5 symbol.
ip-0A230410:62981:62981 [4] NCCL INFO Plugin Path : /opt/hpcx/nccl_rdma_sharp_plugin/lib/libnccl-net.so
ip-0A230410:62981:62981 [4] NCCL INFO P2P plugin IBext
ip-0A230410:62981:62981 [4] NCCL INFO NCCL_IB_PCI_RELAXED_ORDERING set by environment to 1.
ip-0A230408:74464:74464 [4] NCCL INFO NET/Plugin: Failed to find ncclNetPlugin_v5 symbol.
ip-0A230408:74464:74464 [4] NCCL INFO NET/Plugin: Failed to find ncclCollNetPlugin_v5 symbol.
ip-0A230405:27431:27431 [4] NCCL INFO Plugin Path : /opt/hpcx/nccl_rdma_sharp_plugin/lib/libnccl-net.so
ip-0A230405:27431:27431 [4] NCCL INFO P2P plugin IBext
ip-0A230405:27431:27431 [4] NCCL INFO NCCL_IB_PCI_RELAXED_ORDERING set by environment to 1.
ip-0A230408:74464:74464 [4] NCCL INFO Plugin Path : /opt/hpcx/nccl_rdma_sharp_plugin/lib/libnccl-net.so
ip-0A230408:74464:74464 [4] NCCL INFO P2P plugin IBext
ip-0A230408:74464:74464 [4] NCCL INFO NCCL_IB_PCI_RELAXED_ORDERING set by environment to 1.
ip-0A230407:65199:65199 [4] NCCL INFO NET/Plugin: Failed to find ncclNetPlugin_v5 symbol.
ip-0A230407:65199:65199 [4] NCCL INFO NET/Plugin: Failed to find ncclCollNetPlugin_v5 symbol.
ip-0A230407:65199:65199 [4] NCCL INFO Plugin Path : /opt/hpcx/nccl_rdma_sharp_plugin/lib/libnccl-net.so
ip-0A230407:65199:65199 [4] NCCL INFO P2P plugin IBext
ip-0A230407:65199:65199 [4] NCCL INFO NCCL_IB_PCI_RELAXED_ORDERING set by environment to 1.
ip-0A230413:76054:76054 [4] NCCL INFO NET/Plugin: Failed to find ncclNetPlugin_v5 symbol.
ip-0A230413:76054:76054 [4] NCCL INFO NET/Plugin: Failed to find ncclCollNetPlugin_v5 symbol.
ip-0A230413:76054:76054 [4] NCCL INFO Plugin Path : /opt/hpcx/nccl_rdma_sharp_plugin/lib/libnccl-net.so
ip-0A230413:76054:76054 [4] NCCL INFO P2P plugin IBext
ip-0A230413:76054:76054 [4] NCCL INFO NCCL_IB_PCI_RELAXED_ORDERING set by environment to 1.
ip-0A230417:65360:65360 [4] NCCL INFO NET/Plugin: Failed to find ncclNetPlugin_v5 symbol.
ip-0A230417:65360:65360 [4] NCCL INFO NET/Plugin: Failed to find ncclCollNetPlugin_v5 symbol.
ip-0A23040B:48757:48757 [4] NCCL INFO NET/Plugin: Failed to find ncclNetPlugin_v5 symbol.
ip-0A23040B:48757:48757 [4] NCCL INFO NET/Plugin: Failed to find ncclCollNetPlugin_v5 symbol.
ip-0A230417:65360:65360 [4] NCCL INFO Plugin Path : /opt/hpcx/nccl_rdma_sharp_plugin/lib/libnccl-net.so
ip-0A230417:65360:65360 [4] NCCL INFO P2P plugin IBext
ip-0A230417:65360:65360 [4] NCCL INFO NCCL_IB_PCI_RELAXED_ORDERING set by environment to 1.
ip-0A23040B:48757:48757 [4] NCCL INFO Plugin Path : /opt/hpcx/nccl_rdma_sharp_plugin/lib/libnccl-net.so
ip-0A23040B:48757:48757 [4] NCCL INFO P2P plugin IBext
ip-0A23040B:48757:48757 [4] NCCL INFO NCCL_IB_PCI_RELAXED_ORDERING set by environment to 1.
ip-0A23040F:91550:91550 [4] NCCL INFO NET/Plugin: Failed to find ncclNetPlugin_v5 symbol.
ip-0A23040F:91550:91550 [4] NCCL INFO NET/Plugin: Failed to find ncclCollNetPlugin_v5 symbol.
ip-0A23040F:91550:91550 [4] NCCL INFO Plugin Path : /opt/hpcx/nccl_rdma_sharp_plugin/lib/libnccl-net.so
ip-0A23040F:91550:91550 [4] NCCL INFO P2P plugin IBext
ip-0A23040F:91550:91550 [4] NCCL INFO NCCL_IB_PCI_RELAXED_ORDERING set by environment to 1.
ip-0A230412:32310:32310 [4] NCCL INFO NET/Plugin: Failed to find ncclNetPlugin_v5 symbol.
ip-0A230412:32310:32310 [4] NCCL INFO NET/Plugin: Failed to find ncclCollNetPlugin_v5 symbol.
ip-0A230412:32310:32310 [4] NCCL INFO Plugin Path : /opt/hpcx/nccl_rdma_sharp_plugin/lib/libnccl-net.so
ip-0A230412:32310:32310 [4] NCCL INFO P2P plugin IBext
ip-0A230412:32310:32310 [4] NCCL INFO NCCL_IB_PCI_RELAXED_ORDERING set by environment to 1.
ip-0A230406:12920:12920 [4] NCCL INFO NET/Plugin: Failed to find ncclNetPlugin_v5 symbol.
ip-0A230406:12920:12920 [4] NCCL INFO NET/Plugin: Failed to find ncclCollNetPlugin_v5 symbol.
ip-0A230406:12920:12920 [4] NCCL INFO Plugin Path : /opt/hpcx/nccl_rdma_sharp_plugin/lib/libnccl-net.so
ip-0A230406:12920:12920 [4] NCCL INFO P2P plugin IBext
ip-0A230406:12920:12920 [4] NCCL INFO NCCL_IB_PCI_RELAXED_ORDERING set by environment to 1.
ip-0A23040E:75232:75232 [4] NCCL INFO NET/Plugin: Failed to find ncclNetPlugin_v5 symbol.
ip-0A23040E:75232:75232 [4] NCCL INFO NET/Plugin: Failed to find ncclCollNetPlugin_v5 symbol.
ip-0A23040E:75232:75232 [4] NCCL INFO Plugin Path : /opt/hpcx/nccl_rdma_sharp_plugin/lib/libnccl-net.so
ip-0A23040E:75232:75232 [4] NCCL INFO P2P plugin IBext
ip-0A23040E:75232:75232 [4] NCCL INFO NCCL_IB_PCI_RELAXED_ORDERING set by environment to 1.
ip-0A23041A:24891:24891 [4] NCCL INFO NET/Plugin: Failed to find ncclNetPlugin_v5 symbol.
ip-0A23041A:24891:24891 [4] NCCL INFO NET/Plugin: Failed to find ncclCollNetPlugin_v5 symbol.
ip-0A23041A:24891:24891 [4] NCCL INFO Plugin Path : /opt/hpcx/nccl_rdma_sharp_plugin/lib/libnccl-net.so
ip-0A23041A:24891:24891 [4] NCCL INFO P2P plugin IBext
ip-0A23041A:24891:24891 [4] NCCL INFO NCCL_IB_PCI_RELAXED_ORDERING set by environment to 1.
ip-0A230414:28622:28622 [4] NCCL INFO NET/IB : Using [0]mlx5_ib0:1/IB/SHARP [1]mlx5_ib1:1/IB/SHARP [2]mlx5_ib2:1/IB/SHARP [3]mlx5_ib3:1/IB/SHARP [4]mlx5_ib4:1/IB/SHARP [5]mlx5_ib5:1/IB/SHARP [6]mlx5_ib6:1/IB/SHARP [7]mlx5_ib7:1/IB/SHARP ; OOB eth0:10.35.4.20<0>
ip-0A230414:28622:28622 [4] NCCL INFO Using network IBext
ip-0A230408:74464:74464 [4] NCCL INFO NET/IB : Using [0]mlx5_ib0:1/IB/SHARP [1]mlx5_ib1:1/IB/SHARP [2]mlx5_ib2:1/IB/SHARP [3]mlx5_ib3:1/IB/SHARP [4]mlx5_ib4:1/IB/SHARP [5]mlx5_ib5:1/IB/SHARP [6]mlx5_ib6:1/IB/SHARP [7]mlx5_ib7:1/IB/SHARP ; OOB eth0:10.35.4.8<0>
ip-0A230408:74464:74464 [4] NCCL INFO Using network IBext
ip-0A23041D:30567:30567 [4] NCCL INFO NET/IB : Using [0]mlx5_ib0:1/IB/SHARP [1]mlx5_ib1:1/IB/SHARP [2]mlx5_ib2:1/IB/SHARP [3]mlx5_ib3:1/IB/SHARP [4]mlx5_ib4:1/IB/SHARP [5]mlx5_ib5:1/IB/SHARP [6]mlx5_ib6:1/IB/SHARP [7]mlx5_ib7:1/IB/SHARP ; OOB eth0:10.35.4.29<0>
ip-0A23041D:30567:30567 [4] NCCL INFO Using network IBext
ip-0A23040C:73755:73755 [4] NCCL INFO NET/IB : Using [0]mlx5_ib0:1/IB/SHARP [1]mlx5_ib1:1/IB/SHARP [2]mlx5_ib2:1/IB/SHARP [3]mlx5_ib3:1/IB/SHARP [4]mlx5_ib4:1/IB/SHARP [5]mlx5_ib5:1/IB/SHARP [6]mlx5_ib6:1/IB/SHARP [7]mlx5_ib7:1/IB/SHARP ; OOB eth0:10.35.4.12<0>
ip-0A23040C:73755:73755 [4] NCCL INFO Using network IBext
ip-0A230410:62981:62981 [4] NCCL INFO NET/IB : Using [0]mlx5_ib0:1/IB/SHARP [1]mlx5_ib1:1/IB/SHARP [2]mlx5_ib2:1/IB/SHARP [3]mlx5_ib3:1/IB/SHARP [4]mlx5_ib4:1/IB/SHARP [5]mlx5_ib5:1/IB/SHARP [6]mlx5_ib6:1/IB/SHARP [7]mlx5_ib7:1/IB/SHARP ; OOB eth0:10.35.4.16<0>
ip-0A230410:62981:62981 [4] NCCL INFO Using network IBext
ip-0A230405:27431:27431 [4] NCCL INFO NET/IB : Using [0]mlx5_ib0:1/IB/SHARP [1]mlx5_ib1:1/IB/SHARP [2]mlx5_ib2:1/IB/SHARP [3]mlx5_ib3:1/IB/SHARP [4]mlx5_ib4:1/IB/SHARP [5]mlx5_ib5:1/IB/SHARP [6]mlx5_ib6:1/IB/SHARP [7]mlx5_ib7:1/IB/SHARP ; OOB eth0:10.35.4.5<0>
ip-0A230405:27431:27431 [4] NCCL INFO Using network IBext
ip-0A230407:65199:65199 [4] NCCL INFO NET/IB : Using [0]mlx5_ib0:1/IB/SHARP [1]mlx5_ib1:1/IB/SHARP [2]mlx5_ib2:1/IB/SHARP [3]mlx5_ib3:1/IB/SHARP [4]mlx5_ib4:1/IB/SHARP [5]mlx5_ib5:1/IB/SHARP [6]mlx5_ib6:1/IB/SHARP [7]mlx5_ib7:1/IB/SHARP ; OOB eth0:10.35.4.7<0>
ip-0A230407:65199:65199 [4] NCCL INFO Using network IBext
ip-0A23040B:48757:48757 [4] NCCL INFO NET/IB : Using [0]mlx5_ib0:1/IB/SHARP [1]mlx5_ib1:1/IB/SHARP [2]mlx5_ib2:1/IB/SHARP [3]mlx5_ib3:1/IB/SHARP [4]mlx5_ib4:1/IB/SHARP [5]mlx5_ib5:1/IB/SHARP [6]mlx5_ib6:1/IB/SHARP [7]mlx5_ib7:1/IB/SHARP ; OOB eth0:10.35.4.11<0>
ip-0A23040B:48757:48757 [4] NCCL INFO Using network IBext
ip-0A230413:76054:76054 [4] NCCL INFO NET/IB : Using [0]mlx5_ib0:1/IB/SHARP [1]mlx5_ib1:1/IB/SHARP [2]mlx5_ib2:1/IB/SHARP [3]mlx5_ib3:1/IB/SHARP [4]mlx5_ib4:1/IB/SHARP [5]mlx5_ib5:1/IB/SHARP [6]mlx5_ib6:1/IB/SHARP [7]mlx5_ib7:1/IB/SHARP ; OOB eth0:10.35.4.19<0>
ip-0A230413:76054:76054 [4] NCCL INFO Using network IBext
ip-0A23040F:91550:91550 [4] NCCL INFO NET/IB : Using [0]mlx5_ib0:1/IB/SHARP [1]mlx5_ib1:1/IB/SHARP [2]mlx5_ib2:1/IB/SHARP [3]mlx5_ib3:1/IB/SHARP [4]mlx5_ib4:1/IB/SHARP [5]mlx5_ib5:1/IB/SHARP [6]mlx5_ib6:1/IB/SHARP [7]mlx5_ib7:1/IB/SHARP ; OOB eth0:10.35.4.15<0>
ip-0A23040F:91550:91550 [4] NCCL INFO Using network IBext
ip-0A230417:65360:65360 [4] NCCL INFO NET/IB : Using [0]mlx5_ib0:1/IB/SHARP [1]mlx5_ib1:1/IB/SHARP [2]mlx5_ib2:1/IB/SHARP [3]mlx5_ib3:1/IB/SHARP [4]mlx5_ib4:1/IB/SHARP [5]mlx5_ib5:1/IB/SHARP [6]mlx5_ib6:1/IB/SHARP [7]mlx5_ib7:1/IB/SHARP ; OOB eth0:10.35.4.23<0>
ip-0A230417:65360:65360 [4] NCCL INFO Using network IBext
ip-0A23040E:75232:75232 [4] NCCL INFO NET/IB : Using [0]mlx5_ib0:1/IB/SHARP [1]mlx5_ib1:1/IB/SHARP [2]mlx5_ib2:1/IB/SHARP [3]mlx5_ib3:1/IB/SHARP [4]mlx5_ib4:1/IB/SHARP [5]mlx5_ib5:1/IB/SHARP [6]mlx5_ib6:1/IB/SHARP [7]mlx5_ib7:1/IB/SHARP ; OOB eth0:10.35.4.14<0>
ip-0A23040E:75232:75232 [4] NCCL INFO Using network IBext
ip-0A230412:32310:32310 [4] NCCL INFO NET/IB : Using [0]mlx5_ib0:1/IB/SHARP [1]mlx5_ib1:1/IB/SHARP [2]mlx5_ib2:1/IB/SHARP [3]mlx5_ib3:1/IB/SHARP [4]mlx5_ib4:1/IB/SHARP [5]mlx5_ib5:1/IB/SHARP [6]mlx5_ib6:1/IB/SHARP [7]mlx5_ib7:1/IB/SHARP ; OOB eth0:10.35.4.18<0>
ip-0A230412:32310:32310 [4] NCCL INFO Using network IBext
ip-0A230406:12920:12920 [4] NCCL INFO NET/IB : Using [0]mlx5_ib0:1/IB/SHARP [1]mlx5_ib1:1/IB/SHARP [2]mlx5_ib2:1/IB/SHARP [3]mlx5_ib3:1/IB/SHARP [4]mlx5_ib4:1/IB/SHARP [5]mlx5_ib5:1/IB/SHARP [6]mlx5_ib6:1/IB/SHARP [7]mlx5_ib7:1/IB/SHARP ; OOB eth0:10.35.4.6<0>
ip-0A230406:12920:12920 [4] NCCL INFO Using network IBext
ip-0A23041A:24891:24891 [4] NCCL INFO NET/IB : Using [0]mlx5_ib0:1/IB/SHARP [1]mlx5_ib1:1/IB/SHARP [2]mlx5_ib2:1/IB/SHARP [3]mlx5_ib3:1/IB/SHARP [4]mlx5_ib4:1/IB/SHARP [5]mlx5_ib5:1/IB/SHARP [6]mlx5_ib6:1/IB/SHARP [7]mlx5_ib7:1/IB/SHARP ; OOB eth0:10.35.4.26<0>
ip-0A23041A:24891:24891 [4] NCCL INFO Using network IBext
ip-0A23040E:75232:75892 [4] NCCL INFO NCCL_P2P_LEVEL set by environment to LOC
ip-0A23040F:91550:92205 [4] NCCL INFO NCCL_P2P_LEVEL set by environment to LOC
ip-0A23040E:75232:75892 [4] NCCL INFO PXN Disabled as plugin is v4
ip-0A23040F:91550:92205 [4] NCCL INFO PXN Disabled as plugin is v4
ip-0A23040E:75232:75892 [4] NCCL INFO NCCL_COLLNET_ENABLE set by environment to 1.
ip-0A23040F:91550:92205 [4] NCCL INFO NCCL_COLLNET_ENABLE set by environment to 1.
ip-0A23041A:24891:25551 [4] NCCL INFO NCCL_P2P_LEVEL set by environment to LOC
ip-0A230406:12920:13574 [4] NCCL INFO NCCL_P2P_LEVEL set by environment to LOC
ip-0A23041A:24891:25551 [4] NCCL INFO PXN Disabled as plugin is v4
ip-0A230412:32310:32967 [4] NCCL INFO NCCL_P2P_LEVEL set by environment to LOC
ip-0A230414:28622:29278 [4] NCCL INFO NCCL_P2P_LEVEL set by environment to LOC
ip-0A230407:65199:65855 [4] NCCL INFO NCCL_P2P_LEVEL set by environment to LOC
ip-0A230406:12920:13574 [4] NCCL INFO PXN Disabled as plugin is v4
ip-0A230412:32310:32967 [4] NCCL INFO PXN Disabled as plugin is v4
ip-0A23041A:24891:25551 [4] NCCL INFO NCCL_COLLNET_ENABLE set by environment to 1.
ip-0A230408:74464:75122 [4] NCCL INFO NCCL_P2P_LEVEL set by environment to LOC
ip-0A230413:76054:76709 [4] NCCL INFO NCCL_P2P_LEVEL set by environment to LOC
ip-0A23041D:30567:31230 [4] NCCL INFO NCCL_P2P_LEVEL set by environment to LOC
ip-0A230417:65360:66006 [4] NCCL INFO NCCL_P2P_LEVEL set by environment to LOC
ip-0A230407:65199:65855 [4] NCCL INFO PXN Disabled as plugin is v4
ip-0A230414:28622:29278 [4] NCCL INFO PXN Disabled as plugin is v4
ip-0A23040C:73755:74403 [4] NCCL INFO NCCL_P2P_LEVEL set by environment to LOC
ip-0A230406:12920:13574 [4] NCCL INFO NCCL_COLLNET_ENABLE set by environment to 1.
ip-0A230412:32310:32967 [4] NCCL INFO NCCL_COLLNET_ENABLE set by environment to 1.
ip-0A230408:74464:75122 [4] NCCL INFO PXN Disabled as plugin is v4
ip-0A23041D:30567:31230 [4] NCCL INFO PXN Disabled as plugin is v4
ip-0A230413:76054:76709 [4] NCCL INFO PXN Disabled as plugin is v4
ip-0A23040C:73755:74403 [4] NCCL INFO PXN Disabled as plugin is v4
ip-0A230417:65360:66006 [4] NCCL INFO PXN Disabled as plugin is v4
ip-0A230414:28622:29278 [4] NCCL INFO NCCL_COLLNET_ENABLE set by environment to 1.
ip-0A230407:65199:65855 [4] NCCL INFO NCCL_COLLNET_ENABLE set by environment to 1.
ip-0A230410:62981:63634 [4] NCCL INFO NCCL_P2P_LEVEL set by environment to LOC
ip-0A230408:74464:75122 [4] NCCL INFO NCCL_COLLNET_ENABLE set by environment to 1.
ip-0A230413:76054:76709 [4] NCCL INFO NCCL_COLLNET_ENABLE set by environment to 1.
ip-0A23041D:30567:31230 [4] NCCL INFO NCCL_COLLNET_ENABLE set by environment to 1.
ip-0A23040C:73755:74403 [4] NCCL INFO NCCL_COLLNET_ENABLE set by environment to 1.
ip-0A230417:65360:66006 [4] NCCL INFO NCCL_COLLNET_ENABLE set by environment to 1.
ip-0A230410:62981:63634 [4] NCCL INFO PXN Disabled as plugin is v4
ip-0A230410:62981:63634 [4] NCCL INFO NCCL_COLLNET_ENABLE set by environment to 1.
ip-0A230405:27431:28089 [4] NCCL INFO NCCL_P2P_LEVEL set by environment to LOC
ip-0A23040B:48757:49420 [4] NCCL INFO NCCL_P2P_LEVEL set by environment to LOC
ip-0A230405:27431:28089 [4] NCCL INFO PXN Disabled as plugin is v4
ip-0A23040B:48757:49420 [4] NCCL INFO PXN Disabled as plugin is v4
ip-0A230405:27431:28089 [4] NCCL INFO NCCL_COLLNET_ENABLE set by environment to 1.
ip-0A23040B:48757:49420 [4] NCCL INFO NCCL_COLLNET_ENABLE set by environment to 1.
ip-0A23040D:38185:38850 [4] NCCL INFO NCCL_P2P_LEVEL set by environment to LOC
ip-0A23040D:38185:38850 [4] NCCL INFO PXN Disabled as plugin is v4
ip-0A23040D:38185:38850 [4] NCCL INFO NCCL_COLLNET_ENABLE set by environment to 1.
ip-0A23040D:38185:38850 [4] NCCL INFO Channel 00/02 :    0   1   2   3   4   5   6   7   8   9  10  11  12  13  14  15
ip-0A23040D:38185:38850 [4] NCCL INFO Channel 01/02 :    0   1   2   3   4   5   6   7   8   9  10  11  12  13  14  15
ip-0A23040D:38185:38850 [4] NCCL INFO Trees [0] 8/-1/-1->0->-1 [1] -1/-1/-1->0->1
ip-0A23040F:91550:92205 [4] NCCL INFO Trees [0] -1/-1/-1->1->2 [1] 2/0/-1->1->3
ip-0A230410:62981:63634 [4] NCCL INFO Trees [0] 1/3/-1->2->4 [1] -1/-1/-1->2->1
ip-0A230412:32310:32967 [4] NCCL INFO Trees [0] -1/-1/-1->3->2 [1] 5/1/-1->3->7
ip-0A230413:76054:76709 [4] NCCL INFO Trees [0] 2/6/-1->4->8 [1] -1/-1/-1->4->5
ip-0A230414:28622:29278 [4] NCCL INFO Trees [0] -1/-1/-1->5->6 [1] 6/4/-1->5->3
ip-0A230417:65360:66006 [4] NCCL INFO Trees [0] 5/7/-1->6->4 [1] -1/-1/-1->6->5
ip-0A230406:12920:13574 [4] NCCL INFO Trees [0] -1/-1/-1->7->6 [1] 11/3/-1->7->15
ip-0A230408:74464:75122 [4] NCCL INFO Trees [0] 4/12/-1->8->0 [1] -1/-1/-1->8->9
ip-0A23041A:24891:25551 [4] NCCL INFO Trees [0] -1/-1/-1->9->10 [1] 10/8/-1->9->11
ip-0A23041D:30567:31230 [4] NCCL INFO Trees [0] 9/11/-1->10->12 [1] -1/-1/-1->10->9
ip-0A230405:27431:28089 [4] NCCL INFO Trees [0] -1/-1/-1->11->10 [1] 13/9/-1->11->7
ip-0A230407:65199:65855 [4] NCCL INFO Trees [0] 10/14/-1->12->8 [1] -1/-1/-1->12->13
ip-0A23040B:48757:49420 [4] NCCL INFO Trees [0] -1/-1/-1->13->14 [1] 14/12/-1->13->11
ip-0A23040C:73755:74403 [4] NCCL INFO Trees [0] -1/-1/-1->15->14 [1] 7/-1/-1->15->-1
ip-0A23040E:75232:75892 [4] NCCL INFO Trees [0] 13/15/-1->14->12 [1] -1/-1/-1->14->13
ip-0A23040D:38185:38850 [4] NCCL INFO Channel 00/0 : 15[b00000] -> 0[b00000] [receive] via NET/IBext/4
ip-0A23040D:38185:38850 [4] NCCL INFO Channel 01/0 : 15[b00000] -> 0[b00000] [receive] via NET/IBext/4
ip-0A23040F:91550:92205 [4] NCCL INFO Channel 00/0 : 0[b00000] -> 1[b00000] [receive] via NET/IBext/4
ip-0A23040D:38185:38850 [4] NCCL INFO Channel 00/0 : 0[b00000] -> 1[b00000] [send] via NET/IBext/4
ip-0A23040D:38185:38850 [4] NCCL INFO Channel 01/0 : 0[b00000] -> 1[b00000] [send] via NET/IBext/4
ip-0A23040F:91550:92205 [4] NCCL INFO Channel 01/0 : 0[b00000] -> 1[b00000] [receive] via NET/IBext/4
ip-0A230410:62981:63634 [4] NCCL INFO Channel 00/0 : 1[b00000] -> 2[b00000] [receive] via NET/IBext/4
ip-0A23040F:91550:92205 [4] NCCL INFO Channel 00/0 : 1[b00000] -> 2[b00000] [send] via NET/IBext/4
ip-0A23040F:91550:92205 [4] NCCL INFO Channel 01/0 : 1[b00000] -> 2[b00000] [send] via NET/IBext/4
ip-0A230410:62981:63634 [4] NCCL INFO Channel 01/0 : 1[b00000] -> 2[b00000] [receive] via NET/IBext/4
ip-0A230412:32310:32967 [4] NCCL INFO Channel 00/0 : 2[b00000] -> 3[b00000] [receive] via NET/IBext/4
ip-0A230410:62981:63634 [4] NCCL INFO Channel 00/0 : 2[b00000] -> 3[b00000] [send] via NET/IBext/4
ip-0A230410:62981:63634 [4] NCCL INFO Channel 01/0 : 2[b00000] -> 3[b00000] [send] via NET/IBext/4
ip-0A230413:76054:76709 [4] NCCL INFO Channel 00/0 : 3[b00000] -> 4[b00000] [receive] via NET/IBext/4
ip-0A230414:28622:29278 [4] NCCL INFO Channel 00/0 : 4[b00000] -> 5[b00000] [receive] via NET/IBext/4
ip-0A230412:32310:32967 [4] NCCL INFO Channel 01/0 : 2[b00000] -> 3[b00000] [receive] via NET/IBext/4
ip-0A230412:32310:32967 [4] NCCL INFO Channel 00/0 : 3[b00000] -> 4[b00000] [send] via NET/IBext/4
ip-0A230412:32310:32967 [4] NCCL INFO Channel 01/0 : 3[b00000] -> 4[b00000] [send] via NET/IBext/4
ip-0A230413:76054:76709 [4] NCCL INFO Channel 01/0 : 3[b00000] -> 4[b00000] [receive] via NET/IBext/4
ip-0A230413:76054:76709 [4] NCCL INFO Channel 00/0 : 4[b00000] -> 5[b00000] [send] via NET/IBext/4
ip-0A230417:65360:66006 [4] NCCL INFO Channel 00/0 : 5[b00000] -> 6[b00000] [receive] via NET/IBext/4
ip-0A230413:76054:76709 [4] NCCL INFO Channel 01/0 : 4[b00000] -> 5[b00000] [send] via NET/IBext/4
ip-0A230414:28622:29278 [4] NCCL INFO Channel 01/0 : 4[b00000] -> 5[b00000] [receive] via NET/IBext/4
ip-0A230414:28622:29278 [4] NCCL INFO Channel 00/0 : 5[b00000] -> 6[b00000] [send] via NET/IBext/4
ip-0A230414:28622:29278 [4] NCCL INFO Channel 01/0 : 5[b00000] -> 6[b00000] [send] via NET/IBext/4
ip-0A230406:12920:13574 [4] NCCL INFO Channel 00/0 : 6[b00000] -> 7[b00000] [receive] via NET/IBext/4
ip-0A230408:74464:75122 [4] NCCL INFO Channel 00/0 : 7[b00000] -> 8[b00000] [receive] via NET/IBext/4
ip-0A230417:65360:66006 [4] NCCL INFO Channel 01/0 : 5[b00000] -> 6[b00000] [receive] via NET/IBext/4
ip-0A230417:65360:66006 [4] NCCL INFO Channel 00/0 : 6[b00000] -> 7[b00000] [send] via NET/IBext/4
ip-0A23041D:30567:31230 [4] NCCL INFO Channel 00/0 : 9[b00000] -> 10[b00000] [receive] via NET/IBext/4
ip-0A230408:74464:75122 [4] NCCL INFO Channel 01/0 : 7[b00000] -> 8[b00000] [receive] via NET/IBext/4
ip-0A230417:65360:66006 [4] NCCL INFO Channel 01/0 : 6[b00000] -> 7[b00000] [send] via NET/IBext/4
ip-0A230408:74464:75122 [4] NCCL INFO Channel 00/0 : 8[b00000] -> 9[b00000] [send] via NET/IBext/4
ip-0A23041A:24891:25551 [4] NCCL INFO Channel 00/0 : 8[b00000] -> 9[b00000] [receive] via NET/IBext/4
ip-0A230406:12920:13574 [4] NCCL INFO Channel 01/0 : 6[b00000] -> 7[b00000] [receive] via NET/IBext/4
ip-0A230405:27431:28089 [4] NCCL INFO Channel 00/0 : 10[b00000] -> 11[b00000] [receive] via NET/IBext/4
ip-0A230406:12920:13574 [4] NCCL INFO Channel 00/0 : 7[b00000] -> 8[b00000] [send] via NET/IBext/4
ip-0A23041D:30567:31230 [4] NCCL INFO Channel 01/0 : 9[b00000] -> 10[b00000] [receive] via NET/IBext/4
ip-0A230407:65199:65855 [4] NCCL INFO Channel 00/0 : 11[b00000] -> 12[b00000] [receive] via NET/IBext/4
ip-0A230408:74464:75122 [4] NCCL INFO Channel 01/0 : 8[b00000] -> 9[b00000] [send] via NET/IBext/4
ip-0A23040C:73755:74403 [4] NCCL INFO Channel 00/0 : 14[b00000] -> 15[b00000] [receive] via NET/IBext/4
ip-0A230406:12920:13574 [4] NCCL INFO Channel 01/0 : 7[b00000] -> 8[b00000] [send] via NET/IBext/4
ip-0A23041D:30567:31230 [4] NCCL INFO Channel 00/0 : 10[b00000] -> 11[b00000] [send] via NET/IBext/4
ip-0A230405:27431:28089 [4] NCCL INFO Channel 01/0 : 10[b00000] -> 11[b00000] [receive] via NET/IBext/4
ip-0A23041A:24891:25551 [4] NCCL INFO Channel 01/0 : 8[b00000] -> 9[b00000] [receive] via NET/IBext/4
ip-0A230405:27431:28089 [4] NCCL INFO Channel 00/0 : 11[b00000] -> 12[b00000] [send] via NET/IBext/4
ip-0A23040B:48757:49420 [4] NCCL INFO Channel 00/0 : 12[b00000] -> 13[b00000] [receive] via NET/IBext/4
ip-0A23041A:24891:25551 [4] NCCL INFO Channel 00/0 : 9[b00000] -> 10[b00000] [send] via NET/IBext/4
ip-0A23041A:24891:25551 [4] NCCL INFO Channel 01/0 : 9[b00000] -> 10[b00000] [send] via NET/IBext/4
ip-0A23041D:30567:31230 [4] NCCL INFO Channel 01/0 : 10[b00000] -> 11[b00000] [send] via NET/IBext/4
ip-0A230407:65199:65855 [4] NCCL INFO Channel 01/0 : 11[b00000] -> 12[b00000] [receive] via NET/IBext/4
ip-0A23040C:73755:74403 [4] NCCL INFO Channel 01/0 : 14[b00000] -> 15[b00000] [receive] via NET/IBext/4
ip-0A230407:65199:65855 [4] NCCL INFO Channel 00/0 : 12[b00000] -> 13[b00000] [send] via NET/IBext/4
ip-0A23040C:73755:74403 [4] NCCL INFO Channel 00/0 : 15[b00000] -> 0[b00000] [send] via NET/IBext/4
ip-0A230405:27431:28089 [4] NCCL INFO Channel 01/0 : 11[b00000] -> 12[b00000] [send] via NET/IBext/4
ip-0A23040B:48757:49420 [4] NCCL INFO Channel 01/0 : 12[b00000] -> 13[b00000] [receive] via NET/IBext/4
ip-0A23040B:48757:49420 [4] NCCL INFO Channel 00/0 : 13[b00000] -> 14[b00000] [send] via NET/IBext/4
ip-0A23040E:75232:75892 [4] NCCL INFO Channel 00/0 : 13[b00000] -> 14[b00000] [receive] via NET/IBext/4
ip-0A230407:65199:65855 [4] NCCL INFO Channel 01/0 : 12[b00000] -> 13[b00000] [send] via NET/IBext/4
ip-0A23040C:73755:74403 [4] NCCL INFO Channel 01/0 : 15[b00000] -> 0[b00000] [send] via NET/IBext/4
ip-0A23040B:48757:49420 [4] NCCL INFO Channel 01/0 : 13[b00000] -> 14[b00000] [send] via NET/IBext/4
ip-0A23040E:75232:75892 [4] NCCL INFO Channel 01/0 : 13[b00000] -> 14[b00000] [receive] via NET/IBext/4
ip-0A23040E:75232:75892 [4] NCCL INFO Channel 00/0 : 14[b00000] -> 15[b00000] [send] via NET/IBext/4
ip-0A23040E:75232:75892 [4] NCCL INFO Channel 01/0 : 14[b00000] -> 15[b00000] [send] via NET/IBext/4
ip-0A23040F:91550:92205 [4] NCCL INFO Connected all rings
ip-0A230414:28622:29278 [4] NCCL INFO Connected all rings
ip-0A230412:32310:32967 [4] NCCL INFO Connected all rings
ip-0A230417:65360:66006 [4] NCCL INFO Connected all rings
ip-0A230413:76054:76709 [4] NCCL INFO Connected all rings
ip-0A230408:74464:75122 [4] NCCL INFO Connected all rings
ip-0A230405:27431:28089 [4] NCCL INFO Connected all rings
ip-0A23041A:24891:25551 [4] NCCL INFO Connected all rings
ip-0A230410:62981:63634 [4] NCCL INFO Connected all rings
ip-0A23041D:30567:31230 [4] NCCL INFO Connected all rings
ip-0A23040B:48757:49420 [4] NCCL INFO Connected all rings
ip-0A230406:12920:13574 [4] NCCL INFO Connected all rings
ip-0A23040C:73755:74403 [4] NCCL INFO Connected all rings
ip-0A23040E:75232:75892 [4] NCCL INFO Connected all rings
ip-0A23040D:38185:38850 [4] NCCL INFO Connected all rings
ip-0A230407:65199:65855 [4] NCCL INFO Connected all rings
ip-0A23040F:91550:92205 [4] NCCL INFO Channel 01/0 : 1[b00000] -> 3[b00000] [send] via NET/IBext/4
ip-0A230413:76054:76709 [4] NCCL INFO Channel 00/0 : 2[b00000] -> 4[b00000] [receive] via NET/IBext/4
ip-0A230413:76054:76709 [4] NCCL INFO Channel 00/0 : 4[b00000] -> 6[b00000] [send] via NET/IBext/4
ip-0A230417:65360:66006 [4] NCCL INFO Channel 00/0 : 4[b00000] -> 6[b00000] [receive] via NET/IBext/4
ip-0A23040B:48757:49420 [4] NCCL INFO Channel 01/0 : 11[b00000] -> 13[b00000] [receive] via NET/IBext/4
ip-0A230414:28622:29278 [4] NCCL INFO Channel 01/0 : 3[b00000] -> 5[b00000] [receive] via NET/IBext/4
ip-0A23040C:73755:74403 [4] NCCL INFO Channel 01/0 : 7[b00000] -> 15[b00000] [receive] via NET/IBext/4
ip-0A23041D:30567:31230 [4] NCCL INFO Channel 00/0 : 10[b00000] -> 12[b00000] [send] via NET/IBext/4
ip-0A23040C:73755:74403 [4] NCCL INFO Channel 01/0 : 15[b00000] -> 7[b00000] [send] via NET/IBext/4
ip-0A23040D:38185:38850 [4] NCCL INFO Channel 00/0 : 8[b00000] -> 0[b00000] [receive] via NET/IBext/4
ip-0A23040D:38185:38850 [4] NCCL INFO Channel 00/0 : 0[b00000] -> 8[b00000] [send] via NET/IBext/4
ip-0A23041A:24891:25551 [4] NCCL INFO Channel 01/0 : 9[b00000] -> 11[b00000] [send] via NET/IBext/4
ip-0A230412:32310:32967 [4] NCCL INFO Channel 01/0 : 1[b00000] -> 3[b00000] [receive] via NET/IBext/4
ip-0A230406:12920:13574 [4] NCCL INFO Channel 01/0 : 3[b00000] -> 7[b00000] [receive] via NET/IBext/4
ip-0A230412:32310:32967 [4] NCCL INFO Channel 01/0 : 3[b00000] -> 5[b00000] [send] via NET/IBext/4
ip-0A230406:12920:13574 [4] NCCL INFO Channel 01/0 : 7[b00000] -> 11[b00000] [send] via NET/IBext/4
ip-0A230410:62981:63634 [4] NCCL INFO Channel 00/0 : 2[b00000] -> 4[b00000] [send] via NET/IBext/4
ip-0A230405:27431:28089 [4] NCCL INFO Channel 01/0 : 9[b00000] -> 11[b00000] [receive] via NET/IBext/4
ip-0A23040E:75232:75892 [4] NCCL INFO Channel 00/0 : 12[b00000] -> 14[b00000] [receive] via NET/IBext/4
ip-0A230408:74464:75122 [4] NCCL INFO Channel 00/0 : 4[b00000] -> 8[b00000] [receive] via NET/IBext/4
ip-0A230405:27431:28089 [4] NCCL INFO Channel 01/0 : 11[b00000] -> 13[b00000] [send] via NET/IBext/4
ip-0A230408:74464:75122 [4] NCCL INFO Channel 00/0 : 8[b00000] -> 12[b00000] [send] via NET/IBext/4
ip-0A230407:65199:65855 [4] NCCL INFO Channel 00/0 : 10[b00000] -> 12[b00000] [receive] via NET/IBext/4
ip-0A230407:65199:65855 [4] NCCL INFO Channel 00/0 : 12[b00000] -> 14[b00000] [send] via NET/IBext/4
ip-0A23040F:91550:92205 [4] NCCL INFO Channel 01/0 : 3[b00000] -> 1[b00000] [receive] via NET/IBext/4
ip-0A230410:62981:63634 [4] NCCL INFO Channel 00/0 : 4[b00000] -> 2[b00000] [receive] via NET/IBext/4
ip-0A23041A:24891:25551 [4] NCCL INFO Channel 01/0 : 11[b00000] -> 9[b00000] [receive] via NET/IBext/4
ip-0A23041D:30567:31230 [4] NCCL INFO Channel 00/0 : 12[b00000] -> 10[b00000] [receive] via NET/IBext/4
ip-0A230414:28622:29278 [4] NCCL INFO Channel 01/0 : 5[b00000] -> 3[b00000] [send] via NET/IBext/4
ip-0A23040E:75232:75892 [4] NCCL INFO Channel 00/0 : 14[b00000] -> 12[b00000] [send] via NET/IBext/4
ip-0A23040B:48757:49420 [4] NCCL INFO Channel 01/0 : 13[b00000] -> 11[b00000] [send] via NET/IBext/4
ip-0A230417:65360:66006 [4] NCCL INFO Channel 00/0 : 6[b00000] -> 4[b00000] [send] via NET/IBext/4
ip-0A230412:32310:32967 [4] NCCL INFO Channel 01/0 : 3[b00000] -> 7[b00000] [send] via NET/IBext/4
ip-0A230405:27431:28089 [4] NCCL INFO Channel 01/0 : 7[b00000] -> 11[b00000] [receive] via NET/IBext/4
ip-0A230407:65199:65855 [4] NCCL INFO Channel 00/0 : 8[b00000] -> 12[b00000] [receive] via NET/IBext/4
ip-0A230413:76054:76709 [4] NCCL INFO Channel 00/0 : 4[b00000] -> 8[b00000] [send] via NET/IBext/4
ip-0A230412:32310:32967 [4] NCCL INFO Channel 01/0 : 7[b00000] -> 3[b00000] [receive] via NET/IBext/4
ip-0A230413:76054:76709 [4] NCCL INFO Channel 00/0 : 8[b00000] -> 4[b00000] [receive] via NET/IBext/4
ip-0A230407:65199:65855 [4] NCCL INFO Channel 00/0 : 12[b00000] -> 8[b00000] [send] via NET/IBext/4
ip-0A230405:27431:28089 [4] NCCL INFO Channel 01/0 : 11[b00000] -> 7[b00000] [send] via NET/IBext/4
ip-0A230406:12920:13574 [4] NCCL INFO Channel 01/0 : 15[b00000] -> 7[b00000] [receive] via NET/IBext/4
ip-0A230406:12920:13574 [4] NCCL INFO Channel 01/0 : 7[b00000] -> 15[b00000] [send] via NET/IBext/4
ip-0A230408:74464:75122 [4] NCCL INFO Channel 00/0 : 0[b00000] -> 8[b00000] [receive] via NET/IBext/4
ip-0A230408:74464:75122 [4] NCCL INFO Channel 00/0 : 8[b00000] -> 0[b00000] [send] via NET/IBext/4
ip-0A23040D:38185:38850 [4] NCCL INFO Channel 01/0 : 1[b00000] -> 0[b00000] [receive] via NET/IBext/4
ip-0A230406:12920:13574 [4] NCCL INFO Channel 01/0 : 11[b00000] -> 7[b00000] [receive] via NET/IBext/4
ip-0A230406:12920:13574 [4] NCCL INFO Channel 01/0 : 7[b00000] -> 3[b00000] [send] via NET/IBext/4
ip-0A230408:74464:75122 [4] NCCL INFO Channel 00/0 : 12[b00000] -> 8[b00000] [receive] via NET/IBext/4
ip-0A230408:74464:75122 [4] NCCL INFO Channel 00/0 : 8[b00000] -> 4[b00000] [send] via NET/IBext/4
ip-0A23040C:73755:74403 [4] NCCL INFO Channel 00/0 : 15[b00000] -> 14[b00000] [send] via NET/IBext/4
ip-0A230405:27431:28089 [4] NCCL INFO Channel 01/0 : 13[b00000] -> 11[b00000] [receive] via NET/IBext/4
ip-0A230405:27431:28089 [4] NCCL INFO Channel 01/0 : 11[b00000] -> 9[b00000] [send] via NET/IBext/4
ip-0A230407:65199:65855 [4] NCCL INFO Channel 00/0 : 14[b00000] -> 12[b00000] [receive] via NET/IBext/4
ip-0A230407:65199:65855 [4] NCCL INFO Channel 00/0 : 12[b00000] -> 10[b00000] [send] via NET/IBext/4
ip-0A230412:32310:32967 [4] NCCL INFO Channel 01/0 : 5[b00000] -> 3[b00000] [receive] via NET/IBext/4
ip-0A230412:32310:32967 [4] NCCL INFO Channel 01/0 : 3[b00000] -> 1[b00000] [send] via NET/IBext/4
ip-0A230413:76054:76709 [4] NCCL INFO Channel 00/0 : 6[b00000] -> 4[b00000] [receive] via NET/IBext/4
ip-0A230413:76054:76709 [4] NCCL INFO Channel 00/0 : 4[b00000] -> 2[b00000] [send] via NET/IBext/4
ip-0A230406:12920:13574 [4] NCCL INFO Channel 00/0 : 7[b00000] -> 6[b00000] [send] via NET/IBext/4
ip-0A230408:74464:75122 [4] NCCL INFO Channel 01/0 : 9[b00000] -> 8[b00000] [receive] via NET/IBext/4
ip-0A23040E:75232:75892 [4] NCCL INFO Channel 00/0 : 15[b00000] -> 14[b00000] [receive] via NET/IBext/4
ip-0A23040E:75232:75892 [4] NCCL INFO Channel 00/0 : 14[b00000] -> 13[b00000] [send] via NET/IBext/4
ip-0A23040E:75232:75892 [4] NCCL INFO Channel 01/0 : 14[b00000] -> 13[b00000] [send] via NET/IBext/4
ip-0A23041D:30567:31230 [4] NCCL INFO Channel 00/0 : 11[b00000] -> 10[b00000] [receive] via NET/IBext/4
ip-0A23041A:24891:25551 [4] NCCL INFO Channel 00/0 : 10[b00000] -> 9[b00000] [receive] via NET/IBext/4
ip-0A23041D:30567:31230 [4] NCCL INFO Channel 00/0 : 10[b00000] -> 9[b00000] [send] via NET/IBext/4
ip-0A23041D:30567:31230 [4] NCCL INFO Channel 01/0 : 10[b00000] -> 9[b00000] [send] via NET/IBext/4
ip-0A23041A:24891:25551 [4] NCCL INFO Channel 01/0 : 10[b00000] -> 9[b00000] [receive] via NET/IBext/4
ip-0A23041A:24891:25551 [4] NCCL INFO Channel 01/0 : 9[b00000] -> 8[b00000] [send] via NET/IBext/4
ip-0A230417:65360:66006 [4] NCCL INFO Channel 00/0 : 7[b00000] -> 6[b00000] [receive] via NET/IBext/4
ip-0A230417:65360:66006 [4] NCCL INFO Channel 00/0 : 6[b00000] -> 5[b00000] [send] via NET/IBext/4
ip-0A230417:65360:66006 [4] NCCL INFO Channel 01/0 : 6[b00000] -> 5[b00000] [send] via NET/IBext/4
ip-0A230414:28622:29278 [4] NCCL INFO Channel 00/0 : 6[b00000] -> 5[b00000] [receive] via NET/IBext/4
ip-0A230414:28622:29278 [4] NCCL INFO Channel 01/0 : 6[b00000] -> 5[b00000] [receive] via NET/IBext/4
ip-0A230414:28622:29278 [4] NCCL INFO Channel 01/0 : 5[b00000] -> 4[b00000] [send] via NET/IBext/4
ip-0A23040F:91550:92205 [4] NCCL INFO Channel 00/0 : 2[b00000] -> 1[b00000] [receive] via NET/IBext/4
ip-0A23040F:91550:92205 [4] NCCL INFO Channel 01/0 : 2[b00000] -> 1[b00000] [receive] via NET/IBext/4
ip-0A23040F:91550:92205 [4] NCCL INFO Channel 01/0 : 1[b00000] -> 0[b00000] [send] via NET/IBext/4
ip-0A23040C:73755:74403 [4] NCCL INFO Connected all trees
ip-0A23040C:73755:74403 [4] NCCL INFO CollNet 00 : 15 [receive] via COLLNET/SHARP/4
ip-0A230405:27431:28089 [4] NCCL INFO Channel 00/0 : 11[b00000] -> 10[b00000] [send] via NET/IBext/4
ip-0A23040B:48757:49420 [4] NCCL INFO Channel 00/0 : 14[b00000] -> 13[b00000] [receive] via NET/IBext/4
ip-0A23040B:48757:49420 [4] NCCL INFO Channel 01/0 : 14[b00000] -> 13[b00000] [receive] via NET/IBext/4
ip-0A23040B:48757:49420 [4] NCCL INFO Channel 01/0 : 13[b00000] -> 12[b00000] [send] via NET/IBext/4
ip-0A230412:32310:32967 [4] NCCL INFO Channel 00/0 : 3[b00000] -> 2[b00000] [send] via NET/IBext/4
ip-0A230407:65199:65855 [4] NCCL INFO Channel 01/0 : 13[b00000] -> 12[b00000] [receive] via NET/IBext/4
ip-0A230406:12920:13574 [4] NCCL INFO Connected all trees
ip-0A230406:12920:13574 [4] NCCL INFO CollNet 00 : 7 [receive] via COLLNET/SHARP/4
ip-0A230413:76054:76709 [4] NCCL INFO Channel 01/0 : 5[b00000] -> 4[b00000] [receive] via NET/IBext/4
ip-0A230405:27431:28089 [4] NCCL INFO Connected all trees
ip-0A230405:27431:28089 [4] NCCL INFO CollNet 00 : 11 [receive] via COLLNET/SHARP/4
ip-0A230410:62981:63634 [4] NCCL INFO Channel 00/0 : 3[b00000] -> 2[b00000] [receive] via NET/IBext/4
ip-0A230410:62981:63634 [4] NCCL INFO Channel 00/0 : 2[b00000] -> 1[b00000] [send] via NET/IBext/4
ip-0A230410:62981:63634 [4] NCCL INFO Channel 01/0 : 2[b00000] -> 1[b00000] [send] via NET/IBext/4
ip-0A230408:74464:75122 [4] NCCL INFO Connected all trees
ip-0A230408:74464:75122 [4] NCCL INFO CollNet 00 : 8 [receive] via COLLNET/SHARP/4
ip-0A230407:65199:65855 [4] NCCL INFO Connected all trees
ip-0A230407:65199:65855 [4] NCCL INFO CollNet 00 : 12 [receive] via COLLNET/SHARP/4
ip-0A230413:76054:76709 [4] NCCL INFO Connected all trees
ip-0A230413:76054:76709 [4] NCCL INFO CollNet 00 : 4 [receive] via COLLNET/SHARP/4
ip-0A230412:32310:32967 [4] NCCL INFO Connected all trees
ip-0A230412:32310:32967 [4] NCCL INFO CollNet 00 : 3 [receive] via COLLNET/SHARP/4
ip-0A23041A:24891:25551 [4] NCCL INFO Connected all trees
ip-0A23040D:38185:38850 [4] NCCL INFO Connected all trees
ip-0A23040D:38185:38850 [4] NCCL INFO CollNet 00 : 0 [receive] via COLLNET/SHARP/4
ip-0A23041D:30567:31230 [4] NCCL INFO Connected all trees
ip-0A23040E:75232:75892 [4] NCCL INFO Connected all trees
ip-0A230414:28622:29278 [4] NCCL INFO Connected all trees
ip-0A23040B:48757:49420 [4] NCCL INFO Connected all trees
ip-0A230417:65360:66006 [4] NCCL INFO Connected all trees
ip-0A230410:62981:63634 [4] NCCL INFO Connected all trees
ip-0A23040F:91550:92205 [4] NCCL INFO Connected all trees
ip-0A23041A:24891:25551 [4] NCCL INFO CollNet 00 : 9 [receive] via COLLNET/SHARP/4
ip-0A23041D:30567:31230 [4] NCCL INFO CollNet 00 : 10 [receive] via COLLNET/SHARP/4
ip-0A23040E:75232:75892 [4] NCCL INFO CollNet 00 : 14 [receive] via COLLNET/SHARP/4
ip-0A23040B:48757:49420 [4] NCCL INFO CollNet 00 : 13 [receive] via COLLNET/SHARP/4
