ip-0A230407:61714:62390 [5] NCCL INFO CollNet 00 : 12 [receive] via COLLNET/SHARP/5
ip-0A230412:28881:29545 [5] NCCL INFO Connected all trees
ip-0A230412:28881:29545 [5] NCCL INFO CollNet 00 : 3 [receive] via COLLNET/SHARP/5
ip-0A23040E:71766:72450 [5] NCCL INFO Connected all trees
ip-0A230413:72599:73264 [5] NCCL INFO Connected all trees
ip-0A230413:72599:73264 [5] NCCL INFO CollNet 00 : 4 [receive] via COLLNET/SHARP/5
ip-0A23040B:45336:46005 [5] NCCL INFO Connected all trees
ip-0A230417:61897:62575 [5] NCCL INFO Connected all trees
ip-0A23040D:34263:34950 [5] NCCL INFO Connected all trees
ip-0A23040D:34263:34950 [5] NCCL INFO CollNet 00 : 0 [receive] via COLLNET/SHARP/5
ip-0A230410:59467:60133 [5] NCCL INFO Connected all trees
ip-0A23040F:88077:88742 [5] NCCL INFO Connected all trees
ip-0A230414:25188:25866 [5] NCCL INFO Connected all trees
ip-0A23041A:21445:22131 [5] NCCL INFO Channel 01/0 : 10[c00000] -> 9[c00000] [receive] via NET/IBext/5
ip-0A23041A:21445:22131 [5] NCCL INFO Channel 01/0 : 9[c00000] -> 8[c00000] [send] via NET/IBext/5
ip-0A230408:70950:71629 [5] NCCL INFO Connected all trees
ip-0A230408:70950:71629 [5] NCCL INFO CollNet 00 : 8 [receive] via COLLNET/SHARP/5
ip-0A23040E:71766:72450 [5] NCCL INFO CollNet 00 : 14 [receive] via COLLNET/SHARP/5
ip-0A230417:61897:62575 [5] NCCL INFO CollNet 00 : 6 [receive] via COLLNET/SHARP/5
ip-0A23040B:45336:46005 [5] NCCL INFO CollNet 00 : 13 [receive] via COLLNET/SHARP/5
ip-0A23041D:27114:27793 [5] NCCL INFO Connected all trees
ip-0A23041A:21445:22131 [5] NCCL INFO Connected all trees
ip-0A230410:59467:60133 [5] NCCL INFO CollNet 00 : 2 [receive] via COLLNET/SHARP/5
ip-0A23040F:88077:88742 [5] NCCL INFO CollNet 00 : 1 [receive] via COLLNET/SHARP/5
ip-0A230414:25188:25866 [5] NCCL INFO CollNet 00 : 5 [receive] via COLLNET/SHARP/5
ip-0A23041A:21445:22131 [5] NCCL INFO CollNet 00 : 9 [receive] via COLLNET/SHARP/5
ip-0A23041D:27114:27793 [5] NCCL INFO CollNet 00 : 10 [receive] via COLLNET/SHARP/5
ip-0A23041D:27114:27794 [5] NCCL INFO NCCL_SHARP_GROUP_SIZE_THRESH set by environment to 16.
ip-0A230405:23961:24644 [5] NCCL INFO NCCL_SHARP_GROUP_SIZE_THRESH set by environment to 16.
ip-0A230407:61714:62391 [5] NCCL INFO NCCL_SHARP_GROUP_SIZE_THRESH set by environment to 16.
ip-0A23040B:45336:46006 [5] NCCL INFO NCCL_SHARP_GROUP_SIZE_THRESH set by environment to 16.
ip-0A23040E:71766:72451 [5] NCCL INFO NCCL_SHARP_GROUP_SIZE_THRESH set by environment to 16.
ip-0A23040D:34263:34951 [5] NCCL INFO NCCL_SHARP_GROUP_SIZE_THRESH set by environment to 16.
ip-0A23040C:70242:70911 [5] NCCL INFO NCCL_SHARP_GROUP_SIZE_THRESH set by environment to 16.
ip-0A23040F:88077:88743 [5] NCCL INFO NCCL_SHARP_GROUP_SIZE_THRESH set by environment to 16.
ip-0A230410:59467:60134 [5] NCCL INFO NCCL_SHARP_GROUP_SIZE_THRESH set by environment to 16.
ip-0A230412:28881:29546 [5] NCCL INFO NCCL_SHARP_GROUP_SIZE_THRESH set by environment to 16.
ip-0A230413:72599:73265 [5] NCCL INFO NCCL_SHARP_GROUP_SIZE_THRESH set by environment to 16.
ip-0A230414:25188:25867 [5] NCCL INFO NCCL_SHARP_GROUP_SIZE_THRESH set by environment to 16.
ip-0A230417:61897:62576 [5] NCCL INFO NCCL_SHARP_GROUP_SIZE_THRESH set by environment to 16.
ip-0A230406:9410:10088 [5] NCCL INFO NCCL_SHARP_GROUP_SIZE_THRESH set by environment to 16.
ip-0A230408:70950:71630 [5] NCCL INFO NCCL_SHARP_GROUP_SIZE_THRESH set by environment to 16.
ip-0A23041A:21445:22132 [5] NCCL INFO NCCL_SHARP_GROUP_SIZE_THRESH set by environment to 16.
[ip-0A23040D:0:34263 - context.c:584] INFO job (ID: 2524862691049526139) resource request quota: ( osts:0 user_data_per_ost:0 max_groups:0 max_qps:1 max_group_channels:1, num_trees:1)
[ip-0A23040D:0:34263 unique id 0] ERROR No Aggregation Manager (sharp_am) detected in sharp_create_job.

[ip-0A23040D:0:34263 - context.c:601] ERROR sharp_create_job failed: No Aggregation Manager (sharp_am) detected(-52)
ip-0A230412:28881:29546 [5] NCCL INFO Sharp rank 3/16 initialized on mlx5_ib5:1

ip-0A230412:28881:29546 [5] sharp_plugin.c:288 NCCL WARN NET/IB :SHARP coll init error: Cannot create SHArP job(-11)

ip-0A230412:28881:29546 [5] NCCL INFO include/coll_net.h:21 -> 3
ip-0A230405:23961:24644 [5] NCCL INFO Sharp rank 11/16 initialized on mlx5_ib5:1

ip-0A230405:23961:24644 [5] sharp_plugin.c:288 NCCL WARN NET/IB :SHARP coll init error: Cannot create SHArP job(-11)

ip-0A230405:23961:24644 [5] NCCL INFO include/coll_net.h:21 -> 3
ip-0A230408:70950:71630 [5] NCCL INFO Sharp rank 8/16 initialized on mlx5_ib5:1

ip-0A230408:70950:71630 [5] sharp_plugin.c:288 NCCL WARN NET/IB :SHARP coll init error: Cannot create SHArP job(-11)

ip-0A230408:70950:71630 [5] NCCL INFO include/coll_net.h:21 -> 3
ip-0A230406:9410:10088 [5] NCCL INFO Sharp rank 7/16 initialized on mlx5_ib5:1

ip-0A230406:9410:10088 [5] sharp_plugin.c:288 NCCL WARN NET/IB :SHARP coll init error: Cannot create SHArP job(-11)

ip-0A230406:9410:10088 [5] NCCL INFO include/coll_net.h:21 -> 3
ip-0A23040E:71766:72451 [5] NCCL INFO Sharp rank 14/16 initialized on mlx5_ib5:1

ip-0A23040E:71766:72451 [5] sharp_plugin.c:288 NCCL WARN NET/IB :SHARP coll init error: Cannot create SHArP job(-11)

ip-0A230417:61897:62576 [5] NCCL INFO Sharp rank 6/16 initialized on mlx5_ib5:1

ip-0A230417:61897:62576 [5] sharp_plugin.c:288 NCCL WARN NET/IB :SHARP coll init error: Cannot create SHArP job(-11)

ip-0A230417:61897:62576 [5] NCCL INFO include/coll_net.h:21 -> 3
ip-0A230410:59467:60134 [5] NCCL INFO Sharp rank 2/16 initialized on mlx5_ib5:1

ip-0A230410:59467:60134 [5] sharp_plugin.c:288 NCCL WARN NET/IB :SHARP coll init error: Cannot create SHArP job(-11)

ip-0A23041D:27114:27794 [5] NCCL INFO Sharp rank 10/16 initialized on mlx5_ib5:1

ip-0A23041D:27114:27794 [5] sharp_plugin.c:288 NCCL WARN NET/IB :SHARP coll init error: Cannot create SHArP job(-11)

ip-0A23041D:27114:27794 [5] NCCL INFO include/coll_net.h:21 -> 3
ip-0A230407:61714:62391 [5] NCCL INFO Sharp rank 12/16 initialized on mlx5_ib5:1

ip-0A230407:61714:62391 [5] sharp_plugin.c:288 NCCL WARN NET/IB :SHARP coll init error: Cannot create SHArP job(-11)

ip-0A230407:61714:62391 [5] NCCL INFO include/coll_net.h:21 -> 3
ip-0A23041A:21445:22132 [5] NCCL INFO Sharp rank 9/16 initialized on mlx5_ib5:1

ip-0A23041A:21445:22132 [5] sharp_plugin.c:288 NCCL WARN NET/IB :SHARP coll init error: Cannot create SHArP job(-11)

ip-0A23041A:21445:22132 [5] NCCL INFO include/coll_net.h:21 -> 3
ip-0A230414:25188:25867 [5] NCCL INFO Sharp rank 5/16 initialized on mlx5_ib5:1

ip-0A230414:25188:25867 [5] sharp_plugin.c:288 NCCL WARN NET/IB :SHARP coll init error: Cannot create SHArP job(-11)

ip-0A230414:25188:25867 [5] NCCL INFO include/coll_net.h:21 -> 3
ip-0A230412:28881:29545 [5] NCCL INFO transport.cc:222 -> 2

ip-0A230412:28881:29545 [5] transport.cc:253 NCCL WARN Cannot initialize CollNet, using point-to-point network instead
ip-0A230412:28881:29545 [5] NCCL INFO init.cc:765 -> 2
ip-0A23040C:70242:70911 [5] NCCL INFO Sharp rank 15/16 initialized on mlx5_ib5:1

ip-0A23040C:70242:70911 [5] sharp_plugin.c:288 NCCL WARN NET/IB :SHARP coll init error: Cannot create SHArP job(-11)

ip-0A23040C:70242:70911 [5] NCCL INFO include/coll_net.h:21 -> 3
ip-0A230413:72599:73265 [5] NCCL INFO Sharp rank 4/16 initialized on mlx5_ib5:1

ip-0A230413:72599:73265 [5] sharp_plugin.c:288 NCCL WARN NET/IB :SHARP coll init error: Cannot create SHArP job(-11)

ip-0A230413:72599:73265 [5] NCCL INFO include/coll_net.h:21 -> 3
ip-0A23040F:88077:88743 [5] NCCL INFO Sharp rank 1/16 initialized on mlx5_ib5:1

ip-0A23040F:88077:88743 [5] sharp_plugin.c:288 NCCL WARN NET/IB :SHARP coll init error: Cannot create SHArP job(-11)

ip-0A23040F:88077:88743 [5] NCCL INFO include/coll_net.h:21 -> 3
ip-0A230412:28881:29545 [5] NCCL INFO threadThresholds 8/8/64 | 128/8/64 | 8/8/512
ip-0A230412:28881:29545 [5] NCCL INFO 2 coll channels, 2 p2p channels, 2 p2p channels per peer
ip-0A23040B:45336:46006 [5] NCCL INFO Sharp rank 13/16 initialized on mlx5_ib5:1

ip-0A23040B:45336:46006 [5] sharp_plugin.c:288 NCCL WARN NET/IB :SHARP coll init error: Cannot create SHArP job(-11)

ip-0A23040B:45336:46006 [5] NCCL INFO include/coll_net.h:21 -> 3
ip-0A230405:23961:24643 [5] NCCL INFO transport.cc:222 -> 2

ip-0A230405:23961:24643 [5] transport.cc:253 NCCL WARN Cannot initialize CollNet, using point-to-point network instead
ip-0A230405:23961:24643 [5] NCCL INFO init.cc:765 -> 2
ip-0A230405:23961:24643 [5] NCCL INFO threadThresholds 8/8/64 | 128/8/64 | 8/8/512
ip-0A230405:23961:24643 [5] NCCL INFO 2 coll channels, 2 p2p channels, 2 p2p channels per peer
ip-0A230406:9410:10087 [5] NCCL INFO transport.cc:222 -> 2

ip-0A230406:9410:10087 [5] transport.cc:253 NCCL WARN Cannot initialize CollNet, using point-to-point network instead
ip-0A230406:9410:10087 [5] NCCL INFO init.cc:765 -> 2
ip-0A230408:70950:71629 [5] NCCL INFO transport.cc:222 -> 2

ip-0A230408:70950:71629 [5] transport.cc:253 NCCL WARN Cannot initialize CollNet, using point-to-point network instead
ip-0A23040E:71766:72451 [5] NCCL INFO include/coll_net.h:21 -> 3
ip-0A230417:61897:62575 [5] NCCL INFO transport.cc:222 -> 2

ip-0A230417:61897:62575 [5] transport.cc:253 NCCL WARN Cannot initialize CollNet, using point-to-point network instead
ip-0A230417:61897:62575 [5] NCCL INFO init.cc:765 -> 2
ip-0A230406:9410:10087 [5] NCCL INFO threadThresholds 8/8/64 | 128/8/64 | 8/8/512
ip-0A230406:9410:10087 [5] NCCL INFO 2 coll channels, 2 p2p channels, 2 p2p channels per peer
ip-0A230408:70950:71629 [5] NCCL INFO init.cc:765 -> 2
ip-0A23040E:71766:72450 [5] NCCL INFO transport.cc:222 -> 2

ip-0A23040E:71766:72450 [5] transport.cc:253 NCCL WARN Cannot initialize CollNet, using point-to-point network instead
ip-0A23040E:71766:72450 [5] NCCL INFO init.cc:765 -> 2
ip-0A23040E:71766:72450 [5] NCCL INFO threadThresholds 8/8/64 | 128/8/64 | 8/8/512
ip-0A23040E:71766:72450 [5] NCCL INFO 2 coll channels, 2 p2p channels, 2 p2p channels per peer
ip-0A230417:61897:62575 [5] NCCL INFO threadThresholds 8/8/64 | 128/8/64 | 8/8/512
ip-0A230417:61897:62575 [5] NCCL INFO 2 coll channels, 2 p2p channels, 2 p2p channels per peer
ip-0A23041A:21445:22131 [5] NCCL INFO transport.cc:222 -> 2

ip-0A23041A:21445:22131 [5] transport.cc:253 NCCL WARN Cannot initialize CollNet, using point-to-point network instead
ip-0A23041A:21445:22131 [5] NCCL INFO init.cc:765 -> 2
ip-0A230408:70950:71629 [5] NCCL INFO threadThresholds 8/8/64 | 128/8/64 | 8/8/512
ip-0A23041A:21445:22131 [5] NCCL INFO threadThresholds 8/8/64 | 128/8/64 | 8/8/512
ip-0A23041A:21445:22131 [5] NCCL INFO 2 coll channels, 2 p2p channels, 2 p2p channels per peer
ip-0A230408:70950:71629 [5] NCCL INFO 2 coll channels, 2 p2p channels, 2 p2p channels per peer
ip-0A230407:61714:62390 [5] NCCL INFO transport.cc:222 -> 2

ip-0A230407:61714:62390 [5] transport.cc:253 NCCL WARN Cannot initialize CollNet, using point-to-point network instead
ip-0A230407:61714:62390 [5] NCCL INFO init.cc:765 -> 2
ip-0A230410:59467:60134 [5] NCCL INFO include/coll_net.h:21 -> 3
ip-0A230407:61714:62390 [5] NCCL INFO threadThresholds 8/8/64 | 128/8/64 | 8/8/512
ip-0A230407:61714:62390 [5] NCCL INFO 2 coll channels, 2 p2p channels, 2 p2p channels per peer
ip-0A230410:59467:60133 [5] NCCL INFO transport.cc:222 -> 2

ip-0A230410:59467:60133 [5] transport.cc:253 NCCL WARN Cannot initialize CollNet, using point-to-point network instead
ip-0A230410:59467:60133 [5] NCCL INFO init.cc:765 -> 2
ip-0A23040C:70242:70910 [5] NCCL INFO transport.cc:222 -> 2

ip-0A23040C:70242:70910 [5] transport.cc:253 NCCL WARN Cannot initialize CollNet, using point-to-point network instead
ip-0A23040C:70242:70910 [5] NCCL INFO init.cc:765 -> 2
ip-0A230413:72599:73264 [5] NCCL INFO transport.cc:222 -> 2

ip-0A230413:72599:73264 [5] transport.cc:253 NCCL WARN Cannot initialize CollNet, using point-to-point network instead
ip-0A23041D:27114:27793 [5] NCCL INFO transport.cc:222 -> 2

ip-0A23041D:27114:27793 [5] transport.cc:253 NCCL WARN Cannot initialize CollNet, using point-to-point network instead
ip-0A23041D:27114:27793 [5] NCCL INFO init.cc:765 -> 2
ip-0A23040F:88077:88742 [5] NCCL INFO transport.cc:222 -> 2

ip-0A23040F:88077:88742 [5] transport.cc:253 NCCL WARN Cannot initialize CollNet, using point-to-point network instead
ip-0A23040F:88077:88742 [5] NCCL INFO init.cc:765 -> 2
ip-0A230414:25188:25866 [5] NCCL INFO transport.cc:222 -> 2

ip-0A230414:25188:25866 [5] transport.cc:253 NCCL WARN Cannot initialize CollNet, using point-to-point network instead
ip-0A230414:25188:25866 [5] NCCL INFO init.cc:765 -> 2
ip-0A230414:25188:25866 [5] NCCL INFO threadThresholds 8/8/64 | 128/8/64 | 8/8/512
ip-0A230414:25188:25866 [5] NCCL INFO 2 coll channels, 2 p2p channels, 2 p2p channels per peer
ip-0A230410:59467:60133 [5] NCCL INFO threadThresholds 8/8/64 | 128/8/64 | 8/8/512
ip-0A23040C:70242:70910 [5] NCCL INFO threadThresholds 8/8/64 | 128/8/64 | 8/8/512
ip-0A230413:72599:73264 [5] NCCL INFO init.cc:765 -> 2
ip-0A23041D:27114:27793 [5] NCCL INFO threadThresholds 8/8/64 | 128/8/64 | 8/8/512
ip-0A23041D:27114:27793 [5] NCCL INFO 2 coll channels, 2 p2p channels, 2 p2p channels per peer
ip-0A23040F:88077:88742 [5] NCCL INFO threadThresholds 8/8/64 | 128/8/64 | 8/8/512
ip-0A23040F:88077:88742 [5] NCCL INFO 2 coll channels, 2 p2p channels, 2 p2p channels per peer
ip-0A230410:59467:60133 [5] NCCL INFO 2 coll channels, 2 p2p channels, 2 p2p channels per peer
ip-0A23040C:70242:70910 [5] NCCL INFO 2 coll channels, 2 p2p channels, 2 p2p channels per peer
ip-0A230413:72599:73264 [5] NCCL INFO threadThresholds 8/8/64 | 128/8/64 | 8/8/512
ip-0A230413:72599:73264 [5] NCCL INFO 2 coll channels, 2 p2p channels, 2 p2p channels per peer
ip-0A23040B:45336:46005 [5] NCCL INFO transport.cc:222 -> 2

ip-0A23040B:45336:46005 [5] transport.cc:253 NCCL WARN Cannot initialize CollNet, using point-to-point network instead
ip-0A23040B:45336:46005 [5] NCCL INFO init.cc:765 -> 2
ip-0A23040B:45336:46005 [5] NCCL INFO threadThresholds 8/8/64 | 128/8/64 | 8/8/512
ip-0A23040B:45336:46005 [5] NCCL INFO 2 coll channels, 2 p2p channels, 2 p2p channels per peer
ip-0A230410:59467:60133 [5] NCCL INFO comm 0x152540008fb0 rank 2 nranks 16 cudaDev 5 busId c00000 - Init COMPLETE
ip-0A23040E:71766:72450 [5] NCCL INFO comm 0x1511c4008fb0 rank 14 nranks 16 cudaDev 5 busId c00000 - Init COMPLETE
ip-0A23040B:45336:46005 [5] NCCL INFO comm 0x1463e0008fb0 rank 13 nranks 16 cudaDev 5 busId c00000 - Init COMPLETE
ip-0A23041A:21445:22131 [5] NCCL INFO comm 0x148658008fb0 rank 9 nranks 16 cudaDev 5 busId c00000 - Init COMPLETE
ip-0A23040F:88077:88742 [5] NCCL INFO comm 0x151cf8008fb0 rank 1 nranks 16 cudaDev 5 busId c00000 - Init COMPLETE
ip-0A230414:25188:25866 [5] NCCL INFO comm 0x14ad34008fb0 rank 5 nranks 16 cudaDev 5 busId c00000 - Init COMPLETE
ip-0A23041D:27114:27793 [5] NCCL INFO comm 0x147558008fb0 rank 10 nranks 16 cudaDev 5 busId c00000 - Init COMPLETE
ip-0A230417:61897:62575 [5] NCCL INFO comm 0x14a638008fb0 rank 6 nranks 16 cudaDev 5 busId c00000 - Init COMPLETE
ip-0A230412:28881:29545 [5] NCCL INFO comm 0x153c28008fb0 rank 3 nranks 16 cudaDev 5 busId c00000 - Init COMPLETE
ip-0A230405:23961:24643 [5] NCCL INFO comm 0x149320008fb0 rank 11 nranks 16 cudaDev 5 busId c00000 - Init COMPLETE
ip-0A230408:70950:71629 [5] NCCL INFO comm 0x14e640008fb0 rank 8 nranks 16 cudaDev 5 busId c00000 - Init COMPLETE
ip-0A230407:61714:62390 [5] NCCL INFO comm 0x153718008fb0 rank 12 nranks 16 cudaDev 5 busId c00000 - Init COMPLETE
ip-0A230413:72599:73264 [5] NCCL INFO comm 0x1502f4008fb0 rank 4 nranks 16 cudaDev 5 busId c00000 - Init COMPLETE
ip-0A230406:9410:10087 [5] NCCL INFO comm 0x14c434008fb0 rank 7 nranks 16 cudaDev 5 busId c00000 - Init COMPLETE
ip-0A23040C:70242:70910 [5] NCCL INFO comm 0x15139c008fb0 rank 15 nranks 16 cudaDev 5 busId c00000 - Init COMPLETE
ip-0A23040D:34263:34951 [5] NCCL INFO Sharp rank 0/16 initialized on mlx5_ib5:1

ip-0A23040D:34263:34951 [5] sharp_plugin.c:288 NCCL WARN NET/IB :SHARP coll init error: Cannot create SHArP job(-11)

ip-0A23040D:34263:34951 [5] NCCL INFO include/coll_net.h:21 -> 3
ip-0A23040D:34263:34950 [5] NCCL INFO transport.cc:222 -> 2

ip-0A23040D:34263:34950 [5] transport.cc:253 NCCL WARN Cannot initialize CollNet, using point-to-point network instead
ip-0A23040D:34263:34950 [5] NCCL INFO init.cc:765 -> 2
ip-0A23040D:34263:34950 [5] NCCL INFO threadThresholds 8/8/64 | 128/8/64 | 8/8/512
ip-0A23040D:34263:34950 [5] NCCL INFO 2 coll channels, 2 p2p channels, 2 p2p channels per peer
ip-0A23040D:34263:34950 [5] NCCL INFO comm 0x153abc008fb0 rank 0 nranks 16 cudaDev 5 busId c00000 - Init COMPLETE
ip-0A23040D:34263:34263 [5] NCCL INFO Launch mode Parallel
ip-0A23040D:34257:34257 [6] NCCL INFO Bootstrap : Using eth0:10.35.4.13<0>
ip-0A23040D:34257:34257 [6] NCCL INFO NET/Plugin: Failed to find ncclNetPlugin_v5 symbol.
ip-0A23040D:34257:34257 [6] NCCL INFO NET/Plugin: Failed to find ncclCollNetPlugin_v5 symbol.
ip-0A23040D:34257:34257 [6] NCCL INFO Plugin Path : /opt/hpcx/nccl_rdma_sharp_plugin/lib/libnccl-net.so
ip-0A23040D:34257:34257 [6] NCCL INFO P2P plugin IBext
ip-0A23040D:34257:34257 [6] NCCL INFO NCCL_IB_PCI_RELAXED_ORDERING set by environment to 1.
ip-0A23040D:34257:34257 [6] NCCL INFO NET/IB : Using [0]mlx5_ib0:1/IB/SHARP [1]mlx5_ib1:1/IB/SHARP [2]mlx5_ib2:1/IB/SHARP [3]mlx5_ib3:1/IB/SHARP [4]mlx5_ib4:1/IB/SHARP [5]mlx5_ib5:1/IB/SHARP [6]mlx5_ib6:1/IB/SHARP [7]mlx5_ib7:1/IB/SHARP ; OOB eth0:10.35.4.13<0>
ip-0A23040D:34257:34257 [6] NCCL INFO Using network IBext
NCCL version 2.12.10+cuda11.6
ip-0A23041A:21468:21468 [6] NCCL INFO Bootstrap : Using eth0:10.35.4.26<0>
ip-0A230407:61716:61716 [6] NCCL INFO Bootstrap : Using eth0:10.35.4.7<0>
ip-0A23040F:88079:88079 [6] NCCL INFO Bootstrap : Using eth0:10.35.4.15<0>
ip-0A23040E:71770:71770 [6] NCCL INFO Bootstrap : Using eth0:10.35.4.14<0>
ip-0A23041D:27119:27119 [6] NCCL INFO Bootstrap : Using eth0:10.35.4.29<0>
ip-0A230406:9412:9412 [6] NCCL INFO Bootstrap : Using eth0:10.35.4.6<0>
ip-0A23040C:70246:70246 [6] NCCL INFO Bootstrap : Using eth0:10.35.4.12<0>
ip-0A23040B:45333:45333 [6] NCCL INFO Bootstrap : Using eth0:10.35.4.11<0>
ip-0A230414:25191:25191 [6] NCCL INFO Bootstrap : Using eth0:10.35.4.20<0>
ip-0A230413:72596:72596 [6] NCCL INFO Bootstrap : Using eth0:10.35.4.19<0>
ip-0A230412:28875:28875 [6] NCCL INFO Bootstrap : Using eth0:10.35.4.18<0>
ip-0A230417:61895:61895 [6] NCCL INFO Bootstrap : Using eth0:10.35.4.23<0>
ip-0A230408:70952:70952 [6] NCCL INFO Bootstrap : Using eth0:10.35.4.8<0>
ip-0A230410:59468:59468 [6] NCCL INFO Bootstrap : Using eth0:10.35.4.16<0>
ip-0A230405:23967:23967 [6] NCCL INFO Bootstrap : Using eth0:10.35.4.5<0>
ip-0A23040F:88079:88079 [6] NCCL INFO NET/Plugin: Failed to find ncclNetPlugin_v5 symbol.
ip-0A23040F:88079:88079 [6] NCCL INFO NET/Plugin: Failed to find ncclCollNetPlugin_v5 symbol.
ip-0A23040F:88079:88079 [6] NCCL INFO Plugin Path : /opt/hpcx/nccl_rdma_sharp_plugin/lib/libnccl-net.so
ip-0A23040F:88079:88079 [6] NCCL INFO P2P plugin IBext
ip-0A23040F:88079:88079 [6] NCCL INFO NCCL_IB_PCI_RELAXED_ORDERING set by environment to 1.
ip-0A23040C:70246:70246 [6] NCCL INFO NET/Plugin: Failed to find ncclNetPlugin_v5 symbol.
ip-0A23040C:70246:70246 [6] NCCL INFO NET/Plugin: Failed to find ncclCollNetPlugin_v5 symbol.
ip-0A23040C:70246:70246 [6] NCCL INFO Plugin Path : /opt/hpcx/nccl_rdma_sharp_plugin/lib/libnccl-net.so
ip-0A23040C:70246:70246 [6] NCCL INFO P2P plugin IBext
ip-0A23040C:70246:70246 [6] NCCL INFO NCCL_IB_PCI_RELAXED_ORDERING set by environment to 1.
ip-0A23040E:71770:71770 [6] NCCL INFO NET/Plugin: Failed to find ncclNetPlugin_v5 symbol.
ip-0A23040E:71770:71770 [6] NCCL INFO NET/Plugin: Failed to find ncclCollNetPlugin_v5 symbol.
ip-0A23041A:21468:21468 [6] NCCL INFO NET/Plugin: Failed to find ncclNetPlugin_v5 symbol.
ip-0A23041A:21468:21468 [6] NCCL INFO NET/Plugin: Failed to find ncclCollNetPlugin_v5 symbol.
ip-0A23041A:21468:21468 [6] NCCL INFO Plugin Path : /opt/hpcx/nccl_rdma_sharp_plugin/lib/libnccl-net.so
ip-0A23041A:21468:21468 [6] NCCL INFO P2P plugin IBext
ip-0A23041A:21468:21468 [6] NCCL INFO NCCL_IB_PCI_RELAXED_ORDERING set by environment to 1.
ip-0A23040E:71770:71770 [6] NCCL INFO Plugin Path : /opt/hpcx/nccl_rdma_sharp_plugin/lib/libnccl-net.so
ip-0A23040E:71770:71770 [6] NCCL INFO P2P plugin IBext
ip-0A23040E:71770:71770 [6] NCCL INFO NCCL_IB_PCI_RELAXED_ORDERING set by environment to 1.
ip-0A230407:61716:61716 [6] NCCL INFO NET/Plugin: Failed to find ncclNetPlugin_v5 symbol.
ip-0A230407:61716:61716 [6] NCCL INFO NET/Plugin: Failed to find ncclCollNetPlugin_v5 symbol.
ip-0A230407:61716:61716 [6] NCCL INFO Plugin Path : /opt/hpcx/nccl_rdma_sharp_plugin/lib/libnccl-net.so
ip-0A230407:61716:61716 [6] NCCL INFO P2P plugin IBext
ip-0A230407:61716:61716 [6] NCCL INFO NCCL_IB_PCI_RELAXED_ORDERING set by environment to 1.
ip-0A230413:72596:72596 [6] NCCL INFO NET/Plugin: Failed to find ncclNetPlugin_v5 symbol.
ip-0A230413:72596:72596 [6] NCCL INFO NET/Plugin: Failed to find ncclCollNetPlugin_v5 symbol.
ip-0A230413:72596:72596 [6] NCCL INFO Plugin Path : /opt/hpcx/nccl_rdma_sharp_plugin/lib/libnccl-net.so
ip-0A230413:72596:72596 [6] NCCL INFO P2P plugin IBext
ip-0A230413:72596:72596 [6] NCCL INFO NCCL_IB_PCI_RELAXED_ORDERING set by environment to 1.
ip-0A23041D:27119:27119 [6] NCCL INFO NET/Plugin: Failed to find ncclNetPlugin_v5 symbol.
ip-0A23041D:27119:27119 [6] NCCL INFO NET/Plugin: Failed to find ncclCollNetPlugin_v5 symbol.
ip-0A230406:9412:9412 [6] NCCL INFO NET/Plugin: Failed to find ncclNetPlugin_v5 symbol.
ip-0A230406:9412:9412 [6] NCCL INFO NET/Plugin: Failed to find ncclCollNetPlugin_v5 symbol.
ip-0A23041D:27119:27119 [6] NCCL INFO Plugin Path : /opt/hpcx/nccl_rdma_sharp_plugin/lib/libnccl-net.so
ip-0A23041D:27119:27119 [6] NCCL INFO P2P plugin IBext
ip-0A23041D:27119:27119 [6] NCCL INFO NCCL_IB_PCI_RELAXED_ORDERING set by environment to 1.
ip-0A230406:9412:9412 [6] NCCL INFO Plugin Path : /opt/hpcx/nccl_rdma_sharp_plugin/lib/libnccl-net.so
ip-0A230406:9412:9412 [6] NCCL INFO P2P plugin IBext
ip-0A230406:9412:9412 [6] NCCL INFO NCCL_IB_PCI_RELAXED_ORDERING set by environment to 1.
ip-0A230417:61895:61895 [6] NCCL INFO NET/Plugin: Failed to find ncclNetPlugin_v5 symbol.
ip-0A230417:61895:61895 [6] NCCL INFO NET/Plugin: Failed to find ncclCollNetPlugin_v5 symbol.
ip-0A230417:61895:61895 [6] NCCL INFO Plugin Path : /opt/hpcx/nccl_rdma_sharp_plugin/lib/libnccl-net.so
ip-0A230417:61895:61895 [6] NCCL INFO P2P plugin IBext
ip-0A230417:61895:61895 [6] NCCL INFO NCCL_IB_PCI_RELAXED_ORDERING set by environment to 1.
ip-0A230414:25191:25191 [6] NCCL INFO NET/Plugin: Failed to find ncclNetPlugin_v5 symbol.
ip-0A230414:25191:25191 [6] NCCL INFO NET/Plugin: Failed to find ncclCollNetPlugin_v5 symbol.
ip-0A23040B:45333:45333 [6] NCCL INFO NET/Plugin: Failed to find ncclNetPlugin_v5 symbol.
ip-0A23040B:45333:45333 [6] NCCL INFO NET/Plugin: Failed to find ncclCollNetPlugin_v5 symbol.
ip-0A230414:25191:25191 [6] NCCL INFO Plugin Path : /opt/hpcx/nccl_rdma_sharp_plugin/lib/libnccl-net.so
ip-0A230414:25191:25191 [6] NCCL INFO P2P plugin IBext
ip-0A230414:25191:25191 [6] NCCL INFO NCCL_IB_PCI_RELAXED_ORDERING set by environment to 1.
ip-0A23040B:45333:45333 [6] NCCL INFO Plugin Path : /opt/hpcx/nccl_rdma_sharp_plugin/lib/libnccl-net.so
ip-0A23040B:45333:45333 [6] NCCL INFO P2P plugin IBext
ip-0A23040B:45333:45333 [6] NCCL INFO NCCL_IB_PCI_RELAXED_ORDERING set by environment to 1.
ip-0A230412:28875:28875 [6] NCCL INFO NET/Plugin: Failed to find ncclNetPlugin_v5 symbol.
ip-0A230412:28875:28875 [6] NCCL INFO NET/Plugin: Failed to find ncclCollNetPlugin_v5 symbol.
ip-0A230412:28875:28875 [6] NCCL INFO Plugin Path : /opt/hpcx/nccl_rdma_sharp_plugin/lib/libnccl-net.so
ip-0A230412:28875:28875 [6] NCCL INFO P2P plugin IBext
ip-0A230412:28875:28875 [6] NCCL INFO NCCL_IB_PCI_RELAXED_ORDERING set by environment to 1.
ip-0A230405:23967:23967 [6] NCCL INFO NET/Plugin: Failed to find ncclNetPlugin_v5 symbol.
ip-0A230405:23967:23967 [6] NCCL INFO NET/Plugin: Failed to find ncclCollNetPlugin_v5 symbol.
ip-0A230408:70952:70952 [6] NCCL INFO NET/Plugin: Failed to find ncclNetPlugin_v5 symbol.
ip-0A230408:70952:70952 [6] NCCL INFO NET/Plugin: Failed to find ncclCollNetPlugin_v5 symbol.
ip-0A230410:59468:59468 [6] NCCL INFO NET/Plugin: Failed to find ncclNetPlugin_v5 symbol.
ip-0A230410:59468:59468 [6] NCCL INFO NET/Plugin: Failed to find ncclCollNetPlugin_v5 symbol.
ip-0A230405:23967:23967 [6] NCCL INFO Plugin Path : /opt/hpcx/nccl_rdma_sharp_plugin/lib/libnccl-net.so
ip-0A230405:23967:23967 [6] NCCL INFO P2P plugin IBext
ip-0A230405:23967:23967 [6] NCCL INFO NCCL_IB_PCI_RELAXED_ORDERING set by environment to 1.
ip-0A230408:70952:70952 [6] NCCL INFO Plugin Path : /opt/hpcx/nccl_rdma_sharp_plugin/lib/libnccl-net.so
ip-0A230408:70952:70952 [6] NCCL INFO P2P plugin IBext
ip-0A230408:70952:70952 [6] NCCL INFO NCCL_IB_PCI_RELAXED_ORDERING set by environment to 1.
ip-0A230410:59468:59468 [6] NCCL INFO Plugin Path : /opt/hpcx/nccl_rdma_sharp_plugin/lib/libnccl-net.so
ip-0A230410:59468:59468 [6] NCCL INFO P2P plugin IBext
ip-0A230410:59468:59468 [6] NCCL INFO NCCL_IB_PCI_RELAXED_ORDERING set by environment to 1.
ip-0A23041A:21468:21468 [6] NCCL INFO NET/IB : Using [0]mlx5_ib0:1/IB/SHARP [1]mlx5_ib1:1/IB/SHARP [2]mlx5_ib2:1/IB/SHARP [3]mlx5_ib3:1/IB/SHARP [4]mlx5_ib4:1/IB/SHARP [5]mlx5_ib5:1/IB/SHARP [6]mlx5_ib6:1/IB/SHARP [7]mlx5_ib7:1/IB/SHARP ; OOB eth0:10.35.4.26<0>
ip-0A23041A:21468:21468 [6] NCCL INFO Using network IBext
ip-0A230414:25191:25191 [6] NCCL INFO NET/IB : Using [0]mlx5_ib0:1/IB/SHARP [1]mlx5_ib1:1/IB/SHARP [2]mlx5_ib2:1/IB/SHARP [3]mlx5_ib3:1/IB/SHARP [4]mlx5_ib4:1/IB/SHARP [5]mlx5_ib5:1/IB/SHARP [6]mlx5_ib6:1/IB/SHARP [7]mlx5_ib7:1/IB/SHARP ; OOB eth0:10.35.4.20<0>
ip-0A230414:25191:25191 [6] NCCL INFO Using network IBext
ip-0A23040F:88079:88079 [6] NCCL INFO NET/IB : Using [0]mlx5_ib0:1/IB/SHARP [1]mlx5_ib1:1/IB/SHARP [2]mlx5_ib2:1/IB/SHARP [3]mlx5_ib3:1/IB/SHARP [4]mlx5_ib4:1/IB/SHARP [5]mlx5_ib5:1/IB/SHARP [6]mlx5_ib6:1/IB/SHARP [7]mlx5_ib7:1/IB/SHARP ; OOB eth0:10.35.4.15<0>
ip-0A23040F:88079:88079 [6] NCCL INFO Using network IBext
ip-0A23040C:70246:70246 [6] NCCL INFO NET/IB : Using [0]mlx5_ib0:1/IB/SHARP [1]mlx5_ib1:1/IB/SHARP [2]mlx5_ib2:1/IB/SHARP [3]mlx5_ib3:1/IB/SHARP [4]mlx5_ib4:1/IB/SHARP [5]mlx5_ib5:1/IB/SHARP [6]mlx5_ib6:1/IB/SHARP [7]mlx5_ib7:1/IB/SHARP ; OOB eth0:10.35.4.12<0>
ip-0A23040C:70246:70246 [6] NCCL INFO Using network IBext
ip-0A230407:61716:61716 [6] NCCL INFO NET/IB : Using [0]mlx5_ib0:1/IB/SHARP [1]mlx5_ib1:1/IB/SHARP [2]mlx5_ib2:1/IB/SHARP [3]mlx5_ib3:1/IB/SHARP [4]mlx5_ib4:1/IB/SHARP [5]mlx5_ib5:1/IB/SHARP [6]mlx5_ib6:1/IB/SHARP [7]mlx5_ib7:1/IB/SHARP ; OOB eth0:10.35.4.7<0>
ip-0A230407:61716:61716 [6] NCCL INFO Using network IBext
ip-0A230413:72596:72596 [6] NCCL INFO NET/IB : Using [0]mlx5_ib0:1/IB/SHARP [1]mlx5_ib1:1/IB/SHARP [2]mlx5_ib2:1/IB/SHARP [3]mlx5_ib3:1/IB/SHARP [4]mlx5_ib4:1/IB/SHARP [5]mlx5_ib5:1/IB/SHARP [6]mlx5_ib6:1/IB/SHARP [7]mlx5_ib7:1/IB/SHARP ; OOB eth0:10.35.4.19<0>
ip-0A230413:72596:72596 [6] NCCL INFO Using network IBext
ip-0A230406:9412:9412 [6] NCCL INFO NET/IB : Using [0]mlx5_ib0:1/IB/SHARP [1]mlx5_ib1:1/IB/SHARP [2]mlx5_ib2:1/IB/SHARP [3]mlx5_ib3:1/IB/SHARP [4]mlx5_ib4:1/IB/SHARP [5]mlx5_ib5:1/IB/SHARP [6]mlx5_ib6:1/IB/SHARP [7]mlx5_ib7:1/IB/SHARP ; OOB eth0:10.35.4.6<0>
ip-0A230406:9412:9412 [6] NCCL INFO Using network IBext
ip-0A23041D:27119:27119 [6] NCCL INFO NET/IB : Using [0]mlx5_ib0:1/IB/SHARP [1]mlx5_ib1:1/IB/SHARP [2]mlx5_ib2:1/IB/SHARP [3]mlx5_ib3:1/IB/SHARP [4]mlx5_ib4:1/IB/SHARP [5]mlx5_ib5:1/IB/SHARP [6]mlx5_ib6:1/IB/SHARP [7]mlx5_ib7:1/IB/SHARP ; OOB eth0:10.35.4.29<0>
ip-0A23041D:27119:27119 [6] NCCL INFO Using network IBext
ip-0A23040E:71770:71770 [6] NCCL INFO NET/IB : Using [0]mlx5_ib0:1/IB/SHARP [1]mlx5_ib1:1/IB/SHARP [2]mlx5_ib2:1/IB/SHARP [3]mlx5_ib3:1/IB/SHARP [4]mlx5_ib4:1/IB/SHARP [5]mlx5_ib5:1/IB/SHARP [6]mlx5_ib6:1/IB/SHARP [7]mlx5_ib7:1/IB/SHARP ; OOB eth0:10.35.4.14<0>
ip-0A23040E:71770:71770 [6] NCCL INFO Using network IBext
ip-0A230417:61895:61895 [6] NCCL INFO NET/IB : Using [0]mlx5_ib0:1/IB/SHARP [1]mlx5_ib1:1/IB/SHARP [2]mlx5_ib2:1/IB/SHARP [3]mlx5_ib3:1/IB/SHARP [4]mlx5_ib4:1/IB/SHARP [5]mlx5_ib5:1/IB/SHARP [6]mlx5_ib6:1/IB/SHARP [7]mlx5_ib7:1/IB/SHARP ; OOB eth0:10.35.4.23<0>
ip-0A230408:70952:70952 [6] NCCL INFO NET/IB : Using [0]mlx5_ib0:1/IB/SHARP [1]mlx5_ib1:1/IB/SHARP [2]mlx5_ib2:1/IB/SHARP [3]mlx5_ib3:1/IB/SHARP [4]mlx5_ib4:1/IB/SHARP [5]mlx5_ib5:1/IB/SHARP [6]mlx5_ib6:1/IB/SHARP [7]mlx5_ib7:1/IB/SHARP ; OOB eth0:10.35.4.8<0>
ip-0A230408:70952:70952 [6] NCCL INFO Using network IBext
ip-0A230417:61895:61895 [6] NCCL INFO Using network IBext
ip-0A230412:28875:28875 [6] NCCL INFO NET/IB : Using [0]mlx5_ib0:1/IB/SHARP [1]mlx5_ib1:1/IB/SHARP [2]mlx5_ib2:1/IB/SHARP [3]mlx5_ib3:1/IB/SHARP [4]mlx5_ib4:1/IB/SHARP [5]mlx5_ib5:1/IB/SHARP [6]mlx5_ib6:1/IB/SHARP [7]mlx5_ib7:1/IB/SHARP ; OOB eth0:10.35.4.18<0>
ip-0A230412:28875:28875 [6] NCCL INFO Using network IBext
ip-0A23040B:45333:45333 [6] NCCL INFO NET/IB : Using [0]mlx5_ib0:1/IB/SHARP [1]mlx5_ib1:1/IB/SHARP [2]mlx5_ib2:1/IB/SHARP [3]mlx5_ib3:1/IB/SHARP [4]mlx5_ib4:1/IB/SHARP [5]mlx5_ib5:1/IB/SHARP [6]mlx5_ib6:1/IB/SHARP [7]mlx5_ib7:1/IB/SHARP ; OOB eth0:10.35.4.11<0>
ip-0A230405:23967:23967 [6] NCCL INFO NET/IB : Using [0]mlx5_ib0:1/IB/SHARP [1]mlx5_ib1:1/IB/SHARP [2]mlx5_ib2:1/IB/SHARP [3]mlx5_ib3:1/IB/SHARP [4]mlx5_ib4:1/IB/SHARP [5]mlx5_ib5:1/IB/SHARP [6]mlx5_ib6:1/IB/SHARP [7]mlx5_ib7:1/IB/SHARP ; OOB eth0:10.35.4.5<0>
ip-0A230405:23967:23967 [6] NCCL INFO Using network IBext
ip-0A23040B:45333:45333 [6] NCCL INFO Using network IBext
ip-0A230410:59468:59468 [6] NCCL INFO NET/IB : Using [0]mlx5_ib0:1/IB/SHARP [1]mlx5_ib1:1/IB/SHARP [2]mlx5_ib2:1/IB/SHARP [3]mlx5_ib3:1/IB/SHARP [4]mlx5_ib4:1/IB/SHARP [5]mlx5_ib5:1/IB/SHARP [6]mlx5_ib6:1/IB/SHARP [7]mlx5_ib7:1/IB/SHARP ; OOB eth0:10.35.4.16<0>
ip-0A230410:59468:59468 [6] NCCL INFO Using network IBext
ip-0A23040F:88079:88765 [6] NCCL INFO NCCL_P2P_LEVEL set by environment to LOC
ip-0A230412:28875:29568 [6] NCCL INFO NCCL_P2P_LEVEL set by environment to LOC
ip-0A23040F:88079:88765 [6] NCCL INFO PXN Disabled as plugin is v4
ip-0A230413:72596:73280 [6] NCCL INFO NCCL_P2P_LEVEL set by environment to LOC
ip-0A23041A:21468:22146 [6] NCCL INFO NCCL_P2P_LEVEL set by environment to LOC
ip-0A230412:28875:29568 [6] NCCL INFO PXN Disabled as plugin is v4
ip-0A23040F:88079:88765 [6] NCCL INFO Setting affinity for GPU 6 to ff,ffff0000,00000000
ip-0A230412:28875:29568 [6] NCCL INFO Setting affinity for GPU 6 to ff,ffff0000,00000000
ip-0A23040D:34257:34964 [6] NCCL INFO NCCL_P2P_LEVEL set by environment to LOC
ip-0A230406:9412:10101 [6] NCCL INFO NCCL_P2P_LEVEL set by environment to LOC
ip-0A230413:72596:73280 [6] NCCL INFO PXN Disabled as plugin is v4
ip-0A23040F:88079:88765 [6] NCCL INFO NCCL_COLLNET_ENABLE set by environment to 1.
ip-0A23041A:21468:22146 [6] NCCL INFO PXN Disabled as plugin is v4
ip-0A230412:28875:29568 [6] NCCL INFO NCCL_COLLNET_ENABLE set by environment to 1.
ip-0A23040E:71770:72463 [6] NCCL INFO NCCL_P2P_LEVEL set by environment to LOC
ip-0A23041A:21468:22146 [6] NCCL INFO Setting affinity for GPU 6 to ff,ffff0000,00000000
ip-0A230413:72596:73280 [6] NCCL INFO Setting affinity for GPU 6 to ff,ffff0000,00000000
ip-0A23041D:27119:27807 [6] NCCL INFO NCCL_P2P_LEVEL set by environment to LOC
ip-0A23040D:34257:34964 [6] NCCL INFO PXN Disabled as plugin is v4
ip-0A230406:9412:10101 [6] NCCL INFO PXN Disabled as plugin is v4
ip-0A23041A:21468:22146 [6] NCCL INFO NCCL_COLLNET_ENABLE set by environment to 1.
ip-0A230413:72596:73280 [6] NCCL INFO NCCL_COLLNET_ENABLE set by environment to 1.
ip-0A23040D:34257:34964 [6] NCCL INFO Setting affinity for GPU 6 to ff,ffff0000,00000000
ip-0A23040E:71770:72463 [6] NCCL INFO PXN Disabled as plugin is v4
ip-0A230406:9412:10101 [6] NCCL INFO Setting affinity for GPU 6 to ff,ffff0000,00000000
ip-0A23041D:27119:27807 [6] NCCL INFO PXN Disabled as plugin is v4
ip-0A23040D:34257:34964 [6] NCCL INFO NCCL_COLLNET_ENABLE set by environment to 1.
ip-0A23040E:71770:72463 [6] NCCL INFO Setting affinity for GPU 6 to ff,ffff0000,00000000
ip-0A230406:9412:10101 [6] NCCL INFO NCCL_COLLNET_ENABLE set by environment to 1.
ip-0A230417:61895:62588 [6] NCCL INFO NCCL_P2P_LEVEL set by environment to LOC
ip-0A23041D:27119:27807 [6] NCCL INFO Setting affinity for GPU 6 to ff,ffff0000,00000000
ip-0A230410:59468:60156 [6] NCCL INFO NCCL_P2P_LEVEL set by environment to LOC
ip-0A23040E:71770:72463 [6] NCCL INFO NCCL_COLLNET_ENABLE set by environment to 1.
ip-0A23041D:27119:27807 [6] NCCL INFO NCCL_COLLNET_ENABLE set by environment to 1.
ip-0A230417:61895:62588 [6] NCCL INFO PXN Disabled as plugin is v4
ip-0A230410:59468:60156 [6] NCCL INFO PXN Disabled as plugin is v4
ip-0A230417:61895:62588 [6] NCCL INFO Setting affinity for GPU 6 to ff,ffff0000,00000000
ip-0A230410:59468:60156 [6] NCCL INFO Setting affinity for GPU 6 to ff,ffff0000,00000000
ip-0A230417:61895:62588 [6] NCCL INFO NCCL_COLLNET_ENABLE set by environment to 1.
ip-0A230410:59468:60156 [6] NCCL INFO NCCL_COLLNET_ENABLE set by environment to 1.
ip-0A230414:25191:25879 [6] NCCL INFO NCCL_P2P_LEVEL set by environment to LOC
ip-0A230408:70952:71642 [6] NCCL INFO NCCL_P2P_LEVEL set by environment to LOC
ip-0A230414:25191:25879 [6] NCCL INFO PXN Disabled as plugin is v4
ip-0A230408:70952:71642 [6] NCCL INFO PXN Disabled as plugin is v4
ip-0A230414:25191:25879 [6] NCCL INFO Setting affinity for GPU 6 to ff,ffff0000,00000000
ip-0A230408:70952:71642 [6] NCCL INFO Setting affinity for GPU 6 to ff,ffff0000,00000000
ip-0A230414:25191:25879 [6] NCCL INFO NCCL_COLLNET_ENABLE set by environment to 1.
ip-0A230408:70952:71642 [6] NCCL INFO NCCL_COLLNET_ENABLE set by environment to 1.
ip-0A23040C:70246:70929 [6] NCCL INFO NCCL_P2P_LEVEL set by environment to LOC
ip-0A23040B:45333:46018 [6] NCCL INFO NCCL_P2P_LEVEL set by environment to LOC
ip-0A23040C:70246:70929 [6] NCCL INFO PXN Disabled as plugin is v4
ip-0A23040B:45333:46018 [6] NCCL INFO PXN Disabled as plugin is v4
ip-0A23040C:70246:70929 [6] NCCL INFO Setting affinity for GPU 6 to ff,ffff0000,00000000
ip-0A23040B:45333:46018 [6] NCCL INFO Setting affinity for GPU 6 to ff,ffff0000,00000000
ip-0A23040C:70246:70929 [6] NCCL INFO NCCL_COLLNET_ENABLE set by environment to 1.
ip-0A230407:61716:62406 [6] NCCL INFO NCCL_P2P_LEVEL set by environment to LOC
ip-0A23040B:45333:46018 [6] NCCL INFO NCCL_COLLNET_ENABLE set by environment to 1.
ip-0A230407:61716:62406 [6] NCCL INFO PXN Disabled as plugin is v4
ip-0A230407:61716:62406 [6] NCCL INFO Setting affinity for GPU 6 to ff,ffff0000,00000000
ip-0A230405:23967:24657 [6] NCCL INFO NCCL_P2P_LEVEL set by environment to LOC
ip-0A230407:61716:62406 [6] NCCL INFO NCCL_COLLNET_ENABLE set by environment to 1.
ip-0A230405:23967:24657 [6] NCCL INFO PXN Disabled as plugin is v4
ip-0A230405:23967:24657 [6] NCCL INFO Setting affinity for GPU 6 to ff,ffff0000,00000000
ip-0A230405:23967:24657 [6] NCCL INFO NCCL_COLLNET_ENABLE set by environment to 1.
ip-0A230407:61716:62406 [6] NCCL INFO Trees [0] 10/14/-1->12->8 [1] -1/-1/-1->12->13
ip-0A23040B:45333:46018 [6] NCCL INFO Trees [0] -1/-1/-1->13->14 [1] 14/12/-1->13->11
ip-0A23040E:71770:72463 [6] NCCL INFO Trees [0] 13/15/-1->14->12 [1] -1/-1/-1->14->13
ip-0A23040C:70246:70929 [6] NCCL INFO Trees [0] -1/-1/-1->15->14 [1] 7/-1/-1->15->-1
ip-0A23040D:34257:34964 [6] NCCL INFO Channel 00/02 :    0   1   2   3   4   5   6   7   8   9  10  11  12  13  14  15
ip-0A23040D:34257:34964 [6] NCCL INFO Channel 01/02 :    0   1   2   3   4   5   6   7   8   9  10  11  12  13  14  15
ip-0A23040D:34257:34964 [6] NCCL INFO Trees [0] 8/-1/-1->0->-1 [1] -1/-1/-1->0->1
ip-0A230405:23967:24657 [6] NCCL INFO Trees [0] -1/-1/-1->11->10 [1] 13/9/-1->11->7
ip-0A23040F:88079:88765 [6] NCCL INFO Trees [0] -1/-1/-1->1->2 [1] 2/0/-1->1->3
ip-0A230410:59468:60156 [6] NCCL INFO Trees [0] 1/3/-1->2->4 [1] -1/-1/-1->2->1
ip-0A230412:28875:29568 [6] NCCL INFO Trees [0] -1/-1/-1->3->2 [1] 5/1/-1->3->7
ip-0A230413:72596:73280 [6] NCCL INFO Trees [0] 2/6/-1->4->8 [1] -1/-1/-1->4->5
ip-0A230414:25191:25879 [6] NCCL INFO Trees [0] -1/-1/-1->5->6 [1] 6/4/-1->5->3
ip-0A230417:61895:62588 [6] NCCL INFO Trees [0] 5/7/-1->6->4 [1] -1/-1/-1->6->5
ip-0A230406:9412:10101 [6] NCCL INFO Trees [0] -1/-1/-1->7->6 [1] 11/3/-1->7->15
ip-0A230408:70952:71642 [6] NCCL INFO Trees [0] 4/12/-1->8->0 [1] -1/-1/-1->8->9
ip-0A23041A:21468:22146 [6] NCCL INFO Trees [0] -1/-1/-1->9->10 [1] 10/8/-1->9->11
ip-0A23041D:27119:27807 [6] NCCL INFO Trees [0] 9/11/-1->10->12 [1] -1/-1/-1->10->9
ip-0A230407:61716:62406 [6] NCCL INFO Channel 00/0 : 11[d00000] -> 12[d00000] [receive] via NET/IBext/6
ip-0A23040B:45333:46018 [6] NCCL INFO Channel 00/0 : 12[d00000] -> 13[d00000] [receive] via NET/IBext/6
ip-0A230407:61716:62406 [6] NCCL INFO Channel 01/0 : 11[d00000] -> 12[d00000] [receive] via NET/IBext/6
ip-0A230407:61716:62406 [6] NCCL INFO Channel 00/0 : 12[d00000] -> 13[d00000] [send] via NET/IBext/6
ip-0A230407:61716:62406 [6] NCCL INFO Channel 01/0 : 12[d00000] -> 13[d00000] [send] via NET/IBext/6
ip-0A23040B:45333:46018 [6] NCCL INFO Channel 01/0 : 12[d00000] -> 13[d00000] [receive] via NET/IBext/6
ip-0A23040B:45333:46018 [6] NCCL INFO Channel 00/0 : 13[d00000] -> 14[d00000] [send] via NET/IBext/6
ip-0A23040E:71770:72463 [6] NCCL INFO Channel 00/0 : 13[d00000] -> 14[d00000] [receive] via NET/IBext/6
ip-0A23040C:70246:70929 [6] NCCL INFO Channel 00/0 : 14[d00000] -> 15[d00000] [receive] via NET/IBext/6
ip-0A23040B:45333:46018 [6] NCCL INFO Channel 01/0 : 13[d00000] -> 14[d00000] [send] via NET/IBext/6
ip-0A23040E:71770:72463 [6] NCCL INFO Channel 01/0 : 13[d00000] -> 14[d00000] [receive] via NET/IBext/6
ip-0A23040D:34257:34964 [6] NCCL INFO Channel 00/0 : 15[d00000] -> 0[d00000] [receive] via NET/IBext/6
ip-0A23040E:71770:72463 [6] NCCL INFO Channel 00/0 : 14[d00000] -> 15[d00000] [send] via NET/IBext/6
ip-0A23040D:34257:34964 [6] NCCL INFO Channel 01/0 : 15[d00000] -> 0[d00000] [receive] via NET/IBext/6
ip-0A23040C:70246:70929 [6] NCCL INFO Channel 01/0 : 14[d00000] -> 15[d00000] [receive] via NET/IBext/6
ip-0A23040E:71770:72463 [6] NCCL INFO Channel 01/0 : 14[d00000] -> 15[d00000] [send] via NET/IBext/6
ip-0A23040C:70246:70929 [6] NCCL INFO Channel 00/0 : 15[d00000] -> 0[d00000] [send] via NET/IBext/6
ip-0A23040F:88079:88765 [6] NCCL INFO Channel 00/0 : 0[d00000] -> 1[d00000] [receive] via NET/IBext/6
ip-0A23040C:70246:70929 [6] NCCL INFO Channel 01/0 : 15[d00000] -> 0[d00000] [send] via NET/IBext/6
ip-0A23040D:34257:34964 [6] NCCL INFO Channel 00/0 : 0[d00000] -> 1[d00000] [send] via NET/IBext/6
ip-0A23040D:34257:34964 [6] NCCL INFO Channel 01/0 : 0[d00000] -> 1[d00000] [send] via NET/IBext/6
ip-0A230405:23967:24657 [6] NCCL INFO Channel 00/0 : 10[d00000] -> 11[d00000] [receive] via NET/IBext/6
ip-0A23040F:88079:88765 [6] NCCL INFO Channel 01/0 : 0[d00000] -> 1[d00000] [receive] via NET/IBext/6
ip-0A23040F:88079:88765 [6] NCCL INFO Channel 00/0 : 1[d00000] -> 2[d00000] [send] via NET/IBext/6
ip-0A230405:23967:24657 [6] NCCL INFO Channel 01/0 : 10[d00000] -> 11[d00000] [receive] via NET/IBext/6
ip-0A23040F:88079:88765 [6] NCCL INFO Channel 01/0 : 1[d00000] -> 2[d00000] [send] via NET/IBext/6
ip-0A230412:28875:29568 [6] NCCL INFO Channel 00/0 : 2[d00000] -> 3[d00000] [receive] via NET/IBext/6
ip-0A230405:23967:24657 [6] NCCL INFO Channel 00/0 : 11[d00000] -> 12[d00000] [send] via NET/IBext/6
ip-0A230410:59468:60156 [6] NCCL INFO Channel 00/0 : 1[d00000] -> 2[d00000] [receive] via NET/IBext/6
ip-0A230413:72596:73280 [6] NCCL INFO Channel 00/0 : 3[d00000] -> 4[d00000] [receive] via NET/IBext/6
ip-0A230405:23967:24657 [6] NCCL INFO Channel 01/0 : 11[d00000] -> 12[d00000] [send] via NET/IBext/6
ip-0A230410:59468:60156 [6] NCCL INFO Channel 01/0 : 1[d00000] -> 2[d00000] [receive] via NET/IBext/6
ip-0A230413:72596:73280 [6] NCCL INFO Channel 01/0 : 3[d00000] -> 4[d00000] [receive] via NET/IBext/6
ip-0A230414:25191:25879 [6] NCCL INFO Channel 00/0 : 4[d00000] -> 5[d00000] [receive] via NET/IBext/6
ip-0A230410:59468:60156 [6] NCCL INFO Channel 00/0 : 2[d00000] -> 3[d00000] [send] via NET/IBext/6
ip-0A230413:72596:73280 [6] NCCL INFO Channel 00/0 : 4[d00000] -> 5[d00000] [send] via NET/IBext/6
ip-0A230412:28875:29568 [6] NCCL INFO Channel 01/0 : 2[d00000] -> 3[d00000] [receive] via NET/IBext/6
ip-0A230410:59468:60156 [6] NCCL INFO Channel 01/0 : 2[d00000] -> 3[d00000] [send] via NET/IBext/6
ip-0A230413:72596:73280 [6] NCCL INFO Channel 01/0 : 4[d00000] -> 5[d00000] [send] via NET/IBext/6
ip-0A230412:28875:29568 [6] NCCL INFO Channel 00/0 : 3[d00000] -> 4[d00000] [send] via NET/IBext/6
ip-0A230417:61895:62588 [6] NCCL INFO Channel 00/0 : 5[d00000] -> 6[d00000] [receive] via NET/IBext/6
ip-0A230414:25191:25879 [6] NCCL INFO Channel 01/0 : 4[d00000] -> 5[d00000] [receive] via NET/IBext/6
ip-0A230414:25191:25879 [6] NCCL INFO Channel 00/0 : 5[d00000] -> 6[d00000] [send] via NET/IBext/6
ip-0A230412:28875:29568 [6] NCCL INFO Channel 01/0 : 3[d00000] -> 4[d00000] [send] via NET/IBext/6
ip-0A230414:25191:25879 [6] NCCL INFO Channel 01/0 : 5[d00000] -> 6[d00000] [send] via NET/IBext/6
ip-0A230417:61895:62588 [6] NCCL INFO Channel 01/0 : 5[d00000] -> 6[d00000] [receive] via NET/IBext/6
ip-0A230417:61895:62588 [6] NCCL INFO Channel 00/0 : 6[d00000] -> 7[d00000] [send] via NET/IBext/6
ip-0A230417:61895:62588 [6] NCCL INFO Channel 01/0 : 6[d00000] -> 7[d00000] [send] via NET/IBext/6
ip-0A230406:9412:10101 [6] NCCL INFO Channel 00/0 : 6[d00000] -> 7[d00000] [receive] via NET/IBext/6
ip-0A23041A:21468:22146 [6] NCCL INFO Channel 00/0 : 8[d00000] -> 9[d00000] [receive] via NET/IBext/6
ip-0A230408:70952:71642 [6] NCCL INFO Channel 00/0 : 7[d00000] -> 8[d00000] [receive] via NET/IBext/6
ip-0A230406:9412:10101 [6] NCCL INFO Channel 01/0 : 6[d00000] -> 7[d00000] [receive] via NET/IBext/6
ip-0A230406:9412:10101 [6] NCCL INFO Channel 00/0 : 7[d00000] -> 8[d00000] [send] via NET/IBext/6
ip-0A23041D:27119:27807 [6] NCCL INFO Channel 00/0 : 9[d00000] -> 10[d00000] [receive] via NET/IBext/6
ip-0A23041A:21468:22146 [6] NCCL INFO Channel 01/0 : 8[d00000] -> 9[d00000] [receive] via NET/IBext/6
ip-0A23041A:21468:22146 [6] NCCL INFO Channel 00/0 : 9[d00000] -> 10[d00000] [send] via NET/IBext/6
ip-0A230408:70952:71642 [6] NCCL INFO Channel 01/0 : 7[d00000] -> 8[d00000] [receive] via NET/IBext/6
ip-0A230408:70952:71642 [6] NCCL INFO Channel 00/0 : 8[d00000] -> 9[d00000] [send] via NET/IBext/6
ip-0A230406:9412:10101 [6] NCCL INFO Channel 01/0 : 7[d00000] -> 8[d00000] [send] via NET/IBext/6
ip-0A23041D:27119:27807 [6] NCCL INFO Channel 01/0 : 9[d00000] -> 10[d00000] [receive] via NET/IBext/6
ip-0A23041D:27119:27807 [6] NCCL INFO Channel 00/0 : 10[d00000] -> 11[d00000] [send] via NET/IBext/6
ip-0A23041A:21468:22146 [6] NCCL INFO Channel 01/0 : 9[d00000] -> 10[d00000] [send] via NET/IBext/6
ip-0A23041D:27119:27807 [6] NCCL INFO Channel 01/0 : 10[d00000] -> 11[d00000] [send] via NET/IBext/6
ip-0A230408:70952:71642 [6] NCCL INFO Channel 01/0 : 8[d00000] -> 9[d00000] [send] via NET/IBext/6
ip-0A23040B:45333:46018 [6] NCCL INFO Connected all rings
ip-0A230407:61716:62406 [6] NCCL INFO Connected all rings
ip-0A23040C:70246:70929 [6] NCCL INFO Connected all rings
ip-0A23040D:34257:34964 [6] NCCL INFO Connected all rings
ip-0A23040F:88079:88765 [6] NCCL INFO Connected all rings
ip-0A23040E:71770:72463 [6] NCCL INFO Connected all rings
ip-0A230413:72596:73280 [6] NCCL INFO Connected all rings
ip-0A230412:28875:29568 [6] NCCL INFO Connected all rings
ip-0A230410:59468:60156 [6] NCCL INFO Connected all rings
ip-0A23041A:21468:22146 [6] NCCL INFO Connected all rings
ip-0A230417:61895:62588 [6] NCCL INFO Connected all rings
ip-0A230406:9412:10101 [6] NCCL INFO Connected all rings
ip-0A230414:25191:25879 [6] NCCL INFO Connected all rings
ip-0A23041D:27119:27807 [6] NCCL INFO Connected all rings
ip-0A230405:23967:24657 [6] NCCL INFO Connected all rings
ip-0A230408:70952:71642 [6] NCCL INFO Connected all rings
ip-0A230407:61716:62406 [6] NCCL INFO Channel 00/0 : 10[d00000] -> 12[d00000] [receive] via NET/IBext/6
ip-0A230407:61716:62406 [6] NCCL INFO Channel 00/0 : 12[d00000] -> 14[d00000] [send] via NET/IBext/6
ip-0A230413:72596:73280 [6] NCCL INFO Channel 00/0 : 2[d00000] -> 4[d00000] [receive] via NET/IBext/6
ip-0A230413:72596:73280 [6] NCCL INFO Channel 00/0 : 4[d00000] -> 6[d00000] [send] via NET/IBext/6
ip-0A230417:61895:62588 [6] NCCL INFO Channel 00/0 : 4[d00000] -> 6[d00000] [receive] via NET/IBext/6
ip-0A23040F:88079:88765 [6] NCCL INFO Channel 01/0 : 1[d00000] -> 3[d00000] [send] via NET/IBext/6
ip-0A230414:25191:25879 [6] NCCL INFO Channel 01/0 : 3[d00000] -> 5[d00000] [receive] via NET/IBext/6
ip-0A23040B:45333:46018 [6] NCCL INFO Channel 01/0 : 11[d00000] -> 13[d00000] [receive] via NET/IBext/6
ip-0A23040C:70246:70929 [6] NCCL INFO Channel 01/0 : 7[d00000] -> 15[d00000] [receive] via NET/IBext/6
ip-0A23040C:70246:70929 [6] NCCL INFO Channel 01/0 : 15[d00000] -> 7[d00000] [send] via NET/IBext/6
ip-0A23040D:34257:34964 [6] NCCL INFO Channel 00/0 : 8[d00000] -> 0[d00000] [receive] via NET/IBext/6
ip-0A23040D:34257:34964 [6] NCCL INFO Channel 00/0 : 0[d00000] -> 8[d00000] [send] via NET/IBext/6
ip-0A230412:28875:29568 [6] NCCL INFO Channel 01/0 : 1[d00000] -> 3[d00000] [receive] via NET/IBext/6
ip-0A23041A:21468:22146 [6] NCCL INFO Channel 01/0 : 9[d00000] -> 11[d00000] [send] via NET/IBext/6
ip-0A230412:28875:29568 [6] NCCL INFO Channel 01/0 : 3[d00000] -> 5[d00000] [send] via NET/IBext/6
ip-0A23040E:71770:72463 [6] NCCL INFO Channel 00/0 : 12[d00000] -> 14[d00000] [receive] via NET/IBext/6
ip-0A230408:70952:71642 [6] NCCL INFO Channel 00/0 : 4[d00000] -> 8[d00000] [receive] via NET/IBext/6
ip-0A230410:59468:60156 [6] NCCL INFO Channel 00/0 : 2[d00000] -> 4[d00000] [send] via NET/IBext/6
ip-0A230408:70952:71642 [6] NCCL INFO Channel 00/0 : 8[d00000] -> 12[d00000] [send] via NET/IBext/6
ip-0A230405:23967:24657 [6] NCCL INFO Channel 01/0 : 9[d00000] -> 11[d00000] [receive] via NET/IBext/6
ip-0A230405:23967:24657 [6] NCCL INFO Channel 01/0 : 11[d00000] -> 13[d00000] [send] via NET/IBext/6
ip-0A23041D:27119:27807 [6] NCCL INFO Channel 00/0 : 10[d00000] -> 12[d00000] [send] via NET/IBext/6
ip-0A230406:9412:10101 [6] NCCL INFO Channel 01/0 : 3[d00000] -> 7[d00000] [receive] via NET/IBext/6
ip-0A230406:9412:10101 [6] NCCL INFO Channel 01/0 : 7[d00000] -> 11[d00000] [send] via NET/IBext/6
ip-0A23040F:88079:88765 [6] NCCL INFO Channel 01/0 : 3[d00000] -> 1[d00000] [receive] via NET/IBext/6
ip-0A230410:59468:60156 [6] NCCL INFO Channel 00/0 : 4[d00000] -> 2[d00000] [receive] via NET/IBext/6
ip-0A23041A:21468:22146 [6] NCCL INFO Channel 01/0 : 11[d00000] -> 9[d00000] [receive] via NET/IBext/6
ip-0A23041D:27119:27807 [6] NCCL INFO Channel 00/0 : 12[d00000] -> 10[d00000] [receive] via NET/IBext/6
ip-0A230417:61895:62588 [6] NCCL INFO Channel 00/0 : 6[d00000] -> 4[d00000] [send] via NET/IBext/6
ip-0A23040E:71770:72463 [6] NCCL INFO Channel 00/0 : 14[d00000] -> 12[d00000] [send] via NET/IBext/6
ip-0A230414:25191:25879 [6] NCCL INFO Channel 01/0 : 5[d00000] -> 3[d00000] [send] via NET/IBext/6
ip-0A23040B:45333:46018 [6] NCCL INFO Channel 01/0 : 13[d00000] -> 11[d00000] [send] via NET/IBext/6
ip-0A230412:28875:29568 [6] NCCL INFO Channel 01/0 : 3[d00000] -> 7[d00000] [send] via NET/IBext/6
ip-0A230405:23967:24657 [6] NCCL INFO Channel 01/0 : 7[d00000] -> 11[d00000] [receive] via NET/IBext/6
ip-0A230407:61716:62406 [6] NCCL INFO Channel 00/0 : 8[d00000] -> 12[d00000] [receive] via NET/IBext/6
ip-0A230413:72596:73280 [6] NCCL INFO Channel 00/0 : 4[d00000] -> 8[d00000] [send] via NET/IBext/6
ip-0A230412:28875:29568 [6] NCCL INFO Channel 01/0 : 7[d00000] -> 3[d00000] [receive] via NET/IBext/6
ip-0A230413:72596:73280 [6] NCCL INFO Channel 00/0 : 8[d00000] -> 4[d00000] [receive] via NET/IBext/6
ip-0A230405:23967:24657 [6] NCCL INFO Channel 01/0 : 11[d00000] -> 7[d00000] [send] via NET/IBext/6
ip-0A230407:61716:62406 [6] NCCL INFO Channel 00/0 : 12[d00000] -> 8[d00000] [send] via NET/IBext/6
ip-0A230406:9412:10101 [6] NCCL INFO Channel 01/0 : 15[d00000] -> 7[d00000] [receive] via NET/IBext/6
ip-0A230406:9412:10101 [6] NCCL INFO Channel 01/0 : 7[d00000] -> 15[d00000] [send] via NET/IBext/6
ip-0A230408:70952:71642 [6] NCCL INFO Channel 00/0 : 0[d00000] -> 8[d00000] [receive] via NET/IBext/6
ip-0A230408:70952:71642 [6] NCCL INFO Channel 00/0 : 8[d00000] -> 0[d00000] [send] via NET/IBext/6
ip-0A230406:9412:10101 [6] NCCL INFO Channel 01/0 : 11[d00000] -> 7[d00000] [receive] via NET/IBext/6
ip-0A230406:9412:10101 [6] NCCL INFO Channel 01/0 : 7[d00000] -> 3[d00000] [send] via NET/IBext/6
ip-0A23040C:70246:70929 [6] NCCL INFO Channel 00/0 : 15[d00000] -> 14[d00000] [send] via NET/IBext/6
ip-0A23040D:34257:34964 [6] NCCL INFO Channel 01/0 : 1[d00000] -> 0[d00000] [receive] via NET/IBext/6
ip-0A230408:70952:71642 [6] NCCL INFO Channel 00/0 : 12[d00000] -> 8[d00000] [receive] via NET/IBext/6
ip-0A230408:70952:71642 [6] NCCL INFO Channel 00/0 : 8[d00000] -> 4[d00000] [send] via NET/IBext/6
ip-0A230405:23967:24657 [6] NCCL INFO Channel 01/0 : 13[d00000] -> 11[d00000] [receive] via NET/IBext/6
ip-0A230405:23967:24657 [6] NCCL INFO Channel 01/0 : 11[d00000] -> 9[d00000] [send] via NET/IBext/6
ip-0A230406:9412:10101 [6] NCCL INFO Channel 00/0 : 7[d00000] -> 6[d00000] [send] via NET/IBext/6
ip-0A230412:28875:29568 [6] NCCL INFO Channel 01/0 : 5[d00000] -> 3[d00000] [receive] via NET/IBext/6
ip-0A230412:28875:29568 [6] NCCL INFO Channel 01/0 : 3[d00000] -> 1[d00000] [send] via NET/IBext/6
ip-0A230407:61716:62406 [6] NCCL INFO Channel 00/0 : 14[d00000] -> 12[d00000] [receive] via NET/IBext/6
ip-0A230407:61716:62406 [6] NCCL INFO Channel 00/0 : 12[d00000] -> 10[d00000] [send] via NET/IBext/6
ip-0A23040B:45333:46018 [6] NCCL INFO Channel 00/0 : 14[d00000] -> 13[d00000] [receive] via NET/IBext/6
ip-0A23040B:45333:46018 [6] NCCL INFO Channel 01/0 : 14[d00000] -> 13[d00000] [receive] via NET/IBext/6
ip-0A23040B:45333:46018 [6] NCCL INFO Channel 01/0 : 13[d00000] -> 12[d00000] [send] via NET/IBext/6
