ip-0A23041D:38319:38940 [2] NCCL INFO Sharp rank 10/16 initialized on mlx5_ib2:1

ip-0A23041D:38319:38940 [2] sharp_plugin.c:288 NCCL WARN NET/IB :SHARP coll init error: Cannot create SHArP job(-11)

ip-0A23041D:38319:38940 [2] NCCL INFO include/coll_net.h:21 -> 3
ip-0A230405:35341:35977 [2] NCCL INFO Sharp rank 11/16 initialized on mlx5_ib2:1

ip-0A230405:35341:35977 [2] sharp_plugin.c:288 NCCL WARN NET/IB :SHARP coll init error: Cannot create SHArP job(-11)

ip-0A230405:35341:35977 [2] NCCL INFO include/coll_net.h:21 -> 3
ip-0A23041A:32597:33224 [2] NCCL INFO transport.cc:222 -> 2

ip-0A23041A:32597:33224 [2] transport.cc:253 NCCL WARN Cannot initialize CollNet, using point-to-point network instead
ip-0A23041A:32597:33224 [2] NCCL INFO init.cc:765 -> 2
ip-0A230410:70718:71346 [2] NCCL INFO Sharp rank 2/16 initialized on mlx5_ib2:1

ip-0A230410:70718:71346 [2] sharp_plugin.c:288 NCCL WARN NET/IB :SHARP coll init error: Cannot create SHArP job(-11)

ip-0A230410:70718:71346 [2] NCCL INFO include/coll_net.h:21 -> 3
ip-0A230417:73132:73764 [2] NCCL INFO transport.cc:222 -> 2

ip-0A230417:73132:73764 [2] transport.cc:253 NCCL WARN Cannot initialize CollNet, using point-to-point network instead
ip-0A230417:73132:73764 [2] NCCL INFO init.cc:765 -> 2
ip-0A23040C:81371:82001 [2] NCCL INFO Sharp rank 15/16 initialized on mlx5_ib2:1

ip-0A23040C:81371:82001 [2] sharp_plugin.c:288 NCCL WARN NET/IB :SHARP coll init error: Cannot create SHArP job(-11)

ip-0A23040C:81371:82001 [2] NCCL INFO include/coll_net.h:21 -> 3
ip-0A23040F:1530:2175 [2] NCCL INFO transport.cc:222 -> 2

ip-0A23040F:1530:2175 [2] transport.cc:253 NCCL WARN Cannot initialize CollNet, using point-to-point network instead
ip-0A23040F:1530:2175 [2] NCCL INFO init.cc:765 -> 2
ip-0A230408:81442:82064 [2] NCCL INFO transport.cc:222 -> 2
ip-0A230412:39988:40611 [2] NCCL INFO transport.cc:222 -> 2

ip-0A230412:39988:40611 [2] transport.cc:253 NCCL WARN Cannot initialize CollNet, using point-to-point network instead
ip-0A230412:39988:40611 [2] NCCL INFO init.cc:765 -> 2
ip-0A230412:39988:40611 [2] NCCL INFO threadThresholds 8/8/64 | 128/8/64 | 8/8/512
ip-0A23041A:32597:33224 [2] NCCL INFO threadThresholds 8/8/64 | 128/8/64 | 8/8/512
ip-0A230407:73006:73627 [2] NCCL INFO Sharp rank 12/16 initialized on mlx5_ib2:1

ip-0A230407:73006:73627 [2] sharp_plugin.c:288 NCCL WARN NET/IB :SHARP coll init error: Cannot create SHArP job(-11)

ip-0A230407:73006:73627 [2] NCCL INFO include/coll_net.h:21 -> 3
ip-0A23040E:82997:83621 [2] NCCL INFO transport.cc:222 -> 2

ip-0A23040E:82997:83621 [2] transport.cc:253 NCCL WARN Cannot initialize CollNet, using point-to-point network instead
ip-0A23040E:82997:83621 [2] NCCL INFO init.cc:765 -> 2
ip-0A23040E:82997:83621 [2] NCCL INFO threadThresholds 8/8/64 | 128/8/64 | 8/8/512
ip-0A23040E:82997:83621 [2] NCCL INFO 2 coll channels, 2 p2p channels, 2 p2p channels per peer
ip-0A230413:83850:84470 [2] NCCL INFO transport.cc:222 -> 2

ip-0A230413:83850:84470 [2] transport.cc:253 NCCL WARN Cannot initialize CollNet, using point-to-point network instead
ip-0A230413:83850:84470 [2] NCCL INFO init.cc:765 -> 2
ip-0A230414:37001:37625 [2] NCCL INFO transport.cc:222 -> 2

ip-0A230414:37001:37625 [2] transport.cc:253 NCCL WARN Cannot initialize CollNet, using point-to-point network instead
ip-0A230414:37001:37625 [2] NCCL INFO init.cc:765 -> 2
ip-0A23041D:38319:38939 [2] NCCL INFO transport.cc:222 -> 2

ip-0A23041D:38319:38939 [2] transport.cc:253 NCCL WARN Cannot initialize CollNet, using point-to-point network instead
ip-0A23041D:38319:38939 [2] NCCL INFO init.cc:765 -> 2
ip-0A23041D:38319:38939 [2] NCCL INFO threadThresholds 8/8/64 | 128/8/64 | 8/8/512
ip-0A23041D:38319:38939 [2] NCCL INFO 2 coll channels, 2 p2p channels, 2 p2p channels per peer
ip-0A230417:73132:73764 [2] NCCL INFO threadThresholds 8/8/64 | 128/8/64 | 8/8/512
ip-0A230417:73132:73764 [2] NCCL INFO 2 coll channels, 2 p2p channels, 2 p2p channels per peer
ip-0A230406:19912:20527 [2] NCCL INFO transport.cc:222 -> 2

ip-0A230406:19912:20527 [2] transport.cc:253 NCCL WARN Cannot initialize CollNet, using point-to-point network instead
ip-0A230406:19912:20527 [2] NCCL INFO init.cc:765 -> 2
ip-0A23040F:1530:2175 [2] NCCL INFO threadThresholds 8/8/64 | 128/8/64 | 8/8/512

ip-0A230408:81442:82064 [2] transport.cc:253 NCCL WARN Cannot initialize CollNet, using point-to-point network instead
ip-0A230408:81442:82064 [2] NCCL INFO init.cc:765 -> 2
ip-0A230412:39988:40611 [2] NCCL INFO 2 coll channels, 2 p2p channels, 2 p2p channels per peer
ip-0A23041A:32597:33224 [2] NCCL INFO 2 coll channels, 2 p2p channels, 2 p2p channels per peer
ip-0A230413:83850:84470 [2] NCCL INFO threadThresholds 8/8/64 | 128/8/64 | 8/8/512
ip-0A230413:83850:84470 [2] NCCL INFO 2 coll channels, 2 p2p channels, 2 p2p channels per peer
ip-0A230414:37001:37625 [2] NCCL INFO threadThresholds 8/8/64 | 128/8/64 | 8/8/512
ip-0A230405:35341:35976 [2] NCCL INFO transport.cc:222 -> 2

ip-0A230405:35341:35976 [2] transport.cc:253 NCCL WARN Cannot initialize CollNet, using point-to-point network instead
ip-0A230405:35341:35976 [2] NCCL INFO init.cc:765 -> 2
ip-0A230405:35341:35976 [2] NCCL INFO threadThresholds 8/8/64 | 128/8/64 | 8/8/512
ip-0A230405:35341:35976 [2] NCCL INFO 2 coll channels, 2 p2p channels, 2 p2p channels per peer
ip-0A230406:19912:20527 [2] NCCL INFO threadThresholds 8/8/64 | 128/8/64 | 8/8/512
ip-0A230406:19912:20527 [2] NCCL INFO 2 coll channels, 2 p2p channels, 2 p2p channels per peer
ip-0A23040C:81371:82000 [2] NCCL INFO transport.cc:222 -> 2

ip-0A23040C:81371:82000 [2] transport.cc:253 NCCL WARN Cannot initialize CollNet, using point-to-point network instead
ip-0A23040C:81371:82000 [2] NCCL INFO init.cc:765 -> 2
ip-0A23040C:81371:82000 [2] NCCL INFO threadThresholds 8/8/64 | 128/8/64 | 8/8/512
ip-0A23040C:81371:82000 [2] NCCL INFO 2 coll channels, 2 p2p channels, 2 p2p channels per peer
ip-0A23040F:1530:2175 [2] NCCL INFO 2 coll channels, 2 p2p channels, 2 p2p channels per peer
ip-0A230408:81442:82064 [2] NCCL INFO threadThresholds 8/8/64 | 128/8/64 | 8/8/512
ip-0A230408:81442:82064 [2] NCCL INFO 2 coll channels, 2 p2p channels, 2 p2p channels per peer
ip-0A230407:73006:73626 [2] NCCL INFO transport.cc:222 -> 2

ip-0A230407:73006:73626 [2] transport.cc:253 NCCL WARN Cannot initialize CollNet, using point-to-point network instead
ip-0A230407:73006:73626 [2] NCCL INFO init.cc:765 -> 2
ip-0A230407:73006:73626 [2] NCCL INFO threadThresholds 8/8/64 | 128/8/64 | 8/8/512
ip-0A230407:73006:73626 [2] NCCL INFO 2 coll channels, 2 p2p channels, 2 p2p channels per peer
ip-0A230414:37001:37625 [2] NCCL INFO 2 coll channels, 2 p2p channels, 2 p2p channels per peer
ip-0A23040B:56454:57075 [2] NCCL INFO transport.cc:222 -> 2

ip-0A23040B:56454:57075 [2] transport.cc:253 NCCL WARN Cannot initialize CollNet, using point-to-point network instead
ip-0A23040B:56454:57075 [2] NCCL INFO init.cc:765 -> 2
ip-0A23040B:56454:57075 [2] NCCL INFO threadThresholds 8/8/64 | 128/8/64 | 8/8/512
ip-0A23040B:56454:57075 [2] NCCL INFO 2 coll channels, 2 p2p channels, 2 p2p channels per peer
ip-0A230410:70718:71345 [2] NCCL INFO transport.cc:222 -> 2

ip-0A230410:70718:71345 [2] transport.cc:253 NCCL WARN Cannot initialize CollNet, using point-to-point network instead
ip-0A230410:70718:71345 [2] NCCL INFO init.cc:765 -> 2
ip-0A230410:70718:71345 [2] NCCL INFO threadThresholds 8/8/64 | 128/8/64 | 8/8/512
ip-0A230410:70718:71345 [2] NCCL INFO 2 coll channels, 2 p2p channels, 2 p2p channels per peer
ip-0A230414:37001:37625 [2] NCCL INFO comm 0x14bcb0008fb0 rank 5 nranks 16 cudaDev 2 busId 300000 - Init COMPLETE
ip-0A23040E:82997:83621 [2] NCCL INFO comm 0x14995c008fb0 rank 14 nranks 16 cudaDev 2 busId 300000 - Init COMPLETE
ip-0A230417:73132:73764 [2] NCCL INFO comm 0x145c34008fb0 rank 6 nranks 16 cudaDev 2 busId 300000 - Init COMPLETE
ip-0A23041A:32597:33224 [2] NCCL INFO comm 0x1526f0008fb0 rank 9 nranks 16 cudaDev 2 busId 300000 - Init COMPLETE
ip-0A23041D:38319:38939 [2] NCCL INFO comm 0x14e400008fb0 rank 10 nranks 16 cudaDev 2 busId 300000 - Init COMPLETE
ip-0A230410:70718:71345 [2] NCCL INFO comm 0x14ef3c008fb0 rank 2 nranks 16 cudaDev 2 busId 300000 - Init COMPLETE
ip-0A23040F:1530:2175 [2] NCCL INFO comm 0x1463e4008fb0 rank 1 nranks 16 cudaDev 2 busId 300000 - Init COMPLETE
ip-0A23040B:56454:57075 [2] NCCL INFO comm 0x14f084008fb0 rank 13 nranks 16 cudaDev 2 busId 300000 - Init COMPLETE
ip-0A23040C:81371:82000 [2] NCCL INFO comm 0x14c4b0008fb0 rank 15 nranks 16 cudaDev 2 busId 300000 - Init COMPLETE
ip-0A230405:35341:35976 [2] NCCL INFO comm 0x1480e8008fb0 rank 11 nranks 16 cudaDev 2 busId 300000 - Init COMPLETE
ip-0A230408:81442:82064 [2] NCCL INFO comm 0x14eaf4008fb0 rank 8 nranks 16 cudaDev 2 busId 300000 - Init COMPLETE
ip-0A230407:73006:73626 [2] NCCL INFO comm 0x14ffe0008fb0 rank 12 nranks 16 cudaDev 2 busId 300000 - Init COMPLETE
ip-0A230413:83850:84470 [2] NCCL INFO comm 0x154e20008fb0 rank 4 nranks 16 cudaDev 2 busId 300000 - Init COMPLETE
ip-0A230406:19912:20527 [2] NCCL INFO comm 0x15256c008fb0 rank 7 nranks 16 cudaDev 2 busId 300000 - Init COMPLETE
ip-0A230412:39988:40611 [2] NCCL INFO comm 0x154ff0008fb0 rank 3 nranks 16 cudaDev 2 busId 300000 - Init COMPLETE
ip-0A23040D:46862:47498 [2] NCCL INFO Sharp rank 0/16 initialized on mlx5_ib2:1

ip-0A23040D:46862:47498 [2] sharp_plugin.c:288 NCCL WARN NET/IB :SHARP coll init error: Cannot create SHArP job(-11)

ip-0A23040D:46862:47498 [2] NCCL INFO include/coll_net.h:21 -> 3
ip-0A23040D:46862:47497 [2] NCCL INFO transport.cc:222 -> 2

ip-0A23040D:46862:47497 [2] transport.cc:253 NCCL WARN Cannot initialize CollNet, using point-to-point network instead
ip-0A23040D:46862:47497 [2] NCCL INFO init.cc:765 -> 2
ip-0A23040D:46862:47497 [2] NCCL INFO threadThresholds 8/8/64 | 128/8/64 | 8/8/512
ip-0A23040D:46862:47497 [2] NCCL INFO 2 coll channels, 2 p2p channels, 2 p2p channels per peer
ip-0A23040D:46862:47497 [2] NCCL INFO comm 0x14d830008fb0 rank 0 nranks 16 cudaDev 2 busId 300000 - Init COMPLETE
ip-0A23040D:46862:46862 [2] NCCL INFO Launch mode Parallel
ip-0A23040D:46868:46868 [3] NCCL INFO Bootstrap : Using eth0:10.35.4.13<0>
ip-0A23040D:46868:46868 [3] NCCL INFO NET/Plugin: Failed to find ncclNetPlugin_v5 symbol.
ip-0A23040D:46868:46868 [3] NCCL INFO NET/Plugin: Failed to find ncclCollNetPlugin_v5 symbol.
ip-0A23040D:46868:46868 [3] NCCL INFO Plugin Path : /opt/hpcx/nccl_rdma_sharp_plugin/lib/libnccl-net.so
ip-0A23040D:46868:46868 [3] NCCL INFO P2P plugin IBext
ip-0A23040D:46868:46868 [3] NCCL INFO NCCL_IB_PCI_RELAXED_ORDERING set by environment to 1.
ip-0A23040D:46868:46868 [3] NCCL INFO NET/IB : Using [0]mlx5_ib0:1/IB/SHARP [1]mlx5_ib1:1/IB/SHARP [2]mlx5_ib2:1/IB/SHARP [3]mlx5_ib3:1/IB/SHARP [4]mlx5_ib4:1/IB/SHARP [5]mlx5_ib5:1/IB/SHARP [6]mlx5_ib6:1/IB/SHARP [7]mlx5_ib7:1/IB/SHARP ; OOB eth0:10.35.4.13<0>
ip-0A23040D:46868:46868 [3] NCCL INFO Using network IBext
NCCL version 2.12.10+cuda11.6
ip-0A230412:39987:39987 [3] NCCL INFO Bootstrap : Using eth0:10.35.4.18<0>
ip-0A23040E:82999:82999 [3] NCCL INFO Bootstrap : Using eth0:10.35.4.14<0>
ip-0A23041A:32601:32601 [3] NCCL INFO Bootstrap : Using eth0:10.35.4.26<0>
ip-0A23040B:56456:56456 [3] NCCL INFO Bootstrap : Using eth0:10.35.4.11<0>
ip-0A230410:70721:70721 [3] NCCL INFO Bootstrap : Using eth0:10.35.4.16<0>
ip-0A230406:19911:19911 [3] NCCL INFO Bootstrap : Using eth0:10.35.4.6<0>
ip-0A23040C:81373:81373 [3] NCCL INFO Bootstrap : Using eth0:10.35.4.12<0>
ip-0A230414:37006:37006 [3] NCCL INFO Bootstrap : Using eth0:10.35.4.20<0>
ip-0A230408:81441:81441 [3] NCCL INFO Bootstrap : Using eth0:10.35.4.8<0>
ip-0A230417:73135:73135 [3] NCCL INFO Bootstrap : Using eth0:10.35.4.23<0>
ip-0A230407:73003:73003 [3] NCCL INFO Bootstrap : Using eth0:10.35.4.7<0>
ip-0A230413:83849:83849 [3] NCCL INFO Bootstrap : Using eth0:10.35.4.19<0>
ip-0A23041D:38314:38314 [3] NCCL INFO Bootstrap : Using eth0:10.35.4.29<0>
ip-0A230405:35344:35344 [3] NCCL INFO Bootstrap : Using eth0:10.35.4.5<0>
ip-0A23040F:1528:1528 [3] NCCL INFO Bootstrap : Using eth0:10.35.4.15<0>
ip-0A23040C:81373:81373 [3] NCCL INFO NET/Plugin: Failed to find ncclNetPlugin_v5 symbol.
ip-0A23040C:81373:81373 [3] NCCL INFO NET/Plugin: Failed to find ncclCollNetPlugin_v5 symbol.
ip-0A230414:37006:37006 [3] NCCL INFO NET/Plugin: Failed to find ncclNetPlugin_v5 symbol.
ip-0A230414:37006:37006 [3] NCCL INFO NET/Plugin: Failed to find ncclCollNetPlugin_v5 symbol.
ip-0A23040C:81373:81373 [3] NCCL INFO Plugin Path : /opt/hpcx/nccl_rdma_sharp_plugin/lib/libnccl-net.so
ip-0A23040C:81373:81373 [3] NCCL INFO P2P plugin IBext
ip-0A23040C:81373:81373 [3] NCCL INFO NCCL_IB_PCI_RELAXED_ORDERING set by environment to 1.
ip-0A23041A:32601:32601 [3] NCCL INFO NET/Plugin: Failed to find ncclNetPlugin_v5 symbol.
ip-0A23041A:32601:32601 [3] NCCL INFO NET/Plugin: Failed to find ncclCollNetPlugin_v5 symbol.
ip-0A230414:37006:37006 [3] NCCL INFO Plugin Path : /opt/hpcx/nccl_rdma_sharp_plugin/lib/libnccl-net.so
ip-0A230414:37006:37006 [3] NCCL INFO P2P plugin IBext
ip-0A230414:37006:37006 [3] NCCL INFO NCCL_IB_PCI_RELAXED_ORDERING set by environment to 1.
ip-0A230412:39987:39987 [3] NCCL INFO NET/Plugin: Failed to find ncclNetPlugin_v5 symbol.
ip-0A230412:39987:39987 [3] NCCL INFO NET/Plugin: Failed to find ncclCollNetPlugin_v5 symbol.
ip-0A23041A:32601:32601 [3] NCCL INFO Plugin Path : /opt/hpcx/nccl_rdma_sharp_plugin/lib/libnccl-net.so
ip-0A23041A:32601:32601 [3] NCCL INFO P2P plugin IBext
ip-0A23041A:32601:32601 [3] NCCL INFO NCCL_IB_PCI_RELAXED_ORDERING set by environment to 1.
ip-0A230412:39987:39987 [3] NCCL INFO Plugin Path : /opt/hpcx/nccl_rdma_sharp_plugin/lib/libnccl-net.so
ip-0A230412:39987:39987 [3] NCCL INFO P2P plugin IBext
ip-0A230412:39987:39987 [3] NCCL INFO NCCL_IB_PCI_RELAXED_ORDERING set by environment to 1.
ip-0A230410:70721:70721 [3] NCCL INFO NET/Plugin: Failed to find ncclNetPlugin_v5 symbol.
ip-0A230410:70721:70721 [3] NCCL INFO NET/Plugin: Failed to find ncclCollNetPlugin_v5 symbol.
ip-0A230410:70721:70721 [3] NCCL INFO Plugin Path : /opt/hpcx/nccl_rdma_sharp_plugin/lib/libnccl-net.so
ip-0A230410:70721:70721 [3] NCCL INFO P2P plugin IBext
ip-0A230410:70721:70721 [3] NCCL INFO NCCL_IB_PCI_RELAXED_ORDERING set by environment to 1.
ip-0A23040E:82999:82999 [3] NCCL INFO NET/Plugin: Failed to find ncclNetPlugin_v5 symbol.
ip-0A23040E:82999:82999 [3] NCCL INFO NET/Plugin: Failed to find ncclCollNetPlugin_v5 symbol.
ip-0A230408:81441:81441 [3] NCCL INFO NET/Plugin: Failed to find ncclNetPlugin_v5 symbol.
ip-0A230408:81441:81441 [3] NCCL INFO NET/Plugin: Failed to find ncclCollNetPlugin_v5 symbol.
ip-0A230408:81441:81441 [3] NCCL INFO Plugin Path : /opt/hpcx/nccl_rdma_sharp_plugin/lib/libnccl-net.so
ip-0A230408:81441:81441 [3] NCCL INFO P2P plugin IBext
ip-0A230408:81441:81441 [3] NCCL INFO NCCL_IB_PCI_RELAXED_ORDERING set by environment to 1.
ip-0A23040E:82999:82999 [3] NCCL INFO Plugin Path : /opt/hpcx/nccl_rdma_sharp_plugin/lib/libnccl-net.so
ip-0A23040E:82999:82999 [3] NCCL INFO P2P plugin IBext
ip-0A23040E:82999:82999 [3] NCCL INFO NCCL_IB_PCI_RELAXED_ORDERING set by environment to 1.
ip-0A230406:19911:19911 [3] NCCL INFO NET/Plugin: Failed to find ncclNetPlugin_v5 symbol.
ip-0A230406:19911:19911 [3] NCCL INFO NET/Plugin: Failed to find ncclCollNetPlugin_v5 symbol.
ip-0A230407:73003:73003 [3] NCCL INFO NET/Plugin: Failed to find ncclNetPlugin_v5 symbol.
ip-0A230407:73003:73003 [3] NCCL INFO NET/Plugin: Failed to find ncclCollNetPlugin_v5 symbol.
ip-0A230406:19911:19911 [3] NCCL INFO Plugin Path : /opt/hpcx/nccl_rdma_sharp_plugin/lib/libnccl-net.so
ip-0A230406:19911:19911 [3] NCCL INFO P2P plugin IBext
ip-0A230406:19911:19911 [3] NCCL INFO NCCL_IB_PCI_RELAXED_ORDERING set by environment to 1.
ip-0A230407:73003:73003 [3] NCCL INFO Plugin Path : /opt/hpcx/nccl_rdma_sharp_plugin/lib/libnccl-net.so
ip-0A230407:73003:73003 [3] NCCL INFO P2P plugin IBext
ip-0A230407:73003:73003 [3] NCCL INFO NCCL_IB_PCI_RELAXED_ORDERING set by environment to 1.
ip-0A230417:73135:73135 [3] NCCL INFO NET/Plugin: Failed to find ncclNetPlugin_v5 symbol.
ip-0A230417:73135:73135 [3] NCCL INFO NET/Plugin: Failed to find ncclCollNetPlugin_v5 symbol.
ip-0A23041D:38314:38314 [3] NCCL INFO NET/Plugin: Failed to find ncclNetPlugin_v5 symbol.
ip-0A23041D:38314:38314 [3] NCCL INFO NET/Plugin: Failed to find ncclCollNetPlugin_v5 symbol.
ip-0A230413:83849:83849 [3] NCCL INFO NET/Plugin: Failed to find ncclNetPlugin_v5 symbol.
ip-0A230413:83849:83849 [3] NCCL INFO NET/Plugin: Failed to find ncclCollNetPlugin_v5 symbol.
ip-0A230417:73135:73135 [3] NCCL INFO Plugin Path : /opt/hpcx/nccl_rdma_sharp_plugin/lib/libnccl-net.so
ip-0A230417:73135:73135 [3] NCCL INFO P2P plugin IBext
ip-0A230417:73135:73135 [3] NCCL INFO NCCL_IB_PCI_RELAXED_ORDERING set by environment to 1.
ip-0A23041D:38314:38314 [3] NCCL INFO Plugin Path : /opt/hpcx/nccl_rdma_sharp_plugin/lib/libnccl-net.so
ip-0A23041D:38314:38314 [3] NCCL INFO P2P plugin IBext
ip-0A23041D:38314:38314 [3] NCCL INFO NCCL_IB_PCI_RELAXED_ORDERING set by environment to 1.
ip-0A230413:83849:83849 [3] NCCL INFO Plugin Path : /opt/hpcx/nccl_rdma_sharp_plugin/lib/libnccl-net.so
ip-0A230413:83849:83849 [3] NCCL INFO P2P plugin IBext
ip-0A230413:83849:83849 [3] NCCL INFO NCCL_IB_PCI_RELAXED_ORDERING set by environment to 1.
ip-0A23040B:56456:56456 [3] NCCL INFO NET/Plugin: Failed to find ncclNetPlugin_v5 symbol.
ip-0A23040B:56456:56456 [3] NCCL INFO NET/Plugin: Failed to find ncclCollNetPlugin_v5 symbol.
ip-0A23040B:56456:56456 [3] NCCL INFO Plugin Path : /opt/hpcx/nccl_rdma_sharp_plugin/lib/libnccl-net.so
ip-0A23040B:56456:56456 [3] NCCL INFO P2P plugin IBext
ip-0A23040B:56456:56456 [3] NCCL INFO NCCL_IB_PCI_RELAXED_ORDERING set by environment to 1.
ip-0A23040F:1528:1528 [3] NCCL INFO NET/Plugin: Failed to find ncclNetPlugin_v5 symbol.
ip-0A23040F:1528:1528 [3] NCCL INFO NET/Plugin: Failed to find ncclCollNetPlugin_v5 symbol.
ip-0A23040F:1528:1528 [3] NCCL INFO Plugin Path : /opt/hpcx/nccl_rdma_sharp_plugin/lib/libnccl-net.so
ip-0A23040F:1528:1528 [3] NCCL INFO P2P plugin IBext
ip-0A23040F:1528:1528 [3] NCCL INFO NCCL_IB_PCI_RELAXED_ORDERING set by environment to 1.
ip-0A230405:35344:35344 [3] NCCL INFO NET/Plugin: Failed to find ncclNetPlugin_v5 symbol.
ip-0A230405:35344:35344 [3] NCCL INFO NET/Plugin: Failed to find ncclCollNetPlugin_v5 symbol.
ip-0A230405:35344:35344 [3] NCCL INFO Plugin Path : /opt/hpcx/nccl_rdma_sharp_plugin/lib/libnccl-net.so
ip-0A230405:35344:35344 [3] NCCL INFO P2P plugin IBext
ip-0A230405:35344:35344 [3] NCCL INFO NCCL_IB_PCI_RELAXED_ORDERING set by environment to 1.
ip-0A230414:37006:37006 [3] NCCL INFO NET/IB : Using [0]mlx5_ib0:1/IB/SHARP [1]mlx5_ib1:1/IB/SHARP [2]mlx5_ib2:1/IB/SHARP [3]mlx5_ib3:1/IB/SHARP [4]mlx5_ib4:1/IB/SHARP [5]mlx5_ib5:1/IB/SHARP [6]mlx5_ib6:1/IB/SHARP [7]mlx5_ib7:1/IB/SHARP ; OOB eth0:10.35.4.20<0>
ip-0A230414:37006:37006 [3] NCCL INFO Using network IBext
ip-0A23041A:32601:32601 [3] NCCL INFO NET/IB : Using [0]mlx5_ib0:1/IB/SHARP [1]mlx5_ib1:1/IB/SHARP [2]mlx5_ib2:1/IB/SHARP [3]mlx5_ib3:1/IB/SHARP [4]mlx5_ib4:1/IB/SHARP [5]mlx5_ib5:1/IB/SHARP [6]mlx5_ib6:1/IB/SHARP [7]mlx5_ib7:1/IB/SHARP ; OOB eth0:10.35.4.26<0>
ip-0A23041A:32601:32601 [3] NCCL INFO Using network IBext
ip-0A230408:81441:81441 [3] NCCL INFO NET/IB : Using [0]mlx5_ib0:1/IB/SHARP [1]mlx5_ib1:1/IB/SHARP [2]mlx5_ib2:1/IB/SHARP [3]mlx5_ib3:1/IB/SHARP [4]mlx5_ib4:1/IB/SHARP [5]mlx5_ib5:1/IB/SHARP [6]mlx5_ib6:1/IB/SHARP [7]mlx5_ib7:1/IB/SHARP ; OOB eth0:10.35.4.8<0>
ip-0A230408:81441:81441 [3] NCCL INFO Using network IBext
ip-0A230412:39987:39987 [3] NCCL INFO NET/IB : Using [0]mlx5_ib0:1/IB/SHARP [1]mlx5_ib1:1/IB/SHARP [2]mlx5_ib2:1/IB/SHARP [3]mlx5_ib3:1/IB/SHARP [4]mlx5_ib4:1/IB/SHARP [5]mlx5_ib5:1/IB/SHARP [6]mlx5_ib6:1/IB/SHARP [7]mlx5_ib7:1/IB/SHARP ; OOB eth0:10.35.4.18<0>
ip-0A23040C:81373:81373 [3] NCCL INFO NET/IB : Using [0]mlx5_ib0:1/IB/SHARP [1]mlx5_ib1:1/IB/SHARP [2]mlx5_ib2:1/IB/SHARP [3]mlx5_ib3:1/IB/SHARP [4]mlx5_ib4:1/IB/SHARP [5]mlx5_ib5:1/IB/SHARP [6]mlx5_ib6:1/IB/SHARP [7]mlx5_ib7:1/IB/SHARP ; OOB eth0:10.35.4.12<0>
ip-0A230412:39987:39987 [3] NCCL INFO Using network IBext
ip-0A23040C:81373:81373 [3] NCCL INFO Using network IBext
ip-0A23040E:82999:82999 [3] NCCL INFO NET/IB : Using [0]mlx5_ib0:1/IB/SHARP [1]mlx5_ib1:1/IB/SHARP [2]mlx5_ib2:1/IB/SHARP [3]mlx5_ib3:1/IB/SHARP [4]mlx5_ib4:1/IB/SHARP [5]mlx5_ib5:1/IB/SHARP [6]mlx5_ib6:1/IB/SHARP [7]mlx5_ib7:1/IB/SHARP ; OOB eth0:10.35.4.14<0>
ip-0A23040E:82999:82999 [3] NCCL INFO Using network IBext
ip-0A230417:73135:73135 [3] NCCL INFO NET/IB : Using [0]mlx5_ib0:1/IB/SHARP [1]mlx5_ib1:1/IB/SHARP [2]mlx5_ib2:1/IB/SHARP [3]mlx5_ib3:1/IB/SHARP [4]mlx5_ib4:1/IB/SHARP [5]mlx5_ib5:1/IB/SHARP [6]mlx5_ib6:1/IB/SHARP [7]mlx5_ib7:1/IB/SHARP ; OOB eth0:10.35.4.23<0>
ip-0A230417:73135:73135 [3] NCCL INFO Using network IBext
ip-0A230410:70721:70721 [3] NCCL INFO NET/IB : Using [0]mlx5_ib0:1/IB/SHARP [1]mlx5_ib1:1/IB/SHARP [2]mlx5_ib2:1/IB/SHARP [3]mlx5_ib3:1/IB/SHARP [4]mlx5_ib4:1/IB/SHARP [5]mlx5_ib5:1/IB/SHARP [6]mlx5_ib6:1/IB/SHARP [7]mlx5_ib7:1/IB/SHARP ; OOB eth0:10.35.4.16<0>
ip-0A230413:83849:83849 [3] NCCL INFO NET/IB : Using [0]mlx5_ib0:1/IB/SHARP [1]mlx5_ib1:1/IB/SHARP [2]mlx5_ib2:1/IB/SHARP [3]mlx5_ib3:1/IB/SHARP [4]mlx5_ib4:1/IB/SHARP [5]mlx5_ib5:1/IB/SHARP [6]mlx5_ib6:1/IB/SHARP [7]mlx5_ib7:1/IB/SHARP ; OOB eth0:10.35.4.19<0>
ip-0A230413:83849:83849 [3] NCCL INFO Using network IBext
ip-0A230410:70721:70721 [3] NCCL INFO Using network IBext
ip-0A230406:19911:19911 [3] NCCL INFO NET/IB : Using [0]mlx5_ib0:1/IB/SHARP [1]mlx5_ib1:1/IB/SHARP [2]mlx5_ib2:1/IB/SHARP [3]mlx5_ib3:1/IB/SHARP [4]mlx5_ib4:1/IB/SHARP [5]mlx5_ib5:1/IB/SHARP [6]mlx5_ib6:1/IB/SHARP [7]mlx5_ib7:1/IB/SHARP ; OOB eth0:10.35.4.6<0>
ip-0A230406:19911:19911 [3] NCCL INFO Using network IBext
ip-0A23040B:56456:56456 [3] NCCL INFO NET/IB : Using [0]mlx5_ib0:1/IB/SHARP [1]mlx5_ib1:1/IB/SHARP [2]mlx5_ib2:1/IB/SHARP [3]mlx5_ib3:1/IB/SHARP [4]mlx5_ib4:1/IB/SHARP [5]mlx5_ib5:1/IB/SHARP [6]mlx5_ib6:1/IB/SHARP [7]mlx5_ib7:1/IB/SHARP ; OOB eth0:10.35.4.11<0>
ip-0A230407:73003:73003 [3] NCCL INFO NET/IB : Using [0]mlx5_ib0:1/IB/SHARP [1]mlx5_ib1:1/IB/SHARP [2]mlx5_ib2:1/IB/SHARP [3]mlx5_ib3:1/IB/SHARP [4]mlx5_ib4:1/IB/SHARP [5]mlx5_ib5:1/IB/SHARP [6]mlx5_ib6:1/IB/SHARP [7]mlx5_ib7:1/IB/SHARP ; OOB eth0:10.35.4.7<0>
ip-0A23040B:56456:56456 [3] NCCL INFO Using network IBext
ip-0A230407:73003:73003 [3] NCCL INFO Using network IBext
ip-0A23041D:38314:38314 [3] NCCL INFO NET/IB : Using [0]mlx5_ib0:1/IB/SHARP [1]mlx5_ib1:1/IB/SHARP [2]mlx5_ib2:1/IB/SHARP [3]mlx5_ib3:1/IB/SHARP [4]mlx5_ib4:1/IB/SHARP [5]mlx5_ib5:1/IB/SHARP [6]mlx5_ib6:1/IB/SHARP [7]mlx5_ib7:1/IB/SHARP ; OOB eth0:10.35.4.29<0>
ip-0A23041D:38314:38314 [3] NCCL INFO Using network IBext
ip-0A23040F:1528:1528 [3] NCCL INFO NET/IB : Using [0]mlx5_ib0:1/IB/SHARP [1]mlx5_ib1:1/IB/SHARP [2]mlx5_ib2:1/IB/SHARP [3]mlx5_ib3:1/IB/SHARP [4]mlx5_ib4:1/IB/SHARP [5]mlx5_ib5:1/IB/SHARP [6]mlx5_ib6:1/IB/SHARP [7]mlx5_ib7:1/IB/SHARP ; OOB eth0:10.35.4.15<0>
ip-0A23040F:1528:1528 [3] NCCL INFO Using network IBext
ip-0A230405:35344:35344 [3] NCCL INFO NET/IB : Using [0]mlx5_ib0:1/IB/SHARP [1]mlx5_ib1:1/IB/SHARP [2]mlx5_ib2:1/IB/SHARP [3]mlx5_ib3:1/IB/SHARP [4]mlx5_ib4:1/IB/SHARP [5]mlx5_ib5:1/IB/SHARP [6]mlx5_ib6:1/IB/SHARP [7]mlx5_ib7:1/IB/SHARP ; OOB eth0:10.35.4.5<0>
ip-0A230405:35344:35344 [3] NCCL INFO Using network IBext
ip-0A23040F:1528:2189 [3] NCCL INFO NCCL_P2P_LEVEL set by environment to LOC
ip-0A23040F:1528:2189 [3] NCCL INFO PXN Disabled as plugin is v4
ip-0A230412:39987:40625 [3] NCCL INFO NCCL_P2P_LEVEL set by environment to LOC
ip-0A23040F:1528:2189 [3] NCCL INFO Setting affinity for GPU 3 to ffffff
ip-0A23040E:82999:83635 [3] NCCL INFO NCCL_P2P_LEVEL set by environment to LOC
ip-0A23040F:1528:2189 [3] NCCL INFO NCCL_COLLNET_ENABLE set by environment to 1.
ip-0A230412:39987:40625 [3] NCCL INFO PXN Disabled as plugin is v4
ip-0A230412:39987:40625 [3] NCCL INFO Setting affinity for GPU 3 to ffffff
ip-0A23040E:82999:83635 [3] NCCL INFO PXN Disabled as plugin is v4
ip-0A230412:39987:40625 [3] NCCL INFO NCCL_COLLNET_ENABLE set by environment to 1.
ip-0A23040E:82999:83635 [3] NCCL INFO Setting affinity for GPU 3 to ffffff
ip-0A230405:35344:35989 [3] NCCL INFO NCCL_P2P_LEVEL set by environment to LOC
ip-0A230408:81441:82078 [3] NCCL INFO NCCL_P2P_LEVEL set by environment to LOC
ip-0A230413:83849:84484 [3] NCCL INFO NCCL_P2P_LEVEL set by environment to LOC
ip-0A23040E:82999:83635 [3] NCCL INFO NCCL_COLLNET_ENABLE set by environment to 1.
ip-0A230405:35344:35989 [3] NCCL INFO PXN Disabled as plugin is v4
ip-0A230408:81441:82078 [3] NCCL INFO PXN Disabled as plugin is v4
ip-0A230413:83849:84484 [3] NCCL INFO PXN Disabled as plugin is v4
ip-0A230405:35344:35989 [3] NCCL INFO Setting affinity for GPU 3 to ffffff
ip-0A23040C:81373:82013 [3] NCCL INFO NCCL_P2P_LEVEL set by environment to LOC
ip-0A230408:81441:82078 [3] NCCL INFO Setting affinity for GPU 3 to ffffff
ip-0A230413:83849:84484 [3] NCCL INFO Setting affinity for GPU 3 to ffffff
ip-0A230405:35344:35989 [3] NCCL INFO NCCL_COLLNET_ENABLE set by environment to 1.
ip-0A230408:81441:82078 [3] NCCL INFO NCCL_COLLNET_ENABLE set by environment to 1.
ip-0A230413:83849:84484 [3] NCCL INFO NCCL_COLLNET_ENABLE set by environment to 1.
ip-0A23040C:81373:82013 [3] NCCL INFO PXN Disabled as plugin is v4
ip-0A230417:73135:73777 [3] NCCL INFO NCCL_P2P_LEVEL set by environment to LOC
ip-0A23040C:81373:82013 [3] NCCL INFO Setting affinity for GPU 3 to ffffff
ip-0A23040C:81373:82013 [3] NCCL INFO NCCL_COLLNET_ENABLE set by environment to 1.
ip-0A230417:73135:73777 [3] NCCL INFO PXN Disabled as plugin is v4
ip-0A23041D:38314:38952 [3] NCCL INFO NCCL_P2P_LEVEL set by environment to LOC
ip-0A230417:73135:73777 [3] NCCL INFO Setting affinity for GPU 3 to ffffff
ip-0A23041D:38314:38952 [3] NCCL INFO PXN Disabled as plugin is v4
ip-0A230417:73135:73777 [3] NCCL INFO NCCL_COLLNET_ENABLE set by environment to 1.
ip-0A230406:19911:20552 [3] NCCL INFO NCCL_P2P_LEVEL set by environment to LOC
ip-0A23041D:38314:38952 [3] NCCL INFO Setting affinity for GPU 3 to ffffff
ip-0A230407:73003:73639 [3] NCCL INFO NCCL_P2P_LEVEL set by environment to LOC
ip-0A230410:70721:71358 [3] NCCL INFO NCCL_P2P_LEVEL set by environment to LOC
ip-0A23041D:38314:38952 [3] NCCL INFO NCCL_COLLNET_ENABLE set by environment to 1.
ip-0A230406:19911:20552 [3] NCCL INFO PXN Disabled as plugin is v4
ip-0A230407:73003:73639 [3] NCCL INFO PXN Disabled as plugin is v4
ip-0A23040B:56456:57089 [3] NCCL INFO NCCL_P2P_LEVEL set by environment to LOC
ip-0A230410:70721:71358 [3] NCCL INFO PXN Disabled as plugin is v4
ip-0A23040D:46868:47511 [3] NCCL INFO NCCL_P2P_LEVEL set by environment to LOC
ip-0A230406:19911:20552 [3] NCCL INFO Setting affinity for GPU 3 to ffffff
ip-0A230407:73003:73639 [3] NCCL INFO Setting affinity for GPU 3 to ffffff
ip-0A230410:70721:71358 [3] NCCL INFO Setting affinity for GPU 3 to ffffff
ip-0A230406:19911:20552 [3] NCCL INFO NCCL_COLLNET_ENABLE set by environment to 1.
ip-0A23040B:56456:57089 [3] NCCL INFO PXN Disabled as plugin is v4
ip-0A230407:73003:73639 [3] NCCL INFO NCCL_COLLNET_ENABLE set by environment to 1.
ip-0A23040D:46868:47511 [3] NCCL INFO PXN Disabled as plugin is v4
ip-0A23041A:32601:33237 [3] NCCL INFO NCCL_P2P_LEVEL set by environment to LOC
ip-0A230410:70721:71358 [3] NCCL INFO NCCL_COLLNET_ENABLE set by environment to 1.
ip-0A23040B:56456:57089 [3] NCCL INFO Setting affinity for GPU 3 to ffffff
ip-0A23040D:46868:47511 [3] NCCL INFO Setting affinity for GPU 3 to ffffff
ip-0A23040B:56456:57089 [3] NCCL INFO NCCL_COLLNET_ENABLE set by environment to 1.
ip-0A23041A:32601:33237 [3] NCCL INFO PXN Disabled as plugin is v4
ip-0A23040D:46868:47511 [3] NCCL INFO NCCL_COLLNET_ENABLE set by environment to 1.
ip-0A23041A:32601:33237 [3] NCCL INFO Setting affinity for GPU 3 to ffffff
ip-0A23041A:32601:33237 [3] NCCL INFO NCCL_COLLNET_ENABLE set by environment to 1.
ip-0A230414:37006:37639 [3] NCCL INFO NCCL_P2P_LEVEL set by environment to LOC
ip-0A230414:37006:37639 [3] NCCL INFO PXN Disabled as plugin is v4
ip-0A230414:37006:37639 [3] NCCL INFO Setting affinity for GPU 3 to ffffff
ip-0A230414:37006:37639 [3] NCCL INFO NCCL_COLLNET_ENABLE set by environment to 1.
ip-0A230414:37006:37639 [3] NCCL INFO Trees [0] -1/-1/-1->5->6 [1] 6/4/-1->5->3
ip-0A230417:73135:73777 [3] NCCL INFO Trees [0] 5/7/-1->6->4 [1] -1/-1/-1->6->5
ip-0A230406:19911:20552 [3] NCCL INFO Trees [0] -1/-1/-1->7->6 [1] 11/3/-1->7->15
ip-0A230408:81441:82078 [3] NCCL INFO Trees [0] 4/12/-1->8->0 [1] -1/-1/-1->8->9
ip-0A23041A:32601:33237 [3] NCCL INFO Trees [0] -1/-1/-1->9->10 [1] 10/8/-1->9->11
ip-0A23041D:38314:38952 [3] NCCL INFO Trees [0] 9/11/-1->10->12 [1] -1/-1/-1->10->9
ip-0A230405:35344:35989 [3] NCCL INFO Trees [0] -1/-1/-1->11->10 [1] 13/9/-1->11->7
ip-0A230407:73003:73639 [3] NCCL INFO Trees [0] 10/14/-1->12->8 [1] -1/-1/-1->12->13
ip-0A23040B:56456:57089 [3] NCCL INFO Trees [0] -1/-1/-1->13->14 [1] 14/12/-1->13->11
ip-0A23040E:82999:83635 [3] NCCL INFO Trees [0] 13/15/-1->14->12 [1] -1/-1/-1->14->13
ip-0A23040C:81373:82013 [3] NCCL INFO Trees [0] -1/-1/-1->15->14 [1] 7/-1/-1->15->-1
ip-0A23040D:46868:47511 [3] NCCL INFO Channel 00/02 :    0   1   2   3   4   5   6   7   8   9  10  11  12  13  14  15
ip-0A23040D:46868:47511 [3] NCCL INFO Channel 01/02 :    0   1   2   3   4   5   6   7   8   9  10  11  12  13  14  15
ip-0A23040D:46868:47511 [3] NCCL INFO Trees [0] 8/-1/-1->0->-1 [1] -1/-1/-1->0->1
ip-0A23040F:1528:2189 [3] NCCL INFO Trees [0] -1/-1/-1->1->2 [1] 2/0/-1->1->3
ip-0A230410:70721:71358 [3] NCCL INFO Trees [0] 1/3/-1->2->4 [1] -1/-1/-1->2->1
ip-0A230412:39987:40625 [3] NCCL INFO Trees [0] -1/-1/-1->3->2 [1] 5/1/-1->3->7
ip-0A230413:83849:84484 [3] NCCL INFO Trees [0] 2/6/-1->4->8 [1] -1/-1/-1->4->5
ip-0A230414:37006:37639 [3] NCCL INFO Channel 00/0 : 4[400000] -> 5[400000] [receive] via NET/IBext/3
ip-0A230414:37006:37639 [3] NCCL INFO Channel 01/0 : 4[400000] -> 5[400000] [receive] via NET/IBext/3
ip-0A230417:73135:73777 [3] NCCL INFO Channel 00/0 : 5[400000] -> 6[400000] [receive] via NET/IBext/3
ip-0A230414:37006:37639 [3] NCCL INFO Channel 00/0 : 5[400000] -> 6[400000] [send] via NET/IBext/3
ip-0A230406:19911:20552 [3] NCCL INFO Channel 00/0 : 6[400000] -> 7[400000] [receive] via NET/IBext/3
ip-0A230414:37006:37639 [3] NCCL INFO Channel 01/0 : 5[400000] -> 6[400000] [send] via NET/IBext/3
ip-0A230417:73135:73777 [3] NCCL INFO Channel 01/0 : 5[400000] -> 6[400000] [receive] via NET/IBext/3
ip-0A230417:73135:73777 [3] NCCL INFO Channel 00/0 : 6[400000] -> 7[400000] [send] via NET/IBext/3
ip-0A230406:19911:20552 [3] NCCL INFO Channel 01/0 : 6[400000] -> 7[400000] [receive] via NET/IBext/3
ip-0A230406:19911:20552 [3] NCCL INFO Channel 00/0 : 7[400000] -> 8[400000] [send] via NET/IBext/3
ip-0A230417:73135:73777 [3] NCCL INFO Channel 01/0 : 6[400000] -> 7[400000] [send] via NET/IBext/3
ip-0A230406:19911:20552 [3] NCCL INFO Channel 01/0 : 7[400000] -> 8[400000] [send] via NET/IBext/3
ip-0A23041A:32601:33237 [3] NCCL INFO Channel 00/0 : 8[400000] -> 9[400000] [receive] via NET/IBext/3
ip-0A230408:81441:82078 [3] NCCL INFO Channel 00/0 : 7[400000] -> 8[400000] [receive] via NET/IBext/3
ip-0A230408:81441:82078 [3] NCCL INFO Channel 01/0 : 7[400000] -> 8[400000] [receive] via NET/IBext/3
ip-0A230408:81441:82078 [3] NCCL INFO Channel 00/0 : 8[400000] -> 9[400000] [send] via NET/IBext/3
ip-0A23041A:32601:33237 [3] NCCL INFO Channel 01/0 : 8[400000] -> 9[400000] [receive] via NET/IBext/3
ip-0A23041A:32601:33237 [3] NCCL INFO Channel 00/0 : 9[400000] -> 10[400000] [send] via NET/IBext/3
ip-0A23041D:38314:38952 [3] NCCL INFO Channel 00/0 : 9[400000] -> 10[400000] [receive] via NET/IBext/3
ip-0A23041A:32601:33237 [3] NCCL INFO Channel 01/0 : 9[400000] -> 10[400000] [send] via NET/IBext/3
ip-0A230407:73003:73639 [3] NCCL INFO Channel 00/0 : 11[400000] -> 12[400000] [receive] via NET/IBext/3
ip-0A230405:35344:35989 [3] NCCL INFO Channel 00/0 : 10[400000] -> 11[400000] [receive] via NET/IBext/3
ip-0A230408:81441:82078 [3] NCCL INFO Channel 01/0 : 8[400000] -> 9[400000] [send] via NET/IBext/3
ip-0A23041D:38314:38952 [3] NCCL INFO Channel 01/0 : 9[400000] -> 10[400000] [receive] via NET/IBext/3
ip-0A23041D:38314:38952 [3] NCCL INFO Channel 00/0 : 10[400000] -> 11[400000] [send] via NET/IBext/3
ip-0A23040B:56456:57089 [3] NCCL INFO Channel 00/0 : 12[400000] -> 13[400000] [receive] via NET/IBext/3
ip-0A230405:35344:35989 [3] NCCL INFO Channel 01/0 : 10[400000] -> 11[400000] [receive] via NET/IBext/3
ip-0A230405:35344:35989 [3] NCCL INFO Channel 00/0 : 11[400000] -> 12[400000] [send] via NET/IBext/3
ip-0A230407:73003:73639 [3] NCCL INFO Channel 01/0 : 11[400000] -> 12[400000] [receive] via NET/IBext/3
ip-0A230407:73003:73639 [3] NCCL INFO Channel 00/0 : 12[400000] -> 13[400000] [send] via NET/IBext/3
ip-0A23040E:82999:83635 [3] NCCL INFO Channel 00/0 : 13[400000] -> 14[400000] [receive] via NET/IBext/3
ip-0A23041D:38314:38952 [3] NCCL INFO Channel 01/0 : 10[400000] -> 11[400000] [send] via NET/IBext/3
ip-0A23040B:56456:57089 [3] NCCL INFO Channel 01/0 : 12[400000] -> 13[400000] [receive] via NET/IBext/3
ip-0A23040B:56456:57089 [3] NCCL INFO Channel 00/0 : 13[400000] -> 14[400000] [send] via NET/IBext/3
ip-0A230407:73003:73639 [3] NCCL INFO Channel 01/0 : 12[400000] -> 13[400000] [send] via NET/IBext/3
ip-0A230405:35344:35989 [3] NCCL INFO Channel 01/0 : 11[400000] -> 12[400000] [send] via NET/IBext/3
ip-0A23040C:81373:82013 [3] NCCL INFO Channel 00/0 : 14[400000] -> 15[400000] [receive] via NET/IBext/3
ip-0A23040E:82999:83635 [3] NCCL INFO Channel 01/0 : 13[400000] -> 14[400000] [receive] via NET/IBext/3
ip-0A23040B:56456:57089 [3] NCCL INFO Channel 01/0 : 13[400000] -> 14[400000] [send] via NET/IBext/3
ip-0A23040E:82999:83635 [3] NCCL INFO Channel 00/0 : 14[400000] -> 15[400000] [send] via NET/IBext/3
ip-0A23040E:82999:83635 [3] NCCL INFO Channel 01/0 : 14[400000] -> 15[400000] [send] via NET/IBext/3
ip-0A23040C:81373:82013 [3] NCCL INFO Channel 01/0 : 14[400000] -> 15[400000] [receive] via NET/IBext/3
ip-0A23040C:81373:82013 [3] NCCL INFO Channel 00/0 : 15[400000] -> 0[400000] [send] via NET/IBext/3
ip-0A23040C:81373:82013 [3] NCCL INFO Channel 01/0 : 15[400000] -> 0[400000] [send] via NET/IBext/3
ip-0A23040F:1528:2189 [3] NCCL INFO Channel 00/0 : 0[400000] -> 1[400000] [receive] via NET/IBext/3
ip-0A230410:70721:71358 [3] NCCL INFO Channel 00/0 : 1[400000] -> 2[400000] [receive] via NET/IBext/3
ip-0A230412:39987:40625 [3] NCCL INFO Channel 00/0 : 2[400000] -> 3[400000] [receive] via NET/IBext/3
ip-0A23040F:1528:2189 [3] NCCL INFO Channel 01/0 : 0[400000] -> 1[400000] [receive] via NET/IBext/3
ip-0A23040F:1528:2189 [3] NCCL INFO Channel 00/0 : 1[400000] -> 2[400000] [send] via NET/IBext/3
ip-0A230410:70721:71358 [3] NCCL INFO Channel 01/0 : 1[400000] -> 2[400000] [receive] via NET/IBext/3
ip-0A230410:70721:71358 [3] NCCL INFO Channel 00/0 : 2[400000] -> 3[400000] [send] via NET/IBext/3
ip-0A230413:83849:84484 [3] NCCL INFO Channel 00/0 : 3[400000] -> 4[400000] [receive] via NET/IBext/3
ip-0A230412:39987:40625 [3] NCCL INFO Channel 01/0 : 2[400000] -> 3[400000] [receive] via NET/IBext/3
ip-0A230412:39987:40625 [3] NCCL INFO Channel 00/0 : 3[400000] -> 4[400000] [send] via NET/IBext/3
ip-0A23040F:1528:2189 [3] NCCL INFO Channel 01/0 : 1[400000] -> 2[400000] [send] via NET/IBext/3
ip-0A230410:70721:71358 [3] NCCL INFO Channel 01/0 : 2[400000] -> 3[400000] [send] via NET/IBext/3
ip-0A230412:39987:40625 [3] NCCL INFO Channel 01/0 : 3[400000] -> 4[400000] [send] via NET/IBext/3
ip-0A230413:83849:84484 [3] NCCL INFO Channel 01/0 : 3[400000] -> 4[400000] [receive] via NET/IBext/3
ip-0A230413:83849:84484 [3] NCCL INFO Channel 00/0 : 4[400000] -> 5[400000] [send] via NET/IBext/3
ip-0A230413:83849:84484 [3] NCCL INFO Channel 01/0 : 4[400000] -> 5[400000] [send] via NET/IBext/3
ip-0A23040D:46868:47511 [3] NCCL INFO Channel 00/0 : 15[400000] -> 0[400000] [receive] via NET/IBext/3
ip-0A23040D:46868:47511 [3] NCCL INFO Channel 01/0 : 15[400000] -> 0[400000] [receive] via NET/IBext/3
ip-0A23040D:46868:47511 [3] NCCL INFO Channel 00/0 : 0[400000] -> 1[400000] [send] via NET/IBext/3
ip-0A23040D:46868:47511 [3] NCCL INFO Channel 01/0 : 0[400000] -> 1[400000] [send] via NET/IBext/3
ip-0A230406:19911:20552 [3] NCCL INFO Connected all rings
ip-0A230417:73135:73777 [3] NCCL INFO Connected all rings
ip-0A23040B:56456:57089 [3] NCCL INFO Connected all rings
ip-0A23040E:82999:83635 [3] NCCL INFO Connected all rings
ip-0A230405:35344:35989 [3] NCCL INFO Connected all rings
ip-0A23041A:32601:33237 [3] NCCL INFO Connected all rings
ip-0A230407:73003:73639 [3] NCCL INFO Connected all rings
ip-0A23040C:81373:82013 [3] NCCL INFO Connected all rings
ip-0A230414:37006:37639 [3] NCCL INFO Connected all rings
ip-0A230410:70721:71358 [3] NCCL INFO Connected all rings
ip-0A230408:81441:82078 [3] NCCL INFO Connected all rings
ip-0A23041D:38314:38952 [3] NCCL INFO Connected all rings
ip-0A230412:39987:40625 [3] NCCL INFO Connected all rings
ip-0A23040F:1528:2189 [3] NCCL INFO Connected all rings
ip-0A230413:83849:84484 [3] NCCL INFO Connected all rings
ip-0A23040D:46868:47511 [3] NCCL INFO Connected all rings
ip-0A23040B:56456:57089 [3] NCCL INFO Channel 01/0 : 11[400000] -> 13[400000] [receive] via NET/IBext/3
ip-0A230414:37006:37639 [3] NCCL INFO Channel 01/0 : 3[400000] -> 5[400000] [receive] via NET/IBext/3
ip-0A23040C:81373:82013 [3] NCCL INFO Channel 01/0 : 7[400000] -> 15[400000] [receive] via NET/IBext/3
ip-0A23041A:32601:33237 [3] NCCL INFO Channel 01/0 : 9[400000] -> 11[400000] [send] via NET/IBext/3
ip-0A23040F:1528:2189 [3] NCCL INFO Channel 01/0 : 1[400000] -> 3[400000] [send] via NET/IBext/3
ip-0A23040C:81373:82013 [3] NCCL INFO Channel 01/0 : 15[400000] -> 7[400000] [send] via NET/IBext/3
ip-0A230412:39987:40625 [3] NCCL INFO Channel 01/0 : 1[400000] -> 3[400000] [receive] via NET/IBext/3
ip-0A230412:39987:40625 [3] NCCL INFO Channel 01/0 : 3[400000] -> 5[400000] [send] via NET/IBext/3
ip-0A23040D:46868:47511 [3] NCCL INFO Channel 00/0 : 8[400000] -> 0[400000] [receive] via NET/IBext/3
ip-0A230405:35344:35989 [3] NCCL INFO Channel 01/0 : 9[400000] -> 11[400000] [receive] via NET/IBext/3
ip-0A23040D:46868:47511 [3] NCCL INFO Channel 00/0 : 0[400000] -> 8[400000] [send] via NET/IBext/3
ip-0A230410:70721:71358 [3] NCCL INFO Channel 00/0 : 2[400000] -> 4[400000] [send] via NET/IBext/3
ip-0A230405:35344:35989 [3] NCCL INFO Channel 01/0 : 11[400000] -> 13[400000] [send] via NET/IBext/3
ip-0A23040E:82999:83635 [3] NCCL INFO Channel 00/0 : 12[400000] -> 14[400000] [receive] via NET/IBext/3
ip-0A230408:81441:82078 [3] NCCL INFO Channel 00/0 : 4[400000] -> 8[400000] [receive] via NET/IBext/3
ip-0A230406:19911:20552 [3] NCCL INFO Channel 01/0 : 3[400000] -> 7[400000] [receive] via NET/IBext/3
ip-0A230408:81441:82078 [3] NCCL INFO Channel 00/0 : 8[400000] -> 12[400000] [send] via NET/IBext/3
ip-0A230407:73003:73639 [3] NCCL INFO Channel 00/0 : 10[400000] -> 12[400000] [receive] via NET/IBext/3
ip-0A230417:73135:73777 [3] NCCL INFO Channel 00/0 : 4[400000] -> 6[400000] [receive] via NET/IBext/3
ip-0A230406:19911:20552 [3] NCCL INFO Channel 01/0 : 7[400000] -> 11[400000] [send] via NET/IBext/3
ip-0A230407:73003:73639 [3] NCCL INFO Channel 00/0 : 12[400000] -> 14[400000] [send] via NET/IBext/3
ip-0A23041D:38314:38952 [3] NCCL INFO Channel 00/0 : 10[400000] -> 12[400000] [send] via NET/IBext/3
ip-0A230413:83849:84484 [3] NCCL INFO Channel 00/0 : 2[400000] -> 4[400000] [receive] via NET/IBext/3
ip-0A230413:83849:84484 [3] NCCL INFO Channel 00/0 : 4[400000] -> 6[400000] [send] via NET/IBext/3
ip-0A23040F:1528:2189 [3] NCCL INFO Channel 01/0 : 3[400000] -> 1[400000] [receive] via NET/IBext/3
ip-0A23041A:32601:33237 [3] NCCL INFO Channel 01/0 : 11[400000] -> 9[400000] [receive] via NET/IBext/3
ip-0A230410:70721:71358 [3] NCCL INFO Channel 00/0 : 4[400000] -> 2[400000] [receive] via NET/IBext/3
ip-0A23041D:38314:38952 [3] NCCL INFO Channel 00/0 : 12[400000] -> 10[400000] [receive] via NET/IBext/3
ip-0A23040B:56456:57089 [3] NCCL INFO Channel 01/0 : 13[400000] -> 11[400000] [send] via NET/IBext/3
ip-0A230414:37006:37639 [3] NCCL INFO Channel 01/0 : 5[400000] -> 3[400000] [send] via NET/IBext/3
ip-0A230417:73135:73777 [3] NCCL INFO Channel 00/0 : 6[400000] -> 4[400000] [send] via NET/IBext/3
ip-0A23040E:82999:83635 [3] NCCL INFO Channel 00/0 : 14[400000] -> 12[400000] [send] via NET/IBext/3
ip-0A230412:39987:40625 [3] NCCL INFO Channel 01/0 : 3[400000] -> 7[400000] [send] via NET/IBext/3
ip-0A230405:35344:35989 [3] NCCL INFO Channel 01/0 : 7[400000] -> 11[400000] [receive] via NET/IBext/3
ip-0A230407:73003:73639 [3] NCCL INFO Channel 00/0 : 8[400000] -> 12[400000] [receive] via NET/IBext/3
ip-0A230413:83849:84484 [3] NCCL INFO Channel 00/0 : 4[400000] -> 8[400000] [send] via NET/IBext/3
ip-0A230407:73003:73639 [3] NCCL INFO Channel 00/0 : 12[400000] -> 8[400000] [send] via NET/IBext/3
ip-0A230405:35344:35989 [3] NCCL INFO Channel 01/0 : 11[400000] -> 7[400000] [send] via NET/IBext/3
ip-0A230412:39987:40625 [3] NCCL INFO Channel 01/0 : 7[400000] -> 3[400000] [receive] via NET/IBext/3
ip-0A230413:83849:84484 [3] NCCL INFO Channel 00/0 : 8[400000] -> 4[400000] [receive] via NET/IBext/3
ip-0A230408:81441:82078 [3] NCCL INFO Channel 00/0 : 0[400000] -> 8[400000] [receive] via NET/IBext/3
ip-0A230408:81441:82078 [3] NCCL INFO Channel 00/0 : 8[400000] -> 0[400000] [send] via NET/IBext/3
ip-0A230406:19911:20552 [3] NCCL INFO Channel 01/0 : 15[400000] -> 7[400000] [receive] via NET/IBext/3
ip-0A230406:19911:20552 [3] NCCL INFO Channel 01/0 : 7[400000] -> 15[400000] [send] via NET/IBext/3
ip-0A230408:81441:82078 [3] NCCL INFO Channel 00/0 : 12[400000] -> 8[400000] [receive] via NET/IBext/3
ip-0A230406:19911:20552 [3] NCCL INFO Channel 01/0 : 11[400000] -> 7[400000] [receive] via NET/IBext/3
ip-0A230408:81441:82078 [3] NCCL INFO Channel 00/0 : 8[400000] -> 4[400000] [send] via NET/IBext/3
ip-0A230406:19911:20552 [3] NCCL INFO Channel 01/0 : 7[400000] -> 3[400000] [send] via NET/IBext/3
ip-0A23040C:81373:82013 [3] NCCL INFO Channel 00/0 : 15[400000] -> 14[400000] [send] via NET/IBext/3
ip-0A230412:39987:40625 [3] NCCL INFO Channel 01/0 : 5[400000] -> 3[400000] [receive] via NET/IBext/3
ip-0A230412:39987:40625 [3] NCCL INFO Channel 01/0 : 3[400000] -> 1[400000] [send] via NET/IBext/3
ip-0A230413:83849:84484 [3] NCCL INFO Channel 00/0 : 6[400000] -> 4[400000] [receive] via NET/IBext/3
ip-0A230413:83849:84484 [3] NCCL INFO Channel 00/0 : 4[400000] -> 2[400000] [send] via NET/IBext/3
ip-0A23040D:46868:47511 [3] NCCL INFO Channel 01/0 : 1[400000] -> 0[400000] [receive] via NET/IBext/3
ip-0A230405:35344:35989 [3] NCCL INFO Channel 01/0 : 13[400000] -> 11[400000] [receive] via NET/IBext/3
ip-0A230405:35344:35989 [3] NCCL INFO Channel 01/0 : 11[400000] -> 9[400000] [send] via NET/IBext/3
ip-0A230407:73003:73639 [3] NCCL INFO Channel 00/0 : 14[400000] -> 12[400000] [receive] via NET/IBext/3
ip-0A230407:73003:73639 [3] NCCL INFO Channel 00/0 : 12[400000] -> 10[400000] [send] via NET/IBext/3
ip-0A230408:81441:82078 [3] NCCL INFO Channel 01/0 : 9[400000] -> 8[400000] [receive] via NET/IBext/3
ip-0A230406:19911:20552 [3] NCCL INFO Channel 00/0 : 7[400000] -> 6[400000] [send] via NET/IBext/3
ip-0A230410:70721:71358 [3] NCCL INFO Channel 00/0 : 3[400000] -> 2[400000] [receive] via NET/IBext/3
ip-0A230410:70721:71358 [3] NCCL INFO Channel 00/0 : 2[400000] -> 1[400000] [send] via NET/IBext/3
ip-0A230410:70721:71358 [3] NCCL INFO Channel 01/0 : 2[400000] -> 1[400000] [send] via NET/IBext/3
ip-0A230414:37006:37639 [3] NCCL INFO Channel 00/0 : 6[400000] -> 5[400000] [receive] via NET/IBext/3
ip-0A23040F:1528:2189 [3] NCCL INFO Channel 00/0 : 2[400000] -> 1[400000] [receive] via NET/IBext/3
ip-0A230414:37006:37639 [3] NCCL INFO Channel 01/0 : 6[400000] -> 5[400000] [receive] via NET/IBext/3
ip-0A230414:37006:37639 [3] NCCL INFO Channel 01/0 : 5[400000] -> 4[400000] [send] via NET/IBext/3
ip-0A23040F:1528:2189 [3] NCCL INFO Channel 01/0 : 2[400000] -> 1[400000] [receive] via NET/IBext/3
ip-0A23040F:1528:2189 [3] NCCL INFO Channel 01/0 : 1[400000] -> 0[400000] [send] via NET/IBext/3
ip-0A230417:73135:73777 [3] NCCL INFO Channel 00/0 : 7[400000] -> 6[400000] [receive] via NET/IBext/3
ip-0A230413:83849:84484 [3] NCCL INFO Channel 01/0 : 5[400000] -> 4[400000] [receive] via NET/IBext/3
ip-0A230417:73135:73777 [3] NCCL INFO Channel 00/0 : 6[400000] -> 5[400000] [send] via NET/IBext/3
ip-0A230417:73135:73777 [3] NCCL INFO Channel 01/0 : 6[400000] -> 5[400000] [send] via NET/IBext/3
ip-0A230412:39987:40625 [3] NCCL INFO Channel 00/0 : 3[400000] -> 2[400000] [send] via NET/IBext/3
ip-0A230406:19911:20552 [3] NCCL INFO Connected all trees
ip-0A230406:19911:20552 [3] NCCL INFO CollNet 00 : 7 [receive] via COLLNET/SHARP/3
ip-0A230412:39987:40625 [3] NCCL INFO Connected all trees
ip-0A23040D:46868:47511 [3] NCCL INFO Connected all trees
ip-0A230412:39987:40625 [3] NCCL INFO CollNet 00 : 3 [receive] via COLLNET/SHARP/3
ip-0A23040D:46868:47511 [3] NCCL INFO CollNet 00 : 0 [receive] via COLLNET/SHARP/3
ip-0A230413:83849:84484 [3] NCCL INFO Connected all trees
ip-0A230413:83849:84484 [3] NCCL INFO CollNet 00 : 4 [receive] via COLLNET/SHARP/3
ip-0A23040F:1528:2189 [3] NCCL INFO Connected all trees
ip-0A230417:73135:73777 [3] NCCL INFO Connected all trees
ip-0A230414:37006:37639 [3] NCCL INFO Connected all trees
ip-0A230410:70721:71358 [3] NCCL INFO Connected all trees
ip-0A23040B:56456:57089 [3] NCCL INFO Channel 00/0 : 14[400000] -> 13[400000] [receive] via NET/IBext/3
ip-0A23040B:56456:57089 [3] NCCL INFO Channel 01/0 : 14[400000] -> 13[400000] [receive] via NET/IBext/3
ip-0A23040B:56456:57089 [3] NCCL INFO Channel 01/0 : 13[400000] -> 12[400000] [send] via NET/IBext/3
ip-0A23041A:32601:33237 [3] NCCL INFO Channel 00/0 : 10[400000] -> 9[400000] [receive] via NET/IBext/3
ip-0A23041A:32601:33237 [3] NCCL INFO Channel 01/0 : 10[400000] -> 9[400000] [receive] via NET/IBext/3
ip-0A23041A:32601:33237 [3] NCCL INFO Channel 01/0 : 9[400000] -> 8[400000] [send] via NET/IBext/3
ip-0A23040E:82999:83635 [3] NCCL INFO Channel 00/0 : 15[400000] -> 14[400000] [receive] via NET/IBext/3
ip-0A23040E:82999:83635 [3] NCCL INFO Channel 00/0 : 14[400000] -> 13[400000] [send] via NET/IBext/3
ip-0A23040E:82999:83635 [3] NCCL INFO Channel 01/0 : 14[400000] -> 13[400000] [send] via NET/IBext/3
ip-0A230405:35344:35989 [3] NCCL INFO Channel 00/0 : 11[400000] -> 10[400000] [send] via NET/IBext/3
ip-0A23040C:81373:82013 [3] NCCL INFO Connected all trees
ip-0A230407:73003:73639 [3] NCCL INFO Channel 01/0 : 13[400000] -> 12[400000] [receive] via NET/IBext/3
ip-0A23041D:38314:38952 [3] NCCL INFO Channel 00/0 : 11[400000] -> 10[400000] [receive] via NET/IBext/3
ip-0A23041D:38314:38952 [3] NCCL INFO Channel 00/0 : 10[400000] -> 9[400000] [send] via NET/IBext/3
ip-0A23041D:38314:38952 [3] NCCL INFO Channel 01/0 : 10[400000] -> 9[400000] [send] via NET/IBext/3
ip-0A230405:35344:35989 [3] NCCL INFO Connected all trees
ip-0A230405:35344:35989 [3] NCCL INFO CollNet 00 : 11 [receive] via COLLNET/SHARP/3
ip-0A230407:73003:73639 [3] NCCL INFO Connected all trees
ip-0A230407:73003:73639 [3] NCCL INFO CollNet 00 : 12 [receive] via COLLNET/SHARP/3
ip-0A23040E:82999:83635 [3] NCCL INFO Connected all trees
ip-0A230408:81441:82078 [3] NCCL INFO Connected all trees
ip-0A230408:81441:82078 [3] NCCL INFO CollNet 00 : 8 [receive] via COLLNET/SHARP/3
ip-0A23040B:56456:57089 [3] NCCL INFO Connected all trees
ip-0A23041A:32601:33237 [3] NCCL INFO Connected all trees
ip-0A23041D:38314:38952 [3] NCCL INFO Connected all trees
ip-0A230414:37006:37639 [3] NCCL INFO CollNet 00 : 5 [receive] via COLLNET/SHARP/3
ip-0A23040F:1528:2189 [3] NCCL INFO CollNet 00 : 1 [receive] via COLLNET/SHARP/3
ip-0A230410:70721:71358 [3] NCCL INFO CollNet 00 : 2 [receive] via COLLNET/SHARP/3
ip-0A230417:73135:73777 [3] NCCL INFO CollNet 00 : 6 [receive] via COLLNET/SHARP/3
ip-0A23040C:81373:82013 [3] NCCL INFO CollNet 00 : 15 [receive] via COLLNET/SHARP/3
ip-0A23040E:82999:83635 [3] NCCL INFO CollNet 00 : 14 [receive] via COLLNET/SHARP/3
ip-0A23040B:56456:57089 [3] NCCL INFO CollNet 00 : 13 [receive] via COLLNET/SHARP/3
ip-0A23041A:32601:33237 [3] NCCL INFO CollNet 00 : 9 [receive] via COLLNET/SHARP/3
ip-0A23041D:38314:38952 [3] NCCL INFO CollNet 00 : 10 [receive] via COLLNET/SHARP/3
ip-0A23041D:38314:38953 [3] NCCL INFO NCCL_SHARP_GROUP_SIZE_THRESH set by environment to 16.
ip-0A230405:35344:35990 [3] NCCL INFO NCCL_SHARP_GROUP_SIZE_THRESH set by environment to 16.
ip-0A230407:73003:73640 [3] NCCL INFO NCCL_SHARP_GROUP_SIZE_THRESH set by environment to 16.
ip-0A23040B:56456:57090 [3] NCCL INFO NCCL_SHARP_GROUP_SIZE_THRESH set by environment to 16.
ip-0A23040E:82999:83636 [3] NCCL INFO NCCL_SHARP_GROUP_SIZE_THRESH set by environment to 16.
ip-0A23040C:81373:82014 [3] NCCL INFO NCCL_SHARP_GROUP_SIZE_THRESH set by environment to 16.
ip-0A23040D:46868:47512 [3] NCCL INFO NCCL_SHARP_GROUP_SIZE_THRESH set by environment to 16.
ip-0A23040F:1528:2190 [3] NCCL INFO NCCL_SHARP_GROUP_SIZE_THRESH set by environment to 16.
ip-0A230410:70721:71359 [3] NCCL INFO NCCL_SHARP_GROUP_SIZE_THRESH set by environment to 16.
ip-0A230412:39987:40626 [3] NCCL INFO NCCL_SHARP_GROUP_SIZE_THRESH set by environment to 16.
ip-0A230413:83849:84485 [3] NCCL INFO NCCL_SHARP_GROUP_SIZE_THRESH set by environment to 16.
ip-0A230414:37006:37640 [3] NCCL INFO NCCL_SHARP_GROUP_SIZE_THRESH set by environment to 16.
ip-0A230417:73135:73778 [3] NCCL INFO NCCL_SHARP_GROUP_SIZE_THRESH set by environment to 16.
ip-0A230406:19911:20553 [3] NCCL INFO NCCL_SHARP_GROUP_SIZE_THRESH set by environment to 16.
ip-0A230408:81441:82079 [3] NCCL INFO NCCL_SHARP_GROUP_SIZE_THRESH set by environment to 16.
ip-0A23041A:32601:33238 [3] NCCL INFO NCCL_SHARP_GROUP_SIZE_THRESH set by environment to 16.
[ip-0A23040D:0:46868 - context.c:584] INFO job (ID: 2524862966345109265) resource request quota: ( osts:0 user_data_per_ost:0 max_groups:0 max_qps:1 max_group_channels:1, num_trees:1)
