ip-0A230408:74469:75095 [2] sharp_plugin.c:288 NCCL WARN NET/IB :SHARP coll init error: Cannot create SHArP job(-11)

ip-0A230408:74469:75095 [2] NCCL INFO include/coll_net.h:21 -> 3
ip-0A23040E:75231:75856 [2] NCCL INFO Sharp rank 14/16 initialized on mlx5_ib2:1

ip-0A23040E:75231:75856 [2] sharp_plugin.c:288 NCCL WARN NET/IB :SHARP coll init error: Cannot create SHArP job(-11)

ip-0A23040E:75231:75856 [2] NCCL INFO include/coll_net.h:21 -> 3
ip-0A230405:27426:28058 [2] NCCL INFO Sharp rank 11/16 initialized on mlx5_ib2:1

ip-0A230405:27426:28058 [2] sharp_plugin.c:288 NCCL WARN NET/IB :SHARP coll init error: Cannot create SHArP job(-11)

ip-0A230405:27426:28058 [2] NCCL INFO include/coll_net.h:21 -> 3
ip-0A23040F:91555:92178 [2] NCCL INFO Sharp rank 1/16 initialized on mlx5_ib2:1

ip-0A23040F:91555:92178 [2] sharp_plugin.c:288 NCCL WARN NET/IB :SHARP coll init error: Cannot create SHArP job(-11)

ip-0A23040F:91555:92178 [2] NCCL INFO include/coll_net.h:21 -> 3
ip-0A23041D:30568:31195 [2] NCCL INFO Sharp rank 10/16 initialized on mlx5_ib2:1

ip-0A23041D:30568:31195 [2] sharp_plugin.c:288 NCCL WARN NET/IB :SHARP coll init error: Cannot create SHArP job(-11)

ip-0A23041D:30568:31195 [2] NCCL INFO include/coll_net.h:21 -> 3
ip-0A23040C:73749:74378 [2] NCCL INFO Sharp rank 15/16 initialized on mlx5_ib2:1

ip-0A23040C:73749:74378 [2] sharp_plugin.c:288 NCCL WARN NET/IB :SHARP coll init error: Cannot create SHArP job(-11)

ip-0A23040C:73749:74378 [2] NCCL INFO include/coll_net.h:21 -> 3
ip-0A230410:63008:63608 [2] NCCL INFO transport.cc:222 -> 2

ip-0A230410:63008:63608 [2] transport.cc:253 NCCL WARN Cannot initialize CollNet, using point-to-point network instead
ip-0A230410:63008:63608 [2] NCCL INFO init.cc:765 -> 2
ip-0A230414:28620:29241 [2] NCCL INFO transport.cc:222 -> 2

ip-0A230414:28620:29241 [2] transport.cc:253 NCCL WARN Cannot initialize CollNet, using point-to-point network instead
ip-0A230414:28620:29241 [2] NCCL INFO init.cc:765 -> 2
ip-0A230410:63008:63608 [2] NCCL INFO threadThresholds 8/8/64 | 128/8/64 | 8/8/512
ip-0A230410:63008:63608 [2] NCCL INFO 2 coll channels, 2 p2p channels, 2 p2p channels per peer
ip-0A230417:65358:65979 [2] NCCL INFO transport.cc:222 -> 2

ip-0A230417:65358:65979 [2] transport.cc:253 NCCL WARN Cannot initialize CollNet, using point-to-point network instead
ip-0A230417:65358:65979 [2] NCCL INFO init.cc:765 -> 2
ip-0A23041A:24906:25515 [2] NCCL INFO transport.cc:222 -> 2

ip-0A23041A:24906:25515 [2] transport.cc:253 NCCL WARN Cannot initialize CollNet, using point-to-point network instead
ip-0A230414:28620:29241 [2] NCCL INFO threadThresholds 8/8/64 | 128/8/64 | 8/8/512
ip-0A230414:28620:29241 [2] NCCL INFO 2 coll channels, 2 p2p channels, 2 p2p channels per peer
ip-0A230417:65358:65979 [2] NCCL INFO threadThresholds 8/8/64 | 128/8/64 | 8/8/512
ip-0A230417:65358:65979 [2] NCCL INFO 2 coll channels, 2 p2p channels, 2 p2p channels per peer
ip-0A23041A:24906:25515 [2] NCCL INFO init.cc:765 -> 2
ip-0A230407:65196:65813 [2] NCCL INFO transport.cc:222 -> 2

ip-0A230407:65196:65813 [2] transport.cc:253 NCCL WARN Cannot initialize CollNet, using point-to-point network instead
ip-0A230407:65196:65813 [2] NCCL INFO init.cc:765 -> 2
ip-0A230412:32315:32933 [2] NCCL INFO transport.cc:222 -> 2
ip-0A23041A:24906:25515 [2] NCCL INFO threadThresholds 8/8/64 | 128/8/64 | 8/8/512
ip-0A23041A:24906:25515 [2] NCCL INFO 2 coll channels, 2 p2p channels, 2 p2p channels per peer
ip-0A230413:76056:76672 [2] NCCL INFO transport.cc:222 -> 2

ip-0A230413:76056:76672 [2] transport.cc:253 NCCL WARN Cannot initialize CollNet, using point-to-point network instead
ip-0A230413:76056:76672 [2] NCCL INFO init.cc:765 -> 2
ip-0A230407:65196:65813 [2] NCCL INFO threadThresholds 8/8/64 | 128/8/64 | 8/8/512
ip-0A230407:65196:65813 [2] NCCL INFO 2 coll channels, 2 p2p channels, 2 p2p channels per peer

ip-0A230412:32315:32933 [2] transport.cc:253 NCCL WARN Cannot initialize CollNet, using point-to-point network instead
ip-0A230412:32315:32933 [2] NCCL INFO init.cc:765 -> 2
ip-0A230412:32315:32933 [2] NCCL INFO threadThresholds 8/8/64 | 128/8/64 | 8/8/512
ip-0A230412:32315:32933 [2] NCCL INFO 2 coll channels, 2 p2p channels, 2 p2p channels per peer
ip-0A23040E:75231:75855 [2] NCCL INFO transport.cc:222 -> 2

ip-0A23040E:75231:75855 [2] transport.cc:253 NCCL WARN Cannot initialize CollNet, using point-to-point network instead
ip-0A23040E:75231:75855 [2] NCCL INFO init.cc:765 -> 2
ip-0A230405:27426:28057 [2] NCCL INFO transport.cc:222 -> 2

ip-0A230405:27426:28057 [2] transport.cc:253 NCCL WARN Cannot initialize CollNet, using point-to-point network instead
ip-0A230405:27426:28057 [2] NCCL INFO init.cc:765 -> 2
ip-0A23040B:48755:49382 [2] NCCL INFO transport.cc:222 -> 2

ip-0A23040B:48755:49382 [2] transport.cc:253 NCCL WARN Cannot initialize CollNet, using point-to-point network instead
ip-0A23040B:48755:49382 [2] NCCL INFO init.cc:765 -> 2
ip-0A230413:76056:76672 [2] NCCL INFO threadThresholds 8/8/64 | 128/8/64 | 8/8/512
ip-0A230413:76056:76672 [2] NCCL INFO 2 coll channels, 2 p2p channels, 2 p2p channels per peer
ip-0A23040F:91555:92177 [2] NCCL INFO transport.cc:222 -> 2

ip-0A23040F:91555:92177 [2] transport.cc:253 NCCL WARN Cannot initialize CollNet, using point-to-point network instead
ip-0A23040F:91555:92177 [2] NCCL INFO init.cc:765 -> 2
ip-0A23040F:91555:92177 [2] NCCL INFO threadThresholds 8/8/64 | 128/8/64 | 8/8/512
ip-0A23040F:91555:92177 [2] NCCL INFO 2 coll channels, 2 p2p channels, 2 p2p channels per peer
ip-0A230406:12916:13547 [2] NCCL INFO transport.cc:222 -> 2

ip-0A230406:12916:13547 [2] transport.cc:253 NCCL WARN Cannot initialize CollNet, using point-to-point network instead
ip-0A230406:12916:13547 [2] NCCL INFO init.cc:765 -> 2
ip-0A230408:74469:75094 [2] NCCL INFO transport.cc:222 -> 2
ip-0A23040E:75231:75855 [2] NCCL INFO threadThresholds 8/8/64 | 128/8/64 | 8/8/512
ip-0A23040E:75231:75855 [2] NCCL INFO 2 coll channels, 2 p2p channels, 2 p2p channels per peer
ip-0A230405:27426:28057 [2] NCCL INFO threadThresholds 8/8/64 | 128/8/64 | 8/8/512
ip-0A23040B:48755:49382 [2] NCCL INFO threadThresholds 8/8/64 | 128/8/64 | 8/8/512
ip-0A23040B:48755:49382 [2] NCCL INFO 2 coll channels, 2 p2p channels, 2 p2p channels per peer
ip-0A230406:12916:13547 [2] NCCL INFO threadThresholds 8/8/64 | 128/8/64 | 8/8/512
ip-0A23041D:30568:31194 [2] NCCL INFO transport.cc:222 -> 2

ip-0A23041D:30568:31194 [2] transport.cc:253 NCCL WARN Cannot initialize CollNet, using point-to-point network instead
ip-0A23041D:30568:31194 [2] NCCL INFO init.cc:765 -> 2

ip-0A230408:74469:75094 [2] transport.cc:253 NCCL WARN Cannot initialize CollNet, using point-to-point network instead
ip-0A230408:74469:75094 [2] NCCL INFO init.cc:765 -> 2
ip-0A230405:27426:28057 [2] NCCL INFO 2 coll channels, 2 p2p channels, 2 p2p channels per peer
ip-0A230406:12916:13547 [2] NCCL INFO 2 coll channels, 2 p2p channels, 2 p2p channels per peer
ip-0A23041D:30568:31194 [2] NCCL INFO threadThresholds 8/8/64 | 128/8/64 | 8/8/512
ip-0A230408:74469:75094 [2] NCCL INFO threadThresholds 8/8/64 | 128/8/64 | 8/8/512
ip-0A23041D:30568:31194 [2] NCCL INFO 2 coll channels, 2 p2p channels, 2 p2p channels per peer
ip-0A230408:74469:75094 [2] NCCL INFO 2 coll channels, 2 p2p channels, 2 p2p channels per peer
ip-0A23040C:73749:74373 [2] NCCL INFO transport.cc:222 -> 2

ip-0A23040C:73749:74373 [2] transport.cc:253 NCCL WARN Cannot initialize CollNet, using point-to-point network instead
ip-0A23040C:73749:74373 [2] NCCL INFO init.cc:765 -> 2
ip-0A23040C:73749:74373 [2] NCCL INFO threadThresholds 8/8/64 | 128/8/64 | 8/8/512
ip-0A23040C:73749:74373 [2] NCCL INFO 2 coll channels, 2 p2p channels, 2 p2p channels per peer
ip-0A230414:28620:29241 [2] NCCL INFO comm 0x1481e0008fb0 rank 5 nranks 16 cudaDev 2 busId 300000 - Init COMPLETE
ip-0A230410:63008:63608 [2] NCCL INFO comm 0x14f754008fb0 rank 2 nranks 16 cudaDev 2 busId 300000 - Init COMPLETE
ip-0A23041A:24906:25515 [2] NCCL INFO comm 0x153de0008fb0 rank 9 nranks 16 cudaDev 2 busId 300000 - Init COMPLETE
ip-0A23040F:91555:92177 [2] NCCL INFO comm 0x14ad54008fb0 rank 1 nranks 16 cudaDev 2 busId 300000 - Init COMPLETE
ip-0A23040B:48755:49382 [2] NCCL INFO comm 0x1495c0008fb0 rank 13 nranks 16 cudaDev 2 busId 300000 - Init COMPLETE
ip-0A23040E:75231:75855 [2] NCCL INFO comm 0x14c048008fb0 rank 14 nranks 16 cudaDev 2 busId 300000 - Init COMPLETE
ip-0A23041D:30568:31194 [2] NCCL INFO comm 0x14ab2c008fb0 rank 10 nranks 16 cudaDev 2 busId 300000 - Init COMPLETE
ip-0A230417:65358:65979 [2] NCCL INFO comm 0x14add4008fb0 rank 6 nranks 16 cudaDev 2 busId 300000 - Init COMPLETE
ip-0A23040C:73749:74373 [2] NCCL INFO comm 0x1497d4008fb0 rank 15 nranks 16 cudaDev 2 busId 300000 - Init COMPLETE
ip-0A230412:32315:32933 [2] NCCL INFO comm 0x148348008fb0 rank 3 nranks 16 cudaDev 2 busId 300000 - Init COMPLETE
ip-0A230406:12916:13547 [2] NCCL INFO comm 0x1457ec008fb0 rank 7 nranks 16 cudaDev 2 busId 300000 - Init COMPLETE
ip-0A230405:27426:28057 [2] NCCL INFO comm 0x1487ac008fb0 rank 11 nranks 16 cudaDev 2 busId 300000 - Init COMPLETE
ip-0A230408:74469:75094 [2] NCCL INFO comm 0x14cc30008fb0 rank 8 nranks 16 cudaDev 2 busId 300000 - Init COMPLETE
ip-0A230407:65196:65813 [2] NCCL INFO comm 0x1454b8008fb0 rank 12 nranks 16 cudaDev 2 busId 300000 - Init COMPLETE
ip-0A230413:76056:76672 [2] NCCL INFO comm 0x14f7c4008fb0 rank 4 nranks 16 cudaDev 2 busId 300000 - Init COMPLETE
ip-0A23040D:38191:38821 [2] NCCL INFO Sharp rank 0/16 initialized on mlx5_ib2:1

ip-0A23040D:38191:38821 [2] sharp_plugin.c:288 NCCL WARN NET/IB :SHARP coll init error: Cannot create SHArP job(-11)

ip-0A23040D:38191:38821 [2] NCCL INFO include/coll_net.h:21 -> 3
ip-0A23040D:38191:38820 [2] NCCL INFO transport.cc:222 -> 2

ip-0A23040D:38191:38820 [2] transport.cc:253 NCCL WARN Cannot initialize CollNet, using point-to-point network instead
ip-0A23040D:38191:38820 [2] NCCL INFO init.cc:765 -> 2
ip-0A23040D:38191:38820 [2] NCCL INFO threadThresholds 8/8/64 | 128/8/64 | 8/8/512
ip-0A23040D:38191:38820 [2] NCCL INFO 2 coll channels, 2 p2p channels, 2 p2p channels per peer
ip-0A23040D:38191:38820 [2] NCCL INFO comm 0x145290008fb0 rank 0 nranks 16 cudaDev 2 busId 300000 - Init COMPLETE
ip-0A23040D:38191:38191 [2] NCCL INFO Launch mode Parallel
ip-0A23040D:38187:38187 [3] NCCL INFO Bootstrap : Using eth0:10.35.4.13<0>
ip-0A23040D:38187:38187 [3] NCCL INFO NET/Plugin: Failed to find ncclNetPlugin_v5 symbol.
ip-0A23040D:38187:38187 [3] NCCL INFO NET/Plugin: Failed to find ncclCollNetPlugin_v5 symbol.
ip-0A23040D:38187:38187 [3] NCCL INFO Plugin Path : /opt/hpcx/nccl_rdma_sharp_plugin/lib/libnccl-net.so
ip-0A23040D:38187:38187 [3] NCCL INFO P2P plugin IBext
ip-0A23040D:38187:38187 [3] NCCL INFO NCCL_IB_PCI_RELAXED_ORDERING set by environment to 1.
ip-0A23040D:38187:38187 [3] NCCL INFO NET/IB : Using [0]mlx5_ib0:1/IB/SHARP [1]mlx5_ib1:1/IB/SHARP [2]mlx5_ib2:1/IB/SHARP [3]mlx5_ib3:1/IB/SHARP [4]mlx5_ib4:1/IB/SHARP [5]mlx5_ib5:1/IB/SHARP [6]mlx5_ib6:1/IB/SHARP [7]mlx5_ib7:1/IB/SHARP ; OOB eth0:10.35.4.13<0>
ip-0A23040D:38187:38187 [3] NCCL INFO Using network IBext
NCCL version 2.12.10+cuda11.6
ip-0A23041A:24889:24889 [3] NCCL INFO Bootstrap : Using eth0:10.35.4.26<0>
ip-0A230413:76057:76057 [3] NCCL INFO Bootstrap : Using eth0:10.35.4.19<0>
ip-0A23040B:48754:48754 [3] NCCL INFO Bootstrap : Using eth0:10.35.4.11<0>
ip-0A230412:32316:32316 [3] NCCL INFO Bootstrap : Using eth0:10.35.4.18<0>
ip-0A230407:65201:65201 [3] NCCL INFO Bootstrap : Using eth0:10.35.4.7<0>
ip-0A23040C:73757:73757 [3] NCCL INFO Bootstrap : Using eth0:10.35.4.12<0>
ip-0A230410:62980:62980 [3] NCCL INFO Bootstrap : Using eth0:10.35.4.16<0>
ip-0A230406:12914:12914 [3] NCCL INFO Bootstrap : Using eth0:10.35.4.6<0>
ip-0A23040F:91549:91549 [3] NCCL INFO Bootstrap : Using eth0:10.35.4.15<0>
ip-0A230414:28619:28619 [3] NCCL INFO Bootstrap : Using eth0:10.35.4.20<0>
ip-0A23040E:75228:75228 [3] NCCL INFO Bootstrap : Using eth0:10.35.4.14<0>
ip-0A230417:65353:65353 [3] NCCL INFO Bootstrap : Using eth0:10.35.4.23<0>
ip-0A230408:74463:74463 [3] NCCL INFO Bootstrap : Using eth0:10.35.4.8<0>
ip-0A23041D:30565:30565 [3] NCCL INFO Bootstrap : Using eth0:10.35.4.29<0>
ip-0A230405:27428:27428 [3] NCCL INFO Bootstrap : Using eth0:10.35.4.5<0>
ip-0A230413:76057:76057 [3] NCCL INFO NET/Plugin: Failed to find ncclNetPlugin_v5 symbol.
ip-0A230413:76057:76057 [3] NCCL INFO NET/Plugin: Failed to find ncclCollNetPlugin_v5 symbol.
ip-0A230413:76057:76057 [3] NCCL INFO Plugin Path : /opt/hpcx/nccl_rdma_sharp_plugin/lib/libnccl-net.so
ip-0A230413:76057:76057 [3] NCCL INFO P2P plugin IBext
ip-0A230413:76057:76057 [3] NCCL INFO NCCL_IB_PCI_RELAXED_ORDERING set by environment to 1.
ip-0A23040B:48754:48754 [3] NCCL INFO NET/Plugin: Failed to find ncclNetPlugin_v5 symbol.
ip-0A23040B:48754:48754 [3] NCCL INFO NET/Plugin: Failed to find ncclCollNetPlugin_v5 symbol.
ip-0A23040B:48754:48754 [3] NCCL INFO Plugin Path : /opt/hpcx/nccl_rdma_sharp_plugin/lib/libnccl-net.so
ip-0A23040B:48754:48754 [3] NCCL INFO P2P plugin IBext
ip-0A23040B:48754:48754 [3] NCCL INFO NCCL_IB_PCI_RELAXED_ORDERING set by environment to 1.
ip-0A230414:28619:28619 [3] NCCL INFO NET/Plugin: Failed to find ncclNetPlugin_v5 symbol.
ip-0A230414:28619:28619 [3] NCCL INFO NET/Plugin: Failed to find ncclCollNetPlugin_v5 symbol.
ip-0A23040F:91549:91549 [3] NCCL INFO NET/Plugin: Failed to find ncclNetPlugin_v5 symbol.
ip-0A23040F:91549:91549 [3] NCCL INFO NET/Plugin: Failed to find ncclCollNetPlugin_v5 symbol.
ip-0A230414:28619:28619 [3] NCCL INFO Plugin Path : /opt/hpcx/nccl_rdma_sharp_plugin/lib/libnccl-net.so
ip-0A230414:28619:28619 [3] NCCL INFO P2P plugin IBext
ip-0A230414:28619:28619 [3] NCCL INFO NCCL_IB_PCI_RELAXED_ORDERING set by environment to 1.
ip-0A23040C:73757:73757 [3] NCCL INFO NET/Plugin: Failed to find ncclNetPlugin_v5 symbol.
ip-0A23040C:73757:73757 [3] NCCL INFO NET/Plugin: Failed to find ncclCollNetPlugin_v5 symbol.
ip-0A23040F:91549:91549 [3] NCCL INFO Plugin Path : /opt/hpcx/nccl_rdma_sharp_plugin/lib/libnccl-net.so
ip-0A23040F:91549:91549 [3] NCCL INFO P2P plugin IBext
ip-0A23040F:91549:91549 [3] NCCL INFO NCCL_IB_PCI_RELAXED_ORDERING set by environment to 1.
ip-0A23040C:73757:73757 [3] NCCL INFO Plugin Path : /opt/hpcx/nccl_rdma_sharp_plugin/lib/libnccl-net.so
ip-0A23040C:73757:73757 [3] NCCL INFO P2P plugin IBext
ip-0A23040C:73757:73757 [3] NCCL INFO NCCL_IB_PCI_RELAXED_ORDERING set by environment to 1.
ip-0A230412:32316:32316 [3] NCCL INFO NET/Plugin: Failed to find ncclNetPlugin_v5 symbol.
ip-0A230412:32316:32316 [3] NCCL INFO NET/Plugin: Failed to find ncclCollNetPlugin_v5 symbol.
ip-0A23041D:30565:30565 [3] NCCL INFO NET/Plugin: Failed to find ncclNetPlugin_v5 symbol.
ip-0A23041D:30565:30565 [3] NCCL INFO NET/Plugin: Failed to find ncclCollNetPlugin_v5 symbol.
ip-0A23041A:24889:24889 [3] NCCL INFO NET/Plugin: Failed to find ncclNetPlugin_v5 symbol.
ip-0A23041A:24889:24889 [3] NCCL INFO NET/Plugin: Failed to find ncclCollNetPlugin_v5 symbol.
ip-0A230406:12914:12914 [3] NCCL INFO NET/Plugin: Failed to find ncclNetPlugin_v5 symbol.
ip-0A230406:12914:12914 [3] NCCL INFO NET/Plugin: Failed to find ncclCollNetPlugin_v5 symbol.
ip-0A230412:32316:32316 [3] NCCL INFO Plugin Path : /opt/hpcx/nccl_rdma_sharp_plugin/lib/libnccl-net.so
ip-0A230412:32316:32316 [3] NCCL INFO P2P plugin IBext
ip-0A230412:32316:32316 [3] NCCL INFO NCCL_IB_PCI_RELAXED_ORDERING set by environment to 1.
ip-0A23041D:30565:30565 [3] NCCL INFO Plugin Path : /opt/hpcx/nccl_rdma_sharp_plugin/lib/libnccl-net.so
ip-0A23041D:30565:30565 [3] NCCL INFO P2P plugin IBext
ip-0A23041D:30565:30565 [3] NCCL INFO NCCL_IB_PCI_RELAXED_ORDERING set by environment to 1.
ip-0A23041A:24889:24889 [3] NCCL INFO Plugin Path : /opt/hpcx/nccl_rdma_sharp_plugin/lib/libnccl-net.so
ip-0A23041A:24889:24889 [3] NCCL INFO P2P plugin IBext
ip-0A23041A:24889:24889 [3] NCCL INFO NCCL_IB_PCI_RELAXED_ORDERING set by environment to 1.
ip-0A230406:12914:12914 [3] NCCL INFO Plugin Path : /opt/hpcx/nccl_rdma_sharp_plugin/lib/libnccl-net.so
ip-0A230406:12914:12914 [3] NCCL INFO P2P plugin IBext
ip-0A230406:12914:12914 [3] NCCL INFO NCCL_IB_PCI_RELAXED_ORDERING set by environment to 1.
ip-0A230410:62980:62980 [3] NCCL INFO NET/Plugin: Failed to find ncclNetPlugin_v5 symbol.
ip-0A230410:62980:62980 [3] NCCL INFO NET/Plugin: Failed to find ncclCollNetPlugin_v5 symbol.
ip-0A230410:62980:62980 [3] NCCL INFO Plugin Path : /opt/hpcx/nccl_rdma_sharp_plugin/lib/libnccl-net.so
ip-0A230410:62980:62980 [3] NCCL INFO P2P plugin IBext
ip-0A230410:62980:62980 [3] NCCL INFO NCCL_IB_PCI_RELAXED_ORDERING set by environment to 1.
ip-0A230408:74463:74463 [3] NCCL INFO NET/Plugin: Failed to find ncclNetPlugin_v5 symbol.
ip-0A230408:74463:74463 [3] NCCL INFO NET/Plugin: Failed to find ncclCollNetPlugin_v5 symbol.
ip-0A230408:74463:74463 [3] NCCL INFO Plugin Path : /opt/hpcx/nccl_rdma_sharp_plugin/lib/libnccl-net.so
ip-0A230408:74463:74463 [3] NCCL INFO P2P plugin IBext
ip-0A230408:74463:74463 [3] NCCL INFO NCCL_IB_PCI_RELAXED_ORDERING set by environment to 1.
ip-0A23040E:75228:75228 [3] NCCL INFO NET/Plugin: Failed to find ncclNetPlugin_v5 symbol.
ip-0A23040E:75228:75228 [3] NCCL INFO NET/Plugin: Failed to find ncclCollNetPlugin_v5 symbol.
ip-0A230405:27428:27428 [3] NCCL INFO NET/Plugin: Failed to find ncclNetPlugin_v5 symbol.
ip-0A230405:27428:27428 [3] NCCL INFO NET/Plugin: Failed to find ncclCollNetPlugin_v5 symbol.
ip-0A23040E:75228:75228 [3] NCCL INFO Plugin Path : /opt/hpcx/nccl_rdma_sharp_plugin/lib/libnccl-net.so
ip-0A23040E:75228:75228 [3] NCCL INFO P2P plugin IBext
ip-0A230405:27428:27428 [3] NCCL INFO Plugin Path : /opt/hpcx/nccl_rdma_sharp_plugin/lib/libnccl-net.so
ip-0A230405:27428:27428 [3] NCCL INFO P2P plugin IBext
ip-0A230405:27428:27428 [3] NCCL INFO NCCL_IB_PCI_RELAXED_ORDERING set by environment to 1.
ip-0A23040E:75228:75228 [3] NCCL INFO NCCL_IB_PCI_RELAXED_ORDERING set by environment to 1.
ip-0A230407:65201:65201 [3] NCCL INFO NET/Plugin: Failed to find ncclNetPlugin_v5 symbol.
ip-0A230407:65201:65201 [3] NCCL INFO NET/Plugin: Failed to find ncclCollNetPlugin_v5 symbol.
ip-0A230407:65201:65201 [3] NCCL INFO Plugin Path : /opt/hpcx/nccl_rdma_sharp_plugin/lib/libnccl-net.so
ip-0A230407:65201:65201 [3] NCCL INFO P2P plugin IBext
ip-0A230407:65201:65201 [3] NCCL INFO NCCL_IB_PCI_RELAXED_ORDERING set by environment to 1.
ip-0A230417:65353:65353 [3] NCCL INFO NET/Plugin: Failed to find ncclNetPlugin_v5 symbol.
ip-0A230417:65353:65353 [3] NCCL INFO NET/Plugin: Failed to find ncclCollNetPlugin_v5 symbol.
ip-0A230417:65353:65353 [3] NCCL INFO Plugin Path : /opt/hpcx/nccl_rdma_sharp_plugin/lib/libnccl-net.so
ip-0A230417:65353:65353 [3] NCCL INFO P2P plugin IBext
ip-0A230417:65353:65353 [3] NCCL INFO NCCL_IB_PCI_RELAXED_ORDERING set by environment to 1.
ip-0A230413:76057:76057 [3] NCCL INFO NET/IB : Using [0]mlx5_ib0:1/IB/SHARP [1]mlx5_ib1:1/IB/SHARP [2]mlx5_ib2:1/IB/SHARP [3]mlx5_ib3:1/IB/SHARP [4]mlx5_ib4:1/IB/SHARP [5]mlx5_ib5:1/IB/SHARP [6]mlx5_ib6:1/IB/SHARP [7]mlx5_ib7:1/IB/SHARP ; OOB eth0:10.35.4.19<0>
ip-0A230413:76057:76057 [3] NCCL INFO Using network IBext
ip-0A230408:74463:74463 [3] NCCL INFO NET/IB : Using [0]mlx5_ib0:1/IB/SHARP [1]mlx5_ib1:1/IB/SHARP [2]mlx5_ib2:1/IB/SHARP [3]mlx5_ib3:1/IB/SHARP [4]mlx5_ib4:1/IB/SHARP [5]mlx5_ib5:1/IB/SHARP [6]mlx5_ib6:1/IB/SHARP [7]mlx5_ib7:1/IB/SHARP ; OOB eth0:10.35.4.8<0>
ip-0A230408:74463:74463 [3] NCCL INFO Using network IBext
ip-0A230414:28619:28619 [3] NCCL INFO NET/IB : Using [0]mlx5_ib0:1/IB/SHARP [1]mlx5_ib1:1/IB/SHARP [2]mlx5_ib2:1/IB/SHARP [3]mlx5_ib3:1/IB/SHARP [4]mlx5_ib4:1/IB/SHARP [5]mlx5_ib5:1/IB/SHARP [6]mlx5_ib6:1/IB/SHARP [7]mlx5_ib7:1/IB/SHARP ; OOB eth0:10.35.4.20<0>
ip-0A230414:28619:28619 [3] NCCL INFO Using network IBext
ip-0A23041A:24889:24889 [3] NCCL INFO NET/IB : Using [0]mlx5_ib0:1/IB/SHARP [1]mlx5_ib1:1/IB/SHARP [2]mlx5_ib2:1/IB/SHARP [3]mlx5_ib3:1/IB/SHARP [4]mlx5_ib4:1/IB/SHARP [5]mlx5_ib5:1/IB/SHARP [6]mlx5_ib6:1/IB/SHARP [7]mlx5_ib7:1/IB/SHARP ; OOB eth0:10.35.4.26<0>
ip-0A23041A:24889:24889 [3] NCCL INFO Using network IBext
ip-0A23040C:73757:73757 [3] NCCL INFO NET/IB : Using [0]mlx5_ib0:1/IB/SHARP [1]mlx5_ib1:1/IB/SHARP [2]mlx5_ib2:1/IB/SHARP [3]mlx5_ib3:1/IB/SHARP [4]mlx5_ib4:1/IB/SHARP [5]mlx5_ib5:1/IB/SHARP [6]mlx5_ib6:1/IB/SHARP [7]mlx5_ib7:1/IB/SHARP ; OOB eth0:10.35.4.12<0>
ip-0A23040C:73757:73757 [3] NCCL INFO Using network IBext
ip-0A23040B:48754:48754 [3] NCCL INFO NET/IB : Using [0]mlx5_ib0:1/IB/SHARP [1]mlx5_ib1:1/IB/SHARP [2]mlx5_ib2:1/IB/SHARP [3]mlx5_ib3:1/IB/SHARP [4]mlx5_ib4:1/IB/SHARP [5]mlx5_ib5:1/IB/SHARP [6]mlx5_ib6:1/IB/SHARP [7]mlx5_ib7:1/IB/SHARP ; OOB eth0:10.35.4.11<0>
ip-0A23040B:48754:48754 [3] NCCL INFO Using network IBext
ip-0A230410:62980:62980 [3] NCCL INFO NET/IB : Using [0]mlx5_ib0:1/IB/SHARP [1]mlx5_ib1:1/IB/SHARP [2]mlx5_ib2:1/IB/SHARP [3]mlx5_ib3:1/IB/SHARP [4]mlx5_ib4:1/IB/SHARP [5]mlx5_ib5:1/IB/SHARP [6]mlx5_ib6:1/IB/SHARP [7]mlx5_ib7:1/IB/SHARP ; OOB eth0:10.35.4.16<0>
ip-0A230410:62980:62980 [3] NCCL INFO Using network IBext
ip-0A230412:32316:32316 [3] NCCL INFO NET/IB : Using [0]mlx5_ib0:1/IB/SHARP [1]mlx5_ib1:1/IB/SHARP [2]mlx5_ib2:1/IB/SHARP [3]mlx5_ib3:1/IB/SHARP [4]mlx5_ib4:1/IB/SHARP [5]mlx5_ib5:1/IB/SHARP [6]mlx5_ib6:1/IB/SHARP [7]mlx5_ib7:1/IB/SHARP ; OOB eth0:10.35.4.18<0>
ip-0A23040F:91549:91549 [3] NCCL INFO NET/IB : Using [0]mlx5_ib0:1/IB/SHARP [1]mlx5_ib1:1/IB/SHARP [2]mlx5_ib2:1/IB/SHARP [3]mlx5_ib3:1/IB/SHARP [4]mlx5_ib4:1/IB/SHARP [5]mlx5_ib5:1/IB/SHARP [6]mlx5_ib6:1/IB/SHARP [7]mlx5_ib7:1/IB/SHARP ; OOB eth0:10.35.4.15<0>
ip-0A23040F:91549:91549 [3] NCCL INFO Using network IBext
ip-0A230412:32316:32316 [3] NCCL INFO Using network IBext
ip-0A230407:65201:65201 [3] NCCL INFO NET/IB : Using [0]mlx5_ib0:1/IB/SHARP [1]mlx5_ib1:1/IB/SHARP [2]mlx5_ib2:1/IB/SHARP [3]mlx5_ib3:1/IB/SHARP [4]mlx5_ib4:1/IB/SHARP [5]mlx5_ib5:1/IB/SHARP [6]mlx5_ib6:1/IB/SHARP [7]mlx5_ib7:1/IB/SHARP ; OOB eth0:10.35.4.7<0>
ip-0A230407:65201:65201 [3] NCCL INFO Using network IBext
ip-0A230406:12914:12914 [3] NCCL INFO NET/IB : Using [0]mlx5_ib0:1/IB/SHARP [1]mlx5_ib1:1/IB/SHARP [2]mlx5_ib2:1/IB/SHARP [3]mlx5_ib3:1/IB/SHARP [4]mlx5_ib4:1/IB/SHARP [5]mlx5_ib5:1/IB/SHARP [6]mlx5_ib6:1/IB/SHARP [7]mlx5_ib7:1/IB/SHARP ; OOB eth0:10.35.4.6<0>
ip-0A230406:12914:12914 [3] NCCL INFO Using network IBext
ip-0A230405:27428:27428 [3] NCCL INFO NET/IB : Using [0]mlx5_ib0:1/IB/SHARP [1]mlx5_ib1:1/IB/SHARP [2]mlx5_ib2:1/IB/SHARP [3]mlx5_ib3:1/IB/SHARP [4]mlx5_ib4:1/IB/SHARP [5]mlx5_ib5:1/IB/SHARP [6]mlx5_ib6:1/IB/SHARP [7]mlx5_ib7:1/IB/SHARP ; OOB eth0:10.35.4.5<0>
ip-0A230405:27428:27428 [3] NCCL INFO Using network IBext
ip-0A23041D:30565:30565 [3] NCCL INFO NET/IB : Using [0]mlx5_ib0:1/IB/SHARP [1]mlx5_ib1:1/IB/SHARP [2]mlx5_ib2:1/IB/SHARP [3]mlx5_ib3:1/IB/SHARP [4]mlx5_ib4:1/IB/SHARP [5]mlx5_ib5:1/IB/SHARP [6]mlx5_ib6:1/IB/SHARP [7]mlx5_ib7:1/IB/SHARP ; OOB eth0:10.35.4.29<0>
ip-0A23041D:30565:30565 [3] NCCL INFO Using network IBext
ip-0A23040E:75228:75228 [3] NCCL INFO NET/IB : Using [0]mlx5_ib0:1/IB/SHARP [1]mlx5_ib1:1/IB/SHARP [2]mlx5_ib2:1/IB/SHARP [3]mlx5_ib3:1/IB/SHARP [4]mlx5_ib4:1/IB/SHARP [5]mlx5_ib5:1/IB/SHARP [6]mlx5_ib6:1/IB/SHARP [7]mlx5_ib7:1/IB/SHARP ; OOB eth0:10.35.4.14<0>
ip-0A23040E:75228:75228 [3] NCCL INFO Using network IBext
ip-0A230417:65353:65353 [3] NCCL INFO NET/IB : Using [0]mlx5_ib0:1/IB/SHARP [1]mlx5_ib1:1/IB/SHARP [2]mlx5_ib2:1/IB/SHARP [3]mlx5_ib3:1/IB/SHARP [4]mlx5_ib4:1/IB/SHARP [5]mlx5_ib5:1/IB/SHARP [6]mlx5_ib6:1/IB/SHARP [7]mlx5_ib7:1/IB/SHARP ; OOB eth0:10.35.4.23<0>
ip-0A230417:65353:65353 [3] NCCL INFO Using network IBext
ip-0A230406:12914:13560 [3] NCCL INFO NCCL_P2P_LEVEL set by environment to LOC
ip-0A230406:12914:13560 [3] NCCL INFO PXN Disabled as plugin is v4
ip-0A230406:12914:13560 [3] NCCL INFO Setting affinity for GPU 3 to ffffff
ip-0A230406:12914:13560 [3] NCCL INFO NCCL_COLLNET_ENABLE set by environment to 1.
ip-0A230408:74463:75109 [3] NCCL INFO NCCL_P2P_LEVEL set by environment to LOC
ip-0A230417:65353:65992 [3] NCCL INFO NCCL_P2P_LEVEL set by environment to LOC
ip-0A230413:76057:76695 [3] NCCL INFO NCCL_P2P_LEVEL set by environment to LOC
ip-0A23040F:91549:92190 [3] NCCL INFO NCCL_P2P_LEVEL set by environment to LOC
ip-0A230412:32316:32947 [3] NCCL INFO NCCL_P2P_LEVEL set by environment to LOC
ip-0A23040B:48754:49402 [3] NCCL INFO NCCL_P2P_LEVEL set by environment to LOC
ip-0A230408:74463:75109 [3] NCCL INFO PXN Disabled as plugin is v4
ip-0A230405:27428:28070 [3] NCCL INFO NCCL_P2P_LEVEL set by environment to LOC
ip-0A230417:65353:65992 [3] NCCL INFO PXN Disabled as plugin is v4
ip-0A23040F:91549:92190 [3] NCCL INFO PXN Disabled as plugin is v4
ip-0A230413:76057:76695 [3] NCCL INFO PXN Disabled as plugin is v4
ip-0A230412:32316:32947 [3] NCCL INFO PXN Disabled as plugin is v4
ip-0A230408:74463:75109 [3] NCCL INFO Setting affinity for GPU 3 to ffffff
ip-0A23040F:91549:92190 [3] NCCL INFO Setting affinity for GPU 3 to ffffff
ip-0A230417:65353:65992 [3] NCCL INFO Setting affinity for GPU 3 to ffffff
ip-0A230413:76057:76695 [3] NCCL INFO Setting affinity for GPU 3 to ffffff
ip-0A23040B:48754:49402 [3] NCCL INFO PXN Disabled as plugin is v4
ip-0A230412:32316:32947 [3] NCCL INFO Setting affinity for GPU 3 to ffffff
ip-0A230414:28619:29254 [3] NCCL INFO NCCL_P2P_LEVEL set by environment to LOC
ip-0A230405:27428:28070 [3] NCCL INFO PXN Disabled as plugin is v4
ip-0A230408:74463:75109 [3] NCCL INFO NCCL_COLLNET_ENABLE set by environment to 1.
ip-0A230413:76057:76695 [3] NCCL INFO NCCL_COLLNET_ENABLE set by environment to 1.
ip-0A23040F:91549:92190 [3] NCCL INFO NCCL_COLLNET_ENABLE set by environment to 1.
ip-0A230417:65353:65992 [3] NCCL INFO NCCL_COLLNET_ENABLE set by environment to 1.
ip-0A230412:32316:32947 [3] NCCL INFO NCCL_COLLNET_ENABLE set by environment to 1.
ip-0A23040B:48754:49402 [3] NCCL INFO Setting affinity for GPU 3 to ffffff
ip-0A230405:27428:28070 [3] NCCL INFO Setting affinity for GPU 3 to ffffff
ip-0A230414:28619:29254 [3] NCCL INFO PXN Disabled as plugin is v4
ip-0A23040B:48754:49402 [3] NCCL INFO NCCL_COLLNET_ENABLE set by environment to 1.
ip-0A230405:27428:28070 [3] NCCL INFO NCCL_COLLNET_ENABLE set by environment to 1.
ip-0A230414:28619:29254 [3] NCCL INFO Setting affinity for GPU 3 to ffffff
ip-0A23040C:73757:74390 [3] NCCL INFO NCCL_P2P_LEVEL set by environment to LOC
ip-0A230414:28619:29254 [3] NCCL INFO NCCL_COLLNET_ENABLE set by environment to 1.
ip-0A23040D:38187:38835 [3] NCCL INFO NCCL_P2P_LEVEL set by environment to LOC
ip-0A23040C:73757:74390 [3] NCCL INFO PXN Disabled as plugin is v4
ip-0A23040E:75228:75879 [3] NCCL INFO NCCL_P2P_LEVEL set by environment to LOC
ip-0A23040C:73757:74390 [3] NCCL INFO Setting affinity for GPU 3 to ffffff
ip-0A23040D:38187:38835 [3] NCCL INFO PXN Disabled as plugin is v4
ip-0A23041D:30565:31207 [3] NCCL INFO NCCL_P2P_LEVEL set by environment to LOC
ip-0A23040E:75228:75879 [3] NCCL INFO PXN Disabled as plugin is v4
ip-0A23040C:73757:74390 [3] NCCL INFO NCCL_COLLNET_ENABLE set by environment to 1.
ip-0A23040D:38187:38835 [3] NCCL INFO Setting affinity for GPU 3 to ffffff
ip-0A23041D:30565:31207 [3] NCCL INFO PXN Disabled as plugin is v4
ip-0A23040E:75228:75879 [3] NCCL INFO Setting affinity for GPU 3 to ffffff
ip-0A23040D:38187:38835 [3] NCCL INFO NCCL_COLLNET_ENABLE set by environment to 1.
ip-0A23041D:30565:31207 [3] NCCL INFO Setting affinity for GPU 3 to ffffff
ip-0A23040E:75228:75879 [3] NCCL INFO NCCL_COLLNET_ENABLE set by environment to 1.
ip-0A23041D:30565:31207 [3] NCCL INFO NCCL_COLLNET_ENABLE set by environment to 1.
ip-0A230410:62980:63621 [3] NCCL INFO NCCL_P2P_LEVEL set by environment to LOC
ip-0A230410:62980:63621 [3] NCCL INFO PXN Disabled as plugin is v4
ip-0A230410:62980:63621 [3] NCCL INFO Setting affinity for GPU 3 to ffffff
ip-0A230410:62980:63621 [3] NCCL INFO NCCL_COLLNET_ENABLE set by environment to 1.
ip-0A23041A:24889:25528 [3] NCCL INFO NCCL_P2P_LEVEL set by environment to LOC
ip-0A23041A:24889:25528 [3] NCCL INFO PXN Disabled as plugin is v4
ip-0A23041A:24889:25528 [3] NCCL INFO Setting affinity for GPU 3 to ffffff
ip-0A23041A:24889:25528 [3] NCCL INFO NCCL_COLLNET_ENABLE set by environment to 1.
ip-0A230407:65201:65842 [3] NCCL INFO NCCL_P2P_LEVEL set by environment to LOC
ip-0A230407:65201:65842 [3] NCCL INFO PXN Disabled as plugin is v4
ip-0A230407:65201:65842 [3] NCCL INFO Setting affinity for GPU 3 to ffffff
ip-0A230407:65201:65842 [3] NCCL INFO NCCL_COLLNET_ENABLE set by environment to 1.
ip-0A230407:65201:65842 [3] NCCL INFO Trees [0] 10/14/-1->12->8 [1] -1/-1/-1->12->13
ip-0A23040B:48754:49402 [3] NCCL INFO Trees [0] -1/-1/-1->13->14 [1] 14/12/-1->13->11
ip-0A23040E:75228:75879 [3] NCCL INFO Trees [0] 13/15/-1->14->12 [1] -1/-1/-1->14->13
ip-0A23040C:73757:74390 [3] NCCL INFO Trees [0] -1/-1/-1->15->14 [1] 7/-1/-1->15->-1
ip-0A23040D:38187:38835 [3] NCCL INFO Channel 00/02 :    0   1   2   3   4   5   6   7   8   9  10  11  12  13  14  15
ip-0A23040D:38187:38835 [3] NCCL INFO Channel 01/02 :    0   1   2   3   4   5   6   7   8   9  10  11  12  13  14  15
ip-0A23040D:38187:38835 [3] NCCL INFO Trees [0] 8/-1/-1->0->-1 [1] -1/-1/-1->0->1
ip-0A23040F:91549:92190 [3] NCCL INFO Trees [0] -1/-1/-1->1->2 [1] 2/0/-1->1->3
ip-0A230410:62980:63621 [3] NCCL INFO Trees [0] 1/3/-1->2->4 [1] -1/-1/-1->2->1
ip-0A230412:32316:32947 [3] NCCL INFO Trees [0] -1/-1/-1->3->2 [1] 5/1/-1->3->7
ip-0A230413:76057:76695 [3] NCCL INFO Trees [0] 2/6/-1->4->8 [1] -1/-1/-1->4->5
ip-0A230414:28619:29254 [3] NCCL INFO Trees [0] -1/-1/-1->5->6 [1] 6/4/-1->5->3
ip-0A230417:65353:65992 [3] NCCL INFO Trees [0] 5/7/-1->6->4 [1] -1/-1/-1->6->5
ip-0A230406:12914:13560 [3] NCCL INFO Trees [0] -1/-1/-1->7->6 [1] 11/3/-1->7->15
ip-0A230408:74463:75109 [3] NCCL INFO Trees [0] 4/12/-1->8->0 [1] -1/-1/-1->8->9
ip-0A23041A:24889:25528 [3] NCCL INFO Trees [0] -1/-1/-1->9->10 [1] 10/8/-1->9->11
ip-0A23041D:30565:31207 [3] NCCL INFO Trees [0] 9/11/-1->10->12 [1] -1/-1/-1->10->9
ip-0A230405:27428:28070 [3] NCCL INFO Trees [0] -1/-1/-1->11->10 [1] 13/9/-1->11->7
ip-0A230407:65201:65842 [3] NCCL INFO Channel 00/0 : 11[400000] -> 12[400000] [receive] via NET/IBext/3
ip-0A23040B:48754:49402 [3] NCCL INFO Channel 00/0 : 12[400000] -> 13[400000] [receive] via NET/IBext/3
ip-0A230407:65201:65842 [3] NCCL INFO Channel 01/0 : 11[400000] -> 12[400000] [receive] via NET/IBext/3
ip-0A230407:65201:65842 [3] NCCL INFO Channel 00/0 : 12[400000] -> 13[400000] [send] via NET/IBext/3
ip-0A230407:65201:65842 [3] NCCL INFO Channel 01/0 : 12[400000] -> 13[400000] [send] via NET/IBext/3
ip-0A23040B:48754:49402 [3] NCCL INFO Channel 01/0 : 12[400000] -> 13[400000] [receive] via NET/IBext/3
ip-0A23040E:75228:75879 [3] NCCL INFO Channel 00/0 : 13[400000] -> 14[400000] [receive] via NET/IBext/3
ip-0A23040C:73757:74390 [3] NCCL INFO Channel 00/0 : 14[400000] -> 15[400000] [receive] via NET/IBext/3
ip-0A23040B:48754:49402 [3] NCCL INFO Channel 00/0 : 13[400000] -> 14[400000] [send] via NET/IBext/3
ip-0A23040B:48754:49402 [3] NCCL INFO Channel 01/0 : 13[400000] -> 14[400000] [send] via NET/IBext/3
ip-0A23040D:38187:38835 [3] NCCL INFO Channel 00/0 : 15[400000] -> 0[400000] [receive] via NET/IBext/3
ip-0A23040E:75228:75879 [3] NCCL INFO Channel 01/0 : 13[400000] -> 14[400000] [receive] via NET/IBext/3
ip-0A23040E:75228:75879 [3] NCCL INFO Channel 00/0 : 14[400000] -> 15[400000] [send] via NET/IBext/3
ip-0A23040D:38187:38835 [3] NCCL INFO Channel 01/0 : 15[400000] -> 0[400000] [receive] via NET/IBext/3
ip-0A23040C:73757:74390 [3] NCCL INFO Channel 01/0 : 14[400000] -> 15[400000] [receive] via NET/IBext/3
ip-0A23040C:73757:74390 [3] NCCL INFO Channel 00/0 : 15[400000] -> 0[400000] [send] via NET/IBext/3
ip-0A23040D:38187:38835 [3] NCCL INFO Channel 00/0 : 0[400000] -> 1[400000] [send] via NET/IBext/3
ip-0A23040E:75228:75879 [3] NCCL INFO Channel 01/0 : 14[400000] -> 15[400000] [send] via NET/IBext/3
ip-0A23040D:38187:38835 [3] NCCL INFO Channel 01/0 : 0[400000] -> 1[400000] [send] via NET/IBext/3
ip-0A23040C:73757:74390 [3] NCCL INFO Channel 01/0 : 15[400000] -> 0[400000] [send] via NET/IBext/3
ip-0A23040F:91549:92190 [3] NCCL INFO Channel 00/0 : 0[400000] -> 1[400000] [receive] via NET/IBext/3
ip-0A23040F:91549:92190 [3] NCCL INFO Channel 01/0 : 0[400000] -> 1[400000] [receive] via NET/IBext/3
ip-0A230412:32316:32947 [3] NCCL INFO Channel 00/0 : 2[400000] -> 3[400000] [receive] via NET/IBext/3
ip-0A23040F:91549:92190 [3] NCCL INFO Channel 00/0 : 1[400000] -> 2[400000] [send] via NET/IBext/3
ip-0A230410:62980:63621 [3] NCCL INFO Channel 00/0 : 1[400000] -> 2[400000] [receive] via NET/IBext/3
ip-0A230413:76057:76695 [3] NCCL INFO Channel 00/0 : 3[400000] -> 4[400000] [receive] via NET/IBext/3
ip-0A23040F:91549:92190 [3] NCCL INFO Channel 01/0 : 1[400000] -> 2[400000] [send] via NET/IBext/3
ip-0A230412:32316:32947 [3] NCCL INFO Channel 01/0 : 2[400000] -> 3[400000] [receive] via NET/IBext/3
ip-0A230412:32316:32947 [3] NCCL INFO Channel 00/0 : 3[400000] -> 4[400000] [send] via NET/IBext/3
ip-0A230413:76057:76695 [3] NCCL INFO Channel 01/0 : 3[400000] -> 4[400000] [receive] via NET/IBext/3
ip-0A230413:76057:76695 [3] NCCL INFO Channel 00/0 : 4[400000] -> 5[400000] [send] via NET/IBext/3
ip-0A230412:32316:32947 [3] NCCL INFO Channel 01/0 : 3[400000] -> 4[400000] [send] via NET/IBext/3
ip-0A230414:28619:29254 [3] NCCL INFO Channel 00/0 : 4[400000] -> 5[400000] [receive] via NET/IBext/3
ip-0A230410:62980:63621 [3] NCCL INFO Channel 01/0 : 1[400000] -> 2[400000] [receive] via NET/IBext/3
ip-0A230410:62980:63621 [3] NCCL INFO Channel 00/0 : 2[400000] -> 3[400000] [send] via NET/IBext/3
ip-0A230413:76057:76695 [3] NCCL INFO Channel 01/0 : 4[400000] -> 5[400000] [send] via NET/IBext/3
ip-0A230406:12914:13560 [3] NCCL INFO Channel 00/0 : 6[400000] -> 7[400000] [receive] via NET/IBext/3
ip-0A230414:28619:29254 [3] NCCL INFO Channel 01/0 : 4[400000] -> 5[400000] [receive] via NET/IBext/3
ip-0A230417:65353:65992 [3] NCCL INFO Channel 00/0 : 5[400000] -> 6[400000] [receive] via NET/IBext/3
ip-0A230410:62980:63621 [3] NCCL INFO Channel 01/0 : 2[400000] -> 3[400000] [send] via NET/IBext/3
ip-0A230406:12914:13560 [3] NCCL INFO Channel 01/0 : 6[400000] -> 7[400000] [receive] via NET/IBext/3
ip-0A230406:12914:13560 [3] NCCL INFO Channel 00/0 : 7[400000] -> 8[400000] [send] via NET/IBext/3
ip-0A230414:28619:29254 [3] NCCL INFO Channel 00/0 : 5[400000] -> 6[400000] [send] via NET/IBext/3
ip-0A230414:28619:29254 [3] NCCL INFO Channel 01/0 : 5[400000] -> 6[400000] [send] via NET/IBext/3
ip-0A230408:74463:75109 [3] NCCL INFO Channel 00/0 : 7[400000] -> 8[400000] [receive] via NET/IBext/3
ip-0A230417:65353:65992 [3] NCCL INFO Channel 01/0 : 5[400000] -> 6[400000] [receive] via NET/IBext/3
ip-0A230417:65353:65992 [3] NCCL INFO Channel 00/0 : 6[400000] -> 7[400000] [send] via NET/IBext/3
ip-0A230406:12914:13560 [3] NCCL INFO Channel 01/0 : 7[400000] -> 8[400000] [send] via NET/IBext/3
ip-0A23041A:24889:25528 [3] NCCL INFO Channel 00/0 : 8[400000] -> 9[400000] [receive] via NET/IBext/3
ip-0A230408:74463:75109 [3] NCCL INFO Channel 01/0 : 7[400000] -> 8[400000] [receive] via NET/IBext/3
ip-0A230408:74463:75109 [3] NCCL INFO Channel 00/0 : 8[400000] -> 9[400000] [send] via NET/IBext/3
ip-0A230417:65353:65992 [3] NCCL INFO Channel 01/0 : 6[400000] -> 7[400000] [send] via NET/IBext/3
ip-0A23041A:24889:25528 [3] NCCL INFO Channel 01/0 : 8[400000] -> 9[400000] [receive] via NET/IBext/3
ip-0A23041A:24889:25528 [3] NCCL INFO Channel 00/0 : 9[400000] -> 10[400000] [send] via NET/IBext/3
ip-0A23041D:30565:31207 [3] NCCL INFO Channel 00/0 : 9[400000] -> 10[400000] [receive] via NET/IBext/3
ip-0A230408:74463:75109 [3] NCCL INFO Channel 01/0 : 8[400000] -> 9[400000] [send] via NET/IBext/3
ip-0A230405:27428:28070 [3] NCCL INFO Channel 00/0 : 10[400000] -> 11[400000] [receive] via NET/IBext/3
ip-0A23041A:24889:25528 [3] NCCL INFO Channel 01/0 : 9[400000] -> 10[400000] [send] via NET/IBext/3
ip-0A23041D:30565:31207 [3] NCCL INFO Channel 01/0 : 9[400000] -> 10[400000] [receive] via NET/IBext/3
ip-0A23041D:30565:31207 [3] NCCL INFO Channel 00/0 : 10[400000] -> 11[400000] [send] via NET/IBext/3
ip-0A230405:27428:28070 [3] NCCL INFO Channel 01/0 : 10[400000] -> 11[400000] [receive] via NET/IBext/3
ip-0A23041D:30565:31207 [3] NCCL INFO Channel 01/0 : 10[400000] -> 11[400000] [send] via NET/IBext/3
ip-0A230405:27428:28070 [3] NCCL INFO Channel 00/0 : 11[400000] -> 12[400000] [send] via NET/IBext/3
ip-0A230405:27428:28070 [3] NCCL INFO Channel 01/0 : 11[400000] -> 12[400000] [send] via NET/IBext/3
ip-0A23040C:73757:74390 [3] NCCL INFO Connected all rings
ip-0A23040E:75228:75879 [3] NCCL INFO Connected all rings
ip-0A23040B:48754:49402 [3] NCCL INFO Connected all rings
ip-0A23040D:38187:38835 [3] NCCL INFO Connected all rings
ip-0A230410:62980:63621 [3] NCCL INFO Connected all rings
ip-0A23040F:91549:92190 [3] NCCL INFO Connected all rings
ip-0A230413:76057:76695 [3] NCCL INFO Connected all rings
ip-0A230408:74463:75109 [3] NCCL INFO Connected all rings
ip-0A230412:32316:32947 [3] NCCL INFO Connected all rings
ip-0A230414:28619:29254 [3] NCCL INFO Connected all rings
ip-0A230417:65353:65992 [3] NCCL INFO Connected all rings
ip-0A23041A:24889:25528 [3] NCCL INFO Connected all rings
ip-0A230407:65201:65842 [3] NCCL INFO Connected all rings
ip-0A230406:12914:13560 [3] NCCL INFO Connected all rings
ip-0A230405:27428:28070 [3] NCCL INFO Connected all rings
ip-0A23041D:30565:31207 [3] NCCL INFO Connected all rings
ip-0A23040C:73757:74390 [3] NCCL INFO Channel 01/0 : 7[400000] -> 15[400000] [receive] via NET/IBext/3
ip-0A23040C:73757:74390 [3] NCCL INFO Channel 01/0 : 15[400000] -> 7[400000] [send] via NET/IBext/3
ip-0A23040E:75228:75879 [3] NCCL INFO Channel 00/0 : 12[400000] -> 14[400000] [receive] via NET/IBext/3
ip-0A230413:76057:76695 [3] NCCL INFO Channel 00/0 : 2[400000] -> 4[400000] [receive] via NET/IBext/3
ip-0A230413:76057:76695 [3] NCCL INFO Channel 00/0 : 4[400000] -> 6[400000] [send] via NET/IBext/3
ip-0A230417:65353:65992 [3] NCCL INFO Channel 00/0 : 4[400000] -> 6[400000] [receive] via NET/IBext/3
ip-0A23040B:48754:49402 [3] NCCL INFO Channel 01/0 : 11[400000] -> 13[400000] [receive] via NET/IBext/3
ip-0A230414:28619:29254 [3] NCCL INFO Channel 01/0 : 3[400000] -> 5[400000] [receive] via NET/IBext/3
ip-0A23040F:91549:92190 [3] NCCL INFO Channel 01/0 : 1[400000] -> 3[400000] [send] via NET/IBext/3
ip-0A23041D:30565:31207 [3] NCCL INFO Channel 00/0 : 10[400000] -> 12[400000] [send] via NET/IBext/3
ip-0A23040D:38187:38835 [3] NCCL INFO Channel 00/0 : 8[400000] -> 0[400000] [receive] via NET/IBext/3
ip-0A23041A:24889:25528 [3] NCCL INFO Channel 01/0 : 9[400000] -> 11[400000] [send] via NET/IBext/3
ip-0A23040D:38187:38835 [3] NCCL INFO Channel 00/0 : 0[400000] -> 8[400000] [send] via NET/IBext/3
ip-0A230412:32316:32947 [3] NCCL INFO Channel 01/0 : 1[400000] -> 3[400000] [receive] via NET/IBext/3
ip-0A230412:32316:32947 [3] NCCL INFO Channel 01/0 : 3[400000] -> 5[400000] [send] via NET/IBext/3
ip-0A230406:12914:13560 [3] NCCL INFO Channel 01/0 : 3[400000] -> 7[400000] [receive] via NET/IBext/3
ip-0A230406:12914:13560 [3] NCCL INFO Channel 01/0 : 7[400000] -> 11[400000] [send] via NET/IBext/3
ip-0A230410:62980:63621 [3] NCCL INFO Channel 00/0 : 2[400000] -> 4[400000] [send] via NET/IBext/3
ip-0A230408:74463:75109 [3] NCCL INFO Channel 00/0 : 4[400000] -> 8[400000] [receive] via NET/IBext/3
ip-0A230405:27428:28070 [3] NCCL INFO Channel 01/0 : 9[400000] -> 11[400000] [receive] via NET/IBext/3
ip-0A230408:74463:75109 [3] NCCL INFO Channel 00/0 : 8[400000] -> 12[400000] [send] via NET/IBext/3
ip-0A230407:65201:65842 [3] NCCL INFO Channel 00/0 : 10[400000] -> 12[400000] [receive] via NET/IBext/3
ip-0A230407:65201:65842 [3] NCCL INFO Channel 00/0 : 12[400000] -> 14[400000] [send] via NET/IBext/3
ip-0A23040F:91549:92190 [3] NCCL INFO Channel 01/0 : 3[400000] -> 1[400000] [receive] via NET/IBext/3
ip-0A230410:62980:63621 [3] NCCL INFO Channel 00/0 : 4[400000] -> 2[400000] [receive] via NET/IBext/3
ip-0A23041D:30565:31207 [3] NCCL INFO Channel 00/0 : 12[400000] -> 10[400000] [receive] via NET/IBext/3
ip-0A230414:28619:29254 [3] NCCL INFO Channel 01/0 : 5[400000] -> 3[400000] [send] via NET/IBext/3
ip-0A230417:65353:65992 [3] NCCL INFO Channel 00/0 : 6[400000] -> 4[400000] [send] via NET/IBext/3
ip-0A23040E:75228:75879 [3] NCCL INFO Channel 00/0 : 14[400000] -> 12[400000] [send] via NET/IBext/3
ip-0A230405:27428:28070 [3] NCCL INFO Channel 01/0 : 11[400000] -> 13[400000] [send] via NET/IBext/3
ip-0A23041A:24889:25528 [3] NCCL INFO Channel 01/0 : 11[400000] -> 9[400000] [receive] via NET/IBext/3
ip-0A23040B:48754:49402 [3] NCCL INFO Channel 01/0 : 13[400000] -> 11[400000] [send] via NET/IBext/3
ip-0A230412:32316:32947 [3] NCCL INFO Channel 01/0 : 3[400000] -> 7[400000] [send] via NET/IBext/3
ip-0A230407:65201:65842 [3] NCCL INFO Channel 00/0 : 8[400000] -> 12[400000] [receive] via NET/IBext/3
ip-0A230413:76057:76695 [3] NCCL INFO Channel 00/0 : 4[400000] -> 8[400000] [send] via NET/IBext/3
ip-0A230407:65201:65842 [3] NCCL INFO Channel 00/0 : 12[400000] -> 8[400000] [send] via NET/IBext/3
ip-0A230405:27428:28070 [3] NCCL INFO Channel 01/0 : 7[400000] -> 11[400000] [receive] via NET/IBext/3
ip-0A230412:32316:32947 [3] NCCL INFO Channel 01/0 : 7[400000] -> 3[400000] [receive] via NET/IBext/3
ip-0A230413:76057:76695 [3] NCCL INFO Channel 00/0 : 8[400000] -> 4[400000] [receive] via NET/IBext/3
ip-0A230405:27428:28070 [3] NCCL INFO Channel 01/0 : 11[400000] -> 7[400000] [send] via NET/IBext/3
ip-0A230408:74463:75109 [3] NCCL INFO Channel 00/0 : 0[400000] -> 8[400000] [receive] via NET/IBext/3
ip-0A230408:74463:75109 [3] NCCL INFO Channel 00/0 : 8[400000] -> 0[400000] [send] via NET/IBext/3
ip-0A230406:12914:13560 [3] NCCL INFO Channel 01/0 : 15[400000] -> 7[400000] [receive] via NET/IBext/3
ip-0A230406:12914:13560 [3] NCCL INFO Channel 01/0 : 7[400000] -> 15[400000] [send] via NET/IBext/3
ip-0A230408:74463:75109 [3] NCCL INFO Channel 00/0 : 12[400000] -> 8[400000] [receive] via NET/IBext/3
ip-0A230408:74463:75109 [3] NCCL INFO Channel 00/0 : 8[400000] -> 4[400000] [send] via NET/IBext/3
ip-0A23040D:38187:38835 [3] NCCL INFO Channel 01/0 : 1[400000] -> 0[400000] [receive] via NET/IBext/3
ip-0A230413:76057:76695 [3] NCCL INFO Channel 00/0 : 6[400000] -> 4[400000] [receive] via NET/IBext/3
ip-0A230413:76057:76695 [3] NCCL INFO Channel 00/0 : 4[400000] -> 2[400000] [send] via NET/IBext/3
ip-0A23040C:73757:74390 [3] NCCL INFO Channel 00/0 : 15[400000] -> 14[400000] [send] via NET/IBext/3
ip-0A230406:12914:13560 [3] NCCL INFO Channel 01/0 : 11[400000] -> 7[400000] [receive] via NET/IBext/3
ip-0A230406:12914:13560 [3] NCCL INFO Channel 01/0 : 7[400000] -> 3[400000] [send] via NET/IBext/3
ip-0A230412:32316:32947 [3] NCCL INFO Channel 01/0 : 5[400000] -> 3[400000] [receive] via NET/IBext/3
ip-0A230412:32316:32947 [3] NCCL INFO Channel 01/0 : 3[400000] -> 1[400000] [send] via NET/IBext/3
ip-0A230407:65201:65842 [3] NCCL INFO Channel 00/0 : 14[400000] -> 12[400000] [receive] via NET/IBext/3
ip-0A230407:65201:65842 [3] NCCL INFO Channel 00/0 : 12[400000] -> 10[400000] [send] via NET/IBext/3
ip-0A230408:74463:75109 [3] NCCL INFO Channel 01/0 : 9[400000] -> 8[400000] [receive] via NET/IBext/3
ip-0A230413:76057:76695 [3] NCCL INFO Channel 01/0 : 5[400000] -> 4[400000] [receive] via NET/IBext/3
ip-0A230417:65353:65992 [3] NCCL INFO Channel 00/0 : 7[400000] -> 6[400000] [receive] via NET/IBext/3
ip-0A230417:65353:65992 [3] NCCL INFO Channel 00/0 : 6[400000] -> 5[400000] [send] via NET/IBext/3
ip-0A230417:65353:65992 [3] NCCL INFO Channel 01/0 : 6[400000] -> 5[400000] [send] via NET/IBext/3
ip-0A230410:62980:63621 [3] NCCL INFO Channel 00/0 : 3[400000] -> 2[400000] [receive] via NET/IBext/3
ip-0A230410:62980:63621 [3] NCCL INFO Channel 00/0 : 2[400000] -> 1[400000] [send] via NET/IBext/3
ip-0A230410:62980:63621 [3] NCCL INFO Channel 01/0 : 2[400000] -> 1[400000] [send] via NET/IBext/3
ip-0A230405:27428:28070 [3] NCCL INFO Channel 01/0 : 13[400000] -> 11[400000] [receive] via NET/IBext/3
ip-0A230405:27428:28070 [3] NCCL INFO Channel 01/0 : 11[400000] -> 9[400000] [send] via NET/IBext/3
ip-0A230406:12914:13560 [3] NCCL INFO Channel 00/0 : 7[400000] -> 6[400000] [send] via NET/IBext/3
ip-0A230414:28619:29254 [3] NCCL INFO Channel 00/0 : 6[400000] -> 5[400000] [receive] via NET/IBext/3
ip-0A230414:28619:29254 [3] NCCL INFO Channel 01/0 : 6[400000] -> 5[400000] [receive] via NET/IBext/3
ip-0A230414:28619:29254 [3] NCCL INFO Channel 01/0 : 5[400000] -> 4[400000] [send] via NET/IBext/3
ip-0A23040E:75228:75879 [3] NCCL INFO Channel 00/0 : 15[400000] -> 14[400000] [receive] via NET/IBext/3
ip-0A23040E:75228:75879 [3] NCCL INFO Channel 00/0 : 14[400000] -> 13[400000] [send] via NET/IBext/3
ip-0A23040E:75228:75879 [3] NCCL INFO Channel 01/0 : 14[400000] -> 13[400000] [send] via NET/IBext/3
ip-0A230406:12914:13560 [3] NCCL INFO Connected all trees
ip-0A230406:12914:13560 [3] NCCL INFO CollNet 00 : 7 [receive] via COLLNET/SHARP/3
ip-0A23040F:91549:92190 [3] NCCL INFO Channel 00/0 : 2[400000] -> 1[400000] [receive] via NET/IBext/3
ip-0A23040F:91549:92190 [3] NCCL INFO Channel 01/0 : 2[400000] -> 1[400000] [receive] via NET/IBext/3
ip-0A23040F:91549:92190 [3] NCCL INFO Channel 01/0 : 1[400000] -> 0[400000] [send] via NET/IBext/3
ip-0A230412:32316:32947 [3] NCCL INFO Channel 00/0 : 3[400000] -> 2[400000] [send] via NET/IBext/3
ip-0A23040C:73757:74390 [3] NCCL INFO Connected all trees
ip-0A23040C:73757:74390 [3] NCCL INFO CollNet 00 : 15 [receive] via COLLNET/SHARP/3
ip-0A230413:76057:76695 [3] NCCL INFO Connected all trees
ip-0A230413:76057:76695 [3] NCCL INFO CollNet 00 : 4 [receive] via COLLNET/SHARP/3
ip-0A23041D:30565:31207 [3] NCCL INFO Channel 00/0 : 11[400000] -> 10[400000] [receive] via NET/IBext/3
ip-0A23041D:30565:31207 [3] NCCL INFO Channel 00/0 : 10[400000] -> 9[400000] [send] via NET/IBext/3
ip-0A23041D:30565:31207 [3] NCCL INFO Channel 01/0 : 10[400000] -> 9[400000] [send] via NET/IBext/3
ip-0A230407:65201:65842 [3] NCCL INFO Channel 01/0 : 13[400000] -> 12[400000] [receive] via NET/IBext/3
ip-0A23040D:38187:38835 [3] NCCL INFO Connected all trees
ip-0A23040D:38187:38835 [3] NCCL INFO CollNet 00 : 0 [receive] via COLLNET/SHARP/3
ip-0A230412:32316:32947 [3] NCCL INFO Connected all trees
ip-0A230412:32316:32947 [3] NCCL INFO CollNet 00 : 3 [receive] via COLLNET/SHARP/3
ip-0A230414:28619:29254 [3] NCCL INFO Connected all trees
ip-0A230417:65353:65992 [3] NCCL INFO Connected all trees
ip-0A23040F:91549:92190 [3] NCCL INFO Connected all trees
ip-0A230410:62980:63621 [3] NCCL INFO Connected all trees
ip-0A23040B:48754:49402 [3] NCCL INFO Channel 00/0 : 14[400000] -> 13[400000] [receive] via NET/IBext/3
ip-0A23040B:48754:49402 [3] NCCL INFO Channel 01/0 : 14[400000] -> 13[400000] [receive] via NET/IBext/3
ip-0A23040B:48754:49402 [3] NCCL INFO Channel 01/0 : 13[400000] -> 12[400000] [send] via NET/IBext/3
ip-0A23041A:24889:25528 [3] NCCL INFO Channel 00/0 : 10[400000] -> 9[400000] [receive] via NET/IBext/3
ip-0A23041A:24889:25528 [3] NCCL INFO Channel 01/0 : 10[400000] -> 9[400000] [receive] via NET/IBext/3
ip-0A23041A:24889:25528 [3] NCCL INFO Channel 01/0 : 9[400000] -> 8[400000] [send] via NET/IBext/3
ip-0A230405:27428:28070 [3] NCCL INFO Channel 00/0 : 11[400000] -> 10[400000] [send] via NET/IBext/3
ip-0A230407:65201:65842 [3] NCCL INFO Connected all trees
ip-0A230407:65201:65842 [3] NCCL INFO CollNet 00 : 12 [receive] via COLLNET/SHARP/3
ip-0A230405:27428:28070 [3] NCCL INFO Connected all trees
ip-0A230405:27428:28070 [3] NCCL INFO CollNet 00 : 11 [receive] via COLLNET/SHARP/3
ip-0A230408:74463:75109 [3] NCCL INFO Connected all trees
ip-0A230408:74463:75109 [3] NCCL INFO CollNet 00 : 8 [receive] via COLLNET/SHARP/3
ip-0A23040E:75228:75879 [3] NCCL INFO Connected all trees
ip-0A23040B:48754:49402 [3] NCCL INFO Connected all trees
ip-0A230417:65353:65992 [3] NCCL INFO CollNet 00 : 6 [receive] via COLLNET/SHARP/3
ip-0A230414:28619:29254 [3] NCCL INFO CollNet 00 : 5 [receive] via COLLNET/SHARP/3
ip-0A23041A:24889:25528 [3] NCCL INFO Connected all trees
ip-0A23041D:30565:31207 [3] NCCL INFO Connected all trees
ip-0A23040F:91549:92190 [3] NCCL INFO CollNet 00 : 1 [receive] via COLLNET/SHARP/3
ip-0A230410:62980:63621 [3] NCCL INFO CollNet 00 : 2 [receive] via COLLNET/SHARP/3
ip-0A23040E:75228:75879 [3] NCCL INFO CollNet 00 : 14 [receive] via COLLNET/SHARP/3
ip-0A23040B:48754:49402 [3] NCCL INFO CollNet 00 : 13 [receive] via COLLNET/SHARP/3
ip-0A23041D:30565:31207 [3] NCCL INFO CollNet 00 : 10 [receive] via COLLNET/SHARP/3
ip-0A23041A:24889:25528 [3] NCCL INFO CollNet 00 : 9 [receive] via COLLNET/SHARP/3
ip-0A23041D:30565:31208 [3] NCCL INFO NCCL_SHARP_GROUP_SIZE_THRESH set by environment to 16.
ip-0A230405:27428:28071 [3] NCCL INFO NCCL_SHARP_GROUP_SIZE_THRESH set by environment to 16.
ip-0A230407:65201:65843 [3] NCCL INFO NCCL_SHARP_GROUP_SIZE_THRESH set by environment to 16.
ip-0A23040B:48754:49403 [3] NCCL INFO NCCL_SHARP_GROUP_SIZE_THRESH set by environment to 16.
ip-0A23040E:75228:75880 [3] NCCL INFO NCCL_SHARP_GROUP_SIZE_THRESH set by environment to 16.
ip-0A23040C:73757:74391 [3] NCCL INFO NCCL_SHARP_GROUP_SIZE_THRESH set by environment to 16.
ip-0A23040D:38187:38836 [3] NCCL INFO NCCL_SHARP_GROUP_SIZE_THRESH set by environment to 16.
ip-0A23040F:91549:92192 [3] NCCL INFO NCCL_SHARP_GROUP_SIZE_THRESH set by environment to 16.
ip-0A230410:62980:63622 [3] NCCL INFO NCCL_SHARP_GROUP_SIZE_THRESH set by environment to 16.
ip-0A230412:32316:32948 [3] NCCL INFO NCCL_SHARP_GROUP_SIZE_THRESH set by environment to 16.
ip-0A230413:76057:76696 [3] NCCL INFO NCCL_SHARP_GROUP_SIZE_THRESH set by environment to 16.
ip-0A230414:28619:29255 [3] NCCL INFO NCCL_SHARP_GROUP_SIZE_THRESH set by environment to 16.
ip-0A230406:12914:13561 [3] NCCL INFO NCCL_SHARP_GROUP_SIZE_THRESH set by environment to 16.
ip-0A230417:65353:65993 [3] NCCL INFO NCCL_SHARP_GROUP_SIZE_THRESH set by environment to 16.
ip-0A23041A:24889:25529 [3] NCCL INFO NCCL_SHARP_GROUP_SIZE_THRESH set by environment to 16.
