ip-0A230406:90205:90859 [3] NCCL INFO Sharp rank 7/16 initialized on mlx5_ib3:1

ip-0A230406:90205:90859 [3] sharp_plugin.c:288 NCCL WARN NET/IB :SHARP coll init error: Cannot create SHArP job(-11)

ip-0A230406:90205:90859 [3] NCCL INFO include/coll_net.h:21 -> 3
ip-0A230407:43503:44146 [3] NCCL INFO Sharp rank 12/16 initialized on mlx5_ib3:1

ip-0A230407:43503:44146 [3] sharp_plugin.c:288 NCCL WARN NET/IB :SHARP coll init error: Cannot create SHArP job(-11)

ip-0A230407:43503:44146 [3] NCCL INFO include/coll_net.h:21 -> 3
ip-0A230413:54328:54966 [3] NCCL INFO Sharp rank 4/16 initialized on mlx5_ib3:1

ip-0A230413:54328:54966 [3] sharp_plugin.c:288 NCCL WARN NET/IB :SHARP coll init error: Cannot create SHArP job(-11)

ip-0A230413:54328:54966 [3] NCCL INFO include/coll_net.h:21 -> 3
ip-0A23040E:53295:53936 [3] NCCL INFO Sharp rank 14/16 initialized on mlx5_ib3:1

ip-0A23040E:53295:53936 [3] sharp_plugin.c:288 NCCL WARN NET/IB :SHARP coll init error: Cannot create SHArP job(-11)

ip-0A23040E:53295:53936 [3] NCCL INFO include/coll_net.h:21 -> 3
ip-0A230410:41404:42046 [3] NCCL INFO Sharp rank 2/16 initialized on mlx5_ib3:1

ip-0A230410:41404:42046 [3] sharp_plugin.c:288 NCCL WARN NET/IB :SHARP coll init error: Cannot create SHArP job(-11)

ip-0A230410:41404:42046 [3] NCCL INFO include/coll_net.h:21 -> 3
ip-0A23040B:27233:27871 [3] NCCL INFO Sharp rank 13/16 initialized on mlx5_ib3:1

ip-0A23040B:27233:27871 [3] sharp_plugin.c:288 NCCL WARN NET/IB :SHARP coll init error: Cannot create SHArP job(-11)

ip-0A23040B:27233:27871 [3] NCCL INFO include/coll_net.h:21 -> 3
ip-0A230405:5722:6370 [3] NCCL INFO Sharp rank 11/16 initialized on mlx5_ib3:1

ip-0A230405:5722:6370 [3] sharp_plugin.c:288 NCCL WARN NET/IB :SHARP coll init error: Cannot create SHArP job(-11)

ip-0A230405:5722:6370 [3] NCCL INFO include/coll_net.h:21 -> 3
ip-0A23041D:8927:9565 [3] NCCL INFO Sharp rank 10/16 initialized on mlx5_ib3:1

ip-0A23041D:8927:9565 [3] sharp_plugin.c:288 NCCL WARN NET/IB :SHARP coll init error: Cannot create SHArP job(-11)

ip-0A23041D:8927:9565 [3] NCCL INFO include/coll_net.h:21 -> 3
ip-0A23041A:3159:3823 [3] NCCL INFO transport.cc:222 -> 2

ip-0A23041A:3159:3823 [3] transport.cc:253 NCCL WARN Cannot initialize CollNet, using point-to-point network instead
ip-0A23041A:3159:3823 [3] NCCL INFO init.cc:765 -> 2
ip-0A23041A:3159:3823 [3] NCCL INFO threadThresholds 8/8/64 | 128/8/64 | 8/8/512
ip-0A23041A:3159:3823 [3] NCCL INFO 2 coll channels, 2 p2p channels, 2 p2p channels per peer
ip-0A230406:90205:90858 [3] NCCL INFO transport.cc:222 -> 2

ip-0A230406:90205:90858 [3] transport.cc:253 NCCL WARN Cannot initialize CollNet, using point-to-point network instead
ip-0A230406:90205:90858 [3] NCCL INFO init.cc:765 -> 2
ip-0A23040F:69909:70544 [3] NCCL INFO Sharp rank 1/16 initialized on mlx5_ib3:1

ip-0A23040F:69909:70544 [3] sharp_plugin.c:288 NCCL WARN NET/IB :SHARP coll init error: Cannot create SHArP job(-11)

ip-0A23040F:69909:70544 [3] NCCL INFO include/coll_net.h:21 -> 3
ip-0A230407:43503:44145 [3] NCCL INFO transport.cc:222 -> 2

ip-0A230407:43503:44145 [3] transport.cc:253 NCCL WARN Cannot initialize CollNet, using point-to-point network instead
ip-0A23040C:52192:52828 [3] NCCL INFO Sharp rank 15/16 initialized on mlx5_ib3:1

ip-0A23040C:52192:52828 [3] sharp_plugin.c:288 NCCL WARN NET/IB :SHARP coll init error: Cannot create SHArP job(-11)

ip-0A23040C:52192:52828 [3] NCCL INFO include/coll_net.h:21 -> 3
ip-0A230413:54328:54965 [3] NCCL INFO transport.cc:222 -> 2

ip-0A230413:54328:54965 [3] transport.cc:253 NCCL WARN Cannot initialize CollNet, using point-to-point network instead
ip-0A230408:54271:54921 [3] NCCL INFO Sharp rank 8/16 initialized on mlx5_ib3:1

ip-0A230408:54271:54921 [3] sharp_plugin.c:288 NCCL WARN NET/IB :SHARP coll init error: Cannot create SHArP job(-11)

ip-0A230408:54271:54921 [3] NCCL INFO include/coll_net.h:21 -> 3
ip-0A230414:7021:7659 [3] NCCL INFO Sharp rank 5/16 initialized on mlx5_ib3:1

ip-0A230414:7021:7659 [3] sharp_plugin.c:288 NCCL WARN NET/IB :SHARP coll init error: Cannot create SHArP job(-11)

ip-0A230414:7021:7659 [3] NCCL INFO include/coll_net.h:21 -> 3
ip-0A230417:43849:44485 [3] NCCL INFO Sharp rank 6/16 initialized on mlx5_ib3:1

ip-0A230417:43849:44485 [3] sharp_plugin.c:288 NCCL WARN NET/IB :SHARP coll init error: Cannot create SHArP job(-11)

ip-0A230417:43849:44485 [3] NCCL INFO include/coll_net.h:21 -> 3
ip-0A230406:90205:90858 [3] NCCL INFO threadThresholds 8/8/64 | 128/8/64 | 8/8/512
ip-0A230406:90205:90858 [3] NCCL INFO 2 coll channels, 2 p2p channels, 2 p2p channels per peer
ip-0A23040E:53295:53935 [3] NCCL INFO transport.cc:222 -> 2

ip-0A23040E:53295:53935 [3] transport.cc:253 NCCL WARN Cannot initialize CollNet, using point-to-point network instead
ip-0A23040E:53295:53935 [3] NCCL INFO init.cc:765 -> 2
ip-0A23040E:53295:53935 [3] NCCL INFO threadThresholds 8/8/64 | 128/8/64 | 8/8/512
ip-0A23040E:53295:53935 [3] NCCL INFO 2 coll channels, 2 p2p channels, 2 p2p channels per peer
ip-0A230407:43503:44145 [3] NCCL INFO init.cc:765 -> 2
ip-0A230413:54328:54965 [3] NCCL INFO init.cc:765 -> 2
ip-0A230412:10820:11459 [3] NCCL INFO transport.cc:222 -> 2

ip-0A230412:10820:11459 [3] transport.cc:253 NCCL WARN Cannot initialize CollNet, using point-to-point network instead
ip-0A230412:10820:11459 [3] NCCL INFO init.cc:765 -> 2
ip-0A230407:43503:44145 [3] NCCL INFO threadThresholds 8/8/64 | 128/8/64 | 8/8/512
ip-0A230413:54328:54965 [3] NCCL INFO threadThresholds 8/8/64 | 128/8/64 | 8/8/512
ip-0A230413:54328:54965 [3] NCCL INFO 2 coll channels, 2 p2p channels, 2 p2p channels per peer
ip-0A230412:10820:11459 [3] NCCL INFO threadThresholds 8/8/64 | 128/8/64 | 8/8/512
ip-0A230412:10820:11459 [3] NCCL INFO 2 coll channels, 2 p2p channels, 2 p2p channels per peer
ip-0A230405:5722:6369 [3] NCCL INFO transport.cc:222 -> 2
ip-0A230407:43503:44145 [3] NCCL INFO 2 coll channels, 2 p2p channels, 2 p2p channels per peer
ip-0A23040B:27233:27870 [3] NCCL INFO transport.cc:222 -> 2

ip-0A23040B:27233:27870 [3] transport.cc:253 NCCL WARN Cannot initialize CollNet, using point-to-point network instead
ip-0A23040B:27233:27870 [3] NCCL INFO init.cc:765 -> 2

ip-0A230405:5722:6369 [3] transport.cc:253 NCCL WARN Cannot initialize CollNet, using point-to-point network instead
ip-0A230405:5722:6369 [3] NCCL INFO init.cc:765 -> 2
ip-0A23041D:8927:9563 [3] NCCL INFO transport.cc:222 -> 2

ip-0A23041D:8927:9563 [3] transport.cc:253 NCCL WARN Cannot initialize CollNet, using point-to-point network instead
ip-0A23041D:8927:9563 [3] NCCL INFO init.cc:765 -> 2
ip-0A23041D:8927:9563 [3] NCCL INFO threadThresholds 8/8/64 | 128/8/64 | 8/8/512
ip-0A23040B:27233:27870 [3] NCCL INFO threadThresholds 8/8/64 | 128/8/64 | 8/8/512
ip-0A23040B:27233:27870 [3] NCCL INFO 2 coll channels, 2 p2p channels, 2 p2p channels per peer
ip-0A230405:5722:6369 [3] NCCL INFO threadThresholds 8/8/64 | 128/8/64 | 8/8/512
ip-0A230405:5722:6369 [3] NCCL INFO 2 coll channels, 2 p2p channels, 2 p2p channels per peer
ip-0A23041D:8927:9563 [3] NCCL INFO 2 coll channels, 2 p2p channels, 2 p2p channels per peer
ip-0A230410:41404:42045 [3] NCCL INFO transport.cc:222 -> 2

ip-0A230410:41404:42045 [3] transport.cc:253 NCCL WARN Cannot initialize CollNet, using point-to-point network instead
ip-0A230410:41404:42045 [3] NCCL INFO init.cc:765 -> 2
ip-0A230410:41404:42045 [3] NCCL INFO threadThresholds 8/8/64 | 128/8/64 | 8/8/512
ip-0A230410:41404:42045 [3] NCCL INFO 2 coll channels, 2 p2p channels, 2 p2p channels per peer
ip-0A23040C:52192:52827 [3] NCCL INFO transport.cc:222 -> 2

ip-0A23040C:52192:52827 [3] transport.cc:253 NCCL WARN Cannot initialize CollNet, using point-to-point network instead
ip-0A23040C:52192:52827 [3] NCCL INFO init.cc:765 -> 2
ip-0A23040C:52192:52827 [3] NCCL INFO threadThresholds 8/8/64 | 128/8/64 | 8/8/512
ip-0A23040C:52192:52827 [3] NCCL INFO 2 coll channels, 2 p2p channels, 2 p2p channels per peer
ip-0A230414:7021:7658 [3] NCCL INFO transport.cc:222 -> 2

ip-0A230414:7021:7658 [3] transport.cc:253 NCCL WARN Cannot initialize CollNet, using point-to-point network instead
ip-0A230417:43849:44484 [3] NCCL INFO transport.cc:222 -> 2

ip-0A230417:43849:44484 [3] transport.cc:253 NCCL WARN Cannot initialize CollNet, using point-to-point network instead
ip-0A230417:43849:44484 [3] NCCL INFO init.cc:765 -> 2
ip-0A23040F:69909:70543 [3] NCCL INFO transport.cc:222 -> 2

ip-0A23040F:69909:70543 [3] transport.cc:253 NCCL WARN Cannot initialize CollNet, using point-to-point network instead
ip-0A23040F:69909:70543 [3] NCCL INFO init.cc:765 -> 2
ip-0A23040F:69909:70543 [3] NCCL INFO threadThresholds 8/8/64 | 128/8/64 | 8/8/512
ip-0A23040F:69909:70543 [3] NCCL INFO 2 coll channels, 2 p2p channels, 2 p2p channels per peer
ip-0A230408:54271:54920 [3] NCCL INFO transport.cc:222 -> 2

ip-0A230408:54271:54920 [3] transport.cc:253 NCCL WARN Cannot initialize CollNet, using point-to-point network instead
ip-0A230408:54271:54920 [3] NCCL INFO init.cc:765 -> 2
ip-0A230414:7021:7658 [3] NCCL INFO init.cc:765 -> 2
ip-0A230414:7021:7658 [3] NCCL INFO threadThresholds 8/8/64 | 128/8/64 | 8/8/512
ip-0A230414:7021:7658 [3] NCCL INFO 2 coll channels, 2 p2p channels, 2 p2p channels per peer
ip-0A230417:43849:44484 [3] NCCL INFO threadThresholds 8/8/64 | 128/8/64 | 8/8/512
ip-0A230408:54271:54920 [3] NCCL INFO threadThresholds 8/8/64 | 128/8/64 | 8/8/512
ip-0A230408:54271:54920 [3] NCCL INFO 2 coll channels, 2 p2p channels, 2 p2p channels per peer
ip-0A230417:43849:44484 [3] NCCL INFO 2 coll channels, 2 p2p channels, 2 p2p channels per peer
ip-0A230410:41404:42045 [3] NCCL INFO comm 0x145b88008fb0 rank 2 nranks 16 cudaDev 3 busId 400000 - Init COMPLETE
ip-0A23041A:3159:3823 [3] NCCL INFO comm 0x14fae0008fb0 rank 9 nranks 16 cudaDev 3 busId 400000 - Init COMPLETE
ip-0A23041D:8927:9563 [3] NCCL INFO comm 0x14e3bc008fb0 rank 10 nranks 16 cudaDev 3 busId 400000 - Init COMPLETE
ip-0A230406:90205:90858 [3] NCCL INFO comm 0x151544008fb0 rank 7 nranks 16 cudaDev 3 busId 400000 - Init COMPLETE
ip-0A23040B:27233:27870 [3] NCCL INFO comm 0x147aa8008fb0 rank 13 nranks 16 cudaDev 3 busId 400000 - Init COMPLETE
ip-0A23040F:69909:70543 [3] NCCL INFO comm 0x145338008fb0 rank 1 nranks 16 cudaDev 3 busId 400000 - Init COMPLETE
ip-0A23040E:53295:53935 [3] NCCL INFO comm 0x14e2a4008fb0 rank 14 nranks 16 cudaDev 3 busId 400000 - Init COMPLETE
ip-0A230413:54328:54965 [3] NCCL INFO comm 0x151844008fb0 rank 4 nranks 16 cudaDev 3 busId 400000 - Init COMPLETE
ip-0A230414:7021:7658 [3] NCCL INFO comm 0x149548008fb0 rank 5 nranks 16 cudaDev 3 busId 400000 - Init COMPLETE
ip-0A230417:43849:44484 [3] NCCL INFO comm 0x1516c4008fb0 rank 6 nranks 16 cudaDev 3 busId 400000 - Init COMPLETE
ip-0A23040C:52192:52827 [3] NCCL INFO comm 0x14aed4008fb0 rank 15 nranks 16 cudaDev 3 busId 400000 - Init COMPLETE
ip-0A230412:10820:11459 [3] NCCL INFO comm 0x1472d8008fb0 rank 3 nranks 16 cudaDev 3 busId 400000 - Init COMPLETE
ip-0A230405:5722:6369 [3] NCCL INFO comm 0x154038008fb0 rank 11 nranks 16 cudaDev 3 busId 400000 - Init COMPLETE
ip-0A230408:54271:54920 [3] NCCL INFO comm 0x148644008fb0 rank 8 nranks 16 cudaDev 3 busId 400000 - Init COMPLETE
ip-0A230407:43503:44145 [3] NCCL INFO comm 0x154a94008fb0 rank 12 nranks 16 cudaDev 3 busId 400000 - Init COMPLETE
ip-0A23040D:13928:14578 [3] NCCL INFO Sharp rank 0/16 initialized on mlx5_ib3:1

ip-0A23040D:13928:14578 [3] sharp_plugin.c:288 NCCL WARN NET/IB :SHARP coll init error: Cannot create SHArP job(-11)

ip-0A23040D:13928:14578 [3] NCCL INFO include/coll_net.h:21 -> 3
ip-0A23040D:13928:14577 [3] NCCL INFO transport.cc:222 -> 2

ip-0A23040D:13928:14577 [3] transport.cc:253 NCCL WARN Cannot initialize CollNet, using point-to-point network instead
ip-0A23040D:13928:14577 [3] NCCL INFO init.cc:765 -> 2
ip-0A23040D:13928:14577 [3] NCCL INFO threadThresholds 8/8/64 | 128/8/64 | 8/8/512
ip-0A23040D:13928:14577 [3] NCCL INFO 2 coll channels, 2 p2p channels, 2 p2p channels per peer
ip-0A23040D:13928:14577 [3] NCCL INFO comm 0x14e328008fb0 rank 0 nranks 16 cudaDev 3 busId 400000 - Init COMPLETE
ip-0A23040D:13928:13928 [3] NCCL INFO Launch mode Parallel
ip-0A23040D:13931:13931 [4] NCCL INFO Bootstrap : Using eth0:10.35.4.13<0>
ip-0A23040D:13931:13931 [4] NCCL INFO NET/Plugin: Failed to find ncclNetPlugin_v5 symbol.
ip-0A23040D:13931:13931 [4] NCCL INFO NET/Plugin: Failed to find ncclCollNetPlugin_v5 symbol.
ip-0A23040D:13931:13931 [4] NCCL INFO Plugin Path : /opt/hpcx/nccl_rdma_sharp_plugin/lib/libnccl-net.so
ip-0A23040D:13931:13931 [4] NCCL INFO P2P plugin IBext
ip-0A23040D:13931:13931 [4] NCCL INFO NCCL_IB_PCI_RELAXED_ORDERING set by environment to 1.
ip-0A23040D:13931:13931 [4] NCCL INFO NET/IB : Using [0]mlx5_ib0:1/IB/SHARP [1]mlx5_ib1:1/IB/SHARP [2]mlx5_ib2:1/IB/SHARP [3]mlx5_ib3:1/IB/SHARP [4]mlx5_ib4:1/IB/SHARP [5]mlx5_ib5:1/IB/SHARP [6]mlx5_ib6:1/IB/SHARP [7]mlx5_ib7:1/IB/SHARP ; OOB eth0:10.35.4.13<0>
ip-0A23040D:13931:13931 [4] NCCL INFO Using network IBext
NCCL version 2.12.10+cuda11.6
ip-0A230405:5723:5723 [4] NCCL INFO Bootstrap : Using eth0:10.35.4.5<0>
ip-0A230408:54270:54270 [4] NCCL INFO Bootstrap : Using eth0:10.35.4.8<0>
ip-0A230410:41411:41411 [4] NCCL INFO Bootstrap : Using eth0:10.35.4.16<0>
ip-0A23040F:69906:69906 [4] NCCL INFO Bootstrap : Using eth0:10.35.4.15<0>
ip-0A23040C:52188:52188 [4] NCCL INFO Bootstrap : Using eth0:10.35.4.12<0>
ip-0A230417:43848:43848 [4] NCCL INFO Bootstrap : Using eth0:10.35.4.23<0>
ip-0A23041A:3165:3165 [4] NCCL INFO Bootstrap : Using eth0:10.35.4.26<0>
ip-0A230407:43504:43504 [4] NCCL INFO Bootstrap : Using eth0:10.35.4.7<0>
ip-0A230412:10815:10815 [4] NCCL INFO Bootstrap : Using eth0:10.35.4.18<0>
ip-0A230414:7018:7018 [4] NCCL INFO Bootstrap : Using eth0:10.35.4.20<0>
ip-0A230413:54322:54322 [4] NCCL INFO Bootstrap : Using eth0:10.35.4.19<0>
ip-0A230406:90211:90211 [4] NCCL INFO Bootstrap : Using eth0:10.35.4.6<0>
ip-0A23040B:27231:27231 [4] NCCL INFO Bootstrap : Using eth0:10.35.4.11<0>
ip-0A23040E:53297:53297 [4] NCCL INFO Bootstrap : Using eth0:10.35.4.14<0>
ip-0A23041D:8925:8925 [4] NCCL INFO Bootstrap : Using eth0:10.35.4.29<0>
ip-0A230410:41411:41411 [4] NCCL INFO NET/Plugin: Failed to find ncclNetPlugin_v5 symbol.
ip-0A230410:41411:41411 [4] NCCL INFO NET/Plugin: Failed to find ncclCollNetPlugin_v5 symbol.
ip-0A230410:41411:41411 [4] NCCL INFO Plugin Path : /opt/hpcx/nccl_rdma_sharp_plugin/lib/libnccl-net.so
ip-0A230410:41411:41411 [4] NCCL INFO P2P plugin IBext
ip-0A230410:41411:41411 [4] NCCL INFO NCCL_IB_PCI_RELAXED_ORDERING set by environment to 1.
ip-0A230414:7018:7018 [4] NCCL INFO NET/Plugin: Failed to find ncclNetPlugin_v5 symbol.
ip-0A230414:7018:7018 [4] NCCL INFO NET/Plugin: Failed to find ncclCollNetPlugin_v5 symbol.
ip-0A230417:43848:43848 [4] NCCL INFO NET/Plugin: Failed to find ncclNetPlugin_v5 symbol.
ip-0A230417:43848:43848 [4] NCCL INFO NET/Plugin: Failed to find ncclCollNetPlugin_v5 symbol.
ip-0A230414:7018:7018 [4] NCCL INFO Plugin Path : /opt/hpcx/nccl_rdma_sharp_plugin/lib/libnccl-net.so
ip-0A230414:7018:7018 [4] NCCL INFO P2P plugin IBext
ip-0A230414:7018:7018 [4] NCCL INFO NCCL_IB_PCI_RELAXED_ORDERING set by environment to 1.
ip-0A230417:43848:43848 [4] NCCL INFO Plugin Path : /opt/hpcx/nccl_rdma_sharp_plugin/lib/libnccl-net.so
ip-0A230417:43848:43848 [4] NCCL INFO P2P plugin IBext
ip-0A230417:43848:43848 [4] NCCL INFO NCCL_IB_PCI_RELAXED_ORDERING set by environment to 1.
ip-0A23041A:3165:3165 [4] NCCL INFO NET/Plugin: Failed to find ncclNetPlugin_v5 symbol.
ip-0A23041A:3165:3165 [4] NCCL INFO NET/Plugin: Failed to find ncclCollNetPlugin_v5 symbol.
ip-0A23040C:52188:52188 [4] NCCL INFO NET/Plugin: Failed to find ncclNetPlugin_v5 symbol.
ip-0A23040C:52188:52188 [4] NCCL INFO NET/Plugin: Failed to find ncclCollNetPlugin_v5 symbol.
ip-0A23041A:3165:3165 [4] NCCL INFO Plugin Path : /opt/hpcx/nccl_rdma_sharp_plugin/lib/libnccl-net.so
ip-0A23041A:3165:3165 [4] NCCL INFO P2P plugin IBext
ip-0A23041A:3165:3165 [4] NCCL INFO NCCL_IB_PCI_RELAXED_ORDERING set by environment to 1.
ip-0A23040C:52188:52188 [4] NCCL INFO Plugin Path : /opt/hpcx/nccl_rdma_sharp_plugin/lib/libnccl-net.so
ip-0A23040C:52188:52188 [4] NCCL INFO P2P plugin IBext
ip-0A23040C:52188:52188 [4] NCCL INFO NCCL_IB_PCI_RELAXED_ORDERING set by environment to 1.
ip-0A230412:10815:10815 [4] NCCL INFO NET/Plugin: Failed to find ncclNetPlugin_v5 symbol.
ip-0A230412:10815:10815 [4] NCCL INFO NET/Plugin: Failed to find ncclCollNetPlugin_v5 symbol.
ip-0A230405:5723:5723 [4] NCCL INFO NET/Plugin: Failed to find ncclNetPlugin_v5 symbol.
ip-0A230405:5723:5723 [4] NCCL INFO NET/Plugin: Failed to find ncclCollNetPlugin_v5 symbol.
ip-0A230412:10815:10815 [4] NCCL INFO Plugin Path : /opt/hpcx/nccl_rdma_sharp_plugin/lib/libnccl-net.so
ip-0A230412:10815:10815 [4] NCCL INFO P2P plugin IBext
ip-0A230412:10815:10815 [4] NCCL INFO NCCL_IB_PCI_RELAXED_ORDERING set by environment to 1.
ip-0A230405:5723:5723 [4] NCCL INFO Plugin Path : /opt/hpcx/nccl_rdma_sharp_plugin/lib/libnccl-net.so
ip-0A230405:5723:5723 [4] NCCL INFO P2P plugin IBext
ip-0A230405:5723:5723 [4] NCCL INFO NCCL_IB_PCI_RELAXED_ORDERING set by environment to 1.
ip-0A23040F:69906:69906 [4] NCCL INFO NET/Plugin: Failed to find ncclNetPlugin_v5 symbol.
ip-0A23040F:69906:69906 [4] NCCL INFO NET/Plugin: Failed to find ncclCollNetPlugin_v5 symbol.
ip-0A23040F:69906:69906 [4] NCCL INFO Plugin Path : /opt/hpcx/nccl_rdma_sharp_plugin/lib/libnccl-net.so
ip-0A23040F:69906:69906 [4] NCCL INFO P2P plugin IBext
ip-0A23040F:69906:69906 [4] NCCL INFO NCCL_IB_PCI_RELAXED_ORDERING set by environment to 1.
ip-0A230408:54270:54270 [4] NCCL INFO NET/Plugin: Failed to find ncclNetPlugin_v5 symbol.
ip-0A230408:54270:54270 [4] NCCL INFO NET/Plugin: Failed to find ncclCollNetPlugin_v5 symbol.
ip-0A230408:54270:54270 [4] NCCL INFO Plugin Path : /opt/hpcx/nccl_rdma_sharp_plugin/lib/libnccl-net.so
ip-0A230408:54270:54270 [4] NCCL INFO P2P plugin IBext
ip-0A230408:54270:54270 [4] NCCL INFO NCCL_IB_PCI_RELAXED_ORDERING set by environment to 1.
ip-0A230407:43504:43504 [4] NCCL INFO NET/Plugin: Failed to find ncclNetPlugin_v5 symbol.
ip-0A230407:43504:43504 [4] NCCL INFO NET/Plugin: Failed to find ncclCollNetPlugin_v5 symbol.
ip-0A230407:43504:43504 [4] NCCL INFO Plugin Path : /opt/hpcx/nccl_rdma_sharp_plugin/lib/libnccl-net.so
ip-0A230407:43504:43504 [4] NCCL INFO P2P plugin IBext
ip-0A230407:43504:43504 [4] NCCL INFO NCCL_IB_PCI_RELAXED_ORDERING set by environment to 1.
ip-0A230413:54322:54322 [4] NCCL INFO NET/Plugin: Failed to find ncclNetPlugin_v5 symbol.
ip-0A230413:54322:54322 [4] NCCL INFO NET/Plugin: Failed to find ncclCollNetPlugin_v5 symbol.
ip-0A230413:54322:54322 [4] NCCL INFO Plugin Path : /opt/hpcx/nccl_rdma_sharp_plugin/lib/libnccl-net.so
ip-0A230413:54322:54322 [4] NCCL INFO P2P plugin IBext
ip-0A230413:54322:54322 [4] NCCL INFO NCCL_IB_PCI_RELAXED_ORDERING set by environment to 1.
ip-0A230406:90211:90211 [4] NCCL INFO NET/Plugin: Failed to find ncclNetPlugin_v5 symbol.
ip-0A230406:90211:90211 [4] NCCL INFO NET/Plugin: Failed to find ncclCollNetPlugin_v5 symbol.
ip-0A230406:90211:90211 [4] NCCL INFO Plugin Path : /opt/hpcx/nccl_rdma_sharp_plugin/lib/libnccl-net.so
ip-0A230406:90211:90211 [4] NCCL INFO P2P plugin IBext
ip-0A230406:90211:90211 [4] NCCL INFO NCCL_IB_PCI_RELAXED_ORDERING set by environment to 1.
ip-0A23040B:27231:27231 [4] NCCL INFO NET/Plugin: Failed to find ncclNetPlugin_v5 symbol.
ip-0A23040B:27231:27231 [4] NCCL INFO NET/Plugin: Failed to find ncclCollNetPlugin_v5 symbol.
ip-0A23041D:8925:8925 [4] NCCL INFO NET/Plugin: Failed to find ncclNetPlugin_v5 symbol.
ip-0A23041D:8925:8925 [4] NCCL INFO NET/Plugin: Failed to find ncclCollNetPlugin_v5 symbol.
ip-0A23040B:27231:27231 [4] NCCL INFO Plugin Path : /opt/hpcx/nccl_rdma_sharp_plugin/lib/libnccl-net.so
ip-0A23040B:27231:27231 [4] NCCL INFO P2P plugin IBext
ip-0A23040B:27231:27231 [4] NCCL INFO NCCL_IB_PCI_RELAXED_ORDERING set by environment to 1.
ip-0A23041D:8925:8925 [4] NCCL INFO Plugin Path : /opt/hpcx/nccl_rdma_sharp_plugin/lib/libnccl-net.so
ip-0A23041D:8925:8925 [4] NCCL INFO P2P plugin IBext
ip-0A23041D:8925:8925 [4] NCCL INFO NCCL_IB_PCI_RELAXED_ORDERING set by environment to 1.
ip-0A23040E:53297:53297 [4] NCCL INFO NET/Plugin: Failed to find ncclNetPlugin_v5 symbol.
ip-0A23040E:53297:53297 [4] NCCL INFO NET/Plugin: Failed to find ncclCollNetPlugin_v5 symbol.
ip-0A23040E:53297:53297 [4] NCCL INFO Plugin Path : /opt/hpcx/nccl_rdma_sharp_plugin/lib/libnccl-net.so
ip-0A23040E:53297:53297 [4] NCCL INFO P2P plugin IBext
ip-0A23040E:53297:53297 [4] NCCL INFO NCCL_IB_PCI_RELAXED_ORDERING set by environment to 1.
ip-0A230410:41411:41411 [4] NCCL INFO NET/IB : Using [0]mlx5_ib0:1/IB/SHARP [1]mlx5_ib1:1/IB/SHARP [2]mlx5_ib2:1/IB/SHARP [3]mlx5_ib3:1/IB/SHARP [4]mlx5_ib4:1/IB/SHARP [5]mlx5_ib5:1/IB/SHARP [6]mlx5_ib6:1/IB/SHARP [7]mlx5_ib7:1/IB/SHARP ; OOB eth0:10.35.4.16<0>
ip-0A230410:41411:41411 [4] NCCL INFO Using network IBext
ip-0A230414:7018:7018 [4] NCCL INFO NET/IB : Using [0]mlx5_ib0:1/IB/SHARP [1]mlx5_ib1:1/IB/SHARP [2]mlx5_ib2:1/IB/SHARP [3]mlx5_ib3:1/IB/SHARP [4]mlx5_ib4:1/IB/SHARP [5]mlx5_ib5:1/IB/SHARP [6]mlx5_ib6:1/IB/SHARP [7]mlx5_ib7:1/IB/SHARP ; OOB eth0:10.35.4.20<0>
ip-0A230414:7018:7018 [4] NCCL INFO Using network IBext
ip-0A230408:54270:54270 [4] NCCL INFO NET/IB : Using [0]mlx5_ib0:1/IB/SHARP [1]mlx5_ib1:1/IB/SHARP [2]mlx5_ib2:1/IB/SHARP [3]mlx5_ib3:1/IB/SHARP [4]mlx5_ib4:1/IB/SHARP [5]mlx5_ib5:1/IB/SHARP [6]mlx5_ib6:1/IB/SHARP [7]mlx5_ib7:1/IB/SHARP ; OOB eth0:10.35.4.8<0>
ip-0A230408:54270:54270 [4] NCCL INFO Using network IBext
ip-0A23041A:3165:3165 [4] NCCL INFO NET/IB : Using [0]mlx5_ib0:1/IB/SHARP [1]mlx5_ib1:1/IB/SHARP [2]mlx5_ib2:1/IB/SHARP [3]mlx5_ib3:1/IB/SHARP [4]mlx5_ib4:1/IB/SHARP [5]mlx5_ib5:1/IB/SHARP [6]mlx5_ib6:1/IB/SHARP [7]mlx5_ib7:1/IB/SHARP ; OOB eth0:10.35.4.26<0>
ip-0A23041A:3165:3165 [4] NCCL INFO Using network IBext
ip-0A230417:43848:43848 [4] NCCL INFO NET/IB : Using [0]mlx5_ib0:1/IB/SHARP [1]mlx5_ib1:1/IB/SHARP [2]mlx5_ib2:1/IB/SHARP [3]mlx5_ib3:1/IB/SHARP [4]mlx5_ib4:1/IB/SHARP [5]mlx5_ib5:1/IB/SHARP [6]mlx5_ib6:1/IB/SHARP [7]mlx5_ib7:1/IB/SHARP ; OOB eth0:10.35.4.23<0>
ip-0A230417:43848:43848 [4] NCCL INFO Using network IBext
ip-0A23040C:52188:52188 [4] NCCL INFO NET/IB : Using [0]mlx5_ib0:1/IB/SHARP [1]mlx5_ib1:1/IB/SHARP [2]mlx5_ib2:1/IB/SHARP [3]mlx5_ib3:1/IB/SHARP [4]mlx5_ib4:1/IB/SHARP [5]mlx5_ib5:1/IB/SHARP [6]mlx5_ib6:1/IB/SHARP [7]mlx5_ib7:1/IB/SHARP ; OOB eth0:10.35.4.12<0>
ip-0A23040C:52188:52188 [4] NCCL INFO Using network IBext
ip-0A230412:10815:10815 [4] NCCL INFO NET/IB : Using [0]mlx5_ib0:1/IB/SHARP [1]mlx5_ib1:1/IB/SHARP [2]mlx5_ib2:1/IB/SHARP [3]mlx5_ib3:1/IB/SHARP [4]mlx5_ib4:1/IB/SHARP [5]mlx5_ib5:1/IB/SHARP [6]mlx5_ib6:1/IB/SHARP [7]mlx5_ib7:1/IB/SHARP ; OOB eth0:10.35.4.18<0>
ip-0A23040F:69906:69906 [4] NCCL INFO NET/IB : Using [0]mlx5_ib0:1/IB/SHARP [1]mlx5_ib1:1/IB/SHARP [2]mlx5_ib2:1/IB/SHARP [3]mlx5_ib3:1/IB/SHARP [4]mlx5_ib4:1/IB/SHARP [5]mlx5_ib5:1/IB/SHARP [6]mlx5_ib6:1/IB/SHARP [7]mlx5_ib7:1/IB/SHARP ; OOB eth0:10.35.4.15<0>
ip-0A23040F:69906:69906 [4] NCCL INFO Using network IBext
ip-0A230412:10815:10815 [4] NCCL INFO Using network IBext
ip-0A230407:43504:43504 [4] NCCL INFO NET/IB : Using [0]mlx5_ib0:1/IB/SHARP [1]mlx5_ib1:1/IB/SHARP [2]mlx5_ib2:1/IB/SHARP [3]mlx5_ib3:1/IB/SHARP [4]mlx5_ib4:1/IB/SHARP [5]mlx5_ib5:1/IB/SHARP [6]mlx5_ib6:1/IB/SHARP [7]mlx5_ib7:1/IB/SHARP ; OOB eth0:10.35.4.7<0>
ip-0A230407:43504:43504 [4] NCCL INFO Using network IBext
ip-0A230405:5723:5723 [4] NCCL INFO NET/IB : Using [0]mlx5_ib0:1/IB/SHARP [1]mlx5_ib1:1/IB/SHARP [2]mlx5_ib2:1/IB/SHARP [3]mlx5_ib3:1/IB/SHARP [4]mlx5_ib4:1/IB/SHARP [5]mlx5_ib5:1/IB/SHARP [6]mlx5_ib6:1/IB/SHARP [7]mlx5_ib7:1/IB/SHARP ; OOB eth0:10.35.4.5<0>
ip-0A230405:5723:5723 [4] NCCL INFO Using network IBext
ip-0A23040B:27231:27231 [4] NCCL INFO NET/IB : Using [0]mlx5_ib0:1/IB/SHARP [1]mlx5_ib1:1/IB/SHARP [2]mlx5_ib2:1/IB/SHARP [3]mlx5_ib3:1/IB/SHARP [4]mlx5_ib4:1/IB/SHARP [5]mlx5_ib5:1/IB/SHARP [6]mlx5_ib6:1/IB/SHARP [7]mlx5_ib7:1/IB/SHARP ; OOB eth0:10.35.4.11<0>
ip-0A23040B:27231:27231 [4] NCCL INFO Using network IBext
ip-0A230406:90211:90211 [4] NCCL INFO NET/IB : Using [0]mlx5_ib0:1/IB/SHARP [1]mlx5_ib1:1/IB/SHARP [2]mlx5_ib2:1/IB/SHARP [3]mlx5_ib3:1/IB/SHARP [4]mlx5_ib4:1/IB/SHARP [5]mlx5_ib5:1/IB/SHARP [6]mlx5_ib6:1/IB/SHARP [7]mlx5_ib7:1/IB/SHARP ; OOB eth0:10.35.4.6<0>
ip-0A230406:90211:90211 [4] NCCL INFO Using network IBext
ip-0A230413:54322:54322 [4] NCCL INFO NET/IB : Using [0]mlx5_ib0:1/IB/SHARP [1]mlx5_ib1:1/IB/SHARP [2]mlx5_ib2:1/IB/SHARP [3]mlx5_ib3:1/IB/SHARP [4]mlx5_ib4:1/IB/SHARP [5]mlx5_ib5:1/IB/SHARP [6]mlx5_ib6:1/IB/SHARP [7]mlx5_ib7:1/IB/SHARP ; OOB eth0:10.35.4.19<0>
ip-0A23041D:8925:8925 [4] NCCL INFO NET/IB : Using [0]mlx5_ib0:1/IB/SHARP [1]mlx5_ib1:1/IB/SHARP [2]mlx5_ib2:1/IB/SHARP [3]mlx5_ib3:1/IB/SHARP [4]mlx5_ib4:1/IB/SHARP [5]mlx5_ib5:1/IB/SHARP [6]mlx5_ib6:1/IB/SHARP [7]mlx5_ib7:1/IB/SHARP ; OOB eth0:10.35.4.29<0>
ip-0A230413:54322:54322 [4] NCCL INFO Using network IBext
ip-0A23041D:8925:8925 [4] NCCL INFO Using network IBext
ip-0A23040E:53297:53297 [4] NCCL INFO NET/IB : Using [0]mlx5_ib0:1/IB/SHARP [1]mlx5_ib1:1/IB/SHARP [2]mlx5_ib2:1/IB/SHARP [3]mlx5_ib3:1/IB/SHARP [4]mlx5_ib4:1/IB/SHARP [5]mlx5_ib5:1/IB/SHARP [6]mlx5_ib6:1/IB/SHARP [7]mlx5_ib7:1/IB/SHARP ; OOB eth0:10.35.4.14<0>
ip-0A23040E:53297:53297 [4] NCCL INFO Using network IBext
ip-0A23040E:53297:53949 [4] NCCL INFO NCCL_P2P_LEVEL set by environment to LOC
ip-0A23040E:53297:53949 [4] NCCL INFO PXN Disabled as plugin is v4
ip-0A23040E:53297:53949 [4] NCCL INFO NCCL_COLLNET_ENABLE set by environment to 1.
ip-0A23040D:13931:14591 [4] NCCL INFO NCCL_P2P_LEVEL set by environment to LOC
ip-0A23040D:13931:14591 [4] NCCL INFO PXN Disabled as plugin is v4
ip-0A230417:43848:44497 [4] NCCL INFO NCCL_P2P_LEVEL set by environment to LOC
ip-0A23040D:13931:14591 [4] NCCL INFO NCCL_COLLNET_ENABLE set by environment to 1.
ip-0A230412:10815:11482 [4] NCCL INFO NCCL_P2P_LEVEL set by environment to LOC
ip-0A230414:7018:7671 [4] NCCL INFO NCCL_P2P_LEVEL set by environment to LOC
ip-0A230412:10815:11482 [4] NCCL INFO PXN Disabled as plugin is v4
ip-0A230417:43848:44497 [4] NCCL INFO PXN Disabled as plugin is v4
ip-0A230406:90211:90871 [4] NCCL INFO NCCL_P2P_LEVEL set by environment to LOC
ip-0A230413:54322:54978 [4] NCCL INFO NCCL_P2P_LEVEL set by environment to LOC
ip-0A230414:7018:7671 [4] NCCL INFO PXN Disabled as plugin is v4
ip-0A230412:10815:11482 [4] NCCL INFO NCCL_COLLNET_ENABLE set by environment to 1.
ip-0A230410:41411:42069 [4] NCCL INFO NCCL_P2P_LEVEL set by environment to LOC
ip-0A230417:43848:44497 [4] NCCL INFO NCCL_COLLNET_ENABLE set by environment to 1.
ip-0A230406:90211:90871 [4] NCCL INFO PXN Disabled as plugin is v4
ip-0A23040F:69906:70566 [4] NCCL INFO NCCL_P2P_LEVEL set by environment to LOC
ip-0A230413:54322:54978 [4] NCCL INFO PXN Disabled as plugin is v4
ip-0A230408:54270:54934 [4] NCCL INFO NCCL_P2P_LEVEL set by environment to LOC
ip-0A230410:41411:42069 [4] NCCL INFO PXN Disabled as plugin is v4
ip-0A230414:7018:7671 [4] NCCL INFO NCCL_COLLNET_ENABLE set by environment to 1.
ip-0A23040F:69906:70566 [4] NCCL INFO PXN Disabled as plugin is v4
ip-0A230406:90211:90871 [4] NCCL INFO NCCL_COLLNET_ENABLE set by environment to 1.
ip-0A230413:54322:54978 [4] NCCL INFO NCCL_COLLNET_ENABLE set by environment to 1.
ip-0A230408:54270:54934 [4] NCCL INFO PXN Disabled as plugin is v4
ip-0A230410:41411:42069 [4] NCCL INFO NCCL_COLLNET_ENABLE set by environment to 1.
ip-0A23040F:69906:70566 [4] NCCL INFO NCCL_COLLNET_ENABLE set by environment to 1.
ip-0A230408:54270:54934 [4] NCCL INFO NCCL_COLLNET_ENABLE set by environment to 1.
ip-0A23041D:8925:9577 [4] NCCL INFO NCCL_P2P_LEVEL set by environment to LOC
ip-0A23041D:8925:9577 [4] NCCL INFO PXN Disabled as plugin is v4
ip-0A23041D:8925:9577 [4] NCCL INFO NCCL_COLLNET_ENABLE set by environment to 1.
ip-0A23040C:52188:52846 [4] NCCL INFO NCCL_P2P_LEVEL set by environment to LOC
ip-0A230407:43504:44158 [4] NCCL INFO NCCL_P2P_LEVEL set by environment to LOC
ip-0A230405:5723:6382 [4] NCCL INFO NCCL_P2P_LEVEL set by environment to LOC
ip-0A23040C:52188:52846 [4] NCCL INFO PXN Disabled as plugin is v4
ip-0A230407:43504:44158 [4] NCCL INFO PXN Disabled as plugin is v4
ip-0A230405:5723:6382 [4] NCCL INFO PXN Disabled as plugin is v4
ip-0A23040C:52188:52846 [4] NCCL INFO NCCL_COLLNET_ENABLE set by environment to 1.
ip-0A230407:43504:44158 [4] NCCL INFO NCCL_COLLNET_ENABLE set by environment to 1.
ip-0A23041A:3165:3836 [4] NCCL INFO NCCL_P2P_LEVEL set by environment to LOC
ip-0A230405:5723:6382 [4] NCCL INFO NCCL_COLLNET_ENABLE set by environment to 1.
ip-0A23041A:3165:3836 [4] NCCL INFO PXN Disabled as plugin is v4
ip-0A23041A:3165:3836 [4] NCCL INFO NCCL_COLLNET_ENABLE set by environment to 1.
ip-0A23040B:27231:27884 [4] NCCL INFO NCCL_P2P_LEVEL set by environment to LOC
ip-0A23040B:27231:27884 [4] NCCL INFO PXN Disabled as plugin is v4
ip-0A23040B:27231:27884 [4] NCCL INFO NCCL_COLLNET_ENABLE set by environment to 1.
ip-0A23040B:27231:27884 [4] NCCL INFO Trees [0] -1/-1/-1->13->14 [1] 14/12/-1->13->11
ip-0A23040E:53297:53949 [4] NCCL INFO Trees [0] 13/15/-1->14->12 [1] -1/-1/-1->14->13
ip-0A23040C:52188:52846 [4] NCCL INFO Trees [0] -1/-1/-1->15->14 [1] 7/-1/-1->15->-1
ip-0A23040D:13931:14591 [4] NCCL INFO Channel 00/02 :    0   1   2   3   4   5   6   7   8   9  10  11  12  13  14  15
ip-0A23040D:13931:14591 [4] NCCL INFO Channel 01/02 :    0   1   2   3   4   5   6   7   8   9  10  11  12  13  14  15
ip-0A23040D:13931:14591 [4] NCCL INFO Trees [0] 8/-1/-1->0->-1 [1] -1/-1/-1->0->1
ip-0A23040F:69906:70566 [4] NCCL INFO Trees [0] -1/-1/-1->1->2 [1] 2/0/-1->1->3
ip-0A230410:41411:42069 [4] NCCL INFO Trees [0] 1/3/-1->2->4 [1] -1/-1/-1->2->1
ip-0A230412:10815:11482 [4] NCCL INFO Trees [0] -1/-1/-1->3->2 [1] 5/1/-1->3->7
ip-0A230413:54322:54978 [4] NCCL INFO Trees [0] 2/6/-1->4->8 [1] -1/-1/-1->4->5
ip-0A230414:7018:7671 [4] NCCL INFO Trees [0] -1/-1/-1->5->6 [1] 6/4/-1->5->3
ip-0A230417:43848:44497 [4] NCCL INFO Trees [0] 5/7/-1->6->4 [1] -1/-1/-1->6->5
ip-0A230406:90211:90871 [4] NCCL INFO Trees [0] -1/-1/-1->7->6 [1] 11/3/-1->7->15
ip-0A230408:54270:54934 [4] NCCL INFO Trees [0] 4/12/-1->8->0 [1] -1/-1/-1->8->9
ip-0A23041A:3165:3836 [4] NCCL INFO Trees [0] -1/-1/-1->9->10 [1] 10/8/-1->9->11
ip-0A23041D:8925:9577 [4] NCCL INFO Trees [0] 9/11/-1->10->12 [1] -1/-1/-1->10->9
ip-0A23040B:27231:27884 [4] NCCL INFO Channel 00/0 : 12[b00000] -> 13[b00000] [receive] via NET/IBext/4
ip-0A230405:5723:6382 [4] NCCL INFO Trees [0] -1/-1/-1->11->10 [1] 13/9/-1->11->7
ip-0A230407:43504:44158 [4] NCCL INFO Trees [0] 10/14/-1->12->8 [1] -1/-1/-1->12->13
ip-0A23040B:27231:27884 [4] NCCL INFO Channel 01/0 : 12[b00000] -> 13[b00000] [receive] via NET/IBext/4
ip-0A23040B:27231:27884 [4] NCCL INFO Channel 00/0 : 13[b00000] -> 14[b00000] [send] via NET/IBext/4
ip-0A23040B:27231:27884 [4] NCCL INFO Channel 01/0 : 13[b00000] -> 14[b00000] [send] via NET/IBext/4
ip-0A23040C:52188:52846 [4] NCCL INFO Channel 00/0 : 14[b00000] -> 15[b00000] [receive] via NET/IBext/4
ip-0A23040E:53297:53949 [4] NCCL INFO Channel 00/0 : 13[b00000] -> 14[b00000] [receive] via NET/IBext/4
ip-0A23040C:52188:52846 [4] NCCL INFO Channel 01/0 : 14[b00000] -> 15[b00000] [receive] via NET/IBext/4
ip-0A23040C:52188:52846 [4] NCCL INFO Channel 00/0 : 15[b00000] -> 0[b00000] [send] via NET/IBext/4
ip-0A23040D:13931:14591 [4] NCCL INFO Channel 00/0 : 15[b00000] -> 0[b00000] [receive] via NET/IBext/4
ip-0A23040E:53297:53949 [4] NCCL INFO Channel 01/0 : 13[b00000] -> 14[b00000] [receive] via NET/IBext/4
ip-0A23040C:52188:52846 [4] NCCL INFO Channel 01/0 : 15[b00000] -> 0[b00000] [send] via NET/IBext/4
ip-0A23040E:53297:53949 [4] NCCL INFO Channel 00/0 : 14[b00000] -> 15[b00000] [send] via NET/IBext/4
ip-0A23040D:13931:14591 [4] NCCL INFO Channel 01/0 : 15[b00000] -> 0[b00000] [receive] via NET/IBext/4
ip-0A23040F:69906:70566 [4] NCCL INFO Channel 00/0 : 0[b00000] -> 1[b00000] [receive] via NET/IBext/4
ip-0A23040E:53297:53949 [4] NCCL INFO Channel 01/0 : 14[b00000] -> 15[b00000] [send] via NET/IBext/4
ip-0A23040D:13931:14591 [4] NCCL INFO Channel 00/0 : 0[b00000] -> 1[b00000] [send] via NET/IBext/4
ip-0A230410:41411:42069 [4] NCCL INFO Channel 00/0 : 1[b00000] -> 2[b00000] [receive] via NET/IBext/4
ip-0A23040F:69906:70566 [4] NCCL INFO Channel 01/0 : 0[b00000] -> 1[b00000] [receive] via NET/IBext/4
ip-0A23040F:69906:70566 [4] NCCL INFO Channel 00/0 : 1[b00000] -> 2[b00000] [send] via NET/IBext/4
ip-0A23040D:13931:14591 [4] NCCL INFO Channel 01/0 : 0[b00000] -> 1[b00000] [send] via NET/IBext/4
ip-0A23040F:69906:70566 [4] NCCL INFO Channel 01/0 : 1[b00000] -> 2[b00000] [send] via NET/IBext/4
ip-0A230412:10815:11482 [4] NCCL INFO Channel 00/0 : 2[b00000] -> 3[b00000] [receive] via NET/IBext/4
ip-0A230410:41411:42069 [4] NCCL INFO Channel 01/0 : 1[b00000] -> 2[b00000] [receive] via NET/IBext/4
ip-0A230410:41411:42069 [4] NCCL INFO Channel 00/0 : 2[b00000] -> 3[b00000] [send] via NET/IBext/4
ip-0A230410:41411:42069 [4] NCCL INFO Channel 01/0 : 2[b00000] -> 3[b00000] [send] via NET/IBext/4
ip-0A230413:54322:54978 [4] NCCL INFO Channel 00/0 : 3[b00000] -> 4[b00000] [receive] via NET/IBext/4
ip-0A230412:10815:11482 [4] NCCL INFO Channel 01/0 : 2[b00000] -> 3[b00000] [receive] via NET/IBext/4
ip-0A230414:7018:7671 [4] NCCL INFO Channel 00/0 : 4[b00000] -> 5[b00000] [receive] via NET/IBext/4
ip-0A230417:43848:44497 [4] NCCL INFO Channel 00/0 : 5[b00000] -> 6[b00000] [receive] via NET/IBext/4
ip-0A230413:54322:54978 [4] NCCL INFO Channel 01/0 : 3[b00000] -> 4[b00000] [receive] via NET/IBext/4
ip-0A230412:10815:11482 [4] NCCL INFO Channel 00/0 : 3[b00000] -> 4[b00000] [send] via NET/IBext/4
ip-0A230413:54322:54978 [4] NCCL INFO Channel 00/0 : 4[b00000] -> 5[b00000] [send] via NET/IBext/4
ip-0A230408:54270:54934 [4] NCCL INFO Channel 00/0 : 7[b00000] -> 8[b00000] [receive] via NET/IBext/4
ip-0A230412:10815:11482 [4] NCCL INFO Channel 01/0 : 3[b00000] -> 4[b00000] [send] via NET/IBext/4
ip-0A230417:43848:44497 [4] NCCL INFO Channel 01/0 : 5[b00000] -> 6[b00000] [receive] via NET/IBext/4
ip-0A230414:7018:7671 [4] NCCL INFO Channel 01/0 : 4[b00000] -> 5[b00000] [receive] via NET/IBext/4
ip-0A230417:43848:44497 [4] NCCL INFO Channel 00/0 : 6[b00000] -> 7[b00000] [send] via NET/IBext/4
ip-0A230413:54322:54978 [4] NCCL INFO Channel 01/0 : 4[b00000] -> 5[b00000] [send] via NET/IBext/4
ip-0A230414:7018:7671 [4] NCCL INFO Channel 00/0 : 5[b00000] -> 6[b00000] [send] via NET/IBext/4
ip-0A230417:43848:44497 [4] NCCL INFO Channel 01/0 : 6[b00000] -> 7[b00000] [send] via NET/IBext/4
ip-0A230406:90211:90871 [4] NCCL INFO Channel 00/0 : 6[b00000] -> 7[b00000] [receive] via NET/IBext/4
ip-0A23041A:3165:3836 [4] NCCL INFO Channel 00/0 : 8[b00000] -> 9[b00000] [receive] via NET/IBext/4
ip-0A230408:54270:54934 [4] NCCL INFO Channel 01/0 : 7[b00000] -> 8[b00000] [receive] via NET/IBext/4
ip-0A230414:7018:7671 [4] NCCL INFO Channel 01/0 : 5[b00000] -> 6[b00000] [send] via NET/IBext/4
ip-0A23041D:8925:9577 [4] NCCL INFO Channel 00/0 : 9[b00000] -> 10[b00000] [receive] via NET/IBext/4
ip-0A230408:54270:54934 [4] NCCL INFO Channel 00/0 : 8[b00000] -> 9[b00000] [send] via NET/IBext/4
ip-0A230405:5723:6382 [4] NCCL INFO Channel 00/0 : 10[b00000] -> 11[b00000] [receive] via NET/IBext/4
ip-0A230406:90211:90871 [4] NCCL INFO Channel 01/0 : 6[b00000] -> 7[b00000] [receive] via NET/IBext/4
ip-0A230406:90211:90871 [4] NCCL INFO Channel 00/0 : 7[b00000] -> 8[b00000] [send] via NET/IBext/4
ip-0A23041A:3165:3836 [4] NCCL INFO Channel 01/0 : 8[b00000] -> 9[b00000] [receive] via NET/IBext/4
ip-0A23041A:3165:3836 [4] NCCL INFO Channel 00/0 : 9[b00000] -> 10[b00000] [send] via NET/IBext/4
ip-0A230407:43504:44158 [4] NCCL INFO Channel 00/0 : 11[b00000] -> 12[b00000] [receive] via NET/IBext/4
ip-0A230408:54270:54934 [4] NCCL INFO Channel 01/0 : 8[b00000] -> 9[b00000] [send] via NET/IBext/4
ip-0A230405:5723:6382 [4] NCCL INFO Channel 01/0 : 10[b00000] -> 11[b00000] [receive] via NET/IBext/4
ip-0A23041D:8925:9577 [4] NCCL INFO Channel 01/0 : 9[b00000] -> 10[b00000] [receive] via NET/IBext/4
ip-0A230405:5723:6382 [4] NCCL INFO Channel 00/0 : 11[b00000] -> 12[b00000] [send] via NET/IBext/4
ip-0A23041D:8925:9577 [4] NCCL INFO Channel 00/0 : 10[b00000] -> 11[b00000] [send] via NET/IBext/4
ip-0A23041A:3165:3836 [4] NCCL INFO Channel 01/0 : 9[b00000] -> 10[b00000] [send] via NET/IBext/4
ip-0A230406:90211:90871 [4] NCCL INFO Channel 01/0 : 7[b00000] -> 8[b00000] [send] via NET/IBext/4
ip-0A230405:5723:6382 [4] NCCL INFO Channel 01/0 : 11[b00000] -> 12[b00000] [send] via NET/IBext/4
ip-0A23041D:8925:9577 [4] NCCL INFO Channel 01/0 : 10[b00000] -> 11[b00000] [send] via NET/IBext/4
ip-0A230407:43504:44158 [4] NCCL INFO Channel 01/0 : 11[b00000] -> 12[b00000] [receive] via NET/IBext/4
ip-0A230407:43504:44158 [4] NCCL INFO Channel 00/0 : 12[b00000] -> 13[b00000] [send] via NET/IBext/4
ip-0A230407:43504:44158 [4] NCCL INFO Channel 01/0 : 12[b00000] -> 13[b00000] [send] via NET/IBext/4
ip-0A23040C:52188:52846 [4] NCCL INFO Connected all rings
ip-0A23040E:53297:53949 [4] NCCL INFO Connected all rings
ip-0A230410:41411:42069 [4] NCCL INFO Connected all rings
ip-0A23040F:69906:70566 [4] NCCL INFO Connected all rings
ip-0A23040B:27231:27884 [4] NCCL INFO Connected all rings
ip-0A23040D:13931:14591 [4] NCCL INFO Connected all rings
ip-0A230417:43848:44497 [4] NCCL INFO Connected all rings
ip-0A230412:10815:11482 [4] NCCL INFO Connected all rings
ip-0A230406:90211:90871 [4] NCCL INFO Connected all rings
ip-0A230413:54322:54978 [4] NCCL INFO Connected all rings
ip-0A23041D:8925:9577 [4] NCCL INFO Connected all rings
ip-0A230407:43504:44158 [4] NCCL INFO Connected all rings
ip-0A230408:54270:54934 [4] NCCL INFO Connected all rings
ip-0A230414:7018:7671 [4] NCCL INFO Connected all rings
ip-0A230405:5723:6382 [4] NCCL INFO Connected all rings
ip-0A23041A:3165:3836 [4] NCCL INFO Connected all rings
ip-0A230417:43848:44497 [4] NCCL INFO Channel 00/0 : 4[b00000] -> 6[b00000] [receive] via NET/IBext/4
ip-0A230412:10815:11482 [4] NCCL INFO Channel 01/0 : 1[b00000] -> 3[b00000] [receive] via NET/IBext/4
ip-0A23040C:52188:52846 [4] NCCL INFO Channel 01/0 : 7[b00000] -> 15[b00000] [receive] via NET/IBext/4
ip-0A23040F:69906:70566 [4] NCCL INFO Channel 01/0 : 1[b00000] -> 3[b00000] [send] via NET/IBext/4
ip-0A230412:10815:11482 [4] NCCL INFO Channel 01/0 : 3[b00000] -> 5[b00000] [send] via NET/IBext/4
ip-0A23040C:52188:52846 [4] NCCL INFO Channel 01/0 : 15[b00000] -> 7[b00000] [send] via NET/IBext/4
ip-0A230408:54270:54934 [4] NCCL INFO Channel 00/0 : 4[b00000] -> 8[b00000] [receive] via NET/IBext/4
ip-0A230408:54270:54934 [4] NCCL INFO Channel 00/0 : 8[b00000] -> 12[b00000] [send] via NET/IBext/4
ip-0A23040E:53297:53949 [4] NCCL INFO Channel 00/0 : 12[b00000] -> 14[b00000] [receive] via NET/IBext/4
ip-0A230410:41411:42069 [4] NCCL INFO Channel 00/0 : 2[b00000] -> 4[b00000] [send] via NET/IBext/4
ip-0A230407:43504:44158 [4] NCCL INFO Channel 00/0 : 10[b00000] -> 12[b00000] [receive] via NET/IBext/4
ip-0A230407:43504:44158 [4] NCCL INFO Channel 00/0 : 12[b00000] -> 14[b00000] [send] via NET/IBext/4
ip-0A23040D:13931:14591 [4] NCCL INFO Channel 00/0 : 8[b00000] -> 0[b00000] [receive] via NET/IBext/4
ip-0A23040D:13931:14591 [4] NCCL INFO Channel 00/0 : 0[b00000] -> 8[b00000] [send] via NET/IBext/4
ip-0A230406:90211:90871 [4] NCCL INFO Channel 01/0 : 3[b00000] -> 7[b00000] [receive] via NET/IBext/4
ip-0A230413:54322:54978 [4] NCCL INFO Channel 00/0 : 2[b00000] -> 4[b00000] [receive] via NET/IBext/4
ip-0A230406:90211:90871 [4] NCCL INFO Channel 01/0 : 7[b00000] -> 11[b00000] [send] via NET/IBext/4
ip-0A230413:54322:54978 [4] NCCL INFO Channel 00/0 : 4[b00000] -> 6[b00000] [send] via NET/IBext/4
ip-0A23040B:27231:27884 [4] NCCL INFO Channel 01/0 : 11[b00000] -> 13[b00000] [receive] via NET/IBext/4
ip-0A23041D:8925:9577 [4] NCCL INFO Channel 00/0 : 10[b00000] -> 12[b00000] [send] via NET/IBext/4
ip-0A230414:7018:7671 [4] NCCL INFO Channel 01/0 : 3[b00000] -> 5[b00000] [receive] via NET/IBext/4
ip-0A23041A:3165:3836 [4] NCCL INFO Channel 01/0 : 9[b00000] -> 11[b00000] [send] via NET/IBext/4
ip-0A230405:5723:6382 [4] NCCL INFO Channel 01/0 : 9[b00000] -> 11[b00000] [receive] via NET/IBext/4
ip-0A230405:5723:6382 [4] NCCL INFO Channel 01/0 : 11[b00000] -> 13[b00000] [send] via NET/IBext/4
ip-0A230410:41411:42069 [4] NCCL INFO Channel 00/0 : 4[b00000] -> 2[b00000] [receive] via NET/IBext/4
ip-0A23041D:8925:9577 [4] NCCL INFO Channel 00/0 : 12[b00000] -> 10[b00000] [receive] via NET/IBext/4
ip-0A23040E:53297:53949 [4] NCCL INFO Channel 00/0 : 14[b00000] -> 12[b00000] [send] via NET/IBext/4
ip-0A230414:7018:7671 [4] NCCL INFO Channel 01/0 : 5[b00000] -> 3[b00000] [send] via NET/IBext/4
ip-0A23040B:27231:27884 [4] NCCL INFO Channel 01/0 : 13[b00000] -> 11[b00000] [send] via NET/IBext/4
ip-0A23040F:69906:70566 [4] NCCL INFO Channel 01/0 : 3[b00000] -> 1[b00000] [receive] via NET/IBext/4
ip-0A230417:43848:44497 [4] NCCL INFO Channel 00/0 : 6[b00000] -> 4[b00000] [send] via NET/IBext/4
ip-0A23041A:3165:3836 [4] NCCL INFO Channel 01/0 : 11[b00000] -> 9[b00000] [receive] via NET/IBext/4
ip-0A230407:43504:44158 [4] NCCL INFO Channel 00/0 : 8[b00000] -> 12[b00000] [receive] via NET/IBext/4
ip-0A230413:54322:54978 [4] NCCL INFO Channel 00/0 : 4[b00000] -> 8[b00000] [send] via NET/IBext/4
ip-0A230412:10815:11482 [4] NCCL INFO Channel 01/0 : 3[b00000] -> 7[b00000] [send] via NET/IBext/4
ip-0A230405:5723:6382 [4] NCCL INFO Channel 01/0 : 7[b00000] -> 11[b00000] [receive] via NET/IBext/4
ip-0A230413:54322:54978 [4] NCCL INFO Channel 00/0 : 8[b00000] -> 4[b00000] [receive] via NET/IBext/4
ip-0A230407:43504:44158 [4] NCCL INFO Channel 00/0 : 12[b00000] -> 8[b00000] [send] via NET/IBext/4
ip-0A230412:10815:11482 [4] NCCL INFO Channel 01/0 : 7[b00000] -> 3[b00000] [receive] via NET/IBext/4
ip-0A230405:5723:6382 [4] NCCL INFO Channel 01/0 : 11[b00000] -> 7[b00000] [send] via NET/IBext/4
ip-0A230408:54270:54934 [4] NCCL INFO Channel 00/0 : 0[b00000] -> 8[b00000] [receive] via NET/IBext/4
ip-0A230408:54270:54934 [4] NCCL INFO Channel 00/0 : 8[b00000] -> 0[b00000] [send] via NET/IBext/4
ip-0A230406:90211:90871 [4] NCCL INFO Channel 01/0 : 15[b00000] -> 7[b00000] [receive] via NET/IBext/4
ip-0A230406:90211:90871 [4] NCCL INFO Channel 01/0 : 7[b00000] -> 15[b00000] [send] via NET/IBext/4
ip-0A230408:54270:54934 [4] NCCL INFO Channel 00/0 : 12[b00000] -> 8[b00000] [receive] via NET/IBext/4
ip-0A230408:54270:54934 [4] NCCL INFO Channel 00/0 : 8[b00000] -> 4[b00000] [send] via NET/IBext/4
ip-0A23040D:13931:14591 [4] NCCL INFO Channel 01/0 : 1[b00000] -> 0[b00000] [receive] via NET/IBext/4
ip-0A23040C:52188:52846 [4] NCCL INFO Channel 00/0 : 15[b00000] -> 14[b00000] [send] via NET/IBext/4
ip-0A230406:90211:90871 [4] NCCL INFO Channel 01/0 : 11[b00000] -> 7[b00000] [receive] via NET/IBext/4
ip-0A230406:90211:90871 [4] NCCL INFO Channel 01/0 : 7[b00000] -> 3[b00000] [send] via NET/IBext/4
ip-0A230407:43504:44158 [4] NCCL INFO Channel 00/0 : 14[b00000] -> 12[b00000] [receive] via NET/IBext/4
ip-0A230407:43504:44158 [4] NCCL INFO Channel 00/0 : 12[b00000] -> 10[b00000] [send] via NET/IBext/4
ip-0A230413:54322:54978 [4] NCCL INFO Channel 00/0 : 6[b00000] -> 4[b00000] [receive] via NET/IBext/4
ip-0A230413:54322:54978 [4] NCCL INFO Channel 00/0 : 4[b00000] -> 2[b00000] [send] via NET/IBext/4
ip-0A230408:54270:54934 [4] NCCL INFO Channel 01/0 : 9[b00000] -> 8[b00000] [receive] via NET/IBext/4
ip-0A230405:5723:6382 [4] NCCL INFO Channel 01/0 : 13[b00000] -> 11[b00000] [receive] via NET/IBext/4
ip-0A230417:43848:44497 [4] NCCL INFO Channel 00/0 : 7[b00000] -> 6[b00000] [receive] via NET/IBext/4
ip-0A230405:5723:6382 [4] NCCL INFO Channel 01/0 : 11[b00000] -> 9[b00000] [send] via NET/IBext/4
ip-0A230417:43848:44497 [4] NCCL INFO Channel 00/0 : 6[b00000] -> 5[b00000] [send] via NET/IBext/4
ip-0A230417:43848:44497 [4] NCCL INFO Channel 01/0 : 6[b00000] -> 5[b00000] [send] via NET/IBext/4
ip-0A230412:10815:11482 [4] NCCL INFO Channel 01/0 : 5[b00000] -> 3[b00000] [receive] via NET/IBext/4
ip-0A230412:10815:11482 [4] NCCL INFO Channel 01/0 : 3[b00000] -> 1[b00000] [send] via NET/IBext/4
ip-0A230406:90211:90871 [4] NCCL INFO Channel 00/0 : 7[b00000] -> 6[b00000] [send] via NET/IBext/4
ip-0A230406:90211:90871 [4] NCCL INFO Connected all trees
ip-0A230406:90211:90871 [4] NCCL INFO CollNet 00 : 7 [receive] via COLLNET/SHARP/4
ip-0A23041A:3165:3836 [4] NCCL INFO Channel 00/0 : 10[b00000] -> 9[b00000] [receive] via NET/IBext/4
ip-0A23041A:3165:3836 [4] NCCL INFO Channel 01/0 : 10[b00000] -> 9[b00000] [receive] via NET/IBext/4
ip-0A23041A:3165:3836 [4] NCCL INFO Channel 01/0 : 9[b00000] -> 8[b00000] [send] via NET/IBext/4
ip-0A23040F:69906:70566 [4] NCCL INFO Channel 00/0 : 2[b00000] -> 1[b00000] [receive] via NET/IBext/4
ip-0A23040F:69906:70566 [4] NCCL INFO Channel 01/0 : 2[b00000] -> 1[b00000] [receive] via NET/IBext/4
ip-0A23040F:69906:70566 [4] NCCL INFO Channel 01/0 : 1[b00000] -> 0[b00000] [send] via NET/IBext/4
ip-0A23040E:53297:53949 [4] NCCL INFO Channel 00/0 : 15[b00000] -> 14[b00000] [receive] via NET/IBext/4
ip-0A23040E:53297:53949 [4] NCCL INFO Channel 00/0 : 14[b00000] -> 13[b00000] [send] via NET/IBext/4
ip-0A23040E:53297:53949 [4] NCCL INFO Channel 01/0 : 14[b00000] -> 13[b00000] [send] via NET/IBext/4
ip-0A23041D:8925:9577 [4] NCCL INFO Channel 00/0 : 11[b00000] -> 10[b00000] [receive] via NET/IBext/4
ip-0A23041D:8925:9577 [4] NCCL INFO Channel 00/0 : 10[b00000] -> 9[b00000] [send] via NET/IBext/4
ip-0A23041D:8925:9577 [4] NCCL INFO Channel 01/0 : 10[b00000] -> 9[b00000] [send] via NET/IBext/4
ip-0A23040C:52188:52846 [4] NCCL INFO Connected all trees
ip-0A23040C:52188:52846 [4] NCCL INFO CollNet 00 : 15 [receive] via COLLNET/SHARP/4
ip-0A230410:41411:42069 [4] NCCL INFO Channel 00/0 : 3[b00000] -> 2[b00000] [receive] via NET/IBext/4
ip-0A230407:43504:44158 [4] NCCL INFO Channel 01/0 : 13[b00000] -> 12[b00000] [receive] via NET/IBext/4
ip-0A230410:41411:42069 [4] NCCL INFO Channel 00/0 : 2[b00000] -> 1[b00000] [send] via NET/IBext/4
ip-0A230410:41411:42069 [4] NCCL INFO Channel 01/0 : 2[b00000] -> 1[b00000] [send] via NET/IBext/4
ip-0A230408:54270:54934 [4] NCCL INFO Connected all trees
ip-0A230408:54270:54934 [4] NCCL INFO CollNet 00 : 8 [receive] via COLLNET/SHARP/4
ip-0A230413:54322:54978 [4] NCCL INFO Channel 01/0 : 5[b00000] -> 4[b00000] [receive] via NET/IBext/4
ip-0A23040B:27231:27884 [4] NCCL INFO Channel 00/0 : 14[b00000] -> 13[b00000] [receive] via NET/IBext/4
ip-0A23040B:27231:27884 [4] NCCL INFO Channel 01/0 : 14[b00000] -> 13[b00000] [receive] via NET/IBext/4
ip-0A23040B:27231:27884 [4] NCCL INFO Channel 01/0 : 13[b00000] -> 12[b00000] [send] via NET/IBext/4
ip-0A230414:7018:7671 [4] NCCL INFO Channel 00/0 : 6[b00000] -> 5[b00000] [receive] via NET/IBext/4
ip-0A23040D:13931:14591 [4] NCCL INFO Connected all trees
ip-0A23040D:13931:14591 [4] NCCL INFO CollNet 00 : 0 [receive] via COLLNET/SHARP/4
ip-0A230414:7018:7671 [4] NCCL INFO Channel 01/0 : 6[b00000] -> 5[b00000] [receive] via NET/IBext/4
ip-0A230414:7018:7671 [4] NCCL INFO Channel 01/0 : 5[b00000] -> 4[b00000] [send] via NET/IBext/4
ip-0A230405:5723:6382 [4] NCCL INFO Channel 00/0 : 11[b00000] -> 10[b00000] [send] via NET/IBext/4
ip-0A230407:43504:44158 [4] NCCL INFO Connected all trees
ip-0A230407:43504:44158 [4] NCCL INFO CollNet 00 : 12 [receive] via COLLNET/SHARP/4
ip-0A230412:10815:11482 [4] NCCL INFO Channel 00/0 : 3[b00000] -> 2[b00000] [send] via NET/IBext/4
ip-0A230413:54322:54978 [4] NCCL INFO Connected all trees
ip-0A230405:5723:6382 [4] NCCL INFO Connected all trees
ip-0A230405:5723:6382 [4] NCCL INFO CollNet 00 : 11 [receive] via COLLNET/SHARP/4
ip-0A230412:10815:11482 [4] NCCL INFO Connected all trees
ip-0A230412:10815:11482 [4] NCCL INFO CollNet 00 : 3 [receive] via COLLNET/SHARP/4
ip-0A23040E:53297:53949 [4] NCCL INFO Connected all trees
ip-0A230417:43848:44497 [4] NCCL INFO Connected all trees
ip-0A23040B:27231:27884 [4] NCCL INFO Connected all trees
ip-0A230414:7018:7671 [4] NCCL INFO Connected all trees
ip-0A23040F:69906:70566 [4] NCCL INFO Connected all trees
ip-0A23041D:8925:9577 [4] NCCL INFO Connected all trees
ip-0A230410:41411:42069 [4] NCCL INFO Connected all trees
ip-0A23041A:3165:3836 [4] NCCL INFO Connected all trees
ip-0A230413:54322:54978 [4] NCCL INFO CollNet 00 : 4 [receive] via COLLNET/SHARP/4
ip-0A23040E:53297:53949 [4] NCCL INFO CollNet 00 : 14 [receive] via COLLNET/SHARP/4
ip-0A23040B:27231:27884 [4] NCCL INFO CollNet 00 : 13 [receive] via COLLNET/SHARP/4
ip-0A230414:7018:7671 [4] NCCL INFO CollNet 00 : 5 [receive] via COLLNET/SHARP/4
ip-0A230417:43848:44497 [4] NCCL INFO CollNet 00 : 6 [receive] via COLLNET/SHARP/4
ip-0A23041D:8925:9577 [4] NCCL INFO CollNet 00 : 10 [receive] via COLLNET/SHARP/4
ip-0A23040F:69906:70566 [4] NCCL INFO CollNet 00 : 1 [receive] via COLLNET/SHARP/4
ip-0A230410:41411:42069 [4] NCCL INFO CollNet 00 : 2 [receive] via COLLNET/SHARP/4
ip-0A23041A:3165:3836 [4] NCCL INFO CollNet 00 : 9 [receive] via COLLNET/SHARP/4
ip-0A23041A:3165:3837 [4] NCCL INFO NCCL_SHARP_GROUP_SIZE_THRESH set by environment to 16.
ip-0A23041D:8925:9578 [4] NCCL INFO NCCL_SHARP_GROUP_SIZE_THRESH set by environment to 16.
ip-0A230405:5723:6383 [4] NCCL INFO NCCL_SHARP_GROUP_SIZE_THRESH set by environment to 16.
ip-0A230407:43504:44165 [4] NCCL INFO NCCL_SHARP_GROUP_SIZE_THRESH set by environment to 16.
ip-0A23040B:27231:27885 [4] NCCL INFO NCCL_SHARP_GROUP_SIZE_THRESH set by environment to 16.
ip-0A23040E:53297:53950 [4] NCCL INFO NCCL_SHARP_GROUP_SIZE_THRESH set by environment to 16.
ip-0A23040D:13931:14592 [4] NCCL INFO NCCL_SHARP_GROUP_SIZE_THRESH set by environment to 16.
ip-0A23040C:52188:52851 [4] NCCL INFO NCCL_SHARP_GROUP_SIZE_THRESH set by environment to 16.
ip-0A23040F:69906:70567 [4] NCCL INFO NCCL_SHARP_GROUP_SIZE_THRESH set by environment to 16.
ip-0A230410:41411:42070 [4] NCCL INFO NCCL_SHARP_GROUP_SIZE_THRESH set by environment to 16.
