ip-0A230408:50826:51440 [1] NCCL INFO threadThresholds 8/8/64 | 128/8/64 | 8/8/512
ip-0A230412:7447:8061 [1] NCCL INFO Sharp rank 3/16 initialized on mlx5_ib1:1

ip-0A230412:7447:8061 [1] sharp_plugin.c:288 NCCL WARN NET/IB :SHARP coll init error: Cannot create SHArP job(-11)

ip-0A230412:7447:8061 [1] NCCL INFO include/coll_net.h:21 -> 3
ip-0A230406:86064:86681 [1] NCCL INFO init.cc:765 -> 2
ip-0A230406:86064:86681 [1] NCCL INFO threadThresholds 8/8/64 | 128/8/64 | 8/8/512
ip-0A230406:86064:86681 [1] NCCL INFO 2 coll channels, 2 p2p channels, 2 p2p channels per peer
ip-0A230408:50826:51440 [1] NCCL INFO 2 coll channels, 2 p2p channels, 2 p2p channels per peer
ip-0A23041D:5495:6109 [1] NCCL INFO threadThresholds 8/8/64 | 128/8/64 | 8/8/512
ip-0A23040E:49913:50511 [1] NCCL INFO transport.cc:222 -> 2

ip-0A23040E:49913:50511 [1] transport.cc:253 NCCL WARN Cannot initialize CollNet, using point-to-point network instead
ip-0A23040E:49913:50511 [1] NCCL INFO init.cc:765 -> 2
ip-0A23040E:49913:50511 [1] NCCL INFO threadThresholds 8/8/64 | 128/8/64 | 8/8/512
ip-0A23040E:49913:50511 [1] NCCL INFO 2 coll channels, 2 p2p channels, 2 p2p channels per peer
ip-0A230414:3524:4141 [1] NCCL INFO transport.cc:222 -> 2

ip-0A230414:3524:4141 [1] transport.cc:253 NCCL WARN Cannot initialize CollNet, using point-to-point network instead
ip-0A230414:3524:4141 [1] NCCL INFO init.cc:765 -> 2
ip-0A230417:40454:41070 [1] NCCL INFO transport.cc:222 -> 2

ip-0A230417:40454:41070 [1] transport.cc:253 NCCL WARN Cannot initialize CollNet, using point-to-point network instead
ip-0A230417:40454:41070 [1] NCCL INFO init.cc:765 -> 2
ip-0A23041D:5495:6109 [1] NCCL INFO 2 coll channels, 2 p2p channels, 2 p2p channels per peer
ip-0A230414:3524:4141 [1] NCCL INFO threadThresholds 8/8/64 | 128/8/64 | 8/8/512
ip-0A230414:3524:4141 [1] NCCL INFO 2 coll channels, 2 p2p channels, 2 p2p channels per peer
ip-0A230417:40454:41070 [1] NCCL INFO threadThresholds 8/8/64 | 128/8/64 | 8/8/512
ip-0A230417:40454:41070 [1] NCCL INFO 2 coll channels, 2 p2p channels, 2 p2p channels per peer
ip-0A23040F:66480:67109 [1] NCCL INFO transport.cc:222 -> 2

ip-0A23040F:66480:67109 [1] transport.cc:253 NCCL WARN Cannot initialize CollNet, using point-to-point network instead
ip-0A23040F:66480:67109 [1] NCCL INFO init.cc:765 -> 2
ip-0A230413:50940:51546 [1] NCCL INFO transport.cc:222 -> 2
ip-0A23040F:66480:67109 [1] NCCL INFO threadThresholds 8/8/64 | 128/8/64 | 8/8/512
ip-0A230412:7447:8060 [1] NCCL INFO transport.cc:222 -> 2

ip-0A230413:50940:51546 [1] transport.cc:253 NCCL WARN Cannot initialize CollNet, using point-to-point network instead
ip-0A230413:50940:51546 [1] NCCL INFO init.cc:765 -> 2
ip-0A23040F:66480:67109 [1] NCCL INFO 2 coll channels, 2 p2p channels, 2 p2p channels per peer

ip-0A230412:7447:8060 [1] transport.cc:253 NCCL WARN Cannot initialize CollNet, using point-to-point network instead
ip-0A230413:50940:51546 [1] NCCL INFO threadThresholds 8/8/64 | 128/8/64 | 8/8/512
ip-0A230410:38039:38651 [1] NCCL INFO transport.cc:222 -> 2

ip-0A230410:38039:38651 [1] transport.cc:253 NCCL WARN Cannot initialize CollNet, using point-to-point network instead
ip-0A230410:38039:38651 [1] NCCL INFO init.cc:765 -> 2
ip-0A230412:7447:8060 [1] NCCL INFO init.cc:765 -> 2
ip-0A230413:50940:51546 [1] NCCL INFO 2 coll channels, 2 p2p channels, 2 p2p channels per peer
ip-0A230410:38039:38651 [1] NCCL INFO threadThresholds 8/8/64 | 128/8/64 | 8/8/512
ip-0A230410:38039:38651 [1] NCCL INFO 2 coll channels, 2 p2p channels, 2 p2p channels per peer
ip-0A230412:7447:8060 [1] NCCL INFO threadThresholds 8/8/64 | 128/8/64 | 8/8/512
ip-0A230412:7447:8060 [1] NCCL INFO 2 coll channels, 2 p2p channels, 2 p2p channels per peer
ip-0A23040B:23855:24461 [1] NCCL INFO transport.cc:222 -> 2

ip-0A23040B:23855:24461 [1] transport.cc:253 NCCL WARN Cannot initialize CollNet, using point-to-point network instead
ip-0A23040B:23855:24461 [1] NCCL INFO init.cc:765 -> 2
ip-0A23040B:23855:24461 [1] NCCL INFO threadThresholds 8/8/64 | 128/8/64 | 8/8/512
ip-0A23040B:23855:24461 [1] NCCL INFO 2 coll channels, 2 p2p channels, 2 p2p channels per peer
ip-0A230405:1977:2624 [1] NCCL INFO comm 0x151520008fb0 rank 11 nranks 16 cudaDev 1 busId 200000 - Init COMPLETE
ip-0A23040B:23855:24461 [1] NCCL INFO comm 0x1478b8008fb0 rank 13 nranks 16 cudaDev 1 busId 200000 - Init COMPLETE
ip-0A23041D:5495:6109 [1] NCCL INFO comm 0x147ff4008fb0 rank 10 nranks 16 cudaDev 1 busId 200000 - Init COMPLETE
ip-0A23041A:97407:97997 [1] NCCL INFO comm 0x14f8ac008fb0 rank 9 nranks 16 cudaDev 1 busId 200000 - Init COMPLETE
ip-0A23040E:49913:50511 [1] NCCL INFO comm 0x14bc2c008fb0 rank 14 nranks 16 cudaDev 1 busId 200000 - Init COMPLETE
ip-0A23040F:66480:67109 [1] NCCL INFO comm 0x1524e0008fb0 rank 1 nranks 16 cudaDev 1 busId 200000 - Init COMPLETE
ip-0A230417:40454:41070 [1] NCCL INFO comm 0x1539a0008fb0 rank 6 nranks 16 cudaDev 1 busId 200000 - Init COMPLETE
ip-0A230410:38039:38651 [1] NCCL INFO comm 0x14be90008fb0 rank 2 nranks 16 cudaDev 1 busId 200000 - Init COMPLETE
ip-0A23040C:48758:49364 [1] NCCL INFO comm 0x14fe7c008fb0 rank 15 nranks 16 cudaDev 1 busId 200000 - Init COMPLETE
ip-0A230408:50826:51440 [1] NCCL INFO comm 0x147484008fb0 rank 8 nranks 16 cudaDev 1 busId 200000 - Init COMPLETE
ip-0A230412:7447:8060 [1] NCCL INFO comm 0x14fda8008fb0 rank 3 nranks 16 cudaDev 1 busId 200000 - Init COMPLETE
ip-0A230407:40118:40714 [1] NCCL INFO comm 0x149fe4008fb0 rank 12 nranks 16 cudaDev 1 busId 200000 - Init COMPLETE
ip-0A230406:86064:86681 [1] NCCL INFO comm 0x151cf8008fb0 rank 7 nranks 16 cudaDev 1 busId 200000 - Init COMPLETE
ip-0A230413:50940:51546 [1] NCCL INFO comm 0x14f85c008fb0 rank 4 nranks 16 cudaDev 1 busId 200000 - Init COMPLETE
ip-0A230414:3524:4141 [1] NCCL INFO comm 0x147260008fb0 rank 5 nranks 16 cudaDev 1 busId 200000 - Init COMPLETE
ip-0A23040D:10042:10666 [1] NCCL INFO Sharp rank 0/16 initialized on mlx5_ib1:1

ip-0A23040D:10042:10666 [1] sharp_plugin.c:288 NCCL WARN NET/IB :SHARP coll init error: Cannot create SHArP job(-11)

ip-0A23040D:10042:10666 [1] NCCL INFO include/coll_net.h:21 -> 3
ip-0A23040D:10042:10664 [1] NCCL INFO transport.cc:222 -> 2

ip-0A23040D:10042:10664 [1] transport.cc:253 NCCL WARN Cannot initialize CollNet, using point-to-point network instead
ip-0A23040D:10042:10664 [1] NCCL INFO init.cc:765 -> 2
ip-0A23040D:10042:10664 [1] NCCL INFO threadThresholds 8/8/64 | 128/8/64 | 8/8/512
ip-0A23040D:10042:10664 [1] NCCL INFO 2 coll channels, 2 p2p channels, 2 p2p channels per peer
ip-0A23040D:10042:10664 [1] NCCL INFO comm 0x14d33c008fb0 rank 0 nranks 16 cudaDev 1 busId 200000 - Init COMPLETE
ip-0A23040D:10042:10042 [1] NCCL INFO Launch mode Parallel
ip-0A23040D:10044:10044 [2] NCCL INFO Bootstrap : Using eth0:10.35.4.13<0>
ip-0A23040D:10044:10044 [2] NCCL INFO NET/Plugin: Failed to find ncclNetPlugin_v5 symbol.
ip-0A23040D:10044:10044 [2] NCCL INFO NET/Plugin: Failed to find ncclCollNetPlugin_v5 symbol.
ip-0A23040D:10044:10044 [2] NCCL INFO Plugin Path : /opt/hpcx/nccl_rdma_sharp_plugin/lib/libnccl-net.so
ip-0A23040D:10044:10044 [2] NCCL INFO P2P plugin IBext
ip-0A23040D:10044:10044 [2] NCCL INFO NCCL_IB_PCI_RELAXED_ORDERING set by environment to 1.
ip-0A23040D:10044:10044 [2] NCCL INFO NET/IB : Using [0]mlx5_ib0:1/IB/SHARP [1]mlx5_ib1:1/IB/SHARP [2]mlx5_ib2:1/IB/SHARP [3]mlx5_ib3:1/IB/SHARP [4]mlx5_ib4:1/IB/SHARP [5]mlx5_ib5:1/IB/SHARP [6]mlx5_ib6:1/IB/SHARP [7]mlx5_ib7:1/IB/SHARP ; OOB eth0:10.35.4.13<0>
ip-0A23040D:10044:10044 [2] NCCL INFO Using network IBext
NCCL version 2.12.10+cuda11.6
ip-0A230413:50941:50941 [2] NCCL INFO Bootstrap : Using eth0:10.35.4.19<0>
ip-0A230410:38041:38041 [2] NCCL INFO Bootstrap : Using eth0:10.35.4.16<0>
ip-0A230405:1981:1981 [2] NCCL INFO Bootstrap : Using eth0:10.35.4.5<0>
ip-0A230406:86073:86073 [2] NCCL INFO Bootstrap : Using eth0:10.35.4.6<0>
ip-0A23040E:49904:49904 [2] NCCL INFO Bootstrap : Using eth0:10.35.4.14<0>
ip-0A23040C:48753:48753 [2] NCCL INFO Bootstrap : Using eth0:10.35.4.12<0>
ip-0A230414:3525:3525 [2] NCCL INFO Bootstrap : Using eth0:10.35.4.20<0>
ip-0A23040B:23860:23860 [2] NCCL INFO Bootstrap : Using eth0:10.35.4.11<0>
ip-0A23041A:97378:97378 [2] NCCL INFO Bootstrap : Using eth0:10.35.4.26<0>
ip-0A230412:7450:7450 [2] NCCL INFO Bootstrap : Using eth0:10.35.4.18<0>
ip-0A230407:40113:40113 [2] NCCL INFO Bootstrap : Using eth0:10.35.4.7<0>
ip-0A23040F:66477:66477 [2] NCCL INFO Bootstrap : Using eth0:10.35.4.15<0>
ip-0A23041D:5492:5492 [2] NCCL INFO Bootstrap : Using eth0:10.35.4.29<0>
ip-0A230417:40473:40473 [2] NCCL INFO Bootstrap : Using eth0:10.35.4.23<0>
ip-0A230408:50834:50834 [2] NCCL INFO Bootstrap : Using eth0:10.35.4.8<0>
ip-0A230410:38041:38041 [2] NCCL INFO NET/Plugin: Failed to find ncclNetPlugin_v5 symbol.
ip-0A230410:38041:38041 [2] NCCL INFO NET/Plugin: Failed to find ncclCollNetPlugin_v5 symbol.
ip-0A23040E:49904:49904 [2] NCCL INFO NET/Plugin: Failed to find ncclNetPlugin_v5 symbol.
ip-0A23040E:49904:49904 [2] NCCL INFO NET/Plugin: Failed to find ncclCollNetPlugin_v5 symbol.
ip-0A230410:38041:38041 [2] NCCL INFO Plugin Path : /opt/hpcx/nccl_rdma_sharp_plugin/lib/libnccl-net.so
ip-0A230410:38041:38041 [2] NCCL INFO P2P plugin IBext
ip-0A230410:38041:38041 [2] NCCL INFO NCCL_IB_PCI_RELAXED_ORDERING set by environment to 1.
ip-0A230405:1981:1981 [2] NCCL INFO NET/Plugin: Failed to find ncclNetPlugin_v5 symbol.
ip-0A230405:1981:1981 [2] NCCL INFO NET/Plugin: Failed to find ncclCollNetPlugin_v5 symbol.
ip-0A230406:86073:86073 [2] NCCL INFO NET/Plugin: Failed to find ncclNetPlugin_v5 symbol.
ip-0A230406:86073:86073 [2] NCCL INFO NET/Plugin: Failed to find ncclCollNetPlugin_v5 symbol.
ip-0A23040E:49904:49904 [2] NCCL INFO Plugin Path : /opt/hpcx/nccl_rdma_sharp_plugin/lib/libnccl-net.so
ip-0A23040E:49904:49904 [2] NCCL INFO P2P plugin IBext
ip-0A23040E:49904:49904 [2] NCCL INFO NCCL_IB_PCI_RELAXED_ORDERING set by environment to 1.
ip-0A230405:1981:1981 [2] NCCL INFO Plugin Path : /opt/hpcx/nccl_rdma_sharp_plugin/lib/libnccl-net.so
ip-0A230405:1981:1981 [2] NCCL INFO P2P plugin IBext
ip-0A230405:1981:1981 [2] NCCL INFO NCCL_IB_PCI_RELAXED_ORDERING set by environment to 1.
ip-0A230406:86073:86073 [2] NCCL INFO Plugin Path : /opt/hpcx/nccl_rdma_sharp_plugin/lib/libnccl-net.so
ip-0A230406:86073:86073 [2] NCCL INFO P2P plugin IBext
ip-0A230406:86073:86073 [2] NCCL INFO NCCL_IB_PCI_RELAXED_ORDERING set by environment to 1.
ip-0A230413:50941:50941 [2] NCCL INFO NET/Plugin: Failed to find ncclNetPlugin_v5 symbol.
ip-0A230413:50941:50941 [2] NCCL INFO NET/Plugin: Failed to find ncclCollNetPlugin_v5 symbol.
ip-0A230413:50941:50941 [2] NCCL INFO Plugin Path : /opt/hpcx/nccl_rdma_sharp_plugin/lib/libnccl-net.so
ip-0A230413:50941:50941 [2] NCCL INFO P2P plugin IBext
ip-0A230413:50941:50941 [2] NCCL INFO NCCL_IB_PCI_RELAXED_ORDERING set by environment to 1.
ip-0A23040B:23860:23860 [2] NCCL INFO NET/Plugin: Failed to find ncclNetPlugin_v5 symbol.
ip-0A23040B:23860:23860 [2] NCCL INFO NET/Plugin: Failed to find ncclCollNetPlugin_v5 symbol.
ip-0A23040B:23860:23860 [2] NCCL INFO Plugin Path : /opt/hpcx/nccl_rdma_sharp_plugin/lib/libnccl-net.so
ip-0A23040B:23860:23860 [2] NCCL INFO P2P plugin IBext
ip-0A23040B:23860:23860 [2] NCCL INFO NCCL_IB_PCI_RELAXED_ORDERING set by environment to 1.
ip-0A230414:3525:3525 [2] NCCL INFO NET/Plugin: Failed to find ncclNetPlugin_v5 symbol.
ip-0A230414:3525:3525 [2] NCCL INFO NET/Plugin: Failed to find ncclCollNetPlugin_v5 symbol.
ip-0A23040F:66477:66477 [2] NCCL INFO NET/Plugin: Failed to find ncclNetPlugin_v5 symbol.
ip-0A23040F:66477:66477 [2] NCCL INFO NET/Plugin: Failed to find ncclCollNetPlugin_v5 symbol.
ip-0A23040F:66477:66477 [2] NCCL INFO Plugin Path : /opt/hpcx/nccl_rdma_sharp_plugin/lib/libnccl-net.so
ip-0A23040F:66477:66477 [2] NCCL INFO P2P plugin IBext
ip-0A23040F:66477:66477 [2] NCCL INFO NCCL_IB_PCI_RELAXED_ORDERING set by environment to 1.
ip-0A230414:3525:3525 [2] NCCL INFO Plugin Path : /opt/hpcx/nccl_rdma_sharp_plugin/lib/libnccl-net.so
ip-0A230414:3525:3525 [2] NCCL INFO P2P plugin IBext
ip-0A230414:3525:3525 [2] NCCL INFO NCCL_IB_PCI_RELAXED_ORDERING set by environment to 1.
ip-0A23041D:5492:5492 [2] NCCL INFO NET/Plugin: Failed to find ncclNetPlugin_v5 symbol.
ip-0A23041D:5492:5492 [2] NCCL INFO NET/Plugin: Failed to find ncclCollNetPlugin_v5 symbol.
ip-0A23041D:5492:5492 [2] NCCL INFO Plugin Path : /opt/hpcx/nccl_rdma_sharp_plugin/lib/libnccl-net.so
ip-0A23041D:5492:5492 [2] NCCL INFO P2P plugin IBext
ip-0A23041D:5492:5492 [2] NCCL INFO NCCL_IB_PCI_RELAXED_ORDERING set by environment to 1.
ip-0A23040C:48753:48753 [2] NCCL INFO NET/Plugin: Failed to find ncclNetPlugin_v5 symbol.
ip-0A23040C:48753:48753 [2] NCCL INFO NET/Plugin: Failed to find ncclCollNetPlugin_v5 symbol.
ip-0A23040C:48753:48753 [2] NCCL INFO Plugin Path : /opt/hpcx/nccl_rdma_sharp_plugin/lib/libnccl-net.so
ip-0A23040C:48753:48753 [2] NCCL INFO P2P plugin IBext
ip-0A23040C:48753:48753 [2] NCCL INFO NCCL_IB_PCI_RELAXED_ORDERING set by environment to 1.
ip-0A230412:7450:7450 [2] NCCL INFO NET/Plugin: Failed to find ncclNetPlugin_v5 symbol.
ip-0A230412:7450:7450 [2] NCCL INFO NET/Plugin: Failed to find ncclCollNetPlugin_v5 symbol.
ip-0A23041A:97378:97378 [2] NCCL INFO NET/Plugin: Failed to find ncclNetPlugin_v5 symbol.
ip-0A23041A:97378:97378 [2] NCCL INFO NET/Plugin: Failed to find ncclCollNetPlugin_v5 symbol.
ip-0A230408:50834:50834 [2] NCCL INFO NET/Plugin: Failed to find ncclNetPlugin_v5 symbol.
ip-0A230408:50834:50834 [2] NCCL INFO NET/Plugin: Failed to find ncclCollNetPlugin_v5 symbol.
ip-0A230412:7450:7450 [2] NCCL INFO Plugin Path : /opt/hpcx/nccl_rdma_sharp_plugin/lib/libnccl-net.so
ip-0A230412:7450:7450 [2] NCCL INFO P2P plugin IBext
ip-0A230412:7450:7450 [2] NCCL INFO NCCL_IB_PCI_RELAXED_ORDERING set by environment to 1.
ip-0A23041A:97378:97378 [2] NCCL INFO Plugin Path : /opt/hpcx/nccl_rdma_sharp_plugin/lib/libnccl-net.so
ip-0A23041A:97378:97378 [2] NCCL INFO P2P plugin IBext
ip-0A230408:50834:50834 [2] NCCL INFO Plugin Path : /opt/hpcx/nccl_rdma_sharp_plugin/lib/libnccl-net.so
ip-0A230408:50834:50834 [2] NCCL INFO P2P plugin IBext
ip-0A230408:50834:50834 [2] NCCL INFO NCCL_IB_PCI_RELAXED_ORDERING set by environment to 1.
ip-0A23041A:97378:97378 [2] NCCL INFO NCCL_IB_PCI_RELAXED_ORDERING set by environment to 1.
ip-0A230407:40113:40113 [2] NCCL INFO NET/Plugin: Failed to find ncclNetPlugin_v5 symbol.
ip-0A230407:40113:40113 [2] NCCL INFO NET/Plugin: Failed to find ncclCollNetPlugin_v5 symbol.
ip-0A230407:40113:40113 [2] NCCL INFO Plugin Path : /opt/hpcx/nccl_rdma_sharp_plugin/lib/libnccl-net.so
ip-0A230407:40113:40113 [2] NCCL INFO P2P plugin IBext
ip-0A230407:40113:40113 [2] NCCL INFO NCCL_IB_PCI_RELAXED_ORDERING set by environment to 1.
ip-0A230417:40473:40473 [2] NCCL INFO NET/Plugin: Failed to find ncclNetPlugin_v5 symbol.
ip-0A230417:40473:40473 [2] NCCL INFO NET/Plugin: Failed to find ncclCollNetPlugin_v5 symbol.
ip-0A230417:40473:40473 [2] NCCL INFO Plugin Path : /opt/hpcx/nccl_rdma_sharp_plugin/lib/libnccl-net.so
ip-0A230417:40473:40473 [2] NCCL INFO P2P plugin IBext
ip-0A230417:40473:40473 [2] NCCL INFO NCCL_IB_PCI_RELAXED_ORDERING set by environment to 1.
ip-0A230410:38041:38041 [2] NCCL INFO NET/IB : Using [0]mlx5_ib0:1/IB/SHARP [1]mlx5_ib1:1/IB/SHARP [2]mlx5_ib2:1/IB/SHARP [3]mlx5_ib3:1/IB/SHARP [4]mlx5_ib4:1/IB/SHARP [5]mlx5_ib5:1/IB/SHARP [6]mlx5_ib6:1/IB/SHARP [7]mlx5_ib7:1/IB/SHARP ; OOB eth0:10.35.4.16<0>
ip-0A230410:38041:38041 [2] NCCL INFO Using network IBext
ip-0A230405:1981:1981 [2] NCCL INFO NET/IB : Using [0]mlx5_ib0:1/IB/SHARP [1]mlx5_ib1:1/IB/SHARP [2]mlx5_ib2:1/IB/SHARP [3]mlx5_ib3:1/IB/SHARP [4]mlx5_ib4:1/IB/SHARP [5]mlx5_ib5:1/IB/SHARP [6]mlx5_ib6:1/IB/SHARP [7]mlx5_ib7:1/IB/SHARP ; OOB eth0:10.35.4.5<0>
ip-0A230405:1981:1981 [2] NCCL INFO Using network IBext
ip-0A23040E:49904:49904 [2] NCCL INFO NET/IB : Using [0]mlx5_ib0:1/IB/SHARP [1]mlx5_ib1:1/IB/SHARP [2]mlx5_ib2:1/IB/SHARP [3]mlx5_ib3:1/IB/SHARP [4]mlx5_ib4:1/IB/SHARP [5]mlx5_ib5:1/IB/SHARP [6]mlx5_ib6:1/IB/SHARP [7]mlx5_ib7:1/IB/SHARP ; OOB eth0:10.35.4.14<0>
ip-0A23040E:49904:49904 [2] NCCL INFO Using network IBext
ip-0A230413:50941:50941 [2] NCCL INFO NET/IB : Using [0]mlx5_ib0:1/IB/SHARP [1]mlx5_ib1:1/IB/SHARP [2]mlx5_ib2:1/IB/SHARP [3]mlx5_ib3:1/IB/SHARP [4]mlx5_ib4:1/IB/SHARP [5]mlx5_ib5:1/IB/SHARP [6]mlx5_ib6:1/IB/SHARP [7]mlx5_ib7:1/IB/SHARP ; OOB eth0:10.35.4.19<0>
ip-0A230413:50941:50941 [2] NCCL INFO Using network IBext
ip-0A23041A:97378:97378 [2] NCCL INFO NET/IB : Using [0]mlx5_ib0:1/IB/SHARP [1]mlx5_ib1:1/IB/SHARP [2]mlx5_ib2:1/IB/SHARP [3]mlx5_ib3:1/IB/SHARP [4]mlx5_ib4:1/IB/SHARP [5]mlx5_ib5:1/IB/SHARP [6]mlx5_ib6:1/IB/SHARP [7]mlx5_ib7:1/IB/SHARP ; OOB eth0:10.35.4.26<0>
ip-0A23041A:97378:97378 [2] NCCL INFO Using network IBext
ip-0A230406:86073:86073 [2] NCCL INFO NET/IB : Using [0]mlx5_ib0:1/IB/SHARP [1]mlx5_ib1:1/IB/SHARP [2]mlx5_ib2:1/IB/SHARP [3]mlx5_ib3:1/IB/SHARP [4]mlx5_ib4:1/IB/SHARP [5]mlx5_ib5:1/IB/SHARP [6]mlx5_ib6:1/IB/SHARP [7]mlx5_ib7:1/IB/SHARP ; OOB eth0:10.35.4.6<0>
ip-0A230408:50834:50834 [2] NCCL INFO NET/IB : Using [0]mlx5_ib0:1/IB/SHARP [1]mlx5_ib1:1/IB/SHARP [2]mlx5_ib2:1/IB/SHARP [3]mlx5_ib3:1/IB/SHARP [4]mlx5_ib4:1/IB/SHARP [5]mlx5_ib5:1/IB/SHARP [6]mlx5_ib6:1/IB/SHARP [7]mlx5_ib7:1/IB/SHARP ; OOB eth0:10.35.4.8<0>
ip-0A230408:50834:50834 [2] NCCL INFO Using network IBext
ip-0A230406:86073:86073 [2] NCCL INFO Using network IBext
ip-0A230414:3525:3525 [2] NCCL INFO NET/IB : Using [0]mlx5_ib0:1/IB/SHARP [1]mlx5_ib1:1/IB/SHARP [2]mlx5_ib2:1/IB/SHARP [3]mlx5_ib3:1/IB/SHARP [4]mlx5_ib4:1/IB/SHARP [5]mlx5_ib5:1/IB/SHARP [6]mlx5_ib6:1/IB/SHARP [7]mlx5_ib7:1/IB/SHARP ; OOB eth0:10.35.4.20<0>
ip-0A230414:3525:3525 [2] NCCL INFO Using network IBext
ip-0A23040C:48753:48753 [2] NCCL INFO NET/IB : Using [0]mlx5_ib0:1/IB/SHARP [1]mlx5_ib1:1/IB/SHARP [2]mlx5_ib2:1/IB/SHARP [3]mlx5_ib3:1/IB/SHARP [4]mlx5_ib4:1/IB/SHARP [5]mlx5_ib5:1/IB/SHARP [6]mlx5_ib6:1/IB/SHARP [7]mlx5_ib7:1/IB/SHARP ; OOB eth0:10.35.4.12<0>
ip-0A23040C:48753:48753 [2] NCCL INFO Using network IBext
ip-0A23040B:23860:23860 [2] NCCL INFO NET/IB : Using [0]mlx5_ib0:1/IB/SHARP [1]mlx5_ib1:1/IB/SHARP [2]mlx5_ib2:1/IB/SHARP [3]mlx5_ib3:1/IB/SHARP [4]mlx5_ib4:1/IB/SHARP [5]mlx5_ib5:1/IB/SHARP [6]mlx5_ib6:1/IB/SHARP [7]mlx5_ib7:1/IB/SHARP ; OOB eth0:10.35.4.11<0>
ip-0A23040B:23860:23860 [2] NCCL INFO Using network IBext
ip-0A23040F:66477:66477 [2] NCCL INFO NET/IB : Using [0]mlx5_ib0:1/IB/SHARP [1]mlx5_ib1:1/IB/SHARP [2]mlx5_ib2:1/IB/SHARP [3]mlx5_ib3:1/IB/SHARP [4]mlx5_ib4:1/IB/SHARP [5]mlx5_ib5:1/IB/SHARP [6]mlx5_ib6:1/IB/SHARP [7]mlx5_ib7:1/IB/SHARP ; OOB eth0:10.35.4.15<0>
ip-0A23040F:66477:66477 [2] NCCL INFO Using network IBext
ip-0A230412:7450:7450 [2] NCCL INFO NET/IB : Using [0]mlx5_ib0:1/IB/SHARP [1]mlx5_ib1:1/IB/SHARP [2]mlx5_ib2:1/IB/SHARP [3]mlx5_ib3:1/IB/SHARP [4]mlx5_ib4:1/IB/SHARP [5]mlx5_ib5:1/IB/SHARP [6]mlx5_ib6:1/IB/SHARP [7]mlx5_ib7:1/IB/SHARP ; OOB eth0:10.35.4.18<0>
ip-0A230412:7450:7450 [2] NCCL INFO Using network IBext
ip-0A230407:40113:40113 [2] NCCL INFO NET/IB : Using [0]mlx5_ib0:1/IB/SHARP [1]mlx5_ib1:1/IB/SHARP [2]mlx5_ib2:1/IB/SHARP [3]mlx5_ib3:1/IB/SHARP [4]mlx5_ib4:1/IB/SHARP [5]mlx5_ib5:1/IB/SHARP [6]mlx5_ib6:1/IB/SHARP [7]mlx5_ib7:1/IB/SHARP ; OOB eth0:10.35.4.7<0>
ip-0A230407:40113:40113 [2] NCCL INFO Using network IBext
ip-0A23041D:5492:5492 [2] NCCL INFO NET/IB : Using [0]mlx5_ib0:1/IB/SHARP [1]mlx5_ib1:1/IB/SHARP [2]mlx5_ib2:1/IB/SHARP [3]mlx5_ib3:1/IB/SHARP [4]mlx5_ib4:1/IB/SHARP [5]mlx5_ib5:1/IB/SHARP [6]mlx5_ib6:1/IB/SHARP [7]mlx5_ib7:1/IB/SHARP ; OOB eth0:10.35.4.29<0>
ip-0A23041D:5492:5492 [2] NCCL INFO Using network IBext
ip-0A230417:40473:40473 [2] NCCL INFO NET/IB : Using [0]mlx5_ib0:1/IB/SHARP [1]mlx5_ib1:1/IB/SHARP [2]mlx5_ib2:1/IB/SHARP [3]mlx5_ib3:1/IB/SHARP [4]mlx5_ib4:1/IB/SHARP [5]mlx5_ib5:1/IB/SHARP [6]mlx5_ib6:1/IB/SHARP [7]mlx5_ib7:1/IB/SHARP ; OOB eth0:10.35.4.23<0>
ip-0A230417:40473:40473 [2] NCCL INFO Using network IBext
ip-0A23040E:49904:50534 [2] NCCL INFO NCCL_P2P_LEVEL set by environment to LOC
ip-0A23040E:49904:50534 [2] NCCL INFO PXN Disabled as plugin is v4
ip-0A23040E:49904:50534 [2] NCCL INFO Setting affinity for GPU 2 to ffffff
ip-0A23040E:49904:50534 [2] NCCL INFO NCCL_COLLNET_ENABLE set by environment to 1.
ip-0A23040B:23860:24480 [2] NCCL INFO NCCL_P2P_LEVEL set by environment to LOC
ip-0A23040B:23860:24480 [2] NCCL INFO PXN Disabled as plugin is v4
ip-0A23040B:23860:24480 [2] NCCL INFO Setting affinity for GPU 2 to ffffff
ip-0A23040B:23860:24480 [2] NCCL INFO NCCL_COLLNET_ENABLE set by environment to 1.
ip-0A23040C:48753:49381 [2] NCCL INFO NCCL_P2P_LEVEL set by environment to LOC
ip-0A23040C:48753:49381 [2] NCCL INFO PXN Disabled as plugin is v4
ip-0A23040C:48753:49381 [2] NCCL INFO Setting affinity for GPU 2 to ffffff
ip-0A23040C:48753:49381 [2] NCCL INFO NCCL_COLLNET_ENABLE set by environment to 1.
ip-0A23040F:66477:67122 [2] NCCL INFO NCCL_P2P_LEVEL set by environment to LOC
ip-0A23040F:66477:67122 [2] NCCL INFO PXN Disabled as plugin is v4
ip-0A23040F:66477:67122 [2] NCCL INFO Setting affinity for GPU 2 to ffffff
ip-0A23040F:66477:67122 [2] NCCL INFO NCCL_COLLNET_ENABLE set by environment to 1.
ip-0A230412:7450:8074 [2] NCCL INFO NCCL_P2P_LEVEL set by environment to LOC
ip-0A23041D:5492:6123 [2] NCCL INFO NCCL_P2P_LEVEL set by environment to LOC
ip-0A230408:50834:51453 [2] NCCL INFO NCCL_P2P_LEVEL set by environment to LOC
ip-0A230412:7450:8074 [2] NCCL INFO PXN Disabled as plugin is v4
ip-0A230417:40473:41083 [2] NCCL INFO NCCL_P2P_LEVEL set by environment to LOC
ip-0A23041D:5492:6123 [2] NCCL INFO PXN Disabled as plugin is v4
ip-0A230407:40113:40737 [2] NCCL INFO NCCL_P2P_LEVEL set by environment to LOC
ip-0A230412:7450:8074 [2] NCCL INFO Setting affinity for GPU 2 to ffffff
ip-0A23041D:5492:6123 [2] NCCL INFO Setting affinity for GPU 2 to ffffff
ip-0A230408:50834:51453 [2] NCCL INFO PXN Disabled as plugin is v4
ip-0A230417:40473:41083 [2] NCCL INFO PXN Disabled as plugin is v4
ip-0A230412:7450:8074 [2] NCCL INFO NCCL_COLLNET_ENABLE set by environment to 1.
ip-0A23041A:97378:98011 [2] NCCL INFO NCCL_P2P_LEVEL set by environment to LOC
ip-0A23041D:5492:6123 [2] NCCL INFO NCCL_COLLNET_ENABLE set by environment to 1.
ip-0A230407:40113:40737 [2] NCCL INFO PXN Disabled as plugin is v4
ip-0A230408:50834:51453 [2] NCCL INFO Setting affinity for GPU 2 to ffffff
ip-0A230417:40473:41083 [2] NCCL INFO Setting affinity for GPU 2 to ffffff
ip-0A230408:50834:51453 [2] NCCL INFO NCCL_COLLNET_ENABLE set by environment to 1.
ip-0A230407:40113:40737 [2] NCCL INFO Setting affinity for GPU 2 to ffffff
ip-0A230413:50941:51564 [2] NCCL INFO NCCL_P2P_LEVEL set by environment to LOC
ip-0A23041A:97378:98011 [2] NCCL INFO PXN Disabled as plugin is v4
ip-0A230417:40473:41083 [2] NCCL INFO NCCL_COLLNET_ENABLE set by environment to 1.
ip-0A230406:86073:86694 [2] NCCL INFO NCCL_P2P_LEVEL set by environment to LOC
ip-0A230407:40113:40737 [2] NCCL INFO NCCL_COLLNET_ENABLE set by environment to 1.
ip-0A23041A:97378:98011 [2] NCCL INFO Setting affinity for GPU 2 to ffffff
ip-0A230413:50941:51564 [2] NCCL INFO PXN Disabled as plugin is v4
ip-0A230405:1981:2637 [2] NCCL INFO NCCL_P2P_LEVEL set by environment to LOC
ip-0A23041A:97378:98011 [2] NCCL INFO NCCL_COLLNET_ENABLE set by environment to 1.
ip-0A230406:86073:86694 [2] NCCL INFO PXN Disabled as plugin is v4
ip-0A230413:50941:51564 [2] NCCL INFO Setting affinity for GPU 2 to ffffff
ip-0A230406:86073:86694 [2] NCCL INFO Setting affinity for GPU 2 to ffffff
ip-0A230405:1981:2637 [2] NCCL INFO PXN Disabled as plugin is v4
ip-0A230413:50941:51564 [2] NCCL INFO NCCL_COLLNET_ENABLE set by environment to 1.
ip-0A230414:3525:4161 [2] NCCL INFO NCCL_P2P_LEVEL set by environment to LOC
ip-0A230406:86073:86694 [2] NCCL INFO NCCL_COLLNET_ENABLE set by environment to 1.
ip-0A230405:1981:2637 [2] NCCL INFO Setting affinity for GPU 2 to ffffff
ip-0A23040D:10044:10679 [2] NCCL INFO NCCL_P2P_LEVEL set by environment to LOC
ip-0A230410:38041:38664 [2] NCCL INFO NCCL_P2P_LEVEL set by environment to LOC
ip-0A230414:3525:4161 [2] NCCL INFO PXN Disabled as plugin is v4
ip-0A230405:1981:2637 [2] NCCL INFO NCCL_COLLNET_ENABLE set by environment to 1.
ip-0A23040D:10044:10679 [2] NCCL INFO PXN Disabled as plugin is v4
ip-0A230414:3525:4161 [2] NCCL INFO Setting affinity for GPU 2 to ffffff
ip-0A230410:38041:38664 [2] NCCL INFO PXN Disabled as plugin is v4
ip-0A23040D:10044:10679 [2] NCCL INFO Setting affinity for GPU 2 to ffffff
ip-0A230414:3525:4161 [2] NCCL INFO NCCL_COLLNET_ENABLE set by environment to 1.
ip-0A230410:38041:38664 [2] NCCL INFO Setting affinity for GPU 2 to ffffff
ip-0A23040D:10044:10679 [2] NCCL INFO NCCL_COLLNET_ENABLE set by environment to 1.
ip-0A230410:38041:38664 [2] NCCL INFO NCCL_COLLNET_ENABLE set by environment to 1.
ip-0A230414:3525:4161 [2] NCCL INFO Trees [0] -1/-1/-1->5->6 [1] 6/4/-1->5->3
ip-0A230417:40473:41083 [2] NCCL INFO Trees [0] 5/7/-1->6->4 [1] -1/-1/-1->6->5
ip-0A230406:86073:86694 [2] NCCL INFO Trees [0] -1/-1/-1->7->6 [1] 11/3/-1->7->15
ip-0A230408:50834:51453 [2] NCCL INFO Trees [0] 4/12/-1->8->0 [1] -1/-1/-1->8->9
ip-0A230410:38041:38664 [2] NCCL INFO Trees [0] 1/3/-1->2->4 [1] -1/-1/-1->2->1
ip-0A230412:7450:8074 [2] NCCL INFO Trees [0] -1/-1/-1->3->2 [1] 5/1/-1->3->7
ip-0A23041A:97378:98011 [2] NCCL INFO Trees [0] -1/-1/-1->9->10 [1] 10/8/-1->9->11
ip-0A230413:50941:51564 [2] NCCL INFO Trees [0] 2/6/-1->4->8 [1] -1/-1/-1->4->5
ip-0A23040D:10044:10679 [2] NCCL INFO Channel 00/02 :    0   1   2   3   4   5   6   7   8   9  10  11  12  13  14  15
ip-0A23040D:10044:10679 [2] NCCL INFO Channel 01/02 :    0   1   2   3   4   5   6   7   8   9  10  11  12  13  14  15
ip-0A23040D:10044:10679 [2] NCCL INFO Trees [0] 8/-1/-1->0->-1 [1] -1/-1/-1->0->1
ip-0A23041D:5492:6123 [2] NCCL INFO Trees [0] 9/11/-1->10->12 [1] -1/-1/-1->10->9
ip-0A23040F:66477:67122 [2] NCCL INFO Trees [0] -1/-1/-1->1->2 [1] 2/0/-1->1->3
ip-0A230405:1981:2637 [2] NCCL INFO Trees [0] -1/-1/-1->11->10 [1] 13/9/-1->11->7
ip-0A230407:40113:40737 [2] NCCL INFO Trees [0] 10/14/-1->12->8 [1] -1/-1/-1->12->13
ip-0A23040B:23860:24480 [2] NCCL INFO Trees [0] -1/-1/-1->13->14 [1] 14/12/-1->13->11
ip-0A23040E:49904:50534 [2] NCCL INFO Trees [0] 13/15/-1->14->12 [1] -1/-1/-1->14->13
ip-0A23040C:48753:49381 [2] NCCL INFO Trees [0] -1/-1/-1->15->14 [1] 7/-1/-1->15->-1
ip-0A230414:3525:4161 [2] NCCL INFO Channel 00/0 : 4[300000] -> 5[300000] [receive] via NET/IBext/2
ip-0A230414:3525:4161 [2] NCCL INFO Channel 01/0 : 4[300000] -> 5[300000] [receive] via NET/IBext/2
ip-0A230414:3525:4161 [2] NCCL INFO Channel 00/0 : 5[300000] -> 6[300000] [send] via NET/IBext/2
ip-0A230417:40473:41083 [2] NCCL INFO Channel 00/0 : 5[300000] -> 6[300000] [receive] via NET/IBext/2
ip-0A230414:3525:4161 [2] NCCL INFO Channel 01/0 : 5[300000] -> 6[300000] [send] via NET/IBext/2
ip-0A230408:50834:51453 [2] NCCL INFO Channel 00/0 : 7[300000] -> 8[300000] [receive] via NET/IBext/2
ip-0A230406:86073:86694 [2] NCCL INFO Channel 00/0 : 6[300000] -> 7[300000] [receive] via NET/IBext/2
ip-0A230417:40473:41083 [2] NCCL INFO Channel 01/0 : 5[300000] -> 6[300000] [receive] via NET/IBext/2
ip-0A230417:40473:41083 [2] NCCL INFO Channel 00/0 : 6[300000] -> 7[300000] [send] via NET/IBext/2
ip-0A230410:38041:38664 [2] NCCL INFO Channel 00/0 : 1[300000] -> 2[300000] [receive] via NET/IBext/2
ip-0A23041A:97378:98011 [2] NCCL INFO Channel 00/0 : 8[300000] -> 9[300000] [receive] via NET/IBext/2
ip-0A230408:50834:51453 [2] NCCL INFO Channel 01/0 : 7[300000] -> 8[300000] [receive] via NET/IBext/2
ip-0A230412:7450:8074 [2] NCCL INFO Channel 00/0 : 2[300000] -> 3[300000] [receive] via NET/IBext/2
ip-0A230406:86073:86694 [2] NCCL INFO Channel 01/0 : 6[300000] -> 7[300000] [receive] via NET/IBext/2
ip-0A230408:50834:51453 [2] NCCL INFO Channel 00/0 : 8[300000] -> 9[300000] [send] via NET/IBext/2
ip-0A230413:50941:51564 [2] NCCL INFO Channel 00/0 : 3[300000] -> 4[300000] [receive] via NET/IBext/2
ip-0A230417:40473:41083 [2] NCCL INFO Channel 01/0 : 6[300000] -> 7[300000] [send] via NET/IBext/2
ip-0A230406:86073:86694 [2] NCCL INFO Channel 00/0 : 7[300000] -> 8[300000] [send] via NET/IBext/2
ip-0A23040D:10044:10679 [2] NCCL INFO Channel 00/0 : 15[300000] -> 0[300000] [receive] via NET/IBext/2
ip-0A230410:38041:38664 [2] NCCL INFO Channel 01/0 : 1[300000] -> 2[300000] [receive] via NET/IBext/2
ip-0A230410:38041:38664 [2] NCCL INFO Channel 00/0 : 2[300000] -> 3[300000] [send] via NET/IBext/2
ip-0A23041A:97378:98011 [2] NCCL INFO Channel 01/0 : 8[300000] -> 9[300000] [receive] via NET/IBext/2
ip-0A230408:50834:51453 [2] NCCL INFO Channel 01/0 : 8[300000] -> 9[300000] [send] via NET/IBext/2
ip-0A23040D:10044:10679 [2] NCCL INFO Channel 01/0 : 15[300000] -> 0[300000] [receive] via NET/IBext/2
ip-0A23041A:97378:98011 [2] NCCL INFO Channel 00/0 : 9[300000] -> 10[300000] [send] via NET/IBext/2
ip-0A230412:7450:8074 [2] NCCL INFO Channel 01/0 : 2[300000] -> 3[300000] [receive] via NET/IBext/2
ip-0A230412:7450:8074 [2] NCCL INFO Channel 00/0 : 3[300000] -> 4[300000] [send] via NET/IBext/2
ip-0A230413:50941:51564 [2] NCCL INFO Channel 01/0 : 3[300000] -> 4[300000] [receive] via NET/IBext/2
ip-0A230413:50941:51564 [2] NCCL INFO Channel 00/0 : 4[300000] -> 5[300000] [send] via NET/IBext/2
ip-0A23040D:10044:10679 [2] NCCL INFO Channel 00/0 : 0[300000] -> 1[300000] [send] via NET/IBext/2
ip-0A230410:38041:38664 [2] NCCL INFO Channel 01/0 : 2[300000] -> 3[300000] [send] via NET/IBext/2
ip-0A23040D:10044:10679 [2] NCCL INFO Channel 01/0 : 0[300000] -> 1[300000] [send] via NET/IBext/2
ip-0A23041D:5492:6123 [2] NCCL INFO Channel 00/0 : 9[300000] -> 10[300000] [receive] via NET/IBext/2
ip-0A230407:40113:40737 [2] NCCL INFO Channel 00/0 : 11[300000] -> 12[300000] [receive] via NET/IBext/2
ip-0A230413:50941:51564 [2] NCCL INFO Channel 01/0 : 4[300000] -> 5[300000] [send] via NET/IBext/2
ip-0A230405:1981:2637 [2] NCCL INFO Channel 00/0 : 10[300000] -> 11[300000] [receive] via NET/IBext/2
ip-0A23041A:97378:98011 [2] NCCL INFO Channel 01/0 : 9[300000] -> 10[300000] [send] via NET/IBext/2
ip-0A230412:7450:8074 [2] NCCL INFO Channel 01/0 : 3[300000] -> 4[300000] [send] via NET/IBext/2
ip-0A23040F:66477:67122 [2] NCCL INFO Channel 00/0 : 0[300000] -> 1[300000] [receive] via NET/IBext/2
ip-0A230406:86073:86694 [2] NCCL INFO Channel 01/0 : 7[300000] -> 8[300000] [send] via NET/IBext/2
ip-0A230407:40113:40737 [2] NCCL INFO Channel 01/0 : 11[300000] -> 12[300000] [receive] via NET/IBext/2
ip-0A23040E:49904:50534 [2] NCCL INFO Channel 00/0 : 13[300000] -> 14[300000] [receive] via NET/IBext/2
ip-0A230407:40113:40737 [2] NCCL INFO Channel 00/0 : 12[300000] -> 13[300000] [send] via NET/IBext/2
ip-0A230405:1981:2637 [2] NCCL INFO Channel 01/0 : 10[300000] -> 11[300000] [receive] via NET/IBext/2
ip-0A23040B:23860:24480 [2] NCCL INFO Channel 00/0 : 12[300000] -> 13[300000] [receive] via NET/IBext/2
ip-0A23041D:5492:6123 [2] NCCL INFO Channel 01/0 : 9[300000] -> 10[300000] [receive] via NET/IBext/2
ip-0A230405:1981:2637 [2] NCCL INFO Channel 00/0 : 11[300000] -> 12[300000] [send] via NET/IBext/2
ip-0A23040F:66477:67122 [2] NCCL INFO Channel 01/0 : 0[300000] -> 1[300000] [receive] via NET/IBext/2
ip-0A23041D:5492:6123 [2] NCCL INFO Channel 00/0 : 10[300000] -> 11[300000] [send] via NET/IBext/2
ip-0A230405:1981:2637 [2] NCCL INFO Channel 01/0 : 11[300000] -> 12[300000] [send] via NET/IBext/2
ip-0A23040F:66477:67122 [2] NCCL INFO Channel 00/0 : 1[300000] -> 2[300000] [send] via NET/IBext/2
ip-0A23040C:48753:49381 [2] NCCL INFO Channel 00/0 : 14[300000] -> 15[300000] [receive] via NET/IBext/2
ip-0A230407:40113:40737 [2] NCCL INFO Channel 01/0 : 12[300000] -> 13[300000] [send] via NET/IBext/2
ip-0A23040E:49904:50534 [2] NCCL INFO Channel 01/0 : 13[300000] -> 14[300000] [receive] via NET/IBext/2
ip-0A23040F:66477:67122 [2] NCCL INFO Channel 01/0 : 1[300000] -> 2[300000] [send] via NET/IBext/2
ip-0A23041D:5492:6123 [2] NCCL INFO Channel 01/0 : 10[300000] -> 11[300000] [send] via NET/IBext/2
ip-0A23040E:49904:50534 [2] NCCL INFO Channel 00/0 : 14[300000] -> 15[300000] [send] via NET/IBext/2
ip-0A23040B:23860:24480 [2] NCCL INFO Channel 01/0 : 12[300000] -> 13[300000] [receive] via NET/IBext/2
ip-0A23040B:23860:24480 [2] NCCL INFO Channel 00/0 : 13[300000] -> 14[300000] [send] via NET/IBext/2
ip-0A23040C:48753:49381 [2] NCCL INFO Channel 01/0 : 14[300000] -> 15[300000] [receive] via NET/IBext/2
ip-0A23040C:48753:49381 [2] NCCL INFO Channel 00/0 : 15[300000] -> 0[300000] [send] via NET/IBext/2
ip-0A23040E:49904:50534 [2] NCCL INFO Channel 01/0 : 14[300000] -> 15[300000] [send] via NET/IBext/2
ip-0A23040C:48753:49381 [2] NCCL INFO Channel 01/0 : 15[300000] -> 0[300000] [send] via NET/IBext/2
ip-0A23040B:23860:24480 [2] NCCL INFO Channel 01/0 : 13[300000] -> 14[300000] [send] via NET/IBext/2
ip-0A23040C:48753:49381 [2] NCCL INFO Connected all rings
ip-0A230408:50834:51453 [2] NCCL INFO Connected all rings
ip-0A23041A:97378:98011 [2] NCCL INFO Connected all rings
ip-0A230412:7450:8074 [2] NCCL INFO Connected all rings
ip-0A230407:40113:40737 [2] NCCL INFO Connected all rings
ip-0A230414:3525:4161 [2] NCCL INFO Connected all rings
ip-0A230410:38041:38664 [2] NCCL INFO Connected all rings
ip-0A230405:1981:2637 [2] NCCL INFO Connected all rings
ip-0A230406:86073:86694 [2] NCCL INFO Connected all rings
ip-0A23040B:23860:24480 [2] NCCL INFO Connected all rings
ip-0A230417:40473:41083 [2] NCCL INFO Connected all rings
ip-0A230413:50941:51564 [2] NCCL INFO Connected all rings
ip-0A23040D:10044:10679 [2] NCCL INFO Connected all rings
ip-0A23040F:66477:67122 [2] NCCL INFO Connected all rings
ip-0A23040E:49904:50534 [2] NCCL INFO Connected all rings
ip-0A23041D:5492:6123 [2] NCCL INFO Connected all rings
ip-0A23040C:48753:49381 [2] NCCL INFO Channel 01/0 : 7[300000] -> 15[300000] [receive] via NET/IBext/2
ip-0A23040C:48753:49381 [2] NCCL INFO Channel 01/0 : 15[300000] -> 7[300000] [send] via NET/IBext/2
ip-0A230412:7450:8074 [2] NCCL INFO Channel 01/0 : 1[300000] -> 3[300000] [receive] via NET/IBext/2
ip-0A23041A:97378:98011 [2] NCCL INFO Channel 01/0 : 9[300000] -> 11[300000] [send] via NET/IBext/2
ip-0A230408:50834:51453 [2] NCCL INFO Channel 00/0 : 4[300000] -> 8[300000] [receive] via NET/IBext/2
ip-0A230412:7450:8074 [2] NCCL INFO Channel 01/0 : 3[300000] -> 5[300000] [send] via NET/IBext/2
ip-0A230410:38041:38664 [2] NCCL INFO Channel 00/0 : 2[300000] -> 4[300000] [send] via NET/IBext/2
ip-0A230408:50834:51453 [2] NCCL INFO Channel 00/0 : 8[300000] -> 12[300000] [send] via NET/IBext/2
ip-0A230405:1981:2637 [2] NCCL INFO Channel 01/0 : 9[300000] -> 11[300000] [receive] via NET/IBext/2
ip-0A23040E:49904:50534 [2] NCCL INFO Channel 00/0 : 12[300000] -> 14[300000] [receive] via NET/IBext/2
ip-0A230405:1981:2637 [2] NCCL INFO Channel 01/0 : 11[300000] -> 13[300000] [send] via NET/IBext/2
ip-0A230417:40473:41083 [2] NCCL INFO Channel 00/0 : 4[300000] -> 6[300000] [receive] via NET/IBext/2
ip-0A230406:86073:86694 [2] NCCL INFO Channel 01/0 : 3[300000] -> 7[300000] [receive] via NET/IBext/2
ip-0A23040D:10044:10679 [2] NCCL INFO Channel 00/0 : 8[300000] -> 0[300000] [receive] via NET/IBext/2
ip-0A230406:86073:86694 [2] NCCL INFO Channel 01/0 : 7[300000] -> 11[300000] [send] via NET/IBext/2
ip-0A23040D:10044:10679 [2] NCCL INFO Channel 00/0 : 0[300000] -> 8[300000] [send] via NET/IBext/2
ip-0A230413:50941:51564 [2] NCCL INFO Channel 00/0 : 2[300000] -> 4[300000] [receive] via NET/IBext/2
ip-0A230413:50941:51564 [2] NCCL INFO Channel 00/0 : 4[300000] -> 6[300000] [send] via NET/IBext/2
ip-0A23040B:23860:24480 [2] NCCL INFO Channel 01/0 : 11[300000] -> 13[300000] [receive] via NET/IBext/2
ip-0A23040F:66477:67122 [2] NCCL INFO Channel 01/0 : 1[300000] -> 3[300000] [send] via NET/IBext/2
ip-0A230414:3525:4161 [2] NCCL INFO Channel 01/0 : 3[300000] -> 5[300000] [receive] via NET/IBext/2
ip-0A230407:40113:40737 [2] NCCL INFO Channel 00/0 : 10[300000] -> 12[300000] [receive] via NET/IBext/2
ip-0A230407:40113:40737 [2] NCCL INFO Channel 00/0 : 12[300000] -> 14[300000] [send] via NET/IBext/2
ip-0A23041D:5492:6123 [2] NCCL INFO Channel 00/0 : 10[300000] -> 12[300000] [send] via NET/IBext/2
ip-0A23041A:97378:98011 [2] NCCL INFO Channel 01/0 : 11[300000] -> 9[300000] [receive] via NET/IBext/2
ip-0A230410:38041:38664 [2] NCCL INFO Channel 00/0 : 4[300000] -> 2[300000] [receive] via NET/IBext/2
ip-0A23040F:66477:67122 [2] NCCL INFO Channel 01/0 : 3[300000] -> 1[300000] [receive] via NET/IBext/2
ip-0A23040B:23860:24480 [2] NCCL INFO Channel 01/0 : 13[300000] -> 11[300000] [send] via NET/IBext/2
ip-0A230417:40473:41083 [2] NCCL INFO Channel 00/0 : 6[300000] -> 4[300000] [send] via NET/IBext/2
ip-0A230414:3525:4161 [2] NCCL INFO Channel 01/0 : 5[300000] -> 3[300000] [send] via NET/IBext/2
ip-0A23041D:5492:6123 [2] NCCL INFO Channel 00/0 : 12[300000] -> 10[300000] [receive] via NET/IBext/2
ip-0A23040E:49904:50534 [2] NCCL INFO Channel 00/0 : 14[300000] -> 12[300000] [send] via NET/IBext/2
ip-0A230405:1981:2637 [2] NCCL INFO Channel 01/0 : 7[300000] -> 11[300000] [receive] via NET/IBext/2
ip-0A230413:50941:51564 [2] NCCL INFO Channel 00/0 : 4[300000] -> 8[300000] [send] via NET/IBext/2
ip-0A230412:7450:8074 [2] NCCL INFO Channel 01/0 : 3[300000] -> 7[300000] [send] via NET/IBext/2
ip-0A230413:50941:51564 [2] NCCL INFO Channel 00/0 : 8[300000] -> 4[300000] [receive] via NET/IBext/2
ip-0A230407:40113:40737 [2] NCCL INFO Channel 00/0 : 8[300000] -> 12[300000] [receive] via NET/IBext/2
ip-0A230412:7450:8074 [2] NCCL INFO Channel 01/0 : 7[300000] -> 3[300000] [receive] via NET/IBext/2
ip-0A230405:1981:2637 [2] NCCL INFO Channel 01/0 : 11[300000] -> 7[300000] [send] via NET/IBext/2
ip-0A230407:40113:40737 [2] NCCL INFO Channel 00/0 : 12[300000] -> 8[300000] [send] via NET/IBext/2
ip-0A230406:86073:86694 [2] NCCL INFO Channel 01/0 : 15[300000] -> 7[300000] [receive] via NET/IBext/2
ip-0A230406:86073:86694 [2] NCCL INFO Channel 01/0 : 7[300000] -> 15[300000] [send] via NET/IBext/2
ip-0A230408:50834:51453 [2] NCCL INFO Channel 00/0 : 0[300000] -> 8[300000] [receive] via NET/IBext/2
ip-0A230408:50834:51453 [2] NCCL INFO Channel 00/0 : 8[300000] -> 0[300000] [send] via NET/IBext/2
ip-0A230408:50834:51453 [2] NCCL INFO Channel 00/0 : 12[300000] -> 8[300000] [receive] via NET/IBext/2
ip-0A230408:50834:51453 [2] NCCL INFO Channel 00/0 : 8[300000] -> 4[300000] [send] via NET/IBext/2
ip-0A23040C:48753:49381 [2] NCCL INFO Channel 00/0 : 15[300000] -> 14[300000] [send] via NET/IBext/2
ip-0A230406:86073:86694 [2] NCCL INFO Channel 01/0 : 11[300000] -> 7[300000] [receive] via NET/IBext/2
ip-0A230406:86073:86694 [2] NCCL INFO Channel 01/0 : 7[300000] -> 3[300000] [send] via NET/IBext/2
ip-0A23040D:10044:10679 [2] NCCL INFO Channel 01/0 : 1[300000] -> 0[300000] [receive] via NET/IBext/2
ip-0A230407:40113:40737 [2] NCCL INFO Channel 00/0 : 14[300000] -> 12[300000] [receive] via NET/IBext/2
ip-0A230407:40113:40737 [2] NCCL INFO Channel 00/0 : 12[300000] -> 10[300000] [send] via NET/IBext/2
ip-0A230405:1981:2637 [2] NCCL INFO Channel 01/0 : 13[300000] -> 11[300000] [receive] via NET/IBext/2
ip-0A230405:1981:2637 [2] NCCL INFO Channel 01/0 : 11[300000] -> 9[300000] [send] via NET/IBext/2
ip-0A230413:50941:51564 [2] NCCL INFO Channel 00/0 : 6[300000] -> 4[300000] [receive] via NET/IBext/2
ip-0A230413:50941:51564 [2] NCCL INFO Channel 00/0 : 4[300000] -> 2[300000] [send] via NET/IBext/2
ip-0A230408:50834:51453 [2] NCCL INFO Channel 01/0 : 9[300000] -> 8[300000] [receive] via NET/IBext/2
ip-0A230412:7450:8074 [2] NCCL INFO Channel 01/0 : 5[300000] -> 3[300000] [receive] via NET/IBext/2
ip-0A230412:7450:8074 [2] NCCL INFO Channel 01/0 : 3[300000] -> 1[300000] [send] via NET/IBext/2
ip-0A230406:86073:86694 [2] NCCL INFO Channel 00/0 : 7[300000] -> 6[300000] [send] via NET/IBext/2
ip-0A23040B:23860:24480 [2] NCCL INFO Channel 00/0 : 14[300000] -> 13[300000] [receive] via NET/IBext/2
ip-0A23040B:23860:24480 [2] NCCL INFO Channel 01/0 : 14[300000] -> 13[300000] [receive] via NET/IBext/2
ip-0A23040B:23860:24480 [2] NCCL INFO Channel 01/0 : 13[300000] -> 12[300000] [send] via NET/IBext/2
ip-0A23041D:5492:6123 [2] NCCL INFO Channel 00/0 : 11[300000] -> 10[300000] [receive] via NET/IBext/2
ip-0A23041D:5492:6123 [2] NCCL INFO Channel 00/0 : 10[300000] -> 9[300000] [send] via NET/IBext/2
ip-0A23041D:5492:6123 [2] NCCL INFO Channel 01/0 : 10[300000] -> 9[300000] [send] via NET/IBext/2
ip-0A23041A:97378:98011 [2] NCCL INFO Channel 00/0 : 10[300000] -> 9[300000] [receive] via NET/IBext/2
ip-0A230407:40113:40737 [2] NCCL INFO Channel 01/0 : 13[300000] -> 12[300000] [receive] via NET/IBext/2
ip-0A230417:40473:41083 [2] NCCL INFO Channel 00/0 : 7[300000] -> 6[300000] [receive] via NET/IBext/2
ip-0A230417:40473:41083 [2] NCCL INFO Channel 00/0 : 6[300000] -> 5[300000] [send] via NET/IBext/2
ip-0A230417:40473:41083 [2] NCCL INFO Channel 01/0 : 6[300000] -> 5[300000] [send] via NET/IBext/2
ip-0A230405:1981:2637 [2] NCCL INFO Channel 00/0 : 11[300000] -> 10[300000] [send] via NET/IBext/2
ip-0A23040E:49904:50534 [2] NCCL INFO Channel 00/0 : 15[300000] -> 14[300000] [receive] via NET/IBext/2
ip-0A23040E:49904:50534 [2] NCCL INFO Channel 00/0 : 14[300000] -> 13[300000] [send] via NET/IBext/2
ip-0A23040E:49904:50534 [2] NCCL INFO Channel 01/0 : 14[300000] -> 13[300000] [send] via NET/IBext/2
ip-0A230413:50941:51564 [2] NCCL INFO Channel 01/0 : 5[300000] -> 4[300000] [receive] via NET/IBext/2
ip-0A230414:3525:4161 [2] NCCL INFO Channel 00/0 : 6[300000] -> 5[300000] [receive] via NET/IBext/2
ip-0A230414:3525:4161 [2] NCCL INFO Channel 01/0 : 6[300000] -> 5[300000] [receive] via NET/IBext/2
ip-0A230414:3525:4161 [2] NCCL INFO Channel 01/0 : 5[300000] -> 4[300000] [send] via NET/IBext/2
ip-0A230406:86073:86694 [2] NCCL INFO Connected all trees
ip-0A230406:86073:86694 [2] NCCL INFO CollNet 00 : 7 [receive] via COLLNET/SHARP/2
ip-0A230410:38041:38664 [2] NCCL INFO Channel 00/0 : 3[300000] -> 2[300000] [receive] via NET/IBext/2
ip-0A230410:38041:38664 [2] NCCL INFO Channel 00/0 : 2[300000] -> 1[300000] [send] via NET/IBext/2
ip-0A230410:38041:38664 [2] NCCL INFO Channel 01/0 : 2[300000] -> 1[300000] [send] via NET/IBext/2
ip-0A230405:1981:2637 [2] NCCL INFO Connected all trees
ip-0A23040F:66477:67122 [2] NCCL INFO Channel 00/0 : 2[300000] -> 1[300000] [receive] via NET/IBext/2
ip-0A23040F:66477:67122 [2] NCCL INFO Channel 01/0 : 2[300000] -> 1[300000] [receive] via NET/IBext/2
ip-0A23040F:66477:67122 [2] NCCL INFO Channel 01/0 : 1[300000] -> 0[300000] [send] via NET/IBext/2
ip-0A23040C:48753:49381 [2] NCCL INFO Connected all trees
ip-0A23040C:48753:49381 [2] NCCL INFO CollNet 00 : 15 [receive] via COLLNET/SHARP/2
ip-0A230407:40113:40737 [2] NCCL INFO Connected all trees
ip-0A230407:40113:40737 [2] NCCL INFO CollNet 00 : 12 [receive] via COLLNET/SHARP/2
ip-0A230412:7450:8074 [2] NCCL INFO Channel 00/0 : 3[300000] -> 2[300000] [send] via NET/IBext/2
ip-0A230413:50941:51564 [2] NCCL INFO Connected all trees
ip-0A230413:50941:51564 [2] NCCL INFO CollNet 00 : 4 [receive] via COLLNET/SHARP/2
ip-0A230412:7450:8074 [2] NCCL INFO Connected all trees
ip-0A23040E:49904:50534 [2] NCCL INFO Connected all trees
ip-0A23040B:23860:24480 [2] NCCL INFO Connected all trees
ip-0A230417:40473:41083 [2] NCCL INFO Connected all trees
ip-0A230414:3525:4161 [2] NCCL INFO Connected all trees
ip-0A23040D:10044:10679 [2] NCCL INFO Connected all trees
ip-0A23040D:10044:10679 [2] NCCL INFO CollNet 00 : 0 [receive] via COLLNET/SHARP/2
ip-0A23040F:66477:67122 [2] NCCL INFO Connected all trees
ip-0A230410:38041:38664 [2] NCCL INFO Connected all trees
ip-0A23041A:97378:98011 [2] NCCL INFO Channel 01/0 : 10[300000] -> 9[300000] [receive] via NET/IBext/2
ip-0A23041A:97378:98011 [2] NCCL INFO Channel 01/0 : 9[300000] -> 8[300000] [send] via NET/IBext/2
ip-0A230405:1981:2637 [2] NCCL INFO CollNet 00 : 11 [receive] via COLLNET/SHARP/2
ip-0A230408:50834:51453 [2] NCCL INFO Connected all trees
ip-0A230408:50834:51453 [2] NCCL INFO CollNet 00 : 8 [receive] via COLLNET/SHARP/2
ip-0A23040B:23860:24480 [2] NCCL INFO CollNet 00 : 13 [receive] via COLLNET/SHARP/2
ip-0A230412:7450:8074 [2] NCCL INFO CollNet 00 : 3 [receive] via COLLNET/SHARP/2
ip-0A23040E:49904:50534 [2] NCCL INFO CollNet 00 : 14 [receive] via COLLNET/SHARP/2
ip-0A230417:40473:41083 [2] NCCL INFO CollNet 00 : 6 [receive] via COLLNET/SHARP/2
ip-0A23041D:5492:6123 [2] NCCL INFO Connected all trees
ip-0A230414:3525:4161 [2] NCCL INFO CollNet 00 : 5 [receive] via COLLNET/SHARP/2
ip-0A23041A:97378:98011 [2] NCCL INFO Connected all trees
ip-0A23040F:66477:67122 [2] NCCL INFO CollNet 00 : 1 [receive] via COLLNET/SHARP/2
ip-0A230410:38041:38664 [2] NCCL INFO CollNet 00 : 2 [receive] via COLLNET/SHARP/2
ip-0A23041D:5492:6123 [2] NCCL INFO CollNet 00 : 10 [receive] via COLLNET/SHARP/2
ip-0A23041A:97378:98011 [2] NCCL INFO CollNet 00 : 9 [receive] via COLLNET/SHARP/2
ip-0A23041A:97378:98012 [2] NCCL INFO NCCL_SHARP_GROUP_SIZE_THRESH set by environment to 16.
ip-0A23041D:5492:6124 [2] NCCL INFO NCCL_SHARP_GROUP_SIZE_THRESH set by environment to 16.
ip-0A230405:1981:2638 [2] NCCL INFO NCCL_SHARP_GROUP_SIZE_THRESH set by environment to 16.
ip-0A230407:40113:40738 [2] NCCL INFO NCCL_SHARP_GROUP_SIZE_THRESH set by environment to 16.
ip-0A23040B:23860:24481 [2] NCCL INFO NCCL_SHARP_GROUP_SIZE_THRESH set by environment to 16.
ip-0A23040E:49904:50535 [2] NCCL INFO NCCL_SHARP_GROUP_SIZE_THRESH set by environment to 16.
ip-0A23040D:10044:10680 [2] NCCL INFO NCCL_SHARP_GROUP_SIZE_THRESH set by environment to 16.
ip-0A23040C:48753:49382 [2] NCCL INFO NCCL_SHARP_GROUP_SIZE_THRESH set by environment to 16.
ip-0A23040F:66477:67123 [2] NCCL INFO NCCL_SHARP_GROUP_SIZE_THRESH set by environment to 16.
ip-0A230410:38041:38665 [2] NCCL INFO NCCL_SHARP_GROUP_SIZE_THRESH set by environment to 16.
ip-0A230412:7450:8075 [2] NCCL INFO NCCL_SHARP_GROUP_SIZE_THRESH set by environment to 16.
ip-0A230413:50941:51565 [2] NCCL INFO NCCL_SHARP_GROUP_SIZE_THRESH set by environment to 16.
ip-0A230414:3525:4162 [2] NCCL INFO NCCL_SHARP_GROUP_SIZE_THRESH set by environment to 16.
ip-0A230417:40473:41084 [2] NCCL INFO NCCL_SHARP_GROUP_SIZE_THRESH set by environment to 16.
ip-0A230406:86073:86695 [2] NCCL INFO NCCL_SHARP_GROUP_SIZE_THRESH set by environment to 16.
ip-0A230408:50834:51454 [2] NCCL INFO NCCL_SHARP_GROUP_SIZE_THRESH set by environment to 16.
[ip-0A23040D:0:10044 - context.c:584] INFO job (ID: 2524863180885112693) resource request quota: ( osts:0 user_data_per_ost:0 max_groups:0 max_qps:1 max_group_channels:1, num_trees:1)
[ip-0A23040D:0:10044 unique id 0] ERROR No Aggregation Manager (sharp_am) detected in sharp_create_job.

[ip-0A23040D:0:10044 - context.c:601] ERROR sharp_create_job failed: No Aggregation Manager (sharp_am) detected(-52)
ip-0A23040C:48753:49382 [2] NCCL INFO Sharp rank 15/16 initialized on mlx5_ib2:1

ip-0A23040C:48753:49382 [2] sharp_plugin.c:288 NCCL WARN NET/IB :SHARP coll init error: Cannot create SHArP job(-11)

ip-0A23040C:48753:49382 [2] NCCL INFO include/coll_net.h:21 -> 3
ip-0A230413:50941:51565 [2] NCCL INFO Sharp rank 4/16 initialized on mlx5_ib2:1

ip-0A230413:50941:51565 [2] sharp_plugin.c:288 NCCL WARN NET/IB :SHARP coll init error: Cannot create SHArP job(-11)

ip-0A230413:50941:51565 [2] NCCL INFO include/coll_net.h:21 -> 3
ip-0A230410:38041:38665 [2] NCCL INFO Sharp rank 2/16 initialized on mlx5_ib2:1

ip-0A230410:38041:38665 [2] sharp_plugin.c:288 NCCL WARN NET/IB :SHARP coll init error: Cannot create SHArP job(-11)

ip-0A230410:38041:38665 [2] NCCL INFO include/coll_net.h:21 -> 3
ip-0A230407:40113:40738 [2] NCCL INFO Sharp rank 12/16 initialized on mlx5_ib2:1

ip-0A230407:40113:40738 [2] sharp_plugin.c:288 NCCL WARN NET/IB :SHARP coll init error: Cannot create SHArP job(-11)

ip-0A230407:40113:40738 [2] NCCL INFO include/coll_net.h:21 -> 3
ip-0A230417:40473:41084 [2] NCCL INFO Sharp rank 6/16 initialized on mlx5_ib2:1

ip-0A230417:40473:41084 [2] sharp_plugin.c:288 NCCL WARN NET/IB :SHARP coll init error: Cannot create SHArP job(-11)

ip-0A230417:40473:41084 [2] NCCL INFO include/coll_net.h:21 -> 3
ip-0A23040F:66477:67123 [2] NCCL INFO Sharp rank 1/16 initialized on mlx5_ib2:1

ip-0A23040F:66477:67123 [2] sharp_plugin.c:288 NCCL WARN NET/IB :SHARP coll init error: Cannot create SHArP job(-11)

ip-0A23040F:66477:67123 [2] NCCL INFO include/coll_net.h:21 -> 3
ip-0A230405:1981:2638 [2] NCCL INFO Sharp rank 11/16 initialized on mlx5_ib2:1

ip-0A230405:1981:2638 [2] sharp_plugin.c:288 NCCL WARN NET/IB :SHARP coll init error: Cannot create SHArP job(-11)

ip-0A230405:1981:2638 [2] NCCL INFO include/coll_net.h:21 -> 3
ip-0A23040E:49904:50535 [2] NCCL INFO Sharp rank 14/16 initialized on mlx5_ib2:1

ip-0A23040E:49904:50535 [2] sharp_plugin.c:288 NCCL WARN NET/IB :SHARP coll init error: Cannot create SHArP job(-11)

ip-0A23040E:49904:50535 [2] NCCL INFO include/coll_net.h:21 -> 3
ip-0A230414:3525:4162 [2] NCCL INFO Sharp rank 5/16 initialized on mlx5_ib2:1

ip-0A230414:3525:4162 [2] sharp_plugin.c:288 NCCL WARN NET/IB :SHARP coll init error: Cannot create SHArP job(-11)

ip-0A230414:3525:4162 [2] NCCL INFO include/coll_net.h:21 -> 3
ip-0A230412:7450:8075 [2] NCCL INFO Sharp rank 3/16 initialized on mlx5_ib2:1

ip-0A230412:7450:8075 [2] sharp_plugin.c:288 NCCL WARN NET/IB :SHARP coll init error: Cannot create SHArP job(-11)

ip-0A230412:7450:8075 [2] NCCL INFO include/coll_net.h:21 -> 3
ip-0A23041D:5492:6124 [2] NCCL INFO Sharp rank 10/16 initialized on mlx5_ib2:1

ip-0A23041D:5492:6124 [2] sharp_plugin.c:288 NCCL WARN NET/IB :SHARP coll init error: Cannot create SHArP job(-11)

ip-0A23041D:5492:6124 [2] NCCL INFO include/coll_net.h:21 -> 3
ip-0A23040B:23860:24481 [2] NCCL INFO Sharp rank 13/16 initialized on mlx5_ib2:1

ip-0A23040B:23860:24481 [2] sharp_plugin.c:288 NCCL WARN NET/IB :SHARP coll init error: Cannot create SHArP job(-11)

ip-0A23040B:23860:24481 [2] NCCL INFO include/coll_net.h:21 -> 3
ip-0A23041A:97378:98012 [2] NCCL INFO Sharp rank 9/16 initialized on mlx5_ib2:1

