ip-0A230412:35810:36395 [0] transport.cc:253 NCCL WARN Cannot initialize CollNet, using point-to-point network instead
ip-0A230405:31113:31707 [0] NCCL INFO 2 coll channels, 2 p2p channels, 2 p2p channels per peer
ip-0A230412:35810:36395 [0] NCCL INFO init.cc:765 -> 2
ip-0A230412:35810:36395 [0] NCCL INFO threadThresholds 8/8/64 | 128/8/64 | 8/8/512
ip-0A230413:79632:80223 [0] NCCL INFO transport.cc:222 -> 2

ip-0A230413:79632:80223 [0] transport.cc:253 NCCL WARN Cannot initialize CollNet, using point-to-point network instead
ip-0A230413:79632:80223 [0] NCCL INFO init.cc:765 -> 2
ip-0A230412:35810:36395 [0] NCCL INFO 2 coll channels, 2 p2p channels, 2 p2p channels per peer
ip-0A230413:79632:80223 [0] NCCL INFO threadThresholds 8/8/64 | 128/8/64 | 8/8/512
ip-0A230413:79632:80223 [0] NCCL INFO 2 coll channels, 2 p2p channels, 2 p2p channels per peer
ip-0A23041D:34096:34694 [0] NCCL INFO transport.cc:222 -> 2

ip-0A23041D:34096:34694 [0] transport.cc:253 NCCL WARN Cannot initialize CollNet, using point-to-point network instead
ip-0A23041D:34096:34694 [0] NCCL INFO init.cc:765 -> 2
ip-0A23041D:34096:34694 [0] NCCL INFO threadThresholds 8/8/64 | 128/8/64 | 8/8/512
ip-0A23041D:34096:34694 [0] NCCL INFO 2 coll channels, 2 p2p channels, 2 p2p channels per peer
ip-0A230407:68775:69364 [0] NCCL INFO transport.cc:222 -> 2

ip-0A230407:68775:69364 [0] transport.cc:253 NCCL WARN Cannot initialize CollNet, using point-to-point network instead
ip-0A230407:68775:69364 [0] NCCL INFO init.cc:765 -> 2
ip-0A230407:68775:69364 [0] NCCL INFO threadThresholds 8/8/64 | 128/8/64 | 8/8/512
ip-0A230407:68775:69364 [0] NCCL INFO 2 coll channels, 2 p2p channels, 2 p2p channels per peer
ip-0A23041A:28390:28990 [0] NCCL INFO comm 0x154478008fb0 rank 9 nranks 16 cudaDev 0 busId 100000 - Init COMPLETE
ip-0A230414:32798:33393 [0] NCCL INFO comm 0x14c738008fb0 rank 5 nranks 16 cudaDev 0 busId 100000 - Init COMPLETE
ip-0A230410:66492:67118 [0] NCCL INFO comm 0x14e698008fb0 rank 2 nranks 16 cudaDev 0 busId 100000 - Init COMPLETE
ip-0A23040B:52251:52857 [0] NCCL INFO comm 0x1513ec008fb0 rank 13 nranks 16 cudaDev 0 busId 100000 - Init COMPLETE
ip-0A230417:68918:69512 [0] NCCL INFO comm 0x14b8cc008fb0 rank 6 nranks 16 cudaDev 0 busId 100000 - Init COMPLETE
ip-0A23041D:34096:34694 [0] NCCL INFO comm 0x154ad0008fb0 rank 10 nranks 16 cudaDev 0 busId 100000 - Init COMPLETE
ip-0A23040E:78781:79375 [0] NCCL INFO comm 0x1524e0008fb0 rank 14 nranks 16 cudaDev 0 busId 100000 - Init COMPLETE
ip-0A230413:79632:80223 [0] NCCL INFO comm 0x14cc74008fb0 rank 4 nranks 16 cudaDev 0 busId 100000 - Init COMPLETE
ip-0A23040C:77177:77767 [0] NCCL INFO comm 0x14c6f8008fb0 rank 15 nranks 16 cudaDev 0 busId 100000 - Init COMPLETE
ip-0A230412:35810:36395 [0] NCCL INFO comm 0x1507bc008fb0 rank 3 nranks 16 cudaDev 0 busId 100000 - Init COMPLETE
ip-0A23040F:95086:95673 [0] NCCL INFO comm 0x14a2d0008fb0 rank 1 nranks 16 cudaDev 0 busId 100000 - Init COMPLETE
ip-0A230405:31113:31707 [0] NCCL INFO comm 0x151718008fb0 rank 11 nranks 16 cudaDev 0 busId 100000 - Init COMPLETE
ip-0A230408:77924:78521 [0] NCCL INFO comm 0x14b7a4008fb0 rank 8 nranks 16 cudaDev 0 busId 100000 - Init COMPLETE
ip-0A230406:16396:16989 [0] NCCL INFO comm 0x148698008fb0 rank 7 nranks 16 cudaDev 0 busId 100000 - Init COMPLETE
ip-0A230407:68775:69364 [0] NCCL INFO comm 0x147304008fb0 rank 12 nranks 16 cudaDev 0 busId 100000 - Init COMPLETE
ip-0A23040D:42184:42785 [0] NCCL INFO Sharp rank 0/16 initialized on mlx5_ib0:1

ip-0A23040D:42184:42785 [0] sharp_plugin.c:288 NCCL WARN NET/IB :SHARP coll init error: Cannot create SHArP job(-11)

ip-0A23040D:42184:42785 [0] NCCL INFO include/coll_net.h:21 -> 3
ip-0A23040D:42184:42783 [0] NCCL INFO transport.cc:222 -> 2

ip-0A23040D:42184:42783 [0] transport.cc:253 NCCL WARN Cannot initialize CollNet, using point-to-point network instead
ip-0A23040D:42184:42783 [0] NCCL INFO init.cc:765 -> 2
ip-0A23040D:42184:42783 [0] NCCL INFO threadThresholds 8/8/64 | 128/8/64 | 8/8/512
ip-0A23040D:42184:42783 [0] NCCL INFO 2 coll channels, 2 p2p channels, 2 p2p channels per peer
ip-0A23040D:42184:42783 [0] NCCL INFO comm 0x1492d0008fb0 rank 0 nranks 16 cudaDev 0 busId 100000 - Init COMPLETE
ip-0A23040D:42184:42184 [0] NCCL INFO Launch mode Parallel
ip-0A23040D:42178:42178 [1] NCCL INFO Bootstrap : Using eth0:10.35.4.13<0>
ip-0A23040D:42178:42178 [1] NCCL INFO NET/Plugin: Failed to find ncclNetPlugin_v5 symbol.
ip-0A23040D:42178:42178 [1] NCCL INFO NET/Plugin: Failed to find ncclCollNetPlugin_v5 symbol.
ip-0A23040D:42178:42178 [1] NCCL INFO Plugin Path : /opt/hpcx/nccl_rdma_sharp_plugin/lib/libnccl-net.so
ip-0A23040D:42178:42178 [1] NCCL INFO P2P plugin IBext
ip-0A23040D:42178:42178 [1] NCCL INFO NCCL_IB_PCI_RELAXED_ORDERING set by environment to 1.
ip-0A23040D:42178:42178 [1] NCCL INFO NET/IB : Using [0]mlx5_ib0:1/IB/SHARP [1]mlx5_ib1:1/IB/SHARP [2]mlx5_ib2:1/IB/SHARP [3]mlx5_ib3:1/IB/SHARP [4]mlx5_ib4:1/IB/SHARP [5]mlx5_ib5:1/IB/SHARP [6]mlx5_ib6:1/IB/SHARP [7]mlx5_ib7:1/IB/SHARP ; OOB eth0:10.35.4.13<0>
ip-0A23040D:42178:42178 [1] NCCL INFO Using network IBext
NCCL version 2.12.10+cuda11.6
ip-0A230412:35809:35809 [1] NCCL INFO Bootstrap : Using eth0:10.35.4.18<0>
ip-0A230407:68769:68769 [1] NCCL INFO Bootstrap : Using eth0:10.35.4.7<0>
ip-0A230408:77926:77926 [1] NCCL INFO Bootstrap : Using eth0:10.35.4.8<0>
ip-0A23040C:77181:77181 [1] NCCL INFO Bootstrap : Using eth0:10.35.4.12<0>
ip-0A23040B:52267:52267 [1] NCCL INFO Bootstrap : Using eth0:10.35.4.11<0>
ip-0A23040F:95093:95093 [1] NCCL INFO Bootstrap : Using eth0:10.35.4.15<0>
ip-0A23040E:78777:78777 [1] NCCL INFO Bootstrap : Using eth0:10.35.4.14<0>
ip-0A230410:66495:66495 [1] NCCL INFO Bootstrap : Using eth0:10.35.4.16<0>
ip-0A230413:79637:79637 [1] NCCL INFO Bootstrap : Using eth0:10.35.4.19<0>
ip-0A230405:31109:31109 [1] NCCL INFO Bootstrap : Using eth0:10.35.4.5<0>
ip-0A23041A:28391:28391 [1] NCCL INFO Bootstrap : Using eth0:10.35.4.26<0>
ip-0A230406:16398:16398 [1] NCCL INFO Bootstrap : Using eth0:10.35.4.6<0>
ip-0A23041D:34094:34094 [1] NCCL INFO Bootstrap : Using eth0:10.35.4.29<0>
ip-0A230414:32795:32795 [1] NCCL INFO Bootstrap : Using eth0:10.35.4.20<0>
ip-0A230417:68919:68919 [1] NCCL INFO Bootstrap : Using eth0:10.35.4.23<0>
ip-0A23040B:52267:52267 [1] NCCL INFO NET/Plugin: Failed to find ncclNetPlugin_v5 symbol.
ip-0A23040B:52267:52267 [1] NCCL INFO NET/Plugin: Failed to find ncclCollNetPlugin_v5 symbol.
ip-0A23040B:52267:52267 [1] NCCL INFO Plugin Path : /opt/hpcx/nccl_rdma_sharp_plugin/lib/libnccl-net.so
ip-0A23040B:52267:52267 [1] NCCL INFO P2P plugin IBext
ip-0A23040B:52267:52267 [1] NCCL INFO NCCL_IB_PCI_RELAXED_ORDERING set by environment to 1.
ip-0A23041A:28391:28391 [1] NCCL INFO NET/Plugin: Failed to find ncclNetPlugin_v5 symbol.
ip-0A23041A:28391:28391 [1] NCCL INFO NET/Plugin: Failed to find ncclCollNetPlugin_v5 symbol.
ip-0A23040C:77181:77181 [1] NCCL INFO NET/Plugin: Failed to find ncclNetPlugin_v5 symbol.
ip-0A23040C:77181:77181 [1] NCCL INFO NET/Plugin: Failed to find ncclCollNetPlugin_v5 symbol.
ip-0A23040C:77181:77181 [1] NCCL INFO Plugin Path : /opt/hpcx/nccl_rdma_sharp_plugin/lib/libnccl-net.so
ip-0A23040C:77181:77181 [1] NCCL INFO P2P plugin IBext
ip-0A23040C:77181:77181 [1] NCCL INFO NCCL_IB_PCI_RELAXED_ORDERING set by environment to 1.
ip-0A23041A:28391:28391 [1] NCCL INFO Plugin Path : /opt/hpcx/nccl_rdma_sharp_plugin/lib/libnccl-net.so
ip-0A23041A:28391:28391 [1] NCCL INFO P2P plugin IBext
ip-0A230412:35809:35809 [1] NCCL INFO NET/Plugin: Failed to find ncclNetPlugin_v5 symbol.
ip-0A230412:35809:35809 [1] NCCL INFO NET/Plugin: Failed to find ncclCollNetPlugin_v5 symbol.
ip-0A23041A:28391:28391 [1] NCCL INFO NCCL_IB_PCI_RELAXED_ORDERING set by environment to 1.
ip-0A230412:35809:35809 [1] NCCL INFO Plugin Path : /opt/hpcx/nccl_rdma_sharp_plugin/lib/libnccl-net.so
ip-0A230412:35809:35809 [1] NCCL INFO P2P plugin IBext
ip-0A230412:35809:35809 [1] NCCL INFO NCCL_IB_PCI_RELAXED_ORDERING set by environment to 1.
ip-0A23040F:95093:95093 [1] NCCL INFO NET/Plugin: Failed to find ncclNetPlugin_v5 symbol.
ip-0A23040F:95093:95093 [1] NCCL INFO NET/Plugin: Failed to find ncclCollNetPlugin_v5 symbol.
ip-0A23040F:95093:95093 [1] NCCL INFO Plugin Path : /opt/hpcx/nccl_rdma_sharp_plugin/lib/libnccl-net.so
ip-0A23040F:95093:95093 [1] NCCL INFO P2P plugin IBext
ip-0A23040F:95093:95093 [1] NCCL INFO NCCL_IB_PCI_RELAXED_ORDERING set by environment to 1.
ip-0A230410:66495:66495 [1] NCCL INFO NET/Plugin: Failed to find ncclNetPlugin_v5 symbol.
ip-0A230410:66495:66495 [1] NCCL INFO NET/Plugin: Failed to find ncclCollNetPlugin_v5 symbol.
ip-0A230410:66495:66495 [1] NCCL INFO Plugin Path : /opt/hpcx/nccl_rdma_sharp_plugin/lib/libnccl-net.so
ip-0A230410:66495:66495 [1] NCCL INFO P2P plugin IBext
ip-0A230410:66495:66495 [1] NCCL INFO NCCL_IB_PCI_RELAXED_ORDERING set by environment to 1.
ip-0A230408:77926:77926 [1] NCCL INFO NET/Plugin: Failed to find ncclNetPlugin_v5 symbol.
ip-0A230408:77926:77926 [1] NCCL INFO NET/Plugin: Failed to find ncclCollNetPlugin_v5 symbol.
ip-0A230405:31109:31109 [1] NCCL INFO NET/Plugin: Failed to find ncclNetPlugin_v5 symbol.
ip-0A230405:31109:31109 [1] NCCL INFO NET/Plugin: Failed to find ncclCollNetPlugin_v5 symbol.
ip-0A230406:16398:16398 [1] NCCL INFO NET/Plugin: Failed to find ncclNetPlugin_v5 symbol.
ip-0A230406:16398:16398 [1] NCCL INFO NET/Plugin: Failed to find ncclCollNetPlugin_v5 symbol.
ip-0A230408:77926:77926 [1] NCCL INFO Plugin Path : /opt/hpcx/nccl_rdma_sharp_plugin/lib/libnccl-net.so
ip-0A230408:77926:77926 [1] NCCL INFO P2P plugin IBext
ip-0A230408:77926:77926 [1] NCCL INFO NCCL_IB_PCI_RELAXED_ORDERING set by environment to 1.
ip-0A230405:31109:31109 [1] NCCL INFO Plugin Path : /opt/hpcx/nccl_rdma_sharp_plugin/lib/libnccl-net.so
ip-0A230405:31109:31109 [1] NCCL INFO P2P plugin IBext
ip-0A230405:31109:31109 [1] NCCL INFO NCCL_IB_PCI_RELAXED_ORDERING set by environment to 1.
ip-0A23040E:78777:78777 [1] NCCL INFO NET/Plugin: Failed to find ncclNetPlugin_v5 symbol.
ip-0A23040E:78777:78777 [1] NCCL INFO NET/Plugin: Failed to find ncclCollNetPlugin_v5 symbol.
ip-0A230406:16398:16398 [1] NCCL INFO Plugin Path : /opt/hpcx/nccl_rdma_sharp_plugin/lib/libnccl-net.so
ip-0A230406:16398:16398 [1] NCCL INFO P2P plugin IBext
ip-0A230406:16398:16398 [1] NCCL INFO NCCL_IB_PCI_RELAXED_ORDERING set by environment to 1.
ip-0A23040E:78777:78777 [1] NCCL INFO Plugin Path : /opt/hpcx/nccl_rdma_sharp_plugin/lib/libnccl-net.so
ip-0A23040E:78777:78777 [1] NCCL INFO P2P plugin IBext
ip-0A23040E:78777:78777 [1] NCCL INFO NCCL_IB_PCI_RELAXED_ORDERING set by environment to 1.
ip-0A230407:68769:68769 [1] NCCL INFO NET/Plugin: Failed to find ncclNetPlugin_v5 symbol.
ip-0A230407:68769:68769 [1] NCCL INFO NET/Plugin: Failed to find ncclCollNetPlugin_v5 symbol.
ip-0A230407:68769:68769 [1] NCCL INFO Plugin Path : /opt/hpcx/nccl_rdma_sharp_plugin/lib/libnccl-net.so
ip-0A230407:68769:68769 [1] NCCL INFO P2P plugin IBext
ip-0A230407:68769:68769 [1] NCCL INFO NCCL_IB_PCI_RELAXED_ORDERING set by environment to 1.
ip-0A230413:79637:79637 [1] NCCL INFO NET/Plugin: Failed to find ncclNetPlugin_v5 symbol.
ip-0A230413:79637:79637 [1] NCCL INFO NET/Plugin: Failed to find ncclCollNetPlugin_v5 symbol.
ip-0A23041D:34094:34094 [1] NCCL INFO NET/Plugin: Failed to find ncclNetPlugin_v5 symbol.
ip-0A23041D:34094:34094 [1] NCCL INFO NET/Plugin: Failed to find ncclCollNetPlugin_v5 symbol.
ip-0A230417:68919:68919 [1] NCCL INFO NET/Plugin: Failed to find ncclNetPlugin_v5 symbol.
ip-0A230417:68919:68919 [1] NCCL INFO NET/Plugin: Failed to find ncclCollNetPlugin_v5 symbol.
ip-0A23041D:34094:34094 [1] NCCL INFO Plugin Path : /opt/hpcx/nccl_rdma_sharp_plugin/lib/libnccl-net.so
ip-0A23041D:34094:34094 [1] NCCL INFO P2P plugin IBext
ip-0A230413:79637:79637 [1] NCCL INFO Plugin Path : /opt/hpcx/nccl_rdma_sharp_plugin/lib/libnccl-net.so
ip-0A230413:79637:79637 [1] NCCL INFO P2P plugin IBext
ip-0A230413:79637:79637 [1] NCCL INFO NCCL_IB_PCI_RELAXED_ORDERING set by environment to 1.
ip-0A23041D:34094:34094 [1] NCCL INFO NCCL_IB_PCI_RELAXED_ORDERING set by environment to 1.
ip-0A230417:68919:68919 [1] NCCL INFO Plugin Path : /opt/hpcx/nccl_rdma_sharp_plugin/lib/libnccl-net.so
ip-0A230417:68919:68919 [1] NCCL INFO P2P plugin IBext
ip-0A230417:68919:68919 [1] NCCL INFO NCCL_IB_PCI_RELAXED_ORDERING set by environment to 1.
ip-0A230414:32795:32795 [1] NCCL INFO NET/Plugin: Failed to find ncclNetPlugin_v5 symbol.
ip-0A230414:32795:32795 [1] NCCL INFO NET/Plugin: Failed to find ncclCollNetPlugin_v5 symbol.
ip-0A230414:32795:32795 [1] NCCL INFO Plugin Path : /opt/hpcx/nccl_rdma_sharp_plugin/lib/libnccl-net.so
ip-0A230414:32795:32795 [1] NCCL INFO P2P plugin IBext
ip-0A230414:32795:32795 [1] NCCL INFO NCCL_IB_PCI_RELAXED_ORDERING set by environment to 1.
ip-0A230408:77926:77926 [1] NCCL INFO NET/IB : Using [0]mlx5_ib0:1/IB/SHARP [1]mlx5_ib1:1/IB/SHARP [2]mlx5_ib2:1/IB/SHARP [3]mlx5_ib3:1/IB/SHARP [4]mlx5_ib4:1/IB/SHARP [5]mlx5_ib5:1/IB/SHARP [6]mlx5_ib6:1/IB/SHARP [7]mlx5_ib7:1/IB/SHARP ; OOB eth0:10.35.4.8<0>
ip-0A230408:77926:77926 [1] NCCL INFO Using network IBext
ip-0A23041A:28391:28391 [1] NCCL INFO NET/IB : Using [0]mlx5_ib0:1/IB/SHARP [1]mlx5_ib1:1/IB/SHARP [2]mlx5_ib2:1/IB/SHARP [3]mlx5_ib3:1/IB/SHARP [4]mlx5_ib4:1/IB/SHARP [5]mlx5_ib5:1/IB/SHARP [6]mlx5_ib6:1/IB/SHARP [7]mlx5_ib7:1/IB/SHARP ; OOB eth0:10.35.4.26<0>
ip-0A23041A:28391:28391 [1] NCCL INFO Using network IBext
ip-0A23040B:52267:52267 [1] NCCL INFO NET/IB : Using [0]mlx5_ib0:1/IB/SHARP [1]mlx5_ib1:1/IB/SHARP [2]mlx5_ib2:1/IB/SHARP [3]mlx5_ib3:1/IB/SHARP [4]mlx5_ib4:1/IB/SHARP [5]mlx5_ib5:1/IB/SHARP [6]mlx5_ib6:1/IB/SHARP [7]mlx5_ib7:1/IB/SHARP ; OOB eth0:10.35.4.11<0>
ip-0A23040B:52267:52267 [1] NCCL INFO Using network IBext
ip-0A230405:31109:31109 [1] NCCL INFO NET/IB : Using [0]mlx5_ib0:1/IB/SHARP [1]mlx5_ib1:1/IB/SHARP [2]mlx5_ib2:1/IB/SHARP [3]mlx5_ib3:1/IB/SHARP [4]mlx5_ib4:1/IB/SHARP [5]mlx5_ib5:1/IB/SHARP [6]mlx5_ib6:1/IB/SHARP [7]mlx5_ib7:1/IB/SHARP ; OOB eth0:10.35.4.5<0>
ip-0A230405:31109:31109 [1] NCCL INFO Using network IBext
ip-0A23040C:77181:77181 [1] NCCL INFO NET/IB : Using [0]mlx5_ib0:1/IB/SHARP [1]mlx5_ib1:1/IB/SHARP [2]mlx5_ib2:1/IB/SHARP [3]mlx5_ib3:1/IB/SHARP [4]mlx5_ib4:1/IB/SHARP [5]mlx5_ib5:1/IB/SHARP [6]mlx5_ib6:1/IB/SHARP [7]mlx5_ib7:1/IB/SHARP ; OOB eth0:10.35.4.12<0>
ip-0A23040C:77181:77181 [1] NCCL INFO Using network IBext
ip-0A230412:35809:35809 [1] NCCL INFO NET/IB : Using [0]mlx5_ib0:1/IB/SHARP [1]mlx5_ib1:1/IB/SHARP [2]mlx5_ib2:1/IB/SHARP [3]mlx5_ib3:1/IB/SHARP [4]mlx5_ib4:1/IB/SHARP [5]mlx5_ib5:1/IB/SHARP [6]mlx5_ib6:1/IB/SHARP [7]mlx5_ib7:1/IB/SHARP ; OOB eth0:10.35.4.18<0>
ip-0A230412:35809:35809 [1] NCCL INFO Using network IBext
ip-0A230406:16398:16398 [1] NCCL INFO NET/IB : Using [0]mlx5_ib0:1/IB/SHARP [1]mlx5_ib1:1/IB/SHARP [2]mlx5_ib2:1/IB/SHARP [3]mlx5_ib3:1/IB/SHARP [4]mlx5_ib4:1/IB/SHARP [5]mlx5_ib5:1/IB/SHARP [6]mlx5_ib6:1/IB/SHARP [7]mlx5_ib7:1/IB/SHARP ; OOB eth0:10.35.4.6<0>
ip-0A230406:16398:16398 [1] NCCL INFO Using network IBext
ip-0A230410:66495:66495 [1] NCCL INFO NET/IB : Using [0]mlx5_ib0:1/IB/SHARP [1]mlx5_ib1:1/IB/SHARP [2]mlx5_ib2:1/IB/SHARP [3]mlx5_ib3:1/IB/SHARP [4]mlx5_ib4:1/IB/SHARP [5]mlx5_ib5:1/IB/SHARP [6]mlx5_ib6:1/IB/SHARP [7]mlx5_ib7:1/IB/SHARP ; OOB eth0:10.35.4.16<0>
ip-0A230410:66495:66495 [1] NCCL INFO Using network IBext
ip-0A230407:68769:68769 [1] NCCL INFO NET/IB : Using [0]mlx5_ib0:1/IB/SHARP [1]mlx5_ib1:1/IB/SHARP [2]mlx5_ib2:1/IB/SHARP [3]mlx5_ib3:1/IB/SHARP [4]mlx5_ib4:1/IB/SHARP [5]mlx5_ib5:1/IB/SHARP [6]mlx5_ib6:1/IB/SHARP [7]mlx5_ib7:1/IB/SHARP ; OOB eth0:10.35.4.7<0>
ip-0A230407:68769:68769 [1] NCCL INFO Using network IBext
ip-0A23040F:95093:95093 [1] NCCL INFO NET/IB : Using [0]mlx5_ib0:1/IB/SHARP [1]mlx5_ib1:1/IB/SHARP [2]mlx5_ib2:1/IB/SHARP [3]mlx5_ib3:1/IB/SHARP [4]mlx5_ib4:1/IB/SHARP [5]mlx5_ib5:1/IB/SHARP [6]mlx5_ib6:1/IB/SHARP [7]mlx5_ib7:1/IB/SHARP ; OOB eth0:10.35.4.15<0>
ip-0A23040F:95093:95093 [1] NCCL INFO Using network IBext
ip-0A230413:79637:79637 [1] NCCL INFO NET/IB : Using [0]mlx5_ib0:1/IB/SHARP [1]mlx5_ib1:1/IB/SHARP [2]mlx5_ib2:1/IB/SHARP [3]mlx5_ib3:1/IB/SHARP [4]mlx5_ib4:1/IB/SHARP [5]mlx5_ib5:1/IB/SHARP [6]mlx5_ib6:1/IB/SHARP [7]mlx5_ib7:1/IB/SHARP ; OOB eth0:10.35.4.19<0>
ip-0A230413:79637:79637 [1] NCCL INFO Using network IBext
ip-0A230414:32795:32795 [1] NCCL INFO NET/IB : Using [0]mlx5_ib0:1/IB/SHARP [1]mlx5_ib1:1/IB/SHARP [2]mlx5_ib2:1/IB/SHARP [3]mlx5_ib3:1/IB/SHARP [4]mlx5_ib4:1/IB/SHARP [5]mlx5_ib5:1/IB/SHARP [6]mlx5_ib6:1/IB/SHARP [7]mlx5_ib7:1/IB/SHARP ; OOB eth0:10.35.4.20<0>
ip-0A230414:32795:32795 [1] NCCL INFO Using network IBext
ip-0A23040E:78777:78777 [1] NCCL INFO NET/IB : Using [0]mlx5_ib0:1/IB/SHARP [1]mlx5_ib1:1/IB/SHARP [2]mlx5_ib2:1/IB/SHARP [3]mlx5_ib3:1/IB/SHARP [4]mlx5_ib4:1/IB/SHARP [5]mlx5_ib5:1/IB/SHARP [6]mlx5_ib6:1/IB/SHARP [7]mlx5_ib7:1/IB/SHARP ; OOB eth0:10.35.4.14<0>
ip-0A23040E:78777:78777 [1] NCCL INFO Using network IBext
ip-0A230417:68919:68919 [1] NCCL INFO NET/IB : Using [0]mlx5_ib0:1/IB/SHARP [1]mlx5_ib1:1/IB/SHARP [2]mlx5_ib2:1/IB/SHARP [3]mlx5_ib3:1/IB/SHARP [4]mlx5_ib4:1/IB/SHARP [5]mlx5_ib5:1/IB/SHARP [6]mlx5_ib6:1/IB/SHARP [7]mlx5_ib7:1/IB/SHARP ; OOB eth0:10.35.4.23<0>
ip-0A230417:68919:68919 [1] NCCL INFO Using network IBext
ip-0A23041D:34094:34094 [1] NCCL INFO NET/IB : Using [0]mlx5_ib0:1/IB/SHARP [1]mlx5_ib1:1/IB/SHARP [2]mlx5_ib2:1/IB/SHARP [3]mlx5_ib3:1/IB/SHARP [4]mlx5_ib4:1/IB/SHARP [5]mlx5_ib5:1/IB/SHARP [6]mlx5_ib6:1/IB/SHARP [7]mlx5_ib7:1/IB/SHARP ; OOB eth0:10.35.4.29<0>
ip-0A23041D:34094:34094 [1] NCCL INFO Using network IBext
ip-0A230412:35809:36419 [1] NCCL INFO NCCL_P2P_LEVEL set by environment to LOC
ip-0A230412:35809:36419 [1] NCCL INFO PXN Disabled as plugin is v4
ip-0A230412:35809:36419 [1] NCCL INFO Setting affinity for GPU 1 to ff000000
ip-0A230417:68919:69530 [1] NCCL INFO NCCL_P2P_LEVEL set by environment to LOC
ip-0A23041D:34094:34708 [1] NCCL INFO NCCL_P2P_LEVEL set by environment to LOC
ip-0A230412:35809:36419 [1] NCCL INFO NCCL_COLLNET_ENABLE set by environment to 1.
ip-0A230417:68919:69530 [1] NCCL INFO PXN Disabled as plugin is v4
ip-0A230408:77926:78538 [1] NCCL INFO NCCL_P2P_LEVEL set by environment to LOC
ip-0A23041D:34094:34708 [1] NCCL INFO PXN Disabled as plugin is v4
ip-0A23040C:77181:77784 [1] NCCL INFO NCCL_P2P_LEVEL set by environment to LOC
ip-0A230417:68919:69530 [1] NCCL INFO Setting affinity for GPU 1 to ff000000
ip-0A23040E:78777:79392 [1] NCCL INFO NCCL_P2P_LEVEL set by environment to LOC
ip-0A23041D:34094:34708 [1] NCCL INFO Setting affinity for GPU 1 to ff000000
ip-0A230408:77926:78538 [1] NCCL INFO PXN Disabled as plugin is v4
ip-0A230406:16398:17010 [1] NCCL INFO NCCL_P2P_LEVEL set by environment to LOC
ip-0A23040C:77181:77784 [1] NCCL INFO PXN Disabled as plugin is v4
ip-0A230417:68919:69530 [1] NCCL INFO NCCL_COLLNET_ENABLE set by environment to 1.
ip-0A23041D:34094:34708 [1] NCCL INFO NCCL_COLLNET_ENABLE set by environment to 1.
ip-0A230408:77926:78538 [1] NCCL INFO Setting affinity for GPU 1 to ff000000
ip-0A23040E:78777:79392 [1] NCCL INFO PXN Disabled as plugin is v4
ip-0A230407:68769:69381 [1] NCCL INFO NCCL_P2P_LEVEL set by environment to LOC
ip-0A230414:32795:33410 [1] NCCL INFO NCCL_P2P_LEVEL set by environment to LOC
ip-0A23040C:77181:77784 [1] NCCL INFO Setting affinity for GPU 1 to ff000000
ip-0A230406:16398:17010 [1] NCCL INFO PXN Disabled as plugin is v4
ip-0A23040F:95093:95696 [1] NCCL INFO NCCL_P2P_LEVEL set by environment to LOC
ip-0A230408:77926:78538 [1] NCCL INFO NCCL_COLLNET_ENABLE set by environment to 1.
ip-0A23040E:78777:79392 [1] NCCL INFO Setting affinity for GPU 1 to ff000000
ip-0A23040C:77181:77784 [1] NCCL INFO NCCL_COLLNET_ENABLE set by environment to 1.
ip-0A230406:16398:17010 [1] NCCL INFO Setting affinity for GPU 1 to ff000000
ip-0A23040E:78777:79392 [1] NCCL INFO NCCL_COLLNET_ENABLE set by environment to 1.
ip-0A230407:68769:69381 [1] NCCL INFO PXN Disabled as plugin is v4
ip-0A230414:32795:33410 [1] NCCL INFO PXN Disabled as plugin is v4
ip-0A23040F:95093:95696 [1] NCCL INFO PXN Disabled as plugin is v4
ip-0A230406:16398:17010 [1] NCCL INFO NCCL_COLLNET_ENABLE set by environment to 1.
ip-0A230407:68769:69381 [1] NCCL INFO Setting affinity for GPU 1 to ff000000
ip-0A230414:32795:33410 [1] NCCL INFO Setting affinity for GPU 1 to ff000000
ip-0A23040F:95093:95696 [1] NCCL INFO Setting affinity for GPU 1 to ff000000
ip-0A230407:68769:69381 [1] NCCL INFO NCCL_COLLNET_ENABLE set by environment to 1.
ip-0A230414:32795:33410 [1] NCCL INFO NCCL_COLLNET_ENABLE set by environment to 1.
ip-0A23040F:95093:95696 [1] NCCL INFO NCCL_COLLNET_ENABLE set by environment to 1.
ip-0A230413:79637:80240 [1] NCCL INFO NCCL_P2P_LEVEL set by environment to LOC
ip-0A230413:79637:80240 [1] NCCL INFO PXN Disabled as plugin is v4
ip-0A230413:79637:80240 [1] NCCL INFO Setting affinity for GPU 1 to ff000000
ip-0A230413:79637:80240 [1] NCCL INFO NCCL_COLLNET_ENABLE set by environment to 1.
ip-0A230405:31109:31724 [1] NCCL INFO NCCL_P2P_LEVEL set by environment to LOC
ip-0A230410:66495:67136 [1] NCCL INFO NCCL_P2P_LEVEL set by environment to LOC
ip-0A230405:31109:31724 [1] NCCL INFO PXN Disabled as plugin is v4
ip-0A230405:31109:31724 [1] NCCL INFO Setting affinity for GPU 1 to ff000000
ip-0A23041A:28391:29004 [1] NCCL INFO NCCL_P2P_LEVEL set by environment to LOC
ip-0A230410:66495:67136 [1] NCCL INFO PXN Disabled as plugin is v4
ip-0A230405:31109:31724 [1] NCCL INFO NCCL_COLLNET_ENABLE set by environment to 1.
ip-0A230410:66495:67136 [1] NCCL INFO Setting affinity for GPU 1 to ff000000
ip-0A23041A:28391:29004 [1] NCCL INFO PXN Disabled as plugin is v4
ip-0A230410:66495:67136 [1] NCCL INFO NCCL_COLLNET_ENABLE set by environment to 1.
ip-0A23041A:28391:29004 [1] NCCL INFO Setting affinity for GPU 1 to ff000000
ip-0A23041A:28391:29004 [1] NCCL INFO NCCL_COLLNET_ENABLE set by environment to 1.
ip-0A23040D:42178:42801 [1] NCCL INFO NCCL_P2P_LEVEL set by environment to LOC
ip-0A23040B:52267:52871 [1] NCCL INFO NCCL_P2P_LEVEL set by environment to LOC
ip-0A23040D:42178:42801 [1] NCCL INFO PXN Disabled as plugin is v4
ip-0A23040D:42178:42801 [1] NCCL INFO Setting affinity for GPU 1 to ff000000
ip-0A23040B:52267:52871 [1] NCCL INFO PXN Disabled as plugin is v4
ip-0A23040D:42178:42801 [1] NCCL INFO NCCL_COLLNET_ENABLE set by environment to 1.
ip-0A23040B:52267:52871 [1] NCCL INFO Setting affinity for GPU 1 to ff000000
ip-0A23040B:52267:52871 [1] NCCL INFO NCCL_COLLNET_ENABLE set by environment to 1.
ip-0A23040D:42178:42801 [1] NCCL INFO Channel 00/02 :    0   1   2   3   4   5   6   7   8   9  10  11  12  13  14  15
ip-0A23040D:42178:42801 [1] NCCL INFO Channel 01/02 :    0   1   2   3   4   5   6   7   8   9  10  11  12  13  14  15
ip-0A23040D:42178:42801 [1] NCCL INFO Trees [0] 8/-1/-1->0->-1 [1] -1/-1/-1->0->1
ip-0A23040F:95093:95696 [1] NCCL INFO Trees [0] -1/-1/-1->1->2 [1] 2/0/-1->1->3
ip-0A230410:66495:67136 [1] NCCL INFO Trees [0] 1/3/-1->2->4 [1] -1/-1/-1->2->1
ip-0A230412:35809:36419 [1] NCCL INFO Trees [0] -1/-1/-1->3->2 [1] 5/1/-1->3->7
ip-0A230413:79637:80240 [1] NCCL INFO Trees [0] 2/6/-1->4->8 [1] -1/-1/-1->4->5
ip-0A23041A:28391:29004 [1] NCCL INFO Trees [0] -1/-1/-1->9->10 [1] 10/8/-1->9->11
ip-0A23040B:52267:52871 [1] NCCL INFO Trees [0] -1/-1/-1->13->14 [1] 14/12/-1->13->11
ip-0A23041D:34094:34708 [1] NCCL INFO Trees [0] 9/11/-1->10->12 [1] -1/-1/-1->10->9
ip-0A23040E:78777:79392 [1] NCCL INFO Trees [0] 13/15/-1->14->12 [1] -1/-1/-1->14->13
ip-0A230405:31109:31724 [1] NCCL INFO Trees [0] -1/-1/-1->11->10 [1] 13/9/-1->11->7
ip-0A23040C:77181:77784 [1] NCCL INFO Trees [0] -1/-1/-1->15->14 [1] 7/-1/-1->15->-1
ip-0A230407:68769:69381 [1] NCCL INFO Trees [0] 10/14/-1->12->8 [1] -1/-1/-1->12->13
ip-0A230414:32795:33410 [1] NCCL INFO Trees [0] -1/-1/-1->5->6 [1] 6/4/-1->5->3
ip-0A230417:68919:69530 [1] NCCL INFO Trees [0] 5/7/-1->6->4 [1] -1/-1/-1->6->5
ip-0A230406:16398:17010 [1] NCCL INFO Trees [0] -1/-1/-1->7->6 [1] 11/3/-1->7->15
ip-0A230408:77926:78538 [1] NCCL INFO Trees [0] 4/12/-1->8->0 [1] -1/-1/-1->8->9
ip-0A23040D:42178:42801 [1] NCCL INFO Channel 00/0 : 15[200000] -> 0[200000] [receive] via NET/IBext/1
ip-0A23040D:42178:42801 [1] NCCL INFO Channel 01/0 : 15[200000] -> 0[200000] [receive] via NET/IBext/1
ip-0A23040F:95093:95696 [1] NCCL INFO Channel 00/0 : 0[200000] -> 1[200000] [receive] via NET/IBext/1
ip-0A23040D:42178:42801 [1] NCCL INFO Channel 00/0 : 0[200000] -> 1[200000] [send] via NET/IBext/1
ip-0A23040D:42178:42801 [1] NCCL INFO Channel 01/0 : 0[200000] -> 1[200000] [send] via NET/IBext/1
ip-0A23040F:95093:95696 [1] NCCL INFO Channel 01/0 : 0[200000] -> 1[200000] [receive] via NET/IBext/1
ip-0A230412:35809:36419 [1] NCCL INFO Channel 00/0 : 2[200000] -> 3[200000] [receive] via NET/IBext/1
ip-0A23040F:95093:95696 [1] NCCL INFO Channel 00/0 : 1[200000] -> 2[200000] [send] via NET/IBext/1
ip-0A230410:66495:67136 [1] NCCL INFO Channel 00/0 : 1[200000] -> 2[200000] [receive] via NET/IBext/1
ip-0A23040F:95093:95696 [1] NCCL INFO Channel 01/0 : 1[200000] -> 2[200000] [send] via NET/IBext/1
ip-0A230410:66495:67136 [1] NCCL INFO Channel 01/0 : 1[200000] -> 2[200000] [receive] via NET/IBext/1
ip-0A230413:79637:80240 [1] NCCL INFO Channel 00/0 : 3[200000] -> 4[200000] [receive] via NET/IBext/1
ip-0A230412:35809:36419 [1] NCCL INFO Channel 01/0 : 2[200000] -> 3[200000] [receive] via NET/IBext/1
ip-0A230410:66495:67136 [1] NCCL INFO Channel 00/0 : 2[200000] -> 3[200000] [send] via NET/IBext/1
ip-0A230412:35809:36419 [1] NCCL INFO Channel 00/0 : 3[200000] -> 4[200000] [send] via NET/IBext/1
ip-0A230412:35809:36419 [1] NCCL INFO Channel 01/0 : 3[200000] -> 4[200000] [send] via NET/IBext/1
ip-0A230413:79637:80240 [1] NCCL INFO Channel 01/0 : 3[200000] -> 4[200000] [receive] via NET/IBext/1
ip-0A230413:79637:80240 [1] NCCL INFO Channel 00/0 : 4[200000] -> 5[200000] [send] via NET/IBext/1
ip-0A230410:66495:67136 [1] NCCL INFO Channel 01/0 : 2[200000] -> 3[200000] [send] via NET/IBext/1
ip-0A230413:79637:80240 [1] NCCL INFO Channel 01/0 : 4[200000] -> 5[200000] [send] via NET/IBext/1
ip-0A23041A:28391:29004 [1] NCCL INFO Channel 00/0 : 8[200000] -> 9[200000] [receive] via NET/IBext/1
ip-0A23040B:52267:52871 [1] NCCL INFO Channel 00/0 : 12[200000] -> 13[200000] [receive] via NET/IBext/1
ip-0A23041A:28391:29004 [1] NCCL INFO Channel 01/0 : 8[200000] -> 9[200000] [receive] via NET/IBext/1
ip-0A23041D:34094:34708 [1] NCCL INFO Channel 00/0 : 9[200000] -> 10[200000] [receive] via NET/IBext/1
ip-0A23040B:52267:52871 [1] NCCL INFO Channel 01/0 : 12[200000] -> 13[200000] [receive] via NET/IBext/1
ip-0A23041A:28391:29004 [1] NCCL INFO Channel 00/0 : 9[200000] -> 10[200000] [send] via NET/IBext/1
ip-0A23040B:52267:52871 [1] NCCL INFO Channel 00/0 : 13[200000] -> 14[200000] [send] via NET/IBext/1
ip-0A23040C:77181:77784 [1] NCCL INFO Channel 00/0 : 14[200000] -> 15[200000] [receive] via NET/IBext/1
ip-0A23041A:28391:29004 [1] NCCL INFO Channel 01/0 : 9[200000] -> 10[200000] [send] via NET/IBext/1
ip-0A230405:31109:31724 [1] NCCL INFO Channel 00/0 : 10[200000] -> 11[200000] [receive] via NET/IBext/1
ip-0A23040E:78777:79392 [1] NCCL INFO Channel 00/0 : 13[200000] -> 14[200000] [receive] via NET/IBext/1
ip-0A23041D:34094:34708 [1] NCCL INFO Channel 01/0 : 9[200000] -> 10[200000] [receive] via NET/IBext/1
ip-0A23041D:34094:34708 [1] NCCL INFO Channel 00/0 : 10[200000] -> 11[200000] [send] via NET/IBext/1
ip-0A23040B:52267:52871 [1] NCCL INFO Channel 01/0 : 13[200000] -> 14[200000] [send] via NET/IBext/1
ip-0A23040C:77181:77784 [1] NCCL INFO Channel 01/0 : 14[200000] -> 15[200000] [receive] via NET/IBext/1
ip-0A23040C:77181:77784 [1] NCCL INFO Channel 00/0 : 15[200000] -> 0[200000] [send] via NET/IBext/1
ip-0A230405:31109:31724 [1] NCCL INFO Channel 01/0 : 10[200000] -> 11[200000] [receive] via NET/IBext/1
ip-0A230405:31109:31724 [1] NCCL INFO Channel 00/0 : 11[200000] -> 12[200000] [send] via NET/IBext/1
ip-0A23041D:34094:34708 [1] NCCL INFO Channel 01/0 : 10[200000] -> 11[200000] [send] via NET/IBext/1
ip-0A230407:68769:69381 [1] NCCL INFO Channel 00/0 : 11[200000] -> 12[200000] [receive] via NET/IBext/1
ip-0A23040E:78777:79392 [1] NCCL INFO Channel 01/0 : 13[200000] -> 14[200000] [receive] via NET/IBext/1
ip-0A23040E:78777:79392 [1] NCCL INFO Channel 00/0 : 14[200000] -> 15[200000] [send] via NET/IBext/1
ip-0A230414:32795:33410 [1] NCCL INFO Channel 00/0 : 4[200000] -> 5[200000] [receive] via NET/IBext/1
ip-0A23040C:77181:77784 [1] NCCL INFO Channel 01/0 : 15[200000] -> 0[200000] [send] via NET/IBext/1
ip-0A230405:31109:31724 [1] NCCL INFO Channel 01/0 : 11[200000] -> 12[200000] [send] via NET/IBext/1
ip-0A230406:16398:17010 [1] NCCL INFO Channel 00/0 : 6[200000] -> 7[200000] [receive] via NET/IBext/1
ip-0A230408:77926:78538 [1] NCCL INFO Channel 00/0 : 7[200000] -> 8[200000] [receive] via NET/IBext/1
ip-0A23040E:78777:79392 [1] NCCL INFO Channel 01/0 : 14[200000] -> 15[200000] [send] via NET/IBext/1
ip-0A230407:68769:69381 [1] NCCL INFO Channel 01/0 : 11[200000] -> 12[200000] [receive] via NET/IBext/1
ip-0A230407:68769:69381 [1] NCCL INFO Channel 00/0 : 12[200000] -> 13[200000] [send] via NET/IBext/1
ip-0A230417:68919:69530 [1] NCCL INFO Channel 00/0 : 5[200000] -> 6[200000] [receive] via NET/IBext/1
ip-0A230414:32795:33410 [1] NCCL INFO Channel 01/0 : 4[200000] -> 5[200000] [receive] via NET/IBext/1
ip-0A230414:32795:33410 [1] NCCL INFO Channel 00/0 : 5[200000] -> 6[200000] [send] via NET/IBext/1
ip-0A230406:16398:17010 [1] NCCL INFO Channel 01/0 : 6[200000] -> 7[200000] [receive] via NET/IBext/1
ip-0A230408:77926:78538 [1] NCCL INFO Channel 01/0 : 7[200000] -> 8[200000] [receive] via NET/IBext/1
ip-0A230406:16398:17010 [1] NCCL INFO Channel 00/0 : 7[200000] -> 8[200000] [send] via NET/IBext/1
ip-0A230408:77926:78538 [1] NCCL INFO Channel 00/0 : 8[200000] -> 9[200000] [send] via NET/IBext/1
ip-0A230407:68769:69381 [1] NCCL INFO Channel 01/0 : 12[200000] -> 13[200000] [send] via NET/IBext/1
ip-0A230414:32795:33410 [1] NCCL INFO Channel 01/0 : 5[200000] -> 6[200000] [send] via NET/IBext/1
ip-0A230417:68919:69530 [1] NCCL INFO Channel 01/0 : 5[200000] -> 6[200000] [receive] via NET/IBext/1
ip-0A230408:77926:78538 [1] NCCL INFO Channel 01/0 : 8[200000] -> 9[200000] [send] via NET/IBext/1
ip-0A230417:68919:69530 [1] NCCL INFO Channel 00/0 : 6[200000] -> 7[200000] [send] via NET/IBext/1
ip-0A230417:68919:69530 [1] NCCL INFO Channel 01/0 : 6[200000] -> 7[200000] [send] via NET/IBext/1
ip-0A230406:16398:17010 [1] NCCL INFO Channel 01/0 : 7[200000] -> 8[200000] [send] via NET/IBext/1
ip-0A23040F:95093:95696 [1] NCCL INFO Connected all rings
ip-0A230410:66495:67136 [1] NCCL INFO Connected all rings
ip-0A230407:68769:69381 [1] NCCL INFO Connected all rings
ip-0A230405:31109:31724 [1] NCCL INFO Connected all rings
ip-0A230413:79637:80240 [1] NCCL INFO Connected all rings
ip-0A23041A:28391:29004 [1] NCCL INFO Connected all rings
ip-0A23041D:34094:34708 [1] NCCL INFO Connected all rings
ip-0A23040C:77181:77784 [1] NCCL INFO Connected all rings
ip-0A230412:35809:36419 [1] NCCL INFO Connected all rings
ip-0A23040D:42178:42801 [1] NCCL INFO Connected all rings
ip-0A230408:77926:78538 [1] NCCL INFO Connected all rings
ip-0A23040B:52267:52871 [1] NCCL INFO Connected all rings
ip-0A230417:68919:69530 [1] NCCL INFO Connected all rings
ip-0A230414:32795:33410 [1] NCCL INFO Connected all rings
ip-0A230406:16398:17010 [1] NCCL INFO Connected all rings
ip-0A23040E:78777:79392 [1] NCCL INFO Connected all rings
ip-0A23041A:28391:29004 [1] NCCL INFO Channel 01/0 : 9[200000] -> 11[200000] [send] via NET/IBext/1
ip-0A23040D:42178:42801 [1] NCCL INFO Channel 00/0 : 8[200000] -> 0[200000] [receive] via NET/IBext/1
ip-0A23040F:95093:95696 [1] NCCL INFO Channel 01/0 : 1[200000] -> 3[200000] [send] via NET/IBext/1
ip-0A23040D:42178:42801 [1] NCCL INFO Channel 00/0 : 0[200000] -> 8[200000] [send] via NET/IBext/1
ip-0A230410:66495:67136 [1] NCCL INFO Channel 00/0 : 2[200000] -> 4[200000] [send] via NET/IBext/1
ip-0A230405:31109:31724 [1] NCCL INFO Channel 01/0 : 9[200000] -> 11[200000] [receive] via NET/IBext/1
ip-0A230408:77926:78538 [1] NCCL INFO Channel 00/0 : 4[200000] -> 8[200000] [receive] via NET/IBext/1
ip-0A230405:31109:31724 [1] NCCL INFO Channel 01/0 : 11[200000] -> 13[200000] [send] via NET/IBext/1
ip-0A230406:16398:17010 [1] NCCL INFO Channel 01/0 : 3[200000] -> 7[200000] [receive] via NET/IBext/1
ip-0A230408:77926:78538 [1] NCCL INFO Channel 00/0 : 8[200000] -> 12[200000] [send] via NET/IBext/1
ip-0A230406:16398:17010 [1] NCCL INFO Channel 01/0 : 7[200000] -> 11[200000] [send] via NET/IBext/1
ip-0A230407:68769:69381 [1] NCCL INFO Channel 00/0 : 10[200000] -> 12[200000] [receive] via NET/IBext/1
ip-0A230407:68769:69381 [1] NCCL INFO Channel 00/0 : 12[200000] -> 14[200000] [send] via NET/IBext/1
ip-0A230413:79637:80240 [1] NCCL INFO Channel 00/0 : 2[200000] -> 4[200000] [receive] via NET/IBext/1
ip-0A23041D:34094:34708 [1] NCCL INFO Channel 00/0 : 10[200000] -> 12[200000] [send] via NET/IBext/1
ip-0A230417:68919:69530 [1] NCCL INFO Channel 00/0 : 4[200000] -> 6[200000] [receive] via NET/IBext/1
ip-0A230413:79637:80240 [1] NCCL INFO Channel 00/0 : 4[200000] -> 6[200000] [send] via NET/IBext/1
ip-0A23040B:52267:52871 [1] NCCL INFO Channel 01/0 : 11[200000] -> 13[200000] [receive] via NET/IBext/1
ip-0A23040C:77181:77784 [1] NCCL INFO Channel 01/0 : 7[200000] -> 15[200000] [receive] via NET/IBext/1
ip-0A230414:32795:33410 [1] NCCL INFO Channel 01/0 : 3[200000] -> 5[200000] [receive] via NET/IBext/1
ip-0A23040C:77181:77784 [1] NCCL INFO Channel 01/0 : 15[200000] -> 7[200000] [send] via NET/IBext/1
ip-0A230412:35809:36419 [1] NCCL INFO Channel 01/0 : 1[200000] -> 3[200000] [receive] via NET/IBext/1
ip-0A230412:35809:36419 [1] NCCL INFO Channel 01/0 : 3[200000] -> 5[200000] [send] via NET/IBext/1
ip-0A23040E:78777:79392 [1] NCCL INFO Channel 00/0 : 12[200000] -> 14[200000] [receive] via NET/IBext/1
ip-0A23041A:28391:29004 [1] NCCL INFO Channel 01/0 : 11[200000] -> 9[200000] [receive] via NET/IBext/1
ip-0A23041D:34094:34708 [1] NCCL INFO Channel 00/0 : 12[200000] -> 10[200000] [receive] via NET/IBext/1
ip-0A230410:66495:67136 [1] NCCL INFO Channel 00/0 : 4[200000] -> 2[200000] [receive] via NET/IBext/1
ip-0A23040F:95093:95696 [1] NCCL INFO Channel 01/0 : 3[200000] -> 1[200000] [receive] via NET/IBext/1
ip-0A230417:68919:69530 [1] NCCL INFO Channel 00/0 : 6[200000] -> 4[200000] [send] via NET/IBext/1
ip-0A230414:32795:33410 [1] NCCL INFO Channel 01/0 : 5[200000] -> 3[200000] [send] via NET/IBext/1
ip-0A23040E:78777:79392 [1] NCCL INFO Channel 00/0 : 14[200000] -> 12[200000] [send] via NET/IBext/1
ip-0A23040B:52267:52871 [1] NCCL INFO Channel 01/0 : 13[200000] -> 11[200000] [send] via NET/IBext/1
ip-0A230405:31109:31724 [1] NCCL INFO Channel 01/0 : 7[200000] -> 11[200000] [receive] via NET/IBext/1
ip-0A230413:79637:80240 [1] NCCL INFO Channel 00/0 : 4[200000] -> 8[200000] [send] via NET/IBext/1
ip-0A230412:35809:36419 [1] NCCL INFO Channel 01/0 : 3[200000] -> 7[200000] [send] via NET/IBext/1
ip-0A230407:68769:69381 [1] NCCL INFO Channel 00/0 : 8[200000] -> 12[200000] [receive] via NET/IBext/1
ip-0A230413:79637:80240 [1] NCCL INFO Channel 00/0 : 8[200000] -> 4[200000] [receive] via NET/IBext/1
ip-0A230412:35809:36419 [1] NCCL INFO Channel 01/0 : 7[200000] -> 3[200000] [receive] via NET/IBext/1
ip-0A230405:31109:31724 [1] NCCL INFO Channel 01/0 : 11[200000] -> 7[200000] [send] via NET/IBext/1
ip-0A230407:68769:69381 [1] NCCL INFO Channel 00/0 : 12[200000] -> 8[200000] [send] via NET/IBext/1
ip-0A230408:77926:78538 [1] NCCL INFO Channel 00/0 : 0[200000] -> 8[200000] [receive] via NET/IBext/1
ip-0A230406:16398:17010 [1] NCCL INFO Channel 01/0 : 15[200000] -> 7[200000] [receive] via NET/IBext/1
ip-0A230408:77926:78538 [1] NCCL INFO Channel 00/0 : 8[200000] -> 0[200000] [send] via NET/IBext/1
ip-0A230406:16398:17010 [1] NCCL INFO Channel 01/0 : 7[200000] -> 15[200000] [send] via NET/IBext/1
ip-0A230408:77926:78538 [1] NCCL INFO Channel 00/0 : 12[200000] -> 8[200000] [receive] via NET/IBext/1
ip-0A230406:16398:17010 [1] NCCL INFO Channel 01/0 : 11[200000] -> 7[200000] [receive] via NET/IBext/1
ip-0A230408:77926:78538 [1] NCCL INFO Channel 00/0 : 8[200000] -> 4[200000] [send] via NET/IBext/1
ip-0A230406:16398:17010 [1] NCCL INFO Channel 01/0 : 7[200000] -> 3[200000] [send] via NET/IBext/1
ip-0A23040C:77181:77784 [1] NCCL INFO Channel 00/0 : 15[200000] -> 14[200000] [send] via NET/IBext/1
ip-0A23040D:42178:42801 [1] NCCL INFO Channel 01/0 : 1[200000] -> 0[200000] [receive] via NET/IBext/1
ip-0A230405:31109:31724 [1] NCCL INFO Channel 01/0 : 13[200000] -> 11[200000] [receive] via NET/IBext/1
ip-0A230405:31109:31724 [1] NCCL INFO Channel 01/0 : 11[200000] -> 9[200000] [send] via NET/IBext/1
ip-0A230407:68769:69381 [1] NCCL INFO Channel 00/0 : 14[200000] -> 12[200000] [receive] via NET/IBext/1
ip-0A230407:68769:69381 [1] NCCL INFO Channel 00/0 : 12[200000] -> 10[200000] [send] via NET/IBext/1
ip-0A230412:35809:36419 [1] NCCL INFO Channel 01/0 : 5[200000] -> 3[200000] [receive] via NET/IBext/1
ip-0A230412:35809:36419 [1] NCCL INFO Channel 01/0 : 3[200000] -> 1[200000] [send] via NET/IBext/1
ip-0A230413:79637:80240 [1] NCCL INFO Channel 00/0 : 6[200000] -> 4[200000] [receive] via NET/IBext/1
ip-0A230413:79637:80240 [1] NCCL INFO Channel 00/0 : 4[200000] -> 2[200000] [send] via NET/IBext/1
ip-0A230408:77926:78538 [1] NCCL INFO Channel 01/0 : 9[200000] -> 8[200000] [receive] via NET/IBext/1
ip-0A230406:16398:17010 [1] NCCL INFO Channel 00/0 : 7[200000] -> 6[200000] [send] via NET/IBext/1
ip-0A23040E:78777:79392 [1] NCCL INFO Channel 00/0 : 15[200000] -> 14[200000] [receive] via NET/IBext/1
ip-0A23040E:78777:79392 [1] NCCL INFO Channel 00/0 : 14[200000] -> 13[200000] [send] via NET/IBext/1
ip-0A23040E:78777:79392 [1] NCCL INFO Channel 01/0 : 14[200000] -> 13[200000] [send] via NET/IBext/1
ip-0A23040B:52267:52871 [1] NCCL INFO Channel 00/0 : 14[200000] -> 13[200000] [receive] via NET/IBext/1
ip-0A23040B:52267:52871 [1] NCCL INFO Channel 01/0 : 14[200000] -> 13[200000] [receive] via NET/IBext/1
ip-0A23040B:52267:52871 [1] NCCL INFO Channel 01/0 : 13[200000] -> 12[200000] [send] via NET/IBext/1
ip-0A230414:32795:33410 [1] NCCL INFO Channel 00/0 : 6[200000] -> 5[200000] [receive] via NET/IBext/1
ip-0A230414:32795:33410 [1] NCCL INFO Channel 01/0 : 6[200000] -> 5[200000] [receive] via NET/IBext/1
ip-0A230414:32795:33410 [1] NCCL INFO Channel 01/0 : 5[200000] -> 4[200000] [send] via NET/IBext/1
ip-0A23041D:34094:34708 [1] NCCL INFO Channel 00/0 : 11[200000] -> 10[200000] [receive] via NET/IBext/1
ip-0A23041D:34094:34708 [1] NCCL INFO Channel 00/0 : 10[200000] -> 9[200000] [send] via NET/IBext/1
ip-0A23041D:34094:34708 [1] NCCL INFO Channel 01/0 : 10[200000] -> 9[200000] [send] via NET/IBext/1
ip-0A23040C:77181:77784 [1] NCCL INFO Connected all trees
ip-0A23040C:77181:77784 [1] NCCL INFO CollNet 00 : 15 [receive] via COLLNET/SHARP/1
ip-0A23040F:95093:95696 [1] NCCL INFO Channel 00/0 : 2[200000] -> 1[200000] [receive] via NET/IBext/1
ip-0A230405:31109:31724 [1] NCCL INFO Channel 00/0 : 11[200000] -> 10[200000] [send] via NET/IBext/1
ip-0A23040F:95093:95696 [1] NCCL INFO Channel 01/0 : 2[200000] -> 1[200000] [receive] via NET/IBext/1
ip-0A23040F:95093:95696 [1] NCCL INFO Channel 01/0 : 1[200000] -> 0[200000] [send] via NET/IBext/1
ip-0A230407:68769:69381 [1] NCCL INFO Channel 01/0 : 13[200000] -> 12[200000] [receive] via NET/IBext/1
ip-0A230417:68919:69530 [1] NCCL INFO Channel 00/0 : 7[200000] -> 6[200000] [receive] via NET/IBext/1
ip-0A23041A:28391:29004 [1] NCCL INFO Channel 00/0 : 10[200000] -> 9[200000] [receive] via NET/IBext/1
ip-0A230412:35809:36419 [1] NCCL INFO Channel 00/0 : 3[200000] -> 2[200000] [send] via NET/IBext/1
ip-0A23041A:28391:29004 [1] NCCL INFO Channel 01/0 : 10[200000] -> 9[200000] [receive] via NET/IBext/1
ip-0A23041A:28391:29004 [1] NCCL INFO Channel 01/0 : 9[200000] -> 8[200000] [send] via NET/IBext/1
ip-0A230410:66495:67136 [1] NCCL INFO Channel 00/0 : 3[200000] -> 2[200000] [receive] via NET/IBext/1
ip-0A230410:66495:67136 [1] NCCL INFO Channel 00/0 : 2[200000] -> 1[200000] [send] via NET/IBext/1
ip-0A230410:66495:67136 [1] NCCL INFO Channel 01/0 : 2[200000] -> 1[200000] [send] via NET/IBext/1
ip-0A230413:79637:80240 [1] NCCL INFO Channel 01/0 : 5[200000] -> 4[200000] [receive] via NET/IBext/1
ip-0A230405:31109:31724 [1] NCCL INFO Connected all trees
ip-0A230405:31109:31724 [1] NCCL INFO CollNet 00 : 11 [receive] via COLLNET/SHARP/1
ip-0A230407:68769:69381 [1] NCCL INFO Connected all trees
ip-0A230407:68769:69381 [1] NCCL INFO CollNet 00 : 12 [receive] via COLLNET/SHARP/1
ip-0A230412:35809:36419 [1] NCCL INFO Connected all trees
ip-0A230412:35809:36419 [1] NCCL INFO CollNet 00 : 3 [receive] via COLLNET/SHARP/1
ip-0A23040E:78777:79392 [1] NCCL INFO Connected all trees
ip-0A230408:77926:78538 [1] NCCL INFO Connected all trees
ip-0A230408:77926:78538 [1] NCCL INFO CollNet 00 : 8 [receive] via COLLNET/SHARP/1
ip-0A23040D:42178:42801 [1] NCCL INFO Connected all trees
ip-0A23040D:42178:42801 [1] NCCL INFO CollNet 00 : 0 [receive] via COLLNET/SHARP/1
ip-0A23040B:52267:52871 [1] NCCL INFO Connected all trees
ip-0A23041D:34094:34708 [1] NCCL INFO Connected all trees
ip-0A23041A:28391:29004 [1] NCCL INFO Connected all trees
ip-0A230410:66495:67136 [1] NCCL INFO Connected all trees
ip-0A23040F:95093:95696 [1] NCCL INFO Connected all trees
ip-0A230417:68919:69530 [1] NCCL INFO Channel 00/0 : 6[200000] -> 5[200000] [send] via NET/IBext/1
ip-0A23040E:78777:79392 [1] NCCL INFO CollNet 00 : 14 [receive] via COLLNET/SHARP/1
ip-0A23040B:52267:52871 [1] NCCL INFO CollNet 00 : 13 [receive] via COLLNET/SHARP/1
ip-0A23041D:34094:34708 [1] NCCL INFO CollNet 00 : 10 [receive] via COLLNET/SHARP/1
ip-0A23041A:28391:29004 [1] NCCL INFO CollNet 00 : 9 [receive] via COLLNET/SHARP/1
ip-0A23040F:95093:95696 [1] NCCL INFO CollNet 00 : 1 [receive] via COLLNET/SHARP/1
ip-0A230410:66495:67136 [1] NCCL INFO CollNet 00 : 2 [receive] via COLLNET/SHARP/1
ip-0A230417:68919:69530 [1] NCCL INFO Channel 01/0 : 6[200000] -> 5[200000] [send] via NET/IBext/1
ip-0A230406:16398:17010 [1] NCCL INFO Connected all trees
ip-0A230406:16398:17010 [1] NCCL INFO CollNet 00 : 7 [receive] via COLLNET/SHARP/1
ip-0A230413:79637:80240 [1] NCCL INFO Connected all trees
ip-0A230413:79637:80240 [1] NCCL INFO CollNet 00 : 4 [receive] via COLLNET/SHARP/1
ip-0A230417:68919:69530 [1] NCCL INFO Connected all trees
ip-0A230414:32795:33410 [1] NCCL INFO Connected all trees
ip-0A230417:68919:69530 [1] NCCL INFO CollNet 00 : 6 [receive] via COLLNET/SHARP/1
ip-0A230414:32795:33410 [1] NCCL INFO CollNet 00 : 5 [receive] via COLLNET/SHARP/1
ip-0A230414:32795:33411 [1] NCCL INFO NCCL_SHARP_GROUP_SIZE_THRESH set by environment to 16.
ip-0A230417:68919:69531 [1] NCCL INFO NCCL_SHARP_GROUP_SIZE_THRESH set by environment to 16.
ip-0A230408:77926:78539 [1] NCCL INFO NCCL_SHARP_GROUP_SIZE_THRESH set by environment to 16.
ip-0A23041A:28391:29005 [1] NCCL INFO NCCL_SHARP_GROUP_SIZE_THRESH set by environment to 16.
ip-0A230406:16398:17012 [1] NCCL INFO NCCL_SHARP_GROUP_SIZE_THRESH set by environment to 16.
ip-0A23041D:34094:34709 [1] NCCL INFO NCCL_SHARP_GROUP_SIZE_THRESH set by environment to 16.
ip-0A230405:31109:31725 [1] NCCL INFO NCCL_SHARP_GROUP_SIZE_THRESH set by environment to 16.
ip-0A230407:68769:69382 [1] NCCL INFO NCCL_SHARP_GROUP_SIZE_THRESH set by environment to 16.
ip-0A23040B:52267:52872 [1] NCCL INFO NCCL_SHARP_GROUP_SIZE_THRESH set by environment to 16.
ip-0A23040E:78777:79393 [1] NCCL INFO NCCL_SHARP_GROUP_SIZE_THRESH set by environment to 16.
ip-0A23040C:77181:77786 [1] NCCL INFO NCCL_SHARP_GROUP_SIZE_THRESH set by environment to 16.
ip-0A23040D:42178:42802 [1] NCCL INFO NCCL_SHARP_GROUP_SIZE_THRESH set by environment to 16.
ip-0A23040F:95093:95697 [1] NCCL INFO NCCL_SHARP_GROUP_SIZE_THRESH set by environment to 16.
ip-0A230410:66495:67143 [1] NCCL INFO NCCL_SHARP_GROUP_SIZE_THRESH set by environment to 16.
ip-0A230412:35809:36420 [1] NCCL INFO NCCL_SHARP_GROUP_SIZE_THRESH set by environment to 16.
ip-0A230413:79637:80241 [1] NCCL INFO NCCL_SHARP_GROUP_SIZE_THRESH set by environment to 16.
[ip-0A23040D:0:42178 - context.c:584] INFO job (ID: 2524862826689773013) resource request quota: ( osts:0 user_data_per_ost:0 max_groups:0 max_qps:1 max_group_channels:1, num_trees:1)
[ip-0A23040D:0:42178 unique id 0] ERROR No Aggregation Manager (sharp_am) detected in sharp_create_job.

[ip-0A23040D:0:42178 - context.c:601] ERROR sharp_create_job failed: No Aggregation Manager (sharp_am) detected(-52)
ip-0A230405:31109:31725 [1] NCCL INFO Sharp rank 11/16 initialized on mlx5_ib1:1

ip-0A230405:31109:31725 [1] sharp_plugin.c:288 NCCL WARN NET/IB :SHARP coll init error: Cannot create SHArP job(-11)

ip-0A230405:31109:31725 [1] NCCL INFO include/coll_net.h:21 -> 3
ip-0A230410:66495:67143 [1] NCCL INFO Sharp rank 2/16 initialized on mlx5_ib1:1

ip-0A230410:66495:67143 [1] sharp_plugin.c:288 NCCL WARN NET/IB :SHARP coll init error: Cannot create SHArP job(-11)

ip-0A230410:66495:67143 [1] NCCL INFO include/coll_net.h:21 -> 3
ip-0A230413:79637:80241 [1] NCCL INFO Sharp rank 4/16 initialized on mlx5_ib1:1

ip-0A230413:79637:80241 [1] sharp_plugin.c:288 NCCL WARN NET/IB :SHARP coll init error: Cannot create SHArP job(-11)

ip-0A230413:79637:80241 [1] NCCL INFO include/coll_net.h:21 -> 3
ip-0A230407:68769:69382 [1] NCCL INFO Sharp rank 12/16 initialized on mlx5_ib1:1

ip-0A230407:68769:69382 [1] sharp_plugin.c:288 NCCL WARN NET/IB :SHARP coll init error: Cannot create SHArP job(-11)

ip-0A230407:68769:69382 [1] NCCL INFO include/coll_net.h:21 -> 3
ip-0A23040B:52267:52872 [1] NCCL INFO Sharp rank 13/16 initialized on mlx5_ib1:1

ip-0A23040B:52267:52872 [1] sharp_plugin.c:288 NCCL WARN NET/IB :SHARP coll init error: Cannot create SHArP job(-11)

ip-0A23040B:52267:52872 [1] NCCL INFO include/coll_net.h:21 -> 3
ip-0A23041D:34094:34709 [1] NCCL INFO Sharp rank 10/16 initialized on mlx5_ib1:1

ip-0A23041D:34094:34709 [1] sharp_plugin.c:288 NCCL WARN NET/IB :SHARP coll init error: Cannot create SHArP job(-11)

ip-0A23041D:34094:34709 [1] NCCL INFO include/coll_net.h:21 -> 3
ip-0A230414:32795:33411 [1] NCCL INFO Sharp rank 5/16 initialized on mlx5_ib1:1

ip-0A230414:32795:33411 [1] sharp_plugin.c:288 NCCL WARN NET/IB :SHARP coll init error: Cannot create SHArP job(-11)

ip-0A230414:32795:33411 [1] NCCL INFO include/coll_net.h:21 -> 3
ip-0A230412:35809:36420 [1] NCCL INFO Sharp rank 3/16 initialized on mlx5_ib1:1

ip-0A230412:35809:36420 [1] sharp_plugin.c:288 NCCL WARN NET/IB :SHARP coll init error: Cannot create SHArP job(-11)

ip-0A230412:35809:36420 [1] NCCL INFO include/coll_net.h:21 -> 3
ip-0A23040C:77181:77786 [1] NCCL INFO Sharp rank 15/16 initialized on mlx5_ib1:1

ip-0A23040C:77181:77786 [1] sharp_plugin.c:288 NCCL WARN NET/IB :SHARP coll init error: Cannot create SHArP job(-11)

ip-0A23040C:77181:77786 [1] NCCL INFO include/coll_net.h:21 -> 3
ip-0A230408:77926:78539 [1] NCCL INFO Sharp rank 8/16 initialized on mlx5_ib1:1

ip-0A230408:77926:78539 [1] sharp_plugin.c:288 NCCL WARN NET/IB :SHARP coll init error: Cannot create SHArP job(-11)

ip-0A230408:77926:78539 [1] NCCL INFO include/coll_net.h:21 -> 3
ip-0A230406:16398:17012 [1] NCCL INFO Sharp rank 7/16 initialized on mlx5_ib1:1

ip-0A230406:16398:17012 [1] sharp_plugin.c:288 NCCL WARN NET/IB :SHARP coll init error: Cannot create SHArP job(-11)

ip-0A230406:16398:17012 [1] NCCL INFO include/coll_net.h:21 -> 3
ip-0A23041A:28391:29005 [1] NCCL INFO Sharp rank 9/16 initialized on mlx5_ib1:1

ip-0A23041A:28391:29005 [1] sharp_plugin.c:288 NCCL WARN NET/IB :SHARP coll init error: Cannot create SHArP job(-11)

ip-0A23041A:28391:29005 [1] NCCL INFO include/coll_net.h:21 -> 3
ip-0A230417:68919:69531 [1] NCCL INFO Sharp rank 6/16 initialized on mlx5_ib1:1

ip-0A230417:68919:69531 [1] sharp_plugin.c:288 NCCL WARN NET/IB :SHARP coll init error: Cannot create SHArP job(-11)

ip-0A230417:68919:69531 [1] NCCL INFO include/coll_net.h:21 -> 3
ip-0A23040F:95093:95697 [1] NCCL INFO Sharp rank 1/16 initialized on mlx5_ib1:1

ip-0A23040F:95093:95697 [1] sharp_plugin.c:288 NCCL WARN NET/IB :SHARP coll init error: Cannot create SHArP job(-11)

ip-0A23040F:95093:95697 [1] NCCL INFO include/coll_net.h:21 -> 3
ip-0A23040E:78777:79393 [1] NCCL INFO Sharp rank 14/16 initialized on mlx5_ib1:1

ip-0A23040E:78777:79393 [1] sharp_plugin.c:288 NCCL WARN NET/IB :SHARP coll init error: Cannot create SHArP job(-11)

ip-0A23040E:78777:79393 [1] NCCL INFO include/coll_net.h:21 -> 3
ip-0A230413:79637:80240 [1] NCCL INFO transport.cc:222 -> 2

ip-0A230413:79637:80240 [1] transport.cc:253 NCCL WARN Cannot initialize CollNet, using point-to-point network instead
ip-0A230413:79637:80240 [1] NCCL INFO init.cc:765 -> 2
ip-0A230413:79637:80240 [1] NCCL INFO threadThresholds 8/8/64 | 128/8/64 | 8/8/512
ip-0A230413:79637:80240 [1] NCCL INFO 2 coll channels, 2 p2p channels, 2 p2p channels per peer
ip-0A230414:32795:33410 [1] NCCL INFO transport.cc:222 -> 2

ip-0A230414:32795:33410 [1] transport.cc:253 NCCL WARN Cannot initialize CollNet, using point-to-point network instead
ip-0A230414:32795:33410 [1] NCCL INFO init.cc:765 -> 2
ip-0A230414:32795:33410 [1] NCCL INFO threadThresholds 8/8/64 | 128/8/64 | 8/8/512
ip-0A230414:32795:33410 [1] NCCL INFO 2 coll channels, 2 p2p channels, 2 p2p channels per peer
ip-0A230410:66495:67136 [1] NCCL INFO transport.cc:222 -> 2
ip-0A23041D:34094:34708 [1] NCCL INFO transport.cc:222 -> 2

ip-0A23041D:34094:34708 [1] transport.cc:253 NCCL WARN Cannot initialize CollNet, using point-to-point network instead
ip-0A23041D:34094:34708 [1] NCCL INFO init.cc:765 -> 2
ip-0A230405:31109:31724 [1] NCCL INFO transport.cc:222 -> 2

ip-0A230405:31109:31724 [1] transport.cc:253 NCCL WARN Cannot initialize CollNet, using point-to-point network instead
ip-0A230405:31109:31724 [1] NCCL INFO init.cc:765 -> 2

ip-0A230410:66495:67136 [1] transport.cc:253 NCCL WARN Cannot initialize CollNet, using point-to-point network instead
