ip-0A23040C:48757:49395 [3] NCCL INFO Sharp rank 15/16 initialized on mlx5_ib3:1

ip-0A23040C:48757:49395 [3] sharp_plugin.c:288 NCCL WARN NET/IB :SHARP coll init error: Cannot create SHArP job(-11)

ip-0A23040C:48757:49395 [3] NCCL INFO include/coll_net.h:21 -> 3
ip-0A230414:3522:4179 [3] NCCL INFO Sharp rank 5/16 initialized on mlx5_ib3:1

ip-0A230414:3522:4179 [3] sharp_plugin.c:288 NCCL WARN NET/IB :SHARP coll init error: Cannot create SHArP job(-11)

ip-0A230414:3522:4179 [3] NCCL INFO include/coll_net.h:21 -> 3
ip-0A230417:40451:41097 [3] NCCL INFO Sharp rank 6/16 initialized on mlx5_ib3:1

ip-0A230417:40451:41097 [3] sharp_plugin.c:288 NCCL WARN NET/IB :SHARP coll init error: Cannot create SHArP job(-11)

ip-0A230417:40451:41097 [3] NCCL INFO include/coll_net.h:21 -> 3
ip-0A230413:50938:51578 [3] NCCL INFO Sharp rank 4/16 initialized on mlx5_ib3:1

ip-0A230413:50938:51578 [3] sharp_plugin.c:288 NCCL WARN NET/IB :SHARP coll init error: Cannot create SHArP job(-11)

ip-0A230413:50938:51578 [3] NCCL INFO include/coll_net.h:21 -> 3
ip-0A230405:1976:2664 [3] NCCL INFO Sharp rank 11/16 initialized on mlx5_ib3:1

ip-0A230405:1976:2664 [3] sharp_plugin.c:288 NCCL WARN NET/IB :SHARP coll init error: Cannot create SHArP job(-11)

ip-0A230405:1976:2664 [3] NCCL INFO include/coll_net.h:21 -> 3
ip-0A23040F:66476:67136 [3] NCCL INFO Sharp rank 1/16 initialized on mlx5_ib3:1

ip-0A23040F:66476:67136 [3] sharp_plugin.c:288 NCCL WARN NET/IB :SHARP coll init error: Cannot create SHArP job(-11)

ip-0A23040F:66476:67136 [3] NCCL INFO include/coll_net.h:21 -> 3
ip-0A23041D:5499:6147 [3] NCCL INFO Sharp rank 10/16 initialized on mlx5_ib3:1

ip-0A23041D:5499:6147 [3] sharp_plugin.c:288 NCCL WARN NET/IB :SHARP coll init error: Cannot create SHArP job(-11)

ip-0A23041D:5499:6147 [3] NCCL INFO include/coll_net.h:21 -> 3
ip-0A230407:40114:40751 [3] NCCL INFO Sharp rank 12/16 initialized on mlx5_ib3:1

ip-0A230407:40114:40751 [3] sharp_plugin.c:288 NCCL WARN NET/IB :SHARP coll init error: Cannot create SHArP job(-11)

ip-0A230407:40114:40751 [3] NCCL INFO include/coll_net.h:21 -> 3
ip-0A23040E:49910:50548 [3] NCCL INFO Sharp rank 14/16 initialized on mlx5_ib3:1

ip-0A23040E:49910:50548 [3] sharp_plugin.c:288 NCCL WARN NET/IB :SHARP coll init error: Cannot create SHArP job(-11)

ip-0A23040E:49910:50548 [3] NCCL INFO include/coll_net.h:21 -> 3
ip-0A230410:38044:38679 [3] NCCL INFO Sharp rank 2/16 initialized on mlx5_ib3:1

ip-0A230410:38044:38679 [3] sharp_plugin.c:288 NCCL WARN NET/IB :SHARP coll init error: Cannot create SHArP job(-11)

ip-0A230410:38044:38679 [3] NCCL INFO include/coll_net.h:21 -> 3
ip-0A23041A:97379:98034 [3] NCCL INFO transport.cc:222 -> 2

ip-0A23041A:97379:98034 [3] transport.cc:253 NCCL WARN Cannot initialize CollNet, using point-to-point network instead
ip-0A23041A:97379:98034 [3] NCCL INFO init.cc:765 -> 2
ip-0A23040B:23859:24499 [3] NCCL INFO Sharp rank 13/16 initialized on mlx5_ib3:1

ip-0A23040B:23859:24499 [3] sharp_plugin.c:288 NCCL WARN NET/IB :SHARP coll init error: Cannot create SHArP job(-11)

ip-0A23040B:23859:24499 [3] NCCL INFO include/coll_net.h:21 -> 3
ip-0A230408:50833:51468 [3] NCCL INFO Sharp rank 8/16 initialized on mlx5_ib3:1

ip-0A230408:50833:51468 [3] sharp_plugin.c:288 NCCL WARN NET/IB :SHARP coll init error: Cannot create SHArP job(-11)

ip-0A230408:50833:51468 [3] NCCL INFO include/coll_net.h:21 -> 3
ip-0A23041A:97379:98034 [3] NCCL INFO threadThresholds 8/8/64 | 128/8/64 | 8/8/512
ip-0A23041A:97379:98034 [3] NCCL INFO 2 coll channels, 2 p2p channels, 2 p2p channels per peer
ip-0A230406:86074:86708 [3] NCCL INFO Sharp rank 7/16 initialized on mlx5_ib3:1

ip-0A230406:86074:86708 [3] sharp_plugin.c:288 NCCL WARN NET/IB :SHARP coll init error: Cannot create SHArP job(-11)

ip-0A230406:86074:86708 [3] NCCL INFO include/coll_net.h:21 -> 3
ip-0A230412:7448:8087 [3] NCCL INFO transport.cc:222 -> 2

ip-0A230412:7448:8087 [3] transport.cc:253 NCCL WARN Cannot initialize CollNet, using point-to-point network instead
ip-0A230412:7448:8087 [3] NCCL INFO init.cc:765 -> 2
ip-0A230412:7448:8087 [3] NCCL INFO threadThresholds 8/8/64 | 128/8/64 | 8/8/512
ip-0A230412:7448:8087 [3] NCCL INFO 2 coll channels, 2 p2p channels, 2 p2p channels per peer
ip-0A230417:40451:41096 [3] NCCL INFO transport.cc:222 -> 2

ip-0A230417:40451:41096 [3] transport.cc:253 NCCL WARN Cannot initialize CollNet, using point-to-point network instead
ip-0A230417:40451:41096 [3] NCCL INFO init.cc:765 -> 2
ip-0A23041D:5499:6145 [3] NCCL INFO transport.cc:222 -> 2

ip-0A23041D:5499:6145 [3] transport.cc:253 NCCL WARN Cannot initialize CollNet, using point-to-point network instead
ip-0A23041D:5499:6145 [3] NCCL INFO init.cc:765 -> 2
ip-0A230414:3522:4178 [3] NCCL INFO transport.cc:222 -> 2

ip-0A230414:3522:4178 [3] transport.cc:253 NCCL WARN Cannot initialize CollNet, using point-to-point network instead
ip-0A230414:3522:4178 [3] NCCL INFO init.cc:765 -> 2
ip-0A23040C:48757:49394 [3] NCCL INFO transport.cc:222 -> 2

ip-0A23040C:48757:49394 [3] transport.cc:253 NCCL WARN Cannot initialize CollNet, using point-to-point network instead
ip-0A23040C:48757:49394 [3] NCCL INFO init.cc:765 -> 2
ip-0A23040C:48757:49394 [3] NCCL INFO threadThresholds 8/8/64 | 128/8/64 | 8/8/512
ip-0A23040C:48757:49394 [3] NCCL INFO 2 coll channels, 2 p2p channels, 2 p2p channels per peer
ip-0A230413:50938:51577 [3] NCCL INFO transport.cc:222 -> 2

ip-0A230413:50938:51577 [3] transport.cc:253 NCCL WARN Cannot initialize CollNet, using point-to-point network instead
ip-0A230413:50938:51577 [3] NCCL INFO init.cc:765 -> 2
ip-0A230417:40451:41096 [3] NCCL INFO threadThresholds 8/8/64 | 128/8/64 | 8/8/512
ip-0A230417:40451:41096 [3] NCCL INFO 2 coll channels, 2 p2p channels, 2 p2p channels per peer
ip-0A23041D:5499:6145 [3] NCCL INFO threadThresholds 8/8/64 | 128/8/64 | 8/8/512
ip-0A23041D:5499:6145 [3] NCCL INFO 2 coll channels, 2 p2p channels, 2 p2p channels per peer
ip-0A230407:40114:40750 [3] NCCL INFO transport.cc:222 -> 2

ip-0A230407:40114:40750 [3] transport.cc:253 NCCL WARN Cannot initialize CollNet, using point-to-point network instead
ip-0A230407:40114:40750 [3] NCCL INFO init.cc:765 -> 2
ip-0A23040E:49910:50547 [3] NCCL INFO transport.cc:222 -> 2

ip-0A23040E:49910:50547 [3] transport.cc:253 NCCL WARN Cannot initialize CollNet, using point-to-point network instead
ip-0A23040E:49910:50547 [3] NCCL INFO init.cc:765 -> 2
ip-0A230414:3522:4178 [3] NCCL INFO threadThresholds 8/8/64 | 128/8/64 | 8/8/512
ip-0A230414:3522:4178 [3] NCCL INFO 2 coll channels, 2 p2p channels, 2 p2p channels per peer
ip-0A230413:50938:51577 [3] NCCL INFO threadThresholds 8/8/64 | 128/8/64 | 8/8/512
ip-0A230413:50938:51577 [3] NCCL INFO 2 coll channels, 2 p2p channels, 2 p2p channels per peer
ip-0A230405:1976:2663 [3] NCCL INFO transport.cc:222 -> 2

ip-0A230405:1976:2663 [3] transport.cc:253 NCCL WARN Cannot initialize CollNet, using point-to-point network instead
ip-0A23040F:66476:67135 [3] NCCL INFO transport.cc:222 -> 2

ip-0A23040F:66476:67135 [3] transport.cc:253 NCCL WARN Cannot initialize CollNet, using point-to-point network instead
ip-0A23040F:66476:67135 [3] NCCL INFO init.cc:765 -> 2
ip-0A23040F:66476:67135 [3] NCCL INFO threadThresholds 8/8/64 | 128/8/64 | 8/8/512
ip-0A23040F:66476:67135 [3] NCCL INFO 2 coll channels, 2 p2p channels, 2 p2p channels per peer
ip-0A23040B:23859:24498 [3] NCCL INFO transport.cc:222 -> 2

ip-0A23040B:23859:24498 [3] transport.cc:253 NCCL WARN Cannot initialize CollNet, using point-to-point network instead
ip-0A230408:50833:51466 [3] NCCL INFO transport.cc:222 -> 2

ip-0A230408:50833:51466 [3] transport.cc:253 NCCL WARN Cannot initialize CollNet, using point-to-point network instead
ip-0A230408:50833:51466 [3] NCCL INFO init.cc:765 -> 2
ip-0A230408:50833:51466 [3] NCCL INFO threadThresholds 8/8/64 | 128/8/64 | 8/8/512
ip-0A230408:50833:51466 [3] NCCL INFO 2 coll channels, 2 p2p channels, 2 p2p channels per peer
ip-0A230407:40114:40750 [3] NCCL INFO threadThresholds 8/8/64 | 128/8/64 | 8/8/512
ip-0A230407:40114:40750 [3] NCCL INFO 2 coll channels, 2 p2p channels, 2 p2p channels per peer
ip-0A23040E:49910:50547 [3] NCCL INFO threadThresholds 8/8/64 | 128/8/64 | 8/8/512
ip-0A230405:1976:2663 [3] NCCL INFO init.cc:765 -> 2
ip-0A23040B:23859:24498 [3] NCCL INFO init.cc:765 -> 2
ip-0A23040E:49910:50547 [3] NCCL INFO 2 coll channels, 2 p2p channels, 2 p2p channels per peer
ip-0A230410:38044:38677 [3] NCCL INFO transport.cc:222 -> 2

ip-0A230410:38044:38677 [3] transport.cc:253 NCCL WARN Cannot initialize CollNet, using point-to-point network instead
ip-0A230410:38044:38677 [3] NCCL INFO init.cc:765 -> 2
ip-0A230405:1976:2663 [3] NCCL INFO threadThresholds 8/8/64 | 128/8/64 | 8/8/512
ip-0A230405:1976:2663 [3] NCCL INFO 2 coll channels, 2 p2p channels, 2 p2p channels per peer
ip-0A230406:86074:86707 [3] NCCL INFO transport.cc:222 -> 2

ip-0A230406:86074:86707 [3] transport.cc:253 NCCL WARN Cannot initialize CollNet, using point-to-point network instead
ip-0A230406:86074:86707 [3] NCCL INFO init.cc:765 -> 2
ip-0A23040B:23859:24498 [3] NCCL INFO threadThresholds 8/8/64 | 128/8/64 | 8/8/512
ip-0A230410:38044:38677 [3] NCCL INFO threadThresholds 8/8/64 | 128/8/64 | 8/8/512
ip-0A230410:38044:38677 [3] NCCL INFO 2 coll channels, 2 p2p channels, 2 p2p channels per peer
ip-0A230406:86074:86707 [3] NCCL INFO threadThresholds 8/8/64 | 128/8/64 | 8/8/512
ip-0A230406:86074:86707 [3] NCCL INFO 2 coll channels, 2 p2p channels, 2 p2p channels per peer
ip-0A23040B:23859:24498 [3] NCCL INFO 2 coll channels, 2 p2p channels, 2 p2p channels per peer
ip-0A230414:3522:4178 [3] NCCL INFO comm 0x150364008fb0 rank 5 nranks 16 cudaDev 3 busId 400000 - Init COMPLETE
ip-0A23041D:5499:6145 [3] NCCL INFO comm 0x14dd30008fb0 rank 10 nranks 16 cudaDev 3 busId 400000 - Init COMPLETE
ip-0A230410:38044:38677 [3] NCCL INFO comm 0x151bc0008fb0 rank 2 nranks 16 cudaDev 3 busId 400000 - Init COMPLETE
ip-0A23040E:49910:50547 [3] NCCL INFO comm 0x1506e0008fb0 rank 14 nranks 16 cudaDev 3 busId 400000 - Init COMPLETE
ip-0A23041A:97379:98034 [3] NCCL INFO comm 0x153434008fb0 rank 9 nranks 16 cudaDev 3 busId 400000 - Init COMPLETE
ip-0A230417:40451:41096 [3] NCCL INFO comm 0x148520008fb0 rank 6 nranks 16 cudaDev 3 busId 400000 - Init COMPLETE
ip-0A23040F:66476:67135 [3] NCCL INFO comm 0x14ef34008fb0 rank 1 nranks 16 cudaDev 3 busId 400000 - Init COMPLETE
ip-0A23040B:23859:24498 [3] NCCL INFO comm 0x14d1ec008fb0 rank 13 nranks 16 cudaDev 3 busId 400000 - Init COMPLETE
ip-0A23040C:48757:49394 [3] NCCL INFO comm 0x14fed8008fb0 rank 15 nranks 16 cudaDev 3 busId 400000 - Init COMPLETE
ip-0A230412:7448:8087 [3] NCCL INFO comm 0x14fdd8008fb0 rank 3 nranks 16 cudaDev 3 busId 400000 - Init COMPLETE
ip-0A230408:50833:51466 [3] NCCL INFO comm 0x14b988008fb0 rank 8 nranks 16 cudaDev 3 busId 400000 - Init COMPLETE
ip-0A230405:1976:2663 [3] NCCL INFO comm 0x1474b0008fb0 rank 11 nranks 16 cudaDev 3 busId 400000 - Init COMPLETE
ip-0A230407:40114:40750 [3] NCCL INFO comm 0x14bdb0008fb0 rank 12 nranks 16 cudaDev 3 busId 400000 - Init COMPLETE
ip-0A230406:86074:86707 [3] NCCL INFO comm 0x147c80008fb0 rank 7 nranks 16 cudaDev 3 busId 400000 - Init COMPLETE
ip-0A230413:50938:51577 [3] NCCL INFO comm 0x149aa0008fb0 rank 4 nranks 16 cudaDev 3 busId 400000 - Init COMPLETE
ip-0A23040D:10049:10700 [3] NCCL INFO Sharp rank 0/16 initialized on mlx5_ib3:1

ip-0A23040D:10049:10700 [3] sharp_plugin.c:288 NCCL WARN NET/IB :SHARP coll init error: Cannot create SHArP job(-11)

ip-0A23040D:10049:10700 [3] NCCL INFO include/coll_net.h:21 -> 3
ip-0A23040D:10049:10693 [3] NCCL INFO transport.cc:222 -> 2

ip-0A23040D:10049:10693 [3] transport.cc:253 NCCL WARN Cannot initialize CollNet, using point-to-point network instead
ip-0A23040D:10049:10693 [3] NCCL INFO init.cc:765 -> 2
ip-0A23040D:10049:10693 [3] NCCL INFO threadThresholds 8/8/64 | 128/8/64 | 8/8/512
ip-0A23040D:10049:10693 [3] NCCL INFO 2 coll channels, 2 p2p channels, 2 p2p channels per peer
ip-0A23040D:10049:10693 [3] NCCL INFO comm 0x14a3f0008fb0 rank 0 nranks 16 cudaDev 3 busId 400000 - Init COMPLETE
ip-0A23040D:10049:10049 [3] NCCL INFO Launch mode Parallel
ip-0A23040D:10040:10040 [4] NCCL INFO Bootstrap : Using eth0:10.35.4.13<0>
ip-0A23040D:10040:10040 [4] NCCL INFO NET/Plugin: Failed to find ncclNetPlugin_v5 symbol.
ip-0A23040D:10040:10040 [4] NCCL INFO NET/Plugin: Failed to find ncclCollNetPlugin_v5 symbol.
ip-0A23040D:10040:10040 [4] NCCL INFO Plugin Path : /opt/hpcx/nccl_rdma_sharp_plugin/lib/libnccl-net.so
ip-0A23040D:10040:10040 [4] NCCL INFO P2P plugin IBext
ip-0A23040D:10040:10040 [4] NCCL INFO NCCL_IB_PCI_RELAXED_ORDERING set by environment to 1.
ip-0A23040D:10040:10040 [4] NCCL INFO NET/IB : Using [0]mlx5_ib0:1/IB/SHARP [1]mlx5_ib1:1/IB/SHARP [2]mlx5_ib2:1/IB/SHARP [3]mlx5_ib3:1/IB/SHARP [4]mlx5_ib4:1/IB/SHARP [5]mlx5_ib5:1/IB/SHARP [6]mlx5_ib6:1/IB/SHARP [7]mlx5_ib7:1/IB/SHARP ; OOB eth0:10.35.4.13<0>
ip-0A23040D:10040:10040 [4] NCCL INFO Using network IBext
NCCL version 2.12.10+cuda11.6
ip-0A230417:40457:40457 [4] NCCL INFO Bootstrap : Using eth0:10.35.4.23<0>
ip-0A23040F:66475:66475 [4] NCCL INFO Bootstrap : Using eth0:10.35.4.15<0>
ip-0A230405:1975:1975 [4] NCCL INFO Bootstrap : Using eth0:10.35.4.5<0>
ip-0A230408:50831:50831 [4] NCCL INFO Bootstrap : Using eth0:10.35.4.8<0>
ip-0A230414:3527:3527 [4] NCCL INFO Bootstrap : Using eth0:10.35.4.20<0>
ip-0A230410:38055:38055 [4] NCCL INFO Bootstrap : Using eth0:10.35.4.16<0>
ip-0A23041D:5497:5497 [4] NCCL INFO Bootstrap : Using eth0:10.35.4.29<0>
ip-0A230413:50937:50937 [4] NCCL INFO Bootstrap : Using eth0:10.35.4.19<0>
ip-0A230412:7443:7443 [4] NCCL INFO Bootstrap : Using eth0:10.35.4.18<0>
ip-0A230407:40117:40117 [4] NCCL INFO Bootstrap : Using eth0:10.35.4.7<0>
ip-0A23041A:97381:97381 [4] NCCL INFO Bootstrap : Using eth0:10.35.4.26<0>
ip-0A23040C:48755:48755 [4] NCCL INFO Bootstrap : Using eth0:10.35.4.12<0>
ip-0A230406:86065:86065 [4] NCCL INFO Bootstrap : Using eth0:10.35.4.6<0>
ip-0A23040E:49907:49907 [4] NCCL INFO Bootstrap : Using eth0:10.35.4.14<0>
ip-0A23040B:23858:23858 [4] NCCL INFO Bootstrap : Using eth0:10.35.4.11<0>
ip-0A23040F:66475:66475 [4] NCCL INFO NET/Plugin: Failed to find ncclNetPlugin_v5 symbol.
ip-0A23040F:66475:66475 [4] NCCL INFO NET/Plugin: Failed to find ncclCollNetPlugin_v5 symbol.
ip-0A230414:3527:3527 [4] NCCL INFO NET/Plugin: Failed to find ncclNetPlugin_v5 symbol.
ip-0A230414:3527:3527 [4] NCCL INFO NET/Plugin: Failed to find ncclCollNetPlugin_v5 symbol.
ip-0A23040F:66475:66475 [4] NCCL INFO Plugin Path : /opt/hpcx/nccl_rdma_sharp_plugin/lib/libnccl-net.so
ip-0A23040F:66475:66475 [4] NCCL INFO P2P plugin IBext
ip-0A23040F:66475:66475 [4] NCCL INFO NCCL_IB_PCI_RELAXED_ORDERING set by environment to 1.
ip-0A230414:3527:3527 [4] NCCL INFO Plugin Path : /opt/hpcx/nccl_rdma_sharp_plugin/lib/libnccl-net.so
ip-0A230414:3527:3527 [4] NCCL INFO P2P plugin IBext
ip-0A230414:3527:3527 [4] NCCL INFO NCCL_IB_PCI_RELAXED_ORDERING set by environment to 1.
ip-0A230408:50831:50831 [4] NCCL INFO NET/Plugin: Failed to find ncclNetPlugin_v5 symbol.
ip-0A230408:50831:50831 [4] NCCL INFO NET/Plugin: Failed to find ncclCollNetPlugin_v5 symbol.
ip-0A230408:50831:50831 [4] NCCL INFO Plugin Path : /opt/hpcx/nccl_rdma_sharp_plugin/lib/libnccl-net.so
ip-0A230408:50831:50831 [4] NCCL INFO P2P plugin IBext
ip-0A230408:50831:50831 [4] NCCL INFO NCCL_IB_PCI_RELAXED_ORDERING set by environment to 1.
ip-0A230410:38055:38055 [4] NCCL INFO NET/Plugin: Failed to find ncclNetPlugin_v5 symbol.
ip-0A230410:38055:38055 [4] NCCL INFO NET/Plugin: Failed to find ncclCollNetPlugin_v5 symbol.
ip-0A230410:38055:38055 [4] NCCL INFO Plugin Path : /opt/hpcx/nccl_rdma_sharp_plugin/lib/libnccl-net.so
ip-0A230410:38055:38055 [4] NCCL INFO P2P plugin IBext
ip-0A230410:38055:38055 [4] NCCL INFO NCCL_IB_PCI_RELAXED_ORDERING set by environment to 1.
ip-0A230405:1975:1975 [4] NCCL INFO NET/Plugin: Failed to find ncclNetPlugin_v5 symbol.
ip-0A230405:1975:1975 [4] NCCL INFO NET/Plugin: Failed to find ncclCollNetPlugin_v5 symbol.
ip-0A230417:40457:40457 [4] NCCL INFO NET/Plugin: Failed to find ncclNetPlugin_v5 symbol.
ip-0A230417:40457:40457 [4] NCCL INFO NET/Plugin: Failed to find ncclCollNetPlugin_v5 symbol.
ip-0A230407:40117:40117 [4] NCCL INFO NET/Plugin: Failed to find ncclNetPlugin_v5 symbol.
ip-0A230407:40117:40117 [4] NCCL INFO NET/Plugin: Failed to find ncclCollNetPlugin_v5 symbol.
ip-0A230405:1975:1975 [4] NCCL INFO Plugin Path : /opt/hpcx/nccl_rdma_sharp_plugin/lib/libnccl-net.so
ip-0A230405:1975:1975 [4] NCCL INFO P2P plugin IBext
ip-0A230405:1975:1975 [4] NCCL INFO NCCL_IB_PCI_RELAXED_ORDERING set by environment to 1.
ip-0A230417:40457:40457 [4] NCCL INFO Plugin Path : /opt/hpcx/nccl_rdma_sharp_plugin/lib/libnccl-net.so
ip-0A230417:40457:40457 [4] NCCL INFO P2P plugin IBext
ip-0A230417:40457:40457 [4] NCCL INFO NCCL_IB_PCI_RELAXED_ORDERING set by environment to 1.
ip-0A230413:50937:50937 [4] NCCL INFO NET/Plugin: Failed to find ncclNetPlugin_v5 symbol.
ip-0A230413:50937:50937 [4] NCCL INFO NET/Plugin: Failed to find ncclCollNetPlugin_v5 symbol.
ip-0A230413:50937:50937 [4] NCCL INFO Plugin Path : /opt/hpcx/nccl_rdma_sharp_plugin/lib/libnccl-net.so
ip-0A230413:50937:50937 [4] NCCL INFO P2P plugin IBext
ip-0A230413:50937:50937 [4] NCCL INFO NCCL_IB_PCI_RELAXED_ORDERING set by environment to 1.
ip-0A230407:40117:40117 [4] NCCL INFO Plugin Path : /opt/hpcx/nccl_rdma_sharp_plugin/lib/libnccl-net.so
ip-0A230407:40117:40117 [4] NCCL INFO P2P plugin IBext
ip-0A230407:40117:40117 [4] NCCL INFO NCCL_IB_PCI_RELAXED_ORDERING set by environment to 1.
ip-0A23041D:5497:5497 [4] NCCL INFO NET/Plugin: Failed to find ncclNetPlugin_v5 symbol.
ip-0A23041D:5497:5497 [4] NCCL INFO NET/Plugin: Failed to find ncclCollNetPlugin_v5 symbol.
ip-0A23041D:5497:5497 [4] NCCL INFO Plugin Path : /opt/hpcx/nccl_rdma_sharp_plugin/lib/libnccl-net.so
ip-0A23041D:5497:5497 [4] NCCL INFO P2P plugin IBext
ip-0A23041D:5497:5497 [4] NCCL INFO NCCL_IB_PCI_RELAXED_ORDERING set by environment to 1.
ip-0A23040C:48755:48755 [4] NCCL INFO NET/Plugin: Failed to find ncclNetPlugin_v5 symbol.
ip-0A23040C:48755:48755 [4] NCCL INFO NET/Plugin: Failed to find ncclCollNetPlugin_v5 symbol.
ip-0A23040C:48755:48755 [4] NCCL INFO Plugin Path : /opt/hpcx/nccl_rdma_sharp_plugin/lib/libnccl-net.so
ip-0A23040C:48755:48755 [4] NCCL INFO P2P plugin IBext
ip-0A23040C:48755:48755 [4] NCCL INFO NCCL_IB_PCI_RELAXED_ORDERING set by environment to 1.
ip-0A230412:7443:7443 [4] NCCL INFO NET/Plugin: Failed to find ncclNetPlugin_v5 symbol.
ip-0A230412:7443:7443 [4] NCCL INFO NET/Plugin: Failed to find ncclCollNetPlugin_v5 symbol.
ip-0A23041A:97381:97381 [4] NCCL INFO NET/Plugin: Failed to find ncclNetPlugin_v5 symbol.
ip-0A23041A:97381:97381 [4] NCCL INFO NET/Plugin: Failed to find ncclCollNetPlugin_v5 symbol.
ip-0A230412:7443:7443 [4] NCCL INFO Plugin Path : /opt/hpcx/nccl_rdma_sharp_plugin/lib/libnccl-net.so
ip-0A230412:7443:7443 [4] NCCL INFO P2P plugin IBext
ip-0A230412:7443:7443 [4] NCCL INFO NCCL_IB_PCI_RELAXED_ORDERING set by environment to 1.
ip-0A23041A:97381:97381 [4] NCCL INFO Plugin Path : /opt/hpcx/nccl_rdma_sharp_plugin/lib/libnccl-net.so
ip-0A23041A:97381:97381 [4] NCCL INFO P2P plugin IBext
ip-0A23041A:97381:97381 [4] NCCL INFO NCCL_IB_PCI_RELAXED_ORDERING set by environment to 1.
ip-0A23040E:49907:49907 [4] NCCL INFO NET/Plugin: Failed to find ncclNetPlugin_v5 symbol.
ip-0A23040E:49907:49907 [4] NCCL INFO NET/Plugin: Failed to find ncclCollNetPlugin_v5 symbol.
ip-0A23040E:49907:49907 [4] NCCL INFO Plugin Path : /opt/hpcx/nccl_rdma_sharp_plugin/lib/libnccl-net.so
ip-0A23040E:49907:49907 [4] NCCL INFO P2P plugin IBext
ip-0A23040E:49907:49907 [4] NCCL INFO NCCL_IB_PCI_RELAXED_ORDERING set by environment to 1.
ip-0A230406:86065:86065 [4] NCCL INFO NET/Plugin: Failed to find ncclNetPlugin_v5 symbol.
ip-0A230406:86065:86065 [4] NCCL INFO NET/Plugin: Failed to find ncclCollNetPlugin_v5 symbol.
ip-0A230406:86065:86065 [4] NCCL INFO Plugin Path : /opt/hpcx/nccl_rdma_sharp_plugin/lib/libnccl-net.so
ip-0A230406:86065:86065 [4] NCCL INFO P2P plugin IBext
ip-0A230406:86065:86065 [4] NCCL INFO NCCL_IB_PCI_RELAXED_ORDERING set by environment to 1.
ip-0A23040B:23858:23858 [4] NCCL INFO NET/Plugin: Failed to find ncclNetPlugin_v5 symbol.
ip-0A23040B:23858:23858 [4] NCCL INFO NET/Plugin: Failed to find ncclCollNetPlugin_v5 symbol.
ip-0A23040B:23858:23858 [4] NCCL INFO Plugin Path : /opt/hpcx/nccl_rdma_sharp_plugin/lib/libnccl-net.so
ip-0A23040B:23858:23858 [4] NCCL INFO P2P plugin IBext
ip-0A23040B:23858:23858 [4] NCCL INFO NCCL_IB_PCI_RELAXED_ORDERING set by environment to 1.
ip-0A230414:3527:3527 [4] NCCL INFO NET/IB : Using [0]mlx5_ib0:1/IB/SHARP [1]mlx5_ib1:1/IB/SHARP [2]mlx5_ib2:1/IB/SHARP [3]mlx5_ib3:1/IB/SHARP [4]mlx5_ib4:1/IB/SHARP [5]mlx5_ib5:1/IB/SHARP [6]mlx5_ib6:1/IB/SHARP [7]mlx5_ib7:1/IB/SHARP ; OOB eth0:10.35.4.20<0>
ip-0A230414:3527:3527 [4] NCCL INFO Using network IBext
ip-0A230408:50831:50831 [4] NCCL INFO NET/IB : Using [0]mlx5_ib0:1/IB/SHARP [1]mlx5_ib1:1/IB/SHARP [2]mlx5_ib2:1/IB/SHARP [3]mlx5_ib3:1/IB/SHARP [4]mlx5_ib4:1/IB/SHARP [5]mlx5_ib5:1/IB/SHARP [6]mlx5_ib6:1/IB/SHARP [7]mlx5_ib7:1/IB/SHARP ; OOB eth0:10.35.4.8<0>
ip-0A230408:50831:50831 [4] NCCL INFO Using network IBext
ip-0A23040F:66475:66475 [4] NCCL INFO NET/IB : Using [0]mlx5_ib0:1/IB/SHARP [1]mlx5_ib1:1/IB/SHARP [2]mlx5_ib2:1/IB/SHARP [3]mlx5_ib3:1/IB/SHARP [4]mlx5_ib4:1/IB/SHARP [5]mlx5_ib5:1/IB/SHARP [6]mlx5_ib6:1/IB/SHARP [7]mlx5_ib7:1/IB/SHARP ; OOB eth0:10.35.4.15<0>
ip-0A23040F:66475:66475 [4] NCCL INFO Using network IBext
ip-0A230417:40457:40457 [4] NCCL INFO NET/IB : Using [0]mlx5_ib0:1/IB/SHARP [1]mlx5_ib1:1/IB/SHARP [2]mlx5_ib2:1/IB/SHARP [3]mlx5_ib3:1/IB/SHARP [4]mlx5_ib4:1/IB/SHARP [5]mlx5_ib5:1/IB/SHARP [6]mlx5_ib6:1/IB/SHARP [7]mlx5_ib7:1/IB/SHARP ; OOB eth0:10.35.4.23<0>
ip-0A230417:40457:40457 [4] NCCL INFO Using network IBext
ip-0A230407:40117:40117 [4] NCCL INFO NET/IB : Using [0]mlx5_ib0:1/IB/SHARP [1]mlx5_ib1:1/IB/SHARP [2]mlx5_ib2:1/IB/SHARP [3]mlx5_ib3:1/IB/SHARP [4]mlx5_ib4:1/IB/SHARP [5]mlx5_ib5:1/IB/SHARP [6]mlx5_ib6:1/IB/SHARP [7]mlx5_ib7:1/IB/SHARP ; OOB eth0:10.35.4.7<0>
ip-0A230407:40117:40117 [4] NCCL INFO Using network IBext
ip-0A230410:38055:38055 [4] NCCL INFO NET/IB : Using [0]mlx5_ib0:1/IB/SHARP [1]mlx5_ib1:1/IB/SHARP [2]mlx5_ib2:1/IB/SHARP [3]mlx5_ib3:1/IB/SHARP [4]mlx5_ib4:1/IB/SHARP [5]mlx5_ib5:1/IB/SHARP [6]mlx5_ib6:1/IB/SHARP [7]mlx5_ib7:1/IB/SHARP ; OOB eth0:10.35.4.16<0>
ip-0A230405:1975:1975 [4] NCCL INFO NET/IB : Using [0]mlx5_ib0:1/IB/SHARP [1]mlx5_ib1:1/IB/SHARP [2]mlx5_ib2:1/IB/SHARP [3]mlx5_ib3:1/IB/SHARP [4]mlx5_ib4:1/IB/SHARP [5]mlx5_ib5:1/IB/SHARP [6]mlx5_ib6:1/IB/SHARP [7]mlx5_ib7:1/IB/SHARP ; OOB eth0:10.35.4.5<0>
ip-0A230405:1975:1975 [4] NCCL INFO Using network IBext
ip-0A230410:38055:38055 [4] NCCL INFO Using network IBext
ip-0A23041A:97381:97381 [4] NCCL INFO NET/IB : Using [0]mlx5_ib0:1/IB/SHARP [1]mlx5_ib1:1/IB/SHARP [2]mlx5_ib2:1/IB/SHARP [3]mlx5_ib3:1/IB/SHARP [4]mlx5_ib4:1/IB/SHARP [5]mlx5_ib5:1/IB/SHARP [6]mlx5_ib6:1/IB/SHARP [7]mlx5_ib7:1/IB/SHARP ; OOB eth0:10.35.4.26<0>
ip-0A23041A:97381:97381 [4] NCCL INFO Using network IBext
ip-0A230413:50937:50937 [4] NCCL INFO NET/IB : Using [0]mlx5_ib0:1/IB/SHARP [1]mlx5_ib1:1/IB/SHARP [2]mlx5_ib2:1/IB/SHARP [3]mlx5_ib3:1/IB/SHARP [4]mlx5_ib4:1/IB/SHARP [5]mlx5_ib5:1/IB/SHARP [6]mlx5_ib6:1/IB/SHARP [7]mlx5_ib7:1/IB/SHARP ; OOB eth0:10.35.4.19<0>
ip-0A230413:50937:50937 [4] NCCL INFO Using network IBext
ip-0A23041D:5497:5497 [4] NCCL INFO NET/IB : Using [0]mlx5_ib0:1/IB/SHARP [1]mlx5_ib1:1/IB/SHARP [2]mlx5_ib2:1/IB/SHARP [3]mlx5_ib3:1/IB/SHARP [4]mlx5_ib4:1/IB/SHARP [5]mlx5_ib5:1/IB/SHARP [6]mlx5_ib6:1/IB/SHARP [7]mlx5_ib7:1/IB/SHARP ; OOB eth0:10.35.4.29<0>
ip-0A23041D:5497:5497 [4] NCCL INFO Using network IBext
ip-0A23040C:48755:48755 [4] NCCL INFO NET/IB : Using [0]mlx5_ib0:1/IB/SHARP [1]mlx5_ib1:1/IB/SHARP [2]mlx5_ib2:1/IB/SHARP [3]mlx5_ib3:1/IB/SHARP [4]mlx5_ib4:1/IB/SHARP [5]mlx5_ib5:1/IB/SHARP [6]mlx5_ib6:1/IB/SHARP [7]mlx5_ib7:1/IB/SHARP ; OOB eth0:10.35.4.12<0>
ip-0A230406:86065:86065 [4] NCCL INFO NET/IB : Using [0]mlx5_ib0:1/IB/SHARP [1]mlx5_ib1:1/IB/SHARP [2]mlx5_ib2:1/IB/SHARP [3]mlx5_ib3:1/IB/SHARP [4]mlx5_ib4:1/IB/SHARP [5]mlx5_ib5:1/IB/SHARP [6]mlx5_ib6:1/IB/SHARP [7]mlx5_ib7:1/IB/SHARP ; OOB eth0:10.35.4.6<0>
ip-0A230406:86065:86065 [4] NCCL INFO Using network IBext
ip-0A23040C:48755:48755 [4] NCCL INFO Using network IBext
ip-0A230412:7443:7443 [4] NCCL INFO NET/IB : Using [0]mlx5_ib0:1/IB/SHARP [1]mlx5_ib1:1/IB/SHARP [2]mlx5_ib2:1/IB/SHARP [3]mlx5_ib3:1/IB/SHARP [4]mlx5_ib4:1/IB/SHARP [5]mlx5_ib5:1/IB/SHARP [6]mlx5_ib6:1/IB/SHARP [7]mlx5_ib7:1/IB/SHARP ; OOB eth0:10.35.4.18<0>
ip-0A230412:7443:7443 [4] NCCL INFO Using network IBext
ip-0A23040E:49907:49907 [4] NCCL INFO NET/IB : Using [0]mlx5_ib0:1/IB/SHARP [1]mlx5_ib1:1/IB/SHARP [2]mlx5_ib2:1/IB/SHARP [3]mlx5_ib3:1/IB/SHARP [4]mlx5_ib4:1/IB/SHARP [5]mlx5_ib5:1/IB/SHARP [6]mlx5_ib6:1/IB/SHARP [7]mlx5_ib7:1/IB/SHARP ; OOB eth0:10.35.4.14<0>
ip-0A23040E:49907:49907 [4] NCCL INFO Using network IBext
ip-0A23040B:23858:23858 [4] NCCL INFO NET/IB : Using [0]mlx5_ib0:1/IB/SHARP [1]mlx5_ib1:1/IB/SHARP [2]mlx5_ib2:1/IB/SHARP [3]mlx5_ib3:1/IB/SHARP [4]mlx5_ib4:1/IB/SHARP [5]mlx5_ib5:1/IB/SHARP [6]mlx5_ib6:1/IB/SHARP [7]mlx5_ib7:1/IB/SHARP ; OOB eth0:10.35.4.11<0>
ip-0A23040B:23858:23858 [4] NCCL INFO Using network IBext
ip-0A23040F:66475:67149 [4] NCCL INFO NCCL_P2P_LEVEL set by environment to LOC
ip-0A23040E:49907:50560 [4] NCCL INFO NCCL_P2P_LEVEL set by environment to LOC
ip-0A23040F:66475:67149 [4] NCCL INFO PXN Disabled as plugin is v4
ip-0A23040E:49907:50560 [4] NCCL INFO PXN Disabled as plugin is v4
ip-0A23040F:66475:67149 [4] NCCL INFO NCCL_COLLNET_ENABLE set by environment to 1.
ip-0A23040E:49907:50560 [4] NCCL INFO NCCL_COLLNET_ENABLE set by environment to 1.
ip-0A23040C:48755:49407 [4] NCCL INFO NCCL_P2P_LEVEL set by environment to LOC
ip-0A230413:50937:51590 [4] NCCL INFO NCCL_P2P_LEVEL set by environment to LOC
ip-0A23040C:48755:49407 [4] NCCL INFO PXN Disabled as plugin is v4
ip-0A230406:86065:86720 [4] NCCL INFO NCCL_P2P_LEVEL set by environment to LOC
ip-0A230413:50937:51590 [4] NCCL INFO PXN Disabled as plugin is v4
ip-0A23040C:48755:49407 [4] NCCL INFO NCCL_COLLNET_ENABLE set by environment to 1.
ip-0A230414:3527:4191 [4] NCCL INFO NCCL_P2P_LEVEL set by environment to LOC
ip-0A230406:86065:86720 [4] NCCL INFO PXN Disabled as plugin is v4
ip-0A23040B:23858:24511 [4] NCCL INFO NCCL_P2P_LEVEL set by environment to LOC
ip-0A230412:7443:8101 [4] NCCL INFO NCCL_P2P_LEVEL set by environment to LOC
ip-0A230413:50937:51590 [4] NCCL INFO NCCL_COLLNET_ENABLE set by environment to 1.
ip-0A230414:3527:4191 [4] NCCL INFO PXN Disabled as plugin is v4
ip-0A23040B:23858:24511 [4] NCCL INFO PXN Disabled as plugin is v4
ip-0A230412:7443:8101 [4] NCCL INFO PXN Disabled as plugin is v4
ip-0A230406:86065:86720 [4] NCCL INFO NCCL_COLLNET_ENABLE set by environment to 1.
ip-0A230414:3527:4191 [4] NCCL INFO NCCL_COLLNET_ENABLE set by environment to 1.
ip-0A23040B:23858:24511 [4] NCCL INFO NCCL_COLLNET_ENABLE set by environment to 1.
ip-0A230412:7443:8101 [4] NCCL INFO NCCL_COLLNET_ENABLE set by environment to 1.
ip-0A230410:38055:38691 [4] NCCL INFO NCCL_P2P_LEVEL set by environment to LOC
ip-0A23041D:5497:6159 [4] NCCL INFO NCCL_P2P_LEVEL set by environment to LOC
ip-0A230410:38055:38691 [4] NCCL INFO PXN Disabled as plugin is v4
ip-0A230407:40117:40763 [4] NCCL INFO NCCL_P2P_LEVEL set by environment to LOC
ip-0A230405:1975:2678 [4] NCCL INFO NCCL_P2P_LEVEL set by environment to LOC
ip-0A23041D:5497:6159 [4] NCCL INFO PXN Disabled as plugin is v4
ip-0A230417:40457:41119 [4] NCCL INFO NCCL_P2P_LEVEL set by environment to LOC
ip-0A230408:50831:51480 [4] NCCL INFO NCCL_P2P_LEVEL set by environment to LOC
ip-0A230407:40117:40763 [4] NCCL INFO PXN Disabled as plugin is v4
ip-0A230410:38055:38691 [4] NCCL INFO NCCL_COLLNET_ENABLE set by environment to 1.
ip-0A230405:1975:2678 [4] NCCL INFO PXN Disabled as plugin is v4
ip-0A23041D:5497:6159 [4] NCCL INFO NCCL_COLLNET_ENABLE set by environment to 1.
ip-0A230417:40457:41119 [4] NCCL INFO PXN Disabled as plugin is v4
ip-0A230408:50831:51480 [4] NCCL INFO PXN Disabled as plugin is v4
ip-0A230407:40117:40763 [4] NCCL INFO NCCL_COLLNET_ENABLE set by environment to 1.
ip-0A230405:1975:2678 [4] NCCL INFO NCCL_COLLNET_ENABLE set by environment to 1.
ip-0A230417:40457:41119 [4] NCCL INFO NCCL_COLLNET_ENABLE set by environment to 1.
ip-0A23041A:97381:98047 [4] NCCL INFO NCCL_P2P_LEVEL set by environment to LOC
ip-0A230408:50831:51480 [4] NCCL INFO NCCL_COLLNET_ENABLE set by environment to 1.
ip-0A23041A:97381:98047 [4] NCCL INFO PXN Disabled as plugin is v4
ip-0A23041A:97381:98047 [4] NCCL INFO NCCL_COLLNET_ENABLE set by environment to 1.
ip-0A23040D:10040:10717 [4] NCCL INFO NCCL_P2P_LEVEL set by environment to LOC
ip-0A23040D:10040:10717 [4] NCCL INFO PXN Disabled as plugin is v4
ip-0A23040D:10040:10717 [4] NCCL INFO NCCL_COLLNET_ENABLE set by environment to 1.
ip-0A23040D:10040:10717 [4] NCCL INFO Channel 00/02 :    0   1   2   3   4   5   6   7   8   9  10  11  12  13  14  15
ip-0A23040D:10040:10717 [4] NCCL INFO Channel 01/02 :    0   1   2   3   4   5   6   7   8   9  10  11  12  13  14  15
ip-0A23040D:10040:10717 [4] NCCL INFO Trees [0] 8/-1/-1->0->-1 [1] -1/-1/-1->0->1
ip-0A23040F:66475:67149 [4] NCCL INFO Trees [0] -1/-1/-1->1->2 [1] 2/0/-1->1->3
ip-0A230410:38055:38691 [4] NCCL INFO Trees [0] 1/3/-1->2->4 [1] -1/-1/-1->2->1
ip-0A230413:50937:51590 [4] NCCL INFO Trees [0] 2/6/-1->4->8 [1] -1/-1/-1->4->5
ip-0A230412:7443:8101 [4] NCCL INFO Trees [0] -1/-1/-1->3->2 [1] 5/1/-1->3->7
ip-0A230414:3527:4191 [4] NCCL INFO Trees [0] -1/-1/-1->5->6 [1] 6/4/-1->5->3
ip-0A230417:40457:41119 [4] NCCL INFO Trees [0] 5/7/-1->6->4 [1] -1/-1/-1->6->5
ip-0A230406:86065:86720 [4] NCCL INFO Trees [0] -1/-1/-1->7->6 [1] 11/3/-1->7->15
ip-0A230408:50831:51480 [4] NCCL INFO Trees [0] 4/12/-1->8->0 [1] -1/-1/-1->8->9
ip-0A23041A:97381:98047 [4] NCCL INFO Trees [0] -1/-1/-1->9->10 [1] 10/8/-1->9->11
ip-0A23041D:5497:6159 [4] NCCL INFO Trees [0] 9/11/-1->10->12 [1] -1/-1/-1->10->9
ip-0A230405:1975:2678 [4] NCCL INFO Trees [0] -1/-1/-1->11->10 [1] 13/9/-1->11->7
ip-0A230407:40117:40763 [4] NCCL INFO Trees [0] 10/14/-1->12->8 [1] -1/-1/-1->12->13
ip-0A23040B:23858:24511 [4] NCCL INFO Trees [0] -1/-1/-1->13->14 [1] 14/12/-1->13->11
ip-0A23040E:49907:50560 [4] NCCL INFO Trees [0] 13/15/-1->14->12 [1] -1/-1/-1->14->13
ip-0A23040C:48755:49407 [4] NCCL INFO Trees [0] -1/-1/-1->15->14 [1] 7/-1/-1->15->-1
ip-0A23040D:10040:10717 [4] NCCL INFO Channel 00/0 : 15[b00000] -> 0[b00000] [receive] via NET/IBext/4
ip-0A23040D:10040:10717 [4] NCCL INFO Channel 01/0 : 15[b00000] -> 0[b00000] [receive] via NET/IBext/4
ip-0A23040D:10040:10717 [4] NCCL INFO Channel 00/0 : 0[b00000] -> 1[b00000] [send] via NET/IBext/4
ip-0A23040D:10040:10717 [4] NCCL INFO Channel 01/0 : 0[b00000] -> 1[b00000] [send] via NET/IBext/4
ip-0A23040F:66475:67149 [4] NCCL INFO Channel 00/0 : 0[b00000] -> 1[b00000] [receive] via NET/IBext/4
ip-0A230410:38055:38691 [4] NCCL INFO Channel 00/0 : 1[b00000] -> 2[b00000] [receive] via NET/IBext/4
ip-0A230412:7443:8101 [4] NCCL INFO Channel 00/0 : 2[b00000] -> 3[b00000] [receive] via NET/IBext/4
ip-0A23040F:66475:67149 [4] NCCL INFO Channel 01/0 : 0[b00000] -> 1[b00000] [receive] via NET/IBext/4
ip-0A23040F:66475:67149 [4] NCCL INFO Channel 00/0 : 1[b00000] -> 2[b00000] [send] via NET/IBext/4
ip-0A230410:38055:38691 [4] NCCL INFO Channel 01/0 : 1[b00000] -> 2[b00000] [receive] via NET/IBext/4
ip-0A230410:38055:38691 [4] NCCL INFO Channel 00/0 : 2[b00000] -> 3[b00000] [send] via NET/IBext/4
ip-0A230413:50937:51590 [4] NCCL INFO Channel 00/0 : 3[b00000] -> 4[b00000] [receive] via NET/IBext/4
ip-0A23040F:66475:67149 [4] NCCL INFO Channel 01/0 : 1[b00000] -> 2[b00000] [send] via NET/IBext/4
ip-0A230412:7443:8101 [4] NCCL INFO Channel 01/0 : 2[b00000] -> 3[b00000] [receive] via NET/IBext/4
ip-0A230412:7443:8101 [4] NCCL INFO Channel 00/0 : 3[b00000] -> 4[b00000] [send] via NET/IBext/4
ip-0A230414:3527:4191 [4] NCCL INFO Channel 00/0 : 4[b00000] -> 5[b00000] [receive] via NET/IBext/4
ip-0A230417:40457:41119 [4] NCCL INFO Channel 00/0 : 5[b00000] -> 6[b00000] [receive] via NET/IBext/4
ip-0A230410:38055:38691 [4] NCCL INFO Channel 01/0 : 2[b00000] -> 3[b00000] [send] via NET/IBext/4
ip-0A230413:50937:51590 [4] NCCL INFO Channel 01/0 : 3[b00000] -> 4[b00000] [receive] via NET/IBext/4
ip-0A230412:7443:8101 [4] NCCL INFO Channel 01/0 : 3[b00000] -> 4[b00000] [send] via NET/IBext/4
ip-0A230413:50937:51590 [4] NCCL INFO Channel 00/0 : 4[b00000] -> 5[b00000] [send] via NET/IBext/4
ip-0A230414:3527:4191 [4] NCCL INFO Channel 01/0 : 4[b00000] -> 5[b00000] [receive] via NET/IBext/4
ip-0A230414:3527:4191 [4] NCCL INFO Channel 00/0 : 5[b00000] -> 6[b00000] [send] via NET/IBext/4
ip-0A230408:50831:51480 [4] NCCL INFO Channel 00/0 : 7[b00000] -> 8[b00000] [receive] via NET/IBext/4
ip-0A230413:50937:51590 [4] NCCL INFO Channel 01/0 : 4[b00000] -> 5[b00000] [send] via NET/IBext/4
ip-0A230406:86065:86720 [4] NCCL INFO Channel 00/0 : 6[b00000] -> 7[b00000] [receive] via NET/IBext/4
ip-0A230417:40457:41119 [4] NCCL INFO Channel 01/0 : 5[b00000] -> 6[b00000] [receive] via NET/IBext/4
ip-0A230417:40457:41119 [4] NCCL INFO Channel 00/0 : 6[b00000] -> 7[b00000] [send] via NET/IBext/4
ip-0A230417:40457:41119 [4] NCCL INFO Channel 01/0 : 6[b00000] -> 7[b00000] [send] via NET/IBext/4
ip-0A230414:3527:4191 [4] NCCL INFO Channel 01/0 : 5[b00000] -> 6[b00000] [send] via NET/IBext/4
ip-0A23041A:97381:98047 [4] NCCL INFO Channel 00/0 : 8[b00000] -> 9[b00000] [receive] via NET/IBext/4
ip-0A230408:50831:51480 [4] NCCL INFO Channel 01/0 : 7[b00000] -> 8[b00000] [receive] via NET/IBext/4
ip-0A230408:50831:51480 [4] NCCL INFO Channel 00/0 : 8[b00000] -> 9[b00000] [send] via NET/IBext/4
ip-0A230408:50831:51480 [4] NCCL INFO Channel 01/0 : 8[b00000] -> 9[b00000] [send] via NET/IBext/4
ip-0A23041D:5497:6159 [4] NCCL INFO Channel 00/0 : 9[b00000] -> 10[b00000] [receive] via NET/IBext/4
ip-0A23041A:97381:98047 [4] NCCL INFO Channel 01/0 : 8[b00000] -> 9[b00000] [receive] via NET/IBext/4
ip-0A230406:86065:86720 [4] NCCL INFO Channel 01/0 : 6[b00000] -> 7[b00000] [receive] via NET/IBext/4
ip-0A23041A:97381:98047 [4] NCCL INFO Channel 00/0 : 9[b00000] -> 10[b00000] [send] via NET/IBext/4
ip-0A230406:86065:86720 [4] NCCL INFO Channel 00/0 : 7[b00000] -> 8[b00000] [send] via NET/IBext/4
ip-0A230405:1975:2678 [4] NCCL INFO Channel 00/0 : 10[b00000] -> 11[b00000] [receive] via NET/IBext/4
ip-0A230406:86065:86720 [4] NCCL INFO Channel 01/0 : 7[b00000] -> 8[b00000] [send] via NET/IBext/4
ip-0A23041D:5497:6159 [4] NCCL INFO Channel 01/0 : 9[b00000] -> 10[b00000] [receive] via NET/IBext/4
ip-0A23041D:5497:6159 [4] NCCL INFO Channel 00/0 : 10[b00000] -> 11[b00000] [send] via NET/IBext/4
ip-0A230407:40117:40763 [4] NCCL INFO Channel 00/0 : 11[b00000] -> 12[b00000] [receive] via NET/IBext/4
ip-0A23041A:97381:98047 [4] NCCL INFO Channel 01/0 : 9[b00000] -> 10[b00000] [send] via NET/IBext/4
ip-0A230405:1975:2678 [4] NCCL INFO Channel 01/0 : 10[b00000] -> 11[b00000] [receive] via NET/IBext/4
ip-0A23041D:5497:6159 [4] NCCL INFO Channel 01/0 : 10[b00000] -> 11[b00000] [send] via NET/IBext/4
ip-0A230405:1975:2678 [4] NCCL INFO Channel 00/0 : 11[b00000] -> 12[b00000] [send] via NET/IBext/4
ip-0A23040B:23858:24511 [4] NCCL INFO Channel 00/0 : 12[b00000] -> 13[b00000] [receive] via NET/IBext/4
ip-0A230407:40117:40763 [4] NCCL INFO Channel 01/0 : 11[b00000] -> 12[b00000] [receive] via NET/IBext/4
ip-0A230407:40117:40763 [4] NCCL INFO Channel 00/0 : 12[b00000] -> 13[b00000] [send] via NET/IBext/4
ip-0A230405:1975:2678 [4] NCCL INFO Channel 01/0 : 11[b00000] -> 12[b00000] [send] via NET/IBext/4
ip-0A23040C:48755:49407 [4] NCCL INFO Channel 00/0 : 14[b00000] -> 15[b00000] [receive] via NET/IBext/4
ip-0A23040E:49907:50560 [4] NCCL INFO Channel 00/0 : 13[b00000] -> 14[b00000] [receive] via NET/IBext/4
ip-0A23040B:23858:24511 [4] NCCL INFO Channel 01/0 : 12[b00000] -> 13[b00000] [receive] via NET/IBext/4
ip-0A23040B:23858:24511 [4] NCCL INFO Channel 00/0 : 13[b00000] -> 14[b00000] [send] via NET/IBext/4
ip-0A230407:40117:40763 [4] NCCL INFO Channel 01/0 : 12[b00000] -> 13[b00000] [send] via NET/IBext/4
ip-0A23040C:48755:49407 [4] NCCL INFO Channel 01/0 : 14[b00000] -> 15[b00000] [receive] via NET/IBext/4
ip-0A23040C:48755:49407 [4] NCCL INFO Channel 00/0 : 15[b00000] -> 0[b00000] [send] via NET/IBext/4
ip-0A23040E:49907:50560 [4] NCCL INFO Channel 01/0 : 13[b00000] -> 14[b00000] [receive] via NET/IBext/4
ip-0A23040E:49907:50560 [4] NCCL INFO Channel 00/0 : 14[b00000] -> 15[b00000] [send] via NET/IBext/4
ip-0A23040B:23858:24511 [4] NCCL INFO Channel 01/0 : 13[b00000] -> 14[b00000] [send] via NET/IBext/4
ip-0A23040C:48755:49407 [4] NCCL INFO Channel 01/0 : 15[b00000] -> 0[b00000] [send] via NET/IBext/4
ip-0A23040E:49907:50560 [4] NCCL INFO Channel 01/0 : 14[b00000] -> 15[b00000] [send] via NET/IBext/4
ip-0A230414:3527:4191 [4] NCCL INFO Connected all rings
ip-0A230408:50831:51480 [4] NCCL INFO Connected all rings
ip-0A23040F:66475:67149 [4] NCCL INFO Connected all rings
ip-0A230417:40457:41119 [4] NCCL INFO Connected all rings
ip-0A230410:38055:38691 [4] NCCL INFO Connected all rings
ip-0A230412:7443:8101 [4] NCCL INFO Connected all rings
ip-0A230413:50937:51590 [4] NCCL INFO Connected all rings
ip-0A230406:86065:86720 [4] NCCL INFO Connected all rings
ip-0A23040B:23858:24511 [4] NCCL INFO Connected all rings
ip-0A23041D:5497:6159 [4] NCCL INFO Connected all rings
ip-0A230405:1975:2678 [4] NCCL INFO Connected all rings
ip-0A230407:40117:40763 [4] NCCL INFO Connected all rings
ip-0A23040C:48755:49407 [4] NCCL INFO Connected all rings
ip-0A23040E:49907:50560 [4] NCCL INFO Connected all rings
ip-0A23040D:10040:10717 [4] NCCL INFO Connected all rings
ip-0A23041A:97381:98047 [4] NCCL INFO Connected all rings
ip-0A23040B:23858:24511 [4] NCCL INFO Channel 01/0 : 11[b00000] -> 13[b00000] [receive] via NET/IBext/4
ip-0A23040F:66475:67149 [4] NCCL INFO Channel 01/0 : 1[b00000] -> 3[b00000] [send] via NET/IBext/4
ip-0A230414:3527:4191 [4] NCCL INFO Channel 01/0 : 3[b00000] -> 5[b00000] [receive] via NET/IBext/4
ip-0A23041D:5497:6159 [4] NCCL INFO Channel 00/0 : 10[b00000] -> 12[b00000] [send] via NET/IBext/4
ip-0A23040C:48755:49407 [4] NCCL INFO Channel 01/0 : 7[b00000] -> 15[b00000] [receive] via NET/IBext/4
ip-0A23040C:48755:49407 [4] NCCL INFO Channel 01/0 : 15[b00000] -> 7[b00000] [send] via NET/IBext/4
ip-0A230412:7443:8101 [4] NCCL INFO Channel 01/0 : 1[b00000] -> 3[b00000] [receive] via NET/IBext/4
ip-0A23041A:97381:98047 [4] NCCL INFO Channel 01/0 : 9[b00000] -> 11[b00000] [send] via NET/IBext/4
ip-0A230408:50831:51480 [4] NCCL INFO Channel 00/0 : 4[b00000] -> 8[b00000] [receive] via NET/IBext/4
ip-0A230412:7443:8101 [4] NCCL INFO Channel 01/0 : 3[b00000] -> 5[b00000] [send] via NET/IBext/4
ip-0A230408:50831:51480 [4] NCCL INFO Channel 00/0 : 8[b00000] -> 12[b00000] [send] via NET/IBext/4
ip-0A230410:38055:38691 [4] NCCL INFO Channel 00/0 : 2[b00000] -> 4[b00000] [send] via NET/IBext/4
ip-0A23040E:49907:50560 [4] NCCL INFO Channel 00/0 : 12[b00000] -> 14[b00000] [receive] via NET/IBext/4
ip-0A230405:1975:2678 [4] NCCL INFO Channel 01/0 : 9[b00000] -> 11[b00000] [receive] via NET/IBext/4
ip-0A230407:40117:40763 [4] NCCL INFO Channel 00/0 : 10[b00000] -> 12[b00000] [receive] via NET/IBext/4
ip-0A230405:1975:2678 [4] NCCL INFO Channel 01/0 : 11[b00000] -> 13[b00000] [send] via NET/IBext/4
ip-0A23040D:10040:10717 [4] NCCL INFO Channel 00/0 : 8[b00000] -> 0[b00000] [receive] via NET/IBext/4
ip-0A230406:86065:86720 [4] NCCL INFO Channel 01/0 : 3[b00000] -> 7[b00000] [receive] via NET/IBext/4
ip-0A230417:40457:41119 [4] NCCL INFO Channel 00/0 : 4[b00000] -> 6[b00000] [receive] via NET/IBext/4
ip-0A23040D:10040:10717 [4] NCCL INFO Channel 00/0 : 0[b00000] -> 8[b00000] [send] via NET/IBext/4
ip-0A230407:40117:40763 [4] NCCL INFO Channel 00/0 : 12[b00000] -> 14[b00000] [send] via NET/IBext/4
ip-0A230406:86065:86720 [4] NCCL INFO Channel 01/0 : 7[b00000] -> 11[b00000] [send] via NET/IBext/4
ip-0A230413:50937:51590 [4] NCCL INFO Channel 00/0 : 2[b00000] -> 4[b00000] [receive] via NET/IBext/4
ip-0A230413:50937:51590 [4] NCCL INFO Channel 00/0 : 4[b00000] -> 6[b00000] [send] via NET/IBext/4
ip-0A23040F:66475:67149 [4] NCCL INFO Channel 01/0 : 3[b00000] -> 1[b00000] [receive] via NET/IBext/4
ip-0A23041A:97381:98047 [4] NCCL INFO Channel 01/0 : 11[b00000] -> 9[b00000] [receive] via NET/IBext/4
ip-0A23041D:5497:6159 [4] NCCL INFO Channel 00/0 : 12[b00000] -> 10[b00000] [receive] via NET/IBext/4
ip-0A230414:3527:4191 [4] NCCL INFO Channel 01/0 : 5[b00000] -> 3[b00000] [send] via NET/IBext/4
ip-0A23040B:23858:24511 [4] NCCL INFO Channel 01/0 : 13[b00000] -> 11[b00000] [send] via NET/IBext/4
ip-0A23040E:49907:50560 [4] NCCL INFO Channel 00/0 : 14[b00000] -> 12[b00000] [send] via NET/IBext/4
ip-0A230417:40457:41119 [4] NCCL INFO Channel 00/0 : 6[b00000] -> 4[b00000] [send] via NET/IBext/4
ip-0A230410:38055:38691 [4] NCCL INFO Channel 00/0 : 4[b00000] -> 2[b00000] [receive] via NET/IBext/4
ip-0A230412:7443:8101 [4] NCCL INFO Channel 01/0 : 3[b00000] -> 7[b00000] [send] via NET/IBext/4
ip-0A230407:40117:40763 [4] NCCL INFO Channel 00/0 : 8[b00000] -> 12[b00000] [receive] via NET/IBext/4
ip-0A230405:1975:2678 [4] NCCL INFO Channel 01/0 : 7[b00000] -> 11[b00000] [receive] via NET/IBext/4
ip-0A230413:50937:51590 [4] NCCL INFO Channel 00/0 : 4[b00000] -> 8[b00000] [send] via NET/IBext/4
ip-0A230412:7443:8101 [4] NCCL INFO Channel 01/0 : 7[b00000] -> 3[b00000] [receive] via NET/IBext/4
ip-0A230413:50937:51590 [4] NCCL INFO Channel 00/0 : 8[b00000] -> 4[b00000] [receive] via NET/IBext/4
ip-0A230407:40117:40763 [4] NCCL INFO Channel 00/0 : 12[b00000] -> 8[b00000] [send] via NET/IBext/4
ip-0A230405:1975:2678 [4] NCCL INFO Channel 01/0 : 11[b00000] -> 7[b00000] [send] via NET/IBext/4
ip-0A230406:86065:86720 [4] NCCL INFO Channel 01/0 : 15[b00000] -> 7[b00000] [receive] via NET/IBext/4
ip-0A230406:86065:86720 [4] NCCL INFO Channel 01/0 : 7[b00000] -> 15[b00000] [send] via NET/IBext/4
ip-0A230408:50831:51480 [4] NCCL INFO Channel 00/0 : 0[b00000] -> 8[b00000] [receive] via NET/IBext/4
ip-0A230408:50831:51480 [4] NCCL INFO Channel 00/0 : 8[b00000] -> 0[b00000] [send] via NET/IBext/4
ip-0A23040C:48755:49407 [4] NCCL INFO Channel 00/0 : 15[b00000] -> 14[b00000] [send] via NET/IBext/4
ip-0A230408:50831:51480 [4] NCCL INFO Channel 00/0 : 12[b00000] -> 8[b00000] [receive] via NET/IBext/4
ip-0A230408:50831:51480 [4] NCCL INFO Channel 00/0 : 8[b00000] -> 4[b00000] [send] via NET/IBext/4
ip-0A230406:86065:86720 [4] NCCL INFO Channel 01/0 : 11[b00000] -> 7[b00000] [receive] via NET/IBext/4
ip-0A230406:86065:86720 [4] NCCL INFO Channel 01/0 : 7[b00000] -> 3[b00000] [send] via NET/IBext/4
ip-0A23040D:10040:10717 [4] NCCL INFO Channel 01/0 : 1[b00000] -> 0[b00000] [receive] via NET/IBext/4
ip-0A230405:1975:2678 [4] NCCL INFO Channel 01/0 : 13[b00000] -> 11[b00000] [receive] via NET/IBext/4
ip-0A230405:1975:2678 [4] NCCL INFO Channel 01/0 : 11[b00000] -> 9[b00000] [send] via NET/IBext/4
ip-0A230413:50937:51590 [4] NCCL INFO Channel 00/0 : 6[b00000] -> 4[b00000] [receive] via NET/IBext/4
ip-0A230413:50937:51590 [4] NCCL INFO Channel 00/0 : 4[b00000] -> 2[b00000] [send] via NET/IBext/4
ip-0A230412:7443:8101 [4] NCCL INFO Channel 01/0 : 5[b00000] -> 3[b00000] [receive] via NET/IBext/4
ip-0A230408:50831:51480 [4] NCCL INFO Channel 01/0 : 9[b00000] -> 8[b00000] [receive] via NET/IBext/4
ip-0A230412:7443:8101 [4] NCCL INFO Channel 01/0 : 3[b00000] -> 1[b00000] [send] via NET/IBext/4
ip-0A230406:86065:86720 [4] NCCL INFO Channel 00/0 : 7[b00000] -> 6[b00000] [send] via NET/IBext/4
ip-0A230407:40117:40763 [4] NCCL INFO Channel 00/0 : 14[b00000] -> 12[b00000] [receive] via NET/IBext/4
ip-0A230407:40117:40763 [4] NCCL INFO Channel 00/0 : 12[b00000] -> 10[b00000] [send] via NET/IBext/4
ip-0A230410:38055:38691 [4] NCCL INFO Channel 00/0 : 3[b00000] -> 2[b00000] [receive] via NET/IBext/4
ip-0A230410:38055:38691 [4] NCCL INFO Channel 00/0 : 2[b00000] -> 1[b00000] [send] via NET/IBext/4
ip-0A230410:38055:38691 [4] NCCL INFO Channel 01/0 : 2[b00000] -> 1[b00000] [send] via NET/IBext/4
ip-0A23040B:23858:24511 [4] NCCL INFO Channel 00/0 : 14[b00000] -> 13[b00000] [receive] via NET/IBext/4
ip-0A230417:40457:41119 [4] NCCL INFO Channel 00/0 : 7[b00000] -> 6[b00000] [receive] via NET/IBext/4
ip-0A230417:40457:41119 [4] NCCL INFO Channel 00/0 : 6[b00000] -> 5[b00000] [send] via NET/IBext/4
ip-0A230417:40457:41119 [4] NCCL INFO Channel 01/0 : 6[b00000] -> 5[b00000] [send] via NET/IBext/4
ip-0A230405:1975:2678 [4] NCCL INFO Channel 00/0 : 11[b00000] -> 10[b00000] [send] via NET/IBext/4
ip-0A23040E:49907:50560 [4] NCCL INFO Channel 00/0 : 15[b00000] -> 14[b00000] [receive] via NET/IBext/4
ip-0A23040E:49907:50560 [4] NCCL INFO Channel 00/0 : 14[b00000] -> 13[b00000] [send] via NET/IBext/4
ip-0A23040E:49907:50560 [4] NCCL INFO Channel 01/0 : 14[b00000] -> 13[b00000] [send] via NET/IBext/4
ip-0A23040F:66475:67149 [4] NCCL INFO Channel 00/0 : 2[b00000] -> 1[b00000] [receive] via NET/IBext/4
ip-0A230414:3527:4191 [4] NCCL INFO Channel 00/0 : 6[b00000] -> 5[b00000] [receive] via NET/IBext/4
ip-0A23041D:5497:6159 [4] NCCL INFO Channel 00/0 : 11[b00000] -> 10[b00000] [receive] via NET/IBext/4
ip-0A230414:3527:4191 [4] NCCL INFO Channel 01/0 : 6[b00000] -> 5[b00000] [receive] via NET/IBext/4
ip-0A230414:3527:4191 [4] NCCL INFO Channel 01/0 : 5[b00000] -> 4[b00000] [send] via NET/IBext/4
ip-0A23041D:5497:6159 [4] NCCL INFO Channel 00/0 : 10[b00000] -> 9[b00000] [send] via NET/IBext/4
ip-0A23041D:5497:6159 [4] NCCL INFO Channel 01/0 : 10[b00000] -> 9[b00000] [send] via NET/IBext/4
ip-0A230406:86065:86720 [4] NCCL INFO Connected all trees
ip-0A230406:86065:86720 [4] NCCL INFO CollNet 00 : 7 [receive] via COLLNET/SHARP/4
ip-0A23041A:97381:98047 [4] NCCL INFO Channel 00/0 : 10[b00000] -> 9[b00000] [receive] via NET/IBext/4
ip-0A23041A:97381:98047 [4] NCCL INFO Channel 01/0 : 10[b00000] -> 9[b00000] [receive] via NET/IBext/4
ip-0A23041A:97381:98047 [4] NCCL INFO Channel 01/0 : 9[b00000] -> 8[b00000] [send] via NET/IBext/4
ip-0A230413:50937:51590 [4] NCCL INFO Channel 01/0 : 5[b00000] -> 4[b00000] [receive] via NET/IBext/4
ip-0A23040C:48755:49407 [4] NCCL INFO Connected all trees
ip-0A230412:7443:8101 [4] NCCL INFO Channel 00/0 : 3[b00000] -> 2[b00000] [send] via NET/IBext/4
ip-0A23040C:48755:49407 [4] NCCL INFO CollNet 00 : 15 [receive] via COLLNET/SHARP/4
ip-0A230407:40117:40763 [4] NCCL INFO Channel 01/0 : 13[b00000] -> 12[b00000] [receive] via NET/IBext/4
ip-0A230405:1975:2678 [4] NCCL INFO Connected all trees
ip-0A230405:1975:2678 [4] NCCL INFO CollNet 00 : 11 [receive] via COLLNET/SHARP/4
ip-0A230413:50937:51590 [4] NCCL INFO Connected all trees
ip-0A230413:50937:51590 [4] NCCL INFO CollNet 00 : 4 [receive] via COLLNET/SHARP/4
ip-0A230408:50831:51480 [4] NCCL INFO Connected all trees
ip-0A230408:50831:51480 [4] NCCL INFO CollNet 00 : 8 [receive] via COLLNET/SHARP/4
ip-0A230412:7443:8101 [4] NCCL INFO Connected all trees
ip-0A230412:7443:8101 [4] NCCL INFO CollNet 00 : 3 [receive] via COLLNET/SHARP/4
ip-0A230417:40457:41119 [4] NCCL INFO Connected all trees
ip-0A230414:3527:4191 [4] NCCL INFO Connected all trees
ip-0A23041D:5497:6159 [4] NCCL INFO Connected all trees
ip-0A23041A:97381:98047 [4] NCCL INFO Connected all trees
ip-0A23040B:23858:24511 [4] NCCL INFO Channel 01/0 : 14[b00000] -> 13[b00000] [receive] via NET/IBext/4
ip-0A23040B:23858:24511 [4] NCCL INFO Channel 01/0 : 13[b00000] -> 12[b00000] [send] via NET/IBext/4
ip-0A23040F:66475:67149 [4] NCCL INFO Channel 01/0 : 2[b00000] -> 1[b00000] [receive] via NET/IBext/4
ip-0A23040F:66475:67149 [4] NCCL INFO Channel 01/0 : 1[b00000] -> 0[b00000] [send] via NET/IBext/4
ip-0A230407:40117:40763 [4] NCCL INFO Connected all trees
ip-0A230407:40117:40763 [4] NCCL INFO CollNet 00 : 12 [receive] via COLLNET/SHARP/4
ip-0A23040B:23858:24511 [4] NCCL INFO Connected all trees
ip-0A23040E:49907:50560 [4] NCCL INFO Connected all trees
ip-0A23040D:10040:10717 [4] NCCL INFO Connected all trees
ip-0A23040D:10040:10717 [4] NCCL INFO CollNet 00 : 0 [receive] via COLLNET/SHARP/4
ip-0A230417:40457:41119 [4] NCCL INFO CollNet 00 : 6 [receive] via COLLNET/SHARP/4
ip-0A23041D:5497:6159 [4] NCCL INFO CollNet 00 : 10 [receive] via COLLNET/SHARP/4
ip-0A23041A:97381:98047 [4] NCCL INFO CollNet 00 : 9 [receive] via COLLNET/SHARP/4
ip-0A230414:3527:4191 [4] NCCL INFO CollNet 00 : 5 [receive] via COLLNET/SHARP/4
ip-0A230410:38055:38691 [4] NCCL INFO Connected all trees
ip-0A23040F:66475:67149 [4] NCCL INFO Connected all trees
ip-0A23040E:49907:50560 [4] NCCL INFO CollNet 00 : 14 [receive] via COLLNET/SHARP/4
ip-0A23040B:23858:24511 [4] NCCL INFO CollNet 00 : 13 [receive] via COLLNET/SHARP/4
ip-0A23040F:66475:67149 [4] NCCL INFO CollNet 00 : 1 [receive] via COLLNET/SHARP/4
ip-0A230410:38055:38691 [4] NCCL INFO CollNet 00 : 2 [receive] via COLLNET/SHARP/4
ip-0A230410:38055:38692 [4] NCCL INFO NCCL_SHARP_GROUP_SIZE_THRESH set by environment to 16.
ip-0A230412:7443:8102 [4] NCCL INFO NCCL_SHARP_GROUP_SIZE_THRESH set by environment to 16.
ip-0A230413:50937:51591 [4] NCCL INFO NCCL_SHARP_GROUP_SIZE_THRESH set by environment to 16.
ip-0A230414:3527:4192 [4] NCCL INFO NCCL_SHARP_GROUP_SIZE_THRESH set by environment to 16.
ip-0A230417:40457:41121 [4] NCCL INFO NCCL_SHARP_GROUP_SIZE_THRESH set by environment to 16.
ip-0A230406:86065:86721 [4] NCCL INFO NCCL_SHARP_GROUP_SIZE_THRESH set by environment to 16.
ip-0A230408:50831:51481 [4] NCCL INFO NCCL_SHARP_GROUP_SIZE_THRESH set by environment to 16.
ip-0A23041A:97381:98048 [4] NCCL INFO NCCL_SHARP_GROUP_SIZE_THRESH set by environment to 16.
ip-0A23041D:5497:6160 [4] NCCL INFO NCCL_SHARP_GROUP_SIZE_THRESH set by environment to 16.
ip-0A230405:1975:2679 [4] NCCL INFO NCCL_SHARP_GROUP_SIZE_THRESH set by environment to 16.
