ip-0A23041A:21468:22146 [6] NCCL INFO Channel 00/0 : 10[d00000] -> 9[d00000] [receive] via NET/IBext/6
ip-0A23041A:21468:22146 [6] NCCL INFO Channel 01/0 : 10[d00000] -> 9[d00000] [receive] via NET/IBext/6
ip-0A23041A:21468:22146 [6] NCCL INFO Channel 01/0 : 9[d00000] -> 8[d00000] [send] via NET/IBext/6
ip-0A230408:70952:71642 [6] NCCL INFO Channel 01/0 : 9[d00000] -> 8[d00000] [receive] via NET/IBext/6
ip-0A230413:72596:73280 [6] NCCL INFO Channel 00/0 : 6[d00000] -> 4[d00000] [receive] via NET/IBext/6
ip-0A230413:72596:73280 [6] NCCL INFO Channel 00/0 : 4[d00000] -> 2[d00000] [send] via NET/IBext/6
ip-0A230405:23967:24657 [6] NCCL INFO Channel 00/0 : 11[d00000] -> 10[d00000] [send] via NET/IBext/6
ip-0A23040F:88079:88765 [6] NCCL INFO Channel 00/0 : 2[d00000] -> 1[d00000] [receive] via NET/IBext/6
ip-0A23040F:88079:88765 [6] NCCL INFO Channel 01/0 : 2[d00000] -> 1[d00000] [receive] via NET/IBext/6
ip-0A23040F:88079:88765 [6] NCCL INFO Channel 01/0 : 1[d00000] -> 0[d00000] [send] via NET/IBext/6
ip-0A230414:25191:25879 [6] NCCL INFO Channel 00/0 : 6[d00000] -> 5[d00000] [receive] via NET/IBext/6
ip-0A230414:25191:25879 [6] NCCL INFO Channel 01/0 : 6[d00000] -> 5[d00000] [receive] via NET/IBext/6
ip-0A230414:25191:25879 [6] NCCL INFO Channel 01/0 : 5[d00000] -> 4[d00000] [send] via NET/IBext/6
ip-0A230412:28875:29568 [6] NCCL INFO Channel 00/0 : 3[d00000] -> 2[d00000] [send] via NET/IBext/6
ip-0A23040E:71770:72463 [6] NCCL INFO Channel 00/0 : 15[d00000] -> 14[d00000] [receive] via NET/IBext/6
ip-0A23040E:71770:72463 [6] NCCL INFO Channel 00/0 : 14[d00000] -> 13[d00000] [send] via NET/IBext/6
ip-0A23040E:71770:72463 [6] NCCL INFO Channel 01/0 : 14[d00000] -> 13[d00000] [send] via NET/IBext/6
ip-0A230407:61716:62406 [6] NCCL INFO Channel 01/0 : 13[d00000] -> 12[d00000] [receive] via NET/IBext/6
ip-0A230417:61895:62588 [6] NCCL INFO Channel 00/0 : 7[d00000] -> 6[d00000] [receive] via NET/IBext/6
ip-0A230417:61895:62588 [6] NCCL INFO Channel 00/0 : 6[d00000] -> 5[d00000] [send] via NET/IBext/6
ip-0A230417:61895:62588 [6] NCCL INFO Channel 01/0 : 6[d00000] -> 5[d00000] [send] via NET/IBext/6
ip-0A230410:59468:60156 [6] NCCL INFO Channel 00/0 : 3[d00000] -> 2[d00000] [receive] via NET/IBext/6
ip-0A230410:59468:60156 [6] NCCL INFO Channel 00/0 : 2[d00000] -> 1[d00000] [send] via NET/IBext/6
ip-0A230410:59468:60156 [6] NCCL INFO Channel 01/0 : 2[d00000] -> 1[d00000] [send] via NET/IBext/6
ip-0A23040C:70246:70929 [6] NCCL INFO Connected all trees
ip-0A23040C:70246:70929 [6] NCCL INFO CollNet 00 : 15 [receive] via COLLNET/SHARP/6
ip-0A230413:72596:73280 [6] NCCL INFO Channel 01/0 : 5[d00000] -> 4[d00000] [receive] via NET/IBext/6
ip-0A23041D:27119:27807 [6] NCCL INFO Channel 00/0 : 11[d00000] -> 10[d00000] [receive] via NET/IBext/6
ip-0A230406:9412:10101 [6] NCCL INFO Connected all trees
ip-0A23041D:27119:27807 [6] NCCL INFO Channel 00/0 : 10[d00000] -> 9[d00000] [send] via NET/IBext/6
ip-0A23041D:27119:27807 [6] NCCL INFO Channel 01/0 : 10[d00000] -> 9[d00000] [send] via NET/IBext/6
ip-0A230406:9412:10101 [6] NCCL INFO CollNet 00 : 7 [receive] via COLLNET/SHARP/6
ip-0A230407:61716:62406 [6] NCCL INFO Connected all trees
ip-0A230407:61716:62406 [6] NCCL INFO CollNet 00 : 12 [receive] via COLLNET/SHARP/6
ip-0A230412:28875:29568 [6] NCCL INFO Connected all trees
ip-0A230412:28875:29568 [6] NCCL INFO CollNet 00 : 3 [receive] via COLLNET/SHARP/6
ip-0A23040E:71770:72463 [6] NCCL INFO Connected all trees
ip-0A23040D:34257:34964 [6] NCCL INFO Connected all trees
ip-0A23040D:34257:34964 [6] NCCL INFO CollNet 00 : 0 [receive] via COLLNET/SHARP/6
ip-0A230405:23967:24657 [6] NCCL INFO Connected all trees
ip-0A230405:23967:24657 [6] NCCL INFO CollNet 00 : 11 [receive] via COLLNET/SHARP/6
ip-0A230413:72596:73280 [6] NCCL INFO Connected all trees
ip-0A230413:72596:73280 [6] NCCL INFO CollNet 00 : 4 [receive] via COLLNET/SHARP/6
ip-0A230408:70952:71642 [6] NCCL INFO Connected all trees
ip-0A230408:70952:71642 [6] NCCL INFO CollNet 00 : 8 [receive] via COLLNET/SHARP/6
ip-0A230417:61895:62588 [6] NCCL INFO Connected all trees
ip-0A23040B:45333:46018 [6] NCCL INFO Connected all trees
ip-0A230410:59468:60156 [6] NCCL INFO Connected all trees
ip-0A230414:25191:25879 [6] NCCL INFO Connected all trees
ip-0A23041D:27119:27807 [6] NCCL INFO Connected all trees
ip-0A23040F:88079:88765 [6] NCCL INFO Connected all trees
ip-0A23041A:21468:22146 [6] NCCL INFO Connected all trees
ip-0A23040E:71770:72463 [6] NCCL INFO CollNet 00 : 14 [receive] via COLLNET/SHARP/6
ip-0A230417:61895:62588 [6] NCCL INFO CollNet 00 : 6 [receive] via COLLNET/SHARP/6
ip-0A230410:59468:60156 [6] NCCL INFO CollNet 00 : 2 [receive] via COLLNET/SHARP/6
ip-0A23040F:88079:88765 [6] NCCL INFO CollNet 00 : 1 [receive] via COLLNET/SHARP/6
ip-0A23040B:45333:46018 [6] NCCL INFO CollNet 00 : 13 [receive] via COLLNET/SHARP/6
ip-0A230414:25191:25879 [6] NCCL INFO CollNet 00 : 5 [receive] via COLLNET/SHARP/6
ip-0A23041D:27119:27807 [6] NCCL INFO CollNet 00 : 10 [receive] via COLLNET/SHARP/6
ip-0A23041A:21468:22146 [6] NCCL INFO CollNet 00 : 9 [receive] via COLLNET/SHARP/6
ip-0A23041A:21468:22147 [6] NCCL INFO NCCL_SHARP_GROUP_SIZE_THRESH set by environment to 16.
ip-0A23041D:27119:27808 [6] NCCL INFO NCCL_SHARP_GROUP_SIZE_THRESH set by environment to 16.
ip-0A230407:61716:62407 [6] NCCL INFO NCCL_SHARP_GROUP_SIZE_THRESH set by environment to 16.
ip-0A230405:23967:24658 [6] NCCL INFO NCCL_SHARP_GROUP_SIZE_THRESH set by environment to 16.
ip-0A23040B:45333:46019 [6] NCCL INFO NCCL_SHARP_GROUP_SIZE_THRESH set by environment to 16.
ip-0A23040E:71770:72464 [6] NCCL INFO NCCL_SHARP_GROUP_SIZE_THRESH set by environment to 16.
ip-0A23040D:34257:34965 [6] NCCL INFO NCCL_SHARP_GROUP_SIZE_THRESH set by environment to 16.
ip-0A23040C:70246:70931 [6] NCCL INFO NCCL_SHARP_GROUP_SIZE_THRESH set by environment to 16.
ip-0A23040F:88079:88766 [6] NCCL INFO NCCL_SHARP_GROUP_SIZE_THRESH set by environment to 16.
ip-0A230410:59468:60158 [6] NCCL INFO NCCL_SHARP_GROUP_SIZE_THRESH set by environment to 16.
ip-0A230412:28875:29569 [6] NCCL INFO NCCL_SHARP_GROUP_SIZE_THRESH set by environment to 16.
ip-0A230413:72596:73281 [6] NCCL INFO NCCL_SHARP_GROUP_SIZE_THRESH set by environment to 16.
ip-0A230414:25191:25880 [6] NCCL INFO NCCL_SHARP_GROUP_SIZE_THRESH set by environment to 16.
ip-0A230417:61895:62589 [6] NCCL INFO NCCL_SHARP_GROUP_SIZE_THRESH set by environment to 16.
ip-0A230406:9412:10102 [6] NCCL INFO NCCL_SHARP_GROUP_SIZE_THRESH set by environment to 16.
ip-0A230408:70952:71643 [6] NCCL INFO NCCL_SHARP_GROUP_SIZE_THRESH set by environment to 16.
[ip-0A23040D:0:34257 - context.c:584] INFO job (ID: 2524862904009400420) resource request quota: ( osts:0 user_data_per_ost:0 max_groups:0 max_qps:1 max_group_channels:1, num_trees:1)
[ip-0A23040D:0:34257 unique id 0] ERROR No Aggregation Manager (sharp_am) detected in sharp_create_job.

[ip-0A23040D:0:34257 - context.c:601] ERROR sharp_create_job failed: No Aggregation Manager (sharp_am) detected(-52)
ip-0A230407:61716:62407 [6] NCCL INFO Sharp rank 12/16 initialized on mlx5_ib6:1

ip-0A230407:61716:62407 [6] sharp_plugin.c:288 NCCL WARN NET/IB :SHARP coll init error: Cannot create SHArP job(-11)

ip-0A230407:61716:62407 [6] NCCL INFO include/coll_net.h:21 -> 3
ip-0A23041D:27119:27808 [6] NCCL INFO Sharp rank 10/16 initialized on mlx5_ib6:1

ip-0A23041D:27119:27808 [6] sharp_plugin.c:288 NCCL WARN NET/IB :SHARP coll init error: Cannot create SHArP job(-11)

ip-0A23041D:27119:27808 [6] NCCL INFO include/coll_net.h:21 -> 3
ip-0A230408:70952:71643 [6] NCCL INFO Sharp rank 8/16 initialized on mlx5_ib6:1

ip-0A230408:70952:71643 [6] sharp_plugin.c:288 NCCL WARN NET/IB :SHARP coll init error: Cannot create SHArP job(-11)

ip-0A230408:70952:71643 [6] NCCL INFO include/coll_net.h:21 -> 3
ip-0A230412:28875:29569 [6] NCCL INFO Sharp rank 3/16 initialized on mlx5_ib6:1

ip-0A230412:28875:29569 [6] sharp_plugin.c:288 NCCL WARN NET/IB :SHARP coll init error: Cannot create SHArP job(-11)

ip-0A230412:28875:29569 [6] NCCL INFO include/coll_net.h:21 -> 3
ip-0A230406:9412:10102 [6] NCCL INFO Sharp rank 7/16 initialized on mlx5_ib6:1

ip-0A230406:9412:10102 [6] sharp_plugin.c:288 NCCL WARN NET/IB :SHARP coll init error: Cannot create SHArP job(-11)

ip-0A230406:9412:10102 [6] NCCL INFO include/coll_net.h:21 -> 3
ip-0A230410:59468:60158 [6] NCCL INFO Sharp rank 2/16 initialized on mlx5_ib6:1

ip-0A230410:59468:60158 [6] sharp_plugin.c:288 NCCL WARN NET/IB :SHARP coll init error: Cannot create SHArP job(-11)

ip-0A230410:59468:60158 [6] NCCL INFO include/coll_net.h:21 -> 3
ip-0A23040C:70246:70931 [6] NCCL INFO Sharp rank 15/16 initialized on mlx5_ib6:1

ip-0A23040C:70246:70931 [6] sharp_plugin.c:288 NCCL WARN NET/IB :SHARP coll init error: Cannot create SHArP job(-11)

ip-0A23040C:70246:70931 [6] NCCL INFO include/coll_net.h:21 -> 3
ip-0A23041A:21468:22147 [6] NCCL INFO Sharp rank 9/16 initialized on mlx5_ib6:1

ip-0A23041A:21468:22147 [6] sharp_plugin.c:288 NCCL WARN NET/IB :SHARP coll init error: Cannot create SHArP job(-11)

ip-0A23041A:21468:22147 [6] NCCL INFO include/coll_net.h:21 -> 3
ip-0A23040F:88079:88766 [6] NCCL INFO Sharp rank 1/16 initialized on mlx5_ib6:1

ip-0A23040F:88079:88766 [6] sharp_plugin.c:288 NCCL WARN NET/IB :SHARP coll init error: Cannot create SHArP job(-11)

ip-0A23040F:88079:88766 [6] NCCL INFO include/coll_net.h:21 -> 3
ip-0A23040E:71770:72464 [6] NCCL INFO Sharp rank 14/16 initialized on mlx5_ib6:1

ip-0A23040E:71770:72464 [6] sharp_plugin.c:288 NCCL WARN NET/IB :SHARP coll init error: Cannot create SHArP job(-11)

ip-0A23040E:71770:72464 [6] NCCL INFO include/coll_net.h:21 -> 3
ip-0A23040B:45333:46019 [6] NCCL INFO Sharp rank 13/16 initialized on mlx5_ib6:1

ip-0A23040B:45333:46019 [6] sharp_plugin.c:288 NCCL WARN NET/IB :SHARP coll init error: Cannot create SHArP job(-11)

ip-0A23040B:45333:46019 [6] NCCL INFO include/coll_net.h:21 -> 3
ip-0A230413:72596:73281 [6] NCCL INFO Sharp rank 4/16 initialized on mlx5_ib6:1

ip-0A230413:72596:73281 [6] sharp_plugin.c:288 NCCL WARN NET/IB :SHARP coll init error: Cannot create SHArP job(-11)

ip-0A230413:72596:73281 [6] NCCL INFO include/coll_net.h:21 -> 3
ip-0A230405:23967:24658 [6] NCCL INFO Sharp rank 11/16 initialized on mlx5_ib6:1

ip-0A230405:23967:24658 [6] sharp_plugin.c:288 NCCL WARN NET/IB :SHARP coll init error: Cannot create SHArP job(-11)

ip-0A230405:23967:24658 [6] NCCL INFO include/coll_net.h:21 -> 3
ip-0A230414:25191:25880 [6] NCCL INFO Sharp rank 5/16 initialized on mlx5_ib6:1

ip-0A230414:25191:25880 [6] sharp_plugin.c:288 NCCL WARN NET/IB :SHARP coll init error: Cannot create SHArP job(-11)

ip-0A230414:25191:25880 [6] NCCL INFO include/coll_net.h:21 -> 3
ip-0A230417:61895:62589 [6] NCCL INFO Sharp rank 6/16 initialized on mlx5_ib6:1

ip-0A230417:61895:62589 [6] sharp_plugin.c:288 NCCL WARN NET/IB :SHARP coll init error: Cannot create SHArP job(-11)

ip-0A230417:61895:62589 [6] NCCL INFO include/coll_net.h:21 -> 3
ip-0A230407:61716:62406 [6] NCCL INFO transport.cc:222 -> 2

ip-0A230407:61716:62406 [6] transport.cc:253 NCCL WARN Cannot initialize CollNet, using point-to-point network instead
ip-0A230407:61716:62406 [6] NCCL INFO init.cc:765 -> 2
ip-0A230408:70952:71642 [6] NCCL INFO transport.cc:222 -> 2

ip-0A230408:70952:71642 [6] transport.cc:253 NCCL WARN Cannot initialize CollNet, using point-to-point network instead
ip-0A230408:70952:71642 [6] NCCL INFO init.cc:765 -> 2
ip-0A230408:70952:71642 [6] NCCL INFO threadThresholds 8/8/64 | 128/8/64 | 8/8/512
ip-0A230408:70952:71642 [6] NCCL INFO 2 coll channels, 2 p2p channels, 2 p2p channels per peer
ip-0A230407:61716:62406 [6] NCCL INFO threadThresholds 8/8/64 | 128/8/64 | 8/8/512
ip-0A230406:9412:10101 [6] NCCL INFO transport.cc:222 -> 2

ip-0A230406:9412:10101 [6] transport.cc:253 NCCL WARN Cannot initialize CollNet, using point-to-point network instead
ip-0A230406:9412:10101 [6] NCCL INFO init.cc:765 -> 2
ip-0A230406:9412:10101 [6] NCCL INFO threadThresholds 8/8/64 | 128/8/64 | 8/8/512
ip-0A230406:9412:10101 [6] NCCL INFO 2 coll channels, 2 p2p channels, 2 p2p channels per peer
ip-0A23040C:70246:70929 [6] NCCL INFO transport.cc:222 -> 2

ip-0A23040C:70246:70929 [6] transport.cc:253 NCCL WARN Cannot initialize CollNet, using point-to-point network instead
ip-0A23040C:70246:70929 [6] NCCL INFO init.cc:765 -> 2
ip-0A23040C:70246:70929 [6] NCCL INFO threadThresholds 8/8/64 | 128/8/64 | 8/8/512
ip-0A23041D:27119:27807 [6] NCCL INFO transport.cc:222 -> 2

ip-0A23041D:27119:27807 [6] transport.cc:253 NCCL WARN Cannot initialize CollNet, using point-to-point network instead
ip-0A23041D:27119:27807 [6] NCCL INFO init.cc:765 -> 2
ip-0A230412:28875:29568 [6] NCCL INFO transport.cc:222 -> 2

ip-0A230412:28875:29568 [6] transport.cc:253 NCCL WARN Cannot initialize CollNet, using point-to-point network instead
ip-0A230412:28875:29568 [6] NCCL INFO init.cc:765 -> 2
ip-0A230407:61716:62406 [6] NCCL INFO 2 coll channels, 2 p2p channels, 2 p2p channels per peer
ip-0A230410:59468:60156 [6] NCCL INFO transport.cc:222 -> 2

ip-0A230410:59468:60156 [6] transport.cc:253 NCCL WARN Cannot initialize CollNet, using point-to-point network instead
ip-0A230410:59468:60156 [6] NCCL INFO init.cc:765 -> 2
ip-0A23040C:70246:70929 [6] NCCL INFO 2 coll channels, 2 p2p channels, 2 p2p channels per peer
ip-0A23041D:27119:27807 [6] NCCL INFO threadThresholds 8/8/64 | 128/8/64 | 8/8/512
ip-0A23041D:27119:27807 [6] NCCL INFO 2 coll channels, 2 p2p channels, 2 p2p channels per peer
ip-0A230412:28875:29568 [6] NCCL INFO threadThresholds 8/8/64 | 128/8/64 | 8/8/512
ip-0A230412:28875:29568 [6] NCCL INFO 2 coll channels, 2 p2p channels, 2 p2p channels per peer
ip-0A23041A:21468:22146 [6] NCCL INFO transport.cc:222 -> 2

ip-0A23041A:21468:22146 [6] transport.cc:253 NCCL WARN Cannot initialize CollNet, using point-to-point network instead
ip-0A23041A:21468:22146 [6] NCCL INFO init.cc:765 -> 2
ip-0A230410:59468:60156 [6] NCCL INFO threadThresholds 8/8/64 | 128/8/64 | 8/8/512
ip-0A230410:59468:60156 [6] NCCL INFO 2 coll channels, 2 p2p channels, 2 p2p channels per peer
ip-0A23040E:71770:72463 [6] NCCL INFO transport.cc:222 -> 2

ip-0A23040E:71770:72463 [6] transport.cc:253 NCCL WARN Cannot initialize CollNet, using point-to-point network instead
ip-0A23040E:71770:72463 [6] NCCL INFO init.cc:765 -> 2
ip-0A23040E:71770:72463 [6] NCCL INFO threadThresholds 8/8/64 | 128/8/64 | 8/8/512
ip-0A23041A:21468:22146 [6] NCCL INFO threadThresholds 8/8/64 | 128/8/64 | 8/8/512
ip-0A23041A:21468:22146 [6] NCCL INFO 2 coll channels, 2 p2p channels, 2 p2p channels per peer
ip-0A230413:72596:73280 [6] NCCL INFO transport.cc:222 -> 2
ip-0A23040F:88079:88765 [6] NCCL INFO transport.cc:222 -> 2

ip-0A23040F:88079:88765 [6] transport.cc:253 NCCL WARN Cannot initialize CollNet, using point-to-point network instead
ip-0A23040F:88079:88765 [6] NCCL INFO init.cc:765 -> 2
ip-0A23040E:71770:72463 [6] NCCL INFO 2 coll channels, 2 p2p channels, 2 p2p channels per peer
ip-0A230405:23967:24657 [6] NCCL INFO transport.cc:222 -> 2

ip-0A230405:23967:24657 [6] transport.cc:253 NCCL WARN Cannot initialize CollNet, using point-to-point network instead

ip-0A230413:72596:73280 [6] transport.cc:253 NCCL WARN Cannot initialize CollNet, using point-to-point network instead
ip-0A230413:72596:73280 [6] NCCL INFO init.cc:765 -> 2
ip-0A23040F:88079:88765 [6] NCCL INFO threadThresholds 8/8/64 | 128/8/64 | 8/8/512
ip-0A23040F:88079:88765 [6] NCCL INFO 2 coll channels, 2 p2p channels, 2 p2p channels per peer
ip-0A230405:23967:24657 [6] NCCL INFO init.cc:765 -> 2
ip-0A230413:72596:73280 [6] NCCL INFO threadThresholds 8/8/64 | 128/8/64 | 8/8/512
ip-0A230405:23967:24657 [6] NCCL INFO threadThresholds 8/8/64 | 128/8/64 | 8/8/512
ip-0A230405:23967:24657 [6] NCCL INFO 2 coll channels, 2 p2p channels, 2 p2p channels per peer
ip-0A230417:61895:62588 [6] NCCL INFO transport.cc:222 -> 2

ip-0A230417:61895:62588 [6] transport.cc:253 NCCL WARN Cannot initialize CollNet, using point-to-point network instead
ip-0A230417:61895:62588 [6] NCCL INFO init.cc:765 -> 2
ip-0A230413:72596:73280 [6] NCCL INFO 2 coll channels, 2 p2p channels, 2 p2p channels per peer
ip-0A230417:61895:62588 [6] NCCL INFO threadThresholds 8/8/64 | 128/8/64 | 8/8/512
ip-0A230417:61895:62588 [6] NCCL INFO 2 coll channels, 2 p2p channels, 2 p2p channels per peer
ip-0A230414:25191:25879 [6] NCCL INFO transport.cc:222 -> 2

ip-0A230414:25191:25879 [6] transport.cc:253 NCCL WARN Cannot initialize CollNet, using point-to-point network instead
ip-0A230414:25191:25879 [6] NCCL INFO init.cc:765 -> 2
ip-0A230414:25191:25879 [6] NCCL INFO threadThresholds 8/8/64 | 128/8/64 | 8/8/512
ip-0A230414:25191:25879 [6] NCCL INFO 2 coll channels, 2 p2p channels, 2 p2p channels per peer
ip-0A23040B:45333:46018 [6] NCCL INFO transport.cc:222 -> 2

ip-0A23040B:45333:46018 [6] transport.cc:253 NCCL WARN Cannot initialize CollNet, using point-to-point network instead
ip-0A23040B:45333:46018 [6] NCCL INFO init.cc:765 -> 2
ip-0A23040B:45333:46018 [6] NCCL INFO threadThresholds 8/8/64 | 128/8/64 | 8/8/512
ip-0A23040B:45333:46018 [6] NCCL INFO 2 coll channels, 2 p2p channels, 2 p2p channels per peer
ip-0A230410:59468:60156 [6] NCCL INFO comm 0x14f1e4008fb0 rank 2 nranks 16 cudaDev 6 busId d00000 - Init COMPLETE
ip-0A23041D:27119:27807 [6] NCCL INFO comm 0x14b9f8008fb0 rank 10 nranks 16 cudaDev 6 busId d00000 - Init COMPLETE
ip-0A230417:61895:62588 [6] NCCL INFO comm 0x151c24008fb0 rank 6 nranks 16 cudaDev 6 busId d00000 - Init COMPLETE
ip-0A23040B:45333:46018 [6] NCCL INFO comm 0x145b70008fb0 rank 13 nranks 16 cudaDev 6 busId d00000 - Init COMPLETE
ip-0A23041A:21468:22146 [6] NCCL INFO comm 0x14e680008fb0 rank 9 nranks 16 cudaDev 6 busId d00000 - Init COMPLETE
ip-0A230414:25191:25879 [6] NCCL INFO comm 0x147db8008fb0 rank 5 nranks 16 cudaDev 6 busId d00000 - Init COMPLETE
ip-0A23040F:88079:88765 [6] NCCL INFO comm 0x14c078008fb0 rank 1 nranks 16 cudaDev 6 busId d00000 - Init COMPLETE
ip-0A23040E:71770:72463 [6] NCCL INFO comm 0x14fa38008fb0 rank 14 nranks 16 cudaDev 6 busId d00000 - Init COMPLETE
ip-0A23040C:70246:70929 [6] NCCL INFO comm 0x14d3d0008fb0 rank 15 nranks 16 cudaDev 6 busId d00000 - Init COMPLETE
ip-0A230412:28875:29568 [6] NCCL INFO comm 0x14e454008fb0 rank 3 nranks 16 cudaDev 6 busId d00000 - Init COMPLETE
ip-0A230408:70952:71642 [6] NCCL INFO comm 0x1501c0008fb0 rank 8 nranks 16 cudaDev 6 busId d00000 - Init COMPLETE
ip-0A230405:23967:24657 [6] NCCL INFO comm 0x14cfe8008fb0 rank 11 nranks 16 cudaDev 6 busId d00000 - Init COMPLETE
ip-0A230407:61716:62406 [6] NCCL INFO comm 0x153b20008fb0 rank 12 nranks 16 cudaDev 6 busId d00000 - Init COMPLETE
ip-0A230413:72596:73280 [6] NCCL INFO comm 0x14e5f8008fb0 rank 4 nranks 16 cudaDev 6 busId d00000 - Init COMPLETE
ip-0A230406:9412:10101 [6] NCCL INFO comm 0x14fda0008fb0 rank 7 nranks 16 cudaDev 6 busId d00000 - Init COMPLETE
ip-0A23040D:34257:34965 [6] NCCL INFO Sharp rank 0/16 initialized on mlx5_ib6:1

ip-0A23040D:34257:34965 [6] sharp_plugin.c:288 NCCL WARN NET/IB :SHARP coll init error: Cannot create SHArP job(-11)

ip-0A23040D:34257:34965 [6] NCCL INFO include/coll_net.h:21 -> 3
ip-0A23040D:34257:34964 [6] NCCL INFO transport.cc:222 -> 2

ip-0A23040D:34257:34964 [6] transport.cc:253 NCCL WARN Cannot initialize CollNet, using point-to-point network instead
ip-0A23040D:34257:34964 [6] NCCL INFO init.cc:765 -> 2
ip-0A23040D:34257:34964 [6] NCCL INFO threadThresholds 8/8/64 | 128/8/64 | 8/8/512
ip-0A23040D:34257:34964 [6] NCCL INFO 2 coll channels, 2 p2p channels, 2 p2p channels per peer
ip-0A23040D:34257:34964 [6] NCCL INFO comm 0x1468f8008fb0 rank 0 nranks 16 cudaDev 6 busId d00000 - Init COMPLETE
ip-0A23040D:34257:34257 [6] NCCL INFO Launch mode Parallel
ip-0A23040D:34280:34280 [7] NCCL INFO Bootstrap : Using eth0:10.35.4.13<0>
ip-0A23040D:34280:34280 [7] NCCL INFO NET/Plugin: Failed to find ncclNetPlugin_v5 symbol.
ip-0A23040D:34280:34280 [7] NCCL INFO NET/Plugin: Failed to find ncclCollNetPlugin_v5 symbol.
ip-0A23040D:34280:34280 [7] NCCL INFO Plugin Path : /opt/hpcx/nccl_rdma_sharp_plugin/lib/libnccl-net.so
ip-0A23040D:34280:34280 [7] NCCL INFO P2P plugin IBext
ip-0A23040D:34280:34280 [7] NCCL INFO NCCL_IB_PCI_RELAXED_ORDERING set by environment to 1.
ip-0A23040D:34280:34280 [7] NCCL INFO NET/IB : Using [0]mlx5_ib0:1/IB/SHARP [1]mlx5_ib1:1/IB/SHARP [2]mlx5_ib2:1/IB/SHARP [3]mlx5_ib3:1/IB/SHARP [4]mlx5_ib4:1/IB/SHARP [5]mlx5_ib5:1/IB/SHARP [6]mlx5_ib6:1/IB/SHARP [7]mlx5_ib7:1/IB/SHARP ; OOB eth0:10.35.4.13<0>
ip-0A23040D:34280:34280 [7] NCCL INFO Using network IBext
NCCL version 2.12.10+cuda11.6
ip-0A230407:61715:61715 [7] NCCL INFO Bootstrap : Using eth0:10.35.4.7<0>
ip-0A230412:28872:28872 [7] NCCL INFO Bootstrap : Using eth0:10.35.4.18<0>
ip-0A23040F:88075:88075 [7] NCCL INFO Bootstrap : Using eth0:10.35.4.15<0>
ip-0A23040E:71765:71765 [7] NCCL INFO Bootstrap : Using eth0:10.35.4.14<0>
ip-0A230417:61891:61891 [7] NCCL INFO Bootstrap : Using eth0:10.35.4.23<0>
ip-0A23041A:21444:21444 [7] NCCL INFO Bootstrap : Using eth0:10.35.4.26<0>
ip-0A230413:72600:72600 [7] NCCL INFO Bootstrap : Using eth0:10.35.4.19<0>
ip-0A230414:25189:25189 [7] NCCL INFO Bootstrap : Using eth0:10.35.4.20<0>
ip-0A23040C:70244:70244 [7] NCCL INFO Bootstrap : Using eth0:10.35.4.12<0>
ip-0A23041D:27113:27113 [7] NCCL INFO Bootstrap : Using eth0:10.35.4.29<0>
ip-0A230406:9406:9406 [7] NCCL INFO Bootstrap : Using eth0:10.35.4.6<0>
ip-0A230410:59466:59466 [7] NCCL INFO Bootstrap : Using eth0:10.35.4.16<0>
ip-0A230408:70948:70948 [7] NCCL INFO Bootstrap : Using eth0:10.35.4.8<0>
ip-0A230405:23962:23962 [7] NCCL INFO Bootstrap : Using eth0:10.35.4.5<0>
ip-0A23040B:45332:45332 [7] NCCL INFO Bootstrap : Using eth0:10.35.4.11<0>
ip-0A230407:61715:61715 [7] NCCL INFO NET/Plugin: Failed to find ncclNetPlugin_v5 symbol.
ip-0A230407:61715:61715 [7] NCCL INFO NET/Plugin: Failed to find ncclCollNetPlugin_v5 symbol.
ip-0A230407:61715:61715 [7] NCCL INFO Plugin Path : /opt/hpcx/nccl_rdma_sharp_plugin/lib/libnccl-net.so
ip-0A230407:61715:61715 [7] NCCL INFO P2P plugin IBext
ip-0A230407:61715:61715 [7] NCCL INFO NCCL_IB_PCI_RELAXED_ORDERING set by environment to 1.
ip-0A23041D:27113:27113 [7] NCCL INFO NET/Plugin: Failed to find ncclNetPlugin_v5 symbol.
ip-0A23041D:27113:27113 [7] NCCL INFO NET/Plugin: Failed to find ncclCollNetPlugin_v5 symbol.
ip-0A23041D:27113:27113 [7] NCCL INFO Plugin Path : /opt/hpcx/nccl_rdma_sharp_plugin/lib/libnccl-net.so
ip-0A23041D:27113:27113 [7] NCCL INFO P2P plugin IBext
ip-0A23041D:27113:27113 [7] NCCL INFO NCCL_IB_PCI_RELAXED_ORDERING set by environment to 1.
ip-0A230417:61891:61891 [7] NCCL INFO NET/Plugin: Failed to find ncclNetPlugin_v5 symbol.
ip-0A230417:61891:61891 [7] NCCL INFO NET/Plugin: Failed to find ncclCollNetPlugin_v5 symbol.
ip-0A230417:61891:61891 [7] NCCL INFO Plugin Path : /opt/hpcx/nccl_rdma_sharp_plugin/lib/libnccl-net.so
ip-0A230417:61891:61891 [7] NCCL INFO P2P plugin IBext
ip-0A230417:61891:61891 [7] NCCL INFO NCCL_IB_PCI_RELAXED_ORDERING set by environment to 1.
ip-0A23040F:88075:88075 [7] NCCL INFO NET/Plugin: Failed to find ncclNetPlugin_v5 symbol.
ip-0A23040F:88075:88075 [7] NCCL INFO NET/Plugin: Failed to find ncclCollNetPlugin_v5 symbol.
ip-0A230414:25189:25189 [7] NCCL INFO NET/Plugin: Failed to find ncclNetPlugin_v5 symbol.
ip-0A230414:25189:25189 [7] NCCL INFO NET/Plugin: Failed to find ncclCollNetPlugin_v5 symbol.
ip-0A23040F:88075:88075 [7] NCCL INFO Plugin Path : /opt/hpcx/nccl_rdma_sharp_plugin/lib/libnccl-net.so
ip-0A23040F:88075:88075 [7] NCCL INFO P2P plugin IBext
ip-0A23040F:88075:88075 [7] NCCL INFO NCCL_IB_PCI_RELAXED_ORDERING set by environment to 1.
ip-0A230414:25189:25189 [7] NCCL INFO Plugin Path : /opt/hpcx/nccl_rdma_sharp_plugin/lib/libnccl-net.so
ip-0A230414:25189:25189 [7] NCCL INFO P2P plugin IBext
ip-0A230414:25189:25189 [7] NCCL INFO NCCL_IB_PCI_RELAXED_ORDERING set by environment to 1.
ip-0A23040C:70244:70244 [7] NCCL INFO NET/Plugin: Failed to find ncclNetPlugin_v5 symbol.
ip-0A23040C:70244:70244 [7] NCCL INFO NET/Plugin: Failed to find ncclCollNetPlugin_v5 symbol.
ip-0A23040C:70244:70244 [7] NCCL INFO Plugin Path : /opt/hpcx/nccl_rdma_sharp_plugin/lib/libnccl-net.so
ip-0A23040C:70244:70244 [7] NCCL INFO P2P plugin IBext
ip-0A23040C:70244:70244 [7] NCCL INFO NCCL_IB_PCI_RELAXED_ORDERING set by environment to 1.
ip-0A230412:28872:28872 [7] NCCL INFO NET/Plugin: Failed to find ncclNetPlugin_v5 symbol.
ip-0A230412:28872:28872 [7] NCCL INFO NET/Plugin: Failed to find ncclCollNetPlugin_v5 symbol.
ip-0A230412:28872:28872 [7] NCCL INFO Plugin Path : /opt/hpcx/nccl_rdma_sharp_plugin/lib/libnccl-net.so
ip-0A230412:28872:28872 [7] NCCL INFO P2P plugin IBext
ip-0A230412:28872:28872 [7] NCCL INFO NCCL_IB_PCI_RELAXED_ORDERING set by environment to 1.
ip-0A23040E:71765:71765 [7] NCCL INFO NET/Plugin: Failed to find ncclNetPlugin_v5 symbol.
ip-0A23040E:71765:71765 [7] NCCL INFO NET/Plugin: Failed to find ncclCollNetPlugin_v5 symbol.
ip-0A23041A:21444:21444 [7] NCCL INFO NET/Plugin: Failed to find ncclNetPlugin_v5 symbol.
ip-0A23041A:21444:21444 [7] NCCL INFO NET/Plugin: Failed to find ncclCollNetPlugin_v5 symbol.
ip-0A23040E:71765:71765 [7] NCCL INFO Plugin Path : /opt/hpcx/nccl_rdma_sharp_plugin/lib/libnccl-net.so
ip-0A23040E:71765:71765 [7] NCCL INFO P2P plugin IBext
ip-0A23040E:71765:71765 [7] NCCL INFO NCCL_IB_PCI_RELAXED_ORDERING set by environment to 1.
ip-0A23041A:21444:21444 [7] NCCL INFO Plugin Path : /opt/hpcx/nccl_rdma_sharp_plugin/lib/libnccl-net.so
ip-0A23041A:21444:21444 [7] NCCL INFO P2P plugin IBext
ip-0A23041A:21444:21444 [7] NCCL INFO NCCL_IB_PCI_RELAXED_ORDERING set by environment to 1.
ip-0A230408:70948:70948 [7] NCCL INFO NET/Plugin: Failed to find ncclNetPlugin_v5 symbol.
ip-0A230410:59466:59466 [7] NCCL INFO NET/Plugin: Failed to find ncclNetPlugin_v5 symbol.
ip-0A230410:59466:59466 [7] NCCL INFO NET/Plugin: Failed to find ncclCollNetPlugin_v5 symbol.
ip-0A230405:23962:23962 [7] NCCL INFO NET/Plugin: Failed to find ncclNetPlugin_v5 symbol.
ip-0A230405:23962:23962 [7] NCCL INFO NET/Plugin: Failed to find ncclCollNetPlugin_v5 symbol.
ip-0A230408:70948:70948 [7] NCCL INFO NET/Plugin: Failed to find ncclCollNetPlugin_v5 symbol.
ip-0A230408:70948:70948 [7] NCCL INFO Plugin Path : /opt/hpcx/nccl_rdma_sharp_plugin/lib/libnccl-net.so
ip-0A230408:70948:70948 [7] NCCL INFO P2P plugin IBext
ip-0A230408:70948:70948 [7] NCCL INFO NCCL_IB_PCI_RELAXED_ORDERING set by environment to 1.
ip-0A230410:59466:59466 [7] NCCL INFO Plugin Path : /opt/hpcx/nccl_rdma_sharp_plugin/lib/libnccl-net.so
ip-0A230410:59466:59466 [7] NCCL INFO P2P plugin IBext
ip-0A230410:59466:59466 [7] NCCL INFO NCCL_IB_PCI_RELAXED_ORDERING set by environment to 1.
ip-0A230405:23962:23962 [7] NCCL INFO Plugin Path : /opt/hpcx/nccl_rdma_sharp_plugin/lib/libnccl-net.so
ip-0A230405:23962:23962 [7] NCCL INFO P2P plugin IBext
ip-0A230405:23962:23962 [7] NCCL INFO NCCL_IB_PCI_RELAXED_ORDERING set by environment to 1.
ip-0A230413:72600:72600 [7] NCCL INFO NET/Plugin: Failed to find ncclNetPlugin_v5 symbol.
ip-0A230413:72600:72600 [7] NCCL INFO NET/Plugin: Failed to find ncclCollNetPlugin_v5 symbol.
ip-0A230413:72600:72600 [7] NCCL INFO Plugin Path : /opt/hpcx/nccl_rdma_sharp_plugin/lib/libnccl-net.so
ip-0A230413:72600:72600 [7] NCCL INFO P2P plugin IBext
ip-0A230413:72600:72600 [7] NCCL INFO NCCL_IB_PCI_RELAXED_ORDERING set by environment to 1.
ip-0A230406:9406:9406 [7] NCCL INFO NET/Plugin: Failed to find ncclNetPlugin_v5 symbol.
ip-0A230406:9406:9406 [7] NCCL INFO NET/Plugin: Failed to find ncclCollNetPlugin_v5 symbol.
ip-0A230406:9406:9406 [7] NCCL INFO Plugin Path : /opt/hpcx/nccl_rdma_sharp_plugin/lib/libnccl-net.so
ip-0A230406:9406:9406 [7] NCCL INFO P2P plugin IBext
ip-0A230406:9406:9406 [7] NCCL INFO NCCL_IB_PCI_RELAXED_ORDERING set by environment to 1.
ip-0A23040B:45332:45332 [7] NCCL INFO NET/Plugin: Failed to find ncclNetPlugin_v5 symbol.
ip-0A23040B:45332:45332 [7] NCCL INFO NET/Plugin: Failed to find ncclCollNetPlugin_v5 symbol.
ip-0A23040B:45332:45332 [7] NCCL INFO Plugin Path : /opt/hpcx/nccl_rdma_sharp_plugin/lib/libnccl-net.so
ip-0A23040B:45332:45332 [7] NCCL INFO P2P plugin IBext
ip-0A23040B:45332:45332 [7] NCCL INFO NCCL_IB_PCI_RELAXED_ORDERING set by environment to 1.
ip-0A230414:25189:25189 [7] NCCL INFO NET/IB : Using [0]mlx5_ib0:1/IB/SHARP [1]mlx5_ib1:1/IB/SHARP [2]mlx5_ib2:1/IB/SHARP [3]mlx5_ib3:1/IB/SHARP [4]mlx5_ib4:1/IB/SHARP [5]mlx5_ib5:1/IB/SHARP [6]mlx5_ib6:1/IB/SHARP [7]mlx5_ib7:1/IB/SHARP ; OOB eth0:10.35.4.20<0>
ip-0A230414:25189:25189 [7] NCCL INFO Using network IBext
ip-0A230407:61715:61715 [7] NCCL INFO NET/IB : Using [0]mlx5_ib0:1/IB/SHARP [1]mlx5_ib1:1/IB/SHARP [2]mlx5_ib2:1/IB/SHARP [3]mlx5_ib3:1/IB/SHARP [4]mlx5_ib4:1/IB/SHARP [5]mlx5_ib5:1/IB/SHARP [6]mlx5_ib6:1/IB/SHARP [7]mlx5_ib7:1/IB/SHARP ; OOB eth0:10.35.4.7<0>
ip-0A230407:61715:61715 [7] NCCL INFO Using network IBext
ip-0A23041D:27113:27113 [7] NCCL INFO NET/IB : Using [0]mlx5_ib0:1/IB/SHARP [1]mlx5_ib1:1/IB/SHARP [2]mlx5_ib2:1/IB/SHARP [3]mlx5_ib3:1/IB/SHARP [4]mlx5_ib4:1/IB/SHARP [5]mlx5_ib5:1/IB/SHARP [6]mlx5_ib6:1/IB/SHARP [7]mlx5_ib7:1/IB/SHARP ; OOB eth0:10.35.4.29<0>
ip-0A23041D:27113:27113 [7] NCCL INFO Using network IBext
ip-0A23041A:21444:21444 [7] NCCL INFO NET/IB : Using [0]mlx5_ib0:1/IB/SHARP [1]mlx5_ib1:1/IB/SHARP [2]mlx5_ib2:1/IB/SHARP [3]mlx5_ib3:1/IB/SHARP [4]mlx5_ib4:1/IB/SHARP [5]mlx5_ib5:1/IB/SHARP [6]mlx5_ib6:1/IB/SHARP [7]mlx5_ib7:1/IB/SHARP ; OOB eth0:10.35.4.26<0>
ip-0A23041A:21444:21444 [7] NCCL INFO Using network IBext
ip-0A230417:61891:61891 [7] NCCL INFO NET/IB : Using [0]mlx5_ib0:1/IB/SHARP [1]mlx5_ib1:1/IB/SHARP [2]mlx5_ib2:1/IB/SHARP [3]mlx5_ib3:1/IB/SHARP [4]mlx5_ib4:1/IB/SHARP [5]mlx5_ib5:1/IB/SHARP [6]mlx5_ib6:1/IB/SHARP [7]mlx5_ib7:1/IB/SHARP ; OOB eth0:10.35.4.23<0>
ip-0A230417:61891:61891 [7] NCCL INFO Using network IBext
ip-0A23040C:70244:70244 [7] NCCL INFO NET/IB : Using [0]mlx5_ib0:1/IB/SHARP [1]mlx5_ib1:1/IB/SHARP [2]mlx5_ib2:1/IB/SHARP [3]mlx5_ib3:1/IB/SHARP [4]mlx5_ib4:1/IB/SHARP [5]mlx5_ib5:1/IB/SHARP [6]mlx5_ib6:1/IB/SHARP [7]mlx5_ib7:1/IB/SHARP ; OOB eth0:10.35.4.12<0>
ip-0A23040C:70244:70244 [7] NCCL INFO Using network IBext
ip-0A23040F:88075:88075 [7] NCCL INFO NET/IB : Using [0]mlx5_ib0:1/IB/SHARP [1]mlx5_ib1:1/IB/SHARP [2]mlx5_ib2:1/IB/SHARP [3]mlx5_ib3:1/IB/SHARP [4]mlx5_ib4:1/IB/SHARP [5]mlx5_ib5:1/IB/SHARP [6]mlx5_ib6:1/IB/SHARP [7]mlx5_ib7:1/IB/SHARP ; OOB eth0:10.35.4.15<0>
ip-0A230408:70948:70948 [7] NCCL INFO NET/IB : Using [0]mlx5_ib0:1/IB/SHARP [1]mlx5_ib1:1/IB/SHARP [2]mlx5_ib2:1/IB/SHARP [3]mlx5_ib3:1/IB/SHARP [4]mlx5_ib4:1/IB/SHARP [5]mlx5_ib5:1/IB/SHARP [6]mlx5_ib6:1/IB/SHARP [7]mlx5_ib7:1/IB/SHARP ; OOB eth0:10.35.4.8<0>
ip-0A230408:70948:70948 [7] NCCL INFO Using network IBext
ip-0A23040F:88075:88075 [7] NCCL INFO Using network IBext
ip-0A230413:72600:72600 [7] NCCL INFO NET/IB : Using [0]mlx5_ib0:1/IB/SHARP [1]mlx5_ib1:1/IB/SHARP [2]mlx5_ib2:1/IB/SHARP [3]mlx5_ib3:1/IB/SHARP [4]mlx5_ib4:1/IB/SHARP [5]mlx5_ib5:1/IB/SHARP [6]mlx5_ib6:1/IB/SHARP [7]mlx5_ib7:1/IB/SHARP ; OOB eth0:10.35.4.19<0>
ip-0A230413:72600:72600 [7] NCCL INFO Using network IBext
ip-0A230412:28872:28872 [7] NCCL INFO NET/IB : Using [0]mlx5_ib0:1/IB/SHARP [1]mlx5_ib1:1/IB/SHARP [2]mlx5_ib2:1/IB/SHARP [3]mlx5_ib3:1/IB/SHARP [4]mlx5_ib4:1/IB/SHARP [5]mlx5_ib5:1/IB/SHARP [6]mlx5_ib6:1/IB/SHARP [7]mlx5_ib7:1/IB/SHARP ; OOB eth0:10.35.4.18<0>
ip-0A230412:28872:28872 [7] NCCL INFO Using network IBext
ip-0A230405:23962:23962 [7] NCCL INFO NET/IB : Using [0]mlx5_ib0:1/IB/SHARP [1]mlx5_ib1:1/IB/SHARP [2]mlx5_ib2:1/IB/SHARP [3]mlx5_ib3:1/IB/SHARP [4]mlx5_ib4:1/IB/SHARP [5]mlx5_ib5:1/IB/SHARP [6]mlx5_ib6:1/IB/SHARP [7]mlx5_ib7:1/IB/SHARP ; OOB eth0:10.35.4.5<0>
ip-0A230405:23962:23962 [7] NCCL INFO Using network IBext
ip-0A23040E:71765:71765 [7] NCCL INFO NET/IB : Using [0]mlx5_ib0:1/IB/SHARP [1]mlx5_ib1:1/IB/SHARP [2]mlx5_ib2:1/IB/SHARP [3]mlx5_ib3:1/IB/SHARP [4]mlx5_ib4:1/IB/SHARP [5]mlx5_ib5:1/IB/SHARP [6]mlx5_ib6:1/IB/SHARP [7]mlx5_ib7:1/IB/SHARP ; OOB eth0:10.35.4.14<0>
ip-0A23040E:71765:71765 [7] NCCL INFO Using network IBext
ip-0A230410:59466:59466 [7] NCCL INFO NET/IB : Using [0]mlx5_ib0:1/IB/SHARP [1]mlx5_ib1:1/IB/SHARP [2]mlx5_ib2:1/IB/SHARP [3]mlx5_ib3:1/IB/SHARP [4]mlx5_ib4:1/IB/SHARP [5]mlx5_ib5:1/IB/SHARP [6]mlx5_ib6:1/IB/SHARP [7]mlx5_ib7:1/IB/SHARP ; OOB eth0:10.35.4.16<0>
ip-0A230406:9406:9406 [7] NCCL INFO NET/IB : Using [0]mlx5_ib0:1/IB/SHARP [1]mlx5_ib1:1/IB/SHARP [2]mlx5_ib2:1/IB/SHARP [3]mlx5_ib3:1/IB/SHARP [4]mlx5_ib4:1/IB/SHARP [5]mlx5_ib5:1/IB/SHARP [6]mlx5_ib6:1/IB/SHARP [7]mlx5_ib7:1/IB/SHARP ; OOB eth0:10.35.4.6<0>
ip-0A230410:59466:59466 [7] NCCL INFO Using network IBext
ip-0A230406:9406:9406 [7] NCCL INFO Using network IBext
ip-0A23040B:45332:45332 [7] NCCL INFO NET/IB : Using [0]mlx5_ib0:1/IB/SHARP [1]mlx5_ib1:1/IB/SHARP [2]mlx5_ib2:1/IB/SHARP [3]mlx5_ib3:1/IB/SHARP [4]mlx5_ib4:1/IB/SHARP [5]mlx5_ib5:1/IB/SHARP [6]mlx5_ib6:1/IB/SHARP [7]mlx5_ib7:1/IB/SHARP ; OOB eth0:10.35.4.11<0>
ip-0A23040B:45332:45332 [7] NCCL INFO Using network IBext
ip-0A23040F:88075:88777 [7] NCCL INFO NCCL_P2P_LEVEL set by environment to LOC
ip-0A230408:70948:71654 [7] NCCL INFO NCCL_P2P_LEVEL set by environment to LOC
ip-0A23040F:88075:88777 [7] NCCL INFO PXN Disabled as plugin is v4
ip-0A23040E:71765:72485 [7] NCCL INFO NCCL_P2P_LEVEL set by environment to LOC
ip-0A23040F:88075:88777 [7] NCCL INFO Setting affinity for GPU 7 to ff,ffff0000,00000000
ip-0A230408:70948:71654 [7] NCCL INFO PXN Disabled as plugin is v4
ip-0A230413:72600:73301 [7] NCCL INFO NCCL_P2P_LEVEL set by environment to LOC
ip-0A230405:23962:24670 [7] NCCL INFO NCCL_P2P_LEVEL set by environment to LOC
ip-0A23040C:70244:70946 [7] NCCL INFO NCCL_P2P_LEVEL set by environment to LOC
ip-0A23040F:88075:88777 [7] NCCL INFO NCCL_COLLNET_ENABLE set by environment to 1.
ip-0A230408:70948:71654 [7] NCCL INFO Setting affinity for GPU 7 to ff,ffff0000,00000000
ip-0A23040E:71765:72485 [7] NCCL INFO PXN Disabled as plugin is v4
ip-0A230406:9406:10113 [7] NCCL INFO NCCL_P2P_LEVEL set by environment to LOC
ip-0A23041D:27113:27820 [7] NCCL INFO NCCL_P2P_LEVEL set by environment to LOC
ip-0A230405:23962:24670 [7] NCCL INFO PXN Disabled as plugin is v4
ip-0A230410:59466:60170 [7] NCCL INFO NCCL_P2P_LEVEL set by environment to LOC
ip-0A230408:70948:71654 [7] NCCL INFO NCCL_COLLNET_ENABLE set by environment to 1.
ip-0A23040E:71765:72485 [7] NCCL INFO Setting affinity for GPU 7 to ff,ffff0000,00000000
ip-0A230413:72600:73301 [7] NCCL INFO PXN Disabled as plugin is v4
ip-0A230405:23962:24670 [7] NCCL INFO Setting affinity for GPU 7 to ff,ffff0000,00000000
ip-0A230406:9406:10113 [7] NCCL INFO PXN Disabled as plugin is v4
ip-0A23040C:70244:70946 [7] NCCL INFO PXN Disabled as plugin is v4
ip-0A230417:61891:62600 [7] NCCL INFO NCCL_P2P_LEVEL set by environment to LOC
ip-0A230413:72600:73301 [7] NCCL INFO Setting affinity for GPU 7 to ff,ffff0000,00000000
ip-0A23041D:27113:27820 [7] NCCL INFO PXN Disabled as plugin is v4
ip-0A23040E:71765:72485 [7] NCCL INFO NCCL_COLLNET_ENABLE set by environment to 1.
ip-0A230412:28872:29580 [7] NCCL INFO NCCL_P2P_LEVEL set by environment to LOC
ip-0A230410:59466:60170 [7] NCCL INFO PXN Disabled as plugin is v4
ip-0A230405:23962:24670 [7] NCCL INFO NCCL_COLLNET_ENABLE set by environment to 1.
ip-0A23040C:70244:70946 [7] NCCL INFO Setting affinity for GPU 7 to ff,ffff0000,00000000
ip-0A230406:9406:10113 [7] NCCL INFO Setting affinity for GPU 7 to ff,ffff0000,00000000
ip-0A230410:59466:60170 [7] NCCL INFO Setting affinity for GPU 7 to ff,ffff0000,00000000
ip-0A23040C:70244:70946 [7] NCCL INFO NCCL_COLLNET_ENABLE set by environment to 1.
ip-0A230413:72600:73301 [7] NCCL INFO NCCL_COLLNET_ENABLE set by environment to 1.
ip-0A23041D:27113:27820 [7] NCCL INFO Setting affinity for GPU 7 to ff,ffff0000,00000000
ip-0A230406:9406:10113 [7] NCCL INFO NCCL_COLLNET_ENABLE set by environment to 1.
ip-0A230417:61891:62600 [7] NCCL INFO PXN Disabled as plugin is v4
ip-0A230412:28872:29580 [7] NCCL INFO PXN Disabled as plugin is v4
ip-0A230410:59466:60170 [7] NCCL INFO NCCL_COLLNET_ENABLE set by environment to 1.
ip-0A23041D:27113:27820 [7] NCCL INFO NCCL_COLLNET_ENABLE set by environment to 1.
ip-0A230417:61891:62600 [7] NCCL INFO Setting affinity for GPU 7 to ff,ffff0000,00000000
ip-0A23040B:45332:46030 [7] NCCL INFO NCCL_P2P_LEVEL set by environment to LOC
ip-0A230412:28872:29580 [7] NCCL INFO Setting affinity for GPU 7 to ff,ffff0000,00000000
ip-0A230417:61891:62600 [7] NCCL INFO NCCL_COLLNET_ENABLE set by environment to 1.
ip-0A230412:28872:29580 [7] NCCL INFO NCCL_COLLNET_ENABLE set by environment to 1.
ip-0A23040B:45332:46030 [7] NCCL INFO PXN Disabled as plugin is v4
ip-0A23040D:34280:34984 [7] NCCL INFO NCCL_P2P_LEVEL set by environment to LOC
ip-0A23040B:45332:46030 [7] NCCL INFO Setting affinity for GPU 7 to ff,ffff0000,00000000
ip-0A23040D:34280:34984 [7] NCCL INFO PXN Disabled as plugin is v4
ip-0A23040B:45332:46030 [7] NCCL INFO NCCL_COLLNET_ENABLE set by environment to 1.
ip-0A23041A:21444:22158 [7] NCCL INFO NCCL_P2P_LEVEL set by environment to LOC
ip-0A23040D:34280:34984 [7] NCCL INFO Setting affinity for GPU 7 to ff,ffff0000,00000000
ip-0A23040D:34280:34984 [7] NCCL INFO NCCL_COLLNET_ENABLE set by environment to 1.
ip-0A23041A:21444:22158 [7] NCCL INFO PXN Disabled as plugin is v4
ip-0A23041A:21444:22158 [7] NCCL INFO Setting affinity for GPU 7 to ff,ffff0000,00000000
ip-0A230407:61715:62427 [7] NCCL INFO NCCL_P2P_LEVEL set by environment to LOC
ip-0A23041A:21444:22158 [7] NCCL INFO NCCL_COLLNET_ENABLE set by environment to 1.
ip-0A230407:61715:62427 [7] NCCL INFO PXN Disabled as plugin is v4
ip-0A230414:25189:25891 [7] NCCL INFO NCCL_P2P_LEVEL set by environment to LOC
ip-0A230407:61715:62427 [7] NCCL INFO Setting affinity for GPU 7 to ff,ffff0000,00000000
ip-0A230414:25189:25891 [7] NCCL INFO PXN Disabled as plugin is v4
ip-0A230407:61715:62427 [7] NCCL INFO NCCL_COLLNET_ENABLE set by environment to 1.
ip-0A230414:25189:25891 [7] NCCL INFO Setting affinity for GPU 7 to ff,ffff0000,00000000
ip-0A230414:25189:25891 [7] NCCL INFO NCCL_COLLNET_ENABLE set by environment to 1.
ip-0A230414:25189:25891 [7] NCCL INFO Trees [0] -1/-1/-1->5->6 [1] 6/4/-1->5->3
ip-0A230417:61891:62600 [7] NCCL INFO Trees [0] 5/7/-1->6->4 [1] -1/-1/-1->6->5
ip-0A230406:9406:10113 [7] NCCL INFO Trees [0] -1/-1/-1->7->6 [1] 11/3/-1->7->15
ip-0A230407:61715:62427 [7] NCCL INFO Trees [0] 10/14/-1->12->8 [1] -1/-1/-1->12->13
ip-0A230408:70948:71654 [7] NCCL INFO Trees [0] 4/12/-1->8->0 [1] -1/-1/-1->8->9
ip-0A23040B:45332:46030 [7] NCCL INFO Trees [0] -1/-1/-1->13->14 [1] 14/12/-1->13->11
ip-0A23041A:21444:22158 [7] NCCL INFO Trees [0] -1/-1/-1->9->10 [1] 10/8/-1->9->11
ip-0A23040E:71765:72485 [7] NCCL INFO Trees [0] 13/15/-1->14->12 [1] -1/-1/-1->14->13
ip-0A23041D:27113:27820 [7] NCCL INFO Trees [0] 9/11/-1->10->12 [1] -1/-1/-1->10->9
ip-0A230405:23962:24670 [7] NCCL INFO Trees [0] -1/-1/-1->11->10 [1] 13/9/-1->11->7
ip-0A23040C:70244:70946 [7] NCCL INFO Trees [0] -1/-1/-1->15->14 [1] 7/-1/-1->15->-1
ip-0A23040D:34280:34984 [7] NCCL INFO Channel 00/02 :    0   1   2   3   4   5   6   7   8   9  10  11  12  13  14  15
ip-0A23040D:34280:34984 [7] NCCL INFO Channel 01/02 :    0   1   2   3   4   5   6   7   8   9  10  11  12  13  14  15
ip-0A23040D:34280:34984 [7] NCCL INFO Trees [0] 8/-1/-1->0->-1 [1] -1/-1/-1->0->1
ip-0A23040F:88075:88777 [7] NCCL INFO Trees [0] -1/-1/-1->1->2 [1] 2/0/-1->1->3
ip-0A230410:59466:60170 [7] NCCL INFO Trees [0] 1/3/-1->2->4 [1] -1/-1/-1->2->1
ip-0A230412:28872:29580 [7] NCCL INFO Trees [0] -1/-1/-1->3->2 [1] 5/1/-1->3->7
ip-0A230413:72600:73301 [7] NCCL INFO Trees [0] 2/6/-1->4->8 [1] -1/-1/-1->4->5
ip-0A230417:61891:62600 [7] NCCL INFO Channel 00/0 : 5[e00000] -> 6[e00000] [receive] via NET/IBext/7
ip-0A230414:25189:25891 [7] NCCL INFO Channel 00/0 : 4[e00000] -> 5[e00000] [receive] via NET/IBext/7
ip-0A230406:9406:10113 [7] NCCL INFO Channel 00/0 : 6[e00000] -> 7[e00000] [receive] via NET/IBext/7
ip-0A230417:61891:62600 [7] NCCL INFO Channel 01/0 : 5[e00000] -> 6[e00000] [receive] via NET/IBext/7
ip-0A230417:61891:62600 [7] NCCL INFO Channel 00/0 : 6[e00000] -> 7[e00000] [send] via NET/IBext/7
ip-0A230417:61891:62600 [7] NCCL INFO Channel 01/0 : 6[e00000] -> 7[e00000] [send] via NET/IBext/7
ip-0A230414:25189:25891 [7] NCCL INFO Channel 01/0 : 4[e00000] -> 5[e00000] [receive] via NET/IBext/7
ip-0A23040B:45332:46030 [7] NCCL INFO Channel 00/0 : 12[e00000] -> 13[e00000] [receive] via NET/IBext/7
ip-0A230407:61715:62427 [7] NCCL INFO Channel 00/0 : 11[e00000] -> 12[e00000] [receive] via NET/IBext/7
ip-0A230406:9406:10113 [7] NCCL INFO Channel 01/0 : 6[e00000] -> 7[e00000] [receive] via NET/IBext/7
ip-0A230408:70948:71654 [7] NCCL INFO Channel 00/0 : 7[e00000] -> 8[e00000] [receive] via NET/IBext/7
ip-0A230406:9406:10113 [7] NCCL INFO Channel 00/0 : 7[e00000] -> 8[e00000] [send] via NET/IBext/7
ip-0A23040B:45332:46030 [7] NCCL INFO Channel 01/0 : 12[e00000] -> 13[e00000] [receive] via NET/IBext/7
ip-0A23041A:21444:22158 [7] NCCL INFO Channel 00/0 : 8[e00000] -> 9[e00000] [receive] via NET/IBext/7
ip-0A23040B:45332:46030 [7] NCCL INFO Channel 00/0 : 13[e00000] -> 14[e00000] [send] via NET/IBext/7
ip-0A230408:70948:71654 [7] NCCL INFO Channel 01/0 : 7[e00000] -> 8[e00000] [receive] via NET/IBext/7
ip-0A23040E:71765:72485 [7] NCCL INFO Channel 00/0 : 13[e00000] -> 14[e00000] [receive] via NET/IBext/7
ip-0A230406:9406:10113 [7] NCCL INFO Channel 01/0 : 7[e00000] -> 8[e00000] [send] via NET/IBext/7
ip-0A230414:25189:25891 [7] NCCL INFO Channel 00/0 : 5[e00000] -> 6[e00000] [send] via NET/IBext/7
ip-0A230414:25189:25891 [7] NCCL INFO Channel 01/0 : 5[e00000] -> 6[e00000] [send] via NET/IBext/7
ip-0A230407:61715:62427 [7] NCCL INFO Channel 01/0 : 11[e00000] -> 12[e00000] [receive] via NET/IBext/7
ip-0A230407:61715:62427 [7] NCCL INFO Channel 00/0 : 12[e00000] -> 13[e00000] [send] via NET/IBext/7
ip-0A23041D:27113:27820 [7] NCCL INFO Channel 00/0 : 9[e00000] -> 10[e00000] [receive] via NET/IBext/7
ip-0A230407:61715:62427 [7] NCCL INFO Channel 01/0 : 12[e00000] -> 13[e00000] [send] via NET/IBext/7
ip-0A23041A:21444:22158 [7] NCCL INFO Channel 01/0 : 8[e00000] -> 9[e00000] [receive] via NET/IBext/7
ip-0A23041A:21444:22158 [7] NCCL INFO Channel 00/0 : 9[e00000] -> 10[e00000] [send] via NET/IBext/7
ip-0A23040B:45332:46030 [7] NCCL INFO Channel 01/0 : 13[e00000] -> 14[e00000] [send] via NET/IBext/7
ip-0A230408:70948:71654 [7] NCCL INFO Channel 00/0 : 8[e00000] -> 9[e00000] [send] via NET/IBext/7
ip-0A23040C:70244:70946 [7] NCCL INFO Channel 00/0 : 14[e00000] -> 15[e00000] [receive] via NET/IBext/7
ip-0A230408:70948:71654 [7] NCCL INFO Channel 01/0 : 8[e00000] -> 9[e00000] [send] via NET/IBext/7
ip-0A23041A:21444:22158 [7] NCCL INFO Channel 01/0 : 9[e00000] -> 10[e00000] [send] via NET/IBext/7
ip-0A23041D:27113:27820 [7] NCCL INFO Channel 01/0 : 9[e00000] -> 10[e00000] [receive] via NET/IBext/7
ip-0A23040E:71765:72485 [7] NCCL INFO Channel 01/0 : 13[e00000] -> 14[e00000] [receive] via NET/IBext/7
ip-0A230405:23962:24670 [7] NCCL INFO Channel 00/0 : 10[e00000] -> 11[e00000] [receive] via NET/IBext/7
ip-0A23041D:27113:27820 [7] NCCL INFO Channel 00/0 : 10[e00000] -> 11[e00000] [send] via NET/IBext/7
ip-0A23040E:71765:72485 [7] NCCL INFO Channel 00/0 : 14[e00000] -> 15[e00000] [send] via NET/IBext/7
ip-0A23040C:70244:70946 [7] NCCL INFO Channel 01/0 : 14[e00000] -> 15[e00000] [receive] via NET/IBext/7
ip-0A23040C:70244:70946 [7] NCCL INFO Channel 00/0 : 15[e00000] -> 0[e00000] [send] via NET/IBext/7
ip-0A23041D:27113:27820 [7] NCCL INFO Channel 01/0 : 10[e00000] -> 11[e00000] [send] via NET/IBext/7
ip-0A23040F:88075:88777 [7] NCCL INFO Channel 00/0 : 0[e00000] -> 1[e00000] [receive] via NET/IBext/7
ip-0A23040E:71765:72485 [7] NCCL INFO Channel 01/0 : 14[e00000] -> 15[e00000] [send] via NET/IBext/7
ip-0A230405:23962:24670 [7] NCCL INFO Channel 01/0 : 10[e00000] -> 11[e00000] [receive] via NET/IBext/7
ip-0A230405:23962:24670 [7] NCCL INFO Channel 00/0 : 11[e00000] -> 12[e00000] [send] via NET/IBext/7
ip-0A23040D:34280:34984 [7] NCCL INFO Channel 00/0 : 15[e00000] -> 0[e00000] [receive] via NET/IBext/7
ip-0A23040C:70244:70946 [7] NCCL INFO Channel 01/0 : 15[e00000] -> 0[e00000] [send] via NET/IBext/7
ip-0A23040F:88075:88777 [7] NCCL INFO Channel 01/0 : 0[e00000] -> 1[e00000] [receive] via NET/IBext/7
ip-0A23040F:88075:88777 [7] NCCL INFO Channel 00/0 : 1[e00000] -> 2[e00000] [send] via NET/IBext/7
ip-0A230405:23962:24670 [7] NCCL INFO Channel 01/0 : 11[e00000] -> 12[e00000] [send] via NET/IBext/7
ip-0A23040D:34280:34984 [7] NCCL INFO Channel 01/0 : 15[e00000] -> 0[e00000] [receive] via NET/IBext/7
ip-0A230410:59466:60170 [7] NCCL INFO Channel 00/0 : 1[e00000] -> 2[e00000] [receive] via NET/IBext/7
ip-0A230412:28872:29580 [7] NCCL INFO Channel 00/0 : 2[e00000] -> 3[e00000] [receive] via NET/IBext/7
ip-0A230413:72600:73301 [7] NCCL INFO Channel 00/0 : 3[e00000] -> 4[e00000] [receive] via NET/IBext/7
ip-0A23040D:34280:34984 [7] NCCL INFO Channel 00/0 : 0[e00000] -> 1[e00000] [send] via NET/IBext/7
ip-0A23040F:88075:88777 [7] NCCL INFO Channel 01/0 : 1[e00000] -> 2[e00000] [send] via NET/IBext/7
ip-0A230410:59466:60170 [7] NCCL INFO Channel 01/0 : 1[e00000] -> 2[e00000] [receive] via NET/IBext/7
ip-0A230410:59466:60170 [7] NCCL INFO Channel 00/0 : 2[e00000] -> 3[e00000] [send] via NET/IBext/7
ip-0A23040D:34280:34984 [7] NCCL INFO Channel 01/0 : 0[e00000] -> 1[e00000] [send] via NET/IBext/7
ip-0A230413:72600:73301 [7] NCCL INFO Channel 01/0 : 3[e00000] -> 4[e00000] [receive] via NET/IBext/7
ip-0A230413:72600:73301 [7] NCCL INFO Channel 00/0 : 4[e00000] -> 5[e00000] [send] via NET/IBext/7
ip-0A230412:28872:29580 [7] NCCL INFO Channel 01/0 : 2[e00000] -> 3[e00000] [receive] via NET/IBext/7
ip-0A230412:28872:29580 [7] NCCL INFO Channel 00/0 : 3[e00000] -> 4[e00000] [send] via NET/IBext/7
ip-0A230410:59466:60170 [7] NCCL INFO Channel 01/0 : 2[e00000] -> 3[e00000] [send] via NET/IBext/7
ip-0A230413:72600:73301 [7] NCCL INFO Channel 01/0 : 4[e00000] -> 5[e00000] [send] via NET/IBext/7
ip-0A230412:28872:29580 [7] NCCL INFO Channel 01/0 : 3[e00000] -> 4[e00000] [send] via NET/IBext/7
ip-0A230406:9406:10113 [7] NCCL INFO Connected all rings
ip-0A230417:61891:62600 [7] NCCL INFO Connected all rings
ip-0A23041D:27113:27820 [7] NCCL INFO Connected all rings
ip-0A23041A:21444:22158 [7] NCCL INFO Connected all rings
ip-0A23040E:71765:72485 [7] NCCL INFO Connected all rings
ip-0A23040B:45332:46030 [7] NCCL INFO Connected all rings
ip-0A230407:61715:62427 [7] NCCL INFO Connected all rings
ip-0A230412:28872:29580 [7] NCCL INFO Connected all rings
ip-0A230408:70948:71654 [7] NCCL INFO Connected all rings
ip-0A23040D:34280:34984 [7] NCCL INFO Connected all rings
ip-0A23040F:88075:88777 [7] NCCL INFO Connected all rings
ip-0A23040C:70244:70946 [7] NCCL INFO Connected all rings
ip-0A230414:25189:25891 [7] NCCL INFO Connected all rings
ip-0A230405:23962:24670 [7] NCCL INFO Connected all rings
ip-0A230410:59466:60170 [7] NCCL INFO Connected all rings
ip-0A230413:72600:73301 [7] NCCL INFO Connected all rings
ip-0A230417:61891:62600 [7] NCCL INFO Channel 00/0 : 4[e00000] -> 6[e00000] [receive] via NET/IBext/7
ip-0A23040B:45332:46030 [7] NCCL INFO Channel 01/0 : 11[e00000] -> 13[e00000] [receive] via NET/IBext/7
ip-0A23040D:34280:34984 [7] NCCL INFO Channel 00/0 : 8[e00000] -> 0[e00000] [receive] via NET/IBext/7
ip-0A23040D:34280:34984 [7] NCCL INFO Channel 00/0 : 0[e00000] -> 8[e00000] [send] via NET/IBext/7
ip-0A230412:28872:29580 [7] NCCL INFO Channel 01/0 : 1[e00000] -> 3[e00000] [receive] via NET/IBext/7
ip-0A23041A:21444:22158 [7] NCCL INFO Channel 01/0 : 9[e00000] -> 11[e00000] [send] via NET/IBext/7
ip-0A230412:28872:29580 [7] NCCL INFO Channel 01/0 : 3[e00000] -> 5[e00000] [send] via NET/IBext/7
ip-0A23040E:71765:72485 [7] NCCL INFO Channel 00/0 : 12[e00000] -> 14[e00000] [receive] via NET/IBext/7
ip-0A230408:70948:71654 [7] NCCL INFO Channel 00/0 : 4[e00000] -> 8[e00000] [receive] via NET/IBext/7
ip-0A230410:59466:60170 [7] NCCL INFO Channel 00/0 : 2[e00000] -> 4[e00000] [send] via NET/IBext/7
ip-0A230405:23962:24670 [7] NCCL INFO Channel 01/0 : 9[e00000] -> 11[e00000] [receive] via NET/IBext/7
ip-0A230407:61715:62427 [7] NCCL INFO Channel 00/0 : 10[e00000] -> 12[e00000] [receive] via NET/IBext/7
ip-0A230408:70948:71654 [7] NCCL INFO Channel 00/0 : 8[e00000] -> 12[e00000] [send] via NET/IBext/7
ip-0A230405:23962:24670 [7] NCCL INFO Channel 01/0 : 11[e00000] -> 13[e00000] [send] via NET/IBext/7
ip-0A230407:61715:62427 [7] NCCL INFO Channel 00/0 : 12[e00000] -> 14[e00000] [send] via NET/IBext/7
ip-0A230413:72600:73301 [7] NCCL INFO Channel 00/0 : 2[e00000] -> 4[e00000] [receive] via NET/IBext/7
ip-0A230413:72600:73301 [7] NCCL INFO Channel 00/0 : 4[e00000] -> 6[e00000] [send] via NET/IBext/7
ip-0A23041D:27113:27820 [7] NCCL INFO Channel 00/0 : 10[e00000] -> 12[e00000] [send] via NET/IBext/7
ip-0A230406:9406:10113 [7] NCCL INFO Channel 01/0 : 3[e00000] -> 7[e00000] [receive] via NET/IBext/7
ip-0A230406:9406:10113 [7] NCCL INFO Channel 01/0 : 7[e00000] -> 11[e00000] [send] via NET/IBext/7
ip-0A23040F:88075:88777 [7] NCCL INFO Channel 01/0 : 1[e00000] -> 3[e00000] [send] via NET/IBext/7
ip-0A230414:25189:25891 [7] NCCL INFO Channel 01/0 : 3[e00000] -> 5[e00000] [receive] via NET/IBext/7
ip-0A23040C:70244:70946 [7] NCCL INFO Channel 01/0 : 7[e00000] -> 15[e00000] [receive] via NET/IBext/7
ip-0A23040C:70244:70946 [7] NCCL INFO Channel 01/0 : 15[e00000] -> 7[e00000] [send] via NET/IBext/7
ip-0A23041A:21444:22158 [7] NCCL INFO Channel 01/0 : 11[e00000] -> 9[e00000] [receive] via NET/IBext/7
ip-0A230410:59466:60170 [7] NCCL INFO Channel 00/0 : 4[e00000] -> 2[e00000] [receive] via NET/IBext/7
ip-0A23041D:27113:27820 [7] NCCL INFO Channel 00/0 : 12[e00000] -> 10[e00000] [receive] via NET/IBext/7
ip-0A23040F:88075:88777 [7] NCCL INFO Channel 01/0 : 3[e00000] -> 1[e00000] [receive] via NET/IBext/7
ip-0A23040B:45332:46030 [7] NCCL INFO Channel 01/0 : 13[e00000] -> 11[e00000] [send] via NET/IBext/7
