ip-0A230405:49963:50613 [4] NCCL INFO NCCL_SHARP_GROUP_SIZE_THRESH set by environment to 16.
ip-0A230407:87521:88177 [4] NCCL INFO NCCL_SHARP_GROUP_SIZE_THRESH set by environment to 16.
ip-0A23040B:70727:71374 [4] NCCL INFO NCCL_SHARP_GROUP_SIZE_THRESH set by environment to 16.
ip-0A23040E:97537:98185 [4] NCCL INFO NCCL_SHARP_GROUP_SIZE_THRESH set by environment to 16.
ip-0A23040D:57043:57704 [4] NCCL INFO NCCL_SHARP_GROUP_SIZE_THRESH set by environment to 16.
ip-0A23040C:96453:97179 [4] NCCL INFO NCCL_SHARP_GROUP_SIZE_THRESH set by environment to 16.
ip-0A23040F:16632:17288 [4] NCCL INFO NCCL_SHARP_GROUP_SIZE_THRESH set by environment to 16.
ip-0A230410:85652:86310 [4] NCCL INFO NCCL_SHARP_GROUP_SIZE_THRESH set by environment to 16.
ip-0A230412:55020:55683 [4] NCCL INFO NCCL_SHARP_GROUP_SIZE_THRESH set by environment to 16.
ip-0A230413:707:1382 [4] NCCL INFO NCCL_SHARP_GROUP_SIZE_THRESH set by environment to 16.
[ip-0A23040D:0:57043 - context.c:584] INFO job (ID: 2524863179898694567) resource request quota: ( osts:0 user_data_per_ost:0 max_groups:0 max_qps:1 max_group_channels:1, num_trees:1)
[ip-0A23040D:0:57043 unique id 0] ERROR No Aggregation Manager (sharp_am) detected in sharp_create_job.

[ip-0A23040D:0:57043 - context.c:601] ERROR sharp_create_job failed: No Aggregation Manager (sharp_am) detected(-52)
ip-0A230414:51224:51878 [4] NCCL INFO Sharp rank 5/16 initialized on mlx5_ib4:1

ip-0A230414:51224:51878 [4] sharp_plugin.c:288 NCCL WARN NET/IB :SHARP coll init error: Cannot create SHArP job(-11)

ip-0A230414:51224:51878 [4] NCCL INFO include/coll_net.h:21 -> 3
ip-0A23041A:46909:47555 [4] NCCL INFO Sharp rank 9/16 initialized on mlx5_ib4:1

ip-0A23041A:46909:47555 [4] sharp_plugin.c:288 NCCL WARN NET/IB :SHARP coll init error: Cannot create SHArP job(-11)

ip-0A23041A:46909:47555 [4] NCCL INFO include/coll_net.h:21 -> 3
ip-0A230407:87521:88177 [4] NCCL INFO Sharp rank 12/16 initialized on mlx5_ib4:1

ip-0A230407:87521:88177 [4] sharp_plugin.c:288 NCCL WARN NET/IB :SHARP coll init error: Cannot create SHArP job(-11)

ip-0A230407:87521:88177 [4] NCCL INFO include/coll_net.h:21 -> 3
ip-0A230408:7270:7942 [4] NCCL INFO Sharp rank 8/16 initialized on mlx5_ib4:1

ip-0A230408:7270:7942 [4] sharp_plugin.c:288 NCCL WARN NET/IB :SHARP coll init error: Cannot create SHArP job(-11)

ip-0A230408:7270:7942 [4] NCCL INFO include/coll_net.h:21 -> 3
ip-0A23041D:53018:53668 [4] NCCL INFO Sharp rank 10/16 initialized on mlx5_ib4:1

ip-0A23041D:53018:53668 [4] sharp_plugin.c:288 NCCL WARN NET/IB :SHARP coll init error: Cannot create SHArP job(-11)

ip-0A23041D:53018:53668 [4] NCCL INFO include/coll_net.h:21 -> 3
ip-0A230413:707:1382 [4] NCCL INFO Sharp rank 4/16 initialized on mlx5_ib4:1

ip-0A230413:707:1382 [4] sharp_plugin.c:288 NCCL WARN NET/IB :SHARP coll init error: Cannot create SHArP job(-11)

ip-0A230413:707:1382 [4] NCCL INFO include/coll_net.h:21 -> 3
ip-0A230410:85652:86310 [4] NCCL INFO Sharp rank 2/16 initialized on mlx5_ib4:1

ip-0A230410:85652:86310 [4] sharp_plugin.c:288 NCCL WARN NET/IB :SHARP coll init error: Cannot create SHArP job(-11)

ip-0A230410:85652:86310 [4] NCCL INFO include/coll_net.h:21 -> 3
ip-0A23040B:70727:71374 [4] NCCL INFO Sharp rank 13/16 initialized on mlx5_ib4:1

ip-0A23040B:70727:71374 [4] sharp_plugin.c:288 NCCL WARN NET/IB :SHARP coll init error: Cannot create SHArP job(-11)

ip-0A23040B:70727:71374 [4] NCCL INFO include/coll_net.h:21 -> 3
ip-0A23040F:16632:17288 [4] NCCL INFO Sharp rank 1/16 initialized on mlx5_ib4:1

ip-0A23040F:16632:17288 [4] sharp_plugin.c:288 NCCL WARN NET/IB :SHARP coll init error: Cannot create SHArP job(-11)

ip-0A23040F:16632:17288 [4] NCCL INFO include/coll_net.h:21 -> 3
ip-0A230414:51224:51877 [4] NCCL INFO transport.cc:222 -> 2
ip-0A23040C:96453:97179 [4] NCCL INFO Sharp rank 15/16 initialized on mlx5_ib4:1

ip-0A23040C:96453:97179 [4] sharp_plugin.c:288 NCCL WARN NET/IB :SHARP coll init error: Cannot create SHArP job(-11)

ip-0A23040C:96453:97179 [4] NCCL INFO include/coll_net.h:21 -> 3
ip-0A230417:88023:88680 [4] NCCL INFO Sharp rank 6/16 initialized on mlx5_ib4:1

ip-0A230417:88023:88680 [4] sharp_plugin.c:288 NCCL WARN NET/IB :SHARP coll init error: Cannot create SHArP job(-11)

ip-0A230417:88023:88680 [4] NCCL INFO include/coll_net.h:21 -> 3
ip-0A230406:43424:44083 [4] NCCL INFO Sharp rank 7/16 initialized on mlx5_ib4:1

ip-0A230406:43424:44083 [4] sharp_plugin.c:288 NCCL WARN NET/IB :SHARP coll init error: Cannot create SHArP job(-11)

ip-0A230406:43424:44083 [4] NCCL INFO include/coll_net.h:21 -> 3
ip-0A23040E:97537:98185 [4] NCCL INFO Sharp rank 14/16 initialized on mlx5_ib4:1

ip-0A23040E:97537:98185 [4] sharp_plugin.c:288 NCCL WARN NET/IB :SHARP coll init error: Cannot create SHArP job(-11)

ip-0A23040E:97537:98185 [4] NCCL INFO include/coll_net.h:21 -> 3

ip-0A230414:51224:51877 [4] transport.cc:253 NCCL WARN Cannot initialize CollNet, using point-to-point network instead
ip-0A230414:51224:51877 [4] NCCL INFO init.cc:765 -> 2
ip-0A230412:55020:55683 [4] NCCL INFO Sharp rank 3/16 initialized on mlx5_ib4:1

ip-0A230412:55020:55683 [4] sharp_plugin.c:288 NCCL WARN NET/IB :SHARP coll init error: Cannot create SHArP job(-11)

ip-0A230412:55020:55683 [4] NCCL INFO include/coll_net.h:21 -> 3
ip-0A230407:87521:88176 [4] NCCL INFO transport.cc:222 -> 2

ip-0A230407:87521:88176 [4] transport.cc:253 NCCL WARN Cannot initialize CollNet, using point-to-point network instead
ip-0A230407:87521:88176 [4] NCCL INFO init.cc:765 -> 2
ip-0A230414:51224:51877 [4] NCCL INFO threadThresholds 8/8/64 | 128/8/64 | 8/8/512
ip-0A230405:49963:50613 [4] NCCL INFO Sharp rank 11/16 initialized on mlx5_ib4:1

ip-0A230405:49963:50613 [4] sharp_plugin.c:288 NCCL WARN NET/IB :SHARP coll init error: Cannot create SHArP job(-11)

ip-0A230405:49963:50613 [4] NCCL INFO include/coll_net.h:21 -> 3
ip-0A23041A:46909:47554 [4] NCCL INFO transport.cc:222 -> 2

ip-0A23041A:46909:47554 [4] transport.cc:253 NCCL WARN Cannot initialize CollNet, using point-to-point network instead
ip-0A23041A:46909:47554 [4] NCCL INFO init.cc:765 -> 2
ip-0A23041A:46909:47554 [4] NCCL INFO threadThresholds 8/8/64 | 128/8/64 | 8/8/512
ip-0A23041A:46909:47554 [4] NCCL INFO 2 coll channels, 2 p2p channels, 2 p2p channels per peer
ip-0A230407:87521:88176 [4] NCCL INFO threadThresholds 8/8/64 | 128/8/64 | 8/8/512
ip-0A230407:87521:88176 [4] NCCL INFO 2 coll channels, 2 p2p channels, 2 p2p channels per peer
ip-0A230414:51224:51877 [4] NCCL INFO 2 coll channels, 2 p2p channels, 2 p2p channels per peer
ip-0A230408:7270:7940 [4] NCCL INFO transport.cc:222 -> 2

ip-0A230408:7270:7940 [4] transport.cc:253 NCCL WARN Cannot initialize CollNet, using point-to-point network instead
ip-0A230408:7270:7940 [4] NCCL INFO init.cc:765 -> 2
ip-0A23041D:53018:53667 [4] NCCL INFO transport.cc:222 -> 2

ip-0A23041D:53018:53667 [4] transport.cc:253 NCCL WARN Cannot initialize CollNet, using point-to-point network instead
ip-0A23041D:53018:53667 [4] NCCL INFO init.cc:765 -> 2
ip-0A230408:7270:7940 [4] NCCL INFO threadThresholds 8/8/64 | 128/8/64 | 8/8/512
ip-0A230408:7270:7940 [4] NCCL INFO 2 coll channels, 2 p2p channels, 2 p2p channels per peer
ip-0A23041D:53018:53667 [4] NCCL INFO threadThresholds 8/8/64 | 128/8/64 | 8/8/512
ip-0A230413:707:1380 [4] NCCL INFO transport.cc:222 -> 2

ip-0A230413:707:1380 [4] transport.cc:253 NCCL WARN Cannot initialize CollNet, using point-to-point network instead
ip-0A23041D:53018:53667 [4] NCCL INFO 2 coll channels, 2 p2p channels, 2 p2p channels per peer
ip-0A230413:707:1380 [4] NCCL INFO init.cc:765 -> 2
ip-0A230413:707:1380 [4] NCCL INFO threadThresholds 8/8/64 | 128/8/64 | 8/8/512
ip-0A230413:707:1380 [4] NCCL INFO 2 coll channels, 2 p2p channels, 2 p2p channels per peer
ip-0A23040B:70727:71373 [4] NCCL INFO transport.cc:222 -> 2

ip-0A23040B:70727:71373 [4] transport.cc:253 NCCL WARN Cannot initialize CollNet, using point-to-point network instead
ip-0A23040B:70727:71373 [4] NCCL INFO init.cc:765 -> 2
ip-0A230410:85652:86303 [4] NCCL INFO transport.cc:222 -> 2

ip-0A230410:85652:86303 [4] transport.cc:253 NCCL WARN Cannot initialize CollNet, using point-to-point network instead
ip-0A230410:85652:86303 [4] NCCL INFO init.cc:765 -> 2
ip-0A23040B:70727:71373 [4] NCCL INFO threadThresholds 8/8/64 | 128/8/64 | 8/8/512
ip-0A23040B:70727:71373 [4] NCCL INFO 2 coll channels, 2 p2p channels, 2 p2p channels per peer
ip-0A23040F:16632:17287 [4] NCCL INFO transport.cc:222 -> 2

ip-0A23040F:16632:17287 [4] transport.cc:253 NCCL WARN Cannot initialize CollNet, using point-to-point network instead
ip-0A23040F:16632:17287 [4] NCCL INFO init.cc:765 -> 2
ip-0A230410:85652:86303 [4] NCCL INFO threadThresholds 8/8/64 | 128/8/64 | 8/8/512
ip-0A23040F:16632:17287 [4] NCCL INFO threadThresholds 8/8/64 | 128/8/64 | 8/8/512
ip-0A230410:85652:86303 [4] NCCL INFO 2 coll channels, 2 p2p channels, 2 p2p channels per peer
ip-0A23040F:16632:17287 [4] NCCL INFO 2 coll channels, 2 p2p channels, 2 p2p channels per peer
ip-0A23040C:96453:97178 [4] NCCL INFO transport.cc:222 -> 2

ip-0A23040C:96453:97178 [4] transport.cc:253 NCCL WARN Cannot initialize CollNet, using point-to-point network instead
ip-0A230406:43424:44082 [4] NCCL INFO transport.cc:222 -> 2

ip-0A230406:43424:44082 [4] transport.cc:253 NCCL WARN Cannot initialize CollNet, using point-to-point network instead
ip-0A230406:43424:44082 [4] NCCL INFO init.cc:765 -> 2
ip-0A23040E:97537:98184 [4] NCCL INFO transport.cc:222 -> 2

ip-0A23040E:97537:98184 [4] transport.cc:253 NCCL WARN Cannot initialize CollNet, using point-to-point network instead
ip-0A23040E:97537:98184 [4] NCCL INFO init.cc:765 -> 2
ip-0A230412:55020:55678 [4] NCCL INFO transport.cc:222 -> 2

ip-0A230412:55020:55678 [4] transport.cc:253 NCCL WARN Cannot initialize CollNet, using point-to-point network instead
ip-0A230412:55020:55678 [4] NCCL INFO init.cc:765 -> 2
ip-0A23040C:96453:97178 [4] NCCL INFO init.cc:765 -> 2
ip-0A230417:88023:88679 [4] NCCL INFO transport.cc:222 -> 2

ip-0A230417:88023:88679 [4] transport.cc:253 NCCL WARN Cannot initialize CollNet, using point-to-point network instead
ip-0A230417:88023:88679 [4] NCCL INFO init.cc:765 -> 2
ip-0A230417:88023:88679 [4] NCCL INFO threadThresholds 8/8/64 | 128/8/64 | 8/8/512
ip-0A230417:88023:88679 [4] NCCL INFO 2 coll channels, 2 p2p channels, 2 p2p channels per peer
ip-0A230406:43424:44082 [4] NCCL INFO threadThresholds 8/8/64 | 128/8/64 | 8/8/512
ip-0A23040E:97537:98184 [4] NCCL INFO threadThresholds 8/8/64 | 128/8/64 | 8/8/512
ip-0A23040E:97537:98184 [4] NCCL INFO 2 coll channels, 2 p2p channels, 2 p2p channels per peer
ip-0A230412:55020:55678 [4] NCCL INFO threadThresholds 8/8/64 | 128/8/64 | 8/8/512
ip-0A230412:55020:55678 [4] NCCL INFO 2 coll channels, 2 p2p channels, 2 p2p channels per peer
ip-0A23040C:96453:97178 [4] NCCL INFO threadThresholds 8/8/64 | 128/8/64 | 8/8/512
ip-0A230406:43424:44082 [4] NCCL INFO 2 coll channels, 2 p2p channels, 2 p2p channels per peer
ip-0A230405:49963:50612 [4] NCCL INFO transport.cc:222 -> 2

ip-0A230405:49963:50612 [4] transport.cc:253 NCCL WARN Cannot initialize CollNet, using point-to-point network instead
ip-0A230405:49963:50612 [4] NCCL INFO init.cc:765 -> 2
ip-0A230405:49963:50612 [4] NCCL INFO threadThresholds 8/8/64 | 128/8/64 | 8/8/512
ip-0A230405:49963:50612 [4] NCCL INFO 2 coll channels, 2 p2p channels, 2 p2p channels per peer
ip-0A23040C:96453:97178 [4] NCCL INFO 2 coll channels, 2 p2p channels, 2 p2p channels per peer
ip-0A23041A:46909:47554 [4] NCCL INFO comm 0x14548c008fb0 rank 9 nranks 16 cudaDev 4 busId b00000 - Init COMPLETE
ip-0A23041D:53018:53667 [4] NCCL INFO comm 0x14a44c008fb0 rank 10 nranks 16 cudaDev 4 busId b00000 - Init COMPLETE
ip-0A230410:85652:86303 [4] NCCL INFO comm 0x148748008fb0 rank 2 nranks 16 cudaDev 4 busId b00000 - Init COMPLETE
ip-0A230414:51224:51877 [4] NCCL INFO comm 0x154470008fb0 rank 5 nranks 16 cudaDev 4 busId b00000 - Init COMPLETE
ip-0A23040B:70727:71373 [4] NCCL INFO comm 0x14acd0008fb0 rank 13 nranks 16 cudaDev 4 busId b00000 - Init COMPLETE
ip-0A23040F:16632:17287 [4] NCCL INFO comm 0x147184008fb0 rank 1 nranks 16 cudaDev 4 busId b00000 - Init COMPLETE
ip-0A230417:88023:88679 [4] NCCL INFO comm 0x1479e4008fb0 rank 6 nranks 16 cudaDev 4 busId b00000 - Init COMPLETE
ip-0A23040E:97537:98184 [4] NCCL INFO comm 0x150364008fb0 rank 14 nranks 16 cudaDev 4 busId b00000 - Init COMPLETE
ip-0A23040C:96453:97178 [4] NCCL INFO comm 0x14f150008fb0 rank 15 nranks 16 cudaDev 4 busId b00000 - Init COMPLETE
ip-0A230412:55020:55678 [4] NCCL INFO comm 0x145700008fb0 rank 3 nranks 16 cudaDev 4 busId b00000 - Init COMPLETE
ip-0A230405:49963:50612 [4] NCCL INFO comm 0x151f48008fb0 rank 11 nranks 16 cudaDev 4 busId b00000 - Init COMPLETE
ip-0A230408:7270:7940 [4] NCCL INFO comm 0x149184008fb0 rank 8 nranks 16 cudaDev 4 busId b00000 - Init COMPLETE
ip-0A230407:87521:88176 [4] NCCL INFO comm 0x15086c008fb0 rank 12 nranks 16 cudaDev 4 busId b00000 - Init COMPLETE
ip-0A230413:707:1380 [4] NCCL INFO comm 0x145c08008fb0 rank 4 nranks 16 cudaDev 4 busId b00000 - Init COMPLETE
ip-0A230406:43424:44082 [4] NCCL INFO comm 0x145f50008fb0 rank 7 nranks 16 cudaDev 4 busId b00000 - Init COMPLETE
ip-0A23040D:57043:57704 [4] NCCL INFO Sharp rank 0/16 initialized on mlx5_ib4:1

ip-0A23040D:57043:57704 [4] sharp_plugin.c:288 NCCL WARN NET/IB :SHARP coll init error: Cannot create SHArP job(-11)

ip-0A23040D:57043:57704 [4] NCCL INFO include/coll_net.h:21 -> 3
ip-0A23040D:57043:57702 [4] NCCL INFO transport.cc:222 -> 2

ip-0A23040D:57043:57702 [4] transport.cc:253 NCCL WARN Cannot initialize CollNet, using point-to-point network instead
ip-0A23040D:57043:57702 [4] NCCL INFO init.cc:765 -> 2
ip-0A23040D:57043:57702 [4] NCCL INFO threadThresholds 8/8/64 | 128/8/64 | 8/8/512
ip-0A23040D:57043:57702 [4] NCCL INFO 2 coll channels, 2 p2p channels, 2 p2p channels per peer
ip-0A23040D:57043:57702 [4] NCCL INFO comm 0x14ac44008fb0 rank 0 nranks 16 cudaDev 4 busId b00000 - Init COMPLETE
ip-0A23040D:57043:57043 [4] NCCL INFO Launch mode Parallel
ip-0A23040D:57040:57040 [5] NCCL INFO Bootstrap : Using eth0:10.35.4.13<0>
ip-0A23040D:57040:57040 [5] NCCL INFO NET/Plugin: Failed to find ncclNetPlugin_v5 symbol.
ip-0A23040D:57040:57040 [5] NCCL INFO NET/Plugin: Failed to find ncclCollNetPlugin_v5 symbol.
ip-0A23040D:57040:57040 [5] NCCL INFO Plugin Path : /opt/hpcx/nccl_rdma_sharp_plugin/lib/libnccl-net.so
ip-0A23040D:57040:57040 [5] NCCL INFO P2P plugin IBext
ip-0A23040D:57040:57040 [5] NCCL INFO NCCL_IB_PCI_RELAXED_ORDERING set by environment to 1.
ip-0A23040D:57040:57040 [5] NCCL INFO NET/IB : Using [0]mlx5_ib0:1/IB/SHARP [1]mlx5_ib1:1/IB/SHARP [2]mlx5_ib2:1/IB/SHARP [3]mlx5_ib3:1/IB/SHARP [4]mlx5_ib4:1/IB/SHARP [5]mlx5_ib5:1/IB/SHARP [6]mlx5_ib6:1/IB/SHARP [7]mlx5_ib7:1/IB/SHARP ; OOB eth0:10.35.4.13<0>
ip-0A23040D:57040:57040 [5] NCCL INFO Using network IBext
NCCL version 2.12.10+cuda11.6
ip-0A23040C:96456:96456 [5] NCCL INFO Bootstrap : Using eth0:10.35.4.12<0>
ip-0A230407:87525:87525 [5] NCCL INFO Bootstrap : Using eth0:10.35.4.7<0>
ip-0A23040F:16629:16629 [5] NCCL INFO Bootstrap : Using eth0:10.35.4.15<0>
ip-0A230413:705:705 [5] NCCL INFO Bootstrap : Using eth0:10.35.4.19<0>
ip-0A230408:7273:7273 [5] NCCL INFO Bootstrap : Using eth0:10.35.4.8<0>
ip-0A230410:85649:85649 [5] NCCL INFO Bootstrap : Using eth0:10.35.4.16<0>
ip-0A230405:49962:49962 [5] NCCL INFO Bootstrap : Using eth0:10.35.4.5<0>
ip-0A23041D:53016:53016 [5] NCCL INFO Bootstrap : Using eth0:10.35.4.29<0>
ip-0A23041A:46906:46906 [5] NCCL INFO Bootstrap : Using eth0:10.35.4.26<0>
ip-0A230417:88026:88026 [5] NCCL INFO Bootstrap : Using eth0:10.35.4.23<0>
ip-0A230414:51228:51228 [5] NCCL INFO Bootstrap : Using eth0:10.35.4.20<0>
ip-0A230406:43429:43429 [5] NCCL INFO Bootstrap : Using eth0:10.35.4.6<0>
ip-0A230412:55017:55017 [5] NCCL INFO Bootstrap : Using eth0:10.35.4.18<0>
ip-0A23040B:70721:70721 [5] NCCL INFO Bootstrap : Using eth0:10.35.4.11<0>
ip-0A23040E:97533:97533 [5] NCCL INFO Bootstrap : Using eth0:10.35.4.14<0>
ip-0A230407:87525:87525 [5] NCCL INFO NET/Plugin: Failed to find ncclNetPlugin_v5 symbol.
ip-0A230407:87525:87525 [5] NCCL INFO NET/Plugin: Failed to find ncclCollNetPlugin_v5 symbol.
ip-0A230407:87525:87525 [5] NCCL INFO Plugin Path : /opt/hpcx/nccl_rdma_sharp_plugin/lib/libnccl-net.so
ip-0A230407:87525:87525 [5] NCCL INFO P2P plugin IBext
ip-0A230407:87525:87525 [5] NCCL INFO NCCL_IB_PCI_RELAXED_ORDERING set by environment to 1.
ip-0A230414:51228:51228 [5] NCCL INFO NET/Plugin: Failed to find ncclNetPlugin_v5 symbol.
ip-0A230414:51228:51228 [5] NCCL INFO NET/Plugin: Failed to find ncclCollNetPlugin_v5 symbol.
ip-0A230414:51228:51228 [5] NCCL INFO Plugin Path : /opt/hpcx/nccl_rdma_sharp_plugin/lib/libnccl-net.so
ip-0A230414:51228:51228 [5] NCCL INFO P2P plugin IBext
ip-0A23040F:16629:16629 [5] NCCL INFO NET/Plugin: Failed to find ncclNetPlugin_v5 symbol.
ip-0A23040F:16629:16629 [5] NCCL INFO NET/Plugin: Failed to find ncclCollNetPlugin_v5 symbol.
ip-0A230414:51228:51228 [5] NCCL INFO NCCL_IB_PCI_RELAXED_ORDERING set by environment to 1.
ip-0A23040F:16629:16629 [5] NCCL INFO Plugin Path : /opt/hpcx/nccl_rdma_sharp_plugin/lib/libnccl-net.so
ip-0A23040F:16629:16629 [5] NCCL INFO P2P plugin IBext
ip-0A23040F:16629:16629 [5] NCCL INFO NCCL_IB_PCI_RELAXED_ORDERING set by environment to 1.
ip-0A23040C:96456:96456 [5] NCCL INFO NET/Plugin: Failed to find ncclNetPlugin_v5 symbol.
ip-0A23040C:96456:96456 [5] NCCL INFO NET/Plugin: Failed to find ncclCollNetPlugin_v5 symbol.
ip-0A23040C:96456:96456 [5] NCCL INFO Plugin Path : /opt/hpcx/nccl_rdma_sharp_plugin/lib/libnccl-net.so
ip-0A23040C:96456:96456 [5] NCCL INFO P2P plugin IBext
ip-0A23040C:96456:96456 [5] NCCL INFO NCCL_IB_PCI_RELAXED_ORDERING set by environment to 1.
ip-0A230412:55017:55017 [5] NCCL INFO NET/Plugin: Failed to find ncclNetPlugin_v5 symbol.
ip-0A230412:55017:55017 [5] NCCL INFO NET/Plugin: Failed to find ncclCollNetPlugin_v5 symbol.
ip-0A23041A:46906:46906 [5] NCCL INFO NET/Plugin: Failed to find ncclNetPlugin_v5 symbol.
ip-0A23041A:46906:46906 [5] NCCL INFO NET/Plugin: Failed to find ncclCollNetPlugin_v5 symbol.
ip-0A230412:55017:55017 [5] NCCL INFO Plugin Path : /opt/hpcx/nccl_rdma_sharp_plugin/lib/libnccl-net.so
ip-0A230412:55017:55017 [5] NCCL INFO P2P plugin IBext
ip-0A23041A:46906:46906 [5] NCCL INFO Plugin Path : /opt/hpcx/nccl_rdma_sharp_plugin/lib/libnccl-net.so
ip-0A23041A:46906:46906 [5] NCCL INFO P2P plugin IBext
ip-0A23041A:46906:46906 [5] NCCL INFO NCCL_IB_PCI_RELAXED_ORDERING set by environment to 1.
ip-0A230412:55017:55017 [5] NCCL INFO NCCL_IB_PCI_RELAXED_ORDERING set by environment to 1.
ip-0A230405:49962:49962 [5] NCCL INFO NET/Plugin: Failed to find ncclNetPlugin_v5 symbol.
ip-0A230405:49962:49962 [5] NCCL INFO NET/Plugin: Failed to find ncclCollNetPlugin_v5 symbol.
ip-0A230408:7273:7273 [5] NCCL INFO NET/Plugin: Failed to find ncclNetPlugin_v5 symbol.
ip-0A230408:7273:7273 [5] NCCL INFO NET/Plugin: Failed to find ncclCollNetPlugin_v5 symbol.
ip-0A230408:7273:7273 [5] NCCL INFO Plugin Path : /opt/hpcx/nccl_rdma_sharp_plugin/lib/libnccl-net.so
ip-0A230408:7273:7273 [5] NCCL INFO P2P plugin IBext
ip-0A230408:7273:7273 [5] NCCL INFO NCCL_IB_PCI_RELAXED_ORDERING set by environment to 1.
ip-0A230405:49962:49962 [5] NCCL INFO Plugin Path : /opt/hpcx/nccl_rdma_sharp_plugin/lib/libnccl-net.so
ip-0A230405:49962:49962 [5] NCCL INFO P2P plugin IBext
ip-0A230405:49962:49962 [5] NCCL INFO NCCL_IB_PCI_RELAXED_ORDERING set by environment to 1.
ip-0A230410:85649:85649 [5] NCCL INFO NET/Plugin: Failed to find ncclNetPlugin_v5 symbol.
ip-0A230410:85649:85649 [5] NCCL INFO NET/Plugin: Failed to find ncclCollNetPlugin_v5 symbol.
ip-0A230413:705:705 [5] NCCL INFO NET/Plugin: Failed to find ncclNetPlugin_v5 symbol.
ip-0A230413:705:705 [5] NCCL INFO NET/Plugin: Failed to find ncclCollNetPlugin_v5 symbol.
ip-0A230406:43429:43429 [5] NCCL INFO NET/Plugin: Failed to find ncclNetPlugin_v5 symbol.
ip-0A230406:43429:43429 [5] NCCL INFO NET/Plugin: Failed to find ncclCollNetPlugin_v5 symbol.
ip-0A230413:705:705 [5] NCCL INFO Plugin Path : /opt/hpcx/nccl_rdma_sharp_plugin/lib/libnccl-net.so
ip-0A230413:705:705 [5] NCCL INFO P2P plugin IBext
ip-0A230413:705:705 [5] NCCL INFO NCCL_IB_PCI_RELAXED_ORDERING set by environment to 1.
ip-0A230410:85649:85649 [5] NCCL INFO Plugin Path : /opt/hpcx/nccl_rdma_sharp_plugin/lib/libnccl-net.so
ip-0A230410:85649:85649 [5] NCCL INFO P2P plugin IBext
ip-0A230410:85649:85649 [5] NCCL INFO NCCL_IB_PCI_RELAXED_ORDERING set by environment to 1.
ip-0A230406:43429:43429 [5] NCCL INFO Plugin Path : /opt/hpcx/nccl_rdma_sharp_plugin/lib/libnccl-net.so
ip-0A230406:43429:43429 [5] NCCL INFO P2P plugin IBext
ip-0A230406:43429:43429 [5] NCCL INFO NCCL_IB_PCI_RELAXED_ORDERING set by environment to 1.
ip-0A23041D:53016:53016 [5] NCCL INFO NET/Plugin: Failed to find ncclNetPlugin_v5 symbol.
ip-0A23041D:53016:53016 [5] NCCL INFO NET/Plugin: Failed to find ncclCollNetPlugin_v5 symbol.
ip-0A23041D:53016:53016 [5] NCCL INFO Plugin Path : /opt/hpcx/nccl_rdma_sharp_plugin/lib/libnccl-net.so
ip-0A23041D:53016:53016 [5] NCCL INFO P2P plugin IBext
ip-0A23041D:53016:53016 [5] NCCL INFO NCCL_IB_PCI_RELAXED_ORDERING set by environment to 1.
ip-0A230417:88026:88026 [5] NCCL INFO NET/Plugin: Failed to find ncclNetPlugin_v5 symbol.
ip-0A230417:88026:88026 [5] NCCL INFO NET/Plugin: Failed to find ncclCollNetPlugin_v5 symbol.
ip-0A230417:88026:88026 [5] NCCL INFO Plugin Path : /opt/hpcx/nccl_rdma_sharp_plugin/lib/libnccl-net.so
ip-0A230417:88026:88026 [5] NCCL INFO P2P plugin IBext
ip-0A230417:88026:88026 [5] NCCL INFO NCCL_IB_PCI_RELAXED_ORDERING set by environment to 1.
ip-0A23040B:70721:70721 [5] NCCL INFO NET/Plugin: Failed to find ncclNetPlugin_v5 symbol.
ip-0A23040B:70721:70721 [5] NCCL INFO NET/Plugin: Failed to find ncclCollNetPlugin_v5 symbol.
ip-0A23040B:70721:70721 [5] NCCL INFO Plugin Path : /opt/hpcx/nccl_rdma_sharp_plugin/lib/libnccl-net.so
ip-0A23040B:70721:70721 [5] NCCL INFO P2P plugin IBext
ip-0A23040B:70721:70721 [5] NCCL INFO NCCL_IB_PCI_RELAXED_ORDERING set by environment to 1.
ip-0A23040E:97533:97533 [5] NCCL INFO NET/Plugin: Failed to find ncclNetPlugin_v5 symbol.
ip-0A23040E:97533:97533 [5] NCCL INFO NET/Plugin: Failed to find ncclCollNetPlugin_v5 symbol.
ip-0A23040E:97533:97533 [5] NCCL INFO Plugin Path : /opt/hpcx/nccl_rdma_sharp_plugin/lib/libnccl-net.so
ip-0A23040E:97533:97533 [5] NCCL INFO P2P plugin IBext
ip-0A23040E:97533:97533 [5] NCCL INFO NCCL_IB_PCI_RELAXED_ORDERING set by environment to 1.
ip-0A230414:51228:51228 [5] NCCL INFO NET/IB : Using [0]mlx5_ib0:1/IB/SHARP [1]mlx5_ib1:1/IB/SHARP [2]mlx5_ib2:1/IB/SHARP [3]mlx5_ib3:1/IB/SHARP [4]mlx5_ib4:1/IB/SHARP [5]mlx5_ib5:1/IB/SHARP [6]mlx5_ib6:1/IB/SHARP [7]mlx5_ib7:1/IB/SHARP ; OOB eth0:10.35.4.20<0>
ip-0A230414:51228:51228 [5] NCCL INFO Using network IBext
ip-0A230407:87525:87525 [5] NCCL INFO NET/IB : Using [0]mlx5_ib0:1/IB/SHARP [1]mlx5_ib1:1/IB/SHARP [2]mlx5_ib2:1/IB/SHARP [3]mlx5_ib3:1/IB/SHARP [4]mlx5_ib4:1/IB/SHARP [5]mlx5_ib5:1/IB/SHARP [6]mlx5_ib6:1/IB/SHARP [7]mlx5_ib7:1/IB/SHARP ; OOB eth0:10.35.4.7<0>
ip-0A230407:87525:87525 [5] NCCL INFO Using network IBext
ip-0A23041A:46906:46906 [5] NCCL INFO NET/IB : Using [0]mlx5_ib0:1/IB/SHARP [1]mlx5_ib1:1/IB/SHARP [2]mlx5_ib2:1/IB/SHARP [3]mlx5_ib3:1/IB/SHARP [4]mlx5_ib4:1/IB/SHARP [5]mlx5_ib5:1/IB/SHARP [6]mlx5_ib6:1/IB/SHARP [7]mlx5_ib7:1/IB/SHARP ; OOB eth0:10.35.4.26<0>
ip-0A23041A:46906:46906 [5] NCCL INFO Using network IBext
ip-0A230408:7273:7273 [5] NCCL INFO NET/IB : Using [0]mlx5_ib0:1/IB/SHARP [1]mlx5_ib1:1/IB/SHARP [2]mlx5_ib2:1/IB/SHARP [3]mlx5_ib3:1/IB/SHARP [4]mlx5_ib4:1/IB/SHARP [5]mlx5_ib5:1/IB/SHARP [6]mlx5_ib6:1/IB/SHARP [7]mlx5_ib7:1/IB/SHARP ; OOB eth0:10.35.4.8<0>
ip-0A230408:7273:7273 [5] NCCL INFO Using network IBext
ip-0A23040F:16629:16629 [5] NCCL INFO NET/IB : Using [0]mlx5_ib0:1/IB/SHARP [1]mlx5_ib1:1/IB/SHARP [2]mlx5_ib2:1/IB/SHARP [3]mlx5_ib3:1/IB/SHARP [4]mlx5_ib4:1/IB/SHARP [5]mlx5_ib5:1/IB/SHARP [6]mlx5_ib6:1/IB/SHARP [7]mlx5_ib7:1/IB/SHARP ; OOB eth0:10.35.4.15<0>
ip-0A23040F:16629:16629 [5] NCCL INFO Using network IBext
ip-0A230412:55017:55017 [5] NCCL INFO NET/IB : Using [0]mlx5_ib0:1/IB/SHARP [1]mlx5_ib1:1/IB/SHARP [2]mlx5_ib2:1/IB/SHARP [3]mlx5_ib3:1/IB/SHARP [4]mlx5_ib4:1/IB/SHARP [5]mlx5_ib5:1/IB/SHARP [6]mlx5_ib6:1/IB/SHARP [7]mlx5_ib7:1/IB/SHARP ; OOB eth0:10.35.4.18<0>
ip-0A230412:55017:55017 [5] NCCL INFO Using network IBext
ip-0A23040C:96456:96456 [5] NCCL INFO NET/IB : Using [0]mlx5_ib0:1/IB/SHARP [1]mlx5_ib1:1/IB/SHARP [2]mlx5_ib2:1/IB/SHARP [3]mlx5_ib3:1/IB/SHARP [4]mlx5_ib4:1/IB/SHARP [5]mlx5_ib5:1/IB/SHARP [6]mlx5_ib6:1/IB/SHARP [7]mlx5_ib7:1/IB/SHARP ; OOB eth0:10.35.4.12<0>
ip-0A23040C:96456:96456 [5] NCCL INFO Using network IBext
ip-0A230405:49962:49962 [5] NCCL INFO NET/IB : Using [0]mlx5_ib0:1/IB/SHARP [1]mlx5_ib1:1/IB/SHARP [2]mlx5_ib2:1/IB/SHARP [3]mlx5_ib3:1/IB/SHARP [4]mlx5_ib4:1/IB/SHARP [5]mlx5_ib5:1/IB/SHARP [6]mlx5_ib6:1/IB/SHARP [7]mlx5_ib7:1/IB/SHARP ; OOB eth0:10.35.4.5<0>
ip-0A230410:85649:85649 [5] NCCL INFO NET/IB : Using [0]mlx5_ib0:1/IB/SHARP [1]mlx5_ib1:1/IB/SHARP [2]mlx5_ib2:1/IB/SHARP [3]mlx5_ib3:1/IB/SHARP [4]mlx5_ib4:1/IB/SHARP [5]mlx5_ib5:1/IB/SHARP [6]mlx5_ib6:1/IB/SHARP [7]mlx5_ib7:1/IB/SHARP ; OOB eth0:10.35.4.16<0>
ip-0A230410:85649:85649 [5] NCCL INFO Using network IBext
ip-0A230405:49962:49962 [5] NCCL INFO Using network IBext
ip-0A230406:43429:43429 [5] NCCL INFO NET/IB : Using [0]mlx5_ib0:1/IB/SHARP [1]mlx5_ib1:1/IB/SHARP [2]mlx5_ib2:1/IB/SHARP [3]mlx5_ib3:1/IB/SHARP [4]mlx5_ib4:1/IB/SHARP [5]mlx5_ib5:1/IB/SHARP [6]mlx5_ib6:1/IB/SHARP [7]mlx5_ib7:1/IB/SHARP ; OOB eth0:10.35.4.6<0>
ip-0A230406:43429:43429 [5] NCCL INFO Using network IBext
ip-0A230417:88026:88026 [5] NCCL INFO NET/IB : Using [0]mlx5_ib0:1/IB/SHARP [1]mlx5_ib1:1/IB/SHARP [2]mlx5_ib2:1/IB/SHARP [3]mlx5_ib3:1/IB/SHARP [4]mlx5_ib4:1/IB/SHARP [5]mlx5_ib5:1/IB/SHARP [6]mlx5_ib6:1/IB/SHARP [7]mlx5_ib7:1/IB/SHARP ; OOB eth0:10.35.4.23<0>
ip-0A230417:88026:88026 [5] NCCL INFO Using network IBext
ip-0A23041D:53016:53016 [5] NCCL INFO NET/IB : Using [0]mlx5_ib0:1/IB/SHARP [1]mlx5_ib1:1/IB/SHARP [2]mlx5_ib2:1/IB/SHARP [3]mlx5_ib3:1/IB/SHARP [4]mlx5_ib4:1/IB/SHARP [5]mlx5_ib5:1/IB/SHARP [6]mlx5_ib6:1/IB/SHARP [7]mlx5_ib7:1/IB/SHARP ; OOB eth0:10.35.4.29<0>
ip-0A23041D:53016:53016 [5] NCCL INFO Using network IBext
ip-0A230413:705:705 [5] NCCL INFO NET/IB : Using [0]mlx5_ib0:1/IB/SHARP [1]mlx5_ib1:1/IB/SHARP [2]mlx5_ib2:1/IB/SHARP [3]mlx5_ib3:1/IB/SHARP [4]mlx5_ib4:1/IB/SHARP [5]mlx5_ib5:1/IB/SHARP [6]mlx5_ib6:1/IB/SHARP [7]mlx5_ib7:1/IB/SHARP ; OOB eth0:10.35.4.19<0>
ip-0A230413:705:705 [5] NCCL INFO Using network IBext
ip-0A23040B:70721:70721 [5] NCCL INFO NET/IB : Using [0]mlx5_ib0:1/IB/SHARP [1]mlx5_ib1:1/IB/SHARP [2]mlx5_ib2:1/IB/SHARP [3]mlx5_ib3:1/IB/SHARP [4]mlx5_ib4:1/IB/SHARP [5]mlx5_ib5:1/IB/SHARP [6]mlx5_ib6:1/IB/SHARP [7]mlx5_ib7:1/IB/SHARP ; OOB eth0:10.35.4.11<0>
ip-0A23040B:70721:70721 [5] NCCL INFO Using network IBext
ip-0A23040E:97533:97533 [5] NCCL INFO NET/IB : Using [0]mlx5_ib0:1/IB/SHARP [1]mlx5_ib1:1/IB/SHARP [2]mlx5_ib2:1/IB/SHARP [3]mlx5_ib3:1/IB/SHARP [4]mlx5_ib4:1/IB/SHARP [5]mlx5_ib5:1/IB/SHARP [6]mlx5_ib6:1/IB/SHARP [7]mlx5_ib7:1/IB/SHARP ; OOB eth0:10.35.4.14<0>
ip-0A23040E:97533:97533 [5] NCCL INFO Using network IBext
ip-0A23040E:97533:98207 [5] NCCL INFO NCCL_P2P_LEVEL set by environment to LOC
ip-0A23040E:97533:98207 [5] NCCL INFO PXN Disabled as plugin is v4
ip-0A23040E:97533:98207 [5] NCCL INFO NCCL_COLLNET_ENABLE set by environment to 1.
ip-0A23040C:96456:97197 [5] NCCL INFO NCCL_P2P_LEVEL set by environment to LOC
ip-0A23040C:96456:97197 [5] NCCL INFO PXN Disabled as plugin is v4
ip-0A23040C:96456:97197 [5] NCCL INFO NCCL_COLLNET_ENABLE set by environment to 1.
ip-0A230413:705:1407 [5] NCCL INFO NCCL_P2P_LEVEL set by environment to LOC
ip-0A230413:705:1407 [5] NCCL INFO PXN Disabled as plugin is v4
ip-0A230413:705:1407 [5] NCCL INFO NCCL_COLLNET_ENABLE set by environment to 1.
ip-0A230408:7273:7954 [5] NCCL INFO NCCL_P2P_LEVEL set by environment to LOC
ip-0A23040F:16629:17301 [5] NCCL INFO NCCL_P2P_LEVEL set by environment to LOC
ip-0A230408:7273:7954 [5] NCCL INFO PXN Disabled as plugin is v4
ip-0A23041D:53016:53680 [5] NCCL INFO NCCL_P2P_LEVEL set by environment to LOC
ip-0A230405:49962:50625 [5] NCCL INFO NCCL_P2P_LEVEL set by environment to LOC
ip-0A23040F:16629:17301 [5] NCCL INFO PXN Disabled as plugin is v4
ip-0A23041D:53016:53680 [5] NCCL INFO PXN Disabled as plugin is v4
ip-0A230408:7273:7954 [5] NCCL INFO NCCL_COLLNET_ENABLE set by environment to 1.
ip-0A230414:51228:51891 [5] NCCL INFO NCCL_P2P_LEVEL set by environment to LOC
ip-0A230405:49962:50625 [5] NCCL INFO PXN Disabled as plugin is v4
ip-0A23040F:16629:17301 [5] NCCL INFO NCCL_COLLNET_ENABLE set by environment to 1.
ip-0A230414:51228:51891 [5] NCCL INFO PXN Disabled as plugin is v4
ip-0A23041D:53016:53680 [5] NCCL INFO NCCL_COLLNET_ENABLE set by environment to 1.
ip-0A230405:49962:50625 [5] NCCL INFO NCCL_COLLNET_ENABLE set by environment to 1.
ip-0A23041A:46906:47567 [5] NCCL INFO NCCL_P2P_LEVEL set by environment to LOC
ip-0A230417:88026:88693 [5] NCCL INFO NCCL_P2P_LEVEL set by environment to LOC
ip-0A230414:51228:51891 [5] NCCL INFO NCCL_COLLNET_ENABLE set by environment to 1.
ip-0A23041A:46906:47567 [5] NCCL INFO PXN Disabled as plugin is v4
ip-0A23040B:70721:71387 [5] NCCL INFO NCCL_P2P_LEVEL set by environment to LOC
ip-0A230417:88026:88693 [5] NCCL INFO PXN Disabled as plugin is v4
ip-0A23040B:70721:71387 [5] NCCL INFO PXN Disabled as plugin is v4
ip-0A230412:55017:55696 [5] NCCL INFO NCCL_P2P_LEVEL set by environment to LOC
ip-0A23041A:46906:47567 [5] NCCL INFO NCCL_COLLNET_ENABLE set by environment to 1.
ip-0A230417:88026:88693 [5] NCCL INFO NCCL_COLLNET_ENABLE set by environment to 1.
ip-0A23040B:70721:71387 [5] NCCL INFO NCCL_COLLNET_ENABLE set by environment to 1.
ip-0A230412:55017:55696 [5] NCCL INFO PXN Disabled as plugin is v4
ip-0A230406:43429:44100 [5] NCCL INFO NCCL_P2P_LEVEL set by environment to LOC
ip-0A230406:43429:44100 [5] NCCL INFO PXN Disabled as plugin is v4
ip-0A230412:55017:55696 [5] NCCL INFO NCCL_COLLNET_ENABLE set by environment to 1.
ip-0A230406:43429:44100 [5] NCCL INFO NCCL_COLLNET_ENABLE set by environment to 1.
ip-0A23040D:57040:57717 [5] NCCL INFO NCCL_P2P_LEVEL set by environment to LOC
ip-0A23040D:57040:57717 [5] NCCL INFO PXN Disabled as plugin is v4
ip-0A230410:85649:86326 [5] NCCL INFO NCCL_P2P_LEVEL set by environment to LOC
ip-0A23040D:57040:57717 [5] NCCL INFO NCCL_COLLNET_ENABLE set by environment to 1.
ip-0A230410:85649:86326 [5] NCCL INFO PXN Disabled as plugin is v4
ip-0A230407:87525:88199 [5] NCCL INFO NCCL_P2P_LEVEL set by environment to LOC
ip-0A230410:85649:86326 [5] NCCL INFO NCCL_COLLNET_ENABLE set by environment to 1.
ip-0A230407:87525:88199 [5] NCCL INFO PXN Disabled as plugin is v4
ip-0A230407:87525:88199 [5] NCCL INFO NCCL_COLLNET_ENABLE set by environment to 1.
ip-0A230407:87525:88199 [5] NCCL INFO Trees [0] 10/14/-1->12->8 [1] -1/-1/-1->12->13
ip-0A23040B:70721:71387 [5] NCCL INFO Trees [0] -1/-1/-1->13->14 [1] 14/12/-1->13->11
ip-0A23040E:97533:98207 [5] NCCL INFO Trees [0] 13/15/-1->14->12 [1] -1/-1/-1->14->13
ip-0A23040D:57040:57717 [5] NCCL INFO Channel 00/02 :    0   1   2   3   4   5   6   7   8   9  10  11  12  13  14  15
ip-0A23040D:57040:57717 [5] NCCL INFO Channel 01/02 :    0   1   2   3   4   5   6   7   8   9  10  11  12  13  14  15
ip-0A230410:85649:86326 [5] NCCL INFO Trees [0] 1/3/-1->2->4 [1] -1/-1/-1->2->1
ip-0A23040C:96456:97197 [5] NCCL INFO Trees [0] -1/-1/-1->15->14 [1] 7/-1/-1->15->-1
ip-0A23040D:57040:57717 [5] NCCL INFO Trees [0] 8/-1/-1->0->-1 [1] -1/-1/-1->0->1
ip-0A230412:55017:55696 [5] NCCL INFO Trees [0] -1/-1/-1->3->2 [1] 5/1/-1->3->7
ip-0A23040F:16629:17301 [5] NCCL INFO Trees [0] -1/-1/-1->1->2 [1] 2/0/-1->1->3
ip-0A230413:705:1407 [5] NCCL INFO Trees [0] 2/6/-1->4->8 [1] -1/-1/-1->4->5
ip-0A230414:51228:51891 [5] NCCL INFO Trees [0] -1/-1/-1->5->6 [1] 6/4/-1->5->3
ip-0A230417:88026:88693 [5] NCCL INFO Trees [0] 5/7/-1->6->4 [1] -1/-1/-1->6->5
ip-0A230406:43429:44100 [5] NCCL INFO Trees [0] -1/-1/-1->7->6 [1] 11/3/-1->7->15
ip-0A230408:7273:7954 [5] NCCL INFO Trees [0] 4/12/-1->8->0 [1] -1/-1/-1->8->9
ip-0A23041A:46906:47567 [5] NCCL INFO Trees [0] -1/-1/-1->9->10 [1] 10/8/-1->9->11
ip-0A23041D:53016:53680 [5] NCCL INFO Trees [0] 9/11/-1->10->12 [1] -1/-1/-1->10->9
ip-0A230405:49962:50625 [5] NCCL INFO Trees [0] -1/-1/-1->11->10 [1] 13/9/-1->11->7
ip-0A23040B:70721:71387 [5] NCCL INFO Channel 00/0 : 12[c00000] -> 13[c00000] [receive] via NET/IBext/5
ip-0A230407:87525:88199 [5] NCCL INFO Channel 00/0 : 11[c00000] -> 12[c00000] [receive] via NET/IBext/5
ip-0A23040E:97533:98207 [5] NCCL INFO Channel 00/0 : 13[c00000] -> 14[c00000] [receive] via NET/IBext/5
ip-0A23040B:70721:71387 [5] NCCL INFO Channel 01/0 : 12[c00000] -> 13[c00000] [receive] via NET/IBext/5
ip-0A23040C:96456:97197 [5] NCCL INFO Channel 00/0 : 14[c00000] -> 15[c00000] [receive] via NET/IBext/5
ip-0A23040B:70721:71387 [5] NCCL INFO Channel 00/0 : 13[c00000] -> 14[c00000] [send] via NET/IBext/5
ip-0A23040B:70721:71387 [5] NCCL INFO Channel 01/0 : 13[c00000] -> 14[c00000] [send] via NET/IBext/5
ip-0A23040F:16629:17301 [5] NCCL INFO Channel 00/0 : 0[c00000] -> 1[c00000] [receive] via NET/IBext/5
ip-0A23040E:97533:98207 [5] NCCL INFO Channel 01/0 : 13[c00000] -> 14[c00000] [receive] via NET/IBext/5
ip-0A23040E:97533:98207 [5] NCCL INFO Channel 00/0 : 14[c00000] -> 15[c00000] [send] via NET/IBext/5
ip-0A23040C:96456:97197 [5] NCCL INFO Channel 01/0 : 14[c00000] -> 15[c00000] [receive] via NET/IBext/5
ip-0A230407:87525:88199 [5] NCCL INFO Channel 01/0 : 11[c00000] -> 12[c00000] [receive] via NET/IBext/5
ip-0A23040C:96456:97197 [5] NCCL INFO Channel 00/0 : 15[c00000] -> 0[c00000] [send] via NET/IBext/5
ip-0A230407:87525:88199 [5] NCCL INFO Channel 00/0 : 12[c00000] -> 13[c00000] [send] via NET/IBext/5
ip-0A230412:55017:55696 [5] NCCL INFO Channel 00/0 : 2[c00000] -> 3[c00000] [receive] via NET/IBext/5
ip-0A230407:87525:88199 [5] NCCL INFO Channel 01/0 : 12[c00000] -> 13[c00000] [send] via NET/IBext/5
ip-0A23040D:57040:57717 [5] NCCL INFO Channel 00/0 : 15[c00000] -> 0[c00000] [receive] via NET/IBext/5
ip-0A230413:705:1407 [5] NCCL INFO Channel 00/0 : 3[c00000] -> 4[c00000] [receive] via NET/IBext/5
ip-0A230410:85649:86326 [5] NCCL INFO Channel 00/0 : 1[c00000] -> 2[c00000] [receive] via NET/IBext/5
ip-0A23040F:16629:17301 [5] NCCL INFO Channel 01/0 : 0[c00000] -> 1[c00000] [receive] via NET/IBext/5
ip-0A23040E:97533:98207 [5] NCCL INFO Channel 01/0 : 14[c00000] -> 15[c00000] [send] via NET/IBext/5
ip-0A230414:51228:51891 [5] NCCL INFO Channel 00/0 : 4[c00000] -> 5[c00000] [receive] via NET/IBext/5
ip-0A23040C:96456:97197 [5] NCCL INFO Channel 01/0 : 15[c00000] -> 0[c00000] [send] via NET/IBext/5
ip-0A230412:55017:55696 [5] NCCL INFO Channel 01/0 : 2[c00000] -> 3[c00000] [receive] via NET/IBext/5
ip-0A230412:55017:55696 [5] NCCL INFO Channel 00/0 : 3[c00000] -> 4[c00000] [send] via NET/IBext/5
ip-0A23040D:57040:57717 [5] NCCL INFO Channel 01/0 : 15[c00000] -> 0[c00000] [receive] via NET/IBext/5
ip-0A23040F:16629:17301 [5] NCCL INFO Channel 00/0 : 1[c00000] -> 2[c00000] [send] via NET/IBext/5
ip-0A23040F:16629:17301 [5] NCCL INFO Channel 01/0 : 1[c00000] -> 2[c00000] [send] via NET/IBext/5
ip-0A230413:705:1407 [5] NCCL INFO Channel 01/0 : 3[c00000] -> 4[c00000] [receive] via NET/IBext/5
ip-0A230413:705:1407 [5] NCCL INFO Channel 00/0 : 4[c00000] -> 5[c00000] [send] via NET/IBext/5
ip-0A230417:88026:88693 [5] NCCL INFO Channel 00/0 : 5[c00000] -> 6[c00000] [receive] via NET/IBext/5
ip-0A230410:85649:86326 [5] NCCL INFO Channel 01/0 : 1[c00000] -> 2[c00000] [receive] via NET/IBext/5
ip-0A230410:85649:86326 [5] NCCL INFO Channel 00/0 : 2[c00000] -> 3[c00000] [send] via NET/IBext/5
ip-0A23040D:57040:57717 [5] NCCL INFO Channel 00/0 : 0[c00000] -> 1[c00000] [send] via NET/IBext/5
ip-0A230414:51228:51891 [5] NCCL INFO Channel 01/0 : 4[c00000] -> 5[c00000] [receive] via NET/IBext/5
ip-0A230414:51228:51891 [5] NCCL INFO Channel 00/0 : 5[c00000] -> 6[c00000] [send] via NET/IBext/5
ip-0A230412:55017:55696 [5] NCCL INFO Channel 01/0 : 3[c00000] -> 4[c00000] [send] via NET/IBext/5
ip-0A23040D:57040:57717 [5] NCCL INFO Channel 01/0 : 0[c00000] -> 1[c00000] [send] via NET/IBext/5
ip-0A230406:43429:44100 [5] NCCL INFO Channel 00/0 : 6[c00000] -> 7[c00000] [receive] via NET/IBext/5
ip-0A230414:51228:51891 [5] NCCL INFO Channel 01/0 : 5[c00000] -> 6[c00000] [send] via NET/IBext/5
ip-0A230410:85649:86326 [5] NCCL INFO Channel 01/0 : 2[c00000] -> 3[c00000] [send] via NET/IBext/5
ip-0A230417:88026:88693 [5] NCCL INFO Channel 01/0 : 5[c00000] -> 6[c00000] [receive] via NET/IBext/5
ip-0A230417:88026:88693 [5] NCCL INFO Channel 00/0 : 6[c00000] -> 7[c00000] [send] via NET/IBext/5
ip-0A230413:705:1407 [5] NCCL INFO Channel 01/0 : 4[c00000] -> 5[c00000] [send] via NET/IBext/5
ip-0A230417:88026:88693 [5] NCCL INFO Channel 01/0 : 6[c00000] -> 7[c00000] [send] via NET/IBext/5
ip-0A230406:43429:44100 [5] NCCL INFO Channel 01/0 : 6[c00000] -> 7[c00000] [receive] via NET/IBext/5
ip-0A230406:43429:44100 [5] NCCL INFO Channel 00/0 : 7[c00000] -> 8[c00000] [send] via NET/IBext/5
ip-0A23041A:46906:47567 [5] NCCL INFO Channel 00/0 : 8[c00000] -> 9[c00000] [receive] via NET/IBext/5
ip-0A23041D:53016:53680 [5] NCCL INFO Channel 00/0 : 9[c00000] -> 10[c00000] [receive] via NET/IBext/5
ip-0A230405:49962:50625 [5] NCCL INFO Channel 00/0 : 10[c00000] -> 11[c00000] [receive] via NET/IBext/5
ip-0A230408:7273:7954 [5] NCCL INFO Channel 00/0 : 7[c00000] -> 8[c00000] [receive] via NET/IBext/5
ip-0A230406:43429:44100 [5] NCCL INFO Channel 01/0 : 7[c00000] -> 8[c00000] [send] via NET/IBext/5
ip-0A23041A:46906:47567 [5] NCCL INFO Channel 01/0 : 8[c00000] -> 9[c00000] [receive] via NET/IBext/5
ip-0A23041D:53016:53680 [5] NCCL INFO Channel 01/0 : 9[c00000] -> 10[c00000] [receive] via NET/IBext/5
ip-0A23041A:46906:47567 [5] NCCL INFO Channel 00/0 : 9[c00000] -> 10[c00000] [send] via NET/IBext/5
ip-0A23041D:53016:53680 [5] NCCL INFO Channel 00/0 : 10[c00000] -> 11[c00000] [send] via NET/IBext/5
ip-0A23041A:46906:47567 [5] NCCL INFO Channel 01/0 : 9[c00000] -> 10[c00000] [send] via NET/IBext/5
ip-0A230405:49962:50625 [5] NCCL INFO Channel 01/0 : 10[c00000] -> 11[c00000] [receive] via NET/IBext/5
ip-0A230405:49962:50625 [5] NCCL INFO Channel 00/0 : 11[c00000] -> 12[c00000] [send] via NET/IBext/5
ip-0A230408:7273:7954 [5] NCCL INFO Channel 01/0 : 7[c00000] -> 8[c00000] [receive] via NET/IBext/5
ip-0A230408:7273:7954 [5] NCCL INFO Channel 00/0 : 8[c00000] -> 9[c00000] [send] via NET/IBext/5
ip-0A23041D:53016:53680 [5] NCCL INFO Channel 01/0 : 10[c00000] -> 11[c00000] [send] via NET/IBext/5
ip-0A230405:49962:50625 [5] NCCL INFO Channel 01/0 : 11[c00000] -> 12[c00000] [send] via NET/IBext/5
ip-0A230408:7273:7954 [5] NCCL INFO Channel 01/0 : 8[c00000] -> 9[c00000] [send] via NET/IBext/5
ip-0A230417:88026:88693 [5] NCCL INFO Connected all rings
ip-0A23040C:96456:97197 [5] NCCL INFO Connected all rings
ip-0A23040F:16629:17301 [5] NCCL INFO Connected all rings
ip-0A23040B:70721:71387 [5] NCCL INFO Connected all rings
ip-0A230414:51228:51891 [5] NCCL INFO Connected all rings
ip-0A230406:43429:44100 [5] NCCL INFO Connected all rings
ip-0A230408:7273:7954 [5] NCCL INFO Connected all rings
ip-0A230410:85649:86326 [5] NCCL INFO Connected all rings
ip-0A230407:87525:88199 [5] NCCL INFO Connected all rings
ip-0A230413:705:1407 [5] NCCL INFO Connected all rings
ip-0A23041D:53016:53680 [5] NCCL INFO Connected all rings
ip-0A23040E:97533:98207 [5] NCCL INFO Connected all rings
ip-0A230412:55017:55696 [5] NCCL INFO Connected all rings
ip-0A23041A:46906:47567 [5] NCCL INFO Connected all rings
ip-0A23040D:57040:57717 [5] NCCL INFO Connected all rings
ip-0A230405:49962:50625 [5] NCCL INFO Connected all rings
ip-0A230417:88026:88693 [5] NCCL INFO Channel 00/0 : 4[c00000] -> 6[c00000] [receive] via NET/IBext/5
ip-0A23040B:70721:71387 [5] NCCL INFO Channel 01/0 : 11[c00000] -> 13[c00000] [receive] via NET/IBext/5
ip-0A230414:51228:51891 [5] NCCL INFO Channel 01/0 : 3[c00000] -> 5[c00000] [receive] via NET/IBext/5
ip-0A23040F:16629:17301 [5] NCCL INFO Channel 01/0 : 1[c00000] -> 3[c00000] [send] via NET/IBext/5
ip-0A23040C:96456:97197 [5] NCCL INFO Channel 01/0 : 7[c00000] -> 15[c00000] [receive] via NET/IBext/5
ip-0A23040C:96456:97197 [5] NCCL INFO Channel 01/0 : 15[c00000] -> 7[c00000] [send] via NET/IBext/5
ip-0A230412:55017:55696 [5] NCCL INFO Channel 01/0 : 1[c00000] -> 3[c00000] [receive] via NET/IBext/5
ip-0A23041A:46906:47567 [5] NCCL INFO Channel 01/0 : 9[c00000] -> 11[c00000] [send] via NET/IBext/5
ip-0A230412:55017:55696 [5] NCCL INFO Channel 01/0 : 3[c00000] -> 5[c00000] [send] via NET/IBext/5
ip-0A23040E:97533:98207 [5] NCCL INFO Channel 00/0 : 12[c00000] -> 14[c00000] [receive] via NET/IBext/5
ip-0A230408:7273:7954 [5] NCCL INFO Channel 00/0 : 4[c00000] -> 8[c00000] [receive] via NET/IBext/5
ip-0A230408:7273:7954 [5] NCCL INFO Channel 00/0 : 8[c00000] -> 12[c00000] [send] via NET/IBext/5
ip-0A230407:87525:88199 [5] NCCL INFO Channel 00/0 : 10[c00000] -> 12[c00000] [receive] via NET/IBext/5
ip-0A230407:87525:88199 [5] NCCL INFO Channel 00/0 : 12[c00000] -> 14[c00000] [send] via NET/IBext/5
ip-0A230406:43429:44100 [5] NCCL INFO Channel 01/0 : 3[c00000] -> 7[c00000] [receive] via NET/IBext/5
ip-0A230413:705:1407 [5] NCCL INFO Channel 00/0 : 2[c00000] -> 4[c00000] [receive] via NET/IBext/5
ip-0A230406:43429:44100 [5] NCCL INFO Channel 01/0 : 7[c00000] -> 11[c00000] [send] via NET/IBext/5
ip-0A230413:705:1407 [5] NCCL INFO Channel 00/0 : 4[c00000] -> 6[c00000] [send] via NET/IBext/5
ip-0A23041D:53016:53680 [5] NCCL INFO Channel 00/0 : 10[c00000] -> 12[c00000] [send] via NET/IBext/5
ip-0A23040D:57040:57717 [5] NCCL INFO Channel 00/0 : 8[c00000] -> 0[c00000] [receive] via NET/IBext/5
ip-0A23040D:57040:57717 [5] NCCL INFO Channel 00/0 : 0[c00000] -> 8[c00000] [send] via NET/IBext/5
ip-0A230405:49962:50625 [5] NCCL INFO Channel 01/0 : 9[c00000] -> 11[c00000] [receive] via NET/IBext/5
ip-0A230405:49962:50625 [5] NCCL INFO Channel 01/0 : 11[c00000] -> 13[c00000] [send] via NET/IBext/5
ip-0A230410:85649:86326 [5] NCCL INFO Channel 00/0 : 2[c00000] -> 4[c00000] [send] via NET/IBext/5
ip-0A23040F:16629:17301 [5] NCCL INFO Channel 01/0 : 3[c00000] -> 1[c00000] [receive] via NET/IBext/5
ip-0A23041D:53016:53680 [5] NCCL INFO Channel 00/0 : 12[c00000] -> 10[c00000] [receive] via NET/IBext/5
ip-0A23040E:97533:98207 [5] NCCL INFO Channel 00/0 : 14[c00000] -> 12[c00000] [send] via NET/IBext/5
ip-0A230414:51228:51891 [5] NCCL INFO Channel 01/0 : 5[c00000] -> 3[c00000] [send] via NET/IBext/5
ip-0A230410:85649:86326 [5] NCCL INFO Channel 00/0 : 4[c00000] -> 2[c00000] [receive] via NET/IBext/5
ip-0A230417:88026:88693 [5] NCCL INFO Channel 00/0 : 6[c00000] -> 4[c00000] [send] via NET/IBext/5
ip-0A23040B:70721:71387 [5] NCCL INFO Channel 01/0 : 13[c00000] -> 11[c00000] [send] via NET/IBext/5
ip-0A23041A:46906:47567 [5] NCCL INFO Channel 01/0 : 11[c00000] -> 9[c00000] [receive] via NET/IBext/5
ip-0A230412:55017:55696 [5] NCCL INFO Channel 01/0 : 3[c00000] -> 7[c00000] [send] via NET/IBext/5
ip-0A230407:87525:88199 [5] NCCL INFO Channel 00/0 : 8[c00000] -> 12[c00000] [receive] via NET/IBext/5
ip-0A230405:49962:50625 [5] NCCL INFO Channel 01/0 : 7[c00000] -> 11[c00000] [receive] via NET/IBext/5
ip-0A230413:705:1407 [5] NCCL INFO Channel 00/0 : 4[c00000] -> 8[c00000] [send] via NET/IBext/5
ip-0A230412:55017:55696 [5] NCCL INFO Channel 01/0 : 7[c00000] -> 3[c00000] [receive] via NET/IBext/5
ip-0A230413:705:1407 [5] NCCL INFO Channel 00/0 : 8[c00000] -> 4[c00000] [receive] via NET/IBext/5
ip-0A230405:49962:50625 [5] NCCL INFO Channel 01/0 : 11[c00000] -> 7[c00000] [send] via NET/IBext/5
ip-0A230407:87525:88199 [5] NCCL INFO Channel 00/0 : 12[c00000] -> 8[c00000] [send] via NET/IBext/5
ip-0A230408:7273:7954 [5] NCCL INFO Channel 00/0 : 0[c00000] -> 8[c00000] [receive] via NET/IBext/5
ip-0A230406:43429:44100 [5] NCCL INFO Channel 01/0 : 15[c00000] -> 7[c00000] [receive] via NET/IBext/5
ip-0A230406:43429:44100 [5] NCCL INFO Channel 01/0 : 7[c00000] -> 15[c00000] [send] via NET/IBext/5
ip-0A230408:7273:7954 [5] NCCL INFO Channel 00/0 : 8[c00000] -> 0[c00000] [send] via NET/IBext/5
ip-0A23040C:96456:97197 [5] NCCL INFO Channel 00/0 : 15[c00000] -> 14[c00000] [send] via NET/IBext/5
ip-0A230406:43429:44100 [5] NCCL INFO Channel 01/0 : 11[c00000] -> 7[c00000] [receive] via NET/IBext/5
ip-0A230406:43429:44100 [5] NCCL INFO Channel 01/0 : 7[c00000] -> 3[c00000] [send] via NET/IBext/5
ip-0A23040D:57040:57717 [5] NCCL INFO Channel 01/0 : 1[c00000] -> 0[c00000] [receive] via NET/IBext/5
ip-0A230408:7273:7954 [5] NCCL INFO Channel 00/0 : 12[c00000] -> 8[c00000] [receive] via NET/IBext/5
ip-0A230408:7273:7954 [5] NCCL INFO Channel 00/0 : 8[c00000] -> 4[c00000] [send] via NET/IBext/5
ip-0A230412:55017:55696 [5] NCCL INFO Channel 01/0 : 5[c00000] -> 3[c00000] [receive] via NET/IBext/5
ip-0A230412:55017:55696 [5] NCCL INFO Channel 01/0 : 3[c00000] -> 1[c00000] [send] via NET/IBext/5
ip-0A230405:49962:50625 [5] NCCL INFO Channel 01/0 : 13[c00000] -> 11[c00000] [receive] via NET/IBext/5
ip-0A230405:49962:50625 [5] NCCL INFO Channel 01/0 : 11[c00000] -> 9[c00000] [send] via NET/IBext/5
ip-0A230406:43429:44100 [5] NCCL INFO Channel 00/0 : 7[c00000] -> 6[c00000] [send] via NET/IBext/5
ip-0A23041A:46906:47567 [5] NCCL INFO Channel 00/0 : 10[c00000] -> 9[c00000] [receive] via NET/IBext/5
ip-0A23041A:46906:47567 [5] NCCL INFO Channel 01/0 : 10[c00000] -> 9[c00000] [receive] via NET/IBext/5
ip-0A23041A:46906:47567 [5] NCCL INFO Channel 01/0 : 9[c00000] -> 8[c00000] [send] via NET/IBext/5
ip-0A230407:87525:88199 [5] NCCL INFO Channel 00/0 : 14[c00000] -> 12[c00000] [receive] via NET/IBext/5
ip-0A230407:87525:88199 [5] NCCL INFO Channel 00/0 : 12[c00000] -> 10[c00000] [send] via NET/IBext/5
ip-0A230408:7273:7954 [5] NCCL INFO Channel 01/0 : 9[c00000] -> 8[c00000] [receive] via NET/IBext/5
ip-0A230413:705:1407 [5] NCCL INFO Channel 00/0 : 6[c00000] -> 4[c00000] [receive] via NET/IBext/5
ip-0A230413:705:1407 [5] NCCL INFO Channel 00/0 : 4[c00000] -> 2[c00000] [send] via NET/IBext/5
ip-0A230414:51228:51891 [5] NCCL INFO Channel 00/0 : 6[c00000] -> 5[c00000] [receive] via NET/IBext/5
ip-0A230414:51228:51891 [5] NCCL INFO Channel 01/0 : 6[c00000] -> 5[c00000] [receive] via NET/IBext/5
ip-0A230414:51228:51891 [5] NCCL INFO Channel 01/0 : 5[c00000] -> 4[c00000] [send] via NET/IBext/5
ip-0A23040B:70721:71387 [5] NCCL INFO Channel 00/0 : 14[c00000] -> 13[c00000] [receive] via NET/IBext/5
ip-0A23040B:70721:71387 [5] NCCL INFO Channel 01/0 : 14[c00000] -> 13[c00000] [receive] via NET/IBext/5
ip-0A23040B:70721:71387 [5] NCCL INFO Channel 01/0 : 13[c00000] -> 12[c00000] [send] via NET/IBext/5
ip-0A23040F:16629:17301 [5] NCCL INFO Channel 00/0 : 2[c00000] -> 1[c00000] [receive] via NET/IBext/5
ip-0A23040F:16629:17301 [5] NCCL INFO Channel 01/0 : 2[c00000] -> 1[c00000] [receive] via NET/IBext/5
ip-0A23040F:16629:17301 [5] NCCL INFO Channel 01/0 : 1[c00000] -> 0[c00000] [send] via NET/IBext/5
ip-0A230405:49962:50625 [5] NCCL INFO Channel 00/0 : 11[c00000] -> 10[c00000] [send] via NET/IBext/5
ip-0A230412:55017:55696 [5] NCCL INFO Channel 00/0 : 3[c00000] -> 2[c00000] [send] via NET/IBext/5
ip-0A23041D:53016:53680 [5] NCCL INFO Channel 00/0 : 11[c00000] -> 10[c00000] [receive] via NET/IBext/5
ip-0A23041D:53016:53680 [5] NCCL INFO Channel 00/0 : 10[c00000] -> 9[c00000] [send] via NET/IBext/5
ip-0A23041D:53016:53680 [5] NCCL INFO Channel 01/0 : 10[c00000] -> 9[c00000] [send] via NET/IBext/5
ip-0A23040E:97533:98207 [5] NCCL INFO Channel 00/0 : 15[c00000] -> 14[c00000] [receive] via NET/IBext/5
ip-0A230407:87525:88199 [5] NCCL INFO Channel 01/0 : 13[c00000] -> 12[c00000] [receive] via NET/IBext/5
ip-0A23040E:97533:98207 [5] NCCL INFO Channel 00/0 : 14[c00000] -> 13[c00000] [send] via NET/IBext/5
ip-0A23040E:97533:98207 [5] NCCL INFO Channel 01/0 : 14[c00000] -> 13[c00000] [send] via NET/IBext/5
ip-0A230417:88026:88693 [5] NCCL INFO Channel 00/0 : 7[c00000] -> 6[c00000] [receive] via NET/IBext/5
ip-0A230417:88026:88693 [5] NCCL INFO Channel 00/0 : 6[c00000] -> 5[c00000] [send] via NET/IBext/5
ip-0A230417:88026:88693 [5] NCCL INFO Channel 01/0 : 6[c00000] -> 5[c00000] [send] via NET/IBext/5
ip-0A230405:49962:50625 [5] NCCL INFO Connected all trees
ip-0A230405:49962:50625 [5] NCCL INFO CollNet 00 : 11 [receive] via COLLNET/SHARP/5
ip-0A230408:7273:7954 [5] NCCL INFO Connected all trees
ip-0A230408:7273:7954 [5] NCCL INFO CollNet 00 : 8 [receive] via COLLNET/SHARP/5
ip-0A23040C:96456:97197 [5] NCCL INFO Connected all trees
ip-0A23040C:96456:97197 [5] NCCL INFO CollNet 00 : 15 [receive] via COLLNET/SHARP/5
ip-0A230406:43429:44100 [5] NCCL INFO Connected all trees
ip-0A230413:705:1407 [5] NCCL INFO Channel 01/0 : 5[c00000] -> 4[c00000] [receive] via NET/IBext/5
ip-0A230406:43429:44100 [5] NCCL INFO CollNet 00 : 7 [receive] via COLLNET/SHARP/5
ip-0A230407:87525:88199 [5] NCCL INFO Connected all trees
ip-0A230407:87525:88199 [5] NCCL INFO CollNet 00 : 12 [receive] via COLLNET/SHARP/5
ip-0A230410:85649:86326 [5] NCCL INFO Channel 00/0 : 3[c00000] -> 2[c00000] [receive] via NET/IBext/5
ip-0A230410:85649:86326 [5] NCCL INFO Channel 00/0 : 2[c00000] -> 1[c00000] [send] via NET/IBext/5
ip-0A230410:85649:86326 [5] NCCL INFO Channel 01/0 : 2[c00000] -> 1[c00000] [send] via NET/IBext/5
ip-0A23041D:53016:53680 [5] NCCL INFO Connected all trees
ip-0A230413:705:1407 [5] NCCL INFO Connected all trees
ip-0A230413:705:1407 [5] NCCL INFO CollNet 00 : 4 [receive] via COLLNET/SHARP/5
ip-0A230412:55017:55696 [5] NCCL INFO Connected all trees
ip-0A230412:55017:55696 [5] NCCL INFO CollNet 00 : 3 [receive] via COLLNET/SHARP/5
ip-0A230417:88026:88693 [5] NCCL INFO Connected all trees
ip-0A23040E:97533:98207 [5] NCCL INFO Connected all trees
ip-0A23040B:70721:71387 [5] NCCL INFO Connected all trees
ip-0A23040D:57040:57717 [5] NCCL INFO Connected all trees
