ip-0A23041A:46901:47590 [6] NCCL INFO Channel 01/0 : 9[d00000] -> 8[d00000] [send] via NET/IBext/6
ip-0A230414:51226:51914 [6] NCCL INFO Channel 00/0 : 6[d00000] -> 5[d00000] [receive] via NET/IBext/6
ip-0A23040F:16624:17315 [6] NCCL INFO Channel 00/0 : 2[d00000] -> 1[d00000] [receive] via NET/IBext/6
ip-0A230414:51226:51914 [6] NCCL INFO Channel 01/0 : 6[d00000] -> 5[d00000] [receive] via NET/IBext/6
ip-0A23040F:16624:17315 [6] NCCL INFO Channel 01/0 : 2[d00000] -> 1[d00000] [receive] via NET/IBext/6
ip-0A230414:51226:51914 [6] NCCL INFO Channel 01/0 : 5[d00000] -> 4[d00000] [send] via NET/IBext/6
ip-0A23040F:16624:17315 [6] NCCL INFO Channel 01/0 : 1[d00000] -> 0[d00000] [send] via NET/IBext/6
ip-0A230410:85648:86339 [6] NCCL INFO Channel 00/0 : 3[d00000] -> 2[d00000] [receive] via NET/IBext/6
ip-0A230410:85648:86339 [6] NCCL INFO Channel 00/0 : 2[d00000] -> 1[d00000] [send] via NET/IBext/6
ip-0A230410:85648:86339 [6] NCCL INFO Channel 01/0 : 2[d00000] -> 1[d00000] [send] via NET/IBext/6
ip-0A23041D:53019:53699 [6] NCCL INFO Channel 00/0 : 11[d00000] -> 10[d00000] [receive] via NET/IBext/6
ip-0A23041D:53019:53699 [6] NCCL INFO Channel 00/0 : 10[d00000] -> 9[d00000] [send] via NET/IBext/6
ip-0A23041D:53019:53699 [6] NCCL INFO Channel 01/0 : 10[d00000] -> 9[d00000] [send] via NET/IBext/6
ip-0A230417:88024:88706 [6] NCCL INFO Channel 00/0 : 7[d00000] -> 6[d00000] [receive] via NET/IBext/6
ip-0A230417:88024:88706 [6] NCCL INFO Channel 00/0 : 6[d00000] -> 5[d00000] [send] via NET/IBext/6
ip-0A230417:88024:88706 [6] NCCL INFO Channel 01/0 : 6[d00000] -> 5[d00000] [send] via NET/IBext/6
ip-0A230412:55022:55709 [6] NCCL INFO Channel 00/0 : 3[d00000] -> 2[d00000] [send] via NET/IBext/6
ip-0A230407:87523:88214 [6] NCCL INFO Channel 01/0 : 13[d00000] -> 12[d00000] [receive] via NET/IBext/6
ip-0A230413:700:1420 [6] NCCL INFO Channel 01/0 : 5[d00000] -> 4[d00000] [receive] via NET/IBext/6
ip-0A23040E:97534:98220 [6] NCCL INFO Connected all trees
ip-0A230406:43425:44113 [6] NCCL INFO Connected all trees
ip-0A230405:49959:50639 [6] NCCL INFO Connected all trees
ip-0A230406:43425:44113 [6] NCCL INFO CollNet 00 : 7 [receive] via COLLNET/SHARP/6
ip-0A230405:49959:50639 [6] NCCL INFO CollNet 00 : 11 [receive] via COLLNET/SHARP/6
ip-0A230412:55022:55709 [6] NCCL INFO Connected all trees
ip-0A230412:55022:55709 [6] NCCL INFO CollNet 00 : 3 [receive] via COLLNET/SHARP/6
ip-0A23040D:57038:57732 [6] NCCL INFO Connected all trees
ip-0A23040D:57038:57732 [6] NCCL INFO CollNet 00 : 0 [receive] via COLLNET/SHARP/6
ip-0A230408:7272:7967 [6] NCCL INFO Connected all trees
ip-0A230408:7272:7967 [6] NCCL INFO CollNet 00 : 8 [receive] via COLLNET/SHARP/6
ip-0A230413:700:1420 [6] NCCL INFO Connected all trees
ip-0A230413:700:1420 [6] NCCL INFO CollNet 00 : 4 [receive] via COLLNET/SHARP/6
ip-0A230407:87523:88214 [6] NCCL INFO Connected all trees
ip-0A230407:87523:88214 [6] NCCL INFO CollNet 00 : 12 [receive] via COLLNET/SHARP/6
ip-0A23040F:16624:17315 [6] NCCL INFO Connected all trees
ip-0A230417:88024:88706 [6] NCCL INFO Connected all trees
ip-0A23041D:53019:53699 [6] NCCL INFO Connected all trees
ip-0A23041A:46901:47590 [6] NCCL INFO Connected all trees
ip-0A23040B:70725:71406 [6] NCCL INFO Connected all trees
ip-0A230410:85648:86339 [6] NCCL INFO Connected all trees
ip-0A230414:51226:51914 [6] NCCL INFO Connected all trees
ip-0A23040E:97534:98220 [6] NCCL INFO CollNet 00 : 14 [receive] via COLLNET/SHARP/6
ip-0A23040F:16624:17315 [6] NCCL INFO CollNet 00 : 1 [receive] via COLLNET/SHARP/6
ip-0A23041A:46901:47590 [6] NCCL INFO CollNet 00 : 9 [receive] via COLLNET/SHARP/6
ip-0A230410:85648:86339 [6] NCCL INFO CollNet 00 : 2 [receive] via COLLNET/SHARP/6
ip-0A23041D:53019:53699 [6] NCCL INFO CollNet 00 : 10 [receive] via COLLNET/SHARP/6
ip-0A230417:88024:88706 [6] NCCL INFO CollNet 00 : 6 [receive] via COLLNET/SHARP/6
ip-0A23040B:70725:71406 [6] NCCL INFO CollNet 00 : 13 [receive] via COLLNET/SHARP/6
ip-0A230414:51226:51914 [6] NCCL INFO CollNet 00 : 5 [receive] via COLLNET/SHARP/6
ip-0A230414:51226:51915 [6] NCCL INFO NCCL_SHARP_GROUP_SIZE_THRESH set by environment to 16.
ip-0A230417:88024:88707 [6] NCCL INFO NCCL_SHARP_GROUP_SIZE_THRESH set by environment to 16.
ip-0A230406:43425:44114 [6] NCCL INFO NCCL_SHARP_GROUP_SIZE_THRESH set by environment to 16.
ip-0A23041A:46901:47591 [6] NCCL INFO NCCL_SHARP_GROUP_SIZE_THRESH set by environment to 16.
ip-0A230408:7272:7968 [6] NCCL INFO NCCL_SHARP_GROUP_SIZE_THRESH set by environment to 16.
ip-0A23041D:53019:53704 [6] NCCL INFO NCCL_SHARP_GROUP_SIZE_THRESH set by environment to 16.
ip-0A230405:49959:50640 [6] NCCL INFO NCCL_SHARP_GROUP_SIZE_THRESH set by environment to 16.
ip-0A230407:87523:88215 [6] NCCL INFO NCCL_SHARP_GROUP_SIZE_THRESH set by environment to 16.
ip-0A23040B:70725:71407 [6] NCCL INFO NCCL_SHARP_GROUP_SIZE_THRESH set by environment to 16.
ip-0A23040E:97534:98221 [6] NCCL INFO NCCL_SHARP_GROUP_SIZE_THRESH set by environment to 16.
ip-0A23040C:96450:97216 [6] NCCL INFO NCCL_SHARP_GROUP_SIZE_THRESH set by environment to 16.
ip-0A23040D:57038:57733 [6] NCCL INFO NCCL_SHARP_GROUP_SIZE_THRESH set by environment to 16.
ip-0A230410:85648:86340 [6] NCCL INFO NCCL_SHARP_GROUP_SIZE_THRESH set by environment to 16.
ip-0A23040F:16624:17316 [6] NCCL INFO NCCL_SHARP_GROUP_SIZE_THRESH set by environment to 16.
ip-0A230412:55022:55711 [6] NCCL INFO NCCL_SHARP_GROUP_SIZE_THRESH set by environment to 16.
ip-0A230413:700:1421 [6] NCCL INFO NCCL_SHARP_GROUP_SIZE_THRESH set by environment to 16.
[ip-0A23040D:0:57038 - context.c:584] INFO job (ID: 2524862696343903913) resource request quota: ( osts:0 user_data_per_ost:0 max_groups:0 max_qps:1 max_group_channels:1, num_trees:1)
[ip-0A23040D:0:57038 unique id 0] ERROR No Aggregation Manager (sharp_am) detected in sharp_create_job.

[ip-0A23040D:0:57038 - context.c:601] ERROR sharp_create_job failed: No Aggregation Manager (sharp_am) detected(-52)
ip-0A23040F:16624:17316 [6] NCCL INFO Sharp rank 1/16 initialized on mlx5_ib6:1

ip-0A23040F:16624:17316 [6] sharp_plugin.c:288 NCCL WARN NET/IB :SHARP coll init error: Cannot create SHArP job(-11)

ip-0A23040F:16624:17316 [6] NCCL INFO include/coll_net.h:21 -> 3
ip-0A23040B:70725:71407 [6] NCCL INFO Sharp rank 13/16 initialized on mlx5_ib6:1

ip-0A23040B:70725:71407 [6] sharp_plugin.c:288 NCCL WARN NET/IB :SHARP coll init error: Cannot create SHArP job(-11)

ip-0A230408:7272:7968 [6] NCCL INFO Sharp rank 8/16 initialized on mlx5_ib6:1

ip-0A230408:7272:7968 [6] sharp_plugin.c:288 NCCL WARN NET/IB :SHARP coll init error: Cannot create SHArP job(-11)

ip-0A230408:7272:7968 [6] NCCL INFO include/coll_net.h:21 -> 3
ip-0A23041A:46901:47591 [6] NCCL INFO Sharp rank 9/16 initialized on mlx5_ib6:1

ip-0A23041A:46901:47591 [6] sharp_plugin.c:288 NCCL WARN NET/IB :SHARP coll init error: Cannot create SHArP job(-11)

ip-0A23041A:46901:47591 [6] NCCL INFO include/coll_net.h:21 -> 3
ip-0A230407:87523:88215 [6] NCCL INFO Sharp rank 12/16 initialized on mlx5_ib6:1

ip-0A230407:87523:88215 [6] sharp_plugin.c:288 NCCL WARN NET/IB :SHARP coll init error: Cannot create SHArP job(-11)

ip-0A230407:87523:88215 [6] NCCL INFO include/coll_net.h:21 -> 3
ip-0A23040E:97534:98221 [6] NCCL INFO Sharp rank 14/16 initialized on mlx5_ib6:1

ip-0A23040E:97534:98221 [6] sharp_plugin.c:288 NCCL WARN NET/IB :SHARP coll init error: Cannot create SHArP job(-11)

ip-0A23040E:97534:98221 [6] NCCL INFO include/coll_net.h:21 -> 3
ip-0A230405:49959:50640 [6] NCCL INFO Sharp rank 11/16 initialized on mlx5_ib6:1

ip-0A230405:49959:50640 [6] sharp_plugin.c:288 NCCL WARN NET/IB :SHARP coll init error: Cannot create SHArP job(-11)

ip-0A230405:49959:50640 [6] NCCL INFO include/coll_net.h:21 -> 3
ip-0A230413:700:1421 [6] NCCL INFO Sharp rank 4/16 initialized on mlx5_ib6:1

ip-0A230413:700:1421 [6] sharp_plugin.c:288 NCCL WARN NET/IB :SHARP coll init error: Cannot create SHArP job(-11)

ip-0A230413:700:1421 [6] NCCL INFO include/coll_net.h:21 -> 3
ip-0A230412:55022:55711 [6] NCCL INFO Sharp rank 3/16 initialized on mlx5_ib6:1

ip-0A230412:55022:55711 [6] sharp_plugin.c:288 NCCL WARN NET/IB :SHARP coll init error: Cannot create SHArP job(-11)

ip-0A230412:55022:55711 [6] NCCL INFO include/coll_net.h:21 -> 3
ip-0A23041D:53019:53704 [6] NCCL INFO Sharp rank 10/16 initialized on mlx5_ib6:1

ip-0A23041D:53019:53704 [6] sharp_plugin.c:288 NCCL WARN NET/IB :SHARP coll init error: Cannot create SHArP job(-11)

ip-0A23041D:53019:53704 [6] NCCL INFO include/coll_net.h:21 -> 3
ip-0A230417:88024:88707 [6] NCCL INFO Sharp rank 6/16 initialized on mlx5_ib6:1

ip-0A230417:88024:88707 [6] sharp_plugin.c:288 NCCL WARN NET/IB :SHARP coll init error: Cannot create SHArP job(-11)

ip-0A230417:88024:88707 [6] NCCL INFO include/coll_net.h:21 -> 3
ip-0A230410:85648:86340 [6] NCCL INFO Sharp rank 2/16 initialized on mlx5_ib6:1

ip-0A230410:85648:86340 [6] sharp_plugin.c:288 NCCL WARN NET/IB :SHARP coll init error: Cannot create SHArP job(-11)

ip-0A230410:85648:86340 [6] NCCL INFO include/coll_net.h:21 -> 3
ip-0A23040F:16624:17315 [6] NCCL INFO transport.cc:222 -> 2

ip-0A23040F:16624:17315 [6] transport.cc:253 NCCL WARN Cannot initialize CollNet, using point-to-point network instead
ip-0A23040F:16624:17315 [6] NCCL INFO init.cc:765 -> 2
ip-0A230414:51226:51915 [6] NCCL INFO Sharp rank 5/16 initialized on mlx5_ib6:1

ip-0A230414:51226:51915 [6] sharp_plugin.c:288 NCCL WARN NET/IB :SHARP coll init error: Cannot create SHArP job(-11)

ip-0A230414:51226:51915 [6] NCCL INFO include/coll_net.h:21 -> 3
ip-0A23040F:16624:17315 [6] NCCL INFO threadThresholds 8/8/64 | 128/8/64 | 8/8/512
ip-0A23040F:16624:17315 [6] NCCL INFO 2 coll channels, 2 p2p channels, 2 p2p channels per peer
ip-0A23040C:96450:97216 [6] NCCL INFO Sharp rank 15/16 initialized on mlx5_ib6:1

ip-0A23040C:96450:97216 [6] sharp_plugin.c:288 NCCL WARN NET/IB :SHARP coll init error: Cannot create SHArP job(-11)

ip-0A23040C:96450:97216 [6] NCCL INFO include/coll_net.h:21 -> 3
ip-0A230406:43425:44114 [6] NCCL INFO Sharp rank 7/16 initialized on mlx5_ib6:1

ip-0A230406:43425:44114 [6] sharp_plugin.c:288 NCCL WARN NET/IB :SHARP coll init error: Cannot create SHArP job(-11)

ip-0A230406:43425:44114 [6] NCCL INFO include/coll_net.h:21 -> 3
ip-0A23040B:70725:71407 [6] NCCL INFO include/coll_net.h:21 -> 3
ip-0A23040B:70725:71406 [6] NCCL INFO transport.cc:222 -> 2

ip-0A23040B:70725:71406 [6] transport.cc:253 NCCL WARN Cannot initialize CollNet, using point-to-point network instead
ip-0A23040B:70725:71406 [6] NCCL INFO init.cc:765 -> 2
ip-0A23040B:70725:71406 [6] NCCL INFO threadThresholds 8/8/64 | 128/8/64 | 8/8/512
ip-0A23040B:70725:71406 [6] NCCL INFO 2 coll channels, 2 p2p channels, 2 p2p channels per peer
ip-0A230413:700:1420 [6] NCCL INFO transport.cc:222 -> 2

ip-0A230413:700:1420 [6] transport.cc:253 NCCL WARN Cannot initialize CollNet, using point-to-point network instead
ip-0A230413:700:1420 [6] NCCL INFO init.cc:765 -> 2
ip-0A230413:700:1420 [6] NCCL INFO threadThresholds 8/8/64 | 128/8/64 | 8/8/512
ip-0A230413:700:1420 [6] NCCL INFO 2 coll channels, 2 p2p channels, 2 p2p channels per peer
ip-0A23040E:97534:98220 [6] NCCL INFO transport.cc:222 -> 2
ip-0A230408:7272:7967 [6] NCCL INFO transport.cc:222 -> 2

ip-0A230408:7272:7967 [6] transport.cc:253 NCCL WARN Cannot initialize CollNet, using point-to-point network instead
ip-0A230408:7272:7967 [6] NCCL INFO init.cc:765 -> 2
ip-0A230407:87523:88214 [6] NCCL INFO transport.cc:222 -> 2

ip-0A230407:87523:88214 [6] transport.cc:253 NCCL WARN Cannot initialize CollNet, using point-to-point network instead
ip-0A230407:87523:88214 [6] NCCL INFO init.cc:765 -> 2

ip-0A23040E:97534:98220 [6] transport.cc:253 NCCL WARN Cannot initialize CollNet, using point-to-point network instead
ip-0A23040E:97534:98220 [6] NCCL INFO init.cc:765 -> 2
ip-0A230408:7272:7967 [6] NCCL INFO threadThresholds 8/8/64 | 128/8/64 | 8/8/512
ip-0A230407:87523:88214 [6] NCCL INFO threadThresholds 8/8/64 | 128/8/64 | 8/8/512
ip-0A230407:87523:88214 [6] NCCL INFO 2 coll channels, 2 p2p channels, 2 p2p channels per peer
ip-0A23040E:97534:98220 [6] NCCL INFO threadThresholds 8/8/64 | 128/8/64 | 8/8/512
ip-0A230405:49959:50639 [6] NCCL INFO transport.cc:222 -> 2
ip-0A230412:55022:55709 [6] NCCL INFO transport.cc:222 -> 2

ip-0A230412:55022:55709 [6] transport.cc:253 NCCL WARN Cannot initialize CollNet, using point-to-point network instead
ip-0A230408:7272:7967 [6] NCCL INFO 2 coll channels, 2 p2p channels, 2 p2p channels per peer
ip-0A23041D:53019:53699 [6] NCCL INFO transport.cc:222 -> 2

ip-0A23041D:53019:53699 [6] transport.cc:253 NCCL WARN Cannot initialize CollNet, using point-to-point network instead
ip-0A23041D:53019:53699 [6] NCCL INFO init.cc:765 -> 2
ip-0A23040E:97534:98220 [6] NCCL INFO 2 coll channels, 2 p2p channels, 2 p2p channels per peer

ip-0A230405:49959:50639 [6] transport.cc:253 NCCL WARN Cannot initialize CollNet, using point-to-point network instead
ip-0A230405:49959:50639 [6] NCCL INFO init.cc:765 -> 2
ip-0A230412:55022:55709 [6] NCCL INFO init.cc:765 -> 2
ip-0A23041D:53019:53699 [6] NCCL INFO threadThresholds 8/8/64 | 128/8/64 | 8/8/512
ip-0A23041D:53019:53699 [6] NCCL INFO 2 coll channels, 2 p2p channels, 2 p2p channels per peer
ip-0A23041A:46901:47590 [6] NCCL INFO transport.cc:222 -> 2
ip-0A230405:49959:50639 [6] NCCL INFO threadThresholds 8/8/64 | 128/8/64 | 8/8/512
ip-0A230412:55022:55709 [6] NCCL INFO threadThresholds 8/8/64 | 128/8/64 | 8/8/512
ip-0A230412:55022:55709 [6] NCCL INFO 2 coll channels, 2 p2p channels, 2 p2p channels per peer

ip-0A23041A:46901:47590 [6] transport.cc:253 NCCL WARN Cannot initialize CollNet, using point-to-point network instead
ip-0A23041A:46901:47590 [6] NCCL INFO init.cc:765 -> 2
ip-0A230410:85648:86339 [6] NCCL INFO transport.cc:222 -> 2

ip-0A230410:85648:86339 [6] transport.cc:253 NCCL WARN Cannot initialize CollNet, using point-to-point network instead
ip-0A230410:85648:86339 [6] NCCL INFO init.cc:765 -> 2
ip-0A230405:49959:50639 [6] NCCL INFO 2 coll channels, 2 p2p channels, 2 p2p channels per peer
ip-0A230417:88024:88706 [6] NCCL INFO transport.cc:222 -> 2

ip-0A230417:88024:88706 [6] transport.cc:253 NCCL WARN Cannot initialize CollNet, using point-to-point network instead
ip-0A230417:88024:88706 [6] NCCL INFO init.cc:765 -> 2
ip-0A23041A:46901:47590 [6] NCCL INFO threadThresholds 8/8/64 | 128/8/64 | 8/8/512
ip-0A23041A:46901:47590 [6] NCCL INFO 2 coll channels, 2 p2p channels, 2 p2p channels per peer
ip-0A230410:85648:86339 [6] NCCL INFO threadThresholds 8/8/64 | 128/8/64 | 8/8/512
ip-0A230414:51226:51914 [6] NCCL INFO transport.cc:222 -> 2

ip-0A230414:51226:51914 [6] transport.cc:253 NCCL WARN Cannot initialize CollNet, using point-to-point network instead
ip-0A230414:51226:51914 [6] NCCL INFO init.cc:765 -> 2
ip-0A23040C:96450:97215 [6] NCCL INFO transport.cc:222 -> 2

ip-0A23040C:96450:97215 [6] transport.cc:253 NCCL WARN Cannot initialize CollNet, using point-to-point network instead
ip-0A23040C:96450:97215 [6] NCCL INFO init.cc:765 -> 2
ip-0A23040C:96450:97215 [6] NCCL INFO threadThresholds 8/8/64 | 128/8/64 | 8/8/512
ip-0A23040C:96450:97215 [6] NCCL INFO 2 coll channels, 2 p2p channels, 2 p2p channels per peer
ip-0A230417:88024:88706 [6] NCCL INFO threadThresholds 8/8/64 | 128/8/64 | 8/8/512
ip-0A230417:88024:88706 [6] NCCL INFO 2 coll channels, 2 p2p channels, 2 p2p channels per peer
ip-0A230406:43425:44113 [6] NCCL INFO transport.cc:222 -> 2

ip-0A230406:43425:44113 [6] transport.cc:253 NCCL WARN Cannot initialize CollNet, using point-to-point network instead
ip-0A230406:43425:44113 [6] NCCL INFO init.cc:765 -> 2
ip-0A230410:85648:86339 [6] NCCL INFO 2 coll channels, 2 p2p channels, 2 p2p channels per peer
ip-0A230414:51226:51914 [6] NCCL INFO threadThresholds 8/8/64 | 128/8/64 | 8/8/512
ip-0A230406:43425:44113 [6] NCCL INFO threadThresholds 8/8/64 | 128/8/64 | 8/8/512
ip-0A230414:51226:51914 [6] NCCL INFO 2 coll channels, 2 p2p channels, 2 p2p channels per peer
ip-0A230406:43425:44113 [6] NCCL INFO 2 coll channels, 2 p2p channels, 2 p2p channels per peer
ip-0A23040F:16624:17315 [6] NCCL INFO comm 0x153dcc008fb0 rank 1 nranks 16 cudaDev 6 busId d00000 - Init COMPLETE
ip-0A23041A:46901:47590 [6] NCCL INFO comm 0x149218008fb0 rank 9 nranks 16 cudaDev 6 busId d00000 - Init COMPLETE
ip-0A230417:88024:88706 [6] NCCL INFO comm 0x149918008fb0 rank 6 nranks 16 cudaDev 6 busId d00000 - Init COMPLETE
ip-0A230410:85648:86339 [6] NCCL INFO comm 0x1489ac008fb0 rank 2 nranks 16 cudaDev 6 busId d00000 - Init COMPLETE
ip-0A23040E:97534:98220 [6] NCCL INFO comm 0x15375c008fb0 rank 14 nranks 16 cudaDev 6 busId d00000 - Init COMPLETE
ip-0A23040B:70725:71406 [6] NCCL INFO comm 0x15304c008fb0 rank 13 nranks 16 cudaDev 6 busId d00000 - Init COMPLETE
ip-0A23041D:53019:53699 [6] NCCL INFO comm 0x1533e8008fb0 rank 10 nranks 16 cudaDev 6 busId d00000 - Init COMPLETE
ip-0A230414:51226:51914 [6] NCCL INFO comm 0x1526f8008fb0 rank 5 nranks 16 cudaDev 6 busId d00000 - Init COMPLETE
ip-0A23040C:96450:97215 [6] NCCL INFO comm 0x148248008fb0 rank 15 nranks 16 cudaDev 6 busId d00000 - Init COMPLETE
ip-0A230412:55022:55709 [6] NCCL INFO comm 0x152214008fb0 rank 3 nranks 16 cudaDev 6 busId d00000 - Init COMPLETE
ip-0A230405:49959:50639 [6] NCCL INFO comm 0x14d4f0008fb0 rank 11 nranks 16 cudaDev 6 busId d00000 - Init COMPLETE
ip-0A230407:87523:88214 [6] NCCL INFO comm 0x152d48008fb0 rank 12 nranks 16 cudaDev 6 busId d00000 - Init COMPLETE
ip-0A230413:700:1420 [6] NCCL INFO comm 0x1532e0008fb0 rank 4 nranks 16 cudaDev 6 busId d00000 - Init COMPLETE
ip-0A230406:43425:44113 [6] NCCL INFO comm 0x14f3c4008fb0 rank 7 nranks 16 cudaDev 6 busId d00000 - Init COMPLETE
ip-0A230408:7272:7967 [6] NCCL INFO comm 0x151c50008fb0 rank 8 nranks 16 cudaDev 6 busId d00000 - Init COMPLETE
ip-0A23040D:57038:57733 [6] NCCL INFO Sharp rank 0/16 initialized on mlx5_ib6:1

ip-0A23040D:57038:57733 [6] sharp_plugin.c:288 NCCL WARN NET/IB :SHARP coll init error: Cannot create SHArP job(-11)

ip-0A23040D:57038:57733 [6] NCCL INFO include/coll_net.h:21 -> 3
ip-0A23040D:57038:57732 [6] NCCL INFO transport.cc:222 -> 2

ip-0A23040D:57038:57732 [6] transport.cc:253 NCCL WARN Cannot initialize CollNet, using point-to-point network instead
ip-0A23040D:57038:57732 [6] NCCL INFO init.cc:765 -> 2
ip-0A23040D:57038:57732 [6] NCCL INFO threadThresholds 8/8/64 | 128/8/64 | 8/8/512
ip-0A23040D:57038:57732 [6] NCCL INFO 2 coll channels, 2 p2p channels, 2 p2p channels per peer
ip-0A23040D:57038:57732 [6] NCCL INFO comm 0x153c38008fb0 rank 0 nranks 16 cudaDev 6 busId d00000 - Init COMPLETE
ip-0A23040D:57038:57038 [6] NCCL INFO Launch mode Parallel
ip-0A23040D:57035:57035 [7] NCCL INFO Bootstrap : Using eth0:10.35.4.13<0>
ip-0A23040D:57035:57035 [7] NCCL INFO NET/Plugin: Failed to find ncclNetPlugin_v5 symbol.
ip-0A23040D:57035:57035 [7] NCCL INFO NET/Plugin: Failed to find ncclCollNetPlugin_v5 symbol.
ip-0A23040D:57035:57035 [7] NCCL INFO Plugin Path : /opt/hpcx/nccl_rdma_sharp_plugin/lib/libnccl-net.so
ip-0A23040D:57035:57035 [7] NCCL INFO P2P plugin IBext
ip-0A23040D:57035:57035 [7] NCCL INFO NCCL_IB_PCI_RELAXED_ORDERING set by environment to 1.
ip-0A23040D:57035:57035 [7] NCCL INFO NET/IB : Using [0]mlx5_ib0:1/IB/SHARP [1]mlx5_ib1:1/IB/SHARP [2]mlx5_ib2:1/IB/SHARP [3]mlx5_ib3:1/IB/SHARP [4]mlx5_ib4:1/IB/SHARP [5]mlx5_ib5:1/IB/SHARP [6]mlx5_ib6:1/IB/SHARP [7]mlx5_ib7:1/IB/SHARP ; OOB eth0:10.35.4.13<0>
ip-0A23040D:57035:57035 [7] NCCL INFO Using network IBext
NCCL version 2.12.10+cuda11.6
ip-0A23040F:16630:16630 [7] NCCL INFO Bootstrap : Using eth0:10.35.4.15<0>
ip-0A230407:87518:87518 [7] NCCL INFO Bootstrap : Using eth0:10.35.4.7<0>
ip-0A23040B:70719:70719 [7] NCCL INFO Bootstrap : Using eth0:10.35.4.11<0>
ip-0A23041D:53015:53015 [7] NCCL INFO Bootstrap : Using eth0:10.35.4.29<0>
ip-0A230412:55021:55021 [7] NCCL INFO Bootstrap : Using eth0:10.35.4.18<0>
ip-0A230408:7271:7271 [7] NCCL INFO Bootstrap : Using eth0:10.35.4.8<0>
ip-0A23040C:96455:96455 [7] NCCL INFO Bootstrap : Using eth0:10.35.4.12<0>
ip-0A230417:88025:88025 [7] NCCL INFO Bootstrap : Using eth0:10.35.4.23<0>
ip-0A230406:43431:43431 [7] NCCL INFO Bootstrap : Using eth0:10.35.4.6<0>
ip-0A230413:701:701 [7] NCCL INFO Bootstrap : Using eth0:10.35.4.19<0>
ip-0A230414:51227:51227 [7] NCCL INFO Bootstrap : Using eth0:10.35.4.20<0>
ip-0A23041A:46904:46904 [7] NCCL INFO Bootstrap : Using eth0:10.35.4.26<0>
ip-0A230405:49964:49964 [7] NCCL INFO Bootstrap : Using eth0:10.35.4.5<0>
ip-0A23040E:97531:97531 [7] NCCL INFO Bootstrap : Using eth0:10.35.4.14<0>
ip-0A230410:85651:85651 [7] NCCL INFO Bootstrap : Using eth0:10.35.4.16<0>
ip-0A23040B:70719:70719 [7] NCCL INFO NET/Plugin: Failed to find ncclNetPlugin_v5 symbol.
ip-0A23040B:70719:70719 [7] NCCL INFO NET/Plugin: Failed to find ncclCollNetPlugin_v5 symbol.
ip-0A23040B:70719:70719 [7] NCCL INFO Plugin Path : /opt/hpcx/nccl_rdma_sharp_plugin/lib/libnccl-net.so
ip-0A23040B:70719:70719 [7] NCCL INFO P2P plugin IBext
ip-0A23040B:70719:70719 [7] NCCL INFO NCCL_IB_PCI_RELAXED_ORDERING set by environment to 1.
ip-0A23040F:16630:16630 [7] NCCL INFO NET/Plugin: Failed to find ncclNetPlugin_v5 symbol.
ip-0A23040F:16630:16630 [7] NCCL INFO NET/Plugin: Failed to find ncclCollNetPlugin_v5 symbol.
ip-0A23040F:16630:16630 [7] NCCL INFO Plugin Path : /opt/hpcx/nccl_rdma_sharp_plugin/lib/libnccl-net.so
ip-0A23040F:16630:16630 [7] NCCL INFO P2P plugin IBext
ip-0A23040F:16630:16630 [7] NCCL INFO NCCL_IB_PCI_RELAXED_ORDERING set by environment to 1.
ip-0A23040C:96455:96455 [7] NCCL INFO NET/Plugin: Failed to find ncclNetPlugin_v5 symbol.
ip-0A23040C:96455:96455 [7] NCCL INFO NET/Plugin: Failed to find ncclCollNetPlugin_v5 symbol.
ip-0A23040C:96455:96455 [7] NCCL INFO Plugin Path : /opt/hpcx/nccl_rdma_sharp_plugin/lib/libnccl-net.so
ip-0A23040C:96455:96455 [7] NCCL INFO P2P plugin IBext
ip-0A23040C:96455:96455 [7] NCCL INFO NCCL_IB_PCI_RELAXED_ORDERING set by environment to 1.
ip-0A230412:55021:55021 [7] NCCL INFO NET/Plugin: Failed to find ncclNetPlugin_v5 symbol.
ip-0A230412:55021:55021 [7] NCCL INFO NET/Plugin: Failed to find ncclCollNetPlugin_v5 symbol.
ip-0A230412:55021:55021 [7] NCCL INFO Plugin Path : /opt/hpcx/nccl_rdma_sharp_plugin/lib/libnccl-net.so
ip-0A230412:55021:55021 [7] NCCL INFO P2P plugin IBext
ip-0A230412:55021:55021 [7] NCCL INFO NCCL_IB_PCI_RELAXED_ORDERING set by environment to 1.
ip-0A23041A:46904:46904 [7] NCCL INFO NET/Plugin: Failed to find ncclNetPlugin_v5 symbol.
ip-0A23041A:46904:46904 [7] NCCL INFO NET/Plugin: Failed to find ncclCollNetPlugin_v5 symbol.
ip-0A23041A:46904:46904 [7] NCCL INFO Plugin Path : /opt/hpcx/nccl_rdma_sharp_plugin/lib/libnccl-net.so
ip-0A23041A:46904:46904 [7] NCCL INFO P2P plugin IBext
ip-0A23041A:46904:46904 [7] NCCL INFO NCCL_IB_PCI_RELAXED_ORDERING set by environment to 1.
ip-0A230405:49964:49964 [7] NCCL INFO NET/Plugin: Failed to find ncclNetPlugin_v5 symbol.
ip-0A230405:49964:49964 [7] NCCL INFO NET/Plugin: Failed to find ncclCollNetPlugin_v5 symbol.
ip-0A230408:7271:7271 [7] NCCL INFO NET/Plugin: Failed to find ncclNetPlugin_v5 symbol.
ip-0A230408:7271:7271 [7] NCCL INFO NET/Plugin: Failed to find ncclCollNetPlugin_v5 symbol.
ip-0A230405:49964:49964 [7] NCCL INFO Plugin Path : /opt/hpcx/nccl_rdma_sharp_plugin/lib/libnccl-net.so
ip-0A230408:7271:7271 [7] NCCL INFO Plugin Path : /opt/hpcx/nccl_rdma_sharp_plugin/lib/libnccl-net.so
ip-0A230408:7271:7271 [7] NCCL INFO P2P plugin IBext
ip-0A230408:7271:7271 [7] NCCL INFO NCCL_IB_PCI_RELAXED_ORDERING set by environment to 1.
ip-0A230405:49964:49964 [7] NCCL INFO P2P plugin IBext
ip-0A230405:49964:49964 [7] NCCL INFO NCCL_IB_PCI_RELAXED_ORDERING set by environment to 1.
ip-0A230407:87518:87518 [7] NCCL INFO NET/Plugin: Failed to find ncclNetPlugin_v5 symbol.
ip-0A230407:87518:87518 [7] NCCL INFO NET/Plugin: Failed to find ncclCollNetPlugin_v5 symbol.
ip-0A230406:43431:43431 [7] NCCL INFO NET/Plugin: Failed to find ncclNetPlugin_v5 symbol.
ip-0A230406:43431:43431 [7] NCCL INFO NET/Plugin: Failed to find ncclCollNetPlugin_v5 symbol.
ip-0A230413:701:701 [7] NCCL INFO NET/Plugin: Failed to find ncclNetPlugin_v5 symbol.
ip-0A230413:701:701 [7] NCCL INFO NET/Plugin: Failed to find ncclCollNetPlugin_v5 symbol.
ip-0A230407:87518:87518 [7] NCCL INFO Plugin Path : /opt/hpcx/nccl_rdma_sharp_plugin/lib/libnccl-net.so
ip-0A230407:87518:87518 [7] NCCL INFO P2P plugin IBext
ip-0A230407:87518:87518 [7] NCCL INFO NCCL_IB_PCI_RELAXED_ORDERING set by environment to 1.
ip-0A230406:43431:43431 [7] NCCL INFO Plugin Path : /opt/hpcx/nccl_rdma_sharp_plugin/lib/libnccl-net.so
ip-0A230406:43431:43431 [7] NCCL INFO P2P plugin IBext
ip-0A230406:43431:43431 [7] NCCL INFO NCCL_IB_PCI_RELAXED_ORDERING set by environment to 1.
ip-0A230413:701:701 [7] NCCL INFO Plugin Path : /opt/hpcx/nccl_rdma_sharp_plugin/lib/libnccl-net.so
ip-0A230413:701:701 [7] NCCL INFO P2P plugin IBext
ip-0A230413:701:701 [7] NCCL INFO NCCL_IB_PCI_RELAXED_ORDERING set by environment to 1.
ip-0A23041D:53015:53015 [7] NCCL INFO NET/Plugin: Failed to find ncclNetPlugin_v5 symbol.
ip-0A23041D:53015:53015 [7] NCCL INFO NET/Plugin: Failed to find ncclCollNetPlugin_v5 symbol.
ip-0A230417:88025:88025 [7] NCCL INFO NET/Plugin: Failed to find ncclNetPlugin_v5 symbol.
ip-0A230417:88025:88025 [7] NCCL INFO NET/Plugin: Failed to find ncclCollNetPlugin_v5 symbol.
ip-0A23041D:53015:53015 [7] NCCL INFO Plugin Path : /opt/hpcx/nccl_rdma_sharp_plugin/lib/libnccl-net.so
ip-0A23041D:53015:53015 [7] NCCL INFO P2P plugin IBext
ip-0A23041D:53015:53015 [7] NCCL INFO NCCL_IB_PCI_RELAXED_ORDERING set by environment to 1.
ip-0A230417:88025:88025 [7] NCCL INFO Plugin Path : /opt/hpcx/nccl_rdma_sharp_plugin/lib/libnccl-net.so
ip-0A230417:88025:88025 [7] NCCL INFO P2P plugin IBext
ip-0A230417:88025:88025 [7] NCCL INFO NCCL_IB_PCI_RELAXED_ORDERING set by environment to 1.
ip-0A230414:51227:51227 [7] NCCL INFO NET/Plugin: Failed to find ncclNetPlugin_v5 symbol.
ip-0A230414:51227:51227 [7] NCCL INFO NET/Plugin: Failed to find ncclCollNetPlugin_v5 symbol.
ip-0A230414:51227:51227 [7] NCCL INFO Plugin Path : /opt/hpcx/nccl_rdma_sharp_plugin/lib/libnccl-net.so
ip-0A230414:51227:51227 [7] NCCL INFO P2P plugin IBext
ip-0A230414:51227:51227 [7] NCCL INFO NCCL_IB_PCI_RELAXED_ORDERING set by environment to 1.
ip-0A23040E:97531:97531 [7] NCCL INFO NET/Plugin: Failed to find ncclNetPlugin_v5 symbol.
ip-0A23040E:97531:97531 [7] NCCL INFO NET/Plugin: Failed to find ncclCollNetPlugin_v5 symbol.
ip-0A23040E:97531:97531 [7] NCCL INFO Plugin Path : /opt/hpcx/nccl_rdma_sharp_plugin/lib/libnccl-net.so
ip-0A23040E:97531:97531 [7] NCCL INFO P2P plugin IBext
ip-0A23040E:97531:97531 [7] NCCL INFO NCCL_IB_PCI_RELAXED_ORDERING set by environment to 1.
ip-0A230410:85651:85651 [7] NCCL INFO NET/Plugin: Failed to find ncclNetPlugin_v5 symbol.
ip-0A230410:85651:85651 [7] NCCL INFO NET/Plugin: Failed to find ncclCollNetPlugin_v5 symbol.
ip-0A230410:85651:85651 [7] NCCL INFO Plugin Path : /opt/hpcx/nccl_rdma_sharp_plugin/lib/libnccl-net.so
ip-0A230410:85651:85651 [7] NCCL INFO P2P plugin IBext
ip-0A230410:85651:85651 [7] NCCL INFO NCCL_IB_PCI_RELAXED_ORDERING set by environment to 1.
ip-0A23040B:70719:70719 [7] NCCL INFO NET/IB : Using [0]mlx5_ib0:1/IB/SHARP [1]mlx5_ib1:1/IB/SHARP [2]mlx5_ib2:1/IB/SHARP [3]mlx5_ib3:1/IB/SHARP [4]mlx5_ib4:1/IB/SHARP [5]mlx5_ib5:1/IB/SHARP [6]mlx5_ib6:1/IB/SHARP [7]mlx5_ib7:1/IB/SHARP ; OOB eth0:10.35.4.11<0>
ip-0A23040B:70719:70719 [7] NCCL INFO Using network IBext
ip-0A23041A:46904:46904 [7] NCCL INFO NET/IB : Using [0]mlx5_ib0:1/IB/SHARP [1]mlx5_ib1:1/IB/SHARP [2]mlx5_ib2:1/IB/SHARP [3]mlx5_ib3:1/IB/SHARP [4]mlx5_ib4:1/IB/SHARP [5]mlx5_ib5:1/IB/SHARP [6]mlx5_ib6:1/IB/SHARP [7]mlx5_ib7:1/IB/SHARP ; OOB eth0:10.35.4.26<0>
ip-0A23041A:46904:46904 [7] NCCL INFO Using network IBext
ip-0A23040F:16630:16630 [7] NCCL INFO NET/IB : Using [0]mlx5_ib0:1/IB/SHARP [1]mlx5_ib1:1/IB/SHARP [2]mlx5_ib2:1/IB/SHARP [3]mlx5_ib3:1/IB/SHARP [4]mlx5_ib4:1/IB/SHARP [5]mlx5_ib5:1/IB/SHARP [6]mlx5_ib6:1/IB/SHARP [7]mlx5_ib7:1/IB/SHARP ; OOB eth0:10.35.4.15<0>
ip-0A23040F:16630:16630 [7] NCCL INFO Using network IBext
ip-0A230408:7271:7271 [7] NCCL INFO NET/IB : Using [0]mlx5_ib0:1/IB/SHARP [1]mlx5_ib1:1/IB/SHARP [2]mlx5_ib2:1/IB/SHARP [3]mlx5_ib3:1/IB/SHARP [4]mlx5_ib4:1/IB/SHARP [5]mlx5_ib5:1/IB/SHARP [6]mlx5_ib6:1/IB/SHARP [7]mlx5_ib7:1/IB/SHARP ; OOB eth0:10.35.4.8<0>
ip-0A230408:7271:7271 [7] NCCL INFO Using network IBext
ip-0A230405:49964:49964 [7] NCCL INFO NET/IB : Using [0]mlx5_ib0:1/IB/SHARP [1]mlx5_ib1:1/IB/SHARP [2]mlx5_ib2:1/IB/SHARP [3]mlx5_ib3:1/IB/SHARP [4]mlx5_ib4:1/IB/SHARP [5]mlx5_ib5:1/IB/SHARP [6]mlx5_ib6:1/IB/SHARP [7]mlx5_ib7:1/IB/SHARP ; OOB eth0:10.35.4.5<0>
ip-0A230405:49964:49964 [7] NCCL INFO Using network IBext
ip-0A230412:55021:55021 [7] NCCL INFO NET/IB : Using [0]mlx5_ib0:1/IB/SHARP [1]mlx5_ib1:1/IB/SHARP [2]mlx5_ib2:1/IB/SHARP [3]mlx5_ib3:1/IB/SHARP [4]mlx5_ib4:1/IB/SHARP [5]mlx5_ib5:1/IB/SHARP [6]mlx5_ib6:1/IB/SHARP [7]mlx5_ib7:1/IB/SHARP ; OOB eth0:10.35.4.18<0>
ip-0A230412:55021:55021 [7] NCCL INFO Using network IBext
ip-0A23040C:96455:96455 [7] NCCL INFO NET/IB : Using [0]mlx5_ib0:1/IB/SHARP [1]mlx5_ib1:1/IB/SHARP [2]mlx5_ib2:1/IB/SHARP [3]mlx5_ib3:1/IB/SHARP [4]mlx5_ib4:1/IB/SHARP [5]mlx5_ib5:1/IB/SHARP [6]mlx5_ib6:1/IB/SHARP [7]mlx5_ib7:1/IB/SHARP ; OOB eth0:10.35.4.12<0>
ip-0A23040C:96455:96455 [7] NCCL INFO Using network IBext
ip-0A230406:43431:43431 [7] NCCL INFO NET/IB : Using [0]mlx5_ib0:1/IB/SHARP [1]mlx5_ib1:1/IB/SHARP [2]mlx5_ib2:1/IB/SHARP [3]mlx5_ib3:1/IB/SHARP [4]mlx5_ib4:1/IB/SHARP [5]mlx5_ib5:1/IB/SHARP [6]mlx5_ib6:1/IB/SHARP [7]mlx5_ib7:1/IB/SHARP ; OOB eth0:10.35.4.6<0>
ip-0A230406:43431:43431 [7] NCCL INFO Using network IBext
ip-0A230407:87518:87518 [7] NCCL INFO NET/IB : Using [0]mlx5_ib0:1/IB/SHARP [1]mlx5_ib1:1/IB/SHARP [2]mlx5_ib2:1/IB/SHARP [3]mlx5_ib3:1/IB/SHARP [4]mlx5_ib4:1/IB/SHARP [5]mlx5_ib5:1/IB/SHARP [6]mlx5_ib6:1/IB/SHARP [7]mlx5_ib7:1/IB/SHARP ; OOB eth0:10.35.4.7<0>
ip-0A230407:87518:87518 [7] NCCL INFO Using network IBext
ip-0A230414:51227:51227 [7] NCCL INFO NET/IB : Using [0]mlx5_ib0:1/IB/SHARP [1]mlx5_ib1:1/IB/SHARP [2]mlx5_ib2:1/IB/SHARP [3]mlx5_ib3:1/IB/SHARP [4]mlx5_ib4:1/IB/SHARP [5]mlx5_ib5:1/IB/SHARP [6]mlx5_ib6:1/IB/SHARP [7]mlx5_ib7:1/IB/SHARP ; OOB eth0:10.35.4.20<0>
ip-0A230414:51227:51227 [7] NCCL INFO Using network IBext
ip-0A230413:701:701 [7] NCCL INFO NET/IB : Using [0]mlx5_ib0:1/IB/SHARP [1]mlx5_ib1:1/IB/SHARP [2]mlx5_ib2:1/IB/SHARP [3]mlx5_ib3:1/IB/SHARP [4]mlx5_ib4:1/IB/SHARP [5]mlx5_ib5:1/IB/SHARP [6]mlx5_ib6:1/IB/SHARP [7]mlx5_ib7:1/IB/SHARP ; OOB eth0:10.35.4.19<0>
ip-0A230417:88025:88025 [7] NCCL INFO NET/IB : Using [0]mlx5_ib0:1/IB/SHARP [1]mlx5_ib1:1/IB/SHARP [2]mlx5_ib2:1/IB/SHARP [3]mlx5_ib3:1/IB/SHARP [4]mlx5_ib4:1/IB/SHARP [5]mlx5_ib5:1/IB/SHARP [6]mlx5_ib6:1/IB/SHARP [7]mlx5_ib7:1/IB/SHARP ; OOB eth0:10.35.4.23<0>
ip-0A230417:88025:88025 [7] NCCL INFO Using network IBext
ip-0A230413:701:701 [7] NCCL INFO Using network IBext
ip-0A23041D:53015:53015 [7] NCCL INFO NET/IB : Using [0]mlx5_ib0:1/IB/SHARP [1]mlx5_ib1:1/IB/SHARP [2]mlx5_ib2:1/IB/SHARP [3]mlx5_ib3:1/IB/SHARP [4]mlx5_ib4:1/IB/SHARP [5]mlx5_ib5:1/IB/SHARP [6]mlx5_ib6:1/IB/SHARP [7]mlx5_ib7:1/IB/SHARP ; OOB eth0:10.35.4.29<0>
ip-0A23041D:53015:53015 [7] NCCL INFO Using network IBext
ip-0A23040E:97531:97531 [7] NCCL INFO NET/IB : Using [0]mlx5_ib0:1/IB/SHARP [1]mlx5_ib1:1/IB/SHARP [2]mlx5_ib2:1/IB/SHARP [3]mlx5_ib3:1/IB/SHARP [4]mlx5_ib4:1/IB/SHARP [5]mlx5_ib5:1/IB/SHARP [6]mlx5_ib6:1/IB/SHARP [7]mlx5_ib7:1/IB/SHARP ; OOB eth0:10.35.4.14<0>
ip-0A230410:85651:85651 [7] NCCL INFO NET/IB : Using [0]mlx5_ib0:1/IB/SHARP [1]mlx5_ib1:1/IB/SHARP [2]mlx5_ib2:1/IB/SHARP [3]mlx5_ib3:1/IB/SHARP [4]mlx5_ib4:1/IB/SHARP [5]mlx5_ib5:1/IB/SHARP [6]mlx5_ib6:1/IB/SHARP [7]mlx5_ib7:1/IB/SHARP ; OOB eth0:10.35.4.16<0>
ip-0A230410:85651:85651 [7] NCCL INFO Using network IBext
ip-0A23040E:97531:97531 [7] NCCL INFO Using network IBext
ip-0A230413:701:1432 [7] NCCL INFO NCCL_P2P_LEVEL set by environment to LOC
ip-0A23040F:16630:17327 [7] NCCL INFO NCCL_P2P_LEVEL set by environment to LOC
ip-0A230413:701:1432 [7] NCCL INFO PXN Disabled as plugin is v4
ip-0A23040F:16630:17327 [7] NCCL INFO PXN Disabled as plugin is v4
ip-0A230413:701:1432 [7] NCCL INFO Setting affinity for GPU 7 to ff,ffff0000,00000000
ip-0A23040F:16630:17327 [7] NCCL INFO Setting affinity for GPU 7 to ff,ffff0000,00000000
ip-0A230413:701:1432 [7] NCCL INFO NCCL_COLLNET_ENABLE set by environment to 1.
ip-0A230412:55021:55722 [7] NCCL INFO NCCL_P2P_LEVEL set by environment to LOC
ip-0A23040F:16630:17327 [7] NCCL INFO NCCL_COLLNET_ENABLE set by environment to 1.
ip-0A230412:55021:55722 [7] NCCL INFO PXN Disabled as plugin is v4
ip-0A230406:43431:44125 [7] NCCL INFO NCCL_P2P_LEVEL set by environment to LOC
ip-0A230412:55021:55722 [7] NCCL INFO Setting affinity for GPU 7 to ff,ffff0000,00000000
ip-0A230406:43431:44125 [7] NCCL INFO PXN Disabled as plugin is v4
ip-0A230412:55021:55722 [7] NCCL INFO NCCL_COLLNET_ENABLE set by environment to 1.
ip-0A23041D:53015:53716 [7] NCCL INFO NCCL_P2P_LEVEL set by environment to LOC
ip-0A230406:43431:44125 [7] NCCL INFO Setting affinity for GPU 7 to ff,ffff0000,00000000
ip-0A230406:43431:44125 [7] NCCL INFO NCCL_COLLNET_ENABLE set by environment to 1.
ip-0A230408:7271:7979 [7] NCCL INFO NCCL_P2P_LEVEL set by environment to LOC
ip-0A23041D:53015:53716 [7] NCCL INFO PXN Disabled as plugin is v4
ip-0A23041D:53015:53716 [7] NCCL INFO Setting affinity for GPU 7 to ff,ffff0000,00000000
ip-0A230408:7271:7979 [7] NCCL INFO PXN Disabled as plugin is v4
ip-0A23041D:53015:53716 [7] NCCL INFO NCCL_COLLNET_ENABLE set by environment to 1.
ip-0A23041A:46904:47603 [7] NCCL INFO NCCL_P2P_LEVEL set by environment to LOC
ip-0A230417:88025:88729 [7] NCCL INFO NCCL_P2P_LEVEL set by environment to LOC
ip-0A230408:7271:7979 [7] NCCL INFO Setting affinity for GPU 7 to ff,ffff0000,00000000
ip-0A230408:7271:7979 [7] NCCL INFO NCCL_COLLNET_ENABLE set by environment to 1.
ip-0A230417:88025:88729 [7] NCCL INFO PXN Disabled as plugin is v4
ip-0A23041A:46904:47603 [7] NCCL INFO PXN Disabled as plugin is v4
ip-0A230414:51227:51926 [7] NCCL INFO NCCL_P2P_LEVEL set by environment to LOC
ip-0A230410:85651:86351 [7] NCCL INFO NCCL_P2P_LEVEL set by environment to LOC
ip-0A230417:88025:88729 [7] NCCL INFO Setting affinity for GPU 7 to ff,ffff0000,00000000
ip-0A23041A:46904:47603 [7] NCCL INFO Setting affinity for GPU 7 to ff,ffff0000,00000000
ip-0A230414:51227:51926 [7] NCCL INFO PXN Disabled as plugin is v4
ip-0A230417:88025:88729 [7] NCCL INFO NCCL_COLLNET_ENABLE set by environment to 1.
ip-0A23041A:46904:47603 [7] NCCL INFO NCCL_COLLNET_ENABLE set by environment to 1.
ip-0A230410:85651:86351 [7] NCCL INFO PXN Disabled as plugin is v4
ip-0A230414:51227:51926 [7] NCCL INFO Setting affinity for GPU 7 to ff,ffff0000,00000000
ip-0A23040E:97531:98232 [7] NCCL INFO NCCL_P2P_LEVEL set by environment to LOC
ip-0A230410:85651:86351 [7] NCCL INFO Setting affinity for GPU 7 to ff,ffff0000,00000000
ip-0A230414:51227:51926 [7] NCCL INFO NCCL_COLLNET_ENABLE set by environment to 1.
ip-0A23040C:96455:97227 [7] NCCL INFO NCCL_P2P_LEVEL set by environment to LOC
ip-0A230410:85651:86351 [7] NCCL INFO NCCL_COLLNET_ENABLE set by environment to 1.
ip-0A23040E:97531:98232 [7] NCCL INFO PXN Disabled as plugin is v4
ip-0A23040C:96455:97227 [7] NCCL INFO PXN Disabled as plugin is v4
ip-0A23040E:97531:98232 [7] NCCL INFO Setting affinity for GPU 7 to ff,ffff0000,00000000
ip-0A23040C:96455:97227 [7] NCCL INFO Setting affinity for GPU 7 to ff,ffff0000,00000000
ip-0A23040D:57035:57762 [7] NCCL INFO NCCL_P2P_LEVEL set by environment to LOC
ip-0A23040E:97531:98232 [7] NCCL INFO NCCL_COLLNET_ENABLE set by environment to 1.
ip-0A23040C:96455:97227 [7] NCCL INFO NCCL_COLLNET_ENABLE set by environment to 1.
ip-0A23040D:57035:57762 [7] NCCL INFO PXN Disabled as plugin is v4
ip-0A230405:49964:50661 [7] NCCL INFO NCCL_P2P_LEVEL set by environment to LOC
ip-0A23040D:57035:57762 [7] NCCL INFO Setting affinity for GPU 7 to ff,ffff0000,00000000
ip-0A230407:87518:88235 [7] NCCL INFO NCCL_P2P_LEVEL set by environment to LOC
ip-0A230405:49964:50661 [7] NCCL INFO PXN Disabled as plugin is v4
ip-0A23040B:70719:71423 [7] NCCL INFO NCCL_P2P_LEVEL set by environment to LOC
ip-0A23040D:57035:57762 [7] NCCL INFO NCCL_COLLNET_ENABLE set by environment to 1.
ip-0A230405:49964:50661 [7] NCCL INFO Setting affinity for GPU 7 to ff,ffff0000,00000000
ip-0A230407:87518:88235 [7] NCCL INFO PXN Disabled as plugin is v4
ip-0A230405:49964:50661 [7] NCCL INFO NCCL_COLLNET_ENABLE set by environment to 1.
ip-0A230407:87518:88235 [7] NCCL INFO Setting affinity for GPU 7 to ff,ffff0000,00000000
ip-0A23040B:70719:71423 [7] NCCL INFO PXN Disabled as plugin is v4
ip-0A230407:87518:88235 [7] NCCL INFO NCCL_COLLNET_ENABLE set by environment to 1.
ip-0A23040B:70719:71423 [7] NCCL INFO Setting affinity for GPU 7 to ff,ffff0000,00000000
ip-0A23040B:70719:71423 [7] NCCL INFO NCCL_COLLNET_ENABLE set by environment to 1.
ip-0A23040B:70719:71423 [7] NCCL INFO Trees [0] -1/-1/-1->13->14 [1] 14/12/-1->13->11
ip-0A23040E:97531:98232 [7] NCCL INFO Trees [0] 13/15/-1->14->12 [1] -1/-1/-1->14->13
ip-0A23040C:96455:97227 [7] NCCL INFO Trees [0] -1/-1/-1->15->14 [1] 7/-1/-1->15->-1
ip-0A23040D:57035:57762 [7] NCCL INFO Channel 00/02 :    0   1   2   3   4   5   6   7   8   9  10  11  12  13  14  15
ip-0A23040D:57035:57762 [7] NCCL INFO Channel 01/02 :    0   1   2   3   4   5   6   7   8   9  10  11  12  13  14  15
ip-0A23040D:57035:57762 [7] NCCL INFO Trees [0] 8/-1/-1->0->-1 [1] -1/-1/-1->0->1
ip-0A23040F:16630:17327 [7] NCCL INFO Trees [0] -1/-1/-1->1->2 [1] 2/0/-1->1->3
ip-0A230410:85651:86351 [7] NCCL INFO Trees [0] 1/3/-1->2->4 [1] -1/-1/-1->2->1
ip-0A230412:55021:55722 [7] NCCL INFO Trees [0] -1/-1/-1->3->2 [1] 5/1/-1->3->7
ip-0A230413:701:1432 [7] NCCL INFO Trees [0] 2/6/-1->4->8 [1] -1/-1/-1->4->5
ip-0A230414:51227:51926 [7] NCCL INFO Trees [0] -1/-1/-1->5->6 [1] 6/4/-1->5->3
ip-0A230417:88025:88729 [7] NCCL INFO Trees [0] 5/7/-1->6->4 [1] -1/-1/-1->6->5
ip-0A230406:43431:44125 [7] NCCL INFO Trees [0] -1/-1/-1->7->6 [1] 11/3/-1->7->15
ip-0A230408:7271:7979 [7] NCCL INFO Trees [0] 4/12/-1->8->0 [1] -1/-1/-1->8->9
ip-0A23041D:53015:53716 [7] NCCL INFO Trees [0] 9/11/-1->10->12 [1] -1/-1/-1->10->9
ip-0A230405:49964:50661 [7] NCCL INFO Trees [0] -1/-1/-1->11->10 [1] 13/9/-1->11->7
ip-0A23041A:46904:47603 [7] NCCL INFO Trees [0] -1/-1/-1->9->10 [1] 10/8/-1->9->11
ip-0A230407:87518:88235 [7] NCCL INFO Trees [0] 10/14/-1->12->8 [1] -1/-1/-1->12->13
ip-0A23040B:70719:71423 [7] NCCL INFO Channel 00/0 : 12[e00000] -> 13[e00000] [receive] via NET/IBext/7
ip-0A23040C:96455:97227 [7] NCCL INFO Channel 00/0 : 14[e00000] -> 15[e00000] [receive] via NET/IBext/7
ip-0A23040B:70719:71423 [7] NCCL INFO Channel 01/0 : 12[e00000] -> 13[e00000] [receive] via NET/IBext/7
ip-0A23040E:97531:98232 [7] NCCL INFO Channel 00/0 : 13[e00000] -> 14[e00000] [receive] via NET/IBext/7
ip-0A23040B:70719:71423 [7] NCCL INFO Channel 00/0 : 13[e00000] -> 14[e00000] [send] via NET/IBext/7
ip-0A23040B:70719:71423 [7] NCCL INFO Channel 01/0 : 13[e00000] -> 14[e00000] [send] via NET/IBext/7
ip-0A23040C:96455:97227 [7] NCCL INFO Channel 01/0 : 14[e00000] -> 15[e00000] [receive] via NET/IBext/7
ip-0A23040E:97531:98232 [7] NCCL INFO Channel 01/0 : 13[e00000] -> 14[e00000] [receive] via NET/IBext/7
ip-0A23040C:96455:97227 [7] NCCL INFO Channel 00/0 : 15[e00000] -> 0[e00000] [send] via NET/IBext/7
ip-0A23040E:97531:98232 [7] NCCL INFO Channel 00/0 : 14[e00000] -> 15[e00000] [send] via NET/IBext/7
ip-0A23040C:96455:97227 [7] NCCL INFO Channel 01/0 : 15[e00000] -> 0[e00000] [send] via NET/IBext/7
ip-0A23040D:57035:57762 [7] NCCL INFO Channel 00/0 : 15[e00000] -> 0[e00000] [receive] via NET/IBext/7
ip-0A23040E:97531:98232 [7] NCCL INFO Channel 01/0 : 14[e00000] -> 15[e00000] [send] via NET/IBext/7
ip-0A23040D:57035:57762 [7] NCCL INFO Channel 01/0 : 15[e00000] -> 0[e00000] [receive] via NET/IBext/7
ip-0A23040F:16630:17327 [7] NCCL INFO Channel 00/0 : 0[e00000] -> 1[e00000] [receive] via NET/IBext/7
ip-0A23040D:57035:57762 [7] NCCL INFO Channel 00/0 : 0[e00000] -> 1[e00000] [send] via NET/IBext/7
ip-0A23040D:57035:57762 [7] NCCL INFO Channel 01/0 : 0[e00000] -> 1[e00000] [send] via NET/IBext/7
ip-0A230410:85651:86351 [7] NCCL INFO Channel 00/0 : 1[e00000] -> 2[e00000] [receive] via NET/IBext/7
ip-0A23040F:16630:17327 [7] NCCL INFO Channel 01/0 : 0[e00000] -> 1[e00000] [receive] via NET/IBext/7
ip-0A23040F:16630:17327 [7] NCCL INFO Channel 00/0 : 1[e00000] -> 2[e00000] [send] via NET/IBext/7
ip-0A230412:55021:55722 [7] NCCL INFO Channel 00/0 : 2[e00000] -> 3[e00000] [receive] via NET/IBext/7
ip-0A23040F:16630:17327 [7] NCCL INFO Channel 01/0 : 1[e00000] -> 2[e00000] [send] via NET/IBext/7
ip-0A230412:55021:55722 [7] NCCL INFO Channel 01/0 : 2[e00000] -> 3[e00000] [receive] via NET/IBext/7
ip-0A230412:55021:55722 [7] NCCL INFO Channel 00/0 : 3[e00000] -> 4[e00000] [send] via NET/IBext/7
ip-0A230410:85651:86351 [7] NCCL INFO Channel 01/0 : 1[e00000] -> 2[e00000] [receive] via NET/IBext/7
ip-0A230410:85651:86351 [7] NCCL INFO Channel 00/0 : 2[e00000] -> 3[e00000] [send] via NET/IBext/7
ip-0A230410:85651:86351 [7] NCCL INFO Channel 01/0 : 2[e00000] -> 3[e00000] [send] via NET/IBext/7
ip-0A230414:51227:51926 [7] NCCL INFO Channel 00/0 : 4[e00000] -> 5[e00000] [receive] via NET/IBext/7
ip-0A230412:55021:55722 [7] NCCL INFO Channel 01/0 : 3[e00000] -> 4[e00000] [send] via NET/IBext/7
ip-0A230408:7271:7979 [7] NCCL INFO Channel 00/0 : 7[e00000] -> 8[e00000] [receive] via NET/IBext/7
ip-0A230413:701:1432 [7] NCCL INFO Channel 00/0 : 3[e00000] -> 4[e00000] [receive] via NET/IBext/7
ip-0A230414:51227:51926 [7] NCCL INFO Channel 01/0 : 4[e00000] -> 5[e00000] [receive] via NET/IBext/7
ip-0A230414:51227:51926 [7] NCCL INFO Channel 00/0 : 5[e00000] -> 6[e00000] [send] via NET/IBext/7
ip-0A230417:88025:88729 [7] NCCL INFO Channel 00/0 : 5[e00000] -> 6[e00000] [receive] via NET/IBext/7
ip-0A230413:701:1432 [7] NCCL INFO Channel 01/0 : 3[e00000] -> 4[e00000] [receive] via NET/IBext/7
ip-0A230414:51227:51926 [7] NCCL INFO Channel 01/0 : 5[e00000] -> 6[e00000] [send] via NET/IBext/7
ip-0A230413:701:1432 [7] NCCL INFO Channel 00/0 : 4[e00000] -> 5[e00000] [send] via NET/IBext/7
ip-0A230407:87518:88235 [7] NCCL INFO Channel 00/0 : 11[e00000] -> 12[e00000] [receive] via NET/IBext/7
ip-0A230408:7271:7979 [7] NCCL INFO Channel 01/0 : 7[e00000] -> 8[e00000] [receive] via NET/IBext/7
ip-0A230405:49964:50661 [7] NCCL INFO Channel 00/0 : 10[e00000] -> 11[e00000] [receive] via NET/IBext/7
ip-0A230408:7271:7979 [7] NCCL INFO Channel 00/0 : 8[e00000] -> 9[e00000] [send] via NET/IBext/7
ip-0A23041D:53015:53716 [7] NCCL INFO Channel 00/0 : 9[e00000] -> 10[e00000] [receive] via NET/IBext/7
ip-0A23041A:46904:47603 [7] NCCL INFO Channel 00/0 : 8[e00000] -> 9[e00000] [receive] via NET/IBext/7
ip-0A230417:88025:88729 [7] NCCL INFO Channel 01/0 : 5[e00000] -> 6[e00000] [receive] via NET/IBext/7
ip-0A230417:88025:88729 [7] NCCL INFO Channel 00/0 : 6[e00000] -> 7[e00000] [send] via NET/IBext/7
ip-0A230413:701:1432 [7] NCCL INFO Channel 01/0 : 4[e00000] -> 5[e00000] [send] via NET/IBext/7
ip-0A230408:7271:7979 [7] NCCL INFO Channel 01/0 : 8[e00000] -> 9[e00000] [send] via NET/IBext/7
ip-0A23041D:53015:53716 [7] NCCL INFO Channel 01/0 : 9[e00000] -> 10[e00000] [receive] via NET/IBext/7
ip-0A23041A:46904:47603 [7] NCCL INFO Channel 01/0 : 8[e00000] -> 9[e00000] [receive] via NET/IBext/7
ip-0A23041D:53015:53716 [7] NCCL INFO Channel 00/0 : 10[e00000] -> 11[e00000] [send] via NET/IBext/7
ip-0A23041A:46904:47603 [7] NCCL INFO Channel 00/0 : 9[e00000] -> 10[e00000] [send] via NET/IBext/7
ip-0A230417:88025:88729 [7] NCCL INFO Channel 01/0 : 6[e00000] -> 7[e00000] [send] via NET/IBext/7
ip-0A230405:49964:50661 [7] NCCL INFO Channel 01/0 : 10[e00000] -> 11[e00000] [receive] via NET/IBext/7
ip-0A230405:49964:50661 [7] NCCL INFO Channel 00/0 : 11[e00000] -> 12[e00000] [send] via NET/IBext/7
ip-0A23041A:46904:47603 [7] NCCL INFO Channel 01/0 : 9[e00000] -> 10[e00000] [send] via NET/IBext/7
ip-0A23041D:53015:53716 [7] NCCL INFO Channel 01/0 : 10[e00000] -> 11[e00000] [send] via NET/IBext/7
ip-0A230407:87518:88235 [7] NCCL INFO Channel 01/0 : 11[e00000] -> 12[e00000] [receive] via NET/IBext/7
ip-0A230406:43431:44125 [7] NCCL INFO Channel 00/0 : 6[e00000] -> 7[e00000] [receive] via NET/IBext/7
ip-0A230407:87518:88235 [7] NCCL INFO Channel 00/0 : 12[e00000] -> 13[e00000] [send] via NET/IBext/7
ip-0A230405:49964:50661 [7] NCCL INFO Channel 01/0 : 11[e00000] -> 12[e00000] [send] via NET/IBext/7
ip-0A230406:43431:44125 [7] NCCL INFO Channel 01/0 : 6[e00000] -> 7[e00000] [receive] via NET/IBext/7
ip-0A230407:87518:88235 [7] NCCL INFO Channel 01/0 : 12[e00000] -> 13[e00000] [send] via NET/IBext/7
ip-0A230406:43431:44125 [7] NCCL INFO Channel 00/0 : 7[e00000] -> 8[e00000] [send] via NET/IBext/7
ip-0A230406:43431:44125 [7] NCCL INFO Channel 01/0 : 7[e00000] -> 8[e00000] [send] via NET/IBext/7
ip-0A23040D:57035:57762 [7] NCCL INFO Connected all rings
ip-0A23040F:16630:17327 [7] NCCL INFO Connected all rings
ip-0A23040B:70719:71423 [7] NCCL INFO Connected all rings
ip-0A23040C:96455:97227 [7] NCCL INFO Connected all rings
ip-0A23040E:97531:98232 [7] NCCL INFO Connected all rings
ip-0A230412:55021:55722 [7] NCCL INFO Connected all rings
ip-0A230405:49964:50661 [7] NCCL INFO Connected all rings
ip-0A23041A:46904:47603 [7] NCCL INFO Connected all rings
ip-0A230414:51227:51926 [7] NCCL INFO Connected all rings
ip-0A230417:88025:88729 [7] NCCL INFO Connected all rings
ip-0A230407:87518:88235 [7] NCCL INFO Connected all rings
ip-0A230408:7271:7979 [7] NCCL INFO Connected all rings
ip-0A230410:85651:86351 [7] NCCL INFO Connected all rings
ip-0A230406:43431:44125 [7] NCCL INFO Connected all rings
ip-0A23041D:53015:53716 [7] NCCL INFO Connected all rings
ip-0A230413:701:1432 [7] NCCL INFO Connected all rings
ip-0A23040F:16630:17327 [7] NCCL INFO Channel 01/0 : 1[e00000] -> 3[e00000] [send] via NET/IBext/7
ip-0A23040C:96455:97227 [7] NCCL INFO Channel 01/0 : 7[e00000] -> 15[e00000] [receive] via NET/IBext/7
ip-0A230412:55021:55722 [7] NCCL INFO Channel 01/0 : 1[e00000] -> 3[e00000] [receive] via NET/IBext/7
ip-0A23040C:96455:97227 [7] NCCL INFO Channel 01/0 : 15[e00000] -> 7[e00000] [send] via NET/IBext/7
ip-0A230412:55021:55722 [7] NCCL INFO Channel 01/0 : 3[e00000] -> 5[e00000] [send] via NET/IBext/7
ip-0A23041A:46904:47603 [7] NCCL INFO Channel 01/0 : 9[e00000] -> 11[e00000] [send] via NET/IBext/7
ip-0A23040D:57035:57762 [7] NCCL INFO Channel 00/0 : 8[e00000] -> 0[e00000] [receive] via NET/IBext/7
ip-0A23040D:57035:57762 [7] NCCL INFO Channel 00/0 : 0[e00000] -> 8[e00000] [send] via NET/IBext/7
ip-0A23040E:97531:98232 [7] NCCL INFO Channel 00/0 : 12[e00000] -> 14[e00000] [receive] via NET/IBext/7
ip-0A230405:49964:50661 [7] NCCL INFO Channel 01/0 : 9[e00000] -> 11[e00000] [receive] via NET/IBext/7
ip-0A230408:7271:7979 [7] NCCL INFO Channel 00/0 : 4[e00000] -> 8[e00000] [receive] via NET/IBext/7
ip-0A230405:49964:50661 [7] NCCL INFO Channel 01/0 : 11[e00000] -> 13[e00000] [send] via NET/IBext/7
ip-0A230407:87518:88235 [7] NCCL INFO Channel 00/0 : 10[e00000] -> 12[e00000] [receive] via NET/IBext/7
ip-0A230410:85651:86351 [7] NCCL INFO Channel 00/0 : 2[e00000] -> 4[e00000] [send] via NET/IBext/7
ip-0A230408:7271:7979 [7] NCCL INFO Channel 00/0 : 8[e00000] -> 12[e00000] [send] via NET/IBext/7
ip-0A230407:87518:88235 [7] NCCL INFO Channel 00/0 : 12[e00000] -> 14[e00000] [send] via NET/IBext/7
ip-0A230406:43431:44125 [7] NCCL INFO Channel 01/0 : 3[e00000] -> 7[e00000] [receive] via NET/IBext/7
ip-0A230413:701:1432 [7] NCCL INFO Channel 00/0 : 2[e00000] -> 4[e00000] [receive] via NET/IBext/7
ip-0A230406:43431:44125 [7] NCCL INFO Channel 01/0 : 7[e00000] -> 11[e00000] [send] via NET/IBext/7
ip-0A230413:701:1432 [7] NCCL INFO Channel 00/0 : 4[e00000] -> 6[e00000] [send] via NET/IBext/7
ip-0A23041D:53015:53716 [7] NCCL INFO Channel 00/0 : 10[e00000] -> 12[e00000] [send] via NET/IBext/7
ip-0A230417:88025:88729 [7] NCCL INFO Channel 00/0 : 4[e00000] -> 6[e00000] [receive] via NET/IBext/7
ip-0A23040B:70719:71423 [7] NCCL INFO Channel 01/0 : 11[e00000] -> 13[e00000] [receive] via NET/IBext/7
ip-0A230414:51227:51926 [7] NCCL INFO Channel 01/0 : 3[e00000] -> 5[e00000] [receive] via NET/IBext/7
ip-0A23040F:16630:17327 [7] NCCL INFO Channel 01/0 : 3[e00000] -> 1[e00000] [receive] via NET/IBext/7
ip-0A23041A:46904:47603 [7] NCCL INFO Channel 01/0 : 11[e00000] -> 9[e00000] [receive] via NET/IBext/7
ip-0A230410:85651:86351 [7] NCCL INFO Channel 00/0 : 4[e00000] -> 2[e00000] [receive] via NET/IBext/7
ip-0A23041D:53015:53716 [7] NCCL INFO Channel 00/0 : 12[e00000] -> 10[e00000] [receive] via NET/IBext/7
ip-0A23040E:97531:98232 [7] NCCL INFO Channel 00/0 : 14[e00000] -> 12[e00000] [send] via NET/IBext/7
ip-0A230417:88025:88729 [7] NCCL INFO Channel 00/0 : 6[e00000] -> 4[e00000] [send] via NET/IBext/7
ip-0A23040B:70719:71423 [7] NCCL INFO Channel 01/0 : 13[e00000] -> 11[e00000] [send] via NET/IBext/7
ip-0A230414:51227:51926 [7] NCCL INFO Channel 01/0 : 5[e00000] -> 3[e00000] [send] via NET/IBext/7
ip-0A230405:49964:50661 [7] NCCL INFO Channel 01/0 : 7[e00000] -> 11[e00000] [receive] via NET/IBext/7
ip-0A230407:87518:88235 [7] NCCL INFO Channel 00/0 : 8[e00000] -> 12[e00000] [receive] via NET/IBext/7
ip-0A230412:55021:55722 [7] NCCL INFO Channel 01/0 : 3[e00000] -> 7[e00000] [send] via NET/IBext/7
ip-0A230413:701:1432 [7] NCCL INFO Channel 00/0 : 4[e00000] -> 8[e00000] [send] via NET/IBext/7
ip-0A230412:55021:55722 [7] NCCL INFO Channel 01/0 : 7[e00000] -> 3[e00000] [receive] via NET/IBext/7
ip-0A230413:701:1432 [7] NCCL INFO Channel 00/0 : 8[e00000] -> 4[e00000] [receive] via NET/IBext/7
ip-0A230405:49964:50661 [7] NCCL INFO Channel 01/0 : 11[e00000] -> 7[e00000] [send] via NET/IBext/7
ip-0A230407:87518:88235 [7] NCCL INFO Channel 00/0 : 12[e00000] -> 8[e00000] [send] via NET/IBext/7
ip-0A230406:43431:44125 [7] NCCL INFO Channel 01/0 : 15[e00000] -> 7[e00000] [receive] via NET/IBext/7
