ip-0A23040B:70722:71347 [2] sharp_plugin.c:288 NCCL WARN NET/IB :SHARP coll init error: Cannot create SHArP job(-11)

ip-0A23040B:70722:71347 [2] NCCL INFO include/coll_net.h:21 -> 3
ip-0A230417:88027:88654 [2] NCCL INFO Sharp rank 6/16 initialized on mlx5_ib2:1

ip-0A230417:88027:88654 [2] sharp_plugin.c:288 NCCL WARN NET/IB :SHARP coll init error: Cannot create SHArP job(-11)

ip-0A230417:88027:88654 [2] NCCL INFO include/coll_net.h:21 -> 3
ip-0A23040E:97535:98156 [2] NCCL INFO Sharp rank 14/16 initialized on mlx5_ib2:1

ip-0A23040E:97535:98156 [2] sharp_plugin.c:288 NCCL WARN NET/IB :SHARP coll init error: Cannot create SHArP job(-11)

ip-0A23040E:97535:98156 [2] NCCL INFO include/coll_net.h:21 -> 3
ip-0A230406:43427:44050 [2] NCCL INFO transport.cc:222 -> 2
ip-0A230410:85647:86276 [2] NCCL INFO transport.cc:222 -> 2

ip-0A230410:85647:86276 [2] transport.cc:253 NCCL WARN Cannot initialize CollNet, using point-to-point network instead
ip-0A230410:85647:86276 [2] NCCL INFO init.cc:765 -> 2
ip-0A230414:51230:51850 [2] NCCL INFO transport.cc:222 -> 2

ip-0A230414:51230:51850 [2] transport.cc:253 NCCL WARN Cannot initialize CollNet, using point-to-point network instead
ip-0A230414:51230:51850 [2] NCCL INFO init.cc:765 -> 2
ip-0A23040F:16626:17251 [2] NCCL INFO transport.cc:222 -> 2

ip-0A23040F:16626:17251 [2] transport.cc:253 NCCL WARN Cannot initialize CollNet, using point-to-point network instead
ip-0A23040F:16626:17251 [2] NCCL INFO init.cc:765 -> 2
ip-0A23041D:53014:53641 [2] NCCL INFO transport.cc:222 -> 2

ip-0A23041D:53014:53641 [2] transport.cc:253 NCCL WARN Cannot initialize CollNet, using point-to-point network instead
ip-0A23041D:53014:53641 [2] NCCL INFO init.cc:765 -> 2

ip-0A230406:43427:44050 [2] transport.cc:253 NCCL WARN Cannot initialize CollNet, using point-to-point network instead
ip-0A230406:43427:44050 [2] NCCL INFO init.cc:765 -> 2
ip-0A230410:85647:86276 [2] NCCL INFO threadThresholds 8/8/64 | 128/8/64 | 8/8/512
ip-0A230410:85647:86276 [2] NCCL INFO 2 coll channels, 2 p2p channels, 2 p2p channels per peer
ip-0A230414:51230:51850 [2] NCCL INFO threadThresholds 8/8/64 | 128/8/64 | 8/8/512
ip-0A230414:51230:51850 [2] NCCL INFO 2 coll channels, 2 p2p channels, 2 p2p channels per peer
ip-0A230412:55031:55645 [2] NCCL INFO transport.cc:222 -> 2

ip-0A230412:55031:55645 [2] transport.cc:253 NCCL WARN Cannot initialize CollNet, using point-to-point network instead
ip-0A230412:55031:55645 [2] NCCL INFO init.cc:765 -> 2
ip-0A23040F:16626:17251 [2] NCCL INFO threadThresholds 8/8/64 | 128/8/64 | 8/8/512
ip-0A23040F:16626:17251 [2] NCCL INFO 2 coll channels, 2 p2p channels, 2 p2p channels per peer
ip-0A23041D:53014:53641 [2] NCCL INFO threadThresholds 8/8/64 | 128/8/64 | 8/8/512
ip-0A23041D:53014:53641 [2] NCCL INFO 2 coll channels, 2 p2p channels, 2 p2p channels per peer
ip-0A230406:43427:44050 [2] NCCL INFO threadThresholds 8/8/64 | 128/8/64 | 8/8/512
ip-0A230412:55031:55645 [2] NCCL INFO threadThresholds 8/8/64 | 128/8/64 | 8/8/512
ip-0A230408:7278:7903 [2] NCCL INFO transport.cc:222 -> 2

ip-0A230408:7278:7903 [2] transport.cc:253 NCCL WARN Cannot initialize CollNet, using point-to-point network instead
ip-0A230406:43427:44050 [2] NCCL INFO 2 coll channels, 2 p2p channels, 2 p2p channels per peer
ip-0A230412:55031:55645 [2] NCCL INFO 2 coll channels, 2 p2p channels, 2 p2p channels per peer
ip-0A230408:7278:7903 [2] NCCL INFO init.cc:765 -> 2
ip-0A230407:87519:88148 [2] NCCL INFO transport.cc:222 -> 2

ip-0A230407:87519:88148 [2] transport.cc:253 NCCL WARN Cannot initialize CollNet, using point-to-point network instead
ip-0A230407:87519:88148 [2] NCCL INFO init.cc:765 -> 2
ip-0A230405:49965:50585 [2] NCCL INFO transport.cc:222 -> 2

ip-0A230405:49965:50585 [2] transport.cc:253 NCCL WARN Cannot initialize CollNet, using point-to-point network instead
ip-0A230405:49965:50585 [2] NCCL INFO init.cc:765 -> 2
ip-0A230408:7278:7903 [2] NCCL INFO threadThresholds 8/8/64 | 128/8/64 | 8/8/512
ip-0A23040C:96451:97153 [2] NCCL INFO Sharp rank 15/16 initialized on mlx5_ib2:1

ip-0A23040C:96451:97153 [2] sharp_plugin.c:288 NCCL WARN NET/IB :SHARP coll init error: Cannot create SHArP job(-11)

ip-0A23040C:96451:97153 [2] NCCL INFO include/coll_net.h:21 -> 3
ip-0A230413:699:1354 [2] NCCL INFO transport.cc:222 -> 2

ip-0A230413:699:1354 [2] transport.cc:253 NCCL WARN Cannot initialize CollNet, using point-to-point network instead
ip-0A230413:699:1354 [2] NCCL INFO init.cc:765 -> 2
ip-0A230407:87519:88148 [2] NCCL INFO threadThresholds 8/8/64 | 128/8/64 | 8/8/512
ip-0A230407:87519:88148 [2] NCCL INFO 2 coll channels, 2 p2p channels, 2 p2p channels per peer
ip-0A23040B:70722:71346 [2] NCCL INFO transport.cc:222 -> 2

ip-0A23040B:70722:71346 [2] transport.cc:253 NCCL WARN Cannot initialize CollNet, using point-to-point network instead
ip-0A23040B:70722:71346 [2] NCCL INFO init.cc:765 -> 2
ip-0A230405:49965:50585 [2] NCCL INFO threadThresholds 8/8/64 | 128/8/64 | 8/8/512
ip-0A230405:49965:50585 [2] NCCL INFO 2 coll channels, 2 p2p channels, 2 p2p channels per peer
ip-0A230408:7278:7903 [2] NCCL INFO 2 coll channels, 2 p2p channels, 2 p2p channels per peer
ip-0A230413:699:1354 [2] NCCL INFO threadThresholds 8/8/64 | 128/8/64 | 8/8/512
ip-0A230413:699:1354 [2] NCCL INFO 2 coll channels, 2 p2p channels, 2 p2p channels per peer
ip-0A230417:88027:88653 [2] NCCL INFO transport.cc:222 -> 2
ip-0A23040B:70722:71346 [2] NCCL INFO threadThresholds 8/8/64 | 128/8/64 | 8/8/512
ip-0A23040B:70722:71346 [2] NCCL INFO 2 coll channels, 2 p2p channels, 2 p2p channels per peer

ip-0A230417:88027:88653 [2] transport.cc:253 NCCL WARN Cannot initialize CollNet, using point-to-point network instead
ip-0A230417:88027:88653 [2] NCCL INFO init.cc:765 -> 2
ip-0A230417:88027:88653 [2] NCCL INFO threadThresholds 8/8/64 | 128/8/64 | 8/8/512
ip-0A230417:88027:88653 [2] NCCL INFO 2 coll channels, 2 p2p channels, 2 p2p channels per peer

ip-0A23041A:46902:47528 [2] transport.cc:253 NCCL WARN Cannot initialize CollNet, using point-to-point network instead
ip-0A23041A:46902:47528 [2] NCCL INFO init.cc:765 -> 2
ip-0A23041A:46902:47528 [2] NCCL INFO threadThresholds 8/8/64 | 128/8/64 | 8/8/512
ip-0A23041A:46902:47528 [2] NCCL INFO 2 coll channels, 2 p2p channels, 2 p2p channels per peer
ip-0A23040E:97535:98155 [2] NCCL INFO transport.cc:222 -> 2

ip-0A23040E:97535:98155 [2] transport.cc:253 NCCL WARN Cannot initialize CollNet, using point-to-point network instead
ip-0A23040E:97535:98155 [2] NCCL INFO init.cc:765 -> 2
ip-0A23040E:97535:98155 [2] NCCL INFO threadThresholds 8/8/64 | 128/8/64 | 8/8/512
ip-0A23040E:97535:98155 [2] NCCL INFO 2 coll channels, 2 p2p channels, 2 p2p channels per peer
ip-0A23040C:96451:97152 [2] NCCL INFO transport.cc:222 -> 2

ip-0A23040C:96451:97152 [2] transport.cc:253 NCCL WARN Cannot initialize CollNet, using point-to-point network instead
ip-0A23040C:96451:97152 [2] NCCL INFO init.cc:765 -> 2
ip-0A23040C:96451:97152 [2] NCCL INFO threadThresholds 8/8/64 | 128/8/64 | 8/8/512
ip-0A23040C:96451:97152 [2] NCCL INFO 2 coll channels, 2 p2p channels, 2 p2p channels per peer
ip-0A23041D:53014:53641 [2] NCCL INFO comm 0x15088c008fb0 rank 10 nranks 16 cudaDev 2 busId 300000 - Init COMPLETE
ip-0A23040F:16626:17251 [2] NCCL INFO comm 0x1490b8008fb0 rank 1 nranks 16 cudaDev 2 busId 300000 - Init COMPLETE
ip-0A23041A:46902:47528 [2] NCCL INFO comm 0x14ad70008fb0 rank 9 nranks 16 cudaDev 2 busId 300000 - Init COMPLETE
ip-0A230410:85647:86276 [2] NCCL INFO comm 0x151548008fb0 rank 2 nranks 16 cudaDev 2 busId 300000 - Init COMPLETE
ip-0A230414:51230:51850 [2] NCCL INFO comm 0x15057c008fb0 rank 5 nranks 16 cudaDev 2 busId 300000 - Init COMPLETE
ip-0A230417:88027:88653 [2] NCCL INFO comm 0x154fe4008fb0 rank 6 nranks 16 cudaDev 2 busId 300000 - Init COMPLETE
ip-0A23040E:97535:98155 [2] NCCL INFO comm 0x14605c008fb0 rank 14 nranks 16 cudaDev 2 busId 300000 - Init COMPLETE
ip-0A23040B:70722:71346 [2] NCCL INFO comm 0x147580008fb0 rank 13 nranks 16 cudaDev 2 busId 300000 - Init COMPLETE
ip-0A23040C:96451:97152 [2] NCCL INFO comm 0x14a268008fb0 rank 15 nranks 16 cudaDev 2 busId 300000 - Init COMPLETE
ip-0A230412:55031:55645 [2] NCCL INFO comm 0x149a10008fb0 rank 3 nranks 16 cudaDev 2 busId 300000 - Init COMPLETE
ip-0A230408:7278:7903 [2] NCCL INFO comm 0x146ae8008fb0 rank 8 nranks 16 cudaDev 2 busId 300000 - Init COMPLETE
ip-0A230407:87519:88148 [2] NCCL INFO comm 0x15288c008fb0 rank 12 nranks 16 cudaDev 2 busId 300000 - Init COMPLETE
ip-0A230413:699:1354 [2] NCCL INFO comm 0x14d064008fb0 rank 4 nranks 16 cudaDev 2 busId 300000 - Init COMPLETE
ip-0A230406:43427:44050 [2] NCCL INFO comm 0x148f04008fb0 rank 7 nranks 16 cudaDev 2 busId 300000 - Init COMPLETE
ip-0A230405:49965:50585 [2] NCCL INFO comm 0x151474008fb0 rank 11 nranks 16 cudaDev 2 busId 300000 - Init COMPLETE
ip-0A23040D:57036:57675 [2] NCCL INFO Sharp rank 0/16 initialized on mlx5_ib2:1

ip-0A23040D:57036:57675 [2] sharp_plugin.c:288 NCCL WARN NET/IB :SHARP coll init error: Cannot create SHArP job(-11)

ip-0A23040D:57036:57675 [2] NCCL INFO include/coll_net.h:21 -> 3
ip-0A23040D:57036:57674 [2] NCCL INFO transport.cc:222 -> 2

ip-0A23040D:57036:57674 [2] transport.cc:253 NCCL WARN Cannot initialize CollNet, using point-to-point network instead
ip-0A23040D:57036:57674 [2] NCCL INFO init.cc:765 -> 2
ip-0A23040D:57036:57674 [2] NCCL INFO threadThresholds 8/8/64 | 128/8/64 | 8/8/512
ip-0A23040D:57036:57674 [2] NCCL INFO 2 coll channels, 2 p2p channels, 2 p2p channels per peer
ip-0A23040D:57036:57674 [2] NCCL INFO comm 0x152f44008fb0 rank 0 nranks 16 cudaDev 2 busId 300000 - Init COMPLETE
ip-0A23040D:57036:57036 [2] NCCL INFO Launch mode Parallel
ip-0A23040D:57060:57060 [3] NCCL INFO Bootstrap : Using eth0:10.35.4.13<0>
ip-0A23040D:57060:57060 [3] NCCL INFO NET/Plugin: Failed to find ncclNetPlugin_v5 symbol.
ip-0A23040D:57060:57060 [3] NCCL INFO NET/Plugin: Failed to find ncclCollNetPlugin_v5 symbol.
ip-0A23040D:57060:57060 [3] NCCL INFO Plugin Path : /opt/hpcx/nccl_rdma_sharp_plugin/lib/libnccl-net.so
ip-0A23040D:57060:57060 [3] NCCL INFO P2P plugin IBext
ip-0A23040D:57060:57060 [3] NCCL INFO NCCL_IB_PCI_RELAXED_ORDERING set by environment to 1.
ip-0A23040D:57060:57060 [3] NCCL INFO NET/IB : Using [0]mlx5_ib0:1/IB/SHARP [1]mlx5_ib1:1/IB/SHARP [2]mlx5_ib2:1/IB/SHARP [3]mlx5_ib3:1/IB/SHARP [4]mlx5_ib4:1/IB/SHARP [5]mlx5_ib5:1/IB/SHARP [6]mlx5_ib6:1/IB/SHARP [7]mlx5_ib7:1/IB/SHARP ; OOB eth0:10.35.4.13<0>
ip-0A23040D:57060:57060 [3] NCCL INFO Using network IBext
NCCL version 2.12.10+cuda11.6
ip-0A230407:87522:87522 [3] NCCL INFO Bootstrap : Using eth0:10.35.4.7<0>
ip-0A23040E:97530:97530 [3] NCCL INFO Bootstrap : Using eth0:10.35.4.14<0>
ip-0A23041A:46908:46908 [3] NCCL INFO Bootstrap : Using eth0:10.35.4.26<0>
ip-0A23040C:96449:96449 [3] NCCL INFO Bootstrap : Using eth0:10.35.4.12<0>
ip-0A23040B:70724:70724 [3] NCCL INFO Bootstrap : Using eth0:10.35.4.11<0>
ip-0A230410:85677:85677 [3] NCCL INFO Bootstrap : Using eth0:10.35.4.16<0>
ip-0A230408:7275:7275 [3] NCCL INFO Bootstrap : Using eth0:10.35.4.8<0>
ip-0A230417:88029:88029 [3] NCCL INFO Bootstrap : Using eth0:10.35.4.23<0>
ip-0A230406:43426:43426 [3] NCCL INFO Bootstrap : Using eth0:10.35.4.6<0>
ip-0A230405:49961:49961 [3] NCCL INFO Bootstrap : Using eth0:10.35.4.5<0>
ip-0A230413:708:708 [3] NCCL INFO Bootstrap : Using eth0:10.35.4.19<0>
ip-0A230414:51223:51223 [3] NCCL INFO Bootstrap : Using eth0:10.35.4.20<0>
ip-0A230412:55024:55024 [3] NCCL INFO Bootstrap : Using eth0:10.35.4.18<0>
ip-0A23041D:53013:53013 [3] NCCL INFO Bootstrap : Using eth0:10.35.4.29<0>
ip-0A23040F:16628:16628 [3] NCCL INFO Bootstrap : Using eth0:10.35.4.15<0>
ip-0A23040C:96449:96449 [3] NCCL INFO NET/Plugin: Failed to find ncclNetPlugin_v5 symbol.
ip-0A23040C:96449:96449 [3] NCCL INFO NET/Plugin: Failed to find ncclCollNetPlugin_v5 symbol.
ip-0A23040C:96449:96449 [3] NCCL INFO Plugin Path : /opt/hpcx/nccl_rdma_sharp_plugin/lib/libnccl-net.so
ip-0A23040C:96449:96449 [3] NCCL INFO P2P plugin IBext
ip-0A23040C:96449:96449 [3] NCCL INFO NCCL_IB_PCI_RELAXED_ORDERING set by environment to 1.
ip-0A23041A:46908:46908 [3] NCCL INFO NET/Plugin: Failed to find ncclNetPlugin_v5 symbol.
ip-0A23041A:46908:46908 [3] NCCL INFO NET/Plugin: Failed to find ncclCollNetPlugin_v5 symbol.
ip-0A23041A:46908:46908 [3] NCCL INFO Plugin Path : /opt/hpcx/nccl_rdma_sharp_plugin/lib/libnccl-net.so
ip-0A23041A:46908:46908 [3] NCCL INFO P2P plugin IBext
ip-0A23041A:46908:46908 [3] NCCL INFO NCCL_IB_PCI_RELAXED_ORDERING set by environment to 1.
ip-0A23040E:97530:97530 [3] NCCL INFO NET/Plugin: Failed to find ncclNetPlugin_v5 symbol.
ip-0A23040E:97530:97530 [3] NCCL INFO NET/Plugin: Failed to find ncclCollNetPlugin_v5 symbol.
ip-0A230408:7275:7275 [3] NCCL INFO NET/Plugin: Failed to find ncclNetPlugin_v5 symbol.
ip-0A230408:7275:7275 [3] NCCL INFO NET/Plugin: Failed to find ncclCollNetPlugin_v5 symbol.
ip-0A230405:49961:49961 [3] NCCL INFO NET/Plugin: Failed to find ncclNetPlugin_v5 symbol.
ip-0A230405:49961:49961 [3] NCCL INFO NET/Plugin: Failed to find ncclCollNetPlugin_v5 symbol.
ip-0A23040E:97530:97530 [3] NCCL INFO Plugin Path : /opt/hpcx/nccl_rdma_sharp_plugin/lib/libnccl-net.so
ip-0A23040E:97530:97530 [3] NCCL INFO P2P plugin IBext
ip-0A23040E:97530:97530 [3] NCCL INFO NCCL_IB_PCI_RELAXED_ORDERING set by environment to 1.
ip-0A230408:7275:7275 [3] NCCL INFO Plugin Path : /opt/hpcx/nccl_rdma_sharp_plugin/lib/libnccl-net.so
ip-0A230408:7275:7275 [3] NCCL INFO P2P plugin IBext
ip-0A230408:7275:7275 [3] NCCL INFO NCCL_IB_PCI_RELAXED_ORDERING set by environment to 1.
ip-0A230407:87522:87522 [3] NCCL INFO NET/Plugin: Failed to find ncclNetPlugin_v5 symbol.
ip-0A230407:87522:87522 [3] NCCL INFO NET/Plugin: Failed to find ncclCollNetPlugin_v5 symbol.
ip-0A230405:49961:49961 [3] NCCL INFO Plugin Path : /opt/hpcx/nccl_rdma_sharp_plugin/lib/libnccl-net.so
ip-0A230405:49961:49961 [3] NCCL INFO P2P plugin IBext
ip-0A230405:49961:49961 [3] NCCL INFO NCCL_IB_PCI_RELAXED_ORDERING set by environment to 1.
ip-0A230407:87522:87522 [3] NCCL INFO Plugin Path : /opt/hpcx/nccl_rdma_sharp_plugin/lib/libnccl-net.so
ip-0A230407:87522:87522 [3] NCCL INFO P2P plugin IBext
ip-0A230407:87522:87522 [3] NCCL INFO NCCL_IB_PCI_RELAXED_ORDERING set by environment to 1.
ip-0A230410:85677:85677 [3] NCCL INFO NET/Plugin: Failed to find ncclNetPlugin_v5 symbol.
ip-0A230410:85677:85677 [3] NCCL INFO NET/Plugin: Failed to find ncclCollNetPlugin_v5 symbol.
ip-0A230406:43426:43426 [3] NCCL INFO NET/Plugin: Failed to find ncclNetPlugin_v5 symbol.
ip-0A230406:43426:43426 [3] NCCL INFO NET/Plugin: Failed to find ncclCollNetPlugin_v5 symbol.
ip-0A230410:85677:85677 [3] NCCL INFO Plugin Path : /opt/hpcx/nccl_rdma_sharp_plugin/lib/libnccl-net.so
ip-0A230410:85677:85677 [3] NCCL INFO P2P plugin IBext
ip-0A230410:85677:85677 [3] NCCL INFO NCCL_IB_PCI_RELAXED_ORDERING set by environment to 1.
ip-0A230413:708:708 [3] NCCL INFO NET/Plugin: Failed to find ncclNetPlugin_v5 symbol.
ip-0A230413:708:708 [3] NCCL INFO NET/Plugin: Failed to find ncclCollNetPlugin_v5 symbol.
ip-0A230413:708:708 [3] NCCL INFO Plugin Path : /opt/hpcx/nccl_rdma_sharp_plugin/lib/libnccl-net.so
ip-0A230413:708:708 [3] NCCL INFO P2P plugin IBext
ip-0A230413:708:708 [3] NCCL INFO NCCL_IB_PCI_RELAXED_ORDERING set by environment to 1.
ip-0A230406:43426:43426 [3] NCCL INFO Plugin Path : /opt/hpcx/nccl_rdma_sharp_plugin/lib/libnccl-net.so
ip-0A230406:43426:43426 [3] NCCL INFO P2P plugin IBext
ip-0A230406:43426:43426 [3] NCCL INFO NCCL_IB_PCI_RELAXED_ORDERING set by environment to 1.
ip-0A23041D:53013:53013 [3] NCCL INFO NET/Plugin: Failed to find ncclNetPlugin_v5 symbol.
ip-0A23041D:53013:53013 [3] NCCL INFO NET/Plugin: Failed to find ncclCollNetPlugin_v5 symbol.
ip-0A23041D:53013:53013 [3] NCCL INFO Plugin Path : /opt/hpcx/nccl_rdma_sharp_plugin/lib/libnccl-net.so
ip-0A23041D:53013:53013 [3] NCCL INFO P2P plugin IBext
ip-0A23041D:53013:53013 [3] NCCL INFO NCCL_IB_PCI_RELAXED_ORDERING set by environment to 1.
ip-0A230417:88029:88029 [3] NCCL INFO NET/Plugin: Failed to find ncclNetPlugin_v5 symbol.
ip-0A230417:88029:88029 [3] NCCL INFO NET/Plugin: Failed to find ncclCollNetPlugin_v5 symbol.
ip-0A230417:88029:88029 [3] NCCL INFO Plugin Path : /opt/hpcx/nccl_rdma_sharp_plugin/lib/libnccl-net.so
ip-0A230417:88029:88029 [3] NCCL INFO P2P plugin IBext
ip-0A230417:88029:88029 [3] NCCL INFO NCCL_IB_PCI_RELAXED_ORDERING set by environment to 1.
ip-0A23040B:70724:70724 [3] NCCL INFO NET/Plugin: Failed to find ncclNetPlugin_v5 symbol.
ip-0A23040B:70724:70724 [3] NCCL INFO NET/Plugin: Failed to find ncclCollNetPlugin_v5 symbol.
ip-0A23040B:70724:70724 [3] NCCL INFO Plugin Path : /opt/hpcx/nccl_rdma_sharp_plugin/lib/libnccl-net.so
ip-0A23040B:70724:70724 [3] NCCL INFO P2P plugin IBext
ip-0A23040B:70724:70724 [3] NCCL INFO NCCL_IB_PCI_RELAXED_ORDERING set by environment to 1.
ip-0A230414:51223:51223 [3] NCCL INFO NET/Plugin: Failed to find ncclNetPlugin_v5 symbol.
ip-0A230414:51223:51223 [3] NCCL INFO NET/Plugin: Failed to find ncclCollNetPlugin_v5 symbol.
ip-0A23040F:16628:16628 [3] NCCL INFO NET/Plugin: Failed to find ncclNetPlugin_v5 symbol.
ip-0A23040F:16628:16628 [3] NCCL INFO NET/Plugin: Failed to find ncclCollNetPlugin_v5 symbol.
ip-0A230414:51223:51223 [3] NCCL INFO Plugin Path : /opt/hpcx/nccl_rdma_sharp_plugin/lib/libnccl-net.so
ip-0A230414:51223:51223 [3] NCCL INFO P2P plugin IBext
ip-0A230414:51223:51223 [3] NCCL INFO NCCL_IB_PCI_RELAXED_ORDERING set by environment to 1.
ip-0A23040F:16628:16628 [3] NCCL INFO Plugin Path : /opt/hpcx/nccl_rdma_sharp_plugin/lib/libnccl-net.so
ip-0A23040F:16628:16628 [3] NCCL INFO P2P plugin IBext
ip-0A23040F:16628:16628 [3] NCCL INFO NCCL_IB_PCI_RELAXED_ORDERING set by environment to 1.
ip-0A230412:55024:55024 [3] NCCL INFO NET/Plugin: Failed to find ncclNetPlugin_v5 symbol.
ip-0A230412:55024:55024 [3] NCCL INFO NET/Plugin: Failed to find ncclCollNetPlugin_v5 symbol.
ip-0A230412:55024:55024 [3] NCCL INFO Plugin Path : /opt/hpcx/nccl_rdma_sharp_plugin/lib/libnccl-net.so
ip-0A230412:55024:55024 [3] NCCL INFO P2P plugin IBext
ip-0A230412:55024:55024 [3] NCCL INFO NCCL_IB_PCI_RELAXED_ORDERING set by environment to 1.
ip-0A230408:7275:7275 [3] NCCL INFO NET/IB : Using [0]mlx5_ib0:1/IB/SHARP [1]mlx5_ib1:1/IB/SHARP [2]mlx5_ib2:1/IB/SHARP [3]mlx5_ib3:1/IB/SHARP [4]mlx5_ib4:1/IB/SHARP [5]mlx5_ib5:1/IB/SHARP [6]mlx5_ib6:1/IB/SHARP [7]mlx5_ib7:1/IB/SHARP ; OOB eth0:10.35.4.8<0>
ip-0A230408:7275:7275 [3] NCCL INFO Using network IBext
ip-0A23040C:96449:96449 [3] NCCL INFO NET/IB : Using [0]mlx5_ib0:1/IB/SHARP [1]mlx5_ib1:1/IB/SHARP [2]mlx5_ib2:1/IB/SHARP [3]mlx5_ib3:1/IB/SHARP [4]mlx5_ib4:1/IB/SHARP [5]mlx5_ib5:1/IB/SHARP [6]mlx5_ib6:1/IB/SHARP [7]mlx5_ib7:1/IB/SHARP ; OOB eth0:10.35.4.12<0>
ip-0A23040C:96449:96449 [3] NCCL INFO Using network IBext
ip-0A23041A:46908:46908 [3] NCCL INFO NET/IB : Using [0]mlx5_ib0:1/IB/SHARP [1]mlx5_ib1:1/IB/SHARP [2]mlx5_ib2:1/IB/SHARP [3]mlx5_ib3:1/IB/SHARP [4]mlx5_ib4:1/IB/SHARP [5]mlx5_ib5:1/IB/SHARP [6]mlx5_ib6:1/IB/SHARP [7]mlx5_ib7:1/IB/SHARP ; OOB eth0:10.35.4.26<0>
ip-0A23041A:46908:46908 [3] NCCL INFO Using network IBext
ip-0A23040E:97530:97530 [3] NCCL INFO NET/IB : Using [0]mlx5_ib0:1/IB/SHARP [1]mlx5_ib1:1/IB/SHARP [2]mlx5_ib2:1/IB/SHARP [3]mlx5_ib3:1/IB/SHARP [4]mlx5_ib4:1/IB/SHARP [5]mlx5_ib5:1/IB/SHARP [6]mlx5_ib6:1/IB/SHARP [7]mlx5_ib7:1/IB/SHARP ; OOB eth0:10.35.4.14<0>
ip-0A23040E:97530:97530 [3] NCCL INFO Using network IBext
ip-0A230413:708:708 [3] NCCL INFO NET/IB : Using [0]mlx5_ib0:1/IB/SHARP [1]mlx5_ib1:1/IB/SHARP [2]mlx5_ib2:1/IB/SHARP [3]mlx5_ib3:1/IB/SHARP [4]mlx5_ib4:1/IB/SHARP [5]mlx5_ib5:1/IB/SHARP [6]mlx5_ib6:1/IB/SHARP [7]mlx5_ib7:1/IB/SHARP ; OOB eth0:10.35.4.19<0>
ip-0A230413:708:708 [3] NCCL INFO Using network IBext
ip-0A23041D:53013:53013 [3] NCCL INFO NET/IB : Using [0]mlx5_ib0:1/IB/SHARP [1]mlx5_ib1:1/IB/SHARP [2]mlx5_ib2:1/IB/SHARP [3]mlx5_ib3:1/IB/SHARP [4]mlx5_ib4:1/IB/SHARP [5]mlx5_ib5:1/IB/SHARP [6]mlx5_ib6:1/IB/SHARP [7]mlx5_ib7:1/IB/SHARP ; OOB eth0:10.35.4.29<0>
ip-0A23041D:53013:53013 [3] NCCL INFO Using network IBext
ip-0A230406:43426:43426 [3] NCCL INFO NET/IB : Using [0]mlx5_ib0:1/IB/SHARP [1]mlx5_ib1:1/IB/SHARP [2]mlx5_ib2:1/IB/SHARP [3]mlx5_ib3:1/IB/SHARP [4]mlx5_ib4:1/IB/SHARP [5]mlx5_ib5:1/IB/SHARP [6]mlx5_ib6:1/IB/SHARP [7]mlx5_ib7:1/IB/SHARP ; OOB eth0:10.35.4.6<0>
ip-0A230406:43426:43426 [3] NCCL INFO Using network IBext
ip-0A230407:87522:87522 [3] NCCL INFO NET/IB : Using [0]mlx5_ib0:1/IB/SHARP [1]mlx5_ib1:1/IB/SHARP [2]mlx5_ib2:1/IB/SHARP [3]mlx5_ib3:1/IB/SHARP [4]mlx5_ib4:1/IB/SHARP [5]mlx5_ib5:1/IB/SHARP [6]mlx5_ib6:1/IB/SHARP [7]mlx5_ib7:1/IB/SHARP ; OOB eth0:10.35.4.7<0>
ip-0A230405:49961:49961 [3] NCCL INFO NET/IB : Using [0]mlx5_ib0:1/IB/SHARP [1]mlx5_ib1:1/IB/SHARP [2]mlx5_ib2:1/IB/SHARP [3]mlx5_ib3:1/IB/SHARP [4]mlx5_ib4:1/IB/SHARP [5]mlx5_ib5:1/IB/SHARP [6]mlx5_ib6:1/IB/SHARP [7]mlx5_ib7:1/IB/SHARP ; OOB eth0:10.35.4.5<0>
ip-0A230405:49961:49961 [3] NCCL INFO Using network IBext
ip-0A230407:87522:87522 [3] NCCL INFO Using network IBext
ip-0A230410:85677:85677 [3] NCCL INFO NET/IB : Using [0]mlx5_ib0:1/IB/SHARP [1]mlx5_ib1:1/IB/SHARP [2]mlx5_ib2:1/IB/SHARP [3]mlx5_ib3:1/IB/SHARP [4]mlx5_ib4:1/IB/SHARP [5]mlx5_ib5:1/IB/SHARP [6]mlx5_ib6:1/IB/SHARP [7]mlx5_ib7:1/IB/SHARP ; OOB eth0:10.35.4.16<0>
ip-0A230410:85677:85677 [3] NCCL INFO Using network IBext
ip-0A230417:88029:88029 [3] NCCL INFO NET/IB : Using [0]mlx5_ib0:1/IB/SHARP [1]mlx5_ib1:1/IB/SHARP [2]mlx5_ib2:1/IB/SHARP [3]mlx5_ib3:1/IB/SHARP [4]mlx5_ib4:1/IB/SHARP [5]mlx5_ib5:1/IB/SHARP [6]mlx5_ib6:1/IB/SHARP [7]mlx5_ib7:1/IB/SHARP ; OOB eth0:10.35.4.23<0>
ip-0A230414:51223:51223 [3] NCCL INFO NET/IB : Using [0]mlx5_ib0:1/IB/SHARP [1]mlx5_ib1:1/IB/SHARP [2]mlx5_ib2:1/IB/SHARP [3]mlx5_ib3:1/IB/SHARP [4]mlx5_ib4:1/IB/SHARP [5]mlx5_ib5:1/IB/SHARP [6]mlx5_ib6:1/IB/SHARP [7]mlx5_ib7:1/IB/SHARP ; OOB eth0:10.35.4.20<0>
ip-0A23040B:70724:70724 [3] NCCL INFO NET/IB : Using [0]mlx5_ib0:1/IB/SHARP [1]mlx5_ib1:1/IB/SHARP [2]mlx5_ib2:1/IB/SHARP [3]mlx5_ib3:1/IB/SHARP [4]mlx5_ib4:1/IB/SHARP [5]mlx5_ib5:1/IB/SHARP [6]mlx5_ib6:1/IB/SHARP [7]mlx5_ib7:1/IB/SHARP ; OOB eth0:10.35.4.11<0>
ip-0A23040B:70724:70724 [3] NCCL INFO Using network IBext
ip-0A230417:88029:88029 [3] NCCL INFO Using network IBext
ip-0A230414:51223:51223 [3] NCCL INFO Using network IBext
ip-0A230412:55024:55024 [3] NCCL INFO NET/IB : Using [0]mlx5_ib0:1/IB/SHARP [1]mlx5_ib1:1/IB/SHARP [2]mlx5_ib2:1/IB/SHARP [3]mlx5_ib3:1/IB/SHARP [4]mlx5_ib4:1/IB/SHARP [5]mlx5_ib5:1/IB/SHARP [6]mlx5_ib6:1/IB/SHARP [7]mlx5_ib7:1/IB/SHARP ; OOB eth0:10.35.4.18<0>
ip-0A230412:55024:55024 [3] NCCL INFO Using network IBext
ip-0A23040F:16628:16628 [3] NCCL INFO NET/IB : Using [0]mlx5_ib0:1/IB/SHARP [1]mlx5_ib1:1/IB/SHARP [2]mlx5_ib2:1/IB/SHARP [3]mlx5_ib3:1/IB/SHARP [4]mlx5_ib4:1/IB/SHARP [5]mlx5_ib5:1/IB/SHARP [6]mlx5_ib6:1/IB/SHARP [7]mlx5_ib7:1/IB/SHARP ; OOB eth0:10.35.4.15<0>
ip-0A23040F:16628:16628 [3] NCCL INFO Using network IBext
ip-0A230413:708:1367 [3] NCCL INFO NCCL_P2P_LEVEL set by environment to LOC
ip-0A23040F:16628:17264 [3] NCCL INFO NCCL_P2P_LEVEL set by environment to LOC
ip-0A230414:51223:51864 [3] NCCL INFO NCCL_P2P_LEVEL set by environment to LOC
ip-0A230413:708:1367 [3] NCCL INFO PXN Disabled as plugin is v4
ip-0A23040F:16628:17264 [3] NCCL INFO PXN Disabled as plugin is v4
ip-0A23040E:97530:98169 [3] NCCL INFO NCCL_P2P_LEVEL set by environment to LOC
ip-0A230412:55024:55658 [3] NCCL INFO NCCL_P2P_LEVEL set by environment to LOC
ip-0A23040F:16628:17264 [3] NCCL INFO Setting affinity for GPU 3 to ffffff
ip-0A230413:708:1367 [3] NCCL INFO Setting affinity for GPU 3 to ffffff
ip-0A230414:51223:51864 [3] NCCL INFO PXN Disabled as plugin is v4
ip-0A23040F:16628:17264 [3] NCCL INFO NCCL_COLLNET_ENABLE set by environment to 1.
ip-0A23040E:97530:98169 [3] NCCL INFO PXN Disabled as plugin is v4
ip-0A230412:55024:55658 [3] NCCL INFO PXN Disabled as plugin is v4
ip-0A230413:708:1367 [3] NCCL INFO NCCL_COLLNET_ENABLE set by environment to 1.
ip-0A230414:51223:51864 [3] NCCL INFO Setting affinity for GPU 3 to ffffff
ip-0A230406:43426:44063 [3] NCCL INFO NCCL_P2P_LEVEL set by environment to LOC
ip-0A23040E:97530:98169 [3] NCCL INFO Setting affinity for GPU 3 to ffffff
ip-0A230412:55024:55658 [3] NCCL INFO Setting affinity for GPU 3 to ffffff
ip-0A230414:51223:51864 [3] NCCL INFO NCCL_COLLNET_ENABLE set by environment to 1.
ip-0A230407:87522:88162 [3] NCCL INFO NCCL_P2P_LEVEL set by environment to LOC
ip-0A23040E:97530:98169 [3] NCCL INFO NCCL_COLLNET_ENABLE set by environment to 1.
ip-0A230412:55024:55658 [3] NCCL INFO NCCL_COLLNET_ENABLE set by environment to 1.
ip-0A230406:43426:44063 [3] NCCL INFO PXN Disabled as plugin is v4
ip-0A23041D:53013:53654 [3] NCCL INFO NCCL_P2P_LEVEL set by environment to LOC
ip-0A230417:88029:88666 [3] NCCL INFO NCCL_P2P_LEVEL set by environment to LOC
ip-0A230407:87522:88162 [3] NCCL INFO PXN Disabled as plugin is v4
ip-0A230406:43426:44063 [3] NCCL INFO Setting affinity for GPU 3 to ffffff
ip-0A23041D:53013:53654 [3] NCCL INFO PXN Disabled as plugin is v4
ip-0A230407:87522:88162 [3] NCCL INFO Setting affinity for GPU 3 to ffffff
ip-0A230406:43426:44063 [3] NCCL INFO NCCL_COLLNET_ENABLE set by environment to 1.
ip-0A230417:88029:88666 [3] NCCL INFO PXN Disabled as plugin is v4
ip-0A230407:87522:88162 [3] NCCL INFO NCCL_COLLNET_ENABLE set by environment to 1.
ip-0A23041D:53013:53654 [3] NCCL INFO Setting affinity for GPU 3 to ffffff
ip-0A23040D:57060:57688 [3] NCCL INFO NCCL_P2P_LEVEL set by environment to LOC
ip-0A230417:88029:88666 [3] NCCL INFO Setting affinity for GPU 3 to ffffff
ip-0A23041D:53013:53654 [3] NCCL INFO NCCL_COLLNET_ENABLE set by environment to 1.
ip-0A230417:88029:88666 [3] NCCL INFO NCCL_COLLNET_ENABLE set by environment to 1.
ip-0A230410:85677:86290 [3] NCCL INFO NCCL_P2P_LEVEL set by environment to LOC
ip-0A23041A:46908:47541 [3] NCCL INFO NCCL_P2P_LEVEL set by environment to LOC
ip-0A23040D:57060:57688 [3] NCCL INFO PXN Disabled as plugin is v4
ip-0A230408:7275:7916 [3] NCCL INFO NCCL_P2P_LEVEL set by environment to LOC
ip-0A23040D:57060:57688 [3] NCCL INFO Setting affinity for GPU 3 to ffffff
ip-0A230410:85677:86290 [3] NCCL INFO PXN Disabled as plugin is v4
ip-0A23041A:46908:47541 [3] NCCL INFO PXN Disabled as plugin is v4
ip-0A230408:7275:7916 [3] NCCL INFO PXN Disabled as plugin is v4
ip-0A23040D:57060:57688 [3] NCCL INFO NCCL_COLLNET_ENABLE set by environment to 1.
ip-0A230410:85677:86290 [3] NCCL INFO Setting affinity for GPU 3 to ffffff
ip-0A23041A:46908:47541 [3] NCCL INFO Setting affinity for GPU 3 to ffffff
ip-0A230405:49961:50598 [3] NCCL INFO NCCL_P2P_LEVEL set by environment to LOC
ip-0A23040B:70724:71359 [3] NCCL INFO NCCL_P2P_LEVEL set by environment to LOC
ip-0A230408:7275:7916 [3] NCCL INFO Setting affinity for GPU 3 to ffffff
ip-0A230410:85677:86290 [3] NCCL INFO NCCL_COLLNET_ENABLE set by environment to 1.
ip-0A23041A:46908:47541 [3] NCCL INFO NCCL_COLLNET_ENABLE set by environment to 1.
ip-0A230408:7275:7916 [3] NCCL INFO NCCL_COLLNET_ENABLE set by environment to 1.
ip-0A230405:49961:50598 [3] NCCL INFO PXN Disabled as plugin is v4
ip-0A23040B:70724:71359 [3] NCCL INFO PXN Disabled as plugin is v4
ip-0A23040C:96449:97165 [3] NCCL INFO NCCL_P2P_LEVEL set by environment to LOC
ip-0A230405:49961:50598 [3] NCCL INFO Setting affinity for GPU 3 to ffffff
ip-0A23040B:70724:71359 [3] NCCL INFO Setting affinity for GPU 3 to ffffff
ip-0A23040B:70724:71359 [3] NCCL INFO NCCL_COLLNET_ENABLE set by environment to 1.
ip-0A230405:49961:50598 [3] NCCL INFO NCCL_COLLNET_ENABLE set by environment to 1.
ip-0A23040C:96449:97165 [3] NCCL INFO PXN Disabled as plugin is v4
ip-0A23040C:96449:97165 [3] NCCL INFO Setting affinity for GPU 3 to ffffff
ip-0A23040C:96449:97165 [3] NCCL INFO NCCL_COLLNET_ENABLE set by environment to 1.
ip-0A23040C:96449:97165 [3] NCCL INFO Trees [0] -1/-1/-1->15->14 [1] 7/-1/-1->15->-1
ip-0A23040D:57060:57688 [3] NCCL INFO Channel 00/02 :    0   1   2   3   4   5   6   7   8   9  10  11  12  13  14  15
ip-0A23040D:57060:57688 [3] NCCL INFO Channel 01/02 :    0   1   2   3   4   5   6   7   8   9  10  11  12  13  14  15
ip-0A23040D:57060:57688 [3] NCCL INFO Trees [0] 8/-1/-1->0->-1 [1] -1/-1/-1->0->1
ip-0A23040F:16628:17264 [3] NCCL INFO Trees [0] -1/-1/-1->1->2 [1] 2/0/-1->1->3
ip-0A230410:85677:86290 [3] NCCL INFO Trees [0] 1/3/-1->2->4 [1] -1/-1/-1->2->1
ip-0A230412:55024:55658 [3] NCCL INFO Trees [0] -1/-1/-1->3->2 [1] 5/1/-1->3->7
ip-0A230413:708:1367 [3] NCCL INFO Trees [0] 2/6/-1->4->8 [1] -1/-1/-1->4->5
ip-0A230414:51223:51864 [3] NCCL INFO Trees [0] -1/-1/-1->5->6 [1] 6/4/-1->5->3
ip-0A230417:88029:88666 [3] NCCL INFO Trees [0] 5/7/-1->6->4 [1] -1/-1/-1->6->5
ip-0A230406:43426:44063 [3] NCCL INFO Trees [0] -1/-1/-1->7->6 [1] 11/3/-1->7->15
ip-0A230408:7275:7916 [3] NCCL INFO Trees [0] 4/12/-1->8->0 [1] -1/-1/-1->8->9
ip-0A23041A:46908:47541 [3] NCCL INFO Trees [0] -1/-1/-1->9->10 [1] 10/8/-1->9->11
ip-0A23041D:53013:53654 [3] NCCL INFO Trees [0] 9/11/-1->10->12 [1] -1/-1/-1->10->9
ip-0A230405:49961:50598 [3] NCCL INFO Trees [0] -1/-1/-1->11->10 [1] 13/9/-1->11->7
ip-0A230407:87522:88162 [3] NCCL INFO Trees [0] 10/14/-1->12->8 [1] -1/-1/-1->12->13
ip-0A23040B:70724:71359 [3] NCCL INFO Trees [0] -1/-1/-1->13->14 [1] 14/12/-1->13->11
ip-0A23040E:97530:98169 [3] NCCL INFO Trees [0] 13/15/-1->14->12 [1] -1/-1/-1->14->13
ip-0A23040C:96449:97165 [3] NCCL INFO Channel 00/0 : 14[400000] -> 15[400000] [receive] via NET/IBext/3
ip-0A23040D:57060:57688 [3] NCCL INFO Channel 00/0 : 15[400000] -> 0[400000] [receive] via NET/IBext/3
ip-0A23040F:16628:17264 [3] NCCL INFO Channel 00/0 : 0[400000] -> 1[400000] [receive] via NET/IBext/3
ip-0A23040C:96449:97165 [3] NCCL INFO Channel 01/0 : 14[400000] -> 15[400000] [receive] via NET/IBext/3
ip-0A23040D:57060:57688 [3] NCCL INFO Channel 01/0 : 15[400000] -> 0[400000] [receive] via NET/IBext/3
ip-0A23040C:96449:97165 [3] NCCL INFO Channel 00/0 : 15[400000] -> 0[400000] [send] via NET/IBext/3
ip-0A23040C:96449:97165 [3] NCCL INFO Channel 01/0 : 15[400000] -> 0[400000] [send] via NET/IBext/3
ip-0A23040D:57060:57688 [3] NCCL INFO Channel 00/0 : 0[400000] -> 1[400000] [send] via NET/IBext/3
ip-0A23040D:57060:57688 [3] NCCL INFO Channel 01/0 : 0[400000] -> 1[400000] [send] via NET/IBext/3
ip-0A23040F:16628:17264 [3] NCCL INFO Channel 01/0 : 0[400000] -> 1[400000] [receive] via NET/IBext/3
ip-0A23040F:16628:17264 [3] NCCL INFO Channel 00/0 : 1[400000] -> 2[400000] [send] via NET/IBext/3
ip-0A230412:55024:55658 [3] NCCL INFO Channel 00/0 : 2[400000] -> 3[400000] [receive] via NET/IBext/3
ip-0A23040F:16628:17264 [3] NCCL INFO Channel 01/0 : 1[400000] -> 2[400000] [send] via NET/IBext/3
ip-0A230413:708:1367 [3] NCCL INFO Channel 00/0 : 3[400000] -> 4[400000] [receive] via NET/IBext/3
ip-0A230410:85677:86290 [3] NCCL INFO Channel 00/0 : 1[400000] -> 2[400000] [receive] via NET/IBext/3
ip-0A230412:55024:55658 [3] NCCL INFO Channel 01/0 : 2[400000] -> 3[400000] [receive] via NET/IBext/3
ip-0A230412:55024:55658 [3] NCCL INFO Channel 00/0 : 3[400000] -> 4[400000] [send] via NET/IBext/3
ip-0A230413:708:1367 [3] NCCL INFO Channel 01/0 : 3[400000] -> 4[400000] [receive] via NET/IBext/3
ip-0A230417:88029:88666 [3] NCCL INFO Channel 00/0 : 5[400000] -> 6[400000] [receive] via NET/IBext/3
ip-0A230410:85677:86290 [3] NCCL INFO Channel 01/0 : 1[400000] -> 2[400000] [receive] via NET/IBext/3
ip-0A230413:708:1367 [3] NCCL INFO Channel 00/0 : 4[400000] -> 5[400000] [send] via NET/IBext/3
ip-0A230410:85677:86290 [3] NCCL INFO Channel 00/0 : 2[400000] -> 3[400000] [send] via NET/IBext/3
ip-0A230412:55024:55658 [3] NCCL INFO Channel 01/0 : 3[400000] -> 4[400000] [send] via NET/IBext/3
ip-0A230413:708:1367 [3] NCCL INFO Channel 01/0 : 4[400000] -> 5[400000] [send] via NET/IBext/3
ip-0A230406:43426:44063 [3] NCCL INFO Channel 00/0 : 6[400000] -> 7[400000] [receive] via NET/IBext/3
ip-0A230414:51223:51864 [3] NCCL INFO Channel 00/0 : 4[400000] -> 5[400000] [receive] via NET/IBext/3
ip-0A230408:7275:7916 [3] NCCL INFO Channel 00/0 : 7[400000] -> 8[400000] [receive] via NET/IBext/3
ip-0A230417:88029:88666 [3] NCCL INFO Channel 01/0 : 5[400000] -> 6[400000] [receive] via NET/IBext/3
ip-0A230410:85677:86290 [3] NCCL INFO Channel 01/0 : 2[400000] -> 3[400000] [send] via NET/IBext/3
ip-0A230417:88029:88666 [3] NCCL INFO Channel 00/0 : 6[400000] -> 7[400000] [send] via NET/IBext/3
ip-0A230417:88029:88666 [3] NCCL INFO Channel 01/0 : 6[400000] -> 7[400000] [send] via NET/IBext/3
ip-0A230406:43426:44063 [3] NCCL INFO Channel 01/0 : 6[400000] -> 7[400000] [receive] via NET/IBext/3
ip-0A230408:7275:7916 [3] NCCL INFO Channel 01/0 : 7[400000] -> 8[400000] [receive] via NET/IBext/3
ip-0A230406:43426:44063 [3] NCCL INFO Channel 00/0 : 7[400000] -> 8[400000] [send] via NET/IBext/3
ip-0A230408:7275:7916 [3] NCCL INFO Channel 00/0 : 8[400000] -> 9[400000] [send] via NET/IBext/3
ip-0A230406:43426:44063 [3] NCCL INFO Channel 01/0 : 7[400000] -> 8[400000] [send] via NET/IBext/3
ip-0A230408:7275:7916 [3] NCCL INFO Channel 01/0 : 8[400000] -> 9[400000] [send] via NET/IBext/3
ip-0A23041A:46908:47541 [3] NCCL INFO Channel 00/0 : 8[400000] -> 9[400000] [receive] via NET/IBext/3
ip-0A230414:51223:51864 [3] NCCL INFO Channel 01/0 : 4[400000] -> 5[400000] [receive] via NET/IBext/3
ip-0A230414:51223:51864 [3] NCCL INFO Channel 00/0 : 5[400000] -> 6[400000] [send] via NET/IBext/3
ip-0A230414:51223:51864 [3] NCCL INFO Channel 01/0 : 5[400000] -> 6[400000] [send] via NET/IBext/3
ip-0A23041D:53013:53654 [3] NCCL INFO Channel 00/0 : 9[400000] -> 10[400000] [receive] via NET/IBext/3
ip-0A23041A:46908:47541 [3] NCCL INFO Channel 01/0 : 8[400000] -> 9[400000] [receive] via NET/IBext/3
ip-0A23041A:46908:47541 [3] NCCL INFO Channel 00/0 : 9[400000] -> 10[400000] [send] via NET/IBext/3
ip-0A230405:49961:50598 [3] NCCL INFO Channel 00/0 : 10[400000] -> 11[400000] [receive] via NET/IBext/3
ip-0A230407:87522:88162 [3] NCCL INFO Channel 00/0 : 11[400000] -> 12[400000] [receive] via NET/IBext/3
ip-0A23041D:53013:53654 [3] NCCL INFO Channel 01/0 : 9[400000] -> 10[400000] [receive] via NET/IBext/3
ip-0A23041D:53013:53654 [3] NCCL INFO Channel 00/0 : 10[400000] -> 11[400000] [send] via NET/IBext/3
ip-0A23041D:53013:53654 [3] NCCL INFO Channel 01/0 : 10[400000] -> 11[400000] [send] via NET/IBext/3
ip-0A23041A:46908:47541 [3] NCCL INFO Channel 01/0 : 9[400000] -> 10[400000] [send] via NET/IBext/3
ip-0A23040E:97530:98169 [3] NCCL INFO Channel 00/0 : 13[400000] -> 14[400000] [receive] via NET/IBext/3
ip-0A23040B:70724:71359 [3] NCCL INFO Channel 00/0 : 12[400000] -> 13[400000] [receive] via NET/IBext/3
ip-0A230405:49961:50598 [3] NCCL INFO Channel 01/0 : 10[400000] -> 11[400000] [receive] via NET/IBext/3
ip-0A230405:49961:50598 [3] NCCL INFO Channel 00/0 : 11[400000] -> 12[400000] [send] via NET/IBext/3
ip-0A230407:87522:88162 [3] NCCL INFO Channel 01/0 : 11[400000] -> 12[400000] [receive] via NET/IBext/3
ip-0A23040E:97530:98169 [3] NCCL INFO Channel 01/0 : 13[400000] -> 14[400000] [receive] via NET/IBext/3
ip-0A230407:87522:88162 [3] NCCL INFO Channel 00/0 : 12[400000] -> 13[400000] [send] via NET/IBext/3
ip-0A23040E:97530:98169 [3] NCCL INFO Channel 00/0 : 14[400000] -> 15[400000] [send] via NET/IBext/3
ip-0A230407:87522:88162 [3] NCCL INFO Channel 01/0 : 12[400000] -> 13[400000] [send] via NET/IBext/3
ip-0A23040B:70724:71359 [3] NCCL INFO Channel 01/0 : 12[400000] -> 13[400000] [receive] via NET/IBext/3
ip-0A230405:49961:50598 [3] NCCL INFO Channel 01/0 : 11[400000] -> 12[400000] [send] via NET/IBext/3
ip-0A23040B:70724:71359 [3] NCCL INFO Channel 00/0 : 13[400000] -> 14[400000] [send] via NET/IBext/3
ip-0A23040E:97530:98169 [3] NCCL INFO Channel 01/0 : 14[400000] -> 15[400000] [send] via NET/IBext/3
ip-0A23040B:70724:71359 [3] NCCL INFO Channel 01/0 : 13[400000] -> 14[400000] [send] via NET/IBext/3
ip-0A230412:55024:55658 [3] NCCL INFO Connected all rings
ip-0A23040C:96449:97165 [3] NCCL INFO Connected all rings
ip-0A23040D:57060:57688 [3] NCCL INFO Connected all rings
ip-0A230410:85677:86290 [3] NCCL INFO Connected all rings
ip-0A230413:708:1367 [3] NCCL INFO Connected all rings
ip-0A23040F:16628:17264 [3] NCCL INFO Connected all rings
ip-0A230414:51223:51864 [3] NCCL INFO Connected all rings
ip-0A230417:88029:88666 [3] NCCL INFO Connected all rings
ip-0A230406:43426:44063 [3] NCCL INFO Connected all rings
ip-0A230407:87522:88162 [3] NCCL INFO Connected all rings
ip-0A23040E:97530:98169 [3] NCCL INFO Connected all rings
ip-0A23041D:53013:53654 [3] NCCL INFO Connected all rings
ip-0A23040B:70724:71359 [3] NCCL INFO Connected all rings
ip-0A230405:49961:50598 [3] NCCL INFO Connected all rings
ip-0A230408:7275:7916 [3] NCCL INFO Connected all rings
ip-0A23041A:46908:47541 [3] NCCL INFO Connected all rings
ip-0A230414:51223:51864 [3] NCCL INFO Channel 01/0 : 3[400000] -> 5[400000] [receive] via NET/IBext/3
ip-0A23040F:16628:17264 [3] NCCL INFO Channel 01/0 : 1[400000] -> 3[400000] [send] via NET/IBext/3
ip-0A23040C:96449:97165 [3] NCCL INFO Channel 01/0 : 7[400000] -> 15[400000] [receive] via NET/IBext/3
ip-0A230412:55024:55658 [3] NCCL INFO Channel 01/0 : 1[400000] -> 3[400000] [receive] via NET/IBext/3
ip-0A23040C:96449:97165 [3] NCCL INFO Channel 01/0 : 15[400000] -> 7[400000] [send] via NET/IBext/3
ip-0A230412:55024:55658 [3] NCCL INFO Channel 01/0 : 3[400000] -> 5[400000] [send] via NET/IBext/3
ip-0A23041A:46908:47541 [3] NCCL INFO Channel 01/0 : 9[400000] -> 11[400000] [send] via NET/IBext/3
ip-0A23040D:57060:57688 [3] NCCL INFO Channel 00/0 : 8[400000] -> 0[400000] [receive] via NET/IBext/3
ip-0A23040D:57060:57688 [3] NCCL INFO Channel 00/0 : 0[400000] -> 8[400000] [send] via NET/IBext/3
ip-0A23040E:97530:98169 [3] NCCL INFO Channel 00/0 : 12[400000] -> 14[400000] [receive] via NET/IBext/3
ip-0A230408:7275:7916 [3] NCCL INFO Channel 00/0 : 4[400000] -> 8[400000] [receive] via NET/IBext/3
ip-0A230405:49961:50598 [3] NCCL INFO Channel 01/0 : 9[400000] -> 11[400000] [receive] via NET/IBext/3
ip-0A230407:87522:88162 [3] NCCL INFO Channel 00/0 : 10[400000] -> 12[400000] [receive] via NET/IBext/3
ip-0A230405:49961:50598 [3] NCCL INFO Channel 01/0 : 11[400000] -> 13[400000] [send] via NET/IBext/3
ip-0A230408:7275:7916 [3] NCCL INFO Channel 00/0 : 8[400000] -> 12[400000] [send] via NET/IBext/3
ip-0A230407:87522:88162 [3] NCCL INFO Channel 00/0 : 12[400000] -> 14[400000] [send] via NET/IBext/3
ip-0A230413:708:1367 [3] NCCL INFO Channel 00/0 : 2[400000] -> 4[400000] [receive] via NET/IBext/3
ip-0A230406:43426:44063 [3] NCCL INFO Channel 01/0 : 3[400000] -> 7[400000] [receive] via NET/IBext/3
ip-0A230413:708:1367 [3] NCCL INFO Channel 00/0 : 4[400000] -> 6[400000] [send] via NET/IBext/3
ip-0A23041D:53013:53654 [3] NCCL INFO Channel 00/0 : 10[400000] -> 12[400000] [send] via NET/IBext/3
ip-0A230406:43426:44063 [3] NCCL INFO Channel 01/0 : 7[400000] -> 11[400000] [send] via NET/IBext/3
ip-0A230417:88029:88666 [3] NCCL INFO Channel 00/0 : 4[400000] -> 6[400000] [receive] via NET/IBext/3
ip-0A23040B:70724:71359 [3] NCCL INFO Channel 01/0 : 11[400000] -> 13[400000] [receive] via NET/IBext/3
ip-0A230410:85677:86290 [3] NCCL INFO Channel 00/0 : 2[400000] -> 4[400000] [send] via NET/IBext/3
ip-0A23040F:16628:17264 [3] NCCL INFO Channel 01/0 : 3[400000] -> 1[400000] [receive] via NET/IBext/3
ip-0A23041A:46908:47541 [3] NCCL INFO Channel 01/0 : 11[400000] -> 9[400000] [receive] via NET/IBext/3
ip-0A23041D:53013:53654 [3] NCCL INFO Channel 00/0 : 12[400000] -> 10[400000] [receive] via NET/IBext/3
ip-0A230414:51223:51864 [3] NCCL INFO Channel 01/0 : 5[400000] -> 3[400000] [send] via NET/IBext/3
ip-0A23040B:70724:71359 [3] NCCL INFO Channel 01/0 : 13[400000] -> 11[400000] [send] via NET/IBext/3
ip-0A230410:85677:86290 [3] NCCL INFO Channel 00/0 : 4[400000] -> 2[400000] [receive] via NET/IBext/3
ip-0A230417:88029:88666 [3] NCCL INFO Channel 00/0 : 6[400000] -> 4[400000] [send] via NET/IBext/3
ip-0A23040E:97530:98169 [3] NCCL INFO Channel 00/0 : 14[400000] -> 12[400000] [send] via NET/IBext/3
ip-0A230412:55024:55658 [3] NCCL INFO Channel 01/0 : 3[400000] -> 7[400000] [send] via NET/IBext/3
ip-0A230407:87522:88162 [3] NCCL INFO Channel 00/0 : 8[400000] -> 12[400000] [receive] via NET/IBext/3
ip-0A230405:49961:50598 [3] NCCL INFO Channel 01/0 : 7[400000] -> 11[400000] [receive] via NET/IBext/3
ip-0A230413:708:1367 [3] NCCL INFO Channel 00/0 : 4[400000] -> 8[400000] [send] via NET/IBext/3
ip-0A230412:55024:55658 [3] NCCL INFO Channel 01/0 : 7[400000] -> 3[400000] [receive] via NET/IBext/3
ip-0A230413:708:1367 [3] NCCL INFO Channel 00/0 : 8[400000] -> 4[400000] [receive] via NET/IBext/3
ip-0A230405:49961:50598 [3] NCCL INFO Channel 01/0 : 11[400000] -> 7[400000] [send] via NET/IBext/3
ip-0A230407:87522:88162 [3] NCCL INFO Channel 00/0 : 12[400000] -> 8[400000] [send] via NET/IBext/3
ip-0A230408:7275:7916 [3] NCCL INFO Channel 00/0 : 0[400000] -> 8[400000] [receive] via NET/IBext/3
ip-0A230408:7275:7916 [3] NCCL INFO Channel 00/0 : 8[400000] -> 0[400000] [send] via NET/IBext/3
ip-0A230406:43426:44063 [3] NCCL INFO Channel 01/0 : 15[400000] -> 7[400000] [receive] via NET/IBext/3
ip-0A230406:43426:44063 [3] NCCL INFO Channel 01/0 : 7[400000] -> 15[400000] [send] via NET/IBext/3
ip-0A230408:7275:7916 [3] NCCL INFO Channel 00/0 : 12[400000] -> 8[400000] [receive] via NET/IBext/3
ip-0A230408:7275:7916 [3] NCCL INFO Channel 00/0 : 8[400000] -> 4[400000] [send] via NET/IBext/3
ip-0A23040C:96449:97165 [3] NCCL INFO Channel 00/0 : 15[400000] -> 14[400000] [send] via NET/IBext/3
ip-0A23040D:57060:57688 [3] NCCL INFO Channel 01/0 : 1[400000] -> 0[400000] [receive] via NET/IBext/3
ip-0A230406:43426:44063 [3] NCCL INFO Channel 01/0 : 11[400000] -> 7[400000] [receive] via NET/IBext/3
ip-0A230406:43426:44063 [3] NCCL INFO Channel 01/0 : 7[400000] -> 3[400000] [send] via NET/IBext/3
ip-0A230407:87522:88162 [3] NCCL INFO Channel 00/0 : 14[400000] -> 12[400000] [receive] via NET/IBext/3
ip-0A230407:87522:88162 [3] NCCL INFO Channel 00/0 : 12[400000] -> 10[400000] [send] via NET/IBext/3
ip-0A230413:708:1367 [3] NCCL INFO Channel 00/0 : 6[400000] -> 4[400000] [receive] via NET/IBext/3
ip-0A230413:708:1367 [3] NCCL INFO Channel 00/0 : 4[400000] -> 2[400000] [send] via NET/IBext/3
ip-0A230408:7275:7916 [3] NCCL INFO Channel 01/0 : 9[400000] -> 8[400000] [receive] via NET/IBext/3
ip-0A23040E:97530:98169 [3] NCCL INFO Channel 00/0 : 15[400000] -> 14[400000] [receive] via NET/IBext/3
ip-0A23040E:97530:98169 [3] NCCL INFO Channel 00/0 : 14[400000] -> 13[400000] [send] via NET/IBext/3
ip-0A23040E:97530:98169 [3] NCCL INFO Channel 01/0 : 14[400000] -> 13[400000] [send] via NET/IBext/3
ip-0A23040C:96449:97165 [3] NCCL INFO Connected all trees
ip-0A23040C:96449:97165 [3] NCCL INFO CollNet 00 : 15 [receive] via COLLNET/SHARP/3
ip-0A230405:49961:50598 [3] NCCL INFO Channel 01/0 : 13[400000] -> 11[400000] [receive] via NET/IBext/3
ip-0A230405:49961:50598 [3] NCCL INFO Channel 01/0 : 11[400000] -> 9[400000] [send] via NET/IBext/3
ip-0A230417:88029:88666 [3] NCCL INFO Channel 00/0 : 7[400000] -> 6[400000] [receive] via NET/IBext/3
ip-0A230412:55024:55658 [3] NCCL INFO Channel 01/0 : 5[400000] -> 3[400000] [receive] via NET/IBext/3
ip-0A230417:88029:88666 [3] NCCL INFO Channel 00/0 : 6[400000] -> 5[400000] [send] via NET/IBext/3
ip-0A230412:55024:55658 [3] NCCL INFO Channel 01/0 : 3[400000] -> 1[400000] [send] via NET/IBext/3
ip-0A230417:88029:88666 [3] NCCL INFO Channel 01/0 : 6[400000] -> 5[400000] [send] via NET/IBext/3
ip-0A230410:85677:86290 [3] NCCL INFO Channel 00/0 : 3[400000] -> 2[400000] [receive] via NET/IBext/3
ip-0A230406:43426:44063 [3] NCCL INFO Channel 00/0 : 7[400000] -> 6[400000] [send] via NET/IBext/3
ip-0A230410:85677:86290 [3] NCCL INFO Channel 00/0 : 2[400000] -> 1[400000] [send] via NET/IBext/3
ip-0A230410:85677:86290 [3] NCCL INFO Channel 01/0 : 2[400000] -> 1[400000] [send] via NET/IBext/3
ip-0A23041D:53013:53654 [3] NCCL INFO Channel 00/0 : 11[400000] -> 10[400000] [receive] via NET/IBext/3
ip-0A23041D:53013:53654 [3] NCCL INFO Channel 00/0 : 10[400000] -> 9[400000] [send] via NET/IBext/3
ip-0A23041D:53013:53654 [3] NCCL INFO Channel 01/0 : 10[400000] -> 9[400000] [send] via NET/IBext/3
ip-0A230407:87522:88162 [3] NCCL INFO Channel 01/0 : 13[400000] -> 12[400000] [receive] via NET/IBext/3
ip-0A230413:708:1367 [3] NCCL INFO Channel 01/0 : 5[400000] -> 4[400000] [receive] via NET/IBext/3
ip-0A230406:43426:44063 [3] NCCL INFO Connected all trees
ip-0A230406:43426:44063 [3] NCCL INFO CollNet 00 : 7 [receive] via COLLNET/SHARP/3
ip-0A23041A:46908:47541 [3] NCCL INFO Channel 00/0 : 10[400000] -> 9[400000] [receive] via NET/IBext/3
ip-0A23041A:46908:47541 [3] NCCL INFO Channel 01/0 : 10[400000] -> 9[400000] [receive] via NET/IBext/3
ip-0A23041A:46908:47541 [3] NCCL INFO Channel 01/0 : 9[400000] -> 8[400000] [send] via NET/IBext/3
ip-0A230405:49961:50598 [3] NCCL INFO Channel 00/0 : 11[400000] -> 10[400000] [send] via NET/IBext/3
ip-0A23040B:70724:71359 [3] NCCL INFO Channel 00/0 : 14[400000] -> 13[400000] [receive] via NET/IBext/3
ip-0A23040B:70724:71359 [3] NCCL INFO Channel 01/0 : 14[400000] -> 13[400000] [receive] via NET/IBext/3
ip-0A23040B:70724:71359 [3] NCCL INFO Channel 01/0 : 13[400000] -> 12[400000] [send] via NET/IBext/3
ip-0A230414:51223:51864 [3] NCCL INFO Channel 00/0 : 6[400000] -> 5[400000] [receive] via NET/IBext/3
ip-0A230414:51223:51864 [3] NCCL INFO Channel 01/0 : 6[400000] -> 5[400000] [receive] via NET/IBext/3
ip-0A230414:51223:51864 [3] NCCL INFO Channel 01/0 : 5[400000] -> 4[400000] [send] via NET/IBext/3
ip-0A230408:7275:7916 [3] NCCL INFO Connected all trees
ip-0A230408:7275:7916 [3] NCCL INFO CollNet 00 : 8 [receive] via COLLNET/SHARP/3
ip-0A23040F:16628:17264 [3] NCCL INFO Channel 00/0 : 2[400000] -> 1[400000] [receive] via NET/IBext/3
ip-0A23040F:16628:17264 [3] NCCL INFO Channel 01/0 : 2[400000] -> 1[400000] [receive] via NET/IBext/3
ip-0A23040F:16628:17264 [3] NCCL INFO Channel 01/0 : 1[400000] -> 0[400000] [send] via NET/IBext/3
ip-0A230405:49961:50598 [3] NCCL INFO Connected all trees
ip-0A230405:49961:50598 [3] NCCL INFO CollNet 00 : 11 [receive] via COLLNET/SHARP/3
ip-0A230412:55024:55658 [3] NCCL INFO Channel 00/0 : 3[400000] -> 2[400000] [send] via NET/IBext/3
ip-0A230407:87522:88162 [3] NCCL INFO Connected all trees
ip-0A230407:87522:88162 [3] NCCL INFO CollNet 00 : 12 [receive] via COLLNET/SHARP/3
ip-0A230412:55024:55658 [3] NCCL INFO Connected all trees
ip-0A230412:55024:55658 [3] NCCL INFO CollNet 00 : 3 [receive] via COLLNET/SHARP/3
ip-0A230413:708:1367 [3] NCCL INFO Connected all trees
ip-0A230413:708:1367 [3] NCCL INFO CollNet 00 : 4 [receive] via COLLNET/SHARP/3
ip-0A23041A:46908:47541 [3] NCCL INFO Connected all trees
ip-0A23040D:57060:57688 [3] NCCL INFO Connected all trees
ip-0A23040D:57060:57688 [3] NCCL INFO CollNet 00 : 0 [receive] via COLLNET/SHARP/3
ip-0A23041D:53013:53654 [3] NCCL INFO Connected all trees
ip-0A23040B:70724:71359 [3] NCCL INFO Connected all trees
ip-0A230417:88029:88666 [3] NCCL INFO Connected all trees
ip-0A230414:51223:51864 [3] NCCL INFO Connected all trees
ip-0A230410:85677:86290 [3] NCCL INFO Connected all trees
ip-0A23040E:97530:98169 [3] NCCL INFO Connected all trees
ip-0A23040F:16628:17264 [3] NCCL INFO Connected all trees
ip-0A23041A:46908:47541 [3] NCCL INFO CollNet 00 : 9 [receive] via COLLNET/SHARP/3
ip-0A23041D:53013:53654 [3] NCCL INFO CollNet 00 : 10 [receive] via COLLNET/SHARP/3
ip-0A23040B:70724:71359 [3] NCCL INFO CollNet 00 : 13 [receive] via COLLNET/SHARP/3
ip-0A230414:51223:51864 [3] NCCL INFO CollNet 00 : 5 [receive] via COLLNET/SHARP/3
ip-0A23040E:97530:98169 [3] NCCL INFO CollNet 00 : 14 [receive] via COLLNET/SHARP/3
ip-0A230410:85677:86290 [3] NCCL INFO CollNet 00 : 2 [receive] via COLLNET/SHARP/3
ip-0A230417:88029:88666 [3] NCCL INFO CollNet 00 : 6 [receive] via COLLNET/SHARP/3
ip-0A23040F:16628:17264 [3] NCCL INFO CollNet 00 : 1 [receive] via COLLNET/SHARP/3
ip-0A23040F:16628:17265 [3] NCCL INFO NCCL_SHARP_GROUP_SIZE_THRESH set by environment to 16.
ip-0A230410:85677:86291 [3] NCCL INFO NCCL_SHARP_GROUP_SIZE_THRESH set by environment to 16.
ip-0A230412:55024:55659 [3] NCCL INFO NCCL_SHARP_GROUP_SIZE_THRESH set by environment to 16.
ip-0A230413:708:1368 [3] NCCL INFO NCCL_SHARP_GROUP_SIZE_THRESH set by environment to 16.
ip-0A230414:51223:51865 [3] NCCL INFO NCCL_SHARP_GROUP_SIZE_THRESH set by environment to 16.
ip-0A230417:88029:88667 [3] NCCL INFO NCCL_SHARP_GROUP_SIZE_THRESH set by environment to 16.
ip-0A230406:43426:44064 [3] NCCL INFO NCCL_SHARP_GROUP_SIZE_THRESH set by environment to 16.
ip-0A230408:7275:7917 [3] NCCL INFO NCCL_SHARP_GROUP_SIZE_THRESH set by environment to 16.
ip-0A23041A:46908:47542 [3] NCCL INFO NCCL_SHARP_GROUP_SIZE_THRESH set by environment to 16.
ip-0A23041D:53013:53655 [3] NCCL INFO NCCL_SHARP_GROUP_SIZE_THRESH set by environment to 16.
ip-0A230405:49961:50600 [3] NCCL INFO NCCL_SHARP_GROUP_SIZE_THRESH set by environment to 16.
ip-0A230407:87522:88163 [3] NCCL INFO NCCL_SHARP_GROUP_SIZE_THRESH set by environment to 16.
ip-0A23040E:97530:98171 [3] NCCL INFO NCCL_SHARP_GROUP_SIZE_THRESH set by environment to 16.
ip-0A23040B:70724:71360 [3] NCCL INFO NCCL_SHARP_GROUP_SIZE_THRESH set by environment to 16.
ip-0A23040C:96449:97166 [3] NCCL INFO NCCL_SHARP_GROUP_SIZE_THRESH set by environment to 16.
ip-0A23040D:57060:57689 [3] NCCL INFO NCCL_SHARP_GROUP_SIZE_THRESH set by environment to 16.
[ip-0A23040D:0:57060 - context.c:584] INFO job (ID: 2524862834695232894) resource request quota: ( osts:0 user_data_per_ost:0 max_groups:0 max_qps:1 max_group_channels:1, num_trees:1)
[ip-0A23040D:0:57060 unique id 0] ERROR No Aggregation Manager (sharp_am) detected in sharp_create_job.

[ip-0A23040D:0:57060 - context.c:601] ERROR sharp_create_job failed: No Aggregation Manager (sharp_am) detected(-52)
ip-0A23041A:46908:47542 [3] NCCL INFO Sharp rank 9/16 initialized on mlx5_ib3:1

ip-0A23041A:46908:47542 [3] sharp_plugin.c:288 NCCL WARN NET/IB :SHARP coll init error: Cannot create SHArP job(-11)

ip-0A23041A:46908:47542 [3] NCCL INFO include/coll_net.h:21 -> 3
