ip-0A23041D:34094:34708 [1] NCCL INFO threadThresholds 8/8/64 | 128/8/64 | 8/8/512
ip-0A23041D:34094:34708 [1] NCCL INFO 2 coll channels, 2 p2p channels, 2 p2p channels per peer
ip-0A230405:31109:31724 [1] NCCL INFO threadThresholds 8/8/64 | 128/8/64 | 8/8/512
ip-0A230410:66495:67136 [1] NCCL INFO init.cc:765 -> 2
ip-0A230405:31109:31724 [1] NCCL INFO 2 coll channels, 2 p2p channels, 2 p2p channels per peer
ip-0A23040B:52267:52871 [1] NCCL INFO transport.cc:222 -> 2

ip-0A23040B:52267:52871 [1] transport.cc:253 NCCL WARN Cannot initialize CollNet, using point-to-point network instead
ip-0A23040B:52267:52871 [1] NCCL INFO init.cc:765 -> 2
ip-0A230412:35809:36419 [1] NCCL INFO transport.cc:222 -> 2

ip-0A230412:35809:36419 [1] transport.cc:253 NCCL WARN Cannot initialize CollNet, using point-to-point network instead
ip-0A230412:35809:36419 [1] NCCL INFO init.cc:765 -> 2
ip-0A23040C:77181:77784 [1] NCCL INFO transport.cc:222 -> 2

ip-0A23040C:77181:77784 [1] transport.cc:253 NCCL WARN Cannot initialize CollNet, using point-to-point network instead
ip-0A230410:66495:67136 [1] NCCL INFO threadThresholds 8/8/64 | 128/8/64 | 8/8/512
ip-0A230408:77926:78538 [1] NCCL INFO transport.cc:222 -> 2

ip-0A230408:77926:78538 [1] transport.cc:253 NCCL WARN Cannot initialize CollNet, using point-to-point network instead
ip-0A230408:77926:78538 [1] NCCL INFO init.cc:765 -> 2
ip-0A23041A:28391:29004 [1] NCCL INFO transport.cc:222 -> 2

ip-0A23041A:28391:29004 [1] transport.cc:253 NCCL WARN Cannot initialize CollNet, using point-to-point network instead
ip-0A23041A:28391:29004 [1] NCCL INFO init.cc:765 -> 2
ip-0A230407:68769:69381 [1] NCCL INFO transport.cc:222 -> 2
ip-0A23040B:52267:52871 [1] NCCL INFO threadThresholds 8/8/64 | 128/8/64 | 8/8/512
ip-0A230412:35809:36419 [1] NCCL INFO threadThresholds 8/8/64 | 128/8/64 | 8/8/512
ip-0A230412:35809:36419 [1] NCCL INFO 2 coll channels, 2 p2p channels, 2 p2p channels per peer
ip-0A23040C:77181:77784 [1] NCCL INFO init.cc:765 -> 2
ip-0A230410:66495:67136 [1] NCCL INFO 2 coll channels, 2 p2p channels, 2 p2p channels per peer
ip-0A230408:77926:78538 [1] NCCL INFO threadThresholds 8/8/64 | 128/8/64 | 8/8/512
ip-0A230408:77926:78538 [1] NCCL INFO 2 coll channels, 2 p2p channels, 2 p2p channels per peer
ip-0A23041A:28391:29004 [1] NCCL INFO threadThresholds 8/8/64 | 128/8/64 | 8/8/512
ip-0A23041A:28391:29004 [1] NCCL INFO 2 coll channels, 2 p2p channels, 2 p2p channels per peer

ip-0A230407:68769:69381 [1] transport.cc:253 NCCL WARN Cannot initialize CollNet, using point-to-point network instead
ip-0A230407:68769:69381 [1] NCCL INFO init.cc:765 -> 2
ip-0A23040B:52267:52871 [1] NCCL INFO 2 coll channels, 2 p2p channels, 2 p2p channels per peer
ip-0A23040F:95093:95696 [1] NCCL INFO transport.cc:222 -> 2

ip-0A23040F:95093:95696 [1] transport.cc:253 NCCL WARN Cannot initialize CollNet, using point-to-point network instead
ip-0A23040F:95093:95696 [1] NCCL INFO init.cc:765 -> 2
ip-0A230417:68919:69530 [1] NCCL INFO transport.cc:222 -> 2

ip-0A230417:68919:69530 [1] transport.cc:253 NCCL WARN Cannot initialize CollNet, using point-to-point network instead
ip-0A23040C:77181:77784 [1] NCCL INFO threadThresholds 8/8/64 | 128/8/64 | 8/8/512
ip-0A23040C:77181:77784 [1] NCCL INFO 2 coll channels, 2 p2p channels, 2 p2p channels per peer
ip-0A230406:16398:17010 [1] NCCL INFO transport.cc:222 -> 2
ip-0A230407:68769:69381 [1] NCCL INFO threadThresholds 8/8/64 | 128/8/64 | 8/8/512
ip-0A230407:68769:69381 [1] NCCL INFO 2 coll channels, 2 p2p channels, 2 p2p channels per peer
ip-0A23040F:95093:95696 [1] NCCL INFO threadThresholds 8/8/64 | 128/8/64 | 8/8/512
ip-0A230417:68919:69530 [1] NCCL INFO init.cc:765 -> 2
ip-0A23040E:78777:79392 [1] NCCL INFO transport.cc:222 -> 2

ip-0A23040E:78777:79392 [1] transport.cc:253 NCCL WARN Cannot initialize CollNet, using point-to-point network instead
ip-0A23040E:78777:79392 [1] NCCL INFO init.cc:765 -> 2

ip-0A230406:16398:17010 [1] transport.cc:253 NCCL WARN Cannot initialize CollNet, using point-to-point network instead
ip-0A23040F:95093:95696 [1] NCCL INFO 2 coll channels, 2 p2p channels, 2 p2p channels per peer
ip-0A230417:68919:69530 [1] NCCL INFO threadThresholds 8/8/64 | 128/8/64 | 8/8/512
ip-0A230417:68919:69530 [1] NCCL INFO 2 coll channels, 2 p2p channels, 2 p2p channels per peer
ip-0A23040E:78777:79392 [1] NCCL INFO threadThresholds 8/8/64 | 128/8/64 | 8/8/512
ip-0A23040E:78777:79392 [1] NCCL INFO 2 coll channels, 2 p2p channels, 2 p2p channels per peer
ip-0A230406:16398:17010 [1] NCCL INFO init.cc:765 -> 2
ip-0A230406:16398:17010 [1] NCCL INFO threadThresholds 8/8/64 | 128/8/64 | 8/8/512
ip-0A230406:16398:17010 [1] NCCL INFO 2 coll channels, 2 p2p channels, 2 p2p channels per peer
ip-0A230410:66495:67136 [1] NCCL INFO comm 0x146f1c008fb0 rank 2 nranks 16 cudaDev 1 busId 200000 - Init COMPLETE
ip-0A23041D:34094:34708 [1] NCCL INFO comm 0x14fbd0008fb0 rank 10 nranks 16 cudaDev 1 busId 200000 - Init COMPLETE
ip-0A230414:32795:33410 [1] NCCL INFO comm 0x152db8008fb0 rank 5 nranks 16 cudaDev 1 busId 200000 - Init COMPLETE
ip-0A23040B:52267:52871 [1] NCCL INFO comm 0x154974008fb0 rank 13 nranks 16 cudaDev 1 busId 200000 - Init COMPLETE
ip-0A23041A:28391:29004 [1] NCCL INFO comm 0x14a4d4008fb0 rank 9 nranks 16 cudaDev 1 busId 200000 - Init COMPLETE
ip-0A23040E:78777:79392 [1] NCCL INFO comm 0x147ec4008fb0 rank 14 nranks 16 cudaDev 1 busId 200000 - Init COMPLETE
ip-0A230417:68919:69530 [1] NCCL INFO comm 0x152c08008fb0 rank 6 nranks 16 cudaDev 1 busId 200000 - Init COMPLETE
ip-0A23040F:95093:95696 [1] NCCL INFO comm 0x146378008fb0 rank 1 nranks 16 cudaDev 1 busId 200000 - Init COMPLETE
ip-0A230407:68769:69381 [1] NCCL INFO comm 0x14b314008fb0 rank 12 nranks 16 cudaDev 1 busId 200000 - Init COMPLETE
ip-0A230413:79637:80240 [1] NCCL INFO comm 0x150374008fb0 rank 4 nranks 16 cudaDev 1 busId 200000 - Init COMPLETE
ip-0A23040C:77181:77784 [1] NCCL INFO comm 0x14d4d4008fb0 rank 15 nranks 16 cudaDev 1 busId 200000 - Init COMPLETE
ip-0A230412:35809:36419 [1] NCCL INFO comm 0x14bfb0008fb0 rank 3 nranks 16 cudaDev 1 busId 200000 - Init COMPLETE
ip-0A230405:31109:31724 [1] NCCL INFO comm 0x1520cc008fb0 rank 11 nranks 16 cudaDev 1 busId 200000 - Init COMPLETE
ip-0A230408:77926:78538 [1] NCCL INFO comm 0x14e308008fb0 rank 8 nranks 16 cudaDev 1 busId 200000 - Init COMPLETE
ip-0A230406:16398:17010 [1] NCCL INFO comm 0x14fce4008fb0 rank 7 nranks 16 cudaDev 1 busId 200000 - Init COMPLETE
ip-0A23040D:42178:42802 [1] NCCL INFO Sharp rank 0/16 initialized on mlx5_ib1:1

ip-0A23040D:42178:42802 [1] sharp_plugin.c:288 NCCL WARN NET/IB :SHARP coll init error: Cannot create SHArP job(-11)

ip-0A23040D:42178:42802 [1] NCCL INFO include/coll_net.h:21 -> 3
ip-0A23040D:42178:42801 [1] NCCL INFO transport.cc:222 -> 2

ip-0A23040D:42178:42801 [1] transport.cc:253 NCCL WARN Cannot initialize CollNet, using point-to-point network instead
ip-0A23040D:42178:42801 [1] NCCL INFO init.cc:765 -> 2
ip-0A23040D:42178:42801 [1] NCCL INFO threadThresholds 8/8/64 | 128/8/64 | 8/8/512
ip-0A23040D:42178:42801 [1] NCCL INFO 2 coll channels, 2 p2p channels, 2 p2p channels per peer
ip-0A23040D:42178:42801 [1] NCCL INFO comm 0x14569c008fb0 rank 0 nranks 16 cudaDev 1 busId 200000 - Init COMPLETE
ip-0A23040D:42178:42178 [1] NCCL INFO Launch mode Parallel
ip-0A23040D:42191:42191 [2] NCCL INFO Bootstrap : Using eth0:10.35.4.13<0>
ip-0A23040D:42191:42191 [2] NCCL INFO NET/Plugin: Failed to find ncclNetPlugin_v5 symbol.
ip-0A23040D:42191:42191 [2] NCCL INFO NET/Plugin: Failed to find ncclCollNetPlugin_v5 symbol.
ip-0A23040D:42191:42191 [2] NCCL INFO Plugin Path : /opt/hpcx/nccl_rdma_sharp_plugin/lib/libnccl-net.so
ip-0A23040D:42191:42191 [2] NCCL INFO P2P plugin IBext
ip-0A23040D:42191:42191 [2] NCCL INFO NCCL_IB_PCI_RELAXED_ORDERING set by environment to 1.
ip-0A23040D:42191:42191 [2] NCCL INFO NET/IB : Using [0]mlx5_ib0:1/IB/SHARP [1]mlx5_ib1:1/IB/SHARP [2]mlx5_ib2:1/IB/SHARP [3]mlx5_ib3:1/IB/SHARP [4]mlx5_ib4:1/IB/SHARP [5]mlx5_ib5:1/IB/SHARP [6]mlx5_ib6:1/IB/SHARP [7]mlx5_ib7:1/IB/SHARP ; OOB eth0:10.35.4.13<0>
ip-0A23040D:42191:42191 [2] NCCL INFO Using network IBext
NCCL version 2.12.10+cuda11.6
ip-0A230413:79633:79633 [2] NCCL INFO Bootstrap : Using eth0:10.35.4.19<0>
ip-0A230406:16391:16391 [2] NCCL INFO Bootstrap : Using eth0:10.35.4.6<0>
ip-0A23041A:28395:28395 [2] NCCL INFO Bootstrap : Using eth0:10.35.4.26<0>
ip-0A230414:32794:32794 [2] NCCL INFO Bootstrap : Using eth0:10.35.4.20<0>
ip-0A230407:68772:68772 [2] NCCL INFO Bootstrap : Using eth0:10.35.4.7<0>
ip-0A230405:31110:31110 [2] NCCL INFO Bootstrap : Using eth0:10.35.4.5<0>
ip-0A23040C:77183:77183 [2] NCCL INFO Bootstrap : Using eth0:10.35.4.12<0>
ip-0A23040B:52250:52250 [2] NCCL INFO Bootstrap : Using eth0:10.35.4.11<0>
ip-0A230412:35803:35803 [2] NCCL INFO Bootstrap : Using eth0:10.35.4.18<0>
ip-0A23040E:78778:78778 [2] NCCL INFO Bootstrap : Using eth0:10.35.4.14<0>
ip-0A230408:77927:77927 [2] NCCL INFO Bootstrap : Using eth0:10.35.4.8<0>
ip-0A230410:66494:66494 [2] NCCL INFO Bootstrap : Using eth0:10.35.4.16<0>
ip-0A230417:68913:68913 [2] NCCL INFO Bootstrap : Using eth0:10.35.4.23<0>
ip-0A23040F:95088:95088 [2] NCCL INFO Bootstrap : Using eth0:10.35.4.15<0>
ip-0A23041D:34093:34093 [2] NCCL INFO Bootstrap : Using eth0:10.35.4.29<0>
ip-0A230405:31110:31110 [2] NCCL INFO NET/Plugin: Failed to find ncclNetPlugin_v5 symbol.
ip-0A230405:31110:31110 [2] NCCL INFO NET/Plugin: Failed to find ncclCollNetPlugin_v5 symbol.
ip-0A230406:16391:16391 [2] NCCL INFO NET/Plugin: Failed to find ncclNetPlugin_v5 symbol.
ip-0A230406:16391:16391 [2] NCCL INFO NET/Plugin: Failed to find ncclCollNetPlugin_v5 symbol.
ip-0A23040E:78778:78778 [2] NCCL INFO NET/Plugin: Failed to find ncclNetPlugin_v5 symbol.
ip-0A23040E:78778:78778 [2] NCCL INFO NET/Plugin: Failed to find ncclCollNetPlugin_v5 symbol.
ip-0A230405:31110:31110 [2] NCCL INFO Plugin Path : /opt/hpcx/nccl_rdma_sharp_plugin/lib/libnccl-net.so
ip-0A230405:31110:31110 [2] NCCL INFO P2P plugin IBext
ip-0A230405:31110:31110 [2] NCCL INFO NCCL_IB_PCI_RELAXED_ORDERING set by environment to 1.
ip-0A230406:16391:16391 [2] NCCL INFO Plugin Path : /opt/hpcx/nccl_rdma_sharp_plugin/lib/libnccl-net.so
ip-0A23040E:78778:78778 [2] NCCL INFO Plugin Path : /opt/hpcx/nccl_rdma_sharp_plugin/lib/libnccl-net.so
ip-0A23040E:78778:78778 [2] NCCL INFO P2P plugin IBext
ip-0A230406:16391:16391 [2] NCCL INFO P2P plugin IBext
ip-0A230406:16391:16391 [2] NCCL INFO NCCL_IB_PCI_RELAXED_ORDERING set by environment to 1.
ip-0A23040E:78778:78778 [2] NCCL INFO NCCL_IB_PCI_RELAXED_ORDERING set by environment to 1.
ip-0A230407:68772:68772 [2] NCCL INFO NET/Plugin: Failed to find ncclNetPlugin_v5 symbol.
ip-0A230407:68772:68772 [2] NCCL INFO NET/Plugin: Failed to find ncclCollNetPlugin_v5 symbol.
ip-0A230407:68772:68772 [2] NCCL INFO Plugin Path : /opt/hpcx/nccl_rdma_sharp_plugin/lib/libnccl-net.so
ip-0A230407:68772:68772 [2] NCCL INFO P2P plugin IBext
ip-0A230407:68772:68772 [2] NCCL INFO NCCL_IB_PCI_RELAXED_ORDERING set by environment to 1.
ip-0A230413:79633:79633 [2] NCCL INFO NET/Plugin: Failed to find ncclNetPlugin_v5 symbol.
ip-0A230413:79633:79633 [2] NCCL INFO NET/Plugin: Failed to find ncclCollNetPlugin_v5 symbol.
ip-0A230413:79633:79633 [2] NCCL INFO Plugin Path : /opt/hpcx/nccl_rdma_sharp_plugin/lib/libnccl-net.so
ip-0A230413:79633:79633 [2] NCCL INFO P2P plugin IBext
ip-0A230413:79633:79633 [2] NCCL INFO NCCL_IB_PCI_RELAXED_ORDERING set by environment to 1.
ip-0A23040B:52250:52250 [2] NCCL INFO NET/Plugin: Failed to find ncclNetPlugin_v5 symbol.
ip-0A23040B:52250:52250 [2] NCCL INFO NET/Plugin: Failed to find ncclCollNetPlugin_v5 symbol.
ip-0A23040B:52250:52250 [2] NCCL INFO Plugin Path : /opt/hpcx/nccl_rdma_sharp_plugin/lib/libnccl-net.so
ip-0A23040B:52250:52250 [2] NCCL INFO P2P plugin IBext
ip-0A23040B:52250:52250 [2] NCCL INFO NCCL_IB_PCI_RELAXED_ORDERING set by environment to 1.
ip-0A23041A:28395:28395 [2] NCCL INFO NET/Plugin: Failed to find ncclNetPlugin_v5 symbol.
ip-0A23041A:28395:28395 [2] NCCL INFO NET/Plugin: Failed to find ncclCollNetPlugin_v5 symbol.
ip-0A230414:32794:32794 [2] NCCL INFO NET/Plugin: Failed to find ncclNetPlugin_v5 symbol.
ip-0A230414:32794:32794 [2] NCCL INFO NET/Plugin: Failed to find ncclCollNetPlugin_v5 symbol.
ip-0A23040C:77183:77183 [2] NCCL INFO NET/Plugin: Failed to find ncclNetPlugin_v5 symbol.
ip-0A23040C:77183:77183 [2] NCCL INFO NET/Plugin: Failed to find ncclCollNetPlugin_v5 symbol.
ip-0A230414:32794:32794 [2] NCCL INFO Plugin Path : /opt/hpcx/nccl_rdma_sharp_plugin/lib/libnccl-net.so
ip-0A23040C:77183:77183 [2] NCCL INFO Plugin Path : /opt/hpcx/nccl_rdma_sharp_plugin/lib/libnccl-net.so
ip-0A23040C:77183:77183 [2] NCCL INFO P2P plugin IBext
ip-0A23040C:77183:77183 [2] NCCL INFO NCCL_IB_PCI_RELAXED_ORDERING set by environment to 1.
ip-0A23041A:28395:28395 [2] NCCL INFO Plugin Path : /opt/hpcx/nccl_rdma_sharp_plugin/lib/libnccl-net.so
ip-0A23041A:28395:28395 [2] NCCL INFO P2P plugin IBext
ip-0A23041A:28395:28395 [2] NCCL INFO NCCL_IB_PCI_RELAXED_ORDERING set by environment to 1.
ip-0A230414:32794:32794 [2] NCCL INFO P2P plugin IBext
ip-0A230414:32794:32794 [2] NCCL INFO NCCL_IB_PCI_RELAXED_ORDERING set by environment to 1.
ip-0A230412:35803:35803 [2] NCCL INFO NET/Plugin: Failed to find ncclNetPlugin_v5 symbol.
ip-0A230412:35803:35803 [2] NCCL INFO NET/Plugin: Failed to find ncclCollNetPlugin_v5 symbol.
ip-0A230412:35803:35803 [2] NCCL INFO Plugin Path : /opt/hpcx/nccl_rdma_sharp_plugin/lib/libnccl-net.so
ip-0A230412:35803:35803 [2] NCCL INFO P2P plugin IBext
ip-0A230412:35803:35803 [2] NCCL INFO NCCL_IB_PCI_RELAXED_ORDERING set by environment to 1.
ip-0A230410:66494:66494 [2] NCCL INFO NET/Plugin: Failed to find ncclNetPlugin_v5 symbol.
ip-0A230410:66494:66494 [2] NCCL INFO NET/Plugin: Failed to find ncclCollNetPlugin_v5 symbol.
ip-0A230408:77927:77927 [2] NCCL INFO NET/Plugin: Failed to find ncclNetPlugin_v5 symbol.
ip-0A230408:77927:77927 [2] NCCL INFO NET/Plugin: Failed to find ncclCollNetPlugin_v5 symbol.
ip-0A230408:77927:77927 [2] NCCL INFO Plugin Path : /opt/hpcx/nccl_rdma_sharp_plugin/lib/libnccl-net.so
ip-0A230408:77927:77927 [2] NCCL INFO P2P plugin IBext
ip-0A230408:77927:77927 [2] NCCL INFO NCCL_IB_PCI_RELAXED_ORDERING set by environment to 1.
ip-0A230410:66494:66494 [2] NCCL INFO Plugin Path : /opt/hpcx/nccl_rdma_sharp_plugin/lib/libnccl-net.so
ip-0A230410:66494:66494 [2] NCCL INFO P2P plugin IBext
ip-0A230410:66494:66494 [2] NCCL INFO NCCL_IB_PCI_RELAXED_ORDERING set by environment to 1.
ip-0A230417:68913:68913 [2] NCCL INFO NET/Plugin: Failed to find ncclNetPlugin_v5 symbol.
ip-0A230417:68913:68913 [2] NCCL INFO NET/Plugin: Failed to find ncclCollNetPlugin_v5 symbol.
ip-0A230417:68913:68913 [2] NCCL INFO Plugin Path : /opt/hpcx/nccl_rdma_sharp_plugin/lib/libnccl-net.so
ip-0A230417:68913:68913 [2] NCCL INFO P2P plugin IBext
ip-0A230417:68913:68913 [2] NCCL INFO NCCL_IB_PCI_RELAXED_ORDERING set by environment to 1.
ip-0A23040F:95088:95088 [2] NCCL INFO NET/Plugin: Failed to find ncclNetPlugin_v5 symbol.
ip-0A23040F:95088:95088 [2] NCCL INFO NET/Plugin: Failed to find ncclCollNetPlugin_v5 symbol.
ip-0A23040F:95088:95088 [2] NCCL INFO Plugin Path : /opt/hpcx/nccl_rdma_sharp_plugin/lib/libnccl-net.so
ip-0A23040F:95088:95088 [2] NCCL INFO P2P plugin IBext
ip-0A23040F:95088:95088 [2] NCCL INFO NCCL_IB_PCI_RELAXED_ORDERING set by environment to 1.
ip-0A23041D:34093:34093 [2] NCCL INFO NET/Plugin: Failed to find ncclNetPlugin_v5 symbol.
ip-0A23041D:34093:34093 [2] NCCL INFO NET/Plugin: Failed to find ncclCollNetPlugin_v5 symbol.
ip-0A23041D:34093:34093 [2] NCCL INFO Plugin Path : /opt/hpcx/nccl_rdma_sharp_plugin/lib/libnccl-net.so
ip-0A23041D:34093:34093 [2] NCCL INFO P2P plugin IBext
ip-0A23041D:34093:34093 [2] NCCL INFO NCCL_IB_PCI_RELAXED_ORDERING set by environment to 1.
ip-0A230407:68772:68772 [2] NCCL INFO NET/IB : Using [0]mlx5_ib0:1/IB/SHARP [1]mlx5_ib1:1/IB/SHARP [2]mlx5_ib2:1/IB/SHARP [3]mlx5_ib3:1/IB/SHARP [4]mlx5_ib4:1/IB/SHARP [5]mlx5_ib5:1/IB/SHARP [6]mlx5_ib6:1/IB/SHARP [7]mlx5_ib7:1/IB/SHARP ; OOB eth0:10.35.4.7<0>
ip-0A230407:68772:68772 [2] NCCL INFO Using network IBext
ip-0A230406:16391:16391 [2] NCCL INFO NET/IB : Using [0]mlx5_ib0:1/IB/SHARP [1]mlx5_ib1:1/IB/SHARP [2]mlx5_ib2:1/IB/SHARP [3]mlx5_ib3:1/IB/SHARP [4]mlx5_ib4:1/IB/SHARP [5]mlx5_ib5:1/IB/SHARP [6]mlx5_ib6:1/IB/SHARP [7]mlx5_ib7:1/IB/SHARP ; OOB eth0:10.35.4.6<0>
ip-0A230406:16391:16391 [2] NCCL INFO Using network IBext
ip-0A230413:79633:79633 [2] NCCL INFO NET/IB : Using [0]mlx5_ib0:1/IB/SHARP [1]mlx5_ib1:1/IB/SHARP [2]mlx5_ib2:1/IB/SHARP [3]mlx5_ib3:1/IB/SHARP [4]mlx5_ib4:1/IB/SHARP [5]mlx5_ib5:1/IB/SHARP [6]mlx5_ib6:1/IB/SHARP [7]mlx5_ib7:1/IB/SHARP ; OOB eth0:10.35.4.19<0>
ip-0A230413:79633:79633 [2] NCCL INFO Using network IBext
ip-0A230408:77927:77927 [2] NCCL INFO NET/IB : Using [0]mlx5_ib0:1/IB/SHARP [1]mlx5_ib1:1/IB/SHARP [2]mlx5_ib2:1/IB/SHARP [3]mlx5_ib3:1/IB/SHARP [4]mlx5_ib4:1/IB/SHARP [5]mlx5_ib5:1/IB/SHARP [6]mlx5_ib6:1/IB/SHARP [7]mlx5_ib7:1/IB/SHARP ; OOB eth0:10.35.4.8<0>
ip-0A230408:77927:77927 [2] NCCL INFO Using network IBext
ip-0A230405:31110:31110 [2] NCCL INFO NET/IB : Using [0]mlx5_ib0:1/IB/SHARP [1]mlx5_ib1:1/IB/SHARP [2]mlx5_ib2:1/IB/SHARP [3]mlx5_ib3:1/IB/SHARP [4]mlx5_ib4:1/IB/SHARP [5]mlx5_ib5:1/IB/SHARP [6]mlx5_ib6:1/IB/SHARP [7]mlx5_ib7:1/IB/SHARP ; OOB eth0:10.35.4.5<0>
ip-0A230405:31110:31110 [2] NCCL INFO Using network IBext
ip-0A23040E:78778:78778 [2] NCCL INFO NET/IB : Using [0]mlx5_ib0:1/IB/SHARP [1]mlx5_ib1:1/IB/SHARP [2]mlx5_ib2:1/IB/SHARP [3]mlx5_ib3:1/IB/SHARP [4]mlx5_ib4:1/IB/SHARP [5]mlx5_ib5:1/IB/SHARP [6]mlx5_ib6:1/IB/SHARP [7]mlx5_ib7:1/IB/SHARP ; OOB eth0:10.35.4.14<0>
ip-0A23040E:78778:78778 [2] NCCL INFO Using network IBext
ip-0A23041A:28395:28395 [2] NCCL INFO NET/IB : Using [0]mlx5_ib0:1/IB/SHARP [1]mlx5_ib1:1/IB/SHARP [2]mlx5_ib2:1/IB/SHARP [3]mlx5_ib3:1/IB/SHARP [4]mlx5_ib4:1/IB/SHARP [5]mlx5_ib5:1/IB/SHARP [6]mlx5_ib6:1/IB/SHARP [7]mlx5_ib7:1/IB/SHARP ; OOB eth0:10.35.4.26<0>
ip-0A23041A:28395:28395 [2] NCCL INFO Using network IBext
ip-0A23040B:52250:52250 [2] NCCL INFO NET/IB : Using [0]mlx5_ib0:1/IB/SHARP [1]mlx5_ib1:1/IB/SHARP [2]mlx5_ib2:1/IB/SHARP [3]mlx5_ib3:1/IB/SHARP [4]mlx5_ib4:1/IB/SHARP [5]mlx5_ib5:1/IB/SHARP [6]mlx5_ib6:1/IB/SHARP [7]mlx5_ib7:1/IB/SHARP ; OOB eth0:10.35.4.11<0>
ip-0A23040B:52250:52250 [2] NCCL INFO Using network IBext
ip-0A230414:32794:32794 [2] NCCL INFO NET/IB : Using [0]mlx5_ib0:1/IB/SHARP [1]mlx5_ib1:1/IB/SHARP [2]mlx5_ib2:1/IB/SHARP [3]mlx5_ib3:1/IB/SHARP [4]mlx5_ib4:1/IB/SHARP [5]mlx5_ib5:1/IB/SHARP [6]mlx5_ib6:1/IB/SHARP [7]mlx5_ib7:1/IB/SHARP ; OOB eth0:10.35.4.20<0>
ip-0A230414:32794:32794 [2] NCCL INFO Using network IBext
ip-0A230412:35803:35803 [2] NCCL INFO NET/IB : Using [0]mlx5_ib0:1/IB/SHARP [1]mlx5_ib1:1/IB/SHARP [2]mlx5_ib2:1/IB/SHARP [3]mlx5_ib3:1/IB/SHARP [4]mlx5_ib4:1/IB/SHARP [5]mlx5_ib5:1/IB/SHARP [6]mlx5_ib6:1/IB/SHARP [7]mlx5_ib7:1/IB/SHARP ; OOB eth0:10.35.4.18<0>
ip-0A230412:35803:35803 [2] NCCL INFO Using network IBext
ip-0A23040C:77183:77183 [2] NCCL INFO NET/IB : Using [0]mlx5_ib0:1/IB/SHARP [1]mlx5_ib1:1/IB/SHARP [2]mlx5_ib2:1/IB/SHARP [3]mlx5_ib3:1/IB/SHARP [4]mlx5_ib4:1/IB/SHARP [5]mlx5_ib5:1/IB/SHARP [6]mlx5_ib6:1/IB/SHARP [7]mlx5_ib7:1/IB/SHARP ; OOB eth0:10.35.4.12<0>
ip-0A23040C:77183:77183 [2] NCCL INFO Using network IBext
ip-0A230410:66494:66494 [2] NCCL INFO NET/IB : Using [0]mlx5_ib0:1/IB/SHARP [1]mlx5_ib1:1/IB/SHARP [2]mlx5_ib2:1/IB/SHARP [3]mlx5_ib3:1/IB/SHARP [4]mlx5_ib4:1/IB/SHARP [5]mlx5_ib5:1/IB/SHARP [6]mlx5_ib6:1/IB/SHARP [7]mlx5_ib7:1/IB/SHARP ; OOB eth0:10.35.4.16<0>
ip-0A230410:66494:66494 [2] NCCL INFO Using network IBext
ip-0A230417:68913:68913 [2] NCCL INFO NET/IB : Using [0]mlx5_ib0:1/IB/SHARP [1]mlx5_ib1:1/IB/SHARP [2]mlx5_ib2:1/IB/SHARP [3]mlx5_ib3:1/IB/SHARP [4]mlx5_ib4:1/IB/SHARP [5]mlx5_ib5:1/IB/SHARP [6]mlx5_ib6:1/IB/SHARP [7]mlx5_ib7:1/IB/SHARP ; OOB eth0:10.35.4.23<0>
ip-0A230417:68913:68913 [2] NCCL INFO Using network IBext
ip-0A23040F:95088:95088 [2] NCCL INFO NET/IB : Using [0]mlx5_ib0:1/IB/SHARP [1]mlx5_ib1:1/IB/SHARP [2]mlx5_ib2:1/IB/SHARP [3]mlx5_ib3:1/IB/SHARP [4]mlx5_ib4:1/IB/SHARP [5]mlx5_ib5:1/IB/SHARP [6]mlx5_ib6:1/IB/SHARP [7]mlx5_ib7:1/IB/SHARP ; OOB eth0:10.35.4.15<0>
ip-0A23040F:95088:95088 [2] NCCL INFO Using network IBext
ip-0A23041D:34093:34093 [2] NCCL INFO NET/IB : Using [0]mlx5_ib0:1/IB/SHARP [1]mlx5_ib1:1/IB/SHARP [2]mlx5_ib2:1/IB/SHARP [3]mlx5_ib3:1/IB/SHARP [4]mlx5_ib4:1/IB/SHARP [5]mlx5_ib5:1/IB/SHARP [6]mlx5_ib6:1/IB/SHARP [7]mlx5_ib7:1/IB/SHARP ; OOB eth0:10.35.4.29<0>
ip-0A23041D:34093:34093 [2] NCCL INFO Using network IBext
ip-0A23040F:95088:95713 [2] NCCL INFO NCCL_P2P_LEVEL set by environment to LOC
ip-0A230414:32794:33424 [2] NCCL INFO NCCL_P2P_LEVEL set by environment to LOC
ip-0A23040F:95088:95713 [2] NCCL INFO PXN Disabled as plugin is v4
ip-0A230412:35803:36436 [2] NCCL INFO NCCL_P2P_LEVEL set by environment to LOC
ip-0A23040F:95088:95713 [2] NCCL INFO Setting affinity for GPU 2 to ffffff
ip-0A230414:32794:33424 [2] NCCL INFO PXN Disabled as plugin is v4
ip-0A230412:35803:36436 [2] NCCL INFO PXN Disabled as plugin is v4
ip-0A23041A:28395:29017 [2] NCCL INFO NCCL_P2P_LEVEL set by environment to LOC
ip-0A23040F:95088:95713 [2] NCCL INFO NCCL_COLLNET_ENABLE set by environment to 1.
ip-0A230414:32794:33424 [2] NCCL INFO Setting affinity for GPU 2 to ffffff
ip-0A23040E:78778:79412 [2] NCCL INFO NCCL_P2P_LEVEL set by environment to LOC
ip-0A230412:35803:36436 [2] NCCL INFO Setting affinity for GPU 2 to ffffff
ip-0A230414:32794:33424 [2] NCCL INFO NCCL_COLLNET_ENABLE set by environment to 1.
ip-0A23041A:28395:29017 [2] NCCL INFO PXN Disabled as plugin is v4
ip-0A230412:35803:36436 [2] NCCL INFO NCCL_COLLNET_ENABLE set by environment to 1.
ip-0A23040E:78778:79412 [2] NCCL INFO PXN Disabled as plugin is v4
ip-0A23041D:34093:34722 [2] NCCL INFO NCCL_P2P_LEVEL set by environment to LOC
ip-0A23041A:28395:29017 [2] NCCL INFO Setting affinity for GPU 2 to ffffff
ip-0A23040E:78778:79412 [2] NCCL INFO Setting affinity for GPU 2 to ffffff
ip-0A23041A:28395:29017 [2] NCCL INFO NCCL_COLLNET_ENABLE set by environment to 1.
ip-0A23040E:78778:79412 [2] NCCL INFO NCCL_COLLNET_ENABLE set by environment to 1.
ip-0A23041D:34093:34722 [2] NCCL INFO PXN Disabled as plugin is v4
ip-0A230417:68913:69543 [2] NCCL INFO NCCL_P2P_LEVEL set by environment to LOC
ip-0A230406:16391:17024 [2] NCCL INFO NCCL_P2P_LEVEL set by environment to LOC
ip-0A23041D:34093:34722 [2] NCCL INFO Setting affinity for GPU 2 to ffffff
ip-0A23041D:34093:34722 [2] NCCL INFO NCCL_COLLNET_ENABLE set by environment to 1.
ip-0A230417:68913:69543 [2] NCCL INFO PXN Disabled as plugin is v4
ip-0A230406:16391:17024 [2] NCCL INFO PXN Disabled as plugin is v4
ip-0A230417:68913:69543 [2] NCCL INFO Setting affinity for GPU 2 to ffffff
ip-0A230410:66494:67159 [2] NCCL INFO NCCL_P2P_LEVEL set by environment to LOC
ip-0A230406:16391:17024 [2] NCCL INFO Setting affinity for GPU 2 to ffffff
ip-0A230417:68913:69543 [2] NCCL INFO NCCL_COLLNET_ENABLE set by environment to 1.
ip-0A230406:16391:17024 [2] NCCL INFO NCCL_COLLNET_ENABLE set by environment to 1.
ip-0A230410:66494:67159 [2] NCCL INFO PXN Disabled as plugin is v4
ip-0A230405:31110:31737 [2] NCCL INFO NCCL_P2P_LEVEL set by environment to LOC
ip-0A230410:66494:67159 [2] NCCL INFO Setting affinity for GPU 2 to ffffff
ip-0A23040B:52250:52885 [2] NCCL INFO NCCL_P2P_LEVEL set by environment to LOC
ip-0A230413:79633:80263 [2] NCCL INFO NCCL_P2P_LEVEL set by environment to LOC
ip-0A230410:66494:67159 [2] NCCL INFO NCCL_COLLNET_ENABLE set by environment to 1.
ip-0A23040C:77183:77808 [2] NCCL INFO NCCL_P2P_LEVEL set by environment to LOC
ip-0A230405:31110:31737 [2] NCCL INFO PXN Disabled as plugin is v4
ip-0A23040B:52250:52885 [2] NCCL INFO PXN Disabled as plugin is v4
ip-0A230413:79633:80263 [2] NCCL INFO PXN Disabled as plugin is v4
ip-0A230405:31110:31737 [2] NCCL INFO Setting affinity for GPU 2 to ffffff
ip-0A23040B:52250:52885 [2] NCCL INFO Setting affinity for GPU 2 to ffffff
ip-0A230408:77927:78552 [2] NCCL INFO NCCL_P2P_LEVEL set by environment to LOC
ip-0A23040C:77183:77808 [2] NCCL INFO PXN Disabled as plugin is v4
ip-0A230413:79633:80263 [2] NCCL INFO Setting affinity for GPU 2 to ffffff
ip-0A230405:31110:31737 [2] NCCL INFO NCCL_COLLNET_ENABLE set by environment to 1.
ip-0A23040B:52250:52885 [2] NCCL INFO NCCL_COLLNET_ENABLE set by environment to 1.
ip-0A23040C:77183:77808 [2] NCCL INFO Setting affinity for GPU 2 to ffffff
ip-0A230413:79633:80263 [2] NCCL INFO NCCL_COLLNET_ENABLE set by environment to 1.
ip-0A230408:77927:78552 [2] NCCL INFO PXN Disabled as plugin is v4
ip-0A23040C:77183:77808 [2] NCCL INFO NCCL_COLLNET_ENABLE set by environment to 1.
ip-0A230408:77927:78552 [2] NCCL INFO Setting affinity for GPU 2 to ffffff
ip-0A230408:77927:78552 [2] NCCL INFO NCCL_COLLNET_ENABLE set by environment to 1.
ip-0A230407:68772:69404 [2] NCCL INFO NCCL_P2P_LEVEL set by environment to LOC
ip-0A230407:68772:69404 [2] NCCL INFO PXN Disabled as plugin is v4
ip-0A230407:68772:69404 [2] NCCL INFO Setting affinity for GPU 2 to ffffff
ip-0A230407:68772:69404 [2] NCCL INFO NCCL_COLLNET_ENABLE set by environment to 1.
ip-0A23040D:42191:42815 [2] NCCL INFO NCCL_P2P_LEVEL set by environment to LOC
ip-0A23040D:42191:42815 [2] NCCL INFO PXN Disabled as plugin is v4
ip-0A23040D:42191:42815 [2] NCCL INFO Setting affinity for GPU 2 to ffffff
ip-0A23040D:42191:42815 [2] NCCL INFO NCCL_COLLNET_ENABLE set by environment to 1.
ip-0A23040D:42191:42815 [2] NCCL INFO Channel 00/02 :    0   1   2   3   4   5   6   7   8   9  10  11  12  13  14  15
ip-0A23040D:42191:42815 [2] NCCL INFO Channel 01/02 :    0   1   2   3   4   5   6   7   8   9  10  11  12  13  14  15
ip-0A23040D:42191:42815 [2] NCCL INFO Trees [0] 8/-1/-1->0->-1 [1] -1/-1/-1->0->1
ip-0A23040F:95088:95713 [2] NCCL INFO Trees [0] -1/-1/-1->1->2 [1] 2/0/-1->1->3
ip-0A230410:66494:67159 [2] NCCL INFO Trees [0] 1/3/-1->2->4 [1] -1/-1/-1->2->1
ip-0A230412:35803:36436 [2] NCCL INFO Trees [0] -1/-1/-1->3->2 [1] 5/1/-1->3->7
ip-0A230413:79633:80263 [2] NCCL INFO Trees [0] 2/6/-1->4->8 [1] -1/-1/-1->4->5
ip-0A230414:32794:33424 [2] NCCL INFO Trees [0] -1/-1/-1->5->6 [1] 6/4/-1->5->3
ip-0A230417:68913:69543 [2] NCCL INFO Trees [0] 5/7/-1->6->4 [1] -1/-1/-1->6->5
ip-0A230406:16391:17024 [2] NCCL INFO Trees [0] -1/-1/-1->7->6 [1] 11/3/-1->7->15
ip-0A230408:77927:78552 [2] NCCL INFO Trees [0] 4/12/-1->8->0 [1] -1/-1/-1->8->9
ip-0A230405:31110:31737 [2] NCCL INFO Trees [0] -1/-1/-1->11->10 [1] 13/9/-1->11->7
ip-0A23041A:28395:29017 [2] NCCL INFO Trees [0] -1/-1/-1->9->10 [1] 10/8/-1->9->11
ip-0A23041D:34093:34722 [2] NCCL INFO Trees [0] 9/11/-1->10->12 [1] -1/-1/-1->10->9
ip-0A230407:68772:69404 [2] NCCL INFO Trees [0] 10/14/-1->12->8 [1] -1/-1/-1->12->13
ip-0A23040B:52250:52885 [2] NCCL INFO Trees [0] -1/-1/-1->13->14 [1] 14/12/-1->13->11
ip-0A23040E:78778:79412 [2] NCCL INFO Trees [0] 13/15/-1->14->12 [1] -1/-1/-1->14->13
ip-0A23040C:77183:77808 [2] NCCL INFO Trees [0] -1/-1/-1->15->14 [1] 7/-1/-1->15->-1
ip-0A23040D:42191:42815 [2] NCCL INFO Channel 00/0 : 15[300000] -> 0[300000] [receive] via NET/IBext/2
ip-0A23040D:42191:42815 [2] NCCL INFO Channel 01/0 : 15[300000] -> 0[300000] [receive] via NET/IBext/2
ip-0A23040D:42191:42815 [2] NCCL INFO Channel 00/0 : 0[300000] -> 1[300000] [send] via NET/IBext/2
ip-0A23040D:42191:42815 [2] NCCL INFO Channel 01/0 : 0[300000] -> 1[300000] [send] via NET/IBext/2
ip-0A23040F:95088:95713 [2] NCCL INFO Channel 00/0 : 0[300000] -> 1[300000] [receive] via NET/IBext/2
ip-0A230410:66494:67159 [2] NCCL INFO Channel 00/0 : 1[300000] -> 2[300000] [receive] via NET/IBext/2
ip-0A23040F:95088:95713 [2] NCCL INFO Channel 01/0 : 0[300000] -> 1[300000] [receive] via NET/IBext/2
ip-0A23040F:95088:95713 [2] NCCL INFO Channel 00/0 : 1[300000] -> 2[300000] [send] via NET/IBext/2
ip-0A230410:66494:67159 [2] NCCL INFO Channel 01/0 : 1[300000] -> 2[300000] [receive] via NET/IBext/2
ip-0A23040F:95088:95713 [2] NCCL INFO Channel 01/0 : 1[300000] -> 2[300000] [send] via NET/IBext/2
ip-0A230410:66494:67159 [2] NCCL INFO Channel 00/0 : 2[300000] -> 3[300000] [send] via NET/IBext/2
ip-0A230413:79633:80263 [2] NCCL INFO Channel 00/0 : 3[300000] -> 4[300000] [receive] via NET/IBext/2
ip-0A230412:35803:36436 [2] NCCL INFO Channel 00/0 : 2[300000] -> 3[300000] [receive] via NET/IBext/2
ip-0A230410:66494:67159 [2] NCCL INFO Channel 01/0 : 2[300000] -> 3[300000] [send] via NET/IBext/2
ip-0A230413:79633:80263 [2] NCCL INFO Channel 01/0 : 3[300000] -> 4[300000] [receive] via NET/IBext/2
ip-0A230413:79633:80263 [2] NCCL INFO Channel 00/0 : 4[300000] -> 5[300000] [send] via NET/IBext/2
ip-0A230417:68913:69543 [2] NCCL INFO Channel 00/0 : 5[300000] -> 6[300000] [receive] via NET/IBext/2
ip-0A230412:35803:36436 [2] NCCL INFO Channel 01/0 : 2[300000] -> 3[300000] [receive] via NET/IBext/2
ip-0A230412:35803:36436 [2] NCCL INFO Channel 00/0 : 3[300000] -> 4[300000] [send] via NET/IBext/2
ip-0A230414:32794:33424 [2] NCCL INFO Channel 00/0 : 4[300000] -> 5[300000] [receive] via NET/IBext/2
ip-0A230413:79633:80263 [2] NCCL INFO Channel 01/0 : 4[300000] -> 5[300000] [send] via NET/IBext/2
ip-0A230417:68913:69543 [2] NCCL INFO Channel 01/0 : 5[300000] -> 6[300000] [receive] via NET/IBext/2
ip-0A230412:35803:36436 [2] NCCL INFO Channel 01/0 : 3[300000] -> 4[300000] [send] via NET/IBext/2
ip-0A230408:77927:78552 [2] NCCL INFO Channel 00/0 : 7[300000] -> 8[300000] [receive] via NET/IBext/2
ip-0A230414:32794:33424 [2] NCCL INFO Channel 01/0 : 4[300000] -> 5[300000] [receive] via NET/IBext/2
ip-0A230417:68913:69543 [2] NCCL INFO Channel 00/0 : 6[300000] -> 7[300000] [send] via NET/IBext/2
ip-0A230408:77927:78552 [2] NCCL INFO Channel 01/0 : 7[300000] -> 8[300000] [receive] via NET/IBext/2
ip-0A23041A:28395:29017 [2] NCCL INFO Channel 00/0 : 8[300000] -> 9[300000] [receive] via NET/IBext/2
ip-0A230414:32794:33424 [2] NCCL INFO Channel 00/0 : 5[300000] -> 6[300000] [send] via NET/IBext/2
ip-0A230417:68913:69543 [2] NCCL INFO Channel 01/0 : 6[300000] -> 7[300000] [send] via NET/IBext/2
ip-0A230408:77927:78552 [2] NCCL INFO Channel 00/0 : 8[300000] -> 9[300000] [send] via NET/IBext/2
ip-0A230414:32794:33424 [2] NCCL INFO Channel 01/0 : 5[300000] -> 6[300000] [send] via NET/IBext/2
ip-0A230406:16391:17024 [2] NCCL INFO Channel 00/0 : 6[300000] -> 7[300000] [receive] via NET/IBext/2
ip-0A230405:31110:31737 [2] NCCL INFO Channel 00/0 : 10[300000] -> 11[300000] [receive] via NET/IBext/2
ip-0A230408:77927:78552 [2] NCCL INFO Channel 01/0 : 8[300000] -> 9[300000] [send] via NET/IBext/2
ip-0A23041D:34093:34722 [2] NCCL INFO Channel 00/0 : 9[300000] -> 10[300000] [receive] via NET/IBext/2
ip-0A23041A:28395:29017 [2] NCCL INFO Channel 01/0 : 8[300000] -> 9[300000] [receive] via NET/IBext/2
ip-0A230407:68772:69404 [2] NCCL INFO Channel 00/0 : 11[300000] -> 12[300000] [receive] via NET/IBext/2
ip-0A23041A:28395:29017 [2] NCCL INFO Channel 00/0 : 9[300000] -> 10[300000] [send] via NET/IBext/2
ip-0A230405:31110:31737 [2] NCCL INFO Channel 01/0 : 10[300000] -> 11[300000] [receive] via NET/IBext/2
ip-0A230405:31110:31737 [2] NCCL INFO Channel 00/0 : 11[300000] -> 12[300000] [send] via NET/IBext/2
ip-0A230406:16391:17024 [2] NCCL INFO Channel 01/0 : 6[300000] -> 7[300000] [receive] via NET/IBext/2
ip-0A23041A:28395:29017 [2] NCCL INFO Channel 01/0 : 9[300000] -> 10[300000] [send] via NET/IBext/2
ip-0A230406:16391:17024 [2] NCCL INFO Channel 00/0 : 7[300000] -> 8[300000] [send] via NET/IBext/2
ip-0A23041D:34093:34722 [2] NCCL INFO Channel 01/0 : 9[300000] -> 10[300000] [receive] via NET/IBext/2
ip-0A230407:68772:69404 [2] NCCL INFO Channel 01/0 : 11[300000] -> 12[300000] [receive] via NET/IBext/2
ip-0A23041D:34093:34722 [2] NCCL INFO Channel 00/0 : 10[300000] -> 11[300000] [send] via NET/IBext/2
ip-0A230407:68772:69404 [2] NCCL INFO Channel 00/0 : 12[300000] -> 13[300000] [send] via NET/IBext/2
ip-0A230405:31110:31737 [2] NCCL INFO Channel 01/0 : 11[300000] -> 12[300000] [send] via NET/IBext/2
ip-0A23040C:77183:77808 [2] NCCL INFO Channel 00/0 : 14[300000] -> 15[300000] [receive] via NET/IBext/2
ip-0A23040B:52250:52885 [2] NCCL INFO Channel 00/0 : 12[300000] -> 13[300000] [receive] via NET/IBext/2
ip-0A230406:16391:17024 [2] NCCL INFO Channel 01/0 : 7[300000] -> 8[300000] [send] via NET/IBext/2
ip-0A230407:68772:69404 [2] NCCL INFO Channel 01/0 : 12[300000] -> 13[300000] [send] via NET/IBext/2
ip-0A23041D:34093:34722 [2] NCCL INFO Channel 01/0 : 10[300000] -> 11[300000] [send] via NET/IBext/2
ip-0A23040B:52250:52885 [2] NCCL INFO Channel 01/0 : 12[300000] -> 13[300000] [receive] via NET/IBext/2
ip-0A23040C:77183:77808 [2] NCCL INFO Channel 01/0 : 14[300000] -> 15[300000] [receive] via NET/IBext/2
ip-0A23040C:77183:77808 [2] NCCL INFO Channel 00/0 : 15[300000] -> 0[300000] [send] via NET/IBext/2
ip-0A23040C:77183:77808 [2] NCCL INFO Channel 01/0 : 15[300000] -> 0[300000] [send] via NET/IBext/2
ip-0A23040B:52250:52885 [2] NCCL INFO Channel 00/0 : 13[300000] -> 14[300000] [send] via NET/IBext/2
ip-0A23040B:52250:52885 [2] NCCL INFO Channel 01/0 : 13[300000] -> 14[300000] [send] via NET/IBext/2
ip-0A23040E:78778:79412 [2] NCCL INFO Channel 00/0 : 13[300000] -> 14[300000] [receive] via NET/IBext/2
ip-0A23040E:78778:79412 [2] NCCL INFO Channel 01/0 : 13[300000] -> 14[300000] [receive] via NET/IBext/2
ip-0A23040E:78778:79412 [2] NCCL INFO Channel 00/0 : 14[300000] -> 15[300000] [send] via NET/IBext/2
ip-0A23040E:78778:79412 [2] NCCL INFO Channel 01/0 : 14[300000] -> 15[300000] [send] via NET/IBext/2
ip-0A230413:79633:80263 [2] NCCL INFO Connected all rings
ip-0A230412:35803:36436 [2] NCCL INFO Connected all rings
ip-0A230410:66494:67159 [2] NCCL INFO Connected all rings
ip-0A230408:77927:78552 [2] NCCL INFO Connected all rings
ip-0A230406:16391:17024 [2] NCCL INFO Connected all rings
ip-0A230407:68772:69404 [2] NCCL INFO Connected all rings
ip-0A23041A:28395:29017 [2] NCCL INFO Connected all rings
ip-0A23040B:52250:52885 [2] NCCL INFO Connected all rings
ip-0A23040E:78778:79412 [2] NCCL INFO Connected all rings
ip-0A23040D:42191:42815 [2] NCCL INFO Connected all rings
ip-0A23040F:95088:95713 [2] NCCL INFO Connected all rings
ip-0A230417:68913:69543 [2] NCCL INFO Connected all rings
ip-0A23040C:77183:77808 [2] NCCL INFO Connected all rings
ip-0A230405:31110:31737 [2] NCCL INFO Connected all rings
ip-0A23041D:34093:34722 [2] NCCL INFO Connected all rings
ip-0A230414:32794:33424 [2] NCCL INFO Connected all rings
ip-0A23041A:28395:29017 [2] NCCL INFO Channel 01/0 : 9[300000] -> 11[300000] [send] via NET/IBext/2
ip-0A230412:35803:36436 [2] NCCL INFO Channel 01/0 : 1[300000] -> 3[300000] [receive] via NET/IBext/2
ip-0A230412:35803:36436 [2] NCCL INFO Channel 01/0 : 3[300000] -> 5[300000] [send] via NET/IBext/2
ip-0A23040F:95088:95713 [2] NCCL INFO Channel 01/0 : 1[300000] -> 3[300000] [send] via NET/IBext/2
ip-0A23040D:42191:42815 [2] NCCL INFO Channel 00/0 : 8[300000] -> 0[300000] [receive] via NET/IBext/2
ip-0A23040D:42191:42815 [2] NCCL INFO Channel 00/0 : 0[300000] -> 8[300000] [send] via NET/IBext/2
ip-0A230410:66494:67159 [2] NCCL INFO Channel 00/0 : 2[300000] -> 4[300000] [send] via NET/IBext/2
ip-0A230405:31110:31737 [2] NCCL INFO Channel 01/0 : 9[300000] -> 11[300000] [receive] via NET/IBext/2
ip-0A230408:77927:78552 [2] NCCL INFO Channel 00/0 : 4[300000] -> 8[300000] [receive] via NET/IBext/2
ip-0A230405:31110:31737 [2] NCCL INFO Channel 01/0 : 11[300000] -> 13[300000] [send] via NET/IBext/2
ip-0A23040E:78778:79412 [2] NCCL INFO Channel 00/0 : 12[300000] -> 14[300000] [receive] via NET/IBext/2
ip-0A230408:77927:78552 [2] NCCL INFO Channel 00/0 : 8[300000] -> 12[300000] [send] via NET/IBext/2
ip-0A230406:16391:17024 [2] NCCL INFO Channel 01/0 : 3[300000] -> 7[300000] [receive] via NET/IBext/2
ip-0A230406:16391:17024 [2] NCCL INFO Channel 01/0 : 7[300000] -> 11[300000] [send] via NET/IBext/2
ip-0A230407:68772:69404 [2] NCCL INFO Channel 00/0 : 10[300000] -> 12[300000] [receive] via NET/IBext/2
ip-0A230407:68772:69404 [2] NCCL INFO Channel 00/0 : 12[300000] -> 14[300000] [send] via NET/IBext/2
ip-0A230413:79633:80263 [2] NCCL INFO Channel 00/0 : 2[300000] -> 4[300000] [receive] via NET/IBext/2
ip-0A23041D:34093:34722 [2] NCCL INFO Channel 00/0 : 10[300000] -> 12[300000] [send] via NET/IBext/2
ip-0A230417:68913:69543 [2] NCCL INFO Channel 00/0 : 4[300000] -> 6[300000] [receive] via NET/IBext/2
ip-0A230413:79633:80263 [2] NCCL INFO Channel 00/0 : 4[300000] -> 6[300000] [send] via NET/IBext/2
ip-0A23040B:52250:52885 [2] NCCL INFO Channel 01/0 : 11[300000] -> 13[300000] [receive] via NET/IBext/2
ip-0A230414:32794:33424 [2] NCCL INFO Channel 01/0 : 3[300000] -> 5[300000] [receive] via NET/IBext/2
ip-0A23040C:77183:77808 [2] NCCL INFO Channel 01/0 : 7[300000] -> 15[300000] [receive] via NET/IBext/2
ip-0A23040C:77183:77808 [2] NCCL INFO Channel 01/0 : 15[300000] -> 7[300000] [send] via NET/IBext/2
ip-0A23040F:95088:95713 [2] NCCL INFO Channel 01/0 : 3[300000] -> 1[300000] [receive] via NET/IBext/2
ip-0A23041A:28395:29017 [2] NCCL INFO Channel 01/0 : 11[300000] -> 9[300000] [receive] via NET/IBext/2
ip-0A23041D:34093:34722 [2] NCCL INFO Channel 00/0 : 12[300000] -> 10[300000] [receive] via NET/IBext/2
ip-0A23040E:78778:79412 [2] NCCL INFO Channel 00/0 : 14[300000] -> 12[300000] [send] via NET/IBext/2
ip-0A230417:68913:69543 [2] NCCL INFO Channel 00/0 : 6[300000] -> 4[300000] [send] via NET/IBext/2
ip-0A230414:32794:33424 [2] NCCL INFO Channel 01/0 : 5[300000] -> 3[300000] [send] via NET/IBext/2
ip-0A23040B:52250:52885 [2] NCCL INFO Channel 01/0 : 13[300000] -> 11[300000] [send] via NET/IBext/2
ip-0A230410:66494:67159 [2] NCCL INFO Channel 00/0 : 4[300000] -> 2[300000] [receive] via NET/IBext/2
ip-0A230405:31110:31737 [2] NCCL INFO Channel 01/0 : 7[300000] -> 11[300000] [receive] via NET/IBext/2
ip-0A230407:68772:69404 [2] NCCL INFO Channel 00/0 : 8[300000] -> 12[300000] [receive] via NET/IBext/2
ip-0A230413:79633:80263 [2] NCCL INFO Channel 00/0 : 4[300000] -> 8[300000] [send] via NET/IBext/2
ip-0A230412:35803:36436 [2] NCCL INFO Channel 01/0 : 3[300000] -> 7[300000] [send] via NET/IBext/2
ip-0A230413:79633:80263 [2] NCCL INFO Channel 00/0 : 8[300000] -> 4[300000] [receive] via NET/IBext/2
ip-0A230412:35803:36436 [2] NCCL INFO Channel 01/0 : 7[300000] -> 3[300000] [receive] via NET/IBext/2
ip-0A230407:68772:69404 [2] NCCL INFO Channel 00/0 : 12[300000] -> 8[300000] [send] via NET/IBext/2
ip-0A230405:31110:31737 [2] NCCL INFO Channel 01/0 : 11[300000] -> 7[300000] [send] via NET/IBext/2
ip-0A230408:77927:78552 [2] NCCL INFO Channel 00/0 : 0[300000] -> 8[300000] [receive] via NET/IBext/2
ip-0A230408:77927:78552 [2] NCCL INFO Channel 00/0 : 8[300000] -> 0[300000] [send] via NET/IBext/2
ip-0A230406:16391:17024 [2] NCCL INFO Channel 01/0 : 15[300000] -> 7[300000] [receive] via NET/IBext/2
ip-0A230406:16391:17024 [2] NCCL INFO Channel 01/0 : 7[300000] -> 15[300000] [send] via NET/IBext/2
ip-0A23040D:42191:42815 [2] NCCL INFO Channel 01/0 : 1[300000] -> 0[300000] [receive] via NET/IBext/2
ip-0A23040C:77183:77808 [2] NCCL INFO Channel 00/0 : 15[300000] -> 14[300000] [send] via NET/IBext/2
ip-0A230408:77927:78552 [2] NCCL INFO Channel 00/0 : 12[300000] -> 8[300000] [receive] via NET/IBext/2
ip-0A230408:77927:78552 [2] NCCL INFO Channel 00/0 : 8[300000] -> 4[300000] [send] via NET/IBext/2
ip-0A230406:16391:17024 [2] NCCL INFO Channel 01/0 : 11[300000] -> 7[300000] [receive] via NET/IBext/2
ip-0A230406:16391:17024 [2] NCCL INFO Channel 01/0 : 7[300000] -> 3[300000] [send] via NET/IBext/2
ip-0A230407:68772:69404 [2] NCCL INFO Channel 00/0 : 14[300000] -> 12[300000] [receive] via NET/IBext/2
ip-0A230407:68772:69404 [2] NCCL INFO Channel 00/0 : 12[300000] -> 10[300000] [send] via NET/IBext/2
ip-0A230405:31110:31737 [2] NCCL INFO Channel 01/0 : 13[300000] -> 11[300000] [receive] via NET/IBext/2
ip-0A230408:77927:78552 [2] NCCL INFO Channel 01/0 : 9[300000] -> 8[300000] [receive] via NET/IBext/2
ip-0A230405:31110:31737 [2] NCCL INFO Channel 01/0 : 11[300000] -> 9[300000] [send] via NET/IBext/2
ip-0A230412:35803:36436 [2] NCCL INFO Channel 01/0 : 5[300000] -> 3[300000] [receive] via NET/IBext/2
ip-0A230412:35803:36436 [2] NCCL INFO Channel 01/0 : 3[300000] -> 1[300000] [send] via NET/IBext/2
ip-0A230406:16391:17024 [2] NCCL INFO Channel 00/0 : 7[300000] -> 6[300000] [send] via NET/IBext/2
ip-0A230413:79633:80263 [2] NCCL INFO Channel 00/0 : 6[300000] -> 4[300000] [receive] via NET/IBext/2
ip-0A230413:79633:80263 [2] NCCL INFO Channel 00/0 : 4[300000] -> 2[300000] [send] via NET/IBext/2
ip-0A230410:66494:67159 [2] NCCL INFO Channel 00/0 : 3[300000] -> 2[300000] [receive] via NET/IBext/2
ip-0A230410:66494:67159 [2] NCCL INFO Channel 00/0 : 2[300000] -> 1[300000] [send] via NET/IBext/2
ip-0A230410:66494:67159 [2] NCCL INFO Channel 01/0 : 2[300000] -> 1[300000] [send] via NET/IBext/2
ip-0A23041D:34093:34722 [2] NCCL INFO Channel 00/0 : 11[300000] -> 10[300000] [receive] via NET/IBext/2
ip-0A23041D:34093:34722 [2] NCCL INFO Channel 00/0 : 10[300000] -> 9[300000] [send] via NET/IBext/2
ip-0A23041D:34093:34722 [2] NCCL INFO Channel 01/0 : 10[300000] -> 9[300000] [send] via NET/IBext/2
ip-0A23040E:78778:79412 [2] NCCL INFO Channel 00/0 : 15[300000] -> 14[300000] [receive] via NET/IBext/2
ip-0A23040E:78778:79412 [2] NCCL INFO Channel 00/0 : 14[300000] -> 13[300000] [send] via NET/IBext/2
ip-0A23040E:78778:79412 [2] NCCL INFO Channel 01/0 : 14[300000] -> 13[300000] [send] via NET/IBext/2
ip-0A23040B:52250:52885 [2] NCCL INFO Channel 00/0 : 14[300000] -> 13[300000] [receive] via NET/IBext/2
ip-0A23040B:52250:52885 [2] NCCL INFO Channel 01/0 : 14[300000] -> 13[300000] [receive] via NET/IBext/2
ip-0A23040B:52250:52885 [2] NCCL INFO Channel 01/0 : 13[300000] -> 12[300000] [send] via NET/IBext/2
ip-0A230407:68772:69404 [2] NCCL INFO Channel 01/0 : 13[300000] -> 12[300000] [receive] via NET/IBext/2
ip-0A230417:68913:69543 [2] NCCL INFO Channel 00/0 : 7[300000] -> 6[300000] [receive] via NET/IBext/2
ip-0A230414:32794:33424 [2] NCCL INFO Channel 00/0 : 6[300000] -> 5[300000] [receive] via NET/IBext/2
ip-0A230414:32794:33424 [2] NCCL INFO Channel 01/0 : 6[300000] -> 5[300000] [receive] via NET/IBext/2
ip-0A230414:32794:33424 [2] NCCL INFO Channel 01/0 : 5[300000] -> 4[300000] [send] via NET/IBext/2
ip-0A23040C:77183:77808 [2] NCCL INFO Connected all trees
ip-0A230405:31110:31737 [2] NCCL INFO Channel 00/0 : 11[300000] -> 10[300000] [send] via NET/IBext/2
ip-0A23040C:77183:77808 [2] NCCL INFO CollNet 00 : 15 [receive] via COLLNET/SHARP/2
ip-0A23041A:28395:29017 [2] NCCL INFO Channel 00/0 : 10[300000] -> 9[300000] [receive] via NET/IBext/2
ip-0A230412:35803:36436 [2] NCCL INFO Channel 00/0 : 3[300000] -> 2[300000] [send] via NET/IBext/2
ip-0A23041A:28395:29017 [2] NCCL INFO Channel 01/0 : 10[300000] -> 9[300000] [receive] via NET/IBext/2
ip-0A23041A:28395:29017 [2] NCCL INFO Channel 01/0 : 9[300000] -> 8[300000] [send] via NET/IBext/2
ip-0A23040F:95088:95713 [2] NCCL INFO Channel 00/0 : 2[300000] -> 1[300000] [receive] via NET/IBext/2
ip-0A23040F:95088:95713 [2] NCCL INFO Channel 01/0 : 2[300000] -> 1[300000] [receive] via NET/IBext/2
ip-0A23040F:95088:95713 [2] NCCL INFO Channel 01/0 : 1[300000] -> 0[300000] [send] via NET/IBext/2
ip-0A230413:79633:80263 [2] NCCL INFO Channel 01/0 : 5[300000] -> 4[300000] [receive] via NET/IBext/2
ip-0A230407:68772:69404 [2] NCCL INFO Connected all trees
ip-0A230407:68772:69404 [2] NCCL INFO CollNet 00 : 12 [receive] via COLLNET/SHARP/2
ip-0A230405:31110:31737 [2] NCCL INFO Connected all trees
ip-0A230405:31110:31737 [2] NCCL INFO CollNet 00 : 11 [receive] via COLLNET/SHARP/2
ip-0A230412:35803:36436 [2] NCCL INFO Connected all trees
ip-0A230412:35803:36436 [2] NCCL INFO CollNet 00 : 3 [receive] via COLLNET/SHARP/2
ip-0A23040E:78778:79412 [2] NCCL INFO Connected all trees
ip-0A230408:77927:78552 [2] NCCL INFO Connected all trees
ip-0A230408:77927:78552 [2] NCCL INFO CollNet 00 : 8 [receive] via COLLNET/SHARP/2
ip-0A23040D:42191:42815 [2] NCCL INFO Connected all trees
ip-0A23040D:42191:42815 [2] NCCL INFO CollNet 00 : 0 [receive] via COLLNET/SHARP/2
ip-0A23040B:52250:52885 [2] NCCL INFO Connected all trees
ip-0A23041A:28395:29017 [2] NCCL INFO Connected all trees
ip-0A23041D:34093:34722 [2] NCCL INFO Connected all trees
ip-0A230410:66494:67159 [2] NCCL INFO Connected all trees
ip-0A23040F:95088:95713 [2] NCCL INFO Connected all trees
ip-0A230417:68913:69543 [2] NCCL INFO Channel 00/0 : 6[300000] -> 5[300000] [send] via NET/IBext/2
ip-0A230417:68913:69543 [2] NCCL INFO Channel 01/0 : 6[300000] -> 5[300000] [send] via NET/IBext/2
ip-0A230406:16391:17024 [2] NCCL INFO Connected all trees
ip-0A230406:16391:17024 [2] NCCL INFO CollNet 00 : 7 [receive] via COLLNET/SHARP/2
ip-0A230413:79633:80263 [2] NCCL INFO Connected all trees
ip-0A230413:79633:80263 [2] NCCL INFO CollNet 00 : 4 [receive] via COLLNET/SHARP/2
ip-0A23040E:78778:79412 [2] NCCL INFO CollNet 00 : 14 [receive] via COLLNET/SHARP/2
ip-0A23040B:52250:52885 [2] NCCL INFO CollNet 00 : 13 [receive] via COLLNET/SHARP/2
ip-0A230417:68913:69543 [2] NCCL INFO Connected all trees
ip-0A230414:32794:33424 [2] NCCL INFO Connected all trees
ip-0A23041D:34093:34722 [2] NCCL INFO CollNet 00 : 10 [receive] via COLLNET/SHARP/2
ip-0A23041A:28395:29017 [2] NCCL INFO CollNet 00 : 9 [receive] via COLLNET/SHARP/2
ip-0A23040F:95088:95713 [2] NCCL INFO CollNet 00 : 1 [receive] via COLLNET/SHARP/2
ip-0A230410:66494:67159 [2] NCCL INFO CollNet 00 : 2 [receive] via COLLNET/SHARP/2
ip-0A230417:68913:69543 [2] NCCL INFO CollNet 00 : 6 [receive] via COLLNET/SHARP/2
ip-0A230414:32794:33424 [2] NCCL INFO CollNet 00 : 5 [receive] via COLLNET/SHARP/2
ip-0A230417:68913:69544 [2] NCCL INFO NCCL_SHARP_GROUP_SIZE_THRESH set by environment to 16.
ip-0A230406:16391:17025 [2] NCCL INFO NCCL_SHARP_GROUP_SIZE_THRESH set by environment to 16.
ip-0A23041A:28395:29018 [2] NCCL INFO NCCL_SHARP_GROUP_SIZE_THRESH set by environment to 16.
ip-0A230408:77927:78553 [2] NCCL INFO NCCL_SHARP_GROUP_SIZE_THRESH set by environment to 16.
ip-0A23041D:34093:34723 [2] NCCL INFO NCCL_SHARP_GROUP_SIZE_THRESH set by environment to 16.
ip-0A230405:31110:31738 [2] NCCL INFO NCCL_SHARP_GROUP_SIZE_THRESH set by environment to 16.
ip-0A230407:68772:69405 [2] NCCL INFO NCCL_SHARP_GROUP_SIZE_THRESH set by environment to 16.
ip-0A23040B:52250:52886 [2] NCCL INFO NCCL_SHARP_GROUP_SIZE_THRESH set by environment to 16.
ip-0A23040E:78778:79417 [2] NCCL INFO NCCL_SHARP_GROUP_SIZE_THRESH set by environment to 16.
ip-0A23040C:77183:77809 [2] NCCL INFO NCCL_SHARP_GROUP_SIZE_THRESH set by environment to 16.
ip-0A23040D:42191:42816 [2] NCCL INFO NCCL_SHARP_GROUP_SIZE_THRESH set by environment to 16.
ip-0A23040F:95088:95714 [2] NCCL INFO NCCL_SHARP_GROUP_SIZE_THRESH set by environment to 16.
ip-0A230410:66494:67160 [2] NCCL INFO NCCL_SHARP_GROUP_SIZE_THRESH set by environment to 16.
ip-0A230412:35803:36438 [2] NCCL INFO NCCL_SHARP_GROUP_SIZE_THRESH set by environment to 16.
ip-0A230413:79633:80264 [2] NCCL INFO NCCL_SHARP_GROUP_SIZE_THRESH set by environment to 16.
ip-0A230414:32794:33425 [2] NCCL INFO NCCL_SHARP_GROUP_SIZE_THRESH set by environment to 16.
[ip-0A23040D:0:42191 - context.c:584] INFO job (ID: 2524862585874445626) resource request quota: ( osts:0 user_data_per_ost:0 max_groups:0 max_qps:1 max_group_channels:1, num_trees:1)
[ip-0A23040D:0:42191 unique id 0] ERROR No Aggregation Manager (sharp_am) detected in sharp_create_job.

[ip-0A23040D:0:42191 - context.c:601] ERROR sharp_create_job failed: No Aggregation Manager (sharp_am) detected(-52)
ip-0A230407:68772:69405 [2] NCCL INFO Sharp rank 12/16 initialized on mlx5_ib2:1

ip-0A230407:68772:69405 [2] sharp_plugin.c:288 NCCL WARN NET/IB :SHARP coll init error: Cannot create SHArP job(-11)

ip-0A230407:68772:69405 [2] NCCL INFO include/coll_net.h:21 -> 3
ip-0A230408:77927:78553 [2] NCCL INFO Sharp rank 8/16 initialized on mlx5_ib2:1

ip-0A230408:77927:78553 [2] sharp_plugin.c:288 NCCL WARN NET/IB :SHARP coll init error: Cannot create SHArP job(-11)

ip-0A230408:77927:78553 [2] NCCL INFO include/coll_net.h:21 -> 3
ip-0A230414:32794:33425 [2] NCCL INFO Sharp rank 5/16 initialized on mlx5_ib2:1

ip-0A230414:32794:33425 [2] sharp_plugin.c:288 NCCL WARN NET/IB :SHARP coll init error: Cannot create SHArP job(-11)

ip-0A230414:32794:33425 [2] NCCL INFO include/coll_net.h:21 -> 3
ip-0A230413:79633:80264 [2] NCCL INFO Sharp rank 4/16 initialized on mlx5_ib2:1

ip-0A230413:79633:80264 [2] sharp_plugin.c:288 NCCL WARN NET/IB :SHARP coll init error: Cannot create SHArP job(-11)

ip-0A230413:79633:80264 [2] NCCL INFO include/coll_net.h:21 -> 3
ip-0A230406:16391:17025 [2] NCCL INFO Sharp rank 7/16 initialized on mlx5_ib2:1

ip-0A230406:16391:17025 [2] sharp_plugin.c:288 NCCL WARN NET/IB :SHARP coll init error: Cannot create SHArP job(-11)

ip-0A230406:16391:17025 [2] NCCL INFO include/coll_net.h:21 -> 3
ip-0A23040F:95088:95714 [2] NCCL INFO Sharp rank 1/16 initialized on mlx5_ib2:1

ip-0A23040F:95088:95714 [2] sharp_plugin.c:288 NCCL WARN NET/IB :SHARP coll init error: Cannot create SHArP job(-11)

ip-0A23040F:95088:95714 [2] NCCL INFO include/coll_net.h:21 -> 3
ip-0A230412:35803:36438 [2] NCCL INFO Sharp rank 3/16 initialized on mlx5_ib2:1

ip-0A230412:35803:36438 [2] sharp_plugin.c:288 NCCL WARN NET/IB :SHARP coll init error: Cannot create SHArP job(-11)

ip-0A230412:35803:36438 [2] NCCL INFO include/coll_net.h:21 -> 3
ip-0A230410:66494:67160 [2] NCCL INFO Sharp rank 2/16 initialized on mlx5_ib2:1

ip-0A230410:66494:67160 [2] sharp_plugin.c:288 NCCL WARN NET/IB :SHARP coll init error: Cannot create SHArP job(-11)

ip-0A230410:66494:67160 [2] NCCL INFO include/coll_net.h:21 -> 3
ip-0A23041D:34093:34723 [2] NCCL INFO Sharp rank 10/16 initialized on mlx5_ib2:1

ip-0A23041D:34093:34723 [2] sharp_plugin.c:288 NCCL WARN NET/IB :SHARP coll init error: Cannot create SHArP job(-11)

ip-0A23041D:34093:34723 [2] NCCL INFO include/coll_net.h:21 -> 3
ip-0A230407:68772:69404 [2] NCCL INFO transport.cc:222 -> 2

