ip-0A230417:23492:24531 [7] NCCL INFO Trees [0] -1/-1/-1->23->22 [1] -1/-1/-1->23->22 [2] 16/-1/-1->23->22 [3] 16/-1/-1->23->22 [4] 16/-1/-1->23->22 [5] 16/-1/-1->23->22 [6] 16/14/-1->23->22 [7] 22/31/-1->23->7 [8] -1/-1/-1->23->22 [9] -1/-1/-1->23->22 [10] 16/-1/-1->23->22 [11] 16/-1/-1->23->22 [12] 16/-1/-1->23->22 [13] 16/-1/-1->23->22 [14] 16/-1/-1->23->22 [15] 22/-1/-1->23->14 [16] -1/-1/-1->23->22 [17] -1/-1/-1->23->22 [18] 16/-1/-1->23->22 [19] 16/-1/-1->23->22 [20] 16/-1/-1->23->22 [21] 16/-1/-1->23->22 [22] 16/14/-1->23->22 [23] 22/31/-1->23->7
ip-0A230413:33566:34535 [0] NCCL INFO Channel 08/24 :    0   7   6   5   4   3   2   1   8  15  14  13  12  11  10   9  16  23  22  21
ip-0A230413:33566:34535 [0] NCCL INFO Channel 09/24 :    0   9  15  14  13  12  11  10   8  17  23  22  21  20  19  18  16  25  31  30
ip-0A230413:33566:34535 [0] NCCL INFO Channel 10/24 :    0   7   6   5   4   3  10   9   8  15  14  13  12  11  18  17  16  23  22  21
ip-0A230414:84763:85792 [7] NCCL INFO Trees [0] -1/-1/-1->15->14 [1] -1/-1/-1->15->14 [2] 8/-1/-1->15->14 [3] 8/-1/-1->15->14 [4] 8/-1/-1->15->14 [5] 8/-1/-1->15->14 [6] 8/-1/-1->15->14 [7] 14/-1/-1->15->22 [8] -1/-1/-1->15->14 [9] -1/-1/-1->15->14 [10] 8/-1/-1->15->14 [11] 8/-1/-1->15->14 [12] 8/-1/-1->15->14 [13] 8/-1/-1->15->14 [14] 8/22/-1->15->14 [15] 14/7/-1->15->31 [16] -1/-1/-1->15->14 [17] -1/-1/-1->15->14 [18] 8/-1/-1->15->14 [19] 8/-1/-1->15->14 [20] 8/-1/-1->15->14 [21] 8/-1/-1->15->14 [22] 8/-1/-1->15->14 [23] 14/-1/-1->15->22
ip-0A230417:23495:24527 [4] NCCL INFO Trees [0] 21/-1/-1->20->19 [1] 21/-1/-1->20->19 [2] 21/-1/-1->20->19 [3] 21/-1/-1->20->18 [4] 21/28/-1->20->4 [5] 22/13/-1->20->21 [6] 21/-1/-1->20->19 [7] 21/-1/-1->20->19 [8] 21/-1/-1->20->19 [9] 21/-1/-1->20->19 [10] 21/-1/-1->20->19 [11] 21/-1/-1->20->18 [12] 21/-1/-1->20->13 [13] 22/-1/-1->20->21 [14] 21/-1/-1->20->19 [15] 21/-1/-1->20->19 [16] 21/-1/-1->20->19 [17] 21/-1/-1->20->19 [18] 21/-1/-1->20->19 [19] 21/-1/-1->20->18 [20] 21/28/-1->20->4 [21] 22/13/-1->20->21 [22] 21/-1/-1->20->19 [23] 21/-1/-1->20->19
ip-0A230406:84004:85024 [5] NCCL INFO Trees [0] 30/-1/-1->29->28 [1] 30/-1/-1->29->28 [2] 30/-1/-1->29->28 [3] 30/-1/-1->29->28 [4] 30/-1/-1->29->28 [5] 28/-1/-1->29->21 [6] -1/-1/-1->29->28 [7] -1/-1/-1->29->28 [8] 30/-1/-1->29->28 [9] 30/-1/-1->29->28 [10] 30/-1/-1->29->28 [11] 30/-1/-1->29->28 [12] 30/-1/-1->29->28 [13] 28/13/-1->29->-1 [14] -1/-1/-1->29->28 [15] -1/-1/-1->29->28 [16] 30/-1/-1->29->28 [17] 30/-1/-1->29->28 [18] 30/-1/-1->29->28 [19] 30/-1/-1->29->28 [20] 30/-1/-1->29->28 [21] 28/-1/-1->29->21 [22] -1/-1/-1->29->28 [23] -1/-1/-1->29->28
ip-0A230413:33566:34535 [0] NCCL INFO Channel 11/24 :    0   7   6   5   4   2  11   9   8  15  14  13  12  10  19  17  16  23  22  21
ip-0A230417:23496:24524 [5] NCCL INFO Trees [0] 22/-1/-1->21->20 [1] 22/-1/-1->21->20 [2] 22/-1/-1->21->20 [3] 22/-1/-1->21->20 [4] 22/12/-1->21->20 [5] 20/29/-1->21->5 [6] -1/-1/-1->21->20 [7] -1/-1/-1->21->20 [8] 22/-1/-1->21->20 [9] 22/-1/-1->21->20 [10] 22/-1/-1->21->20 [11] 22/-1/-1->21->20 [12] 22/-1/-1->21->20 [13] 20/-1/-1->21->12 [14] -1/-1/-1->21->20 [15] -1/-1/-1->21->20 [16] 22/-1/-1->21->20 [17] 22/-1/-1->21->20 [18] 22/-1/-1->21->20 [19] 22/-1/-1->21->20 [20] 22/12/-1->21->20 [21] 20/29/-1->21->5 [22] -1/-1/-1->21->20 [23] -1/-1/-1->21->20
ip-0A230406:83998:85029 [6] NCCL INFO Trees [0] 31/-1/-1->30->29 [1] 31/-1/-1->30->29 [2] 31/-1/-1->30->29 [3] 31/-1/-1->30->29 [4] 31/-1/-1->30->29 [5] 31/-1/-1->30->28 [6] 31/-1/-1->30->22 [7] 24/-1/-1->30->31 [8] 31/-1/-1->30->29 [9] 31/-1/-1->30->29 [10] 31/-1/-1->30->29 [11] 31/-1/-1->30->29 [12] 31/-1/-1->30->29 [13] 31/-1/-1->30->28 [14] 31/14/-1->30->-1 [15] 24/-1/-1->30->31 [16] 31/-1/-1->30->29 [17] 31/-1/-1->30->29 [18] 31/-1/-1->30->29 [19] 31/-1/-1->30->29 [20] 31/-1/-1->30->29 [21] 31/-1/-1->30->28 [22] 31/-1/-1->30->22 [23] 24/-1/-1->30->31
ip-0A230413:33566:34535 [0] NCCL INFO Channel 12/24 :    0   7   6   5  12  11  10   9   8  15  14  13  20  19  18  17  16  23  22  21
ip-0A230413:33566:34535 [0] NCCL INFO Channel 13/24 :    0   7   6   4  13  11  10   9   8  15  14  12  21  19  18  17  16  23  22  20
ip-0A230417:23493:24532 [0] NCCL INFO Trees [0] 17/24/-1->16->0 [1] 18/9/-1->16->17 [2] 17/-1/-1->16->23 [3] 17/-1/-1->16->23 [4] 17/-1/-1->16->23 [5] 17/-1/-1->16->23 [6] 17/-1/-1->16->23 [7] 17/-1/-1->16->22 [8] 17/-1/-1->16->9 [9] 18/-1/-1->16->17 [10] 17/-1/-1->16->23 [11] 17/-1/-1->16->23 [12] 17/-1/-1->16->23 [13] 17/-1/-1->16->23 [14] 17/-1/-1->16->23 [15] 17/-1/-1->16->22 [16] 17/24/-1->16->0 [17] 18/9/-1->16->17 [18] 17/-1/-1->16->23 [19] 17/-1/-1->16->23 [20] 17/-1/-1->16->23 [21] 17/-1/-1->16->23 [22] 17/-1/-1->16->23 [23] 17/-1/-1->16->22
ip-0A230406:84003:85030 [7] NCCL INFO Trees [0] -1/-1/-1->31->30 [1] -1/-1/-1->31->30 [2] 24/-1/-1->31->30 [3] 24/-1/-1->31->30 [4] 24/-1/-1->31->30 [5] 24/-1/-1->31->30 [6] 24/-1/-1->31->30 [7] 30/-1/-1->31->23 [8] -1/-1/-1->31->30 [9] -1/-1/-1->31->30 [10] 24/-1/-1->31->30 [11] 24/-1/-1->31->30 [12] 24/-1/-1->31->30 [13] 24/-1/-1->31->30 [14] 24/-1/-1->31->30 [15] 30/15/-1->31->-1 [16] -1/-1/-1->31->30 [17] -1/-1/-1->31->30 [18] 24/-1/-1->31->30 [19] 24/-1/-1->31->30 [20] 24/-1/-1->31->30 [21] 24/-1/-1->31->30 [22] 24/-1/-1->31->30 [23] 30/-1/-1->31->23
ip-0A230413:33566:34535 [0] NCCL INFO Channel 14/24 :    0   7  14  13  12  11  10   9   8  15  22  21  20  19  18  17  16  23  30  29
ip-0A230413:33566:34535 [0] NCCL INFO Channel 15/24 :    0   6  15  13  12  11  10   9   8  14  23  21  20  19  18  17  16  22  31  29
ip-0A230406:84005:85025 [0] NCCL INFO Trees [0] 25/-1/-1->24->16 [1] 26/-1/-1->24->25 [2] 25/-1/-1->24->31 [3] 25/-1/-1->24->31 [4] 25/-1/-1->24->31 [5] 25/-1/-1->24->31 [6] 25/-1/-1->24->31 [7] 25/-1/-1->24->30 [8] 25/8/-1->24->-1 [9] 26/-1/-1->24->25 [10] 25/-1/-1->24->31 [11] 25/-1/-1->24->31 [12] 25/-1/-1->24->31 [13] 25/-1/-1->24->31 [14] 25/-1/-1->24->31 [15] 25/-1/-1->24->30 [16] 25/-1/-1->24->16 [17] 26/-1/-1->24->25 [18] 25/-1/-1->24->31 [19] 25/-1/-1->24->31 [20] 25/-1/-1->24->31 [21] 25/-1/-1->24->31 [22] 25/-1/-1->24->31 [23] 25/-1/-1->24->30
ip-0A230413:33566:34535 [0] NCCL INFO Channel 16/24 :    0   7   6   5   4   3   2   1   8  15  14  13  12  11  10   9  16  23  22  21
ip-0A230406:84002:85027 [1] NCCL INFO Trees [0] 26/-1/-1->25->24 [1] 24/-1/-1->25->17 [2] -1/-1/-1->25->24 [3] -1/-1/-1->25->24 [4] 26/-1/-1->25->24 [5] 26/-1/-1->25->24 [6] 26/-1/-1->25->24 [7] 26/-1/-1->25->24 [8] 26/-1/-1->25->24 [9] 24/9/-1->25->-1 [10] -1/-1/-1->25->24 [11] -1/-1/-1->25->24 [12] 26/-1/-1->25->24 [13] 26/-1/-1->25->24 [14] 26/-1/-1->25->24 [15] 26/-1/-1->25->24 [16] 26/-1/-1->25->24 [17] 24/-1/-1->25->17 [18] -1/-1/-1->25->24 [19] -1/-1/-1->25->24 [20] 26/-1/-1->25->24 [21] 26/-1/-1->25->24 [22] 26/-1/-1->25->24 [23] 26/-1/-1->25->24
ip-0A230413:33566:34535 [0] NCCL INFO Channel 17/24 :    0   9  15  14  13  12  11  10   8  17  23  22  21  20  19  18  16  25  31  30
ip-0A230413:33566:34535 [0] NCCL INFO Channel 18/24 :    0   7   6   5   4   3  10   9   8  15  14  13  12  11  18  17  16  23  22  21
ip-0A230413:33566:34535 [0] NCCL INFO Channel 19/24 :    0   7   6   5   4   2  11   9   8  15  14  13  12  10  19  17  16  23  22  21
ip-0A230413:33566:34535 [0] NCCL INFO Channel 20/24 :    0   7   6   5  12  11  10   9   8  15  14  13  20  19  18  17  16  23  22  21
ip-0A230417:23491:24525 [1] NCCL INFO Trees [0] 18/8/-1->17->16 [1] 16/25/-1->17->1 [2] -1/-1/-1->17->16 [3] -1/-1/-1->17->16 [4] 18/-1/-1->17->16 [5] 18/-1/-1->17->16 [6] 18/-1/-1->17->16 [7] 18/-1/-1->17->16 [8] 18/-1/-1->17->16 [9] 16/-1/-1->17->8 [10] -1/-1/-1->17->16 [11] -1/-1/-1->17->16 [12] 18/-1/-1->17->16 [13] 18/-1/-1->17->16 [14] 18/-1/-1->17->16 [15] 18/-1/-1->17->16 [16] 18/8/-1->17->16 [17] 16/25/-1->17->1 [18] -1/-1/-1->17->16 [19] -1/-1/-1->17->16 [20] 18/-1/-1->17->16 [21] 18/-1/-1->17->16 [22] 18/-1/-1->17->16 [23] 18/-1/-1->17->16
ip-0A230413:33566:34535 [0] NCCL INFO Channel 21/24 :    0   7   6   4  13  11  10   9   8  15  14  12  21  19  18  17  16  23  22  20
ip-0A230417:23494:24528 [2] NCCL INFO Trees [0] 19/-1/-1->18->17 [1] 19/-1/-1->18->16 [2] 19/26/-1->18->2 [3] 20/11/-1->18->19 [4] 19/-1/-1->18->17 [5] 19/-1/-1->18->17 [6] 19/-1/-1->18->17 [7] 19/-1/-1->18->17 [8] 19/-1/-1->18->17 [9] 19/-1/-1->18->16 [10] 19/-1/-1->18->11 [11] 20/-1/-1->18->19 [12] 19/-1/-1->18->17 [13] 19/-1/-1->18->17 [14] 19/-1/-1->18->17 [15] 19/-1/-1->18->17 [16] 19/-1/-1->18->17 [17] 19/-1/-1->18->16 [18] 19/26/-1->18->2 [19] 20/11/-1->18->19 [20] 19/-1/-1->18->17 [21] 19/-1/-1->18->17 [22] 19/-1/-1->18->17 [23] 19/-1/-1->18->17
ip-0A230413:33566:34535 [0] NCCL INFO Channel 22/24 :    0   7  14  13  12  11  10   9   8  15  22  21  20  19  18  17  16  23  30  29
ip-0A230413:33566:34535 [0] NCCL INFO Channel 23/24 :    0   6  15  13  12  11  10   9   8  14  23  21  20  19  18  17  16  22  31  29
ip-0A230413:33566:34535 [0] NCCL INFO Trees [0] 1/16/-1->0->-1 [1] 2/-1/-1->0->1 [2] 1/-1/-1->0->7 [3] 1/-1/-1->0->7 [4] 1/-1/-1->0->7 [5] 1/-1/-1->0->7 [6] 1/-1/-1->0->7 [7] 1/-1/-1->0->6 [8] 1/-1/-1->0->8 [9] 2/-1/-1->0->1 [10] 1/-1/-1->0->7 [11] 1/-1/-1->0->7 [12] 1/-1/-1->0->7 [13] 1/-1/-1->0->7 [14] 1/-1/-1->0->7 [15] 1/-1/-1->0->6 [16] 1/16/-1->0->-1 [17] 2/-1/-1->0->1 [18] 1/-1/-1->0->7 [19] 1/-1/-1->0->7 [20] 1/-1/-1->0->7 [21] 1/-1/-1->0->7 [22] 1/-1/-1->0->7 [23] 1/-1/-1->0->6
ip-0A230417:23490:24529 [3] NCCL INFO Trees [0] 20/-1/-1->19->18 [1] 20/-1/-1->19->18 [2] 20/10/-1->19->18 [3] 18/27/-1->19->3 [4] -1/-1/-1->19->18 [5] -1/-1/-1->19->18 [6] 20/-1/-1->19->18 [7] 20/-1/-1->19->18 [8] 20/-1/-1->19->18 [9] 20/-1/-1->19->18 [10] 20/-1/-1->19->18 [11] 18/-1/-1->19->10 [12] -1/-1/-1->19->18 [13] -1/-1/-1->19->18 [14] 20/-1/-1->19->18 [15] 20/-1/-1->19->18 [16] 20/-1/-1->19->18 [17] 20/-1/-1->19->18 [18] 20/10/-1->19->18 [19] 18/27/-1->19->3 [20] -1/-1/-1->19->18 [21] -1/-1/-1->19->18 [22] 20/-1/-1->19->18 [23] 20/-1/-1->19->18
ip-0A230406:83999:85031 [3] NCCL INFO Trees [0] 28/-1/-1->27->26 [1] 28/-1/-1->27->26 [2] 28/-1/-1->27->26 [3] 26/-1/-1->27->19 [4] -1/-1/-1->27->26 [5] -1/-1/-1->27->26 [6] 28/-1/-1->27->26 [7] 28/-1/-1->27->26 [8] 28/-1/-1->27->26 [9] 28/-1/-1->27->26 [10] 28/-1/-1->27->26 [11] 26/11/-1->27->-1 [12] -1/-1/-1->27->26 [13] -1/-1/-1->27->26 [14] 28/-1/-1->27->26 [15] 28/-1/-1->27->26 [16] 28/-1/-1->27->26 [17] 28/-1/-1->27->26 [18] 28/-1/-1->27->26 [19] 26/-1/-1->27->19 [20] -1/-1/-1->27->26 [21] -1/-1/-1->27->26 [22] 28/-1/-1->27->26 [23] 28/-1/-1->27->26
ip-0A230406:83997:85026 [4] NCCL INFO Trees [0] 29/-1/-1->28->27 [1] 29/-1/-1->28->27 [2] 29/-1/-1->28->27 [3] 29/-1/-1->28->26 [4] 29/-1/-1->28->20 [5] 30/-1/-1->28->29 [6] 29/-1/-1->28->27 [7] 29/-1/-1->28->27 [8] 29/-1/-1->28->27 [9] 29/-1/-1->28->27 [10] 29/-1/-1->28->27 [11] 29/-1/-1->28->26 [12] 29/12/-1->28->-1 [13] 30/-1/-1->28->29 [14] 29/-1/-1->28->27 [15] 29/-1/-1->28->27 [16] 29/-1/-1->28->27 [17] 29/-1/-1->28->27 [18] 29/-1/-1->28->27 [19] 29/-1/-1->28->26 [20] 29/-1/-1->28->20 [21] 30/-1/-1->28->29 [22] 29/-1/-1->28->27 [23] 29/-1/-1->28->27
ip-0A230406:84000:85028 [2] NCCL INFO Trees [0] 27/-1/-1->26->25 [1] 27/-1/-1->26->24 [2] 27/-1/-1->26->18 [3] 28/-1/-1->26->27 [4] 27/-1/-1->26->25 [5] 27/-1/-1->26->25 [6] 27/-1/-1->26->25 [7] 27/-1/-1->26->25 [8] 27/-1/-1->26->25 [9] 27/-1/-1->26->24 [10] 27/10/-1->26->-1 [11] 28/-1/-1->26->27 [12] 27/-1/-1->26->25 [13] 27/-1/-1->26->25 [14] 27/-1/-1->26->25 [15] 27/-1/-1->26->25 [16] 27/-1/-1->26->25 [17] 27/-1/-1->26->24 [18] 27/-1/-1->26->18 [19] 28/-1/-1->26->27 [20] 27/-1/-1->26->25 [21] 27/-1/-1->26->25 [22] 27/-1/-1->26->25 [23] 27/-1/-1->26->25
ip-0A230414:84761:85789 [0] NCCL INFO Channel 07 : 8[100000] -> 14[d00000] via P2P/IPC/read
ip-0A230414:84767:85790 [1] NCCL INFO Channel 01 : 9[200000] -> 15[e00000] via P2P/IPC/read
ip-0A230413:33563:34595 [1] NCCL INFO Channel 01 : 1[200000] -> 7[e00000] via P2P/IPC/read
ip-0A230413:33565:34596 [5] NCCL INFO Channel 04/0 : 5[c00000] -> 12[b00000] [send] via NET/IBext/4/GDRDMA
ip-0A230413:33565:34596 [5] NCCL INFO Channel 12/0 : 5[c00000] -> 12[b00000] [send] via NET/IBext/4/GDRDMA
ip-0A230406:84002:85027 [1] NCCL INFO Channel 01 : 25[200000] -> 31[e00000] via P2P/IPC/read
ip-0A230413:33565:34596 [5] NCCL INFO Channel 20/0 : 5[c00000] -> 12[b00000] [send] via NET/IBext/4/GDRDMA
ip-0A230414:84766:85785 [2] NCCL INFO Channel 02/0 : 3[400000] -> 10[300000] [receive] via NET/IBext/2/GDRDMA
ip-0A230417:23491:24525 [1] NCCL INFO Channel 01 : 17[200000] -> 23[e00000] via P2P/IPC/read
ip-0A230414:84766:85785 [2] NCCL INFO Channel 10/0 : 3[400000] -> 10[300000] [receive] via NET/IBext/2/GDRDMA
ip-0A230414:84766:85785 [2] NCCL INFO Channel 18/0 : 3[400000] -> 10[300000] [receive] via NET/IBext/2/GDRDMA
ip-0A230413:33566:34535 [0] NCCL INFO Channel 07 : 0[100000] -> 6[d00000] via P2P/IPC/read
ip-0A230406:84005:85025 [0] NCCL INFO Channel 07 : 24[100000] -> 30[d00000] via P2P/IPC/read
ip-0A230413:33562:34593 [4] NCCL INFO Channel 04/0 : 29[c00000] -> 4[b00000] [receive] via NET/IBext/4/GDRDMA
ip-0A230417:23496:24524 [5] NCCL INFO Channel 04/0 : 21[c00000] -> 28[b00000] [send] via NET/IBext/4/GDRDMA
ip-0A230413:33562:34593 [4] NCCL INFO Channel 12/0 : 29[c00000] -> 4[b00000] [receive] via NET/IBext/4/GDRDMA
ip-0A230413:33562:34593 [4] NCCL INFO Channel 20/0 : 29[c00000] -> 4[b00000] [receive] via NET/IBext/4/GDRDMA
ip-0A230406:83997:85026 [4] NCCL INFO Channel 04/0 : 21[c00000] -> 28[b00000] [receive] via NET/IBext/4/GDRDMA
ip-0A230417:23496:24524 [5] NCCL INFO Channel 12/0 : 21[c00000] -> 28[b00000] [send] via NET/IBext/4/GDRDMA
ip-0A230417:23496:24524 [5] NCCL INFO Channel 20/0 : 21[c00000] -> 28[b00000] [send] via NET/IBext/4/GDRDMA
ip-0A230417:23493:24532 [0] NCCL INFO Channel 07 : 16[100000] -> 22[d00000] via P2P/IPC/read
ip-0A230413:33561:34597 [3] NCCL INFO Channel 02/0 : 3[400000] -> 10[300000] [send] via NET/IBext/2/GDRDMA
ip-0A230413:33561:34597 [3] NCCL INFO Channel 10/0 : 3[400000] -> 10[300000] [send] via NET/IBext/2/GDRDMA
ip-0A230413:33561:34597 [3] NCCL INFO Channel 18/0 : 3[400000] -> 10[300000] [send] via NET/IBext/2/GDRDMA
ip-0A230414:84764:85784 [5] NCCL INFO Channel 04/0 : 13[c00000] -> 20[b00000] [send] via NET/IBext/4/GDRDMA
ip-0A230406:84004:85024 [5] NCCL INFO Channel 04/0 : 29[c00000] -> 4[b00000] [send] via NET/IBext/4/GDRDMA
ip-0A230417:23495:24527 [4] NCCL INFO Channel 04/0 : 13[c00000] -> 20[b00000] [receive] via NET/IBext/4/GDRDMA
ip-0A230414:84764:85784 [5] NCCL INFO Channel 12/0 : 13[c00000] -> 20[b00000] [send] via NET/IBext/4/GDRDMA
ip-0A230414:84761:85789 [0] NCCL INFO Channel 15 : 8[100000] -> 14[d00000] via P2P/IPC/read
ip-0A230414:84764:85784 [5] NCCL INFO Channel 20/0 : 13[c00000] -> 20[b00000] [send] via NET/IBext/4/GDRDMA
ip-0A230413:33563:34595 [1] NCCL INFO Channel 09 : 1[200000] -> 7[e00000] via P2P/IPC/read
ip-0A230406:83997:85026 [4] NCCL INFO Channel 12/0 : 21[c00000] -> 28[b00000] [receive] via NET/IBext/4/GDRDMA
ip-0A230406:84004:85024 [5] NCCL INFO Channel 12/0 : 29[c00000] -> 4[b00000] [send] via NET/IBext/4/GDRDMA
ip-0A230406:83997:85026 [4] NCCL INFO Channel 20/0 : 21[c00000] -> 28[b00000] [receive] via NET/IBext/4/GDRDMA
ip-0A230406:84004:85024 [5] NCCL INFO Channel 20/0 : 29[c00000] -> 4[b00000] [send] via NET/IBext/4/GDRDMA
ip-0A230406:83999:85031 [3] NCCL INFO Channel 02/0 : 27[400000] -> 2[300000] [send] via NET/IBext/2/GDRDMA
ip-0A230417:23495:24527 [4] NCCL INFO Channel 12/0 : 13[c00000] -> 20[b00000] [receive] via NET/IBext/4/GDRDMA
ip-0A230417:23495:24527 [4] NCCL INFO Channel 20/0 : 13[c00000] -> 20[b00000] [receive] via NET/IBext/4/GDRDMA
ip-0A230406:83999:85031 [3] NCCL INFO Channel 10/0 : 27[400000] -> 2[300000] [send] via NET/IBext/2/GDRDMA
ip-0A230406:83999:85031 [3] NCCL INFO Channel 18/0 : 27[400000] -> 2[300000] [send] via NET/IBext/2/GDRDMA
ip-0A230413:33564:34599 [2] NCCL INFO Channel 02/0 : 27[400000] -> 2[300000] [receive] via NET/IBext/2/GDRDMA
ip-0A230413:33564:34599 [2] NCCL INFO Channel 10/0 : 27[400000] -> 2[300000] [receive] via NET/IBext/2/GDRDMA
ip-0A230413:33564:34599 [2] NCCL INFO Channel 18/0 : 27[400000] -> 2[300000] [receive] via NET/IBext/2/GDRDMA
ip-0A230417:23494:24528 [2] NCCL INFO Channel 02/0 : 11[400000] -> 18[300000] [receive] via NET/IBext/2/GDRDMA
ip-0A230414:84767:85790 [1] NCCL INFO Channel 09 : 9[200000] -> 15[e00000] via P2P/IPC/read
ip-0A230414:84760:85788 [4] NCCL INFO Channel 04/0 : 5[c00000] -> 12[b00000] [receive] via NET/IBext/4/GDRDMA
ip-0A230414:84760:85788 [4] NCCL INFO Channel 12/0 : 5[c00000] -> 12[b00000] [receive] via NET/IBext/4/GDRDMA
ip-0A230414:84760:85788 [4] NCCL INFO Channel 20/0 : 5[c00000] -> 12[b00000] [receive] via NET/IBext/4/GDRDMA
ip-0A230417:23490:24529 [3] NCCL INFO Channel 02/0 : 19[400000] -> 26[300000] [send] via NET/IBext/2/GDRDMA
ip-0A230406:84002:85027 [1] NCCL INFO Channel 09 : 25[200000] -> 31[e00000] via P2P/IPC/read
ip-0A230417:23490:24529 [3] NCCL INFO Channel 10/0 : 19[400000] -> 26[300000] [send] via NET/IBext/2/GDRDMA
ip-0A230417:23490:24529 [3] NCCL INFO Channel 18/0 : 19[400000] -> 26[300000] [send] via NET/IBext/2/GDRDMA
ip-0A230413:33566:34535 [0] NCCL INFO Channel 15 : 0[100000] -> 6[d00000] via P2P/IPC/read
ip-0A230414:84765:85791 [3] NCCL INFO Channel 02/0 : 11[400000] -> 18[300000] [send] via NET/IBext/2/GDRDMA
ip-0A230417:23491:24525 [1] NCCL INFO Channel 09 : 17[200000] -> 23[e00000] via P2P/IPC/read
ip-0A230406:84005:85025 [0] NCCL INFO Channel 15 : 24[100000] -> 30[d00000] via P2P/IPC/read
ip-0A230414:84765:85791 [3] NCCL INFO Channel 10/0 : 11[400000] -> 18[300000] [send] via NET/IBext/2/GDRDMA
ip-0A230414:84765:85791 [3] NCCL INFO Channel 18/0 : 11[400000] -> 18[300000] [send] via NET/IBext/2/GDRDMA
ip-0A230406:84000:85028 [2] NCCL INFO Channel 02/0 : 19[400000] -> 26[300000] [receive] via NET/IBext/2/GDRDMA
ip-0A230406:84000:85028 [2] NCCL INFO Channel 10/0 : 19[400000] -> 26[300000] [receive] via NET/IBext/2/GDRDMA
ip-0A230406:84000:85028 [2] NCCL INFO Channel 18/0 : 19[400000] -> 26[300000] [receive] via NET/IBext/2/GDRDMA
ip-0A230417:23493:24532 [0] NCCL INFO Channel 15 : 16[100000] -> 22[d00000] via P2P/IPC/read
ip-0A230414:84761:85789 [0] NCCL INFO Channel 23 : 8[100000] -> 14[d00000] via P2P/IPC/read
ip-0A230413:33563:34595 [1] NCCL INFO Channel 17 : 1[200000] -> 7[e00000] via P2P/IPC/read
ip-0A230414:84767:85790 [1] NCCL INFO Channel 17 : 9[200000] -> 15[e00000] via P2P/IPC/read
ip-0A230406:84002:85027 [1] NCCL INFO Channel 17 : 25[200000] -> 31[e00000] via P2P/IPC/read
ip-0A230417:23491:24525 [1] NCCL INFO Channel 17 : 17[200000] -> 23[e00000] via P2P/IPC/read
ip-0A230413:33566:34535 [0] NCCL INFO Channel 23 : 0[100000] -> 6[d00000] via P2P/IPC/read
ip-0A230406:84005:85025 [0] NCCL INFO Channel 23 : 24[100000] -> 30[d00000] via P2P/IPC/read
ip-0A230417:23493:24532 [0] NCCL INFO Channel 23 : 16[100000] -> 22[d00000] via P2P/IPC/read
ip-0A230417:23494:24528 [2] NCCL INFO Channel 10/0 : 11[400000] -> 18[300000] [receive] via NET/IBext/2/GDRDMA
ip-0A230417:23494:24528 [2] NCCL INFO Channel 18/0 : 11[400000] -> 18[300000] [receive] via NET/IBext/2/GDRDMA
ip-0A230414:84761:85789 [0] NCCL INFO Channel 00/0 : 1[200000] -> 8[100000] [receive] via NET/IBext/0/GDRDMA
ip-0A230413:33563:34595 [1] NCCL INFO Channel 00/0 : 1[200000] -> 8[100000] [send] via NET/IBext/0/GDRDMA
ip-0A230413:33563:34595 [1] NCCL INFO Channel 08/0 : 1[200000] -> 8[100000] [send] via NET/IBext/0/GDRDMA
ip-0A230413:33563:34595 [1] NCCL INFO Channel 16/0 : 1[200000] -> 8[100000] [send] via NET/IBext/0/GDRDMA
ip-0A230414:84762:85787 [6] NCCL INFO Channel 06/0 : 7[e00000] -> 14[d00000] [receive] via NET/IBext/6/GDRDMA
ip-0A230414:84762:85787 [6] NCCL INFO Channel 14/0 : 7[e00000] -> 14[d00000] [receive] via NET/IBext/6/GDRDMA
ip-0A230414:84762:85787 [6] NCCL INFO Channel 22/0 : 7[e00000] -> 14[d00000] [receive] via NET/IBext/6/GDRDMA
ip-0A230417:23491:24525 [1] NCCL INFO Channel 00/0 : 17[200000] -> 24[100000] [send] via NET/IBext/0/GDRDMA
ip-0A230417:23491:24525 [1] NCCL INFO Channel 08/0 : 17[200000] -> 24[100000] [send] via NET/IBext/0/GDRDMA
ip-0A230417:23491:24525 [1] NCCL INFO Channel 16/0 : 17[200000] -> 24[100000] [send] via NET/IBext/0/GDRDMA
ip-0A230414:84767:85790 [1] NCCL INFO Channel 00/0 : 9[200000] -> 16[100000] [send] via NET/IBext/0/GDRDMA
ip-0A230406:84002:85027 [1] NCCL INFO Channel 00/0 : 25[200000] -> 0[100000] [send] via NET/IBext/0/GDRDMA
ip-0A230406:84002:85027 [1] NCCL INFO Channel 08/0 : 25[200000] -> 0[100000] [send] via NET/IBext/0/GDRDMA
ip-0A230406:84002:85027 [1] NCCL INFO Channel 16/0 : 25[200000] -> 0[100000] [send] via NET/IBext/0/GDRDMA
ip-0A230413:33567:34594 [6] NCCL INFO Channel 06/0 : 31[e00000] -> 6[d00000] [receive] via NET/IBext/6/GDRDMA
ip-0A230413:33567:34594 [6] NCCL INFO Channel 14/0 : 31[e00000] -> 6[d00000] [receive] via NET/IBext/6/GDRDMA
ip-0A230413:33567:34594 [6] NCCL INFO Channel 22/0 : 31[e00000] -> 6[d00000] [receive] via NET/IBext/6/GDRDMA
ip-0A230417:23497:24526 [6] NCCL INFO Channel 06/0 : 15[e00000] -> 22[d00000] [receive] via NET/IBext/6/GDRDMA
ip-0A230413:33566:34535 [0] NCCL INFO Channel 00/0 : 25[200000] -> 0[100000] [receive] via NET/IBext/0/GDRDMA
ip-0A230413:33566:34535 [0] NCCL INFO Channel 08/0 : 25[200000] -> 0[100000] [receive] via NET/IBext/0/GDRDMA
ip-0A230417:23493:24532 [0] NCCL INFO Channel 00/0 : 9[200000] -> 16[100000] [receive] via NET/IBext/0/GDRDMA
ip-0A230413:33566:34535 [0] NCCL INFO Channel 16/0 : 25[200000] -> 0[100000] [receive] via NET/IBext/0/GDRDMA
ip-0A230413:33566:34535 [0] NCCL INFO Channel 00 : 0[100000] -> 7[e00000] via P2P/IPC/read
ip-0A230406:83998:85029 [6] NCCL INFO Channel 06/0 : 23[e00000] -> 30[d00000] [receive] via NET/IBext/6/GDRDMA
ip-0A230406:83998:85029 [6] NCCL INFO Channel 14/0 : 23[e00000] -> 30[d00000] [receive] via NET/IBext/6/GDRDMA
ip-0A230406:83998:85029 [6] NCCL INFO Channel 22/0 : 23[e00000] -> 30[d00000] [receive] via NET/IBext/6/GDRDMA
ip-0A230406:84005:85025 [0] NCCL INFO Channel 00/0 : 17[200000] -> 24[100000] [receive] via NET/IBext/0/GDRDMA
ip-0A230406:84005:85025 [0] NCCL INFO Channel 08/0 : 17[200000] -> 24[100000] [receive] via NET/IBext/0/GDRDMA
ip-0A230406:84005:85025 [0] NCCL INFO Channel 16/0 : 17[200000] -> 24[100000] [receive] via NET/IBext/0/GDRDMA
ip-0A230406:84005:85025 [0] NCCL INFO Channel 00 : 24[100000] -> 31[e00000] via P2P/IPC/read
ip-0A230413:33566:34535 [0] NCCL INFO Channel 02 : 0[100000] -> 7[e00000] via P2P/IPC/read
ip-0A230406:84005:85025 [0] NCCL INFO Channel 02 : 24[100000] -> 31[e00000] via P2P/IPC/read
ip-0A230413:33566:34535 [0] NCCL INFO Channel 03 : 0[100000] -> 7[e00000] via P2P/IPC/read
ip-0A230406:84005:85025 [0] NCCL INFO Channel 03 : 24[100000] -> 31[e00000] via P2P/IPC/read
ip-0A230414:84761:85789 [0] NCCL INFO Channel 08/0 : 1[200000] -> 8[100000] [receive] via NET/IBext/0/GDRDMA
ip-0A230414:84761:85789 [0] NCCL INFO Channel 16/0 : 1[200000] -> 8[100000] [receive] via NET/IBext/0/GDRDMA
ip-0A230414:84761:85789 [0] NCCL INFO Channel 00 : 8[100000] -> 15[e00000] via P2P/IPC/read
ip-0A230413:33566:34535 [0] NCCL INFO Channel 04 : 0[100000] -> 7[e00000] via P2P/IPC/read
ip-0A230406:84005:85025 [0] NCCL INFO Channel 04 : 24[100000] -> 31[e00000] via P2P/IPC/read
ip-0A230414:84767:85790 [1] NCCL INFO Channel 08/0 : 9[200000] -> 16[100000] [send] via NET/IBext/0/GDRDMA
ip-0A230414:84767:85790 [1] NCCL INFO Channel 16/0 : 9[200000] -> 16[100000] [send] via NET/IBext/0/GDRDMA
ip-0A230414:84761:85789 [0] NCCL INFO Channel 02 : 8[100000] -> 15[e00000] via P2P/IPC/read
ip-0A230417:23493:24532 [0] NCCL INFO Channel 08/0 : 9[200000] -> 16[100000] [receive] via NET/IBext/0/GDRDMA
ip-0A230417:23493:24532 [0] NCCL INFO Channel 16/0 : 9[200000] -> 16[100000] [receive] via NET/IBext/0/GDRDMA
ip-0A230417:23493:24532 [0] NCCL INFO Channel 00 : 16[100000] -> 23[e00000] via P2P/IPC/read
ip-0A230417:23497:24526 [6] NCCL INFO Channel 14/0 : 15[e00000] -> 22[d00000] [receive] via NET/IBext/6/GDRDMA
ip-0A230417:23497:24526 [6] NCCL INFO Channel 22/0 : 15[e00000] -> 22[d00000] [receive] via NET/IBext/6/GDRDMA
ip-0A230413:33566:34535 [0] NCCL INFO Channel 05 : 0[100000] -> 7[e00000] via P2P/IPC/read
ip-0A230406:84005:85025 [0] NCCL INFO Channel 05 : 24[100000] -> 31[e00000] via P2P/IPC/read
ip-0A230414:84761:85789 [0] NCCL INFO Channel 03 : 8[100000] -> 15[e00000] via P2P/IPC/read
ip-0A230417:23493:24532 [0] NCCL INFO Channel 02 : 16[100000] -> 23[e00000] via P2P/IPC/read
ip-0A230413:33566:34535 [0] NCCL INFO Channel 06 : 0[100000] -> 7[e00000] via P2P/IPC/read
ip-0A230406:84005:85025 [0] NCCL INFO Channel 06 : 24[100000] -> 31[e00000] via P2P/IPC/read
ip-0A230414:84761:85789 [0] NCCL INFO Channel 04 : 8[100000] -> 15[e00000] via P2P/IPC/read
ip-0A230417:23493:24532 [0] NCCL INFO Channel 03 : 16[100000] -> 23[e00000] via P2P/IPC/read
ip-0A230413:33566:34535 [0] NCCL INFO Channel 08 : 0[100000] -> 7[e00000] via P2P/IPC/read
ip-0A230406:84005:85025 [0] NCCL INFO Channel 08 : 24[100000] -> 31[e00000] via P2P/IPC/read
ip-0A230414:84761:85789 [0] NCCL INFO Channel 05 : 8[100000] -> 15[e00000] via P2P/IPC/read
ip-0A230417:23493:24532 [0] NCCL INFO Channel 04 : 16[100000] -> 23[e00000] via P2P/IPC/read
ip-0A230413:33566:34535 [0] NCCL INFO Channel 10 : 0[100000] -> 7[e00000] via P2P/IPC/read
ip-0A230406:84005:85025 [0] NCCL INFO Channel 10 : 24[100000] -> 31[e00000] via P2P/IPC/read
ip-0A230414:84761:85789 [0] NCCL INFO Channel 06 : 8[100000] -> 15[e00000] via P2P/IPC/read
ip-0A230417:23493:24532 [0] NCCL INFO Channel 05 : 16[100000] -> 23[e00000] via P2P/IPC/read
ip-0A230413:33566:34535 [0] NCCL INFO Channel 11 : 0[100000] -> 7[e00000] via P2P/IPC/read
ip-0A230414:84761:85789 [0] NCCL INFO Channel 08 : 8[100000] -> 15[e00000] via P2P/IPC/read
ip-0A230406:84005:85025 [0] NCCL INFO Channel 11 : 24[100000] -> 31[e00000] via P2P/IPC/read
ip-0A230417:23493:24532 [0] NCCL INFO Channel 06 : 16[100000] -> 23[e00000] via P2P/IPC/read
ip-0A230413:33566:34535 [0] NCCL INFO Channel 12 : 0[100000] -> 7[e00000] via P2P/IPC/read
ip-0A230414:84761:85789 [0] NCCL INFO Channel 10 : 8[100000] -> 15[e00000] via P2P/IPC/read
ip-0A230406:84005:85025 [0] NCCL INFO Channel 12 : 24[100000] -> 31[e00000] via P2P/IPC/read
ip-0A230417:23493:24532 [0] NCCL INFO Channel 08 : 16[100000] -> 23[e00000] via P2P/IPC/read
ip-0A230413:33566:34535 [0] NCCL INFO Channel 13 : 0[100000] -> 7[e00000] via P2P/IPC/read
ip-0A230406:84005:85025 [0] NCCL INFO Channel 13 : 24[100000] -> 31[e00000] via P2P/IPC/read
ip-0A230414:84761:85789 [0] NCCL INFO Channel 11 : 8[100000] -> 15[e00000] via P2P/IPC/read
ip-0A230417:23493:24532 [0] NCCL INFO Channel 10 : 16[100000] -> 23[e00000] via P2P/IPC/read
ip-0A230413:33566:34535 [0] NCCL INFO Channel 14 : 0[100000] -> 7[e00000] via P2P/IPC/read
ip-0A230406:84005:85025 [0] NCCL INFO Channel 14 : 24[100000] -> 31[e00000] via P2P/IPC/read
ip-0A230414:84761:85789 [0] NCCL INFO Channel 12 : 8[100000] -> 15[e00000] via P2P/IPC/read
ip-0A230413:33566:34535 [0] NCCL INFO Channel 16 : 0[100000] -> 7[e00000] via P2P/IPC/read
ip-0A230417:23493:24532 [0] NCCL INFO Channel 11 : 16[100000] -> 23[e00000] via P2P/IPC/read
ip-0A230406:84005:85025 [0] NCCL INFO Channel 16 : 24[100000] -> 31[e00000] via P2P/IPC/read
ip-0A230417:23493:24532 [0] NCCL INFO Channel 12 : 16[100000] -> 23[e00000] via P2P/IPC/read
ip-0A230413:33566:34535 [0] NCCL INFO Channel 18 : 0[100000] -> 7[e00000] via P2P/IPC/read
ip-0A230414:84761:85789 [0] NCCL INFO Channel 13 : 8[100000] -> 15[e00000] via P2P/IPC/read
ip-0A230417:23496:24524 [5] NCCL INFO Channel 05/0 : 12[b00000] -> 21[c00000] [receive] via NET/IBext/5/GDRDMA
ip-0A230413:33561:34597 [3] NCCL INFO Channel 03/0 : 26[300000] -> 3[400000] [receive] via NET/IBext/3/GDRDMA
ip-0A230417:23496:24524 [5] NCCL INFO Channel 13/0 : 12[b00000] -> 21[c00000] [receive] via NET/IBext/5/GDRDMA
ip-0A230417:23496:24524 [5] NCCL INFO Channel 21/0 : 12[b00000] -> 21[c00000] [receive] via NET/IBext/5/GDRDMA
ip-0A230413:33561:34597 [3] NCCL INFO Channel 11/0 : 26[300000] -> 3[400000] [receive] via NET/IBext/3/GDRDMA
ip-0A230413:33561:34597 [3] NCCL INFO Channel 19/0 : 26[300000] -> 3[400000] [receive] via NET/IBext/3/GDRDMA
ip-0A230406:84005:85025 [0] NCCL INFO Channel 18 : 24[100000] -> 31[e00000] via P2P/IPC/read
ip-0A230413:33566:34535 [0] NCCL INFO Channel 19 : 0[100000] -> 7[e00000] via P2P/IPC/read
ip-0A230417:23493:24532 [0] NCCL INFO Channel 13 : 16[100000] -> 23[e00000] via P2P/IPC/read
ip-0A230414:84761:85789 [0] NCCL INFO Channel 14 : 8[100000] -> 15[e00000] via P2P/IPC/read
ip-0A230413:33566:34535 [0] NCCL INFO Channel 20 : 0[100000] -> 7[e00000] via P2P/IPC/read
ip-0A230406:84005:85025 [0] NCCL INFO Channel 19 : 24[100000] -> 31[e00000] via P2P/IPC/read
ip-0A230417:23493:24532 [0] NCCL INFO Channel 14 : 16[100000] -> 23[e00000] via P2P/IPC/read
ip-0A230414:84761:85789 [0] NCCL INFO Channel 16 : 8[100000] -> 15[e00000] via P2P/IPC/read
ip-0A230413:33566:34535 [0] NCCL INFO Channel 21 : 0[100000] -> 7[e00000] via P2P/IPC/read
ip-0A230417:23493:24532 [0] NCCL INFO Channel 16 : 16[100000] -> 23[e00000] via P2P/IPC/read
ip-0A230406:84005:85025 [0] NCCL INFO Channel 20 : 24[100000] -> 31[e00000] via P2P/IPC/read
ip-0A230406:84004:85024 [5] NCCL INFO Channel 05/0 : 20[b00000] -> 29[c00000] [receive] via NET/IBext/5/GDRDMA
ip-0A230406:84004:85024 [5] NCCL INFO Channel 13/0 : 20[b00000] -> 29[c00000] [receive] via NET/IBext/5/GDRDMA
ip-0A230406:84004:85024 [5] NCCL INFO Channel 21/0 : 20[b00000] -> 29[c00000] [receive] via NET/IBext/5/GDRDMA
ip-0A230413:33566:34535 [0] NCCL INFO Channel 22 : 0[100000] -> 7[e00000] via P2P/IPC/read
ip-0A230417:23493:24532 [0] NCCL INFO Channel 18 : 16[100000] -> 23[e00000] via P2P/IPC/read
ip-0A230414:84761:85789 [0] NCCL INFO Channel 18 : 8[100000] -> 15[e00000] via P2P/IPC/read
ip-0A230406:84005:85025 [0] NCCL INFO Channel 21 : 24[100000] -> 31[e00000] via P2P/IPC/read
ip-0A230417:23493:24532 [0] NCCL INFO Channel 19 : 16[100000] -> 23[e00000] via P2P/IPC/read
ip-0A230417:23493:24532 [0] NCCL INFO Channel 20 : 16[100000] -> 23[e00000] via P2P/IPC/read
ip-0A230417:23493:24532 [0] NCCL INFO Channel 21 : 16[100000] -> 23[e00000] via P2P/IPC/read
ip-0A230417:23493:24532 [0] NCCL INFO Channel 22 : 16[100000] -> 23[e00000] via P2P/IPC/read
ip-0A230414:84761:85789 [0] NCCL INFO Channel 19 : 8[100000] -> 15[e00000] via P2P/IPC/read
ip-0A230414:84761:85789 [0] NCCL INFO Channel 20 : 8[100000] -> 15[e00000] via P2P/IPC/read
ip-0A230414:84761:85789 [0] NCCL INFO Channel 21 : 8[100000] -> 15[e00000] via P2P/IPC/read
ip-0A230414:84761:85789 [0] NCCL INFO Channel 22 : 8[100000] -> 15[e00000] via P2P/IPC/read
ip-0A230406:84005:85025 [0] NCCL INFO Channel 22 : 24[100000] -> 31[e00000] via P2P/IPC/read
ip-0A230414:84764:85784 [5] NCCL INFO Channel 05/0 : 4[b00000] -> 13[c00000] [receive] via NET/IBext/5/GDRDMA
ip-0A230414:84764:85784 [5] NCCL INFO Channel 13/0 : 4[b00000] -> 13[c00000] [receive] via NET/IBext/5/GDRDMA
ip-0A230414:84764:85784 [5] NCCL INFO Channel 21/0 : 4[b00000] -> 13[c00000] [receive] via NET/IBext/5/GDRDMA
ip-0A230417:23490:24529 [3] NCCL INFO Channel 03/0 : 10[300000] -> 19[400000] [receive] via NET/IBext/3/GDRDMA
ip-0A230413:33565:34596 [5] NCCL INFO Channel 05/0 : 28[b00000] -> 5[c00000] [receive] via NET/IBext/5/GDRDMA
ip-0A230413:33565:34596 [5] NCCL INFO Channel 13/0 : 28[b00000] -> 5[c00000] [receive] via NET/IBext/5/GDRDMA
ip-0A230417:23490:24529 [3] NCCL INFO Channel 11/0 : 10[300000] -> 19[400000] [receive] via NET/IBext/3/GDRDMA
ip-0A230417:23490:24529 [3] NCCL INFO Channel 19/0 : 10[300000] -> 19[400000] [receive] via NET/IBext/3/GDRDMA
ip-0A230413:33565:34596 [5] NCCL INFO Channel 21/0 : 28[b00000] -> 5[c00000] [receive] via NET/IBext/5/GDRDMA
ip-0A230406:83999:85031 [3] NCCL INFO Channel 03/0 : 18[300000] -> 27[400000] [receive] via NET/IBext/3/GDRDMA
ip-0A230406:83999:85031 [3] NCCL INFO Channel 11/0 : 18[300000] -> 27[400000] [receive] via NET/IBext/3/GDRDMA
ip-0A230406:83999:85031 [3] NCCL INFO Channel 19/0 : 18[300000] -> 27[400000] [receive] via NET/IBext/3/GDRDMA
ip-0A230417:23495:24527 [4] NCCL INFO Channel 05/0 : 20[b00000] -> 29[c00000] [send] via NET/IBext/5/GDRDMA
ip-0A230413:33562:34593 [4] NCCL INFO Channel 05/0 : 4[b00000] -> 13[c00000] [send] via NET/IBext/5/GDRDMA
ip-0A230417:23495:24527 [4] NCCL INFO Channel 13/0 : 20[b00000] -> 29[c00000] [send] via NET/IBext/5/GDRDMA
ip-0A230417:23495:24527 [4] NCCL INFO Channel 21/0 : 20[b00000] -> 29[c00000] [send] via NET/IBext/5/GDRDMA
ip-0A230414:84766:85785 [2] NCCL INFO Channel 03/0 : 10[300000] -> 19[400000] [send] via NET/IBext/3/GDRDMA
ip-0A230414:84766:85785 [2] NCCL INFO Channel 11/0 : 10[300000] -> 19[400000] [send] via NET/IBext/3/GDRDMA
ip-0A230414:84766:85785 [2] NCCL INFO Channel 19/0 : 10[300000] -> 19[400000] [send] via NET/IBext/3/GDRDMA
ip-0A230406:83997:85026 [4] NCCL INFO Channel 05/0 : 28[b00000] -> 5[c00000] [send] via NET/IBext/5/GDRDMA
ip-0A230406:83997:85026 [4] NCCL INFO Channel 13/0 : 28[b00000] -> 5[c00000] [send] via NET/IBext/5/GDRDMA
ip-0A230406:83997:85026 [4] NCCL INFO Channel 21/0 : 28[b00000] -> 5[c00000] [send] via NET/IBext/5/GDRDMA
ip-0A230414:84760:85788 [4] NCCL INFO Channel 05/0 : 12[b00000] -> 21[c00000] [send] via NET/IBext/5/GDRDMA
ip-0A230417:23494:24528 [2] NCCL INFO Channel 03/0 : 18[300000] -> 27[400000] [send] via NET/IBext/3/GDRDMA
ip-0A230413:33564:34599 [2] NCCL INFO Channel 03/0 : 2[300000] -> 11[400000] [send] via NET/IBext/3/GDRDMA
ip-0A230417:23492:24531 [7] NCCL INFO Channel 06/0 : 23[e00000] -> 30[d00000] [send] via NET/IBext/6/GDRDMA
ip-0A230417:23494:24528 [2] NCCL INFO Channel 11/0 : 18[300000] -> 27[400000] [send] via NET/IBext/3/GDRDMA
ip-0A230413:33560:34598 [7] NCCL INFO Channel 06/0 : 7[e00000] -> 14[d00000] [send] via NET/IBext/6/GDRDMA
ip-0A230417:23492:24531 [7] NCCL INFO Channel 14/0 : 23[e00000] -> 30[d00000] [send] via NET/IBext/6/GDRDMA
ip-0A230413:33564:34599 [2] NCCL INFO Channel 11/0 : 2[300000] -> 11[400000] [send] via NET/IBext/3/GDRDMA
ip-0A230417:23494:24528 [2] NCCL INFO Channel 19/0 : 18[300000] -> 27[400000] [send] via NET/IBext/3/GDRDMA
ip-0A230413:33560:34598 [7] NCCL INFO Channel 14/0 : 7[e00000] -> 14[d00000] [send] via NET/IBext/6/GDRDMA
ip-0A230417:23492:24531 [7] NCCL INFO Channel 22/0 : 23[e00000] -> 30[d00000] [send] via NET/IBext/6/GDRDMA
ip-0A230413:33564:34599 [2] NCCL INFO Channel 19/0 : 2[300000] -> 11[400000] [send] via NET/IBext/3/GDRDMA
ip-0A230413:33560:34598 [7] NCCL INFO Channel 22/0 : 7[e00000] -> 14[d00000] [send] via NET/IBext/6/GDRDMA
ip-0A230414:84765:85791 [3] NCCL INFO Channel 03/0 : 2[300000] -> 11[400000] [receive] via NET/IBext/3/GDRDMA
ip-0A230414:84763:85792 [7] NCCL INFO Channel 06/0 : 15[e00000] -> 22[d00000] [send] via NET/IBext/6/GDRDMA
ip-0A230414:84763:85792 [7] NCCL INFO Channel 14/0 : 15[e00000] -> 22[d00000] [send] via NET/IBext/6/GDRDMA
ip-0A230414:84763:85792 [7] NCCL INFO Channel 22/0 : 15[e00000] -> 22[d00000] [send] via NET/IBext/6/GDRDMA
ip-0A230406:84000:85028 [2] NCCL INFO Channel 03/0 : 26[300000] -> 3[400000] [send] via NET/IBext/3/GDRDMA
ip-0A230406:84003:85030 [7] NCCL INFO Channel 06/0 : 31[e00000] -> 6[d00000] [send] via NET/IBext/6/GDRDMA
ip-0A230406:84000:85028 [2] NCCL INFO Channel 11/0 : 26[300000] -> 3[400000] [send] via NET/IBext/3/GDRDMA
ip-0A230406:84003:85030 [7] NCCL INFO Channel 14/0 : 31[e00000] -> 6[d00000] [send] via NET/IBext/6/GDRDMA
ip-0A230406:84000:85028 [2] NCCL INFO Channel 19/0 : 26[300000] -> 3[400000] [send] via NET/IBext/3/GDRDMA
ip-0A230406:84003:85030 [7] NCCL INFO Channel 22/0 : 31[e00000] -> 6[d00000] [send] via NET/IBext/6/GDRDMA
ip-0A230413:33562:34593 [4] NCCL INFO Channel 13/0 : 4[b00000] -> 13[c00000] [send] via NET/IBext/5/GDRDMA
ip-0A230413:33562:34593 [4] NCCL INFO Channel 21/0 : 4[b00000] -> 13[c00000] [send] via NET/IBext/5/GDRDMA
ip-0A230414:84760:85788 [4] NCCL INFO Channel 13/0 : 12[b00000] -> 21[c00000] [send] via NET/IBext/5/GDRDMA
ip-0A230414:84760:85788 [4] NCCL INFO Channel 21/0 : 12[b00000] -> 21[c00000] [send] via NET/IBext/5/GDRDMA
ip-0A230414:84765:85791 [3] NCCL INFO Channel 11/0 : 2[300000] -> 11[400000] [receive] via NET/IBext/3/GDRDMA
ip-0A230406:84002:85027 [1] NCCL INFO Channel 01/0 : 16[100000] -> 25[200000] [receive] via NET/IBext/1/GDRDMA
ip-0A230406:84002:85027 [1] NCCL INFO Channel 09/0 : 16[100000] -> 25[200000] [receive] via NET/IBext/1/GDRDMA
ip-0A230406:84002:85027 [1] NCCL INFO Channel 17/0 : 16[100000] -> 25[200000] [receive] via NET/IBext/1/GDRDMA
ip-0A230414:84767:85790 [1] NCCL INFO Channel 01/0 : 0[100000] -> 9[200000] [receive] via NET/IBext/1/GDRDMA
ip-0A230414:84767:85790 [1] NCCL INFO Channel 09/0 : 0[100000] -> 9[200000] [receive] via NET/IBext/1/GDRDMA
ip-0A230414:84767:85790 [1] NCCL INFO Channel 17/0 : 0[100000] -> 9[200000] [receive] via NET/IBext/1/GDRDMA
ip-0A230414:84765:85791 [3] NCCL INFO Channel 19/0 : 2[300000] -> 11[400000] [receive] via NET/IBext/3/GDRDMA
ip-0A230417:23491:24525 [1] NCCL INFO Channel 01/0 : 8[100000] -> 17[200000] [receive] via NET/IBext/1/GDRDMA
ip-0A230417:23491:24525 [1] NCCL INFO Channel 09/0 : 8[100000] -> 17[200000] [receive] via NET/IBext/1/GDRDMA
ip-0A230417:23491:24525 [1] NCCL INFO Channel 17/0 : 8[100000] -> 17[200000] [receive] via NET/IBext/1/GDRDMA
ip-0A230413:33563:34595 [1] NCCL INFO Channel 01/0 : 24[100000] -> 1[200000] [receive] via NET/IBext/1/GDRDMA
ip-0A230413:33563:34595 [1] NCCL INFO Channel 09/0 : 24[100000] -> 1[200000] [receive] via NET/IBext/1/GDRDMA
ip-0A230413:33563:34595 [1] NCCL INFO Channel 17/0 : 24[100000] -> 1[200000] [receive] via NET/IBext/1/GDRDMA
ip-0A230414:84766:85785 [2] NCCL INFO Channel 01 : 10[300000] -> 8[100000] via P2P/IPC/read
ip-0A230417:23495:24527 [4] NCCL INFO Channel 03 : 20[b00000] -> 18[300000] via P2P/IPC/read
ip-0A230414:84766:85785 [2] NCCL INFO Channel 09 : 10[300000] -> 8[100000] via P2P/IPC/read
ip-0A230417:23495:24527 [4] NCCL INFO Channel 11 : 20[b00000] -> 18[300000] via P2P/IPC/read
ip-0A230414:84766:85785 [2] NCCL INFO Channel 17 : 10[300000] -> 8[100000] via P2P/IPC/read
ip-0A230417:23495:24527 [4] NCCL INFO Channel 19 : 20[b00000] -> 18[300000] via P2P/IPC/read
ip-0A230406:83997:85026 [4] NCCL INFO Channel 03 : 28[b00000] -> 26[300000] via P2P/IPC/read
ip-0A230406:84004:85024 [5] NCCL INFO Channel 05 : 29[c00000] -> 27[400000] via P2P/IPC/read
ip-0A230413:33565:34596 [5] NCCL INFO Channel 05 : 5[c00000] -> 3[400000] via P2P/IPC/read
ip-0A230406:83997:85026 [4] NCCL INFO Channel 11 : 28[b00000] -> 26[300000] via P2P/IPC/read
ip-0A230406:84004:85024 [5] NCCL INFO Channel 13 : 29[c00000] -> 27[400000] via P2P/IPC/read
ip-0A230406:83997:85026 [4] NCCL INFO Channel 19 : 28[b00000] -> 26[300000] via P2P/IPC/read
ip-0A230413:33565:34596 [5] NCCL INFO Channel 13 : 5[c00000] -> 3[400000] via P2P/IPC/read
ip-0A230406:84004:85024 [5] NCCL INFO Channel 21 : 29[c00000] -> 27[400000] via P2P/IPC/read
ip-0A230417:23494:24528 [2] NCCL INFO Channel 01 : 18[300000] -> 16[100000] via P2P/IPC/read
ip-0A230413:33565:34596 [5] NCCL INFO Channel 21 : 5[c00000] -> 3[400000] via P2P/IPC/read
ip-0A230417:23494:24528 [2] NCCL INFO Channel 09 : 18[300000] -> 16[100000] via P2P/IPC/read
ip-0A230417:23494:24528 [2] NCCL INFO Channel 17 : 18[300000] -> 16[100000] via P2P/IPC/read
ip-0A230414:84760:85788 [4] NCCL INFO Channel 03 : 12[b00000] -> 10[300000] via P2P/IPC/read
ip-0A230406:83999:85031 [3] NCCL INFO Channel 03 : 27[400000] -> 25[200000] via P2P/IPC/read
ip-0A230414:84760:85788 [4] NCCL INFO Channel 11 : 12[b00000] -> 10[300000] via P2P/IPC/read
ip-0A230406:84000:85028 [2] NCCL INFO Channel 01 : 26[300000] -> 24[100000] via P2P/IPC/read
ip-0A230406:83999:85031 [3] NCCL INFO Channel 11 : 27[400000] -> 25[200000] via P2P/IPC/read
ip-0A230406:84000:85028 [2] NCCL INFO Channel 09 : 26[300000] -> 24[100000] via P2P/IPC/read
ip-0A230406:83999:85031 [3] NCCL INFO Channel 19 : 27[400000] -> 25[200000] via P2P/IPC/read
ip-0A230414:84760:85788 [4] NCCL INFO Channel 19 : 12[b00000] -> 10[300000] via P2P/IPC/read
ip-0A230406:84000:85028 [2] NCCL INFO Channel 17 : 26[300000] -> 24[100000] via P2P/IPC/read
ip-0A230414:84764:85784 [5] NCCL INFO Channel 05 : 13[c00000] -> 11[400000] via P2P/IPC/read
ip-0A230414:84763:85792 [7] NCCL INFO Channel 07/0 : 6[d00000] -> 15[e00000] [receive] via NET/IBext/7/GDRDMA
ip-0A230414:84763:85792 [7] NCCL INFO Channel 15/0 : 6[d00000] -> 15[e00000] [receive] via NET/IBext/7/GDRDMA
ip-0A230414:84763:85792 [7] NCCL INFO Channel 23/0 : 6[d00000] -> 15[e00000] [receive] via NET/IBext/7/GDRDMA
ip-0A230414:84762:85787 [6] NCCL INFO Channel 07/0 : 14[d00000] -> 23[e00000] [send] via NET/IBext/7/GDRDMA
ip-0A230414:84762:85787 [6] NCCL INFO Channel 15/0 : 14[d00000] -> 23[e00000] [send] via NET/IBext/7/GDRDMA
ip-0A230414:84762:85787 [6] NCCL INFO Channel 23/0 : 14[d00000] -> 23[e00000] [send] via NET/IBext/7/GDRDMA
ip-0A230414:84764:85784 [5] NCCL INFO Channel 13 : 13[c00000] -> 11[400000] via P2P/IPC/read
ip-0A230414:84764:85784 [5] NCCL INFO Channel 21 : 13[c00000] -> 11[400000] via P2P/IPC/read
ip-0A230414:84765:85791 [3] NCCL INFO Channel 03 : 11[400000] -> 9[200000] via P2P/IPC/read
ip-0A230414:84765:85791 [3] NCCL INFO Channel 11 : 11[400000] -> 9[200000] via P2P/IPC/read
ip-0A230414:84765:85791 [3] NCCL INFO Channel 19 : 11[400000] -> 9[200000] via P2P/IPC/read
ip-0A230417:23490:24529 [3] NCCL INFO Channel 03 : 19[400000] -> 17[200000] via P2P/IPC/read
ip-0A230413:33562:34593 [4] NCCL INFO Channel 03 : 4[b00000] -> 2[300000] via P2P/IPC/read
ip-0A230413:33567:34594 [6] NCCL INFO Channel 07/0 : 6[d00000] -> 15[e00000] [send] via NET/IBext/7/GDRDMA
ip-0A230413:33567:34594 [6] NCCL INFO Channel 15/0 : 6[d00000] -> 15[e00000] [send] via NET/IBext/7/GDRDMA
ip-0A230413:33567:34594 [6] NCCL INFO Channel 23/0 : 6[d00000] -> 15[e00000] [send] via NET/IBext/7/GDRDMA
ip-0A230417:23492:24531 [7] NCCL INFO Channel 07/0 : 14[d00000] -> 23[e00000] [receive] via NET/IBext/7/GDRDMA
ip-0A230417:23492:24531 [7] NCCL INFO Channel 15/0 : 14[d00000] -> 23[e00000] [receive] via NET/IBext/7/GDRDMA
ip-0A230417:23492:24531 [7] NCCL INFO Channel 23/0 : 14[d00000] -> 23[e00000] [receive] via NET/IBext/7/GDRDMA
ip-0A230413:33562:34593 [4] NCCL INFO Channel 11 : 4[b00000] -> 2[300000] via P2P/IPC/read
ip-0A230417:23490:24529 [3] NCCL INFO Channel 11 : 19[400000] -> 17[200000] via P2P/IPC/read
ip-0A230413:33562:34593 [4] NCCL INFO Channel 19 : 4[b00000] -> 2[300000] via P2P/IPC/read
ip-0A230406:84003:85030 [7] NCCL INFO Channel 07/0 : 22[d00000] -> 31[e00000] [receive] via NET/IBext/7/GDRDMA
ip-0A230417:23490:24529 [3] NCCL INFO Channel 19 : 19[400000] -> 17[200000] via P2P/IPC/read
ip-0A230406:84003:85030 [7] NCCL INFO Channel 15/0 : 22[d00000] -> 31[e00000] [receive] via NET/IBext/7/GDRDMA
ip-0A230406:84003:85030 [7] NCCL INFO Channel 23/0 : 22[d00000] -> 31[e00000] [receive] via NET/IBext/7/GDRDMA
ip-0A230413:33560:34598 [7] NCCL INFO Channel 07/0 : 30[d00000] -> 7[e00000] [receive] via NET/IBext/7/GDRDMA
ip-0A230413:33560:34598 [7] NCCL INFO Channel 15/0 : 30[d00000] -> 7[e00000] [receive] via NET/IBext/7/GDRDMA
ip-0A230413:33560:34598 [7] NCCL INFO Channel 23/0 : 30[d00000] -> 7[e00000] [receive] via NET/IBext/7/GDRDMA
ip-0A230413:33561:34597 [3] NCCL INFO Channel 03 : 3[400000] -> 1[200000] via P2P/IPC/read
ip-0A230413:33564:34599 [2] NCCL INFO Channel 01 : 2[300000] -> 0[100000] via P2P/IPC/read
ip-0A230413:33561:34597 [3] NCCL INFO Channel 11 : 3[400000] -> 1[200000] via P2P/IPC/read
ip-0A230413:33564:34599 [2] NCCL INFO Channel 09 : 2[300000] -> 0[100000] via P2P/IPC/read
ip-0A230413:33561:34597 [3] NCCL INFO Channel 19 : 3[400000] -> 1[200000] via P2P/IPC/read
ip-0A230413:33564:34599 [2] NCCL INFO Channel 17 : 2[300000] -> 0[100000] via P2P/IPC/read
ip-0A230417:23496:24524 [5] NCCL INFO Channel 05 : 21[c00000] -> 19[400000] via P2P/IPC/read
ip-0A230414:84761:85789 [0] NCCL INFO Channel 01/0 : 8[100000] -> 17[200000] [send] via NET/IBext/1/GDRDMA
ip-0A230417:23493:24532 [0] NCCL INFO Channel 01/0 : 16[100000] -> 25[200000] [send] via NET/IBext/1/GDRDMA
ip-0A230417:23493:24532 [0] NCCL INFO Channel 09/0 : 16[100000] -> 25[200000] [send] via NET/IBext/1/GDRDMA
ip-0A230417:23493:24532 [0] NCCL INFO Channel 17/0 : 16[100000] -> 25[200000] [send] via NET/IBext/1/GDRDMA
ip-0A230413:33566:34535 [0] NCCL INFO Channel 01/0 : 0[100000] -> 9[200000] [send] via NET/IBext/1/GDRDMA
ip-0A230413:33566:34535 [0] NCCL INFO Channel 09/0 : 0[100000] -> 9[200000] [send] via NET/IBext/1/GDRDMA
ip-0A230413:33566:34535 [0] NCCL INFO Channel 17/0 : 0[100000] -> 9[200000] [send] via NET/IBext/1/GDRDMA
ip-0A230417:23496:24524 [5] NCCL INFO Channel 13 : 21[c00000] -> 19[400000] via P2P/IPC/read
ip-0A230417:23496:24524 [5] NCCL INFO Channel 21 : 21[c00000] -> 19[400000] via P2P/IPC/read
ip-0A230406:83998:85029 [6] NCCL INFO Channel 07/0 : 30[d00000] -> 7[e00000] [send] via NET/IBext/7/GDRDMA
ip-0A230406:83998:85029 [6] NCCL INFO Channel 15/0 : 30[d00000] -> 7[e00000] [send] via NET/IBext/7/GDRDMA
ip-0A230406:83998:85029 [6] NCCL INFO Channel 23/0 : 30[d00000] -> 7[e00000] [send] via NET/IBext/7/GDRDMA
ip-0A230406:84005:85025 [0] NCCL INFO Channel 01/0 : 24[100000] -> 1[200000] [send] via NET/IBext/1/GDRDMA
ip-0A230406:84005:85025 [0] NCCL INFO Channel 09/0 : 24[100000] -> 1[200000] [send] via NET/IBext/1/GDRDMA
ip-0A230406:84005:85025 [0] NCCL INFO Channel 17/0 : 24[100000] -> 1[200000] [send] via NET/IBext/1/GDRDMA
ip-0A230413:33567:34594 [6] NCCL INFO Channel 05 : 6[d00000] -> 4[b00000] via P2P/IPC/read
ip-0A230417:23497:24526 [6] NCCL INFO Channel 07/0 : 22[d00000] -> 31[e00000] [send] via NET/IBext/7/GDRDMA
ip-0A230417:23497:24526 [6] NCCL INFO Channel 15/0 : 22[d00000] -> 31[e00000] [send] via NET/IBext/7/GDRDMA
ip-0A230417:23497:24526 [6] NCCL INFO Channel 23/0 : 22[d00000] -> 31[e00000] [send] via NET/IBext/7/GDRDMA
ip-0A230413:33567:34594 [6] NCCL INFO Channel 13 : 6[d00000] -> 4[b00000] via P2P/IPC/read
ip-0A230414:84761:85789 [0] NCCL INFO Channel 09/0 : 8[100000] -> 17[200000] [send] via NET/IBext/1/GDRDMA
ip-0A230414:84761:85789 [0] NCCL INFO Channel 17/0 : 8[100000] -> 17[200000] [send] via NET/IBext/1/GDRDMA
ip-0A230413:33567:34594 [6] NCCL INFO Channel 21 : 6[d00000] -> 4[b00000] via P2P/IPC/read
ip-0A230417:23492:24531 [7] NCCL INFO Channel 07 : 23[e00000] -> 21[c00000] via P2P/IPC/read
ip-0A230417:23492:24531 [7] NCCL INFO Channel 15 : 23[e00000] -> 21[c00000] via P2P/IPC/read
ip-0A230414:84762:85787 [6] NCCL INFO Channel 05 : 14[d00000] -> 12[b00000] via P2P/IPC/read
ip-0A230414:84762:85787 [6] NCCL INFO Channel 13 : 14[d00000] -> 12[b00000] via P2P/IPC/read
ip-0A230417:23492:24531 [7] NCCL INFO Channel 23 : 23[e00000] -> 21[c00000] via P2P/IPC/read
ip-0A230414:84762:85787 [6] NCCL INFO Channel 21 : 14[d00000] -> 12[b00000] via P2P/IPC/read
ip-0A230414:84763:85792 [7] NCCL INFO Channel 07 : 15[e00000] -> 13[c00000] via P2P/IPC/read
ip-0A230417:23492:24531 [7] NCCL INFO Channel 00 : 23[e00000] -> 22[d00000] via P2P/IPC/read
ip-0A230414:84763:85792 [7] NCCL INFO Channel 15 : 15[e00000] -> 13[c00000] via P2P/IPC/read
ip-0A230417:23497:24526 [6] NCCL INFO Channel 05 : 22[d00000] -> 20[b00000] via P2P/IPC/read
ip-0A230417:23492:24531 [7] NCCL INFO Channel 01 : 23[e00000] -> 22[d00000] via P2P/IPC/read
ip-0A230406:83998:85029 [6] NCCL INFO Channel 05 : 30[d00000] -> 28[b00000] via P2P/IPC/read
ip-0A230414:84763:85792 [7] NCCL INFO Channel 23 : 15[e00000] -> 13[c00000] via P2P/IPC/read
ip-0A230417:23497:24526 [6] NCCL INFO Channel 13 : 22[d00000] -> 20[b00000] via P2P/IPC/read
ip-0A230417:23492:24531 [7] NCCL INFO Channel 02 : 23[e00000] -> 22[d00000] via P2P/IPC/read
ip-0A230406:83998:85029 [6] NCCL INFO Channel 13 : 30[d00000] -> 28[b00000] via P2P/IPC/read
ip-0A230417:23497:24526 [6] NCCL INFO Channel 21 : 22[d00000] -> 20[b00000] via P2P/IPC/read
ip-0A230417:23492:24531 [7] NCCL INFO Channel 03 : 23[e00000] -> 22[d00000] via P2P/IPC/read
ip-0A230417:23492:24531 [7] NCCL INFO Channel 04 : 23[e00000] -> 22[d00000] via P2P/IPC/read
ip-0A230406:83998:85029 [6] NCCL INFO Channel 21 : 30[d00000] -> 28[b00000] via P2P/IPC/read
ip-0A230414:84763:85792 [7] NCCL INFO Channel 00 : 15[e00000] -> 14[d00000] via P2P/IPC/read
ip-0A230414:84763:85792 [7] NCCL INFO Channel 01 : 15[e00000] -> 14[d00000] via P2P/IPC/read
ip-0A230417:23492:24531 [7] NCCL INFO Channel 05 : 23[e00000] -> 22[d00000] via P2P/IPC/read
ip-0A230414:84763:85792 [7] NCCL INFO Channel 02 : 15[e00000] -> 14[d00000] via P2P/IPC/read
ip-0A230406:84003:85030 [7] NCCL INFO Channel 07 : 31[e00000] -> 29[c00000] via P2P/IPC/read
ip-0A230417:23492:24531 [7] NCCL INFO Channel 08 : 23[e00000] -> 22[d00000] via P2P/IPC/read
ip-0A230414:84763:85792 [7] NCCL INFO Channel 03 : 15[e00000] -> 14[d00000] via P2P/IPC/read
ip-0A230406:84003:85030 [7] NCCL INFO Channel 15 : 31[e00000] -> 29[c00000] via P2P/IPC/read
ip-0A230414:84763:85792 [7] NCCL INFO Channel 04 : 15[e00000] -> 14[d00000] via P2P/IPC/read
ip-0A230417:23492:24531 [7] NCCL INFO Channel 09 : 23[e00000] -> 22[d00000] via P2P/IPC/read
ip-0A230413:33560:34598 [7] NCCL INFO Channel 07 : 7[e00000] -> 5[c00000] via P2P/IPC/read
ip-0A230414:84763:85792 [7] NCCL INFO Channel 05 : 15[e00000] -> 14[d00000] via P2P/IPC/read
ip-0A230406:84003:85030 [7] NCCL INFO Channel 23 : 31[e00000] -> 29[c00000] via P2P/IPC/read
ip-0A230417:23492:24531 [7] NCCL INFO Channel 10 : 23[e00000] -> 22[d00000] via P2P/IPC/read
ip-0A230414:84763:85792 [7] NCCL INFO Channel 08 : 15[e00000] -> 14[d00000] via P2P/IPC/read
ip-0A230417:23492:24531 [7] NCCL INFO Channel 11 : 23[e00000] -> 22[d00000] via P2P/IPC/read
ip-0A230413:33560:34598 [7] NCCL INFO Channel 15 : 7[e00000] -> 5[c00000] via P2P/IPC/read
ip-0A230417:23492:24531 [7] NCCL INFO Channel 12 : 23[e00000] -> 22[d00000] via P2P/IPC/read
ip-0A230417:23492:24531 [7] NCCL INFO Channel 13 : 23[e00000] -> 22[d00000] via P2P/IPC/read
ip-0A230413:33560:34598 [7] NCCL INFO Channel 23 : 7[e00000] -> 5[c00000] via P2P/IPC/read
ip-0A230417:23492:24531 [7] NCCL INFO Channel 16 : 23[e00000] -> 22[d00000] via P2P/IPC/read
ip-0A230414:84763:85792 [7] NCCL INFO Channel 09 : 15[e00000] -> 14[d00000] via P2P/IPC/read
