ip-0A230405:75727:76753 [4] NCCL INFO Trees [0] 29/-1/-1->28->27 [1] 29/-1/-1->28->27 [2] 29/-1/-1->28->27 [3] 29/-1/-1->28->26 [4] 29/-1/-1->28->20 [5] 30/-1/-1->28->29 [6] 29/-1/-1->28->27 [7] 29/-1/-1->28->27 [8] 29/-1/-1->28->27 [9] 29/-1/-1->28->27 [10] 29/-1/-1->28->27 [11] 29/-1/-1->28->26 [12] 29/12/-1->28->-1 [13] 30/-1/-1->28->29 [14] 29/-1/-1->28->27 [15] 29/-1/-1->28->27 [16] 29/-1/-1->28->27 [17] 29/-1/-1->28->27 [18] 29/-1/-1->28->27 [19] 29/-1/-1->28->26 [20] 29/-1/-1->28->20 [21] 30/-1/-1->28->29 [22] 29/-1/-1->28->27 [23] 29/-1/-1->28->27
ip-0A230408:40952:41987 [7] NCCL INFO Trees [0] -1/-1/-1->7->6 [1] -1/-1/-1->7->6 [2] 0/-1/-1->7->6 [3] 0/-1/-1->7->6 [4] 0/-1/-1->7->6 [5] 0/-1/-1->7->6 [6] 0/-1/-1->7->6 [7] 6/23/-1->7->-1 [8] -1/-1/-1->7->6 [9] -1/-1/-1->7->6 [10] 0/-1/-1->7->6 [11] 0/-1/-1->7->6 [12] 0/-1/-1->7->6 [13] 0/-1/-1->7->6 [14] 0/-1/-1->7->6 [15] 6/-1/-1->7->15 [16] -1/-1/-1->7->6 [17] -1/-1/-1->7->6 [18] 0/-1/-1->7->6 [19] 0/-1/-1->7->6 [20] 0/-1/-1->7->6 [21] 0/-1/-1->7->6 [22] 0/-1/-1->7->6 [23] 6/23/-1->7->-1
ip-0A230408:40956:41923 [0] NCCL INFO Channel 17/24 :    0   9  15  14  13  12  11  10   8  17  23  22  21  20  19  18  16  25  31  30
ip-0A230408:40956:41923 [0] NCCL INFO Channel 18/24 :    0   7   6   5   4   3  10   9   8  15  14  13  12  11  18  17  16  23  22  21
ip-0A230408:40956:41923 [0] NCCL INFO Channel 19/24 :    0   7   6   5   4   2  11   9   8  15  14  13  12  10  19  17  16  23  22  21
ip-0A230408:40956:41923 [0] NCCL INFO Channel 20/24 :    0   7   6   5  12  11  10   9   8  15  14  13  20  19  18  17  16  23  22  21
ip-0A230408:40956:41923 [0] NCCL INFO Channel 21/24 :    0   7   6   4  13  11  10   9   8  15  14  12  21  19  18  17  16  23  22  20
ip-0A230408:40956:41923 [0] NCCL INFO Channel 22/24 :    0   7  14  13  12  11  10   9   8  15  22  21  20  19  18  17  16  23  30  29
ip-0A230408:40956:41923 [0] NCCL INFO Channel 23/24 :    0   6  15  13  12  11  10   9   8  14  23  21  20  19  18  17  16  22  31  29
ip-0A230408:40953:41981 [3] NCCL INFO Trees [0] 4/-1/-1->3->2 [1] 4/-1/-1->3->2 [2] 4/-1/-1->3->2 [3] 2/19/-1->3->-1 [4] -1/-1/-1->3->2 [5] -1/-1/-1->3->2 [6] 4/-1/-1->3->2 [7] 4/-1/-1->3->2 [8] 4/-1/-1->3->2 [9] 4/-1/-1->3->2 [10] 4/-1/-1->3->2 [11] 2/-1/-1->3->11 [12] -1/-1/-1->3->2 [13] -1/-1/-1->3->2 [14] 4/-1/-1->3->2 [15] 4/-1/-1->3->2 [16] 4/-1/-1->3->2 [17] 4/-1/-1->3->2 [18] 4/-1/-1->3->2 [19] 2/19/-1->3->-1 [20] -1/-1/-1->3->2 [21] -1/-1/-1->3->2 [22] 4/-1/-1->3->2 [23] 4/-1/-1->3->2
ip-0A230408:40951:41984 [4] NCCL INFO Trees [0] 5/-1/-1->4->3 [1] 5/-1/-1->4->3 [2] 5/-1/-1->4->3 [3] 5/-1/-1->4->2 [4] 5/20/-1->4->-1 [5] 6/-1/-1->4->5 [6] 5/-1/-1->4->3 [7] 5/-1/-1->4->3 [8] 5/-1/-1->4->3 [9] 5/-1/-1->4->3 [10] 5/-1/-1->4->3 [11] 5/-1/-1->4->2 [12] 5/-1/-1->4->12 [13] 6/-1/-1->4->5 [14] 5/-1/-1->4->3 [15] 5/-1/-1->4->3 [16] 5/-1/-1->4->3 [17] 5/-1/-1->4->3 [18] 5/-1/-1->4->3 [19] 5/-1/-1->4->2 [20] 5/20/-1->4->-1 [21] 6/-1/-1->4->5 [22] 5/-1/-1->4->3 [23] 5/-1/-1->4->3
ip-0A230408:40954:41982 [5] NCCL INFO Trees [0] 6/-1/-1->5->4 [1] 6/-1/-1->5->4 [2] 6/-1/-1->5->4 [3] 6/-1/-1->5->4 [4] 6/-1/-1->5->4 [5] 4/21/-1->5->-1 [6] -1/-1/-1->5->4 [7] -1/-1/-1->5->4 [8] 6/-1/-1->5->4 [9] 6/-1/-1->5->4 [10] 6/-1/-1->5->4 [11] 6/-1/-1->5->4 [12] 6/-1/-1->5->4 [13] 4/-1/-1->5->13 [14] -1/-1/-1->5->4 [15] -1/-1/-1->5->4 [16] 6/-1/-1->5->4 [17] 6/-1/-1->5->4 [18] 6/-1/-1->5->4 [19] 6/-1/-1->5->4 [20] 6/-1/-1->5->4 [21] 4/21/-1->5->-1 [22] -1/-1/-1->5->4 [23] -1/-1/-1->5->4
ip-0A230408:40956:41923 [0] NCCL INFO Trees [0] 1/16/-1->0->-1 [1] 2/-1/-1->0->1 [2] 1/-1/-1->0->7 [3] 1/-1/-1->0->7 [4] 1/-1/-1->0->7 [5] 1/-1/-1->0->7 [6] 1/-1/-1->0->7 [7] 1/-1/-1->0->6 [8] 1/-1/-1->0->8 [9] 2/-1/-1->0->1 [10] 1/-1/-1->0->7 [11] 1/-1/-1->0->7 [12] 1/-1/-1->0->7 [13] 1/-1/-1->0->7 [14] 1/-1/-1->0->7 [15] 1/-1/-1->0->6 [16] 1/16/-1->0->-1 [17] 2/-1/-1->0->1 [18] 1/-1/-1->0->7 [19] 1/-1/-1->0->7 [20] 1/-1/-1->0->7 [21] 1/-1/-1->0->7 [22] 1/-1/-1->0->7 [23] 1/-1/-1->0->6
ip-0A230405:75728:76749 [6] NCCL INFO Trees [0] 31/-1/-1->30->29 [1] 31/-1/-1->30->29 [2] 31/-1/-1->30->29 [3] 31/-1/-1->30->29 [4] 31/-1/-1->30->29 [5] 31/-1/-1->30->28 [6] 31/-1/-1->30->22 [7] 24/-1/-1->30->31 [8] 31/-1/-1->30->29 [9] 31/-1/-1->30->29 [10] 31/-1/-1->30->29 [11] 31/-1/-1->30->29 [12] 31/-1/-1->30->29 [13] 31/-1/-1->30->28 [14] 31/14/-1->30->-1 [15] 24/-1/-1->30->31 [16] 31/-1/-1->30->29 [17] 31/-1/-1->30->29 [18] 31/-1/-1->30->29 [19] 31/-1/-1->30->29 [20] 31/-1/-1->30->29 [21] 31/-1/-1->30->28 [22] 31/-1/-1->30->22 [23] 24/-1/-1->30->31
ip-0A230405:75722:76752 [7] NCCL INFO Trees [0] -1/-1/-1->31->30 [1] -1/-1/-1->31->30 [2] 24/-1/-1->31->30 [3] 24/-1/-1->31->30 [4] 24/-1/-1->31->30 [5] 24/-1/-1->31->30 [6] 24/-1/-1->31->30 [7] 30/-1/-1->31->23 [8] -1/-1/-1->31->30 [9] -1/-1/-1->31->30 [10] 24/-1/-1->31->30 [11] 24/-1/-1->31->30 [12] 24/-1/-1->31->30 [13] 24/-1/-1->31->30 [14] 24/-1/-1->31->30 [15] 30/15/-1->31->-1 [16] -1/-1/-1->31->30 [17] -1/-1/-1->31->30 [18] 24/-1/-1->31->30 [19] 24/-1/-1->31->30 [20] 24/-1/-1->31->30 [21] 24/-1/-1->31->30 [22] 24/-1/-1->31->30 [23] 30/-1/-1->31->23
ip-0A230405:75724:76751 [5] NCCL INFO Trees [0] 30/-1/-1->29->28 [1] 30/-1/-1->29->28 [2] 30/-1/-1->29->28 [3] 30/-1/-1->29->28 [4] 30/-1/-1->29->28 [5] 28/-1/-1->29->21 [6] -1/-1/-1->29->28 [7] -1/-1/-1->29->28 [8] 30/-1/-1->29->28 [9] 30/-1/-1->29->28 [10] 30/-1/-1->29->28 [11] 30/-1/-1->29->28 [12] 30/-1/-1->29->28 [13] 28/13/-1->29->-1 [14] -1/-1/-1->29->28 [15] -1/-1/-1->29->28 [16] 30/-1/-1->29->28 [17] 30/-1/-1->29->28 [18] 30/-1/-1->29->28 [19] 30/-1/-1->29->28 [20] 30/-1/-1->29->28 [21] 28/-1/-1->29->21 [22] -1/-1/-1->29->28 [23] -1/-1/-1->29->28
ip-0A23041A:73463:74488 [4] NCCL INFO Trees [0] 13/-1/-1->12->11 [1] 13/-1/-1->12->11 [2] 13/-1/-1->12->11 [3] 13/-1/-1->12->10 [4] 13/-1/-1->12->21 [5] 14/-1/-1->12->13 [6] 13/-1/-1->12->11 [7] 13/-1/-1->12->11 [8] 13/-1/-1->12->11 [9] 13/-1/-1->12->11 [10] 13/-1/-1->12->11 [11] 13/-1/-1->12->10 [12] 13/4/-1->12->28 [13] 14/21/-1->12->13 [14] 13/-1/-1->12->11 [15] 13/-1/-1->12->11 [16] 13/-1/-1->12->11 [17] 13/-1/-1->12->11 [18] 13/-1/-1->12->11 [19] 13/-1/-1->12->10 [20] 13/-1/-1->12->21 [21] 14/-1/-1->12->13 [22] 13/-1/-1->12->11 [23] 13/-1/-1->12->11
ip-0A23041D:78954:79984 [2] NCCL INFO Trees [0] 19/-1/-1->18->17 [1] 19/-1/-1->18->16 [2] 19/26/-1->18->2 [3] 20/11/-1->18->19 [4] 19/-1/-1->18->17 [5] 19/-1/-1->18->17 [6] 19/-1/-1->18->17 [7] 19/-1/-1->18->17 [8] 19/-1/-1->18->17 [9] 19/-1/-1->18->16 [10] 19/-1/-1->18->11 [11] 20/-1/-1->18->19 [12] 19/-1/-1->18->17 [13] 19/-1/-1->18->17 [14] 19/-1/-1->18->17 [15] 19/-1/-1->18->17 [16] 19/-1/-1->18->17 [17] 19/-1/-1->18->16 [18] 19/26/-1->18->2 [19] 20/11/-1->18->19 [20] 19/-1/-1->18->17 [21] 19/-1/-1->18->17 [22] 19/-1/-1->18->17 [23] 19/-1/-1->18->17
ip-0A23041A:73460:74499 [5] NCCL INFO Trees [0] 14/-1/-1->13->12 [1] 14/-1/-1->13->12 [2] 14/-1/-1->13->12 [3] 14/-1/-1->13->12 [4] 14/-1/-1->13->12 [5] 12/-1/-1->13->20 [6] -1/-1/-1->13->12 [7] -1/-1/-1->13->12 [8] 14/-1/-1->13->12 [9] 14/-1/-1->13->12 [10] 14/-1/-1->13->12 [11] 14/-1/-1->13->12 [12] 14/20/-1->13->12 [13] 12/5/-1->13->29 [14] -1/-1/-1->13->12 [15] -1/-1/-1->13->12 [16] 14/-1/-1->13->12 [17] 14/-1/-1->13->12 [18] 14/-1/-1->13->12 [19] 14/-1/-1->13->12 [20] 14/-1/-1->13->12 [21] 12/-1/-1->13->20 [22] -1/-1/-1->13->12 [23] -1/-1/-1->13->12
ip-0A23041A:73457:74486 [6] NCCL INFO Trees [0] 15/-1/-1->14->13 [1] 15/-1/-1->14->13 [2] 15/-1/-1->14->13 [3] 15/-1/-1->14->13 [4] 15/-1/-1->14->13 [5] 15/-1/-1->14->12 [6] 15/-1/-1->14->23 [7] 8/-1/-1->14->15 [8] 15/-1/-1->14->13 [9] 15/-1/-1->14->13 [10] 15/-1/-1->14->13 [11] 15/-1/-1->14->13 [12] 15/-1/-1->14->13 [13] 15/-1/-1->14->12 [14] 15/6/-1->14->30 [15] 8/23/-1->14->15 [16] 15/-1/-1->14->13 [17] 15/-1/-1->14->13 [18] 15/-1/-1->14->13 [19] 15/-1/-1->14->13 [20] 15/-1/-1->14->13 [21] 15/-1/-1->14->12 [22] 15/-1/-1->14->23 [23] 8/-1/-1->14->15
ip-0A23041A:73461:74487 [7] NCCL INFO Trees [0] -1/-1/-1->15->14 [1] -1/-1/-1->15->14 [2] 8/-1/-1->15->14 [3] 8/-1/-1->15->14 [4] 8/-1/-1->15->14 [5] 8/-1/-1->15->14 [6] 8/-1/-1->15->14 [7] 14/-1/-1->15->22 [8] -1/-1/-1->15->14 [9] -1/-1/-1->15->14 [10] 8/-1/-1->15->14 [11] 8/-1/-1->15->14 [12] 8/-1/-1->15->14 [13] 8/-1/-1->15->14 [14] 8/22/-1->15->14 [15] 14/7/-1->15->31 [16] -1/-1/-1->15->14 [17] -1/-1/-1->15->14 [18] 8/-1/-1->15->14 [19] 8/-1/-1->15->14 [20] 8/-1/-1->15->14 [21] 8/-1/-1->15->14 [22] 8/-1/-1->15->14 [23] 14/-1/-1->15->22
ip-0A23041A:73458:74498 [0] NCCL INFO Trees [0] 9/-1/-1->8->17 [1] 10/-1/-1->8->9 [2] 9/-1/-1->8->15 [3] 9/-1/-1->8->15 [4] 9/-1/-1->8->15 [5] 9/-1/-1->8->15 [6] 9/-1/-1->8->15 [7] 9/-1/-1->8->14 [8] 9/0/-1->8->24 [9] 10/17/-1->8->9 [10] 9/-1/-1->8->15 [11] 9/-1/-1->8->15 [12] 9/-1/-1->8->15 [13] 9/-1/-1->8->15 [14] 9/-1/-1->8->15 [15] 9/-1/-1->8->14 [16] 9/-1/-1->8->17 [17] 10/-1/-1->8->9 [18] 9/-1/-1->8->15 [19] 9/-1/-1->8->15 [20] 9/-1/-1->8->15 [21] 9/-1/-1->8->15 [22] 9/-1/-1->8->15 [23] 9/-1/-1->8->14
ip-0A23041A:73459:74495 [1] NCCL INFO Trees [0] 10/-1/-1->9->8 [1] 8/-1/-1->9->16 [2] -1/-1/-1->9->8 [3] -1/-1/-1->9->8 [4] 10/-1/-1->9->8 [5] 10/-1/-1->9->8 [6] 10/-1/-1->9->8 [7] 10/-1/-1->9->8 [8] 10/16/-1->9->8 [9] 8/1/-1->9->25 [10] -1/-1/-1->9->8 [11] -1/-1/-1->9->8 [12] 10/-1/-1->9->8 [13] 10/-1/-1->9->8 [14] 10/-1/-1->9->8 [15] 10/-1/-1->9->8 [16] 10/-1/-1->9->8 [17] 8/-1/-1->9->16 [18] -1/-1/-1->9->8 [19] -1/-1/-1->9->8 [20] 10/-1/-1->9->8 [21] 10/-1/-1->9->8 [22] 10/-1/-1->9->8 [23] 10/-1/-1->9->8
ip-0A23041D:78949:79990 [0] NCCL INFO Trees [0] 17/24/-1->16->0 [1] 18/9/-1->16->17 [2] 17/-1/-1->16->23 [3] 17/-1/-1->16->23 [4] 17/-1/-1->16->23 [5] 17/-1/-1->16->23 [6] 17/-1/-1->16->23 [7] 17/-1/-1->16->22 [8] 17/-1/-1->16->9 [9] 18/-1/-1->16->17 [10] 17/-1/-1->16->23 [11] 17/-1/-1->16->23 [12] 17/-1/-1->16->23 [13] 17/-1/-1->16->23 [14] 17/-1/-1->16->23 [15] 17/-1/-1->16->22 [16] 17/24/-1->16->0 [17] 18/9/-1->16->17 [18] 17/-1/-1->16->23 [19] 17/-1/-1->16->23 [20] 17/-1/-1->16->23 [21] 17/-1/-1->16->23 [22] 17/-1/-1->16->23 [23] 17/-1/-1->16->22
ip-0A23041D:78956:79983 [1] NCCL INFO Trees [0] 18/8/-1->17->16 [1] 16/25/-1->17->1 [2] -1/-1/-1->17->16 [3] -1/-1/-1->17->16 [4] 18/-1/-1->17->16 [5] 18/-1/-1->17->16 [6] 18/-1/-1->17->16 [7] 18/-1/-1->17->16 [8] 18/-1/-1->17->16 [9] 16/-1/-1->17->8 [10] -1/-1/-1->17->16 [11] -1/-1/-1->17->16 [12] 18/-1/-1->17->16 [13] 18/-1/-1->17->16 [14] 18/-1/-1->17->16 [15] 18/-1/-1->17->16 [16] 18/8/-1->17->16 [17] 16/25/-1->17->1 [18] -1/-1/-1->17->16 [19] -1/-1/-1->17->16 [20] 18/-1/-1->17->16 [21] 18/-1/-1->17->16 [22] 18/-1/-1->17->16 [23] 18/-1/-1->17->16
ip-0A23041A:73456:74496 [2] NCCL INFO Trees [0] 11/-1/-1->10->9 [1] 11/-1/-1->10->8 [2] 11/-1/-1->10->19 [3] 12/-1/-1->10->11 [4] 11/-1/-1->10->9 [5] 11/-1/-1->10->9 [6] 11/-1/-1->10->9 [7] 11/-1/-1->10->9 [8] 11/-1/-1->10->9 [9] 11/-1/-1->10->8 [10] 11/2/-1->10->26 [11] 12/19/-1->10->11 [12] 11/-1/-1->10->9 [13] 11/-1/-1->10->9 [14] 11/-1/-1->10->9 [15] 11/-1/-1->10->9 [16] 11/-1/-1->10->9 [17] 11/-1/-1->10->8 [18] 11/-1/-1->10->19 [19] 12/-1/-1->10->11 [20] 11/-1/-1->10->9 [21] 11/-1/-1->10->9 [22] 11/-1/-1->10->9 [23] 11/-1/-1->10->9
ip-0A23041A:73455:74497 [3] NCCL INFO Trees [0] 12/-1/-1->11->10 [1] 12/-1/-1->11->10 [2] 12/-1/-1->11->10 [3] 10/-1/-1->11->18 [4] -1/-1/-1->11->10 [5] -1/-1/-1->11->10 [6] 12/-1/-1->11->10 [7] 12/-1/-1->11->10 [8] 12/-1/-1->11->10 [9] 12/-1/-1->11->10 [10] 12/18/-1->11->10 [11] 10/3/-1->11->27 [12] -1/-1/-1->11->10 [13] -1/-1/-1->11->10 [14] 12/-1/-1->11->10 [15] 12/-1/-1->11->10 [16] 12/-1/-1->11->10 [17] 12/-1/-1->11->10 [18] 12/-1/-1->11->10 [19] 10/-1/-1->11->18 [20] -1/-1/-1->11->10 [21] -1/-1/-1->11->10 [22] 12/-1/-1->11->10 [23] 12/-1/-1->11->10
ip-0A230408:40950:41983 [1] NCCL INFO Channel 01 : 1[200000] -> 7[e00000] via P2P/IPC/read
ip-0A230405:75721:76748 [0] NCCL INFO Channel 07 : 24[100000] -> 30[d00000] via P2P/IPC/read
ip-0A23041A:73458:74498 [0] NCCL INFO Channel 07 : 8[100000] -> 14[d00000] via P2P/IPC/read
ip-0A230408:40955:41985 [2] NCCL INFO Channel 02/0 : 27[400000] -> 2[300000] [receive] via NET/IBext/2/GDRDMA
ip-0A230408:40955:41985 [2] NCCL INFO Channel 10/0 : 27[400000] -> 2[300000] [receive] via NET/IBext/2/GDRDMA
ip-0A230405:75723:76754 [1] NCCL INFO Channel 01 : 25[200000] -> 31[e00000] via P2P/IPC/read
ip-0A230408:40955:41985 [2] NCCL INFO Channel 18/0 : 27[400000] -> 2[300000] [receive] via NET/IBext/2/GDRDMA
ip-0A230408:40956:41923 [0] NCCL INFO Channel 07 : 0[100000] -> 6[d00000] via P2P/IPC/read
ip-0A23041A:73459:74495 [1] NCCL INFO Channel 01 : 9[200000] -> 15[e00000] via P2P/IPC/read
ip-0A23041A:73463:74488 [4] NCCL INFO Channel 04/0 : 5[c00000] -> 12[b00000] [receive] via NET/IBext/4/GDRDMA
ip-0A230405:75725:76747 [3] NCCL INFO Channel 02/0 : 27[400000] -> 2[300000] [send] via NET/IBext/2/GDRDMA
ip-0A230408:40950:41983 [1] NCCL INFO Channel 09 : 1[200000] -> 7[e00000] via P2P/IPC/read
ip-0A23041A:73463:74488 [4] NCCL INFO Channel 12/0 : 5[c00000] -> 12[b00000] [receive] via NET/IBext/4/GDRDMA
ip-0A230405:75725:76747 [3] NCCL INFO Channel 10/0 : 27[400000] -> 2[300000] [send] via NET/IBext/2/GDRDMA
ip-0A23041A:73463:74488 [4] NCCL INFO Channel 20/0 : 5[c00000] -> 12[b00000] [receive] via NET/IBext/4/GDRDMA
ip-0A230405:75725:76747 [3] NCCL INFO Channel 18/0 : 27[400000] -> 2[300000] [send] via NET/IBext/2/GDRDMA
ip-0A23041D:78956:79983 [1] NCCL INFO Channel 01 : 17[200000] -> 23[e00000] via P2P/IPC/read
ip-0A230408:40954:41982 [5] NCCL INFO Channel 04/0 : 5[c00000] -> 12[b00000] [send] via NET/IBext/4/GDRDMA
ip-0A230408:40954:41982 [5] NCCL INFO Channel 12/0 : 5[c00000] -> 12[b00000] [send] via NET/IBext/4/GDRDMA
ip-0A230405:75727:76753 [4] NCCL INFO Channel 04/0 : 21[c00000] -> 28[b00000] [receive] via NET/IBext/4/GDRDMA
ip-0A230408:40954:41982 [5] NCCL INFO Channel 20/0 : 5[c00000] -> 12[b00000] [send] via NET/IBext/4/GDRDMA
ip-0A230405:75727:76753 [4] NCCL INFO Channel 12/0 : 21[c00000] -> 28[b00000] [receive] via NET/IBext/4/GDRDMA
ip-0A23041A:73460:74499 [5] NCCL INFO Channel 04/0 : 13[c00000] -> 20[b00000] [send] via NET/IBext/4/GDRDMA
ip-0A23041D:78951:79985 [3] NCCL INFO Channel 02/0 : 19[400000] -> 26[300000] [send] via NET/IBext/2/GDRDMA
ip-0A23041D:78951:79985 [3] NCCL INFO Channel 10/0 : 19[400000] -> 26[300000] [send] via NET/IBext/2/GDRDMA
ip-0A23041D:78951:79985 [3] NCCL INFO Channel 18/0 : 19[400000] -> 26[300000] [send] via NET/IBext/2/GDRDMA
ip-0A23041D:78949:79990 [0] NCCL INFO Channel 07 : 16[100000] -> 22[d00000] via P2P/IPC/read
ip-0A230408:40951:41984 [4] NCCL INFO Channel 04/0 : 29[c00000] -> 4[b00000] [receive] via NET/IBext/4/GDRDMA
ip-0A23041A:73460:74499 [5] NCCL INFO Channel 12/0 : 13[c00000] -> 20[b00000] [send] via NET/IBext/4/GDRDMA
ip-0A230408:40951:41984 [4] NCCL INFO Channel 12/0 : 29[c00000] -> 4[b00000] [receive] via NET/IBext/4/GDRDMA
ip-0A23041A:73460:74499 [5] NCCL INFO Channel 20/0 : 13[c00000] -> 20[b00000] [send] via NET/IBext/4/GDRDMA
ip-0A23041D:78955:79989 [4] NCCL INFO Channel 04/0 : 13[c00000] -> 20[b00000] [receive] via NET/IBext/4/GDRDMA
ip-0A23041D:78955:79989 [4] NCCL INFO Channel 12/0 : 13[c00000] -> 20[b00000] [receive] via NET/IBext/4/GDRDMA
ip-0A230408:40951:41984 [4] NCCL INFO Channel 20/0 : 29[c00000] -> 4[b00000] [receive] via NET/IBext/4/GDRDMA
ip-0A230405:75727:76753 [4] NCCL INFO Channel 20/0 : 21[c00000] -> 28[b00000] [receive] via NET/IBext/4/GDRDMA
ip-0A23041D:78952:79991 [5] NCCL INFO Channel 04/0 : 21[c00000] -> 28[b00000] [send] via NET/IBext/4/GDRDMA
ip-0A230405:75721:76748 [0] NCCL INFO Channel 15 : 24[100000] -> 30[d00000] via P2P/IPC/read
ip-0A230408:40953:41981 [3] NCCL INFO Channel 02/0 : 3[400000] -> 10[300000] [send] via NET/IBext/2/GDRDMA
ip-0A23041D:78955:79989 [4] NCCL INFO Channel 20/0 : 13[c00000] -> 20[b00000] [receive] via NET/IBext/4/GDRDMA
ip-0A230408:40953:41981 [3] NCCL INFO Channel 10/0 : 3[400000] -> 10[300000] [send] via NET/IBext/2/GDRDMA
ip-0A23041D:78952:79991 [5] NCCL INFO Channel 12/0 : 21[c00000] -> 28[b00000] [send] via NET/IBext/4/GDRDMA
ip-0A23041A:73455:74497 [3] NCCL INFO Channel 02/0 : 11[400000] -> 18[300000] [send] via NET/IBext/2/GDRDMA
ip-0A230408:40953:41981 [3] NCCL INFO Channel 18/0 : 3[400000] -> 10[300000] [send] via NET/IBext/2/GDRDMA
ip-0A23041D:78952:79991 [5] NCCL INFO Channel 20/0 : 21[c00000] -> 28[b00000] [send] via NET/IBext/4/GDRDMA
ip-0A23041A:73458:74498 [0] NCCL INFO Channel 15 : 8[100000] -> 14[d00000] via P2P/IPC/read
ip-0A23041A:73455:74497 [3] NCCL INFO Channel 10/0 : 11[400000] -> 18[300000] [send] via NET/IBext/2/GDRDMA
ip-0A23041A:73455:74497 [3] NCCL INFO Channel 18/0 : 11[400000] -> 18[300000] [send] via NET/IBext/2/GDRDMA
ip-0A230405:75726:76750 [2] NCCL INFO Channel 02/0 : 19[400000] -> 26[300000] [receive] via NET/IBext/2/GDRDMA
ip-0A23041A:73456:74496 [2] NCCL INFO Channel 02/0 : 3[400000] -> 10[300000] [receive] via NET/IBext/2/GDRDMA
ip-0A23041A:73456:74496 [2] NCCL INFO Channel 10/0 : 3[400000] -> 10[300000] [receive] via NET/IBext/2/GDRDMA
ip-0A230408:40956:41923 [0] NCCL INFO Channel 15 : 0[100000] -> 6[d00000] via P2P/IPC/read
ip-0A230405:75723:76754 [1] NCCL INFO Channel 09 : 25[200000] -> 31[e00000] via P2P/IPC/read
ip-0A230405:75724:76751 [5] NCCL INFO Channel 04/0 : 29[c00000] -> 4[b00000] [send] via NET/IBext/4/GDRDMA
ip-0A230405:75724:76751 [5] NCCL INFO Channel 12/0 : 29[c00000] -> 4[b00000] [send] via NET/IBext/4/GDRDMA
ip-0A230405:75726:76750 [2] NCCL INFO Channel 10/0 : 19[400000] -> 26[300000] [receive] via NET/IBext/2/GDRDMA
ip-0A230405:75724:76751 [5] NCCL INFO Channel 20/0 : 29[c00000] -> 4[b00000] [send] via NET/IBext/4/GDRDMA
ip-0A230405:75726:76750 [2] NCCL INFO Channel 18/0 : 19[400000] -> 26[300000] [receive] via NET/IBext/2/GDRDMA
ip-0A23041D:78954:79984 [2] NCCL INFO Channel 02/0 : 11[400000] -> 18[300000] [receive] via NET/IBext/2/GDRDMA
ip-0A230408:40950:41983 [1] NCCL INFO Channel 17 : 1[200000] -> 7[e00000] via P2P/IPC/read
ip-0A23041A:73456:74496 [2] NCCL INFO Channel 18/0 : 3[400000] -> 10[300000] [receive] via NET/IBext/2/GDRDMA
ip-0A23041D:78954:79984 [2] NCCL INFO Channel 10/0 : 11[400000] -> 18[300000] [receive] via NET/IBext/2/GDRDMA
ip-0A23041A:73459:74495 [1] NCCL INFO Channel 09 : 9[200000] -> 15[e00000] via P2P/IPC/read
ip-0A23041D:78954:79984 [2] NCCL INFO Channel 18/0 : 11[400000] -> 18[300000] [receive] via NET/IBext/2/GDRDMA
ip-0A23041A:73458:74498 [0] NCCL INFO Channel 23 : 8[100000] -> 14[d00000] via P2P/IPC/read
ip-0A23041D:78949:79990 [0] NCCL INFO Channel 15 : 16[100000] -> 22[d00000] via P2P/IPC/read
ip-0A23041D:78956:79983 [1] NCCL INFO Channel 09 : 17[200000] -> 23[e00000] via P2P/IPC/read
ip-0A230405:75721:76748 [0] NCCL INFO Channel 23 : 24[100000] -> 30[d00000] via P2P/IPC/read
ip-0A23041A:73459:74495 [1] NCCL INFO Channel 17 : 9[200000] -> 15[e00000] via P2P/IPC/read
ip-0A230405:75723:76754 [1] NCCL INFO Channel 17 : 25[200000] -> 31[e00000] via P2P/IPC/read
ip-0A23041D:78949:79990 [0] NCCL INFO Channel 23 : 16[100000] -> 22[d00000] via P2P/IPC/read
ip-0A23041D:78956:79983 [1] NCCL INFO Channel 17 : 17[200000] -> 23[e00000] via P2P/IPC/read
ip-0A230408:40956:41923 [0] NCCL INFO Channel 23 : 0[100000] -> 6[d00000] via P2P/IPC/read
ip-0A230408:40950:41983 [1] NCCL INFO Channel 00/0 : 1[200000] -> 8[100000] [send] via NET/IBext/0/GDRDMA
ip-0A230408:40950:41983 [1] NCCL INFO Channel 08/0 : 1[200000] -> 8[100000] [send] via NET/IBext/0/GDRDMA
ip-0A230408:40950:41983 [1] NCCL INFO Channel 16/0 : 1[200000] -> 8[100000] [send] via NET/IBext/0/GDRDMA
ip-0A23041A:73459:74495 [1] NCCL INFO Channel 00/0 : 9[200000] -> 16[100000] [send] via NET/IBext/0/GDRDMA
ip-0A23041A:73459:74495 [1] NCCL INFO Channel 08/0 : 9[200000] -> 16[100000] [send] via NET/IBext/0/GDRDMA
ip-0A23041A:73459:74495 [1] NCCL INFO Channel 16/0 : 9[200000] -> 16[100000] [send] via NET/IBext/0/GDRDMA
ip-0A230405:75728:76749 [6] NCCL INFO Channel 06/0 : 23[e00000] -> 30[d00000] [receive] via NET/IBext/6/GDRDMA
ip-0A230405:75728:76749 [6] NCCL INFO Channel 14/0 : 23[e00000] -> 30[d00000] [receive] via NET/IBext/6/GDRDMA
ip-0A230405:75728:76749 [6] NCCL INFO Channel 22/0 : 23[e00000] -> 30[d00000] [receive] via NET/IBext/6/GDRDMA
ip-0A230405:75721:76748 [0] NCCL INFO Channel 00/0 : 17[200000] -> 24[100000] [receive] via NET/IBext/0/GDRDMA
ip-0A230405:75721:76748 [0] NCCL INFO Channel 08/0 : 17[200000] -> 24[100000] [receive] via NET/IBext/0/GDRDMA
ip-0A230405:75721:76748 [0] NCCL INFO Channel 16/0 : 17[200000] -> 24[100000] [receive] via NET/IBext/0/GDRDMA
ip-0A230405:75721:76748 [0] NCCL INFO Channel 00 : 24[100000] -> 31[e00000] via P2P/IPC/read
ip-0A23041D:78953:79986 [6] NCCL INFO Channel 06/0 : 15[e00000] -> 22[d00000] [receive] via NET/IBext/6/GDRDMA
ip-0A23041D:78953:79986 [6] NCCL INFO Channel 14/0 : 15[e00000] -> 22[d00000] [receive] via NET/IBext/6/GDRDMA
ip-0A23041D:78953:79986 [6] NCCL INFO Channel 22/0 : 15[e00000] -> 22[d00000] [receive] via NET/IBext/6/GDRDMA
ip-0A23041D:78949:79990 [0] NCCL INFO Channel 00/0 : 9[200000] -> 16[100000] [receive] via NET/IBext/0/GDRDMA
ip-0A230405:75723:76754 [1] NCCL INFO Channel 00/0 : 25[200000] -> 0[100000] [send] via NET/IBext/0/GDRDMA
ip-0A23041D:78956:79983 [1] NCCL INFO Channel 00/0 : 17[200000] -> 24[100000] [send] via NET/IBext/0/GDRDMA
ip-0A230405:75723:76754 [1] NCCL INFO Channel 08/0 : 25[200000] -> 0[100000] [send] via NET/IBext/0/GDRDMA
ip-0A230405:75723:76754 [1] NCCL INFO Channel 16/0 : 25[200000] -> 0[100000] [send] via NET/IBext/0/GDRDMA
ip-0A230405:75721:76748 [0] NCCL INFO Channel 02 : 24[100000] -> 31[e00000] via P2P/IPC/read
ip-0A230408:40957:41986 [6] NCCL INFO Channel 06/0 : 31[e00000] -> 6[d00000] [receive] via NET/IBext/6/GDRDMA
ip-0A230408:40957:41986 [6] NCCL INFO Channel 14/0 : 31[e00000] -> 6[d00000] [receive] via NET/IBext/6/GDRDMA
ip-0A230408:40957:41986 [6] NCCL INFO Channel 22/0 : 31[e00000] -> 6[d00000] [receive] via NET/IBext/6/GDRDMA
ip-0A23041A:73457:74486 [6] NCCL INFO Channel 06/0 : 7[e00000] -> 14[d00000] [receive] via NET/IBext/6/GDRDMA
ip-0A230405:75721:76748 [0] NCCL INFO Channel 03 : 24[100000] -> 31[e00000] via P2P/IPC/read
ip-0A23041A:73457:74486 [6] NCCL INFO Channel 14/0 : 7[e00000] -> 14[d00000] [receive] via NET/IBext/6/GDRDMA
ip-0A230405:75721:76748 [0] NCCL INFO Channel 04 : 24[100000] -> 31[e00000] via P2P/IPC/read
ip-0A23041D:78956:79983 [1] NCCL INFO Channel 08/0 : 17[200000] -> 24[100000] [send] via NET/IBext/0/GDRDMA
ip-0A23041D:78949:79990 [0] NCCL INFO Channel 08/0 : 9[200000] -> 16[100000] [receive] via NET/IBext/0/GDRDMA
ip-0A23041D:78956:79983 [1] NCCL INFO Channel 16/0 : 17[200000] -> 24[100000] [send] via NET/IBext/0/GDRDMA
ip-0A23041D:78949:79990 [0] NCCL INFO Channel 16/0 : 9[200000] -> 16[100000] [receive] via NET/IBext/0/GDRDMA
ip-0A23041D:78949:79990 [0] NCCL INFO Channel 00 : 16[100000] -> 23[e00000] via P2P/IPC/read
ip-0A230405:75721:76748 [0] NCCL INFO Channel 05 : 24[100000] -> 31[e00000] via P2P/IPC/read
ip-0A23041D:78949:79990 [0] NCCL INFO Channel 02 : 16[100000] -> 23[e00000] via P2P/IPC/read
ip-0A230405:75721:76748 [0] NCCL INFO Channel 06 : 24[100000] -> 31[e00000] via P2P/IPC/read
ip-0A23041A:73458:74498 [0] NCCL INFO Channel 00/0 : 1[200000] -> 8[100000] [receive] via NET/IBext/0/GDRDMA
ip-0A23041A:73458:74498 [0] NCCL INFO Channel 08/0 : 1[200000] -> 8[100000] [receive] via NET/IBext/0/GDRDMA
ip-0A23041A:73458:74498 [0] NCCL INFO Channel 16/0 : 1[200000] -> 8[100000] [receive] via NET/IBext/0/GDRDMA
ip-0A23041A:73458:74498 [0] NCCL INFO Channel 00 : 8[100000] -> 15[e00000] via P2P/IPC/read
ip-0A230408:40956:41923 [0] NCCL INFO Channel 00/0 : 25[200000] -> 0[100000] [receive] via NET/IBext/0/GDRDMA
ip-0A230408:40956:41923 [0] NCCL INFO Channel 08/0 : 25[200000] -> 0[100000] [receive] via NET/IBext/0/GDRDMA
ip-0A230408:40956:41923 [0] NCCL INFO Channel 16/0 : 25[200000] -> 0[100000] [receive] via NET/IBext/0/GDRDMA
ip-0A230408:40956:41923 [0] NCCL INFO Channel 00 : 0[100000] -> 7[e00000] via P2P/IPC/read
ip-0A23041D:78949:79990 [0] NCCL INFO Channel 03 : 16[100000] -> 23[e00000] via P2P/IPC/read
ip-0A23041A:73457:74486 [6] NCCL INFO Channel 22/0 : 7[e00000] -> 14[d00000] [receive] via NET/IBext/6/GDRDMA
ip-0A23041A:73458:74498 [0] NCCL INFO Channel 02 : 8[100000] -> 15[e00000] via P2P/IPC/read
ip-0A230408:40956:41923 [0] NCCL INFO Channel 02 : 0[100000] -> 7[e00000] via P2P/IPC/read
ip-0A230405:75721:76748 [0] NCCL INFO Channel 08 : 24[100000] -> 31[e00000] via P2P/IPC/read
ip-0A23041D:78949:79990 [0] NCCL INFO Channel 04 : 16[100000] -> 23[e00000] via P2P/IPC/read
ip-0A23041A:73458:74498 [0] NCCL INFO Channel 03 : 8[100000] -> 15[e00000] via P2P/IPC/read
ip-0A230405:75721:76748 [0] NCCL INFO Channel 10 : 24[100000] -> 31[e00000] via P2P/IPC/read
ip-0A230408:40956:41923 [0] NCCL INFO Channel 03 : 0[100000] -> 7[e00000] via P2P/IPC/read
ip-0A23041D:78949:79990 [0] NCCL INFO Channel 05 : 16[100000] -> 23[e00000] via P2P/IPC/read
ip-0A230405:75721:76748 [0] NCCL INFO Channel 11 : 24[100000] -> 31[e00000] via P2P/IPC/read
ip-0A23041A:73458:74498 [0] NCCL INFO Channel 04 : 8[100000] -> 15[e00000] via P2P/IPC/read
ip-0A230408:40956:41923 [0] NCCL INFO Channel 04 : 0[100000] -> 7[e00000] via P2P/IPC/read
ip-0A23041D:78949:79990 [0] NCCL INFO Channel 06 : 16[100000] -> 23[e00000] via P2P/IPC/read
ip-0A23041A:73458:74498 [0] NCCL INFO Channel 05 : 8[100000] -> 15[e00000] via P2P/IPC/read
ip-0A230408:40956:41923 [0] NCCL INFO Channel 05 : 0[100000] -> 7[e00000] via P2P/IPC/read
ip-0A230405:75721:76748 [0] NCCL INFO Channel 12 : 24[100000] -> 31[e00000] via P2P/IPC/read
ip-0A23041D:78949:79990 [0] NCCL INFO Channel 08 : 16[100000] -> 23[e00000] via P2P/IPC/read
ip-0A23041A:73458:74498 [0] NCCL INFO Channel 06 : 8[100000] -> 15[e00000] via P2P/IPC/read
ip-0A230408:40956:41923 [0] NCCL INFO Channel 06 : 0[100000] -> 7[e00000] via P2P/IPC/read
ip-0A230405:75721:76748 [0] NCCL INFO Channel 13 : 24[100000] -> 31[e00000] via P2P/IPC/read
ip-0A23041D:78949:79990 [0] NCCL INFO Channel 10 : 16[100000] -> 23[e00000] via P2P/IPC/read
ip-0A23041A:73458:74498 [0] NCCL INFO Channel 08 : 8[100000] -> 15[e00000] via P2P/IPC/read
ip-0A230408:40956:41923 [0] NCCL INFO Channel 08 : 0[100000] -> 7[e00000] via P2P/IPC/read
ip-0A230405:75721:76748 [0] NCCL INFO Channel 14 : 24[100000] -> 31[e00000] via P2P/IPC/read
ip-0A23041D:78949:79990 [0] NCCL INFO Channel 11 : 16[100000] -> 23[e00000] via P2P/IPC/read
ip-0A23041A:73458:74498 [0] NCCL INFO Channel 10 : 8[100000] -> 15[e00000] via P2P/IPC/read
ip-0A230408:40956:41923 [0] NCCL INFO Channel 10 : 0[100000] -> 7[e00000] via P2P/IPC/read
ip-0A230405:75721:76748 [0] NCCL INFO Channel 16 : 24[100000] -> 31[e00000] via P2P/IPC/read
ip-0A23041D:78949:79990 [0] NCCL INFO Channel 12 : 16[100000] -> 23[e00000] via P2P/IPC/read
ip-0A23041D:78952:79991 [5] NCCL INFO Channel 05/0 : 12[b00000] -> 21[c00000] [receive] via NET/IBext/5/GDRDMA
ip-0A23041D:78952:79991 [5] NCCL INFO Channel 13/0 : 12[b00000] -> 21[c00000] [receive] via NET/IBext/5/GDRDMA
ip-0A23041D:78952:79991 [5] NCCL INFO Channel 21/0 : 12[b00000] -> 21[c00000] [receive] via NET/IBext/5/GDRDMA
ip-0A23041A:73458:74498 [0] NCCL INFO Channel 11 : 8[100000] -> 15[e00000] via P2P/IPC/read
ip-0A230405:75721:76748 [0] NCCL INFO Channel 18 : 24[100000] -> 31[e00000] via P2P/IPC/read
ip-0A23041D:78949:79990 [0] NCCL INFO Channel 13 : 16[100000] -> 23[e00000] via P2P/IPC/read
ip-0A23041A:73460:74499 [5] NCCL INFO Channel 05/0 : 4[b00000] -> 13[c00000] [receive] via NET/IBext/5/GDRDMA
ip-0A23041A:73460:74499 [5] NCCL INFO Channel 13/0 : 4[b00000] -> 13[c00000] [receive] via NET/IBext/5/GDRDMA
ip-0A23041A:73460:74499 [5] NCCL INFO Channel 21/0 : 4[b00000] -> 13[c00000] [receive] via NET/IBext/5/GDRDMA
ip-0A230408:40956:41923 [0] NCCL INFO Channel 11 : 0[100000] -> 7[e00000] via P2P/IPC/read
ip-0A23041A:73458:74498 [0] NCCL INFO Channel 12 : 8[100000] -> 15[e00000] via P2P/IPC/read
ip-0A230408:40956:41923 [0] NCCL INFO Channel 12 : 0[100000] -> 7[e00000] via P2P/IPC/read
ip-0A230405:75721:76748 [0] NCCL INFO Channel 19 : 24[100000] -> 31[e00000] via P2P/IPC/read
ip-0A23041D:78949:79990 [0] NCCL INFO Channel 14 : 16[100000] -> 23[e00000] via P2P/IPC/read
ip-0A230405:75725:76747 [3] NCCL INFO Channel 03/0 : 18[300000] -> 27[400000] [receive] via NET/IBext/3/GDRDMA
ip-0A230405:75725:76747 [3] NCCL INFO Channel 11/0 : 18[300000] -> 27[400000] [receive] via NET/IBext/3/GDRDMA
ip-0A230405:75725:76747 [3] NCCL INFO Channel 19/0 : 18[300000] -> 27[400000] [receive] via NET/IBext/3/GDRDMA
ip-0A230405:75721:76748 [0] NCCL INFO Channel 20 : 24[100000] -> 31[e00000] via P2P/IPC/read
ip-0A230408:40956:41923 [0] NCCL INFO Channel 13 : 0[100000] -> 7[e00000] via P2P/IPC/read
ip-0A230408:40953:41981 [3] NCCL INFO Channel 03/0 : 26[300000] -> 3[400000] [receive] via NET/IBext/3/GDRDMA
ip-0A230408:40953:41981 [3] NCCL INFO Channel 11/0 : 26[300000] -> 3[400000] [receive] via NET/IBext/3/GDRDMA
ip-0A230408:40953:41981 [3] NCCL INFO Channel 19/0 : 26[300000] -> 3[400000] [receive] via NET/IBext/3/GDRDMA
ip-0A23041A:73458:74498 [0] NCCL INFO Channel 13 : 8[100000] -> 15[e00000] via P2P/IPC/read
ip-0A23041D:78949:79990 [0] NCCL INFO Channel 16 : 16[100000] -> 23[e00000] via P2P/IPC/read
ip-0A230408:40956:41923 [0] NCCL INFO Channel 14 : 0[100000] -> 7[e00000] via P2P/IPC/read
ip-0A23041A:73458:74498 [0] NCCL INFO Channel 14 : 8[100000] -> 15[e00000] via P2P/IPC/read
ip-0A230408:40956:41923 [0] NCCL INFO Channel 16 : 0[100000] -> 7[e00000] via P2P/IPC/read
ip-0A230405:75721:76748 [0] NCCL INFO Channel 21 : 24[100000] -> 31[e00000] via P2P/IPC/read
ip-0A23041D:78949:79990 [0] NCCL INFO Channel 18 : 16[100000] -> 23[e00000] via P2P/IPC/read
ip-0A23041D:78949:79990 [0] NCCL INFO Channel 19 : 16[100000] -> 23[e00000] via P2P/IPC/read
ip-0A23041D:78949:79990 [0] NCCL INFO Channel 20 : 16[100000] -> 23[e00000] via P2P/IPC/read
ip-0A23041D:78949:79990 [0] NCCL INFO Channel 21 : 16[100000] -> 23[e00000] via P2P/IPC/read
ip-0A23041D:78949:79990 [0] NCCL INFO Channel 22 : 16[100000] -> 23[e00000] via P2P/IPC/read
ip-0A23041A:73458:74498 [0] NCCL INFO Channel 16 : 8[100000] -> 15[e00000] via P2P/IPC/read
ip-0A23041A:73458:74498 [0] NCCL INFO Channel 18 : 8[100000] -> 15[e00000] via P2P/IPC/read
ip-0A23041A:73458:74498 [0] NCCL INFO Channel 19 : 8[100000] -> 15[e00000] via P2P/IPC/read
ip-0A23041A:73458:74498 [0] NCCL INFO Channel 20 : 8[100000] -> 15[e00000] via P2P/IPC/read
ip-0A23041A:73458:74498 [0] NCCL INFO Channel 21 : 8[100000] -> 15[e00000] via P2P/IPC/read
ip-0A230405:75721:76748 [0] NCCL INFO Channel 22 : 24[100000] -> 31[e00000] via P2P/IPC/read
ip-0A230408:40956:41923 [0] NCCL INFO Channel 18 : 0[100000] -> 7[e00000] via P2P/IPC/read
ip-0A23041A:73458:74498 [0] NCCL INFO Channel 22 : 8[100000] -> 15[e00000] via P2P/IPC/read
ip-0A230408:40956:41923 [0] NCCL INFO Channel 19 : 0[100000] -> 7[e00000] via P2P/IPC/read
ip-0A230408:40956:41923 [0] NCCL INFO Channel 20 : 0[100000] -> 7[e00000] via P2P/IPC/read
ip-0A230408:40956:41923 [0] NCCL INFO Channel 21 : 0[100000] -> 7[e00000] via P2P/IPC/read
ip-0A230408:40956:41923 [0] NCCL INFO Channel 22 : 0[100000] -> 7[e00000] via P2P/IPC/read
ip-0A23041D:78951:79985 [3] NCCL INFO Channel 03/0 : 10[300000] -> 19[400000] [receive] via NET/IBext/3/GDRDMA
ip-0A23041D:78951:79985 [3] NCCL INFO Channel 11/0 : 10[300000] -> 19[400000] [receive] via NET/IBext/3/GDRDMA
ip-0A23041D:78951:79985 [3] NCCL INFO Channel 19/0 : 10[300000] -> 19[400000] [receive] via NET/IBext/3/GDRDMA
ip-0A230408:40954:41982 [5] NCCL INFO Channel 05/0 : 28[b00000] -> 5[c00000] [receive] via NET/IBext/5/GDRDMA
ip-0A230408:40954:41982 [5] NCCL INFO Channel 13/0 : 28[b00000] -> 5[c00000] [receive] via NET/IBext/5/GDRDMA
ip-0A230408:40954:41982 [5] NCCL INFO Channel 21/0 : 28[b00000] -> 5[c00000] [receive] via NET/IBext/5/GDRDMA
ip-0A23041A:73455:74497 [3] NCCL INFO Channel 03/0 : 2[300000] -> 11[400000] [receive] via NET/IBext/3/GDRDMA
ip-0A23041A:73455:74497 [3] NCCL INFO Channel 11/0 : 2[300000] -> 11[400000] [receive] via NET/IBext/3/GDRDMA
ip-0A23041A:73455:74497 [3] NCCL INFO Channel 19/0 : 2[300000] -> 11[400000] [receive] via NET/IBext/3/GDRDMA
ip-0A230405:75724:76751 [5] NCCL INFO Channel 05/0 : 20[b00000] -> 29[c00000] [receive] via NET/IBext/5/GDRDMA
ip-0A230405:75724:76751 [5] NCCL INFO Channel 13/0 : 20[b00000] -> 29[c00000] [receive] via NET/IBext/5/GDRDMA
ip-0A230405:75724:76751 [5] NCCL INFO Channel 21/0 : 20[b00000] -> 29[c00000] [receive] via NET/IBext/5/GDRDMA
ip-0A23041D:78955:79989 [4] NCCL INFO Channel 05/0 : 20[b00000] -> 29[c00000] [send] via NET/IBext/5/GDRDMA
ip-0A23041D:78955:79989 [4] NCCL INFO Channel 13/0 : 20[b00000] -> 29[c00000] [send] via NET/IBext/5/GDRDMA
ip-0A23041D:78955:79989 [4] NCCL INFO Channel 21/0 : 20[b00000] -> 29[c00000] [send] via NET/IBext/5/GDRDMA
ip-0A230408:40951:41984 [4] NCCL INFO Channel 05/0 : 4[b00000] -> 13[c00000] [send] via NET/IBext/5/GDRDMA
ip-0A230408:40951:41984 [4] NCCL INFO Channel 13/0 : 4[b00000] -> 13[c00000] [send] via NET/IBext/5/GDRDMA
ip-0A230408:40951:41984 [4] NCCL INFO Channel 21/0 : 4[b00000] -> 13[c00000] [send] via NET/IBext/5/GDRDMA
ip-0A23041A:73463:74488 [4] NCCL INFO Channel 05/0 : 12[b00000] -> 21[c00000] [send] via NET/IBext/5/GDRDMA
ip-0A23041A:73463:74488 [4] NCCL INFO Channel 13/0 : 12[b00000] -> 21[c00000] [send] via NET/IBext/5/GDRDMA
ip-0A23041A:73463:74488 [4] NCCL INFO Channel 21/0 : 12[b00000] -> 21[c00000] [send] via NET/IBext/5/GDRDMA
ip-0A230408:40952:41987 [7] NCCL INFO Channel 06/0 : 7[e00000] -> 14[d00000] [send] via NET/IBext/6/GDRDMA
ip-0A230408:40952:41987 [7] NCCL INFO Channel 14/0 : 7[e00000] -> 14[d00000] [send] via NET/IBext/6/GDRDMA
ip-0A230408:40952:41987 [7] NCCL INFO Channel 22/0 : 7[e00000] -> 14[d00000] [send] via NET/IBext/6/GDRDMA
ip-0A23041D:78954:79984 [2] NCCL INFO Channel 03/0 : 18[300000] -> 27[400000] [send] via NET/IBext/3/GDRDMA
ip-0A23041D:78954:79984 [2] NCCL INFO Channel 11/0 : 18[300000] -> 27[400000] [send] via NET/IBext/3/GDRDMA
ip-0A23041D:78950:79988 [7] NCCL INFO Channel 06/0 : 23[e00000] -> 30[d00000] [send] via NET/IBext/6/GDRDMA
ip-0A23041D:78950:79988 [7] NCCL INFO Channel 14/0 : 23[e00000] -> 30[d00000] [send] via NET/IBext/6/GDRDMA
ip-0A23041D:78954:79984 [2] NCCL INFO Channel 19/0 : 18[300000] -> 27[400000] [send] via NET/IBext/3/GDRDMA
ip-0A23041D:78950:79988 [7] NCCL INFO Channel 22/0 : 23[e00000] -> 30[d00000] [send] via NET/IBext/6/GDRDMA
ip-0A23041A:73456:74496 [2] NCCL INFO Channel 03/0 : 10[300000] -> 19[400000] [send] via NET/IBext/3/GDRDMA
ip-0A23041A:73461:74487 [7] NCCL INFO Channel 06/0 : 15[e00000] -> 22[d00000] [send] via NET/IBext/6/GDRDMA
ip-0A23041A:73456:74496 [2] NCCL INFO Channel 11/0 : 10[300000] -> 19[400000] [send] via NET/IBext/3/GDRDMA
ip-0A23041A:73461:74487 [7] NCCL INFO Channel 14/0 : 15[e00000] -> 22[d00000] [send] via NET/IBext/6/GDRDMA
ip-0A23041A:73456:74496 [2] NCCL INFO Channel 19/0 : 10[300000] -> 19[400000] [send] via NET/IBext/3/GDRDMA
ip-0A23041A:73461:74487 [7] NCCL INFO Channel 22/0 : 15[e00000] -> 22[d00000] [send] via NET/IBext/6/GDRDMA
ip-0A230405:75727:76753 [4] NCCL INFO Channel 05/0 : 28[b00000] -> 5[c00000] [send] via NET/IBext/5/GDRDMA
ip-0A230405:75727:76753 [4] NCCL INFO Channel 13/0 : 28[b00000] -> 5[c00000] [send] via NET/IBext/5/GDRDMA
ip-0A230405:75727:76753 [4] NCCL INFO Channel 21/0 : 28[b00000] -> 5[c00000] [send] via NET/IBext/5/GDRDMA
ip-0A230408:40955:41985 [2] NCCL INFO Channel 03/0 : 2[300000] -> 11[400000] [send] via NET/IBext/3/GDRDMA
ip-0A230408:40955:41985 [2] NCCL INFO Channel 11/0 : 2[300000] -> 11[400000] [send] via NET/IBext/3/GDRDMA
ip-0A230408:40955:41985 [2] NCCL INFO Channel 19/0 : 2[300000] -> 11[400000] [send] via NET/IBext/3/GDRDMA
ip-0A230405:75726:76750 [2] NCCL INFO Channel 03/0 : 26[300000] -> 3[400000] [send] via NET/IBext/3/GDRDMA
ip-0A230405:75722:76752 [7] NCCL INFO Channel 06/0 : 31[e00000] -> 6[d00000] [send] via NET/IBext/6/GDRDMA
ip-0A230405:75726:76750 [2] NCCL INFO Channel 11/0 : 26[300000] -> 3[400000] [send] via NET/IBext/3/GDRDMA
ip-0A230405:75726:76750 [2] NCCL INFO Channel 19/0 : 26[300000] -> 3[400000] [send] via NET/IBext/3/GDRDMA
ip-0A230405:75722:76752 [7] NCCL INFO Channel 14/0 : 31[e00000] -> 6[d00000] [send] via NET/IBext/6/GDRDMA
ip-0A230405:75722:76752 [7] NCCL INFO Channel 22/0 : 31[e00000] -> 6[d00000] [send] via NET/IBext/6/GDRDMA
ip-0A230408:40950:41983 [1] NCCL INFO Channel 01/0 : 24[100000] -> 1[200000] [receive] via NET/IBext/1/GDRDMA
ip-0A230408:40950:41983 [1] NCCL INFO Channel 09/0 : 24[100000] -> 1[200000] [receive] via NET/IBext/1/GDRDMA
ip-0A230408:40950:41983 [1] NCCL INFO Channel 17/0 : 24[100000] -> 1[200000] [receive] via NET/IBext/1/GDRDMA
ip-0A23041A:73459:74495 [1] NCCL INFO Channel 01/0 : 0[100000] -> 9[200000] [receive] via NET/IBext/1/GDRDMA
ip-0A23041A:73459:74495 [1] NCCL INFO Channel 09/0 : 0[100000] -> 9[200000] [receive] via NET/IBext/1/GDRDMA
ip-0A23041A:73459:74495 [1] NCCL INFO Channel 17/0 : 0[100000] -> 9[200000] [receive] via NET/IBext/1/GDRDMA
ip-0A23041D:78956:79983 [1] NCCL INFO Channel 01/0 : 8[100000] -> 17[200000] [receive] via NET/IBext/1/GDRDMA
ip-0A23041D:78956:79983 [1] NCCL INFO Channel 09/0 : 8[100000] -> 17[200000] [receive] via NET/IBext/1/GDRDMA
ip-0A23041D:78956:79983 [1] NCCL INFO Channel 17/0 : 8[100000] -> 17[200000] [receive] via NET/IBext/1/GDRDMA
ip-0A230405:75723:76754 [1] NCCL INFO Channel 01/0 : 16[100000] -> 25[200000] [receive] via NET/IBext/1/GDRDMA
ip-0A230405:75723:76754 [1] NCCL INFO Channel 09/0 : 16[100000] -> 25[200000] [receive] via NET/IBext/1/GDRDMA
ip-0A230405:75723:76754 [1] NCCL INFO Channel 17/0 : 16[100000] -> 25[200000] [receive] via NET/IBext/1/GDRDMA
ip-0A23041D:78955:79989 [4] NCCL INFO Channel 03 : 20[b00000] -> 18[300000] via P2P/IPC/read
ip-0A23041D:78955:79989 [4] NCCL INFO Channel 11 : 20[b00000] -> 18[300000] via P2P/IPC/read
ip-0A230408:40951:41984 [4] NCCL INFO Channel 03 : 4[b00000] -> 2[300000] via P2P/IPC/read
ip-0A23041D:78955:79989 [4] NCCL INFO Channel 19 : 20[b00000] -> 18[300000] via P2P/IPC/read
ip-0A230408:40951:41984 [4] NCCL INFO Channel 11 : 4[b00000] -> 2[300000] via P2P/IPC/read
ip-0A23041A:73456:74496 [2] NCCL INFO Channel 01 : 10[300000] -> 8[100000] via P2P/IPC/read
ip-0A230408:40951:41984 [4] NCCL INFO Channel 19 : 4[b00000] -> 2[300000] via P2P/IPC/read
ip-0A23041A:73456:74496 [2] NCCL INFO Channel 09 : 10[300000] -> 8[100000] via P2P/IPC/read
ip-0A230405:75726:76750 [2] NCCL INFO Channel 01 : 26[300000] -> 24[100000] via P2P/IPC/read
ip-0A23041D:78954:79984 [2] NCCL INFO Channel 01 : 18[300000] -> 16[100000] via P2P/IPC/read
ip-0A23041A:73456:74496 [2] NCCL INFO Channel 17 : 10[300000] -> 8[100000] via P2P/IPC/read
ip-0A230405:75726:76750 [2] NCCL INFO Channel 09 : 26[300000] -> 24[100000] via P2P/IPC/read
ip-0A23041D:78954:79984 [2] NCCL INFO Channel 09 : 18[300000] -> 16[100000] via P2P/IPC/read
ip-0A23041A:73457:74486 [6] NCCL INFO Channel 07/0 : 14[d00000] -> 23[e00000] [send] via NET/IBext/7/GDRDMA
ip-0A23041A:73457:74486 [6] NCCL INFO Channel 15/0 : 14[d00000] -> 23[e00000] [send] via NET/IBext/7/GDRDMA
ip-0A23041A:73457:74486 [6] NCCL INFO Channel 23/0 : 14[d00000] -> 23[e00000] [send] via NET/IBext/7/GDRDMA
ip-0A230405:75726:76750 [2] NCCL INFO Channel 17 : 26[300000] -> 24[100000] via P2P/IPC/read
ip-0A23041D:78954:79984 [2] NCCL INFO Channel 17 : 18[300000] -> 16[100000] via P2P/IPC/read
ip-0A23041D:78951:79985 [3] NCCL INFO Channel 03 : 19[400000] -> 17[200000] via P2P/IPC/read
ip-0A230405:75724:76751 [5] NCCL INFO Channel 05 : 29[c00000] -> 27[400000] via P2P/IPC/read
ip-0A23041D:78951:79985 [3] NCCL INFO Channel 11 : 19[400000] -> 17[200000] via P2P/IPC/read
ip-0A230408:40953:41981 [3] NCCL INFO Channel 03 : 3[400000] -> 1[200000] via P2P/IPC/read
ip-0A230408:40955:41985 [2] NCCL INFO Channel 01 : 2[300000] -> 0[100000] via P2P/IPC/read
ip-0A23041A:73460:74499 [5] NCCL INFO Channel 05 : 13[c00000] -> 11[400000] via P2P/IPC/read
ip-0A230405:75728:76749 [6] NCCL INFO Channel 07/0 : 30[d00000] -> 7[e00000] [send] via NET/IBext/7/GDRDMA
ip-0A230405:75728:76749 [6] NCCL INFO Channel 15/0 : 30[d00000] -> 7[e00000] [send] via NET/IBext/7/GDRDMA
ip-0A230405:75728:76749 [6] NCCL INFO Channel 23/0 : 30[d00000] -> 7[e00000] [send] via NET/IBext/7/GDRDMA
ip-0A23041D:78951:79985 [3] NCCL INFO Channel 19 : 19[400000] -> 17[200000] via P2P/IPC/read
ip-0A230408:40953:41981 [3] NCCL INFO Channel 11 : 3[400000] -> 1[200000] via P2P/IPC/read
ip-0A230405:75724:76751 [5] NCCL INFO Channel 13 : 29[c00000] -> 27[400000] via P2P/IPC/read
ip-0A23041A:73463:74488 [4] NCCL INFO Channel 03 : 12[b00000] -> 10[300000] via P2P/IPC/read
ip-0A230405:75724:76751 [5] NCCL INFO Channel 21 : 29[c00000] -> 27[400000] via P2P/IPC/read
ip-0A230405:75727:76753 [4] NCCL INFO Channel 03 : 28[b00000] -> 26[300000] via P2P/IPC/read
ip-0A230408:40952:41987 [7] NCCL INFO Channel 07/0 : 30[d00000] -> 7[e00000] [receive] via NET/IBext/7/GDRDMA
ip-0A230408:40955:41985 [2] NCCL INFO Channel 09 : 2[300000] -> 0[100000] via P2P/IPC/read
ip-0A230408:40952:41987 [7] NCCL INFO Channel 15/0 : 30[d00000] -> 7[e00000] [receive] via NET/IBext/7/GDRDMA
ip-0A230408:40952:41987 [7] NCCL INFO Channel 23/0 : 30[d00000] -> 7[e00000] [receive] via NET/IBext/7/GDRDMA
ip-0A230408:40953:41981 [3] NCCL INFO Channel 19 : 3[400000] -> 1[200000] via P2P/IPC/read
ip-0A23041A:73460:74499 [5] NCCL INFO Channel 13 : 13[c00000] -> 11[400000] via P2P/IPC/read
ip-0A230405:75727:76753 [4] NCCL INFO Channel 11 : 28[b00000] -> 26[300000] via P2P/IPC/read
ip-0A230408:40955:41985 [2] NCCL INFO Channel 17 : 2[300000] -> 0[100000] via P2P/IPC/read
ip-0A230408:40954:41982 [5] NCCL INFO Channel 05 : 5[c00000] -> 3[400000] via P2P/IPC/read
ip-0A23041A:73463:74488 [4] NCCL INFO Channel 11 : 12[b00000] -> 10[300000] via P2P/IPC/read
ip-0A230405:75727:76753 [4] NCCL INFO Channel 19 : 28[b00000] -> 26[300000] via P2P/IPC/read
ip-0A23041D:78952:79991 [5] NCCL INFO Channel 05 : 21[c00000] -> 19[400000] via P2P/IPC/read
ip-0A230405:75725:76747 [3] NCCL INFO Channel 03 : 27[400000] -> 25[200000] via P2P/IPC/read
ip-0A23041A:73460:74499 [5] NCCL INFO Channel 21 : 13[c00000] -> 11[400000] via P2P/IPC/read
ip-0A230408:40954:41982 [5] NCCL INFO Channel 13 : 5[c00000] -> 3[400000] via P2P/IPC/read
ip-0A23041D:78952:79991 [5] NCCL INFO Channel 13 : 21[c00000] -> 19[400000] via P2P/IPC/read
ip-0A23041D:78952:79991 [5] NCCL INFO Channel 21 : 21[c00000] -> 19[400000] via P2P/IPC/read
ip-0A23041A:73463:74488 [4] NCCL INFO Channel 19 : 12[b00000] -> 10[300000] via P2P/IPC/read
ip-0A230408:40954:41982 [5] NCCL INFO Channel 21 : 5[c00000] -> 3[400000] via P2P/IPC/read
ip-0A230405:75722:76752 [7] NCCL INFO Channel 07/0 : 22[d00000] -> 31[e00000] [receive] via NET/IBext/7/GDRDMA
ip-0A230405:75722:76752 [7] NCCL INFO Channel 15/0 : 22[d00000] -> 31[e00000] [receive] via NET/IBext/7/GDRDMA
ip-0A230405:75722:76752 [7] NCCL INFO Channel 23/0 : 22[d00000] -> 31[e00000] [receive] via NET/IBext/7/GDRDMA
ip-0A230405:75725:76747 [3] NCCL INFO Channel 11 : 27[400000] -> 25[200000] via P2P/IPC/read
ip-0A23041A:73455:74497 [3] NCCL INFO Channel 03 : 11[400000] -> 9[200000] via P2P/IPC/read
ip-0A23041A:73455:74497 [3] NCCL INFO Channel 11 : 11[400000] -> 9[200000] via P2P/IPC/read
ip-0A23041A:73455:74497 [3] NCCL INFO Channel 19 : 11[400000] -> 9[200000] via P2P/IPC/read
ip-0A23041A:73461:74487 [7] NCCL INFO Channel 07/0 : 6[d00000] -> 15[e00000] [receive] via NET/IBext/7/GDRDMA
ip-0A23041A:73461:74487 [7] NCCL INFO Channel 15/0 : 6[d00000] -> 15[e00000] [receive] via NET/IBext/7/GDRDMA
ip-0A23041A:73461:74487 [7] NCCL INFO Channel 23/0 : 6[d00000] -> 15[e00000] [receive] via NET/IBext/7/GDRDMA
ip-0A230405:75725:76747 [3] NCCL INFO Channel 19 : 27[400000] -> 25[200000] via P2P/IPC/read
ip-0A230408:40957:41986 [6] NCCL INFO Channel 07/0 : 6[d00000] -> 15[e00000] [send] via NET/IBext/7/GDRDMA
ip-0A230408:40957:41986 [6] NCCL INFO Channel 15/0 : 6[d00000] -> 15[e00000] [send] via NET/IBext/7/GDRDMA
ip-0A230408:40957:41986 [6] NCCL INFO Channel 23/0 : 6[d00000] -> 15[e00000] [send] via NET/IBext/7/GDRDMA
ip-0A230408:40956:41923 [0] NCCL INFO Channel 01/0 : 0[100000] -> 9[200000] [send] via NET/IBext/1/GDRDMA
ip-0A230408:40956:41923 [0] NCCL INFO Channel 09/0 : 0[100000] -> 9[200000] [send] via NET/IBext/1/GDRDMA
ip-0A230408:40956:41923 [0] NCCL INFO Channel 17/0 : 0[100000] -> 9[200000] [send] via NET/IBext/1/GDRDMA
ip-0A23041D:78953:79986 [6] NCCL INFO Channel 07/0 : 22[d00000] -> 31[e00000] [send] via NET/IBext/7/GDRDMA
ip-0A23041D:78953:79986 [6] NCCL INFO Channel 15/0 : 22[d00000] -> 31[e00000] [send] via NET/IBext/7/GDRDMA
ip-0A23041D:78953:79986 [6] NCCL INFO Channel 23/0 : 22[d00000] -> 31[e00000] [send] via NET/IBext/7/GDRDMA
ip-0A23041D:78949:79990 [0] NCCL INFO Channel 01/0 : 16[100000] -> 25[200000] [send] via NET/IBext/1/GDRDMA
ip-0A23041D:78949:79990 [0] NCCL INFO Channel 09/0 : 16[100000] -> 25[200000] [send] via NET/IBext/1/GDRDMA
ip-0A23041D:78949:79990 [0] NCCL INFO Channel 17/0 : 16[100000] -> 25[200000] [send] via NET/IBext/1/GDRDMA
ip-0A23041A:73458:74498 [0] NCCL INFO Channel 01/0 : 8[100000] -> 17[200000] [send] via NET/IBext/1/GDRDMA
ip-0A23041A:73458:74498 [0] NCCL INFO Channel 09/0 : 8[100000] -> 17[200000] [send] via NET/IBext/1/GDRDMA
ip-0A23041A:73458:74498 [0] NCCL INFO Channel 17/0 : 8[100000] -> 17[200000] [send] via NET/IBext/1/GDRDMA
ip-0A23041D:78950:79988 [7] NCCL INFO Channel 07/0 : 14[d00000] -> 23[e00000] [receive] via NET/IBext/7/GDRDMA
ip-0A23041D:78950:79988 [7] NCCL INFO Channel 15/0 : 14[d00000] -> 23[e00000] [receive] via NET/IBext/7/GDRDMA
ip-0A23041D:78950:79988 [7] NCCL INFO Channel 23/0 : 14[d00000] -> 23[e00000] [receive] via NET/IBext/7/GDRDMA
ip-0A230405:75728:76749 [6] NCCL INFO Channel 05 : 30[d00000] -> 28[b00000] via P2P/IPC/read
ip-0A230405:75721:76748 [0] NCCL INFO Channel 01/0 : 24[100000] -> 1[200000] [send] via NET/IBext/1/GDRDMA
ip-0A230405:75721:76748 [0] NCCL INFO Channel 09/0 : 24[100000] -> 1[200000] [send] via NET/IBext/1/GDRDMA
ip-0A230405:75721:76748 [0] NCCL INFO Channel 17/0 : 24[100000] -> 1[200000] [send] via NET/IBext/1/GDRDMA
ip-0A230405:75728:76749 [6] NCCL INFO Channel 13 : 30[d00000] -> 28[b00000] via P2P/IPC/read
ip-0A230405:75728:76749 [6] NCCL INFO Channel 21 : 30[d00000] -> 28[b00000] via P2P/IPC/read
ip-0A230408:40952:41987 [7] NCCL INFO Channel 07 : 7[e00000] -> 5[c00000] via P2P/IPC/read
ip-0A230408:40952:41987 [7] NCCL INFO Channel 15 : 7[e00000] -> 5[c00000] via P2P/IPC/read
ip-0A230408:40952:41987 [7] NCCL INFO Channel 23 : 7[e00000] -> 5[c00000] via P2P/IPC/read
ip-0A230408:40957:41986 [6] NCCL INFO Channel 05 : 6[d00000] -> 4[b00000] via P2P/IPC/read
ip-0A230408:40957:41986 [6] NCCL INFO Channel 13 : 6[d00000] -> 4[b00000] via P2P/IPC/read
ip-0A230408:40952:41987 [7] NCCL INFO Channel 00 : 7[e00000] -> 6[d00000] via P2P/IPC/read
ip-0A230408:40957:41986 [6] NCCL INFO Channel 21 : 6[d00000] -> 4[b00000] via P2P/IPC/read
ip-0A230408:40952:41987 [7] NCCL INFO Channel 01 : 7[e00000] -> 6[d00000] via P2P/IPC/read
ip-0A230408:40952:41987 [7] NCCL INFO Channel 02 : 7[e00000] -> 6[d00000] via P2P/IPC/read
ip-0A23041D:78953:79986 [6] NCCL INFO Channel 05 : 22[d00000] -> 20[b00000] via P2P/IPC/read
ip-0A230408:40952:41987 [7] NCCL INFO Channel 03 : 7[e00000] -> 6[d00000] via P2P/IPC/read
ip-0A230408:40952:41987 [7] NCCL INFO Channel 04 : 7[e00000] -> 6[d00000] via P2P/IPC/read
ip-0A230405:75722:76752 [7] NCCL INFO Channel 07 : 31[e00000] -> 29[c00000] via P2P/IPC/read
ip-0A23041D:78953:79986 [6] NCCL INFO Channel 13 : 22[d00000] -> 20[b00000] via P2P/IPC/read
ip-0A230408:40952:41987 [7] NCCL INFO Channel 05 : 7[e00000] -> 6[d00000] via P2P/IPC/read
ip-0A230405:75722:76752 [7] NCCL INFO Channel 15 : 31[e00000] -> 29[c00000] via P2P/IPC/read
ip-0A23041D:78953:79986 [6] NCCL INFO Channel 21 : 22[d00000] -> 20[b00000] via P2P/IPC/read
ip-0A230405:75722:76752 [7] NCCL INFO Channel 23 : 31[e00000] -> 29[c00000] via P2P/IPC/read
ip-0A230408:40952:41987 [7] NCCL INFO Channel 08 : 7[e00000] -> 6[d00000] via P2P/IPC/read
ip-0A230408:40952:41987 [7] NCCL INFO Channel 09 : 7[e00000] -> 6[d00000] via P2P/IPC/read
ip-0A230408:40952:41987 [7] NCCL INFO Channel 10 : 7[e00000] -> 6[d00000] via P2P/IPC/read
ip-0A230408:40952:41987 [7] NCCL INFO Channel 11 : 7[e00000] -> 6[d00000] via P2P/IPC/read
ip-0A230408:40952:41987 [7] NCCL INFO Channel 12 : 7[e00000] -> 6[d00000] via P2P/IPC/read
ip-0A230405:75722:76752 [7] NCCL INFO Channel 00 : 31[e00000] -> 30[d00000] via P2P/IPC/read
ip-0A230408:40952:41987 [7] NCCL INFO Channel 13 : 7[e00000] -> 6[d00000] via P2P/IPC/read
ip-0A23041A:73461:74487 [7] NCCL INFO Channel 07 : 15[e00000] -> 13[c00000] via P2P/IPC/read
ip-0A230408:40952:41987 [7] NCCL INFO Channel 16 : 7[e00000] -> 6[d00000] via P2P/IPC/read
ip-0A230405:75722:76752 [7] NCCL INFO Channel 01 : 31[e00000] -> 30[d00000] via P2P/IPC/read
ip-0A23041D:78950:79988 [7] NCCL INFO Channel 07 : 23[e00000] -> 21[c00000] via P2P/IPC/read
ip-0A23041A:73457:74486 [6] NCCL INFO Channel 05 : 14[d00000] -> 12[b00000] via P2P/IPC/read
ip-0A230408:40952:41987 [7] NCCL INFO Channel 17 : 7[e00000] -> 6[d00000] via P2P/IPC/read
ip-0A23041A:73461:74487 [7] NCCL INFO Channel 15 : 15[e00000] -> 13[c00000] via P2P/IPC/read
ip-0A230405:75722:76752 [7] NCCL INFO Channel 02 : 31[e00000] -> 30[d00000] via P2P/IPC/read
ip-0A23041D:78950:79988 [7] NCCL INFO Channel 15 : 23[e00000] -> 21[c00000] via P2P/IPC/read
ip-0A23041A:73457:74486 [6] NCCL INFO Channel 13 : 14[d00000] -> 12[b00000] via P2P/IPC/read
ip-0A23041A:73461:74487 [7] NCCL INFO Channel 23 : 15[e00000] -> 13[c00000] via P2P/IPC/read
ip-0A230408:40952:41987 [7] NCCL INFO Channel 18 : 7[e00000] -> 6[d00000] via P2P/IPC/read
ip-0A230405:75722:76752 [7] NCCL INFO Channel 03 : 31[e00000] -> 30[d00000] via P2P/IPC/read
ip-0A23041A:73457:74486 [6] NCCL INFO Channel 21 : 14[d00000] -> 12[b00000] via P2P/IPC/read
ip-0A23041D:78950:79988 [7] NCCL INFO Channel 23 : 23[e00000] -> 21[c00000] via P2P/IPC/read
ip-0A230408:40952:41987 [7] NCCL INFO Channel 19 : 7[e00000] -> 6[d00000] via P2P/IPC/read
