ip-0A230413:26227:27262 [5] NCCL INFO Trees [0] 6/-1/-1->5->4 [1] 6/-1/-1->5->4 [2] 6/-1/-1->5->4 [3] 6/-1/-1->5->4 [4] 6/-1/-1->5->4 [5] 4/21/-1->5->-1 [6] -1/-1/-1->5->4 [7] -1/-1/-1->5->4 [8] 6/-1/-1->5->4 [9] 6/-1/-1->5->4 [10] 6/-1/-1->5->4 [11] 6/-1/-1->5->4 [12] 6/-1/-1->5->4 [13] 4/-1/-1->5->13 [14] -1/-1/-1->5->4 [15] -1/-1/-1->5->4 [16] 6/-1/-1->5->4 [17] 6/-1/-1->5->4 [18] 6/-1/-1->5->4 [19] 6/-1/-1->5->4 [20] 6/-1/-1->5->4 [21] 4/21/-1->5->-1 [22] -1/-1/-1->5->4 [23] -1/-1/-1->5->4
ip-0A230406:77630:78652 [1] NCCL INFO Trees [0] 26/-1/-1->25->24 [1] 24/-1/-1->25->17 [2] -1/-1/-1->25->24 [3] -1/-1/-1->25->24 [4] 26/-1/-1->25->24 [5] 26/-1/-1->25->24 [6] 26/-1/-1->25->24 [7] 26/-1/-1->25->24 [8] 26/-1/-1->25->24 [9] 24/9/-1->25->-1 [10] -1/-1/-1->25->24 [11] -1/-1/-1->25->24 [12] 26/-1/-1->25->24 [13] 26/-1/-1->25->24 [14] 26/-1/-1->25->24 [15] 26/-1/-1->25->24 [16] 26/-1/-1->25->24 [17] 24/-1/-1->25->17 [18] -1/-1/-1->25->24 [19] -1/-1/-1->25->24 [20] 26/-1/-1->25->24 [21] 26/-1/-1->25->24 [22] 26/-1/-1->25->24 [23] 26/-1/-1->25->24
ip-0A230406:77624:78656 [7] NCCL INFO Trees [0] -1/-1/-1->31->30 [1] -1/-1/-1->31->30 [2] 24/-1/-1->31->30 [3] 24/-1/-1->31->30 [4] 24/-1/-1->31->30 [5] 24/-1/-1->31->30 [6] 24/-1/-1->31->30 [7] 30/-1/-1->31->23 [8] -1/-1/-1->31->30 [9] -1/-1/-1->31->30 [10] 24/-1/-1->31->30 [11] 24/-1/-1->31->30 [12] 24/-1/-1->31->30 [13] 24/-1/-1->31->30 [14] 24/-1/-1->31->30 [15] 30/15/-1->31->-1 [16] -1/-1/-1->31->30 [17] -1/-1/-1->31->30 [18] 24/-1/-1->31->30 [19] 24/-1/-1->31->30 [20] 24/-1/-1->31->30 [21] 24/-1/-1->31->30 [22] 24/-1/-1->31->30 [23] 30/-1/-1->31->23
ip-0A230413:26226:27202 [0] NCCL INFO Channel 00/24 :    0   7   6   5   4   3   2   1   8  15  14  13  12  11  10   9  16  23  22  21
ip-0A230413:26226:27202 [0] NCCL INFO Channel 01/24 :    0   9  15  14  13  12  11  10   8  17  23  22  21  20  19  18  16  25  31  30
ip-0A230406:77626:78655 [6] NCCL INFO Trees [0] 31/-1/-1->30->29 [1] 31/-1/-1->30->29 [2] 31/-1/-1->30->29 [3] 31/-1/-1->30->29 [4] 31/-1/-1->30->29 [5] 31/-1/-1->30->28 [6] 31/-1/-1->30->22 [7] 24/-1/-1->30->31 [8] 31/-1/-1->30->29 [9] 31/-1/-1->30->29 [10] 31/-1/-1->30->29 [11] 31/-1/-1->30->29 [12] 31/-1/-1->30->29 [13] 31/-1/-1->30->28 [14] 31/14/-1->30->-1 [15] 24/-1/-1->30->31 [16] 31/-1/-1->30->29 [17] 31/-1/-1->30->29 [18] 31/-1/-1->30->29 [19] 31/-1/-1->30->29 [20] 31/-1/-1->30->29 [21] 31/-1/-1->30->28 [22] 31/-1/-1->30->22 [23] 24/-1/-1->30->31
ip-0A230406:77625:78657 [2] NCCL INFO Trees [0] 27/-1/-1->26->25 [1] 27/-1/-1->26->24 [2] 27/-1/-1->26->18 [3] 28/-1/-1->26->27 [4] 27/-1/-1->26->25 [5] 27/-1/-1->26->25 [6] 27/-1/-1->26->25 [7] 27/-1/-1->26->25 [8] 27/-1/-1->26->25 [9] 27/-1/-1->26->24 [10] 27/10/-1->26->-1 [11] 28/-1/-1->26->27 [12] 27/-1/-1->26->25 [13] 27/-1/-1->26->25 [14] 27/-1/-1->26->25 [15] 27/-1/-1->26->25 [16] 27/-1/-1->26->25 [17] 27/-1/-1->26->24 [18] 27/-1/-1->26->18 [19] 28/-1/-1->26->27 [20] 27/-1/-1->26->25 [21] 27/-1/-1->26->25 [22] 27/-1/-1->26->25 [23] 27/-1/-1->26->25
ip-0A230413:26233:27264 [2] NCCL INFO Trees [0] 3/-1/-1->2->1 [1] 3/-1/-1->2->0 [2] 3/18/-1->2->-1 [3] 4/-1/-1->2->3 [4] 3/-1/-1->2->1 [5] 3/-1/-1->2->1 [6] 3/-1/-1->2->1 [7] 3/-1/-1->2->1 [8] 3/-1/-1->2->1 [9] 3/-1/-1->2->0 [10] 3/-1/-1->2->10 [11] 4/-1/-1->2->3 [12] 3/-1/-1->2->1 [13] 3/-1/-1->2->1 [14] 3/-1/-1->2->1 [15] 3/-1/-1->2->1 [16] 3/-1/-1->2->1 [17] 3/-1/-1->2->0 [18] 3/18/-1->2->-1 [19] 4/-1/-1->2->3 [20] 3/-1/-1->2->1 [21] 3/-1/-1->2->1 [22] 3/-1/-1->2->1 [23] 3/-1/-1->2->1
ip-0A230413:26228:27265 [3] NCCL INFO Trees [0] 4/-1/-1->3->2 [1] 4/-1/-1->3->2 [2] 4/-1/-1->3->2 [3] 2/19/-1->3->-1 [4] -1/-1/-1->3->2 [5] -1/-1/-1->3->2 [6] 4/-1/-1->3->2 [7] 4/-1/-1->3->2 [8] 4/-1/-1->3->2 [9] 4/-1/-1->3->2 [10] 4/-1/-1->3->2 [11] 2/-1/-1->3->11 [12] -1/-1/-1->3->2 [13] -1/-1/-1->3->2 [14] 4/-1/-1->3->2 [15] 4/-1/-1->3->2 [16] 4/-1/-1->3->2 [17] 4/-1/-1->3->2 [18] 4/-1/-1->3->2 [19] 2/19/-1->3->-1 [20] -1/-1/-1->3->2 [21] -1/-1/-1->3->2 [22] 4/-1/-1->3->2 [23] 4/-1/-1->3->2
ip-0A230414:77757:78791 [1] NCCL INFO Trees [0] 10/-1/-1->9->8 [1] 8/-1/-1->9->16 [2] -1/-1/-1->9->8 [3] -1/-1/-1->9->8 [4] 10/-1/-1->9->8 [5] 10/-1/-1->9->8 [6] 10/-1/-1->9->8 [7] 10/-1/-1->9->8 [8] 10/16/-1->9->8 [9] 8/1/-1->9->25 [10] -1/-1/-1->9->8 [11] -1/-1/-1->9->8 [12] 10/-1/-1->9->8 [13] 10/-1/-1->9->8 [14] 10/-1/-1->9->8 [15] 10/-1/-1->9->8 [16] 10/-1/-1->9->8 [17] 8/-1/-1->9->16 [18] -1/-1/-1->9->8 [19] -1/-1/-1->9->8 [20] 10/-1/-1->9->8 [21] 10/-1/-1->9->8 [22] 10/-1/-1->9->8 [23] 10/-1/-1->9->8
ip-0A230413:26229:27255 [7] NCCL INFO Trees [0] -1/-1/-1->7->6 [1] -1/-1/-1->7->6 [2] 0/-1/-1->7->6 [3] 0/-1/-1->7->6 [4] 0/-1/-1->7->6 [5] 0/-1/-1->7->6 [6] 0/-1/-1->7->6 [7] 6/23/-1->7->-1 [8] -1/-1/-1->7->6 [9] -1/-1/-1->7->6 [10] 0/-1/-1->7->6 [11] 0/-1/-1->7->6 [12] 0/-1/-1->7->6 [13] 0/-1/-1->7->6 [14] 0/-1/-1->7->6 [15] 6/-1/-1->7->15 [16] -1/-1/-1->7->6 [17] -1/-1/-1->7->6 [18] 0/-1/-1->7->6 [19] 0/-1/-1->7->6 [20] 0/-1/-1->7->6 [21] 0/-1/-1->7->6 [22] 0/-1/-1->7->6 [23] 6/23/-1->7->-1
ip-0A230413:26226:27202 [0] NCCL INFO Channel 02/24 :    0   7   6   5   4   3  10   9   8  15  14  13  12  11  18  17  16  23  22  21
ip-0A230413:26226:27202 [0] NCCL INFO Channel 03/24 :    0   7   6   5   4   2  11   9   8  15  14  13  12  10  19  17  16  23  22  21
ip-0A230413:26226:27202 [0] NCCL INFO Channel 04/24 :    0   7   6   5  12  11  10   9   8  15  14  13  20  19  18  17  16  23  22  21
ip-0A230413:26226:27202 [0] NCCL INFO Channel 05/24 :    0   7   6   4  13  11  10   9   8  15  14  12  21  19  18  17  16  23  22  20
ip-0A230413:26226:27202 [0] NCCL INFO Channel 06/24 :    0   7  14  13  12  11  10   9   8  15  22  21  20  19  18  17  16  23  30  29
ip-0A230413:26226:27202 [0] NCCL INFO Channel 07/24 :    0   6  15  13  12  11  10   9   8  14  23  21  20  19  18  17  16  22  31  29
ip-0A230413:26226:27202 [0] NCCL INFO Channel 08/24 :    0   7   6   5   4   3   2   1   8  15  14  13  12  11  10   9  16  23  22  21
ip-0A230413:26226:27202 [0] NCCL INFO Channel 09/24 :    0   9  15  14  13  12  11  10   8  17  23  22  21  20  19  18  16  25  31  30
ip-0A230413:26226:27202 [0] NCCL INFO Channel 10/24 :    0   7   6   5   4   3  10   9   8  15  14  13  12  11  18  17  16  23  22  21
ip-0A230413:26226:27202 [0] NCCL INFO Channel 11/24 :    0   7   6   5   4   2  11   9   8  15  14  13  12  10  19  17  16  23  22  21
ip-0A230413:26226:27202 [0] NCCL INFO Channel 12/24 :    0   7   6   5  12  11  10   9   8  15  14  13  20  19  18  17  16  23  22  21
ip-0A230413:26226:27202 [0] NCCL INFO Channel 13/24 :    0   7   6   4  13  11  10   9   8  15  14  12  21  19  18  17  16  23  22  20
ip-0A230413:26231:27257 [1] NCCL INFO Trees [0] 2/-1/-1->1->0 [1] 0/17/-1->1->-1 [2] -1/-1/-1->1->0 [3] -1/-1/-1->1->0 [4] 2/-1/-1->1->0 [5] 2/-1/-1->1->0 [6] 2/-1/-1->1->0 [7] 2/-1/-1->1->0 [8] 2/-1/-1->1->0 [9] 0/-1/-1->1->9 [10] -1/-1/-1->1->0 [11] -1/-1/-1->1->0 [12] 2/-1/-1->1->0 [13] 2/-1/-1->1->0 [14] 2/-1/-1->1->0 [15] 2/-1/-1->1->0 [16] 2/-1/-1->1->0 [17] 0/17/-1->1->-1 [18] -1/-1/-1->1->0 [19] -1/-1/-1->1->0 [20] 2/-1/-1->1->0 [21] 2/-1/-1->1->0 [22] 2/-1/-1->1->0 [23] 2/-1/-1->1->0
ip-0A230413:26232:27263 [6] NCCL INFO Trees [0] 7/-1/-1->6->5 [1] 7/-1/-1->6->5 [2] 7/-1/-1->6->5 [3] 7/-1/-1->6->5 [4] 7/-1/-1->6->5 [5] 7/-1/-1->6->4 [6] 7/22/-1->6->-1 [7] 0/-1/-1->6->7 [8] 7/-1/-1->6->5 [9] 7/-1/-1->6->5 [10] 7/-1/-1->6->5 [11] 7/-1/-1->6->5 [12] 7/-1/-1->6->5 [13] 7/-1/-1->6->4 [14] 7/-1/-1->6->14 [15] 0/-1/-1->6->7 [16] 7/-1/-1->6->5 [17] 7/-1/-1->6->5 [18] 7/-1/-1->6->5 [19] 7/-1/-1->6->5 [20] 7/-1/-1->6->5 [21] 7/-1/-1->6->4 [22] 7/22/-1->6->-1 [23] 0/-1/-1->6->7
ip-0A230406:77627:78650 [3] NCCL INFO Trees [0] 28/-1/-1->27->26 [1] 28/-1/-1->27->26 [2] 28/-1/-1->27->26 [3] 26/-1/-1->27->19 [4] -1/-1/-1->27->26 [5] -1/-1/-1->27->26 [6] 28/-1/-1->27->26 [7] 28/-1/-1->27->26 [8] 28/-1/-1->27->26 [9] 28/-1/-1->27->26 [10] 28/-1/-1->27->26 [11] 26/11/-1->27->-1 [12] -1/-1/-1->27->26 [13] -1/-1/-1->27->26 [14] 28/-1/-1->27->26 [15] 28/-1/-1->27->26 [16] 28/-1/-1->27->26 [17] 28/-1/-1->27->26 [18] 28/-1/-1->27->26 [19] 26/-1/-1->27->19 [20] -1/-1/-1->27->26 [21] -1/-1/-1->27->26 [22] 28/-1/-1->27->26 [23] 28/-1/-1->27->26
ip-0A230413:26226:27202 [0] NCCL INFO Channel 14/24 :    0   7  14  13  12  11  10   9   8  15  22  21  20  19  18  17  16  23  30  29
ip-0A230413:26226:27202 [0] NCCL INFO Channel 15/24 :    0   6  15  13  12  11  10   9   8  14  23  21  20  19  18  17  16  22  31  29
ip-0A230413:26226:27202 [0] NCCL INFO Channel 16/24 :    0   7   6   5   4   3   2   1   8  15  14  13  12  11  10   9  16  23  22  21
ip-0A230413:26226:27202 [0] NCCL INFO Channel 17/24 :    0   9  15  14  13  12  11  10   8  17  23  22  21  20  19  18  16  25  31  30
ip-0A230413:26226:27202 [0] NCCL INFO Channel 18/24 :    0   7   6   5   4   3  10   9   8  15  14  13  12  11  18  17  16  23  22  21
ip-0A230413:26226:27202 [0] NCCL INFO Channel 19/24 :    0   7   6   5   4   2  11   9   8  15  14  13  12  10  19  17  16  23  22  21
ip-0A230413:26226:27202 [0] NCCL INFO Channel 20/24 :    0   7   6   5  12  11  10   9   8  15  14  13  20  19  18  17  16  23  22  21
ip-0A230406:77631:78653 [4] NCCL INFO Trees [0] 29/-1/-1->28->27 [1] 29/-1/-1->28->27 [2] 29/-1/-1->28->27 [3] 29/-1/-1->28->26 [4] 29/-1/-1->28->20 [5] 30/-1/-1->28->29 [6] 29/-1/-1->28->27 [7] 29/-1/-1->28->27 [8] 29/-1/-1->28->27 [9] 29/-1/-1->28->27 [10] 29/-1/-1->28->27 [11] 29/-1/-1->28->26 [12] 29/12/-1->28->-1 [13] 30/-1/-1->28->29 [14] 29/-1/-1->28->27 [15] 29/-1/-1->28->27 [16] 29/-1/-1->28->27 [17] 29/-1/-1->28->27 [18] 29/-1/-1->28->27 [19] 29/-1/-1->28->26 [20] 29/-1/-1->28->20 [21] 30/-1/-1->28->29 [22] 29/-1/-1->28->27 [23] 29/-1/-1->28->27
ip-0A230413:26226:27202 [0] NCCL INFO Channel 21/24 :    0   7   6   4  13  11  10   9   8  15  14  12  21  19  18  17  16  23  22  20
ip-0A230413:26226:27202 [0] NCCL INFO Channel 22/24 :    0   7  14  13  12  11  10   9   8  15  22  21  20  19  18  17  16  23  30  29
ip-0A230413:26226:27202 [0] NCCL INFO Channel 23/24 :    0   6  15  13  12  11  10   9   8  14  23  21  20  19  18  17  16  22  31  29
ip-0A230406:77629:78651 [5] NCCL INFO Trees [0] 30/-1/-1->29->28 [1] 30/-1/-1->29->28 [2] 30/-1/-1->29->28 [3] 30/-1/-1->29->28 [4] 30/-1/-1->29->28 [5] 28/-1/-1->29->21 [6] -1/-1/-1->29->28 [7] -1/-1/-1->29->28 [8] 30/-1/-1->29->28 [9] 30/-1/-1->29->28 [10] 30/-1/-1->29->28 [11] 30/-1/-1->29->28 [12] 30/-1/-1->29->28 [13] 28/13/-1->29->-1 [14] -1/-1/-1->29->28 [15] -1/-1/-1->29->28 [16] 30/-1/-1->29->28 [17] 30/-1/-1->29->28 [18] 30/-1/-1->29->28 [19] 30/-1/-1->29->28 [20] 30/-1/-1->29->28 [21] 28/-1/-1->29->21 [22] -1/-1/-1->29->28 [23] -1/-1/-1->29->28
ip-0A230413:26226:27202 [0] NCCL INFO Trees [0] 1/16/-1->0->-1 [1] 2/-1/-1->0->1 [2] 1/-1/-1->0->7 [3] 1/-1/-1->0->7 [4] 1/-1/-1->0->7 [5] 1/-1/-1->0->7 [6] 1/-1/-1->0->7 [7] 1/-1/-1->0->6 [8] 1/-1/-1->0->8 [9] 2/-1/-1->0->1 [10] 1/-1/-1->0->7 [11] 1/-1/-1->0->7 [12] 1/-1/-1->0->7 [13] 1/-1/-1->0->7 [14] 1/-1/-1->0->7 [15] 1/-1/-1->0->6 [16] 1/16/-1->0->-1 [17] 2/-1/-1->0->1 [18] 1/-1/-1->0->7 [19] 1/-1/-1->0->7 [20] 1/-1/-1->0->7 [21] 1/-1/-1->0->7 [22] 1/-1/-1->0->7 [23] 1/-1/-1->0->6
ip-0A230414:77763:78787 [0] NCCL INFO Trees [0] 9/-1/-1->8->17 [1] 10/-1/-1->8->9 [2] 9/-1/-1->8->15 [3] 9/-1/-1->8->15 [4] 9/-1/-1->8->15 [5] 9/-1/-1->8->15 [6] 9/-1/-1->8->15 [7] 9/-1/-1->8->14 [8] 9/0/-1->8->24 [9] 10/17/-1->8->9 [10] 9/-1/-1->8->15 [11] 9/-1/-1->8->15 [12] 9/-1/-1->8->15 [13] 9/-1/-1->8->15 [14] 9/-1/-1->8->15 [15] 9/-1/-1->8->14 [16] 9/-1/-1->8->17 [17] 10/-1/-1->8->9 [18] 9/-1/-1->8->15 [19] 9/-1/-1->8->15 [20] 9/-1/-1->8->15 [21] 9/-1/-1->8->15 [22] 9/-1/-1->8->15 [23] 9/-1/-1->8->14
ip-0A230417:16391:17485 [0] NCCL INFO Channel 07 : 16[100000] -> 22[d00000] via P2P/IPC/read
ip-0A230406:77628:78654 [0] NCCL INFO Channel 07 : 24[100000] -> 30[d00000] via P2P/IPC/read
ip-0A230414:77759:78789 [2] NCCL INFO Channel 02/0 : 3[400000] -> 10[300000] [receive] via NET/IBext/2/GDRDMA
ip-0A230414:77757:78791 [1] NCCL INFO Channel 01 : 9[200000] -> 15[e00000] via P2P/IPC/read
ip-0A230414:77765:78790 [3] NCCL INFO Channel 02/0 : 11[400000] -> 18[300000] [send] via NET/IBext/2/GDRDMA
ip-0A230414:77759:78789 [2] NCCL INFO Channel 10/0 : 3[400000] -> 10[300000] [receive] via NET/IBext/2/GDRDMA
ip-0A230406:77630:78652 [1] NCCL INFO Channel 01 : 25[200000] -> 31[e00000] via P2P/IPC/read
ip-0A230414:77763:78787 [0] NCCL INFO Channel 07 : 8[100000] -> 14[d00000] via P2P/IPC/read
ip-0A230414:77759:78789 [2] NCCL INFO Channel 18/0 : 3[400000] -> 10[300000] [receive] via NET/IBext/2/GDRDMA
ip-0A230414:77765:78790 [3] NCCL INFO Channel 10/0 : 11[400000] -> 18[300000] [send] via NET/IBext/2/GDRDMA
ip-0A230414:77765:78790 [3] NCCL INFO Channel 18/0 : 11[400000] -> 18[300000] [send] via NET/IBext/2/GDRDMA
ip-0A230417:16394:17486 [1] NCCL INFO Channel 01 : 17[200000] -> 23[e00000] via P2P/IPC/read
ip-0A230413:26230:27256 [4] NCCL INFO Channel 04/0 : 29[c00000] -> 4[b00000] [receive] via NET/IBext/4/GDRDMA
ip-0A230413:26231:27257 [1] NCCL INFO Channel 01 : 1[200000] -> 7[e00000] via P2P/IPC/read
ip-0A230413:26230:27256 [4] NCCL INFO Channel 12/0 : 29[c00000] -> 4[b00000] [receive] via NET/IBext/4/GDRDMA
ip-0A230413:26230:27256 [4] NCCL INFO Channel 20/0 : 29[c00000] -> 4[b00000] [receive] via NET/IBext/4/GDRDMA
ip-0A230414:77758:78788 [4] NCCL INFO Channel 04/0 : 5[c00000] -> 12[b00000] [receive] via NET/IBext/4/GDRDMA
ip-0A230413:26226:27202 [0] NCCL INFO Channel 07 : 0[100000] -> 6[d00000] via P2P/IPC/read
ip-0A230414:77758:78788 [4] NCCL INFO Channel 12/0 : 5[c00000] -> 12[b00000] [receive] via NET/IBext/4/GDRDMA
ip-0A230414:77758:78788 [4] NCCL INFO Channel 20/0 : 5[c00000] -> 12[b00000] [receive] via NET/IBext/4/GDRDMA
ip-0A230414:77760:78778 [5] NCCL INFO Channel 04/0 : 13[c00000] -> 20[b00000] [send] via NET/IBext/4/GDRDMA
ip-0A230414:77760:78778 [5] NCCL INFO Channel 12/0 : 13[c00000] -> 20[b00000] [send] via NET/IBext/4/GDRDMA
ip-0A230414:77760:78778 [5] NCCL INFO Channel 20/0 : 13[c00000] -> 20[b00000] [send] via NET/IBext/4/GDRDMA
ip-0A230413:26227:27262 [5] NCCL INFO Channel 04/0 : 5[c00000] -> 12[b00000] [send] via NET/IBext/4/GDRDMA
ip-0A230413:26227:27262 [5] NCCL INFO Channel 12/0 : 5[c00000] -> 12[b00000] [send] via NET/IBext/4/GDRDMA
ip-0A230413:26227:27262 [5] NCCL INFO Channel 20/0 : 5[c00000] -> 12[b00000] [send] via NET/IBext/4/GDRDMA
ip-0A230413:26228:27265 [3] NCCL INFO Channel 02/0 : 3[400000] -> 10[300000] [send] via NET/IBext/2/GDRDMA
ip-0A230413:26228:27265 [3] NCCL INFO Channel 10/0 : 3[400000] -> 10[300000] [send] via NET/IBext/2/GDRDMA
ip-0A230413:26228:27265 [3] NCCL INFO Channel 18/0 : 3[400000] -> 10[300000] [send] via NET/IBext/2/GDRDMA
ip-0A230413:26233:27264 [2] NCCL INFO Channel 02/0 : 27[400000] -> 2[300000] [receive] via NET/IBext/2/GDRDMA
ip-0A230413:26233:27264 [2] NCCL INFO Channel 10/0 : 27[400000] -> 2[300000] [receive] via NET/IBext/2/GDRDMA
ip-0A230417:16393:17483 [2] NCCL INFO Channel 02/0 : 11[400000] -> 18[300000] [receive] via NET/IBext/2/GDRDMA
ip-0A230413:26233:27264 [2] NCCL INFO Channel 18/0 : 27[400000] -> 2[300000] [receive] via NET/IBext/2/GDRDMA
ip-0A230417:16393:17483 [2] NCCL INFO Channel 10/0 : 11[400000] -> 18[300000] [receive] via NET/IBext/2/GDRDMA
ip-0A230414:77757:78791 [1] NCCL INFO Channel 09 : 9[200000] -> 15[e00000] via P2P/IPC/read
ip-0A230417:16393:17483 [2] NCCL INFO Channel 18/0 : 11[400000] -> 18[300000] [receive] via NET/IBext/2/GDRDMA
ip-0A230414:77763:78787 [0] NCCL INFO Channel 15 : 8[100000] -> 14[d00000] via P2P/IPC/read
ip-0A230406:77627:78650 [3] NCCL INFO Channel 02/0 : 27[400000] -> 2[300000] [send] via NET/IBext/2/GDRDMA
ip-0A230413:26231:27257 [1] NCCL INFO Channel 09 : 1[200000] -> 7[e00000] via P2P/IPC/read
ip-0A230406:77627:78650 [3] NCCL INFO Channel 10/0 : 27[400000] -> 2[300000] [send] via NET/IBext/2/GDRDMA
ip-0A230406:77627:78650 [3] NCCL INFO Channel 18/0 : 27[400000] -> 2[300000] [send] via NET/IBext/2/GDRDMA
ip-0A230417:16391:17485 [0] NCCL INFO Channel 15 : 16[100000] -> 22[d00000] via P2P/IPC/read
ip-0A230406:77628:78654 [0] NCCL INFO Channel 15 : 24[100000] -> 30[d00000] via P2P/IPC/read
ip-0A230413:26226:27202 [0] NCCL INFO Channel 15 : 0[100000] -> 6[d00000] via P2P/IPC/read
ip-0A230417:16394:17486 [1] NCCL INFO Channel 09 : 17[200000] -> 23[e00000] via P2P/IPC/read
ip-0A230406:77625:78657 [2] NCCL INFO Channel 02/0 : 19[400000] -> 26[300000] [receive] via NET/IBext/2/GDRDMA
ip-0A230417:16392:17488 [5] NCCL INFO Channel 04/0 : 21[c00000] -> 28[b00000] [send] via NET/IBext/4/GDRDMA
ip-0A230417:16392:17488 [5] NCCL INFO Channel 12/0 : 21[c00000] -> 28[b00000] [send] via NET/IBext/4/GDRDMA
ip-0A230417:16398:17489 [4] NCCL INFO Channel 04/0 : 13[c00000] -> 20[b00000] [receive] via NET/IBext/4/GDRDMA
ip-0A230417:16392:17488 [5] NCCL INFO Channel 20/0 : 21[c00000] -> 28[b00000] [send] via NET/IBext/4/GDRDMA
ip-0A230417:16398:17489 [4] NCCL INFO Channel 12/0 : 13[c00000] -> 20[b00000] [receive] via NET/IBext/4/GDRDMA
ip-0A230406:77625:78657 [2] NCCL INFO Channel 10/0 : 19[400000] -> 26[300000] [receive] via NET/IBext/2/GDRDMA
ip-0A230406:77630:78652 [1] NCCL INFO Channel 09 : 25[200000] -> 31[e00000] via P2P/IPC/read
ip-0A230406:77625:78657 [2] NCCL INFO Channel 18/0 : 19[400000] -> 26[300000] [receive] via NET/IBext/2/GDRDMA
ip-0A230417:16398:17489 [4] NCCL INFO Channel 20/0 : 13[c00000] -> 20[b00000] [receive] via NET/IBext/4/GDRDMA
ip-0A230417:16395:17482 [3] NCCL INFO Channel 02/0 : 19[400000] -> 26[300000] [send] via NET/IBext/2/GDRDMA
ip-0A230417:16395:17482 [3] NCCL INFO Channel 10/0 : 19[400000] -> 26[300000] [send] via NET/IBext/2/GDRDMA
ip-0A230417:16395:17482 [3] NCCL INFO Channel 18/0 : 19[400000] -> 26[300000] [send] via NET/IBext/2/GDRDMA
ip-0A230406:77631:78653 [4] NCCL INFO Channel 04/0 : 21[c00000] -> 28[b00000] [receive] via NET/IBext/4/GDRDMA
ip-0A230414:77757:78791 [1] NCCL INFO Channel 17 : 9[200000] -> 15[e00000] via P2P/IPC/read
ip-0A230406:77631:78653 [4] NCCL INFO Channel 12/0 : 21[c00000] -> 28[b00000] [receive] via NET/IBext/4/GDRDMA
ip-0A230406:77631:78653 [4] NCCL INFO Channel 20/0 : 21[c00000] -> 28[b00000] [receive] via NET/IBext/4/GDRDMA
ip-0A230414:77763:78787 [0] NCCL INFO Channel 23 : 8[100000] -> 14[d00000] via P2P/IPC/read
ip-0A230406:77629:78651 [5] NCCL INFO Channel 04/0 : 29[c00000] -> 4[b00000] [send] via NET/IBext/4/GDRDMA
ip-0A230406:77629:78651 [5] NCCL INFO Channel 12/0 : 29[c00000] -> 4[b00000] [send] via NET/IBext/4/GDRDMA
ip-0A230406:77629:78651 [5] NCCL INFO Channel 20/0 : 29[c00000] -> 4[b00000] [send] via NET/IBext/4/GDRDMA
ip-0A230413:26231:27257 [1] NCCL INFO Channel 17 : 1[200000] -> 7[e00000] via P2P/IPC/read
ip-0A230417:16391:17485 [0] NCCL INFO Channel 23 : 16[100000] -> 22[d00000] via P2P/IPC/read
ip-0A230406:77628:78654 [0] NCCL INFO Channel 23 : 24[100000] -> 30[d00000] via P2P/IPC/read
ip-0A230417:16394:17486 [1] NCCL INFO Channel 17 : 17[200000] -> 23[e00000] via P2P/IPC/read
ip-0A230406:77630:78652 [1] NCCL INFO Channel 17 : 25[200000] -> 31[e00000] via P2P/IPC/read
ip-0A230413:26226:27202 [0] NCCL INFO Channel 23 : 0[100000] -> 6[d00000] via P2P/IPC/read
ip-0A230417:16396:17487 [6] NCCL INFO Channel 06/0 : 15[e00000] -> 22[d00000] [receive] via NET/IBext/6/GDRDMA
ip-0A230417:16391:17485 [0] NCCL INFO Channel 00/0 : 9[200000] -> 16[100000] [receive] via NET/IBext/0/GDRDMA
ip-0A230414:77762:78775 [6] NCCL INFO Channel 06/0 : 7[e00000] -> 14[d00000] [receive] via NET/IBext/6/GDRDMA
ip-0A230414:77762:78775 [6] NCCL INFO Channel 14/0 : 7[e00000] -> 14[d00000] [receive] via NET/IBext/6/GDRDMA
ip-0A230414:77762:78775 [6] NCCL INFO Channel 22/0 : 7[e00000] -> 14[d00000] [receive] via NET/IBext/6/GDRDMA
ip-0A230406:77630:78652 [1] NCCL INFO Channel 00/0 : 25[200000] -> 0[100000] [send] via NET/IBext/0/GDRDMA
ip-0A230406:77630:78652 [1] NCCL INFO Channel 08/0 : 25[200000] -> 0[100000] [send] via NET/IBext/0/GDRDMA
ip-0A230406:77630:78652 [1] NCCL INFO Channel 16/0 : 25[200000] -> 0[100000] [send] via NET/IBext/0/GDRDMA
ip-0A230406:77628:78654 [0] NCCL INFO Channel 00/0 : 17[200000] -> 24[100000] [receive] via NET/IBext/0/GDRDMA
ip-0A230406:77628:78654 [0] NCCL INFO Channel 08/0 : 17[200000] -> 24[100000] [receive] via NET/IBext/0/GDRDMA
ip-0A230417:16394:17486 [1] NCCL INFO Channel 00/0 : 17[200000] -> 24[100000] [send] via NET/IBext/0/GDRDMA
ip-0A230406:77628:78654 [0] NCCL INFO Channel 16/0 : 17[200000] -> 24[100000] [receive] via NET/IBext/0/GDRDMA
ip-0A230406:77628:78654 [0] NCCL INFO Channel 00 : 24[100000] -> 31[e00000] via P2P/IPC/read
ip-0A230406:77626:78655 [6] NCCL INFO Channel 06/0 : 23[e00000] -> 30[d00000] [receive] via NET/IBext/6/GDRDMA
ip-0A230406:77626:78655 [6] NCCL INFO Channel 14/0 : 23[e00000] -> 30[d00000] [receive] via NET/IBext/6/GDRDMA
ip-0A230414:77763:78787 [0] NCCL INFO Channel 00/0 : 1[200000] -> 8[100000] [receive] via NET/IBext/0/GDRDMA
ip-0A230406:77626:78655 [6] NCCL INFO Channel 22/0 : 23[e00000] -> 30[d00000] [receive] via NET/IBext/6/GDRDMA
ip-0A230414:77757:78791 [1] NCCL INFO Channel 00/0 : 9[200000] -> 16[100000] [send] via NET/IBext/0/GDRDMA
ip-0A230413:26231:27257 [1] NCCL INFO Channel 00/0 : 1[200000] -> 8[100000] [send] via NET/IBext/0/GDRDMA
ip-0A230413:26231:27257 [1] NCCL INFO Channel 08/0 : 1[200000] -> 8[100000] [send] via NET/IBext/0/GDRDMA
ip-0A230413:26231:27257 [1] NCCL INFO Channel 16/0 : 1[200000] -> 8[100000] [send] via NET/IBext/0/GDRDMA
ip-0A230413:26232:27263 [6] NCCL INFO Channel 06/0 : 31[e00000] -> 6[d00000] [receive] via NET/IBext/6/GDRDMA
ip-0A230413:26226:27202 [0] NCCL INFO Channel 00/0 : 25[200000] -> 0[100000] [receive] via NET/IBext/0/GDRDMA
ip-0A230413:26226:27202 [0] NCCL INFO Channel 08/0 : 25[200000] -> 0[100000] [receive] via NET/IBext/0/GDRDMA
ip-0A230413:26226:27202 [0] NCCL INFO Channel 16/0 : 25[200000] -> 0[100000] [receive] via NET/IBext/0/GDRDMA
ip-0A230413:26226:27202 [0] NCCL INFO Channel 00 : 0[100000] -> 7[e00000] via P2P/IPC/read
ip-0A230406:77628:78654 [0] NCCL INFO Channel 02 : 24[100000] -> 31[e00000] via P2P/IPC/read
ip-0A230413:26226:27202 [0] NCCL INFO Channel 02 : 0[100000] -> 7[e00000] via P2P/IPC/read
ip-0A230406:77628:78654 [0] NCCL INFO Channel 03 : 24[100000] -> 31[e00000] via P2P/IPC/read
ip-0A230413:26226:27202 [0] NCCL INFO Channel 03 : 0[100000] -> 7[e00000] via P2P/IPC/read
ip-0A230406:77628:78654 [0] NCCL INFO Channel 04 : 24[100000] -> 31[e00000] via P2P/IPC/read
ip-0A230417:16391:17485 [0] NCCL INFO Channel 08/0 : 9[200000] -> 16[100000] [receive] via NET/IBext/0/GDRDMA
ip-0A230417:16396:17487 [6] NCCL INFO Channel 14/0 : 15[e00000] -> 22[d00000] [receive] via NET/IBext/6/GDRDMA
ip-0A230417:16391:17485 [0] NCCL INFO Channel 16/0 : 9[200000] -> 16[100000] [receive] via NET/IBext/0/GDRDMA
ip-0A230417:16391:17485 [0] NCCL INFO Channel 00 : 16[100000] -> 23[e00000] via P2P/IPC/read
ip-0A230417:16396:17487 [6] NCCL INFO Channel 22/0 : 15[e00000] -> 22[d00000] [receive] via NET/IBext/6/GDRDMA
ip-0A230417:16391:17485 [0] NCCL INFO Channel 02 : 16[100000] -> 23[e00000] via P2P/IPC/read
ip-0A230414:77757:78791 [1] NCCL INFO Channel 08/0 : 9[200000] -> 16[100000] [send] via NET/IBext/0/GDRDMA
ip-0A230414:77763:78787 [0] NCCL INFO Channel 08/0 : 1[200000] -> 8[100000] [receive] via NET/IBext/0/GDRDMA
ip-0A230414:77757:78791 [1] NCCL INFO Channel 16/0 : 9[200000] -> 16[100000] [send] via NET/IBext/0/GDRDMA
ip-0A230414:77763:78787 [0] NCCL INFO Channel 16/0 : 1[200000] -> 8[100000] [receive] via NET/IBext/0/GDRDMA
ip-0A230414:77763:78787 [0] NCCL INFO Channel 00 : 8[100000] -> 15[e00000] via P2P/IPC/read
ip-0A230417:16394:17486 [1] NCCL INFO Channel 08/0 : 17[200000] -> 24[100000] [send] via NET/IBext/0/GDRDMA
ip-0A230417:16394:17486 [1] NCCL INFO Channel 16/0 : 17[200000] -> 24[100000] [send] via NET/IBext/0/GDRDMA
ip-0A230413:26226:27202 [0] NCCL INFO Channel 04 : 0[100000] -> 7[e00000] via P2P/IPC/read
ip-0A230406:77628:78654 [0] NCCL INFO Channel 05 : 24[100000] -> 31[e00000] via P2P/IPC/read
ip-0A230417:16391:17485 [0] NCCL INFO Channel 03 : 16[100000] -> 23[e00000] via P2P/IPC/read
ip-0A230413:26232:27263 [6] NCCL INFO Channel 14/0 : 31[e00000] -> 6[d00000] [receive] via NET/IBext/6/GDRDMA
ip-0A230413:26232:27263 [6] NCCL INFO Channel 22/0 : 31[e00000] -> 6[d00000] [receive] via NET/IBext/6/GDRDMA
ip-0A230413:26226:27202 [0] NCCL INFO Channel 05 : 0[100000] -> 7[e00000] via P2P/IPC/read
ip-0A230414:77763:78787 [0] NCCL INFO Channel 02 : 8[100000] -> 15[e00000] via P2P/IPC/read
ip-0A230406:77628:78654 [0] NCCL INFO Channel 06 : 24[100000] -> 31[e00000] via P2P/IPC/read
ip-0A230417:16391:17485 [0] NCCL INFO Channel 04 : 16[100000] -> 23[e00000] via P2P/IPC/read
ip-0A230413:26226:27202 [0] NCCL INFO Channel 06 : 0[100000] -> 7[e00000] via P2P/IPC/read
ip-0A230406:77628:78654 [0] NCCL INFO Channel 08 : 24[100000] -> 31[e00000] via P2P/IPC/read
ip-0A230414:77763:78787 [0] NCCL INFO Channel 03 : 8[100000] -> 15[e00000] via P2P/IPC/read
ip-0A230417:16391:17485 [0] NCCL INFO Channel 05 : 16[100000] -> 23[e00000] via P2P/IPC/read
ip-0A230413:26226:27202 [0] NCCL INFO Channel 08 : 0[100000] -> 7[e00000] via P2P/IPC/read
ip-0A230406:77628:78654 [0] NCCL INFO Channel 10 : 24[100000] -> 31[e00000] via P2P/IPC/read
ip-0A230414:77763:78787 [0] NCCL INFO Channel 04 : 8[100000] -> 15[e00000] via P2P/IPC/read
ip-0A230417:16391:17485 [0] NCCL INFO Channel 06 : 16[100000] -> 23[e00000] via P2P/IPC/read
ip-0A230413:26226:27202 [0] NCCL INFO Channel 10 : 0[100000] -> 7[e00000] via P2P/IPC/read
ip-0A230406:77628:78654 [0] NCCL INFO Channel 11 : 24[100000] -> 31[e00000] via P2P/IPC/read
ip-0A230414:77763:78787 [0] NCCL INFO Channel 05 : 8[100000] -> 15[e00000] via P2P/IPC/read
ip-0A230417:16391:17485 [0] NCCL INFO Channel 08 : 16[100000] -> 23[e00000] via P2P/IPC/read
ip-0A230406:77628:78654 [0] NCCL INFO Channel 12 : 24[100000] -> 31[e00000] via P2P/IPC/read
ip-0A230413:26226:27202 [0] NCCL INFO Channel 11 : 0[100000] -> 7[e00000] via P2P/IPC/read
ip-0A230414:77763:78787 [0] NCCL INFO Channel 06 : 8[100000] -> 15[e00000] via P2P/IPC/read
ip-0A230417:16391:17485 [0] NCCL INFO Channel 10 : 16[100000] -> 23[e00000] via P2P/IPC/read
ip-0A230413:26226:27202 [0] NCCL INFO Channel 12 : 0[100000] -> 7[e00000] via P2P/IPC/read
ip-0A230406:77628:78654 [0] NCCL INFO Channel 13 : 24[100000] -> 31[e00000] via P2P/IPC/read
ip-0A230414:77763:78787 [0] NCCL INFO Channel 08 : 8[100000] -> 15[e00000] via P2P/IPC/read
ip-0A230417:16391:17485 [0] NCCL INFO Channel 11 : 16[100000] -> 23[e00000] via P2P/IPC/read
ip-0A230406:77628:78654 [0] NCCL INFO Channel 14 : 24[100000] -> 31[e00000] via P2P/IPC/read
ip-0A230417:16391:17485 [0] NCCL INFO Channel 12 : 16[100000] -> 23[e00000] via P2P/IPC/read
ip-0A230413:26226:27202 [0] NCCL INFO Channel 13 : 0[100000] -> 7[e00000] via P2P/IPC/read
ip-0A230414:77763:78787 [0] NCCL INFO Channel 10 : 8[100000] -> 15[e00000] via P2P/IPC/read
ip-0A230417:16391:17485 [0] NCCL INFO Channel 13 : 16[100000] -> 23[e00000] via P2P/IPC/read
ip-0A230406:77628:78654 [0] NCCL INFO Channel 16 : 24[100000] -> 31[e00000] via P2P/IPC/read
ip-0A230413:26226:27202 [0] NCCL INFO Channel 14 : 0[100000] -> 7[e00000] via P2P/IPC/read
ip-0A230414:77763:78787 [0] NCCL INFO Channel 11 : 8[100000] -> 15[e00000] via P2P/IPC/read
ip-0A230417:16391:17485 [0] NCCL INFO Channel 14 : 16[100000] -> 23[e00000] via P2P/IPC/read
ip-0A230406:77628:78654 [0] NCCL INFO Channel 18 : 24[100000] -> 31[e00000] via P2P/IPC/read
ip-0A230413:26226:27202 [0] NCCL INFO Channel 16 : 0[100000] -> 7[e00000] via P2P/IPC/read
ip-0A230414:77763:78787 [0] NCCL INFO Channel 12 : 8[100000] -> 15[e00000] via P2P/IPC/read
ip-0A230417:16391:17485 [0] NCCL INFO Channel 16 : 16[100000] -> 23[e00000] via P2P/IPC/read
ip-0A230406:77628:78654 [0] NCCL INFO Channel 19 : 24[100000] -> 31[e00000] via P2P/IPC/read
ip-0A230413:26226:27202 [0] NCCL INFO Channel 18 : 0[100000] -> 7[e00000] via P2P/IPC/read
ip-0A230417:16392:17488 [5] NCCL INFO Channel 05/0 : 12[b00000] -> 21[c00000] [receive] via NET/IBext/5/GDRDMA
ip-0A230417:16392:17488 [5] NCCL INFO Channel 13/0 : 12[b00000] -> 21[c00000] [receive] via NET/IBext/5/GDRDMA
ip-0A230417:16392:17488 [5] NCCL INFO Channel 21/0 : 12[b00000] -> 21[c00000] [receive] via NET/IBext/5/GDRDMA
ip-0A230414:77763:78787 [0] NCCL INFO Channel 13 : 8[100000] -> 15[e00000] via P2P/IPC/read
ip-0A230417:16391:17485 [0] NCCL INFO Channel 18 : 16[100000] -> 23[e00000] via P2P/IPC/read
ip-0A230406:77628:78654 [0] NCCL INFO Channel 20 : 24[100000] -> 31[e00000] via P2P/IPC/read
ip-0A230413:26226:27202 [0] NCCL INFO Channel 19 : 0[100000] -> 7[e00000] via P2P/IPC/read
ip-0A230417:16391:17485 [0] NCCL INFO Channel 19 : 16[100000] -> 23[e00000] via P2P/IPC/read
ip-0A230414:77763:78787 [0] NCCL INFO Channel 14 : 8[100000] -> 15[e00000] via P2P/IPC/read
ip-0A230406:77627:78650 [3] NCCL INFO Channel 03/0 : 18[300000] -> 27[400000] [receive] via NET/IBext/3/GDRDMA
ip-0A230417:16391:17485 [0] NCCL INFO Channel 20 : 16[100000] -> 23[e00000] via P2P/IPC/read
ip-0A230406:77627:78650 [3] NCCL INFO Channel 11/0 : 18[300000] -> 27[400000] [receive] via NET/IBext/3/GDRDMA
ip-0A230406:77627:78650 [3] NCCL INFO Channel 19/0 : 18[300000] -> 27[400000] [receive] via NET/IBext/3/GDRDMA
ip-0A230417:16391:17485 [0] NCCL INFO Channel 21 : 16[100000] -> 23[e00000] via P2P/IPC/read
ip-0A230417:16391:17485 [0] NCCL INFO Channel 22 : 16[100000] -> 23[e00000] via P2P/IPC/read
ip-0A230406:77628:78654 [0] NCCL INFO Channel 21 : 24[100000] -> 31[e00000] via P2P/IPC/read
ip-0A230417:16395:17482 [3] NCCL INFO Channel 03/0 : 10[300000] -> 19[400000] [receive] via NET/IBext/3/GDRDMA
ip-0A230417:16395:17482 [3] NCCL INFO Channel 11/0 : 10[300000] -> 19[400000] [receive] via NET/IBext/3/GDRDMA
ip-0A230417:16395:17482 [3] NCCL INFO Channel 19/0 : 10[300000] -> 19[400000] [receive] via NET/IBext/3/GDRDMA
ip-0A230413:26227:27262 [5] NCCL INFO Channel 05/0 : 28[b00000] -> 5[c00000] [receive] via NET/IBext/5/GDRDMA
ip-0A230413:26227:27262 [5] NCCL INFO Channel 13/0 : 28[b00000] -> 5[c00000] [receive] via NET/IBext/5/GDRDMA
ip-0A230413:26227:27262 [5] NCCL INFO Channel 21/0 : 28[b00000] -> 5[c00000] [receive] via NET/IBext/5/GDRDMA
ip-0A230413:26226:27202 [0] NCCL INFO Channel 20 : 0[100000] -> 7[e00000] via P2P/IPC/read
ip-0A230406:77628:78654 [0] NCCL INFO Channel 22 : 24[100000] -> 31[e00000] via P2P/IPC/read
ip-0A230414:77763:78787 [0] NCCL INFO Channel 16 : 8[100000] -> 15[e00000] via P2P/IPC/read
ip-0A230413:26226:27202 [0] NCCL INFO Channel 21 : 0[100000] -> 7[e00000] via P2P/IPC/read
ip-0A230406:77629:78651 [5] NCCL INFO Channel 05/0 : 20[b00000] -> 29[c00000] [receive] via NET/IBext/5/GDRDMA
ip-0A230406:77629:78651 [5] NCCL INFO Channel 13/0 : 20[b00000] -> 29[c00000] [receive] via NET/IBext/5/GDRDMA
ip-0A230406:77629:78651 [5] NCCL INFO Channel 21/0 : 20[b00000] -> 29[c00000] [receive] via NET/IBext/5/GDRDMA
ip-0A230413:26226:27202 [0] NCCL INFO Channel 22 : 0[100000] -> 7[e00000] via P2P/IPC/read
ip-0A230414:77763:78787 [0] NCCL INFO Channel 18 : 8[100000] -> 15[e00000] via P2P/IPC/read
ip-0A230414:77765:78790 [3] NCCL INFO Channel 03/0 : 2[300000] -> 11[400000] [receive] via NET/IBext/3/GDRDMA
ip-0A230414:77765:78790 [3] NCCL INFO Channel 11/0 : 2[300000] -> 11[400000] [receive] via NET/IBext/3/GDRDMA
ip-0A230414:77765:78790 [3] NCCL INFO Channel 19/0 : 2[300000] -> 11[400000] [receive] via NET/IBext/3/GDRDMA
ip-0A230413:26228:27265 [3] NCCL INFO Channel 03/0 : 26[300000] -> 3[400000] [receive] via NET/IBext/3/GDRDMA
ip-0A230413:26228:27265 [3] NCCL INFO Channel 11/0 : 26[300000] -> 3[400000] [receive] via NET/IBext/3/GDRDMA
ip-0A230413:26228:27265 [3] NCCL INFO Channel 19/0 : 26[300000] -> 3[400000] [receive] via NET/IBext/3/GDRDMA
ip-0A230414:77763:78787 [0] NCCL INFO Channel 19 : 8[100000] -> 15[e00000] via P2P/IPC/read
ip-0A230414:77763:78787 [0] NCCL INFO Channel 20 : 8[100000] -> 15[e00000] via P2P/IPC/read
ip-0A230414:77758:78788 [4] NCCL INFO Channel 05/0 : 12[b00000] -> 21[c00000] [send] via NET/IBext/5/GDRDMA
ip-0A230414:77763:78787 [0] NCCL INFO Channel 21 : 8[100000] -> 15[e00000] via P2P/IPC/read
ip-0A230414:77763:78787 [0] NCCL INFO Channel 22 : 8[100000] -> 15[e00000] via P2P/IPC/read
ip-0A230417:16398:17489 [4] NCCL INFO Channel 05/0 : 20[b00000] -> 29[c00000] [send] via NET/IBext/5/GDRDMA
ip-0A230417:16398:17489 [4] NCCL INFO Channel 13/0 : 20[b00000] -> 29[c00000] [send] via NET/IBext/5/GDRDMA
ip-0A230417:16398:17489 [4] NCCL INFO Channel 21/0 : 20[b00000] -> 29[c00000] [send] via NET/IBext/5/GDRDMA
ip-0A230406:77625:78657 [2] NCCL INFO Channel 03/0 : 26[300000] -> 3[400000] [send] via NET/IBext/3/GDRDMA
ip-0A230406:77625:78657 [2] NCCL INFO Channel 11/0 : 26[300000] -> 3[400000] [send] via NET/IBext/3/GDRDMA
ip-0A230406:77625:78657 [2] NCCL INFO Channel 19/0 : 26[300000] -> 3[400000] [send] via NET/IBext/3/GDRDMA
ip-0A230417:16393:17483 [2] NCCL INFO Channel 03/0 : 18[300000] -> 27[400000] [send] via NET/IBext/3/GDRDMA
ip-0A230417:16397:17484 [7] NCCL INFO Channel 06/0 : 23[e00000] -> 30[d00000] [send] via NET/IBext/6/GDRDMA
ip-0A230417:16397:17484 [7] NCCL INFO Channel 14/0 : 23[e00000] -> 30[d00000] [send] via NET/IBext/6/GDRDMA
ip-0A230417:16397:17484 [7] NCCL INFO Channel 22/0 : 23[e00000] -> 30[d00000] [send] via NET/IBext/6/GDRDMA
ip-0A230413:26233:27264 [2] NCCL INFO Channel 03/0 : 2[300000] -> 11[400000] [send] via NET/IBext/3/GDRDMA
ip-0A230413:26233:27264 [2] NCCL INFO Channel 11/0 : 2[300000] -> 11[400000] [send] via NET/IBext/3/GDRDMA
ip-0A230413:26233:27264 [2] NCCL INFO Channel 19/0 : 2[300000] -> 11[400000] [send] via NET/IBext/3/GDRDMA
ip-0A230414:77760:78778 [5] NCCL INFO Channel 05/0 : 4[b00000] -> 13[c00000] [receive] via NET/IBext/5/GDRDMA
ip-0A230414:77760:78778 [5] NCCL INFO Channel 13/0 : 4[b00000] -> 13[c00000] [receive] via NET/IBext/5/GDRDMA
ip-0A230414:77760:78778 [5] NCCL INFO Channel 21/0 : 4[b00000] -> 13[c00000] [receive] via NET/IBext/5/GDRDMA
ip-0A230406:77631:78653 [4] NCCL INFO Channel 05/0 : 28[b00000] -> 5[c00000] [send] via NET/IBext/5/GDRDMA
ip-0A230406:77624:78656 [7] NCCL INFO Channel 06/0 : 31[e00000] -> 6[d00000] [send] via NET/IBext/6/GDRDMA
ip-0A230406:77631:78653 [4] NCCL INFO Channel 13/0 : 28[b00000] -> 5[c00000] [send] via NET/IBext/5/GDRDMA
ip-0A230406:77624:78656 [7] NCCL INFO Channel 14/0 : 31[e00000] -> 6[d00000] [send] via NET/IBext/6/GDRDMA
ip-0A230406:77631:78653 [4] NCCL INFO Channel 21/0 : 28[b00000] -> 5[c00000] [send] via NET/IBext/5/GDRDMA
ip-0A230406:77624:78656 [7] NCCL INFO Channel 22/0 : 31[e00000] -> 6[d00000] [send] via NET/IBext/6/GDRDMA
ip-0A230413:26230:27256 [4] NCCL INFO Channel 05/0 : 4[b00000] -> 13[c00000] [send] via NET/IBext/5/GDRDMA
ip-0A230413:26230:27256 [4] NCCL INFO Channel 13/0 : 4[b00000] -> 13[c00000] [send] via NET/IBext/5/GDRDMA
ip-0A230413:26229:27255 [7] NCCL INFO Channel 06/0 : 7[e00000] -> 14[d00000] [send] via NET/IBext/6/GDRDMA
ip-0A230413:26230:27256 [4] NCCL INFO Channel 21/0 : 4[b00000] -> 13[c00000] [send] via NET/IBext/5/GDRDMA
ip-0A230413:26229:27255 [7] NCCL INFO Channel 14/0 : 7[e00000] -> 14[d00000] [send] via NET/IBext/6/GDRDMA
ip-0A230413:26229:27255 [7] NCCL INFO Channel 22/0 : 7[e00000] -> 14[d00000] [send] via NET/IBext/6/GDRDMA
ip-0A230414:77759:78789 [2] NCCL INFO Channel 03/0 : 10[300000] -> 19[400000] [send] via NET/IBext/3/GDRDMA
ip-0A230414:77759:78789 [2] NCCL INFO Channel 11/0 : 10[300000] -> 19[400000] [send] via NET/IBext/3/GDRDMA
ip-0A230414:77759:78789 [2] NCCL INFO Channel 19/0 : 10[300000] -> 19[400000] [send] via NET/IBext/3/GDRDMA
ip-0A230414:77761:78786 [7] NCCL INFO Channel 06/0 : 15[e00000] -> 22[d00000] [send] via NET/IBext/6/GDRDMA
ip-0A230414:77761:78786 [7] NCCL INFO Channel 14/0 : 15[e00000] -> 22[d00000] [send] via NET/IBext/6/GDRDMA
ip-0A230414:77761:78786 [7] NCCL INFO Channel 22/0 : 15[e00000] -> 22[d00000] [send] via NET/IBext/6/GDRDMA
ip-0A230414:77758:78788 [4] NCCL INFO Channel 13/0 : 12[b00000] -> 21[c00000] [send] via NET/IBext/5/GDRDMA
ip-0A230414:77758:78788 [4] NCCL INFO Channel 21/0 : 12[b00000] -> 21[c00000] [send] via NET/IBext/5/GDRDMA
ip-0A230417:16393:17483 [2] NCCL INFO Channel 11/0 : 18[300000] -> 27[400000] [send] via NET/IBext/3/GDRDMA
ip-0A230417:16393:17483 [2] NCCL INFO Channel 19/0 : 18[300000] -> 27[400000] [send] via NET/IBext/3/GDRDMA
ip-0A230414:77757:78791 [1] NCCL INFO Channel 01/0 : 0[100000] -> 9[200000] [receive] via NET/IBext/1/GDRDMA
ip-0A230414:77757:78791 [1] NCCL INFO Channel 09/0 : 0[100000] -> 9[200000] [receive] via NET/IBext/1/GDRDMA
ip-0A230414:77757:78791 [1] NCCL INFO Channel 17/0 : 0[100000] -> 9[200000] [receive] via NET/IBext/1/GDRDMA
ip-0A230406:77630:78652 [1] NCCL INFO Channel 01/0 : 16[100000] -> 25[200000] [receive] via NET/IBext/1/GDRDMA
ip-0A230406:77630:78652 [1] NCCL INFO Channel 09/0 : 16[100000] -> 25[200000] [receive] via NET/IBext/1/GDRDMA
ip-0A230406:77630:78652 [1] NCCL INFO Channel 17/0 : 16[100000] -> 25[200000] [receive] via NET/IBext/1/GDRDMA
ip-0A230417:16394:17486 [1] NCCL INFO Channel 01/0 : 8[100000] -> 17[200000] [receive] via NET/IBext/1/GDRDMA
ip-0A230417:16394:17486 [1] NCCL INFO Channel 09/0 : 8[100000] -> 17[200000] [receive] via NET/IBext/1/GDRDMA
ip-0A230417:16394:17486 [1] NCCL INFO Channel 17/0 : 8[100000] -> 17[200000] [receive] via NET/IBext/1/GDRDMA
ip-0A230413:26233:27264 [2] NCCL INFO Channel 01 : 2[300000] -> 0[100000] via P2P/IPC/read
ip-0A230413:26231:27257 [1] NCCL INFO Channel 01/0 : 24[100000] -> 1[200000] [receive] via NET/IBext/1/GDRDMA
ip-0A230413:26231:27257 [1] NCCL INFO Channel 09/0 : 24[100000] -> 1[200000] [receive] via NET/IBext/1/GDRDMA
ip-0A230413:26231:27257 [1] NCCL INFO Channel 17/0 : 24[100000] -> 1[200000] [receive] via NET/IBext/1/GDRDMA
ip-0A230413:26233:27264 [2] NCCL INFO Channel 09 : 2[300000] -> 0[100000] via P2P/IPC/read
ip-0A230406:77626:78655 [6] NCCL INFO Channel 07/0 : 30[d00000] -> 7[e00000] [send] via NET/IBext/7/GDRDMA
ip-0A230406:77626:78655 [6] NCCL INFO Channel 15/0 : 30[d00000] -> 7[e00000] [send] via NET/IBext/7/GDRDMA
ip-0A230406:77626:78655 [6] NCCL INFO Channel 23/0 : 30[d00000] -> 7[e00000] [send] via NET/IBext/7/GDRDMA
ip-0A230413:26233:27264 [2] NCCL INFO Channel 17 : 2[300000] -> 0[100000] via P2P/IPC/read
ip-0A230406:77625:78657 [2] NCCL INFO Channel 01 : 26[300000] -> 24[100000] via P2P/IPC/read
ip-0A230406:77625:78657 [2] NCCL INFO Channel 09 : 26[300000] -> 24[100000] via P2P/IPC/read
ip-0A230413:26227:27262 [5] NCCL INFO Channel 05 : 5[c00000] -> 3[400000] via P2P/IPC/read
ip-0A230417:16398:17489 [4] NCCL INFO Channel 03 : 20[b00000] -> 18[300000] via P2P/IPC/read
ip-0A230406:77625:78657 [2] NCCL INFO Channel 17 : 26[300000] -> 24[100000] via P2P/IPC/read
ip-0A230417:16392:17488 [5] NCCL INFO Channel 05 : 21[c00000] -> 19[400000] via P2P/IPC/read
ip-0A230413:26227:27262 [5] NCCL INFO Channel 13 : 5[c00000] -> 3[400000] via P2P/IPC/read
ip-0A230417:16398:17489 [4] NCCL INFO Channel 11 : 20[b00000] -> 18[300000] via P2P/IPC/read
ip-0A230417:16392:17488 [5] NCCL INFO Channel 13 : 21[c00000] -> 19[400000] via P2P/IPC/read
ip-0A230413:26230:27256 [4] NCCL INFO Channel 03 : 4[b00000] -> 2[300000] via P2P/IPC/read
ip-0A230413:26227:27262 [5] NCCL INFO Channel 21 : 5[c00000] -> 3[400000] via P2P/IPC/read
ip-0A230414:77758:78788 [4] NCCL INFO Channel 03 : 12[b00000] -> 10[300000] via P2P/IPC/read
ip-0A230417:16398:17489 [4] NCCL INFO Channel 19 : 20[b00000] -> 18[300000] via P2P/IPC/read
ip-0A230417:16392:17488 [5] NCCL INFO Channel 21 : 21[c00000] -> 19[400000] via P2P/IPC/read
ip-0A230413:26230:27256 [4] NCCL INFO Channel 11 : 4[b00000] -> 2[300000] via P2P/IPC/read
ip-0A230417:16397:17484 [7] NCCL INFO Channel 07/0 : 14[d00000] -> 23[e00000] [receive] via NET/IBext/7/GDRDMA
ip-0A230417:16397:17484 [7] NCCL INFO Channel 15/0 : 14[d00000] -> 23[e00000] [receive] via NET/IBext/7/GDRDMA
ip-0A230417:16397:17484 [7] NCCL INFO Channel 23/0 : 14[d00000] -> 23[e00000] [receive] via NET/IBext/7/GDRDMA
ip-0A230414:77758:78788 [4] NCCL INFO Channel 11 : 12[b00000] -> 10[300000] via P2P/IPC/read
ip-0A230414:77759:78789 [2] NCCL INFO Channel 01 : 10[300000] -> 8[100000] via P2P/IPC/read
ip-0A230413:26230:27256 [4] NCCL INFO Channel 19 : 4[b00000] -> 2[300000] via P2P/IPC/read
ip-0A230413:26232:27263 [6] NCCL INFO Channel 07/0 : 6[d00000] -> 15[e00000] [send] via NET/IBext/7/GDRDMA
ip-0A230413:26232:27263 [6] NCCL INFO Channel 15/0 : 6[d00000] -> 15[e00000] [send] via NET/IBext/7/GDRDMA
ip-0A230413:26232:27263 [6] NCCL INFO Channel 23/0 : 6[d00000] -> 15[e00000] [send] via NET/IBext/7/GDRDMA
ip-0A230417:16393:17483 [2] NCCL INFO Channel 01 : 18[300000] -> 16[100000] via P2P/IPC/read
ip-0A230414:77758:78788 [4] NCCL INFO Channel 19 : 12[b00000] -> 10[300000] via P2P/IPC/read
ip-0A230414:77759:78789 [2] NCCL INFO Channel 09 : 10[300000] -> 8[100000] via P2P/IPC/read
ip-0A230406:77631:78653 [4] NCCL INFO Channel 03 : 28[b00000] -> 26[300000] via P2P/IPC/read
ip-0A230417:16393:17483 [2] NCCL INFO Channel 09 : 18[300000] -> 16[100000] via P2P/IPC/read
ip-0A230414:77760:78778 [5] NCCL INFO Channel 05 : 13[c00000] -> 11[400000] via P2P/IPC/read
ip-0A230417:16393:17483 [2] NCCL INFO Channel 17 : 18[300000] -> 16[100000] via P2P/IPC/read
ip-0A230406:77631:78653 [4] NCCL INFO Channel 11 : 28[b00000] -> 26[300000] via P2P/IPC/read
ip-0A230414:77759:78789 [2] NCCL INFO Channel 17 : 10[300000] -> 8[100000] via P2P/IPC/read
ip-0A230414:77765:78790 [3] NCCL INFO Channel 03 : 11[400000] -> 9[200000] via P2P/IPC/read
ip-0A230406:77629:78651 [5] NCCL INFO Channel 05 : 29[c00000] -> 27[400000] via P2P/IPC/read
ip-0A230413:26228:27265 [3] NCCL INFO Channel 03 : 3[400000] -> 1[200000] via P2P/IPC/read
ip-0A230414:77761:78786 [7] NCCL INFO Channel 07/0 : 6[d00000] -> 15[e00000] [receive] via NET/IBext/7/GDRDMA
ip-0A230414:77761:78786 [7] NCCL INFO Channel 15/0 : 6[d00000] -> 15[e00000] [receive] via NET/IBext/7/GDRDMA
ip-0A230414:77761:78786 [7] NCCL INFO Channel 23/0 : 6[d00000] -> 15[e00000] [receive] via NET/IBext/7/GDRDMA
ip-0A230414:77760:78778 [5] NCCL INFO Channel 13 : 13[c00000] -> 11[400000] via P2P/IPC/read
ip-0A230413:26228:27265 [3] NCCL INFO Channel 11 : 3[400000] -> 1[200000] via P2P/IPC/read
ip-0A230406:77631:78653 [4] NCCL INFO Channel 19 : 28[b00000] -> 26[300000] via P2P/IPC/read
ip-0A230413:26228:27265 [3] NCCL INFO Channel 19 : 3[400000] -> 1[200000] via P2P/IPC/read
ip-0A230414:77765:78790 [3] NCCL INFO Channel 11 : 11[400000] -> 9[200000] via P2P/IPC/read
ip-0A230417:16395:17482 [3] NCCL INFO Channel 03 : 19[400000] -> 17[200000] via P2P/IPC/read
ip-0A230414:77760:78778 [5] NCCL INFO Channel 21 : 13[c00000] -> 11[400000] via P2P/IPC/read
ip-0A230417:16395:17482 [3] NCCL INFO Channel 11 : 19[400000] -> 17[200000] via P2P/IPC/read
ip-0A230406:77629:78651 [5] NCCL INFO Channel 13 : 29[c00000] -> 27[400000] via P2P/IPC/read
ip-0A230414:77765:78790 [3] NCCL INFO Channel 19 : 11[400000] -> 9[200000] via P2P/IPC/read
ip-0A230406:77627:78650 [3] NCCL INFO Channel 03 : 27[400000] -> 25[200000] via P2P/IPC/read
ip-0A230406:77629:78651 [5] NCCL INFO Channel 21 : 29[c00000] -> 27[400000] via P2P/IPC/read
ip-0A230406:77624:78656 [7] NCCL INFO Channel 07/0 : 22[d00000] -> 31[e00000] [receive] via NET/IBext/7/GDRDMA
ip-0A230406:77624:78656 [7] NCCL INFO Channel 15/0 : 22[d00000] -> 31[e00000] [receive] via NET/IBext/7/GDRDMA
ip-0A230406:77624:78656 [7] NCCL INFO Channel 23/0 : 22[d00000] -> 31[e00000] [receive] via NET/IBext/7/GDRDMA
ip-0A230417:16395:17482 [3] NCCL INFO Channel 19 : 19[400000] -> 17[200000] via P2P/IPC/read
ip-0A230406:77627:78650 [3] NCCL INFO Channel 11 : 27[400000] -> 25[200000] via P2P/IPC/read
ip-0A230406:77627:78650 [3] NCCL INFO Channel 19 : 27[400000] -> 25[200000] via P2P/IPC/read
ip-0A230413:26229:27255 [7] NCCL INFO Channel 07/0 : 30[d00000] -> 7[e00000] [receive] via NET/IBext/7/GDRDMA
ip-0A230413:26229:27255 [7] NCCL INFO Channel 15/0 : 30[d00000] -> 7[e00000] [receive] via NET/IBext/7/GDRDMA
ip-0A230413:26229:27255 [7] NCCL INFO Channel 23/0 : 30[d00000] -> 7[e00000] [receive] via NET/IBext/7/GDRDMA
ip-0A230414:77762:78775 [6] NCCL INFO Channel 07/0 : 14[d00000] -> 23[e00000] [send] via NET/IBext/7/GDRDMA
ip-0A230414:77762:78775 [6] NCCL INFO Channel 15/0 : 14[d00000] -> 23[e00000] [send] via NET/IBext/7/GDRDMA
ip-0A230414:77762:78775 [6] NCCL INFO Channel 23/0 : 14[d00000] -> 23[e00000] [send] via NET/IBext/7/GDRDMA
ip-0A230417:16396:17487 [6] NCCL INFO Channel 07/0 : 22[d00000] -> 31[e00000] [send] via NET/IBext/7/GDRDMA
ip-0A230417:16396:17487 [6] NCCL INFO Channel 15/0 : 22[d00000] -> 31[e00000] [send] via NET/IBext/7/GDRDMA
ip-0A230417:16396:17487 [6] NCCL INFO Channel 23/0 : 22[d00000] -> 31[e00000] [send] via NET/IBext/7/GDRDMA
ip-0A230406:77628:78654 [0] NCCL INFO Channel 01/0 : 24[100000] -> 1[200000] [send] via NET/IBext/1/GDRDMA
ip-0A230406:77628:78654 [0] NCCL INFO Channel 09/0 : 24[100000] -> 1[200000] [send] via NET/IBext/1/GDRDMA
ip-0A230406:77628:78654 [0] NCCL INFO Channel 17/0 : 24[100000] -> 1[200000] [send] via NET/IBext/1/GDRDMA
ip-0A230417:16391:17485 [0] NCCL INFO Channel 01/0 : 16[100000] -> 25[200000] [send] via NET/IBext/1/GDRDMA
ip-0A230417:16391:17485 [0] NCCL INFO Channel 09/0 : 16[100000] -> 25[200000] [send] via NET/IBext/1/GDRDMA
ip-0A230417:16391:17485 [0] NCCL INFO Channel 17/0 : 16[100000] -> 25[200000] [send] via NET/IBext/1/GDRDMA
ip-0A230414:77763:78787 [0] NCCL INFO Channel 01/0 : 8[100000] -> 17[200000] [send] via NET/IBext/1/GDRDMA
ip-0A230414:77763:78787 [0] NCCL INFO Channel 09/0 : 8[100000] -> 17[200000] [send] via NET/IBext/1/GDRDMA
ip-0A230414:77763:78787 [0] NCCL INFO Channel 17/0 : 8[100000] -> 17[200000] [send] via NET/IBext/1/GDRDMA
ip-0A230413:26226:27202 [0] NCCL INFO Channel 01/0 : 0[100000] -> 9[200000] [send] via NET/IBext/1/GDRDMA
ip-0A230413:26226:27202 [0] NCCL INFO Channel 09/0 : 0[100000] -> 9[200000] [send] via NET/IBext/1/GDRDMA
ip-0A230413:26226:27202 [0] NCCL INFO Channel 17/0 : 0[100000] -> 9[200000] [send] via NET/IBext/1/GDRDMA
ip-0A230413:26232:27263 [6] NCCL INFO Channel 05 : 6[d00000] -> 4[b00000] via P2P/IPC/read
ip-0A230413:26232:27263 [6] NCCL INFO Channel 13 : 6[d00000] -> 4[b00000] via P2P/IPC/read
ip-0A230414:77761:78786 [7] NCCL INFO Channel 07 : 15[e00000] -> 13[c00000] via P2P/IPC/read
ip-0A230413:26232:27263 [6] NCCL INFO Channel 21 : 6[d00000] -> 4[b00000] via P2P/IPC/read
ip-0A230414:77761:78786 [7] NCCL INFO Channel 15 : 15[e00000] -> 13[c00000] via P2P/IPC/read
ip-0A230414:77761:78786 [7] NCCL INFO Channel 23 : 15[e00000] -> 13[c00000] via P2P/IPC/read
ip-0A230414:77762:78775 [6] NCCL INFO Channel 05 : 14[d00000] -> 12[b00000] via P2P/IPC/read
ip-0A230414:77762:78775 [6] NCCL INFO Channel 13 : 14[d00000] -> 12[b00000] via P2P/IPC/read
ip-0A230414:77761:78786 [7] NCCL INFO Channel 00 : 15[e00000] -> 14[d00000] via P2P/IPC/read
ip-0A230414:77762:78775 [6] NCCL INFO Channel 21 : 14[d00000] -> 12[b00000] via P2P/IPC/read
ip-0A230414:77761:78786 [7] NCCL INFO Channel 01 : 15[e00000] -> 14[d00000] via P2P/IPC/read
ip-0A230414:77761:78786 [7] NCCL INFO Channel 02 : 15[e00000] -> 14[d00000] via P2P/IPC/read
ip-0A230417:16396:17487 [6] NCCL INFO Channel 05 : 22[d00000] -> 20[b00000] via P2P/IPC/read
ip-0A230414:77761:78786 [7] NCCL INFO Channel 03 : 15[e00000] -> 14[d00000] via P2P/IPC/read
ip-0A230414:77761:78786 [7] NCCL INFO Channel 04 : 15[e00000] -> 14[d00000] via P2P/IPC/read
ip-0A230406:77626:78655 [6] NCCL INFO Channel 05 : 30[d00000] -> 28[b00000] via P2P/IPC/read
ip-0A230413:26229:27255 [7] NCCL INFO Channel 07 : 7[e00000] -> 5[c00000] via P2P/IPC/read
ip-0A230417:16396:17487 [6] NCCL INFO Channel 13 : 22[d00000] -> 20[b00000] via P2P/IPC/read
ip-0A230406:77626:78655 [6] NCCL INFO Channel 13 : 30[d00000] -> 28[b00000] via P2P/IPC/read
ip-0A230413:26229:27255 [7] NCCL INFO Channel 15 : 7[e00000] -> 5[c00000] via P2P/IPC/read
ip-0A230414:77761:78786 [7] NCCL INFO Channel 05 : 15[e00000] -> 14[d00000] via P2P/IPC/read
ip-0A230417:16396:17487 [6] NCCL INFO Channel 21 : 22[d00000] -> 20[b00000] via P2P/IPC/read
ip-0A230413:26229:27255 [7] NCCL INFO Channel 23 : 7[e00000] -> 5[c00000] via P2P/IPC/read
ip-0A230406:77626:78655 [6] NCCL INFO Channel 21 : 30[d00000] -> 28[b00000] via P2P/IPC/read
ip-0A230414:77761:78786 [7] NCCL INFO Channel 08 : 15[e00000] -> 14[d00000] via P2P/IPC/read
ip-0A230413:26229:27255 [7] NCCL INFO Channel 00 : 7[e00000] -> 6[d00000] via P2P/IPC/read
ip-0A230414:77761:78786 [7] NCCL INFO Channel 09 : 15[e00000] -> 14[d00000] via P2P/IPC/read
ip-0A230406:77624:78656 [7] NCCL INFO Channel 07 : 31[e00000] -> 29[c00000] via P2P/IPC/read
ip-0A230413:26229:27255 [7] NCCL INFO Channel 01 : 7[e00000] -> 6[d00000] via P2P/IPC/read
ip-0A230417:16397:17484 [7] NCCL INFO Channel 07 : 23[e00000] -> 21[c00000] via P2P/IPC/read
ip-0A230406:77624:78656 [7] NCCL INFO Channel 15 : 31[e00000] -> 29[c00000] via P2P/IPC/read
ip-0A230414:77761:78786 [7] NCCL INFO Channel 10 : 15[e00000] -> 14[d00000] via P2P/IPC/read
ip-0A230413:26229:27255 [7] NCCL INFO Channel 02 : 7[e00000] -> 6[d00000] via P2P/IPC/read
ip-0A230406:77624:78656 [7] NCCL INFO Channel 23 : 31[e00000] -> 29[c00000] via P2P/IPC/read
ip-0A230414:77761:78786 [7] NCCL INFO Channel 11 : 15[e00000] -> 14[d00000] via P2P/IPC/read
ip-0A230417:16397:17484 [7] NCCL INFO Channel 15 : 23[e00000] -> 21[c00000] via P2P/IPC/read
ip-0A230414:77761:78786 [7] NCCL INFO Channel 12 : 15[e00000] -> 14[d00000] via P2P/IPC/read
ip-0A230413:26229:27255 [7] NCCL INFO Channel 03 : 7[e00000] -> 6[d00000] via P2P/IPC/read
ip-0A230414:77761:78786 [7] NCCL INFO Channel 13 : 15[e00000] -> 14[d00000] via P2P/IPC/read
ip-0A230413:26229:27255 [7] NCCL INFO Channel 04 : 7[e00000] -> 6[d00000] via P2P/IPC/read
ip-0A230414:77761:78786 [7] NCCL INFO Channel 16 : 15[e00000] -> 14[d00000] via P2P/IPC/read
ip-0A230417:16397:17484 [7] NCCL INFO Channel 23 : 23[e00000] -> 21[c00000] via P2P/IPC/read
ip-0A230413:26229:27255 [7] NCCL INFO Channel 05 : 7[e00000] -> 6[d00000] via P2P/IPC/read
ip-0A230406:77624:78656 [7] NCCL INFO Channel 00 : 31[e00000] -> 30[d00000] via P2P/IPC/read
