ip-0A230410:7301:7978 [7] NCCL INFO Channel 19 : 7[e00000] -> 6[d00000] via P2P/IPC/read
ip-0A230410:7301:7978 [7] NCCL INFO Channel 20 : 7[e00000] -> 6[d00000] via P2P/IPC/read
ip-0A230410:7301:7978 [7] NCCL INFO Channel 21 : 7[e00000] -> 6[d00000] via P2P/IPC/read
ip-0A230410:7301:7978 [7] NCCL INFO Channel 22 : 7[e00000] -> 6[d00000] via P2P/IPC/read
ip-0A230410:7301:7978 [7] NCCL INFO Channel 23 : 7[e00000] -> 6[d00000] via P2P/IPC/read
ip-0A230410:7299:7982 [3] NCCL INFO Connected all rings
ip-0A230410:7302:7977 [6] NCCL INFO Connected all rings
ip-0A230410:7302:7977 [6] NCCL INFO Channel 00 : 6[d00000] -> 3[400000] via P2P/IPC/read
ip-0A230410:7302:7977 [6] NCCL INFO Channel 01 : 6[d00000] -> 3[400000] via P2P/IPC/read
ip-0A230410:7298:7981 [2] NCCL INFO Channel 00 : 2[300000] -> 1[200000] via P2P/IPC/read
ip-0A230410:7303:7918 [0] NCCL INFO Connected all rings
ip-0A230410:7303:7918 [0] NCCL INFO Channel 00 : 0[100000] -> 5[c00000] via P2P/IPC/read
ip-0A230410:7297:7974 [1] NCCL INFO Channel 00 : 1[200000] -> 0[100000] via P2P/IPC/read
ip-0A230410:7304:7972 [5] NCCL INFO Connected all rings
ip-0A230410:7302:7977 [6] NCCL INFO Channel 02 : 6[d00000] -> 3[400000] via P2P/IPC/read
ip-0A230410:7298:7981 [2] NCCL INFO Channel 01 : 2[300000] -> 1[200000] via P2P/IPC/read
ip-0A230410:7303:7918 [0] NCCL INFO Channel 01 : 0[100000] -> 5[c00000] via P2P/IPC/read
ip-0A230410:7297:7974 [1] NCCL INFO Channel 01 : 1[200000] -> 0[100000] via P2P/IPC/read
ip-0A230410:7302:7977 [6] NCCL INFO Channel 03 : 6[d00000] -> 3[400000] via P2P/IPC/read
ip-0A230410:7298:7981 [2] NCCL INFO Channel 02 : 2[300000] -> 1[200000] via P2P/IPC/read
ip-0A230410:7303:7918 [0] NCCL INFO Channel 02 : 0[100000] -> 5[c00000] via P2P/IPC/read
ip-0A230410:7297:7974 [1] NCCL INFO Channel 02 : 1[200000] -> 0[100000] via P2P/IPC/read
ip-0A230410:7302:7977 [6] NCCL INFO Channel 04 : 6[d00000] -> 3[400000] via P2P/IPC/read
ip-0A230410:7298:7981 [2] NCCL INFO Channel 03 : 2[300000] -> 1[200000] via P2P/IPC/read
ip-0A230410:7303:7918 [0] NCCL INFO Channel 03 : 0[100000] -> 5[c00000] via P2P/IPC/read
ip-0A230410:7297:7974 [1] NCCL INFO Channel 03 : 1[200000] -> 0[100000] via P2P/IPC/read
ip-0A230410:7302:7977 [6] NCCL INFO Channel 05 : 6[d00000] -> 3[400000] via P2P/IPC/read
ip-0A230410:7298:7981 [2] NCCL INFO Channel 04 : 2[300000] -> 1[200000] via P2P/IPC/read
ip-0A230410:7303:7918 [0] NCCL INFO Channel 04 : 0[100000] -> 5[c00000] via P2P/IPC/read
ip-0A230410:7297:7974 [1] NCCL INFO Channel 04 : 1[200000] -> 0[100000] via P2P/IPC/read
ip-0A230410:7302:7977 [6] NCCL INFO Channel 06 : 6[d00000] -> 3[400000] via P2P/IPC/read
ip-0A230410:7298:7981 [2] NCCL INFO Channel 05 : 2[300000] -> 1[200000] via P2P/IPC/read
ip-0A230410:7303:7918 [0] NCCL INFO Channel 05 : 0[100000] -> 5[c00000] via P2P/IPC/read
ip-0A230410:7297:7974 [1] NCCL INFO Channel 05 : 1[200000] -> 0[100000] via P2P/IPC/read
ip-0A230410:7302:7977 [6] NCCL INFO Channel 07 : 6[d00000] -> 3[400000] via P2P/IPC/read
ip-0A230410:7298:7981 [2] NCCL INFO Channel 06 : 2[300000] -> 1[200000] via P2P/IPC/read
ip-0A230410:7303:7918 [0] NCCL INFO Channel 06 : 0[100000] -> 5[c00000] via P2P/IPC/read
ip-0A230410:7297:7974 [1] NCCL INFO Channel 06 : 1[200000] -> 0[100000] via P2P/IPC/read
ip-0A230410:7302:7977 [6] NCCL INFO Channel 08 : 6[d00000] -> 3[400000] via P2P/IPC/read
ip-0A230410:7298:7981 [2] NCCL INFO Channel 07 : 2[300000] -> 1[200000] via P2P/IPC/read
ip-0A230410:7303:7918 [0] NCCL INFO Channel 07 : 0[100000] -> 5[c00000] via P2P/IPC/read
ip-0A230410:7297:7974 [1] NCCL INFO Channel 07 : 1[200000] -> 0[100000] via P2P/IPC/read
ip-0A230410:7302:7977 [6] NCCL INFO Channel 09 : 6[d00000] -> 3[400000] via P2P/IPC/read
ip-0A230410:7298:7981 [2] NCCL INFO Channel 08 : 2[300000] -> 1[200000] via P2P/IPC/read
ip-0A230410:7303:7918 [0] NCCL INFO Channel 08 : 0[100000] -> 5[c00000] via P2P/IPC/read
ip-0A230410:7297:7974 [1] NCCL INFO Channel 08 : 1[200000] -> 0[100000] via P2P/IPC/read
ip-0A230410:7302:7977 [6] NCCL INFO Channel 10 : 6[d00000] -> 3[400000] via P2P/IPC/read
ip-0A230410:7298:7981 [2] NCCL INFO Channel 09 : 2[300000] -> 1[200000] via P2P/IPC/read
ip-0A230410:7303:7918 [0] NCCL INFO Channel 09 : 0[100000] -> 5[c00000] via P2P/IPC/read
ip-0A230410:7297:7974 [1] NCCL INFO Channel 09 : 1[200000] -> 0[100000] via P2P/IPC/read
ip-0A230410:7302:7977 [6] NCCL INFO Channel 11 : 6[d00000] -> 3[400000] via P2P/IPC/read
ip-0A230410:7298:7981 [2] NCCL INFO Channel 10 : 2[300000] -> 1[200000] via P2P/IPC/read
ip-0A230410:7303:7918 [0] NCCL INFO Channel 10 : 0[100000] -> 5[c00000] via P2P/IPC/read
ip-0A230410:7297:7974 [1] NCCL INFO Channel 10 : 1[200000] -> 0[100000] via P2P/IPC/read
ip-0A230410:7302:7977 [6] NCCL INFO Channel 12 : 6[d00000] -> 3[400000] via P2P/IPC/read
ip-0A230410:7298:7981 [2] NCCL INFO Channel 11 : 2[300000] -> 1[200000] via P2P/IPC/read
ip-0A230410:7303:7918 [0] NCCL INFO Channel 11 : 0[100000] -> 5[c00000] via P2P/IPC/read
ip-0A230410:7297:7974 [1] NCCL INFO Channel 11 : 1[200000] -> 0[100000] via P2P/IPC/read
ip-0A230410:7302:7977 [6] NCCL INFO Channel 13 : 6[d00000] -> 3[400000] via P2P/IPC/read
ip-0A230410:7298:7981 [2] NCCL INFO Channel 12 : 2[300000] -> 1[200000] via P2P/IPC/read
ip-0A230410:7303:7918 [0] NCCL INFO Channel 12 : 0[100000] -> 5[c00000] via P2P/IPC/read
ip-0A230410:7297:7974 [1] NCCL INFO Channel 12 : 1[200000] -> 0[100000] via P2P/IPC/read
ip-0A230410:7302:7977 [6] NCCL INFO Channel 14 : 6[d00000] -> 3[400000] via P2P/IPC/read
ip-0A230410:7298:7981 [2] NCCL INFO Channel 13 : 2[300000] -> 1[200000] via P2P/IPC/read
ip-0A230410:7303:7918 [0] NCCL INFO Channel 13 : 0[100000] -> 5[c00000] via P2P/IPC/read
ip-0A230410:7297:7974 [1] NCCL INFO Channel 13 : 1[200000] -> 0[100000] via P2P/IPC/read
ip-0A230410:7302:7977 [6] NCCL INFO Channel 15 : 6[d00000] -> 3[400000] via P2P/IPC/read
ip-0A230410:7298:7981 [2] NCCL INFO Channel 14 : 2[300000] -> 1[200000] via P2P/IPC/read
ip-0A230410:7303:7918 [0] NCCL INFO Channel 14 : 0[100000] -> 5[c00000] via P2P/IPC/read
ip-0A230410:7297:7974 [1] NCCL INFO Channel 14 : 1[200000] -> 0[100000] via P2P/IPC/read
ip-0A230410:7302:7977 [6] NCCL INFO Channel 16 : 6[d00000] -> 3[400000] via P2P/IPC/read
ip-0A230410:7298:7981 [2] NCCL INFO Channel 15 : 2[300000] -> 1[200000] via P2P/IPC/read
ip-0A230410:7303:7918 [0] NCCL INFO Channel 15 : 0[100000] -> 5[c00000] via P2P/IPC/read
ip-0A230410:7297:7974 [1] NCCL INFO Channel 15 : 1[200000] -> 0[100000] via P2P/IPC/read
ip-0A230410:7302:7977 [6] NCCL INFO Channel 17 : 6[d00000] -> 3[400000] via P2P/IPC/read
ip-0A230410:7298:7981 [2] NCCL INFO Channel 16 : 2[300000] -> 1[200000] via P2P/IPC/read
ip-0A230410:7303:7918 [0] NCCL INFO Channel 16 : 0[100000] -> 5[c00000] via P2P/IPC/read
ip-0A230410:7297:7974 [1] NCCL INFO Channel 16 : 1[200000] -> 0[100000] via P2P/IPC/read
ip-0A230410:7302:7977 [6] NCCL INFO Channel 18 : 6[d00000] -> 3[400000] via P2P/IPC/read
ip-0A230410:7298:7981 [2] NCCL INFO Channel 17 : 2[300000] -> 1[200000] via P2P/IPC/read
ip-0A230410:7303:7918 [0] NCCL INFO Channel 17 : 0[100000] -> 5[c00000] via P2P/IPC/read
ip-0A230410:7297:7974 [1] NCCL INFO Channel 17 : 1[200000] -> 0[100000] via P2P/IPC/read
ip-0A230410:7302:7977 [6] NCCL INFO Channel 19 : 6[d00000] -> 3[400000] via P2P/IPC/read
ip-0A230410:7298:7981 [2] NCCL INFO Channel 18 : 2[300000] -> 1[200000] via P2P/IPC/read
ip-0A230410:7303:7918 [0] NCCL INFO Channel 18 : 0[100000] -> 5[c00000] via P2P/IPC/read
ip-0A230410:7297:7974 [1] NCCL INFO Channel 18 : 1[200000] -> 0[100000] via P2P/IPC/read
ip-0A230410:7302:7977 [6] NCCL INFO Channel 20 : 6[d00000] -> 3[400000] via P2P/IPC/read
ip-0A230410:7298:7981 [2] NCCL INFO Channel 19 : 2[300000] -> 1[200000] via P2P/IPC/read
ip-0A230410:7303:7918 [0] NCCL INFO Channel 19 : 0[100000] -> 5[c00000] via P2P/IPC/read
ip-0A230410:7297:7974 [1] NCCL INFO Channel 19 : 1[200000] -> 0[100000] via P2P/IPC/read
ip-0A230410:7302:7977 [6] NCCL INFO Channel 21 : 6[d00000] -> 3[400000] via P2P/IPC/read
ip-0A230410:7298:7981 [2] NCCL INFO Channel 20 : 2[300000] -> 1[200000] via P2P/IPC/read
ip-0A230410:7303:7918 [0] NCCL INFO Channel 20 : 0[100000] -> 5[c00000] via P2P/IPC/read
ip-0A230410:7297:7974 [1] NCCL INFO Channel 20 : 1[200000] -> 0[100000] via P2P/IPC/read
ip-0A230410:7302:7977 [6] NCCL INFO Channel 22 : 6[d00000] -> 3[400000] via P2P/IPC/read
ip-0A230410:7298:7981 [2] NCCL INFO Channel 21 : 2[300000] -> 1[200000] via P2P/IPC/read
ip-0A230410:7303:7918 [0] NCCL INFO Channel 21 : 0[100000] -> 5[c00000] via P2P/IPC/read
ip-0A230410:7297:7974 [1] NCCL INFO Channel 21 : 1[200000] -> 0[100000] via P2P/IPC/read
ip-0A230410:7302:7977 [6] NCCL INFO Channel 23 : 6[d00000] -> 3[400000] via P2P/IPC/read
ip-0A230410:7298:7981 [2] NCCL INFO Channel 22 : 2[300000] -> 1[200000] via P2P/IPC/read
ip-0A230410:7303:7918 [0] NCCL INFO Channel 22 : 0[100000] -> 5[c00000] via P2P/IPC/read
ip-0A230410:7297:7974 [1] NCCL INFO Channel 22 : 1[200000] -> 0[100000] via P2P/IPC/read
ip-0A230410:7298:7981 [2] NCCL INFO Channel 23 : 2[300000] -> 1[200000] via P2P/IPC/read
ip-0A230410:7297:7974 [1] NCCL INFO Channel 23 : 1[200000] -> 0[100000] via P2P/IPC/read
ip-0A230410:7303:7918 [0] NCCL INFO Channel 23 : 0[100000] -> 5[c00000] via P2P/IPC/read
ip-0A230410:7299:7982 [3] NCCL INFO Channel 00 : 3[400000] -> 2[300000] via P2P/IPC/read
ip-0A230410:7299:7982 [3] NCCL INFO Channel 01 : 3[400000] -> 2[300000] via P2P/IPC/read
ip-0A230410:7304:7972 [5] NCCL INFO Channel 00 : 5[c00000] -> 4[b00000] via P2P/IPC/read
ip-0A230410:7299:7982 [3] NCCL INFO Channel 02 : 3[400000] -> 2[300000] via P2P/IPC/read
ip-0A230410:7304:7972 [5] NCCL INFO Channel 01 : 5[c00000] -> 4[b00000] via P2P/IPC/read
ip-0A230410:7299:7982 [3] NCCL INFO Channel 03 : 3[400000] -> 2[300000] via P2P/IPC/read
ip-0A230410:7304:7972 [5] NCCL INFO Channel 02 : 5[c00000] -> 4[b00000] via P2P/IPC/read
ip-0A230410:7299:7982 [3] NCCL INFO Channel 04 : 3[400000] -> 2[300000] via P2P/IPC/read
ip-0A230410:7304:7972 [5] NCCL INFO Channel 03 : 5[c00000] -> 4[b00000] via P2P/IPC/read
ip-0A230410:7299:7982 [3] NCCL INFO Channel 05 : 3[400000] -> 2[300000] via P2P/IPC/read
ip-0A230410:7304:7972 [5] NCCL INFO Channel 04 : 5[c00000] -> 4[b00000] via P2P/IPC/read
ip-0A230410:7299:7982 [3] NCCL INFO Channel 06 : 3[400000] -> 2[300000] via P2P/IPC/read
ip-0A230410:7304:7972 [5] NCCL INFO Channel 05 : 5[c00000] -> 4[b00000] via P2P/IPC/read
ip-0A230410:7299:7982 [3] NCCL INFO Channel 07 : 3[400000] -> 2[300000] via P2P/IPC/read
ip-0A230410:7304:7972 [5] NCCL INFO Channel 06 : 5[c00000] -> 4[b00000] via P2P/IPC/read
ip-0A230410:7299:7982 [3] NCCL INFO Channel 08 : 3[400000] -> 2[300000] via P2P/IPC/read
ip-0A230410:7304:7972 [5] NCCL INFO Channel 07 : 5[c00000] -> 4[b00000] via P2P/IPC/read
ip-0A230410:7299:7982 [3] NCCL INFO Channel 09 : 3[400000] -> 2[300000] via P2P/IPC/read
ip-0A230410:7304:7972 [5] NCCL INFO Channel 08 : 5[c00000] -> 4[b00000] via P2P/IPC/read
ip-0A230410:7299:7982 [3] NCCL INFO Channel 10 : 3[400000] -> 2[300000] via P2P/IPC/read
ip-0A230410:7304:7972 [5] NCCL INFO Channel 09 : 5[c00000] -> 4[b00000] via P2P/IPC/read
ip-0A230410:7299:7982 [3] NCCL INFO Channel 11 : 3[400000] -> 2[300000] via P2P/IPC/read
ip-0A230410:7304:7972 [5] NCCL INFO Channel 10 : 5[c00000] -> 4[b00000] via P2P/IPC/read
ip-0A230410:7299:7982 [3] NCCL INFO Channel 12 : 3[400000] -> 2[300000] via P2P/IPC/read
ip-0A230410:7304:7972 [5] NCCL INFO Channel 11 : 5[c00000] -> 4[b00000] via P2P/IPC/read
ip-0A230410:7299:7982 [3] NCCL INFO Channel 13 : 3[400000] -> 2[300000] via P2P/IPC/read
ip-0A230410:7304:7972 [5] NCCL INFO Channel 12 : 5[c00000] -> 4[b00000] via P2P/IPC/read
ip-0A230410:7299:7982 [3] NCCL INFO Channel 14 : 3[400000] -> 2[300000] via P2P/IPC/read
ip-0A230410:7304:7972 [5] NCCL INFO Channel 13 : 5[c00000] -> 4[b00000] via P2P/IPC/read
ip-0A230410:7299:7982 [3] NCCL INFO Channel 15 : 3[400000] -> 2[300000] via P2P/IPC/read
ip-0A230410:7304:7972 [5] NCCL INFO Channel 14 : 5[c00000] -> 4[b00000] via P2P/IPC/read
ip-0A230410:7299:7982 [3] NCCL INFO Channel 16 : 3[400000] -> 2[300000] via P2P/IPC/read
ip-0A230410:7304:7972 [5] NCCL INFO Channel 15 : 5[c00000] -> 4[b00000] via P2P/IPC/read
ip-0A230410:7299:7982 [3] NCCL INFO Channel 17 : 3[400000] -> 2[300000] via P2P/IPC/read
ip-0A230410:7304:7972 [5] NCCL INFO Channel 16 : 5[c00000] -> 4[b00000] via P2P/IPC/read
ip-0A230410:7299:7982 [3] NCCL INFO Channel 18 : 3[400000] -> 2[300000] via P2P/IPC/read
ip-0A230410:7304:7972 [5] NCCL INFO Channel 17 : 5[c00000] -> 4[b00000] via P2P/IPC/read
ip-0A230410:7299:7982 [3] NCCL INFO Channel 19 : 3[400000] -> 2[300000] via P2P/IPC/read
ip-0A230410:7304:7972 [5] NCCL INFO Channel 18 : 5[c00000] -> 4[b00000] via P2P/IPC/read
ip-0A230410:7299:7982 [3] NCCL INFO Channel 20 : 3[400000] -> 2[300000] via P2P/IPC/read
ip-0A230410:7304:7972 [5] NCCL INFO Channel 19 : 5[c00000] -> 4[b00000] via P2P/IPC/read
ip-0A230410:7299:7982 [3] NCCL INFO Channel 21 : 3[400000] -> 2[300000] via P2P/IPC/read
ip-0A230410:7304:7972 [5] NCCL INFO Channel 20 : 5[c00000] -> 4[b00000] via P2P/IPC/read
ip-0A230410:7299:7982 [3] NCCL INFO Channel 22 : 3[400000] -> 2[300000] via P2P/IPC/read
ip-0A230410:7304:7972 [5] NCCL INFO Channel 21 : 5[c00000] -> 4[b00000] via P2P/IPC/read
ip-0A230410:7299:7982 [3] NCCL INFO Channel 23 : 3[400000] -> 2[300000] via P2P/IPC/read
ip-0A230410:7304:7972 [5] NCCL INFO Channel 22 : 5[c00000] -> 4[b00000] via P2P/IPC/read
ip-0A230410:7304:7972 [5] NCCL INFO Channel 23 : 5[c00000] -> 4[b00000] via P2P/IPC/read
ip-0A230410:7302:7977 [6] NCCL INFO Connected all trees
ip-0A230410:7302:7977 [6] NCCL INFO threadThresholds 8/8/64 | 64/8/64 | 8/8/512
ip-0A230410:7299:7982 [3] NCCL INFO Connected all trees
ip-0A230410:7299:7982 [3] NCCL INFO threadThresholds 8/8/64 | 64/8/64 | 8/8/512
ip-0A230410:7301:7978 [7] NCCL INFO Connected all trees
ip-0A230410:7301:7978 [7] NCCL INFO threadThresholds 8/8/64 | 64/8/64 | 8/8/512
ip-0A230410:7303:7918 [0] NCCL INFO Connected all trees
ip-0A230410:7303:7918 [0] NCCL INFO threadThresholds 8/8/64 | 64/8/64 | 8/8/512
ip-0A230410:7304:7972 [5] NCCL INFO Connected all trees
ip-0A230410:7304:7972 [5] NCCL INFO threadThresholds 8/8/64 | 64/8/64 | 8/8/512
ip-0A230410:7300:7970 [4] NCCL INFO Connected all trees
ip-0A230410:7300:7970 [4] NCCL INFO threadThresholds 8/8/64 | 64/8/64 | 8/8/512
ip-0A230410:7302:7977 [6] NCCL INFO 24 coll channels, 32 p2p channels, 32 p2p channels per peer
ip-0A230410:7299:7982 [3] NCCL INFO 24 coll channels, 32 p2p channels, 32 p2p channels per peer
ip-0A230410:7301:7978 [7] NCCL INFO 24 coll channels, 32 p2p channels, 32 p2p channels per peer
ip-0A230410:7303:7918 [0] NCCL INFO 24 coll channels, 32 p2p channels, 32 p2p channels per peer
ip-0A230410:7304:7972 [5] NCCL INFO 24 coll channels, 32 p2p channels, 32 p2p channels per peer
ip-0A230410:7300:7970 [4] NCCL INFO 24 coll channels, 32 p2p channels, 32 p2p channels per peer
ip-0A230410:7298:7981 [2] NCCL INFO Connected all trees
ip-0A230410:7298:7981 [2] NCCL INFO threadThresholds 8/8/64 | 64/8/64 | 8/8/512
ip-0A230410:7297:7974 [1] NCCL INFO Connected all trees
ip-0A230410:7297:7974 [1] NCCL INFO threadThresholds 8/8/64 | 64/8/64 | 8/8/512
ip-0A230410:7298:7981 [2] NCCL INFO 24 coll channels, 32 p2p channels, 32 p2p channels per peer
ip-0A230410:7297:7974 [1] NCCL INFO 24 coll channels, 32 p2p channels, 32 p2p channels per peer
ip-0A230410:7298:7981 [2] NCCL INFO comm 0x14b010008fb0 rank 2 nranks 8 cudaDev 2 busId 300000 - Init COMPLETE
ip-0A230410:7304:7972 [5] NCCL INFO comm 0x148c60008fb0 rank 5 nranks 8 cudaDev 5 busId c00000 - Init COMPLETE
ip-0A230410:7297:7974 [1] NCCL INFO comm 0x14e550008fb0 rank 1 nranks 8 cudaDev 1 busId 200000 - Init COMPLETE
ip-0A230410:7300:7970 [4] NCCL INFO comm 0x145c40008fb0 rank 4 nranks 8 cudaDev 4 busId b00000 - Init COMPLETE
ip-0A230410:7303:7918 [0] NCCL INFO comm 0x155118008fb0 rank 0 nranks 8 cudaDev 0 busId 100000 - Init COMPLETE
ip-0A230410:7299:7982 [3] NCCL INFO comm 0x145a84008fb0 rank 3 nranks 8 cudaDev 3 busId 400000 - Init COMPLETE
ip-0A230410:7302:7977 [6] NCCL INFO comm 0x1539e0008fb0 rank 6 nranks 8 cudaDev 6 busId d00000 - Init COMPLETE
ip-0A230410:7301:7978 [7] NCCL INFO comm 0x14cb90008fb0 rank 7 nranks 8 cudaDev 7 busId e00000 - Init COMPLETE
ip-0A230410:7303:7303 [0] NCCL INFO Launch mode Parallel
Starting with LRs: 0.007199999876320362
Setting up datasets...
:::MLLOG {"namespace": "", "time_ms": 1652749374710, "event_type": "POINT_IN_TIME", "key": "data_train_max_duration", "value": 16.7, "metadata": {"file": "train.py", "lineno": 530}}
:::MLLOG {"namespace": "", "time_ms": 1652749374711, "event_type": "POINT_IN_TIME", "key": "data_speed_perturbaton_max", "value": 1.15, "metadata": {"file": "train.py", "lineno": 532}}
:::MLLOG {"namespace": "", "time_ms": 1652749374711, "event_type": "POINT_IN_TIME", "key": "data_speed_perturbaton_min", "value": 0.85, "metadata": {"file": "train.py", "lineno": 534}}
:::MLLOG {"namespace": "", "time_ms": 1652749374711, "event_type": "POINT_IN_TIME", "key": "data_spec_augment_freq_n", "value": 2, "metadata": {"file": "train.py", "lineno": 536}}
:::MLLOG {"namespace": "", "time_ms": 1652749374711, "event_type": "POINT_IN_TIME", "key": "data_spec_augment_freq_min", "value": 0, "metadata": {"file": "train.py", "lineno": 538}}
:::MLLOG {"namespace": "", "time_ms": 1652749374711, "event_type": "POINT_IN_TIME", "key": "data_spec_augment_freq_max", "value": 20, "metadata": {"file": "train.py", "lineno": 540}}
:::MLLOG {"namespace": "", "time_ms": 1652749374711, "event_type": "POINT_IN_TIME", "key": "data_spec_augment_time_n", "value": 10, "metadata": {"file": "train.py", "lineno": 542}}
:::MLLOG {"namespace": "", "time_ms": 1652749374711, "event_type": "POINT_IN_TIME", "key": "data_spec_augment_time_min", "value": 0, "metadata": {"file": "train.py", "lineno": 544}}
:::MLLOG {"namespace": "", "time_ms": 1652749374711, "event_type": "POINT_IN_TIME", "key": "data_spec_augment_time_max", "value": 0.03, "metadata": {"file": "train.py", "lineno": 546}}
:::MLLOG {"namespace": "", "time_ms": 1652749374711, "event_type": "POINT_IN_TIME", "key": "global_batch_size", "value": 1536, "metadata": {"file": "train.py", "lineno": 548}}
ip-0A230410:7298:8014 [2] NCCL INFO Setting affinity for GPU 2 to ffffff
ip-0A230410:7297:8018 [1] NCCL INFO Setting affinity for GPU 1 to ff000000
ip-0A230410:7299:8015 [3] NCCL INFO Setting affinity for GPU 3 to ffffff
ip-0A230410:7302:8017 [6] NCCL INFO Setting affinity for GPU 6 to ff,ffff0000,00000000
ip-0A230410:7303:8011 [0] NCCL INFO Setting affinity for GPU 0 to ff000000
ip-0A230410:7301:8013 [7] NCCL INFO Setting affinity for GPU 7 to ff,ffff0000,00000000
ip-0A230410:7298:8014 [2] NCCL INFO NCCL_COLLNET_ENABLE set by environment to 0.
ip-0A230410:7299:8015 [3] NCCL INFO NCCL_COLLNET_ENABLE set by environment to 0.
ip-0A230410:7304:8012 [5] NCCL INFO NCCL_COLLNET_ENABLE set by environment to 0.
ip-0A230410:7302:8017 [6] NCCL INFO NCCL_COLLNET_ENABLE set by environment to 0.
ip-0A230410:7301:8013 [7] NCCL INFO NCCL_COLLNET_ENABLE set by environment to 0.
ip-0A230410:7297:8018 [1] NCCL INFO NCCL_COLLNET_ENABLE set by environment to 0.
ip-0A230410:7300:8016 [4] NCCL INFO NCCL_COLLNET_ENABLE set by environment to 0.
ip-0A230410:7303:8011 [0] NCCL INFO NCCL_COLLNET_ENABLE set by environment to 0.
ip-0A230410:7303:8011 [0] NCCL INFO Channel 00/24 :    0   1   2   3   6   7   4   5
ip-0A230410:7303:8011 [0] NCCL INFO Channel 01/24 :    0   1   2   3   6   7   4   5
ip-0A230410:7303:8011 [0] NCCL INFO Channel 02/24 :    0   1   2   3   6   7   4   5
ip-0A230410:7303:8011 [0] NCCL INFO Channel 03/24 :    0   1   2   3   6   7   4   5
ip-0A230410:7303:8011 [0] NCCL INFO Channel 04/24 :    0   1   2   3   6   7   4   5
ip-0A230410:7303:8011 [0] NCCL INFO Channel 05/24 :    0   1   2   3   6   7   4   5
ip-0A230410:7303:8011 [0] NCCL INFO Channel 06/24 :    0   1   2   3   6   7   4   5
ip-0A230410:7303:8011 [0] NCCL INFO Channel 07/24 :    0   1   2   3   6   7   4   5
ip-0A230410:7303:8011 [0] NCCL INFO Channel 08/24 :    0   1   2   3   6   7   4   5
ip-0A230410:7303:8011 [0] NCCL INFO Channel 09/24 :    0   1   2   3   6   7   4   5
ip-0A230410:7297:8018 [1] NCCL INFO Trees [0] 2/-1/-1->1->0 [1] 2/-1/-1->1->0 [2] 2/-1/-1->1->0 [3] 2/-1/-1->1->0 [4] 2/-1/-1->1->0 [5] 2/-1/-1->1->0 [6] 2/-1/-1->1->0 [7] 2/-1/-1->1->0 [8] 2/-1/-1->1->0 [9] 2/-1/-1->1->0 [10] 2/-1/-1->1->0 [11] 2/-1/-1->1->0 [12] 2/-1/-1->1->0 [13] 2/-1/-1->1->0 [14] 2/-1/-1->1->0 [15] 2/-1/-1->1->0 [16] 2/-1/-1->1->0 [17] 2/-1/-1->1->0 [18] 2/-1/-1->1->0 [19] 2/-1/-1->1->0 [20] 2/-1/-1->1->0 [21] 2/-1/-1->1->0 [22] 2/-1/-1->1->0 [23] 2/-1/-1->1->0
ip-0A230410:7298:8014 [2] NCCL INFO Trees [0] 3/-1/-1->2->1 [1] 3/-1/-1->2->1 [2] 3/-1/-1->2->1 [3] 3/-1/-1->2->1 [4] 3/-1/-1->2->1 [5] 3/-1/-1->2->1 [6] 3/-1/-1->2->1 [7] 3/-1/-1->2->1 [8] 3/-1/-1->2->1 [9] 3/-1/-1->2->1 [10] 3/-1/-1->2->1 [11] 3/-1/-1->2->1 [12] 3/-1/-1->2->1 [13] 3/-1/-1->2->1 [14] 3/-1/-1->2->1 [15] 3/-1/-1->2->1 [16] 3/-1/-1->2->1 [17] 3/-1/-1->2->1 [18] 3/-1/-1->2->1 [19] 3/-1/-1->2->1 [20] 3/-1/-1->2->1 [21] 3/-1/-1->2->1 [22] 3/-1/-1->2->1 [23] 3/-1/-1->2->1
ip-0A230410:7303:8011 [0] NCCL INFO Channel 10/24 :    0   1   2   3   6   7   4   5
ip-0A230410:7303:8011 [0] NCCL INFO Channel 11/24 :    0   1   2   3   6   7   4   5
ip-0A230410:7303:8011 [0] NCCL INFO Channel 12/24 :    0   1   2   3   6   7   4   5
ip-0A230410:7303:8011 [0] NCCL INFO Channel 13/24 :    0   1   2   3   6   7   4   5
ip-0A230410:7303:8011 [0] NCCL INFO Channel 14/24 :    0   1   2   3   6   7   4   5
ip-0A230410:7303:8011 [0] NCCL INFO Channel 15/24 :    0   1   2   3   6   7   4   5
ip-0A230410:7303:8011 [0] NCCL INFO Channel 16/24 :    0   1   2   3   6   7   4   5
ip-0A230410:7303:8011 [0] NCCL INFO Channel 17/24 :    0   1   2   3   6   7   4   5
ip-0A230410:7303:8011 [0] NCCL INFO Channel 18/24 :    0   1   2   3   6   7   4   5
ip-0A230410:7303:8011 [0] NCCL INFO Channel 19/24 :    0   1   2   3   6   7   4   5
ip-0A230410:7303:8011 [0] NCCL INFO Channel 20/24 :    0   1   2   3   6   7   4   5
ip-0A230410:7303:8011 [0] NCCL INFO Channel 21/24 :    0   1   2   3   6   7   4   5
ip-0A230410:7303:8011 [0] NCCL INFO Channel 22/24 :    0   1   2   3   6   7   4   5
ip-0A230410:7303:8011 [0] NCCL INFO Channel 23/24 :    0   1   2   3   6   7   4   5
ip-0A230410:7299:8015 [3] NCCL INFO Trees [0] 6/-1/-1->3->2 [1] 6/-1/-1->3->2 [2] 6/-1/-1->3->2 [3] 6/-1/-1->3->2 [4] 6/-1/-1->3->2 [5] 6/-1/-1->3->2 [6] 6/-1/-1->3->2 [7] 6/-1/-1->3->2 [8] 6/-1/-1->3->2 [9] 6/-1/-1->3->2 [10] 6/-1/-1->3->2 [11] 6/-1/-1->3->2 [12] 6/-1/-1->3->2 [13] 6/-1/-1->3->2 [14] 6/-1/-1->3->2 [15] 6/-1/-1->3->2 [16] 6/-1/-1->3->2 [17] 6/-1/-1->3->2 [18] 6/-1/-1->3->2 [19] 6/-1/-1->3->2 [20] 6/-1/-1->3->2 [21] 6/-1/-1->3->2 [22] 6/-1/-1->3->2 [23] 6/-1/-1->3->2
ip-0A230410:7300:8016 [4] NCCL INFO Trees [0] 5/-1/-1->4->-1 [1] 5/-1/-1->4->-1 [2] 5/-1/-1->4->-1 [3] 5/-1/-1->4->-1 [4] 5/-1/-1->4->-1 [5] 5/-1/-1->4->-1 [6] 5/-1/-1->4->-1 [7] 5/-1/-1->4->-1 [8] 5/-1/-1->4->-1 [9] 5/-1/-1->4->-1 [10] 5/-1/-1->4->-1 [11] 5/-1/-1->4->-1 [12] 5/-1/-1->4->-1 [13] 5/-1/-1->4->-1 [14] 5/-1/-1->4->-1 [15] 5/-1/-1->4->-1 [16] 5/-1/-1->4->-1 [17] 5/-1/-1->4->-1 [18] 5/-1/-1->4->-1 [19] 5/-1/-1->4->-1 [20] 5/-1/-1->4->-1 [21] 5/-1/-1->4->-1 [22] 5/-1/-1->4->-1 [23] 5/-1/-1->4->-1
ip-0A230410:7304:8012 [5] NCCL INFO Trees [0] 0/-1/-1->5->4 [1] 0/-1/-1->5->4 [2] 0/-1/-1->5->4 [3] 0/-1/-1->5->4 [4] 0/-1/-1->5->4 [5] 0/-1/-1->5->4 [6] 0/-1/-1->5->4 [7] 0/-1/-1->5->4 [8] 0/-1/-1->5->4 [9] 0/-1/-1->5->4 [10] 0/-1/-1->5->4 [11] 0/-1/-1->5->4 [12] 0/-1/-1->5->4 [13] 0/-1/-1->5->4 [14] 0/-1/-1->5->4 [15] 0/-1/-1->5->4 [16] 0/-1/-1->5->4 [17] 0/-1/-1->5->4 [18] 0/-1/-1->5->4 [19] 0/-1/-1->5->4 [20] 0/-1/-1->5->4 [21] 0/-1/-1->5->4 [22] 0/-1/-1->5->4 [23] 0/-1/-1->5->4
ip-0A230410:7302:8017 [6] NCCL INFO Trees [0] 7/-1/-1->6->3 [1] 7/-1/-1->6->3 [2] 7/-1/-1->6->3 [3] 7/-1/-1->6->3 [4] 7/-1/-1->6->3 [5] 7/-1/-1->6->3 [6] 7/-1/-1->6->3 [7] 7/-1/-1->6->3 [8] 7/-1/-1->6->3 [9] 7/-1/-1->6->3 [10] 7/-1/-1->6->3 [11] 7/-1/-1->6->3 [12] 7/-1/-1->6->3 [13] 7/-1/-1->6->3 [14] 7/-1/-1->6->3 [15] 7/-1/-1->6->3 [16] 7/-1/-1->6->3 [17] 7/-1/-1->6->3 [18] 7/-1/-1->6->3 [19] 7/-1/-1->6->3 [20] 7/-1/-1->6->3 [21] 7/-1/-1->6->3 [22] 7/-1/-1->6->3 [23] 7/-1/-1->6->3
ip-0A230410:7301:8013 [7] NCCL INFO Trees [0] -1/-1/-1->7->6 [1] -1/-1/-1->7->6 [2] -1/-1/-1->7->6 [3] -1/-1/-1->7->6 [4] -1/-1/-1->7->6 [5] -1/-1/-1->7->6 [6] -1/-1/-1->7->6 [7] -1/-1/-1->7->6 [8] -1/-1/-1->7->6 [9] -1/-1/-1->7->6 [10] -1/-1/-1->7->6 [11] -1/-1/-1->7->6 [12] -1/-1/-1->7->6 [13] -1/-1/-1->7->6 [14] -1/-1/-1->7->6 [15] -1/-1/-1->7->6 [16] -1/-1/-1->7->6 [17] -1/-1/-1->7->6 [18] -1/-1/-1->7->6 [19] -1/-1/-1->7->6 [20] -1/-1/-1->7->6 [21] -1/-1/-1->7->6 [22] -1/-1/-1->7->6 [23] -1/-1/-1->7->6
ip-0A230410:7303:8011 [0] NCCL INFO Trees [0] 1/-1/-1->0->5 [1] 1/-1/-1->0->5 [2] 1/-1/-1->0->5 [3] 1/-1/-1->0->5 [4] 1/-1/-1->0->5 [5] 1/-1/-1->0->5 [6] 1/-1/-1->0->5 [7] 1/-1/-1->0->5 [8] 1/-1/-1->0->5 [9] 1/-1/-1->0->5 [10] 1/-1/-1->0->5 [11] 1/-1/-1->0->5 [12] 1/-1/-1->0->5 [13] 1/-1/-1->0->5 [14] 1/-1/-1->0->5 [15] 1/-1/-1->0->5 [16] 1/-1/-1->0->5 [17] 1/-1/-1->0->5 [18] 1/-1/-1->0->5 [19] 1/-1/-1->0->5 [20] 1/-1/-1->0->5 [21] 1/-1/-1->0->5 [22] 1/-1/-1->0->5 [23] 1/-1/-1->0->5
ip-0A230410:7303:8011 [0] NCCL INFO Channel 00 : 0[100000] -> 1[200000] via P2P/IPC/read
ip-0A230410:7302:8017 [6] NCCL INFO Channel 00 : 6[d00000] -> 7[e00000] via P2P/IPC/read
ip-0A230410:7300:8016 [4] NCCL INFO Channel 00 : 4[b00000] -> 5[c00000] via P2P/IPC/read
ip-0A230410:7303:8011 [0] NCCL INFO Channel 01 : 0[100000] -> 1[200000] via P2P/IPC/read
ip-0A230410:7302:8017 [6] NCCL INFO Channel 01 : 6[d00000] -> 7[e00000] via P2P/IPC/read
ip-0A230410:7300:8016 [4] NCCL INFO Channel 01 : 4[b00000] -> 5[c00000] via P2P/IPC/read
ip-0A230410:7302:8017 [6] NCCL INFO Channel 02 : 6[d00000] -> 7[e00000] via P2P/IPC/read
ip-0A230410:7300:8016 [4] NCCL INFO Channel 02 : 4[b00000] -> 5[c00000] via P2P/IPC/read
ip-0A230410:7302:8017 [6] NCCL INFO Channel 03 : 6[d00000] -> 7[e00000] via P2P/IPC/read
ip-0A230410:7300:8016 [4] NCCL INFO Channel 03 : 4[b00000] -> 5[c00000] via P2P/IPC/read
ip-0A230410:7302:8017 [6] NCCL INFO Channel 04 : 6[d00000] -> 7[e00000] via P2P/IPC/read
ip-0A230410:7300:8016 [4] NCCL INFO Channel 04 : 4[b00000] -> 5[c00000] via P2P/IPC/read
ip-0A230410:7303:8011 [0] NCCL INFO Channel 02 : 0[100000] -> 1[200000] via P2P/IPC/read
ip-0A230410:7302:8017 [6] NCCL INFO Channel 05 : 6[d00000] -> 7[e00000] via P2P/IPC/read
ip-0A230410:7300:8016 [4] NCCL INFO Channel 05 : 4[b00000] -> 5[c00000] via P2P/IPC/read
ip-0A230410:7302:8017 [6] NCCL INFO Channel 06 : 6[d00000] -> 7[e00000] via P2P/IPC/read
ip-0A230410:7300:8016 [4] NCCL INFO Channel 06 : 4[b00000] -> 5[c00000] via P2P/IPC/read
ip-0A230410:7303:8011 [0] NCCL INFO Channel 03 : 0[100000] -> 1[200000] via P2P/IPC/read
ip-0A230410:7302:8017 [6] NCCL INFO Channel 07 : 6[d00000] -> 7[e00000] via P2P/IPC/read
ip-0A230410:7300:8016 [4] NCCL INFO Channel 07 : 4[b00000] -> 5[c00000] via P2P/IPC/read
ip-0A230410:7303:8011 [0] NCCL INFO Channel 04 : 0[100000] -> 1[200000] via P2P/IPC/read
ip-0A230410:7302:8017 [6] NCCL INFO Channel 08 : 6[d00000] -> 7[e00000] via P2P/IPC/read
ip-0A230410:7300:8016 [4] NCCL INFO Channel 08 : 4[b00000] -> 5[c00000] via P2P/IPC/read
ip-0A230410:7303:8011 [0] NCCL INFO Channel 05 : 0[100000] -> 1[200000] via P2P/IPC/read
ip-0A230410:7302:8017 [6] NCCL INFO Channel 09 : 6[d00000] -> 7[e00000] via P2P/IPC/read
ip-0A230410:7300:8016 [4] NCCL INFO Channel 09 : 4[b00000] -> 5[c00000] via P2P/IPC/read
ip-0A230410:7303:8011 [0] NCCL INFO Channel 06 : 0[100000] -> 1[200000] via P2P/IPC/read
ip-0A230410:7302:8017 [6] NCCL INFO Channel 10 : 6[d00000] -> 7[e00000] via P2P/IPC/read
ip-0A230410:7300:8016 [4] NCCL INFO Channel 10 : 4[b00000] -> 5[c00000] via P2P/IPC/read
ip-0A230410:7303:8011 [0] NCCL INFO Channel 07 : 0[100000] -> 1[200000] via P2P/IPC/read
ip-0A230410:7302:8017 [6] NCCL INFO Channel 11 : 6[d00000] -> 7[e00000] via P2P/IPC/read
ip-0A230410:7300:8016 [4] NCCL INFO Channel 11 : 4[b00000] -> 5[c00000] via P2P/IPC/read
ip-0A230410:7303:8011 [0] NCCL INFO Channel 08 : 0[100000] -> 1[200000] via P2P/IPC/read
ip-0A230410:7302:8017 [6] NCCL INFO Channel 12 : 6[d00000] -> 7[e00000] via P2P/IPC/read
ip-0A230410:7300:8016 [4] NCCL INFO Channel 12 : 4[b00000] -> 5[c00000] via P2P/IPC/read
ip-0A230410:7303:8011 [0] NCCL INFO Channel 09 : 0[100000] -> 1[200000] via P2P/IPC/read
ip-0A230410:7302:8017 [6] NCCL INFO Channel 13 : 6[d00000] -> 7[e00000] via P2P/IPC/read
ip-0A230410:7300:8016 [4] NCCL INFO Channel 13 : 4[b00000] -> 5[c00000] via P2P/IPC/read
ip-0A230410:7303:8011 [0] NCCL INFO Channel 10 : 0[100000] -> 1[200000] via P2P/IPC/read
ip-0A230410:7302:8017 [6] NCCL INFO Channel 14 : 6[d00000] -> 7[e00000] via P2P/IPC/read
ip-0A230410:7300:8016 [4] NCCL INFO Channel 14 : 4[b00000] -> 5[c00000] via P2P/IPC/read
ip-0A230410:7303:8011 [0] NCCL INFO Channel 11 : 0[100000] -> 1[200000] via P2P/IPC/read
ip-0A230410:7302:8017 [6] NCCL INFO Channel 15 : 6[d00000] -> 7[e00000] via P2P/IPC/read
ip-0A230410:7300:8016 [4] NCCL INFO Channel 15 : 4[b00000] -> 5[c00000] via P2P/IPC/read
ip-0A230410:7303:8011 [0] NCCL INFO Channel 12 : 0[100000] -> 1[200000] via P2P/IPC/read
ip-0A230410:7302:8017 [6] NCCL INFO Channel 16 : 6[d00000] -> 7[e00000] via P2P/IPC/read
ip-0A230410:7300:8016 [4] NCCL INFO Channel 16 : 4[b00000] -> 5[c00000] via P2P/IPC/read
ip-0A230410:7303:8011 [0] NCCL INFO Channel 13 : 0[100000] -> 1[200000] via P2P/IPC/read
ip-0A230410:7302:8017 [6] NCCL INFO Channel 17 : 6[d00000] -> 7[e00000] via P2P/IPC/read
ip-0A230410:7300:8016 [4] NCCL INFO Channel 17 : 4[b00000] -> 5[c00000] via P2P/IPC/read
ip-0A230410:7303:8011 [0] NCCL INFO Channel 14 : 0[100000] -> 1[200000] via P2P/IPC/read
ip-0A230410:7302:8017 [6] NCCL INFO Channel 18 : 6[d00000] -> 7[e00000] via P2P/IPC/read
ip-0A230410:7300:8016 [4] NCCL INFO Channel 18 : 4[b00000] -> 5[c00000] via P2P/IPC/read
ip-0A230410:7303:8011 [0] NCCL INFO Channel 15 : 0[100000] -> 1[200000] via P2P/IPC/read
ip-0A230410:7302:8017 [6] NCCL INFO Channel 19 : 6[d00000] -> 7[e00000] via P2P/IPC/read
ip-0A230410:7300:8016 [4] NCCL INFO Channel 19 : 4[b00000] -> 5[c00000] via P2P/IPC/read
ip-0A230410:7303:8011 [0] NCCL INFO Channel 16 : 0[100000] -> 1[200000] via P2P/IPC/read
ip-0A230410:7302:8017 [6] NCCL INFO Channel 20 : 6[d00000] -> 7[e00000] via P2P/IPC/read
ip-0A230410:7300:8016 [4] NCCL INFO Channel 20 : 4[b00000] -> 5[c00000] via P2P/IPC/read
ip-0A230410:7303:8011 [0] NCCL INFO Channel 17 : 0[100000] -> 1[200000] via P2P/IPC/read
ip-0A230410:7302:8017 [6] NCCL INFO Channel 21 : 6[d00000] -> 7[e00000] via P2P/IPC/read
ip-0A230410:7300:8016 [4] NCCL INFO Channel 21 : 4[b00000] -> 5[c00000] via P2P/IPC/read
ip-0A230410:7303:8011 [0] NCCL INFO Channel 18 : 0[100000] -> 1[200000] via P2P/IPC/read
ip-0A230410:7302:8017 [6] NCCL INFO Channel 22 : 6[d00000] -> 7[e00000] via P2P/IPC/read
ip-0A230410:7300:8016 [4] NCCL INFO Channel 22 : 4[b00000] -> 5[c00000] via P2P/IPC/read
ip-0A230410:7303:8011 [0] NCCL INFO Channel 19 : 0[100000] -> 1[200000] via P2P/IPC/read
ip-0A230410:7302:8017 [6] NCCL INFO Channel 23 : 6[d00000] -> 7[e00000] via P2P/IPC/read
ip-0A230410:7300:8016 [4] NCCL INFO Channel 23 : 4[b00000] -> 5[c00000] via P2P/IPC/read
ip-0A230410:7297:8018 [1] NCCL INFO Channel 00 : 1[200000] -> 2[300000] via P2P/IPC/read
ip-0A230410:7298:8014 [2] NCCL INFO Channel 00 : 2[300000] -> 3[400000] via P2P/IPC/read
ip-0A230410:7303:8011 [0] NCCL INFO Channel 20 : 0[100000] -> 1[200000] via P2P/IPC/read
ip-0A230410:7297:8018 [1] NCCL INFO Channel 01 : 1[200000] -> 2[300000] via P2P/IPC/read
ip-0A230410:7298:8014 [2] NCCL INFO Channel 01 : 2[300000] -> 3[400000] via P2P/IPC/read
ip-0A230410:7303:8011 [0] NCCL INFO Channel 21 : 0[100000] -> 1[200000] via P2P/IPC/read
ip-0A230410:7297:8018 [1] NCCL INFO Channel 02 : 1[200000] -> 2[300000] via P2P/IPC/read
ip-0A230410:7298:8014 [2] NCCL INFO Channel 02 : 2[300000] -> 3[400000] via P2P/IPC/read
ip-0A230410:7303:8011 [0] NCCL INFO Channel 22 : 0[100000] -> 1[200000] via P2P/IPC/read
ip-0A230410:7297:8018 [1] NCCL INFO Channel 03 : 1[200000] -> 2[300000] via P2P/IPC/read
ip-0A230410:7298:8014 [2] NCCL INFO Channel 03 : 2[300000] -> 3[400000] via P2P/IPC/read
ip-0A230410:7303:8011 [0] NCCL INFO Channel 23 : 0[100000] -> 1[200000] via P2P/IPC/read
ip-0A230410:7297:8018 [1] NCCL INFO Channel 04 : 1[200000] -> 2[300000] via P2P/IPC/read
ip-0A230410:7298:8014 [2] NCCL INFO Channel 04 : 2[300000] -> 3[400000] via P2P/IPC/read
ip-0A230410:7297:8018 [1] NCCL INFO Channel 05 : 1[200000] -> 2[300000] via P2P/IPC/read
ip-0A230410:7298:8014 [2] NCCL INFO Channel 05 : 2[300000] -> 3[400000] via P2P/IPC/read
ip-0A230410:7297:8018 [1] NCCL INFO Channel 06 : 1[200000] -> 2[300000] via P2P/IPC/read
ip-0A230410:7298:8014 [2] NCCL INFO Channel 06 : 2[300000] -> 3[400000] via P2P/IPC/read
ip-0A230410:7297:8018 [1] NCCL INFO Channel 07 : 1[200000] -> 2[300000] via P2P/IPC/read
ip-0A230410:7298:8014 [2] NCCL INFO Channel 07 : 2[300000] -> 3[400000] via P2P/IPC/read
ip-0A230410:7297:8018 [1] NCCL INFO Channel 08 : 1[200000] -> 2[300000] via P2P/IPC/read
ip-0A230410:7298:8014 [2] NCCL INFO Channel 08 : 2[300000] -> 3[400000] via P2P/IPC/read
ip-0A230410:7297:8018 [1] NCCL INFO Channel 09 : 1[200000] -> 2[300000] via P2P/IPC/read
ip-0A230410:7298:8014 [2] NCCL INFO Channel 09 : 2[300000] -> 3[400000] via P2P/IPC/read
ip-0A230410:7297:8018 [1] NCCL INFO Channel 10 : 1[200000] -> 2[300000] via P2P/IPC/read
ip-0A230410:7298:8014 [2] NCCL INFO Channel 10 : 2[300000] -> 3[400000] via P2P/IPC/read
ip-0A230410:7297:8018 [1] NCCL INFO Channel 11 : 1[200000] -> 2[300000] via P2P/IPC/read
ip-0A230410:7298:8014 [2] NCCL INFO Channel 11 : 2[300000] -> 3[400000] via P2P/IPC/read
ip-0A230410:7297:8018 [1] NCCL INFO Channel 12 : 1[200000] -> 2[300000] via P2P/IPC/read
ip-0A230410:7298:8014 [2] NCCL INFO Channel 12 : 2[300000] -> 3[400000] via P2P/IPC/read
ip-0A230410:7297:8018 [1] NCCL INFO Channel 13 : 1[200000] -> 2[300000] via P2P/IPC/read
ip-0A230410:7298:8014 [2] NCCL INFO Channel 13 : 2[300000] -> 3[400000] via P2P/IPC/read
ip-0A230410:7297:8018 [1] NCCL INFO Channel 14 : 1[200000] -> 2[300000] via P2P/IPC/read
ip-0A230410:7298:8014 [2] NCCL INFO Channel 14 : 2[300000] -> 3[400000] via P2P/IPC/read
ip-0A230410:7301:8013 [7] NCCL INFO Channel 00 : 7[e00000] -> 4[b00000] via P2P/IPC/read
ip-0A230410:7297:8018 [1] NCCL INFO Channel 15 : 1[200000] -> 2[300000] via P2P/IPC/read
ip-0A230410:7304:8012 [5] NCCL INFO Channel 00 : 5[c00000] -> 0[100000] via P2P/IPC/read
ip-0A230410:7298:8014 [2] NCCL INFO Channel 15 : 2[300000] -> 3[400000] via P2P/IPC/read
ip-0A230410:7301:8013 [7] NCCL INFO Channel 01 : 7[e00000] -> 4[b00000] via P2P/IPC/read
ip-0A230410:7297:8018 [1] NCCL INFO Channel 16 : 1[200000] -> 2[300000] via P2P/IPC/read
ip-0A230410:7304:8012 [5] NCCL INFO Channel 01 : 5[c00000] -> 0[100000] via P2P/IPC/read
ip-0A230410:7298:8014 [2] NCCL INFO Channel 16 : 2[300000] -> 3[400000] via P2P/IPC/read
ip-0A230410:7301:8013 [7] NCCL INFO Channel 02 : 7[e00000] -> 4[b00000] via P2P/IPC/read
ip-0A230410:7297:8018 [1] NCCL INFO Channel 17 : 1[200000] -> 2[300000] via P2P/IPC/read
ip-0A230410:7304:8012 [5] NCCL INFO Channel 02 : 5[c00000] -> 0[100000] via P2P/IPC/read
ip-0A230410:7298:8014 [2] NCCL INFO Channel 17 : 2[300000] -> 3[400000] via P2P/IPC/read
ip-0A230410:7301:8013 [7] NCCL INFO Channel 03 : 7[e00000] -> 4[b00000] via P2P/IPC/read
ip-0A230410:7297:8018 [1] NCCL INFO Channel 18 : 1[200000] -> 2[300000] via P2P/IPC/read
ip-0A230410:7304:8012 [5] NCCL INFO Channel 03 : 5[c00000] -> 0[100000] via P2P/IPC/read
ip-0A230410:7298:8014 [2] NCCL INFO Channel 18 : 2[300000] -> 3[400000] via P2P/IPC/read
ip-0A230410:7301:8013 [7] NCCL INFO Channel 04 : 7[e00000] -> 4[b00000] via P2P/IPC/read
ip-0A230410:7297:8018 [1] NCCL INFO Channel 19 : 1[200000] -> 2[300000] via P2P/IPC/read
ip-0A230410:7304:8012 [5] NCCL INFO Channel 04 : 5[c00000] -> 0[100000] via P2P/IPC/read
ip-0A230410:7298:8014 [2] NCCL INFO Channel 19 : 2[300000] -> 3[400000] via P2P/IPC/read
ip-0A230410:7297:8018 [1] NCCL INFO Channel 20 : 1[200000] -> 2[300000] via P2P/IPC/read
ip-0A230410:7301:8013 [7] NCCL INFO Channel 05 : 7[e00000] -> 4[b00000] via P2P/IPC/read
ip-0A230410:7304:8012 [5] NCCL INFO Channel 05 : 5[c00000] -> 0[100000] via P2P/IPC/read
ip-0A230410:7298:8014 [2] NCCL INFO Channel 20 : 2[300000] -> 3[400000] via P2P/IPC/read
ip-0A230410:7301:8013 [7] NCCL INFO Channel 06 : 7[e00000] -> 4[b00000] via P2P/IPC/read
ip-0A230410:7297:8018 [1] NCCL INFO Channel 21 : 1[200000] -> 2[300000] via P2P/IPC/read
ip-0A230410:7304:8012 [5] NCCL INFO Channel 06 : 5[c00000] -> 0[100000] via P2P/IPC/read
ip-0A230410:7298:8014 [2] NCCL INFO Channel 21 : 2[300000] -> 3[400000] via P2P/IPC/read
ip-0A230410:7301:8013 [7] NCCL INFO Channel 07 : 7[e00000] -> 4[b00000] via P2P/IPC/read
ip-0A230410:7297:8018 [1] NCCL INFO Channel 22 : 1[200000] -> 2[300000] via P2P/IPC/read
ip-0A230410:7304:8012 [5] NCCL INFO Channel 07 : 5[c00000] -> 0[100000] via P2P/IPC/read
ip-0A230410:7298:8014 [2] NCCL INFO Channel 22 : 2[300000] -> 3[400000] via P2P/IPC/read
ip-0A230410:7301:8013 [7] NCCL INFO Channel 08 : 7[e00000] -> 4[b00000] via P2P/IPC/read
ip-0A230410:7297:8018 [1] NCCL INFO Channel 23 : 1[200000] -> 2[300000] via P2P/IPC/read
ip-0A230410:7304:8012 [5] NCCL INFO Channel 08 : 5[c00000] -> 0[100000] via P2P/IPC/read
ip-0A230410:7298:8014 [2] NCCL INFO Channel 23 : 2[300000] -> 3[400000] via P2P/IPC/read
ip-0A230410:7301:8013 [7] NCCL INFO Channel 09 : 7[e00000] -> 4[b00000] via P2P/IPC/read
ip-0A230410:7304:8012 [5] NCCL INFO Channel 09 : 5[c00000] -> 0[100000] via P2P/IPC/read
ip-0A230410:7301:8013 [7] NCCL INFO Channel 10 : 7[e00000] -> 4[b00000] via P2P/IPC/read
ip-0A230410:7304:8012 [5] NCCL INFO Channel 10 : 5[c00000] -> 0[100000] via P2P/IPC/read
ip-0A230410:7301:8013 [7] NCCL INFO Channel 11 : 7[e00000] -> 4[b00000] via P2P/IPC/read
ip-0A230410:7304:8012 [5] NCCL INFO Channel 11 : 5[c00000] -> 0[100000] via P2P/IPC/read
ip-0A230410:7301:8013 [7] NCCL INFO Channel 12 : 7[e00000] -> 4[b00000] via P2P/IPC/read
ip-0A230410:7304:8012 [5] NCCL INFO Channel 12 : 5[c00000] -> 0[100000] via P2P/IPC/read
ip-0A230410:7301:8013 [7] NCCL INFO Channel 13 : 7[e00000] -> 4[b00000] via P2P/IPC/read
ip-0A230410:7304:8012 [5] NCCL INFO Channel 13 : 5[c00000] -> 0[100000] via P2P/IPC/read
ip-0A230410:7301:8013 [7] NCCL INFO Channel 14 : 7[e00000] -> 4[b00000] via P2P/IPC/read
ip-0A230410:7304:8012 [5] NCCL INFO Channel 14 : 5[c00000] -> 0[100000] via P2P/IPC/read
ip-0A230410:7301:8013 [7] NCCL INFO Channel 15 : 7[e00000] -> 4[b00000] via P2P/IPC/read
ip-0A230410:7304:8012 [5] NCCL INFO Channel 15 : 5[c00000] -> 0[100000] via P2P/IPC/read
ip-0A230410:7301:8013 [7] NCCL INFO Channel 16 : 7[e00000] -> 4[b00000] via P2P/IPC/read
ip-0A230410:7304:8012 [5] NCCL INFO Channel 16 : 5[c00000] -> 0[100000] via P2P/IPC/read
ip-0A230410:7301:8013 [7] NCCL INFO Channel 17 : 7[e00000] -> 4[b00000] via P2P/IPC/read
ip-0A230410:7304:8012 [5] NCCL INFO Channel 17 : 5[c00000] -> 0[100000] via P2P/IPC/read
ip-0A230410:7301:8013 [7] NCCL INFO Channel 18 : 7[e00000] -> 4[b00000] via P2P/IPC/read
ip-0A230410:7304:8012 [5] NCCL INFO Channel 18 : 5[c00000] -> 0[100000] via P2P/IPC/read
ip-0A230410:7301:8013 [7] NCCL INFO Channel 19 : 7[e00000] -> 4[b00000] via P2P/IPC/read
ip-0A230410:7304:8012 [5] NCCL INFO Channel 19 : 5[c00000] -> 0[100000] via P2P/IPC/read
ip-0A230410:7301:8013 [7] NCCL INFO Channel 20 : 7[e00000] -> 4[b00000] via P2P/IPC/read
ip-0A230410:7304:8012 [5] NCCL INFO Channel 20 : 5[c00000] -> 0[100000] via P2P/IPC/read
ip-0A230410:7301:8013 [7] NCCL INFO Channel 21 : 7[e00000] -> 4[b00000] via P2P/IPC/read
ip-0A230410:7304:8012 [5] NCCL INFO Channel 21 : 5[c00000] -> 0[100000] via P2P/IPC/read
ip-0A230410:7301:8013 [7] NCCL INFO Channel 22 : 7[e00000] -> 4[b00000] via P2P/IPC/read
ip-0A230410:7304:8012 [5] NCCL INFO Channel 22 : 5[c00000] -> 0[100000] via P2P/IPC/read
ip-0A230410:7301:8013 [7] NCCL INFO Channel 23 : 7[e00000] -> 4[b00000] via P2P/IPC/read
ip-0A230410:7304:8012 [5] NCCL INFO Channel 23 : 5[c00000] -> 0[100000] via P2P/IPC/read
ip-0A230410:7299:8015 [3] NCCL INFO Channel 00 : 3[400000] -> 6[d00000] via P2P/IPC/read
ip-0A230410:7299:8015 [3] NCCL INFO Channel 01 : 3[400000] -> 6[d00000] via P2P/IPC/read
ip-0A230410:7299:8015 [3] NCCL INFO Channel 02 : 3[400000] -> 6[d00000] via P2P/IPC/read
ip-0A230410:7299:8015 [3] NCCL INFO Channel 03 : 3[400000] -> 6[d00000] via P2P/IPC/read
ip-0A230410:7299:8015 [3] NCCL INFO Channel 04 : 3[400000] -> 6[d00000] via P2P/IPC/read
ip-0A230410:7299:8015 [3] NCCL INFO Channel 05 : 3[400000] -> 6[d00000] via P2P/IPC/read
ip-0A230410:7299:8015 [3] NCCL INFO Channel 06 : 3[400000] -> 6[d00000] via P2P/IPC/read
ip-0A230410:7299:8015 [3] NCCL INFO Channel 07 : 3[400000] -> 6[d00000] via P2P/IPC/read
ip-0A230410:7299:8015 [3] NCCL INFO Channel 08 : 3[400000] -> 6[d00000] via P2P/IPC/read
ip-0A230410:7299:8015 [3] NCCL INFO Channel 09 : 3[400000] -> 6[d00000] via P2P/IPC/read
ip-0A230410:7299:8015 [3] NCCL INFO Channel 10 : 3[400000] -> 6[d00000] via P2P/IPC/read
ip-0A230410:7299:8015 [3] NCCL INFO Channel 11 : 3[400000] -> 6[d00000] via P2P/IPC/read
ip-0A230410:7299:8015 [3] NCCL INFO Channel 12 : 3[400000] -> 6[d00000] via P2P/IPC/read
ip-0A230410:7299:8015 [3] NCCL INFO Channel 13 : 3[400000] -> 6[d00000] via P2P/IPC/read
ip-0A230410:7299:8015 [3] NCCL INFO Channel 14 : 3[400000] -> 6[d00000] via P2P/IPC/read
ip-0A230410:7297:8018 [1] NCCL INFO Connected all rings
ip-0A230410:7298:8014 [2] NCCL INFO Connected all rings
ip-0A230410:7301:8013 [7] NCCL INFO Connected all rings
ip-0A230410:7301:8013 [7] NCCL INFO Channel 00 : 7[e00000] -> 6[d00000] via P2P/IPC/read
ip-0A230410:7300:8016 [4] NCCL INFO Connected all rings
ip-0A230410:7299:8015 [3] NCCL INFO Channel 15 : 3[400000] -> 6[d00000] via P2P/IPC/read
ip-0A230410:7301:8013 [7] NCCL INFO Channel 01 : 7[e00000] -> 6[d00000] via P2P/IPC/read
ip-0A230410:7299:8015 [3] NCCL INFO Channel 16 : 3[400000] -> 6[d00000] via P2P/IPC/read
ip-0A230410:7301:8013 [7] NCCL INFO Channel 02 : 7[e00000] -> 6[d00000] via P2P/IPC/read
ip-0A230410:7299:8015 [3] NCCL INFO Channel 17 : 3[400000] -> 6[d00000] via P2P/IPC/read
ip-0A230410:7301:8013 [7] NCCL INFO Channel 03 : 7[e00000] -> 6[d00000] via P2P/IPC/read
ip-0A230410:7299:8015 [3] NCCL INFO Channel 18 : 3[400000] -> 6[d00000] via P2P/IPC/read
ip-0A230410:7301:8013 [7] NCCL INFO Channel 04 : 7[e00000] -> 6[d00000] via P2P/IPC/read
ip-0A230410:7299:8015 [3] NCCL INFO Channel 19 : 3[400000] -> 6[d00000] via P2P/IPC/read
ip-0A230410:7301:8013 [7] NCCL INFO Channel 05 : 7[e00000] -> 6[d00000] via P2P/IPC/read
ip-0A230410:7299:8015 [3] NCCL INFO Channel 20 : 3[400000] -> 6[d00000] via P2P/IPC/read
ip-0A230410:7301:8013 [7] NCCL INFO Channel 06 : 7[e00000] -> 6[d00000] via P2P/IPC/read
ip-0A230410:7299:8015 [3] NCCL INFO Channel 21 : 3[400000] -> 6[d00000] via P2P/IPC/read
ip-0A230410:7301:8013 [7] NCCL INFO Channel 07 : 7[e00000] -> 6[d00000] via P2P/IPC/read
ip-0A230410:7299:8015 [3] NCCL INFO Channel 22 : 3[400000] -> 6[d00000] via P2P/IPC/read
ip-0A230410:7301:8013 [7] NCCL INFO Channel 08 : 7[e00000] -> 6[d00000] via P2P/IPC/read
ip-0A230410:7299:8015 [3] NCCL INFO Channel 23 : 3[400000] -> 6[d00000] via P2P/IPC/read
ip-0A230410:7301:8013 [7] NCCL INFO Channel 09 : 7[e00000] -> 6[d00000] via P2P/IPC/read
ip-0A230410:7301:8013 [7] NCCL INFO Channel 10 : 7[e00000] -> 6[d00000] via P2P/IPC/read
ip-0A230410:7301:8013 [7] NCCL INFO Channel 11 : 7[e00000] -> 6[d00000] via P2P/IPC/read
ip-0A230410:7301:8013 [7] NCCL INFO Channel 12 : 7[e00000] -> 6[d00000] via P2P/IPC/read
ip-0A230410:7301:8013 [7] NCCL INFO Channel 13 : 7[e00000] -> 6[d00000] via P2P/IPC/read
ip-0A230410:7301:8013 [7] NCCL INFO Channel 14 : 7[e00000] -> 6[d00000] via P2P/IPC/read
ip-0A230410:7301:8013 [7] NCCL INFO Channel 15 : 7[e00000] -> 6[d00000] via P2P/IPC/read
ip-0A230410:7301:8013 [7] NCCL INFO Channel 16 : 7[e00000] -> 6[d00000] via P2P/IPC/read
ip-0A230410:7301:8013 [7] NCCL INFO Channel 17 : 7[e00000] -> 6[d00000] via P2P/IPC/read
ip-0A230410:7301:8013 [7] NCCL INFO Channel 18 : 7[e00000] -> 6[d00000] via P2P/IPC/read
ip-0A230410:7301:8013 [7] NCCL INFO Channel 19 : 7[e00000] -> 6[d00000] via P2P/IPC/read
ip-0A230410:7301:8013 [7] NCCL INFO Channel 20 : 7[e00000] -> 6[d00000] via P2P/IPC/read
ip-0A230410:7301:8013 [7] NCCL INFO Channel 21 : 7[e00000] -> 6[d00000] via P2P/IPC/read
ip-0A230410:7301:8013 [7] NCCL INFO Channel 22 : 7[e00000] -> 6[d00000] via P2P/IPC/read
ip-0A230410:7301:8013 [7] NCCL INFO Channel 23 : 7[e00000] -> 6[d00000] via P2P/IPC/read
ip-0A230410:7303:8011 [0] NCCL INFO Connected all rings
ip-0A230410:7303:8011 [0] NCCL INFO Channel 00 : 0[100000] -> 5[c00000] via P2P/IPC/read
ip-0A230410:7304:8012 [5] NCCL INFO Connected all rings
ip-0A230410:7297:8018 [1] NCCL INFO Channel 00 : 1[200000] -> 0[100000] via P2P/IPC/read
ip-0A230410:7298:8014 [2] NCCL INFO Channel 00 : 2[300000] -> 1[200000] via P2P/IPC/read
ip-0A230410:7299:8015 [3] NCCL INFO Connected all rings
ip-0A230410:7302:8017 [6] NCCL INFO Connected all rings
ip-0A230410:7302:8017 [6] NCCL INFO Channel 00 : 6[d00000] -> 3[400000] via P2P/IPC/read
ip-0A230410:7303:8011 [0] NCCL INFO Channel 01 : 0[100000] -> 5[c00000] via P2P/IPC/read
ip-0A230410:7297:8018 [1] NCCL INFO Channel 01 : 1[200000] -> 0[100000] via P2P/IPC/read
ip-0A230410:7298:8014 [2] NCCL INFO Channel 01 : 2[300000] -> 1[200000] via P2P/IPC/read
ip-0A230410:7302:8017 [6] NCCL INFO Channel 01 : 6[d00000] -> 3[400000] via P2P/IPC/read
ip-0A230410:7303:8011 [0] NCCL INFO Channel 02 : 0[100000] -> 5[c00000] via P2P/IPC/read
ip-0A230410:7297:8018 [1] NCCL INFO Channel 02 : 1[200000] -> 0[100000] via P2P/IPC/read
ip-0A230410:7298:8014 [2] NCCL INFO Channel 02 : 2[300000] -> 1[200000] via P2P/IPC/read
ip-0A230410:7302:8017 [6] NCCL INFO Channel 02 : 6[d00000] -> 3[400000] via P2P/IPC/read
ip-0A230410:7303:8011 [0] NCCL INFO Channel 03 : 0[100000] -> 5[c00000] via P2P/IPC/read
ip-0A230410:7297:8018 [1] NCCL INFO Channel 03 : 1[200000] -> 0[100000] via P2P/IPC/read
ip-0A230410:7298:8014 [2] NCCL INFO Channel 03 : 2[300000] -> 1[200000] via P2P/IPC/read
ip-0A230410:7302:8017 [6] NCCL INFO Channel 03 : 6[d00000] -> 3[400000] via P2P/IPC/read
ip-0A230410:7303:8011 [0] NCCL INFO Channel 04 : 0[100000] -> 5[c00000] via P2P/IPC/read
ip-0A230410:7297:8018 [1] NCCL INFO Channel 04 : 1[200000] -> 0[100000] via P2P/IPC/read
ip-0A230410:7298:8014 [2] NCCL INFO Channel 04 : 2[300000] -> 1[200000] via P2P/IPC/read
ip-0A230410:7302:8017 [6] NCCL INFO Channel 04 : 6[d00000] -> 3[400000] via P2P/IPC/read
ip-0A230410:7303:8011 [0] NCCL INFO Channel 05 : 0[100000] -> 5[c00000] via P2P/IPC/read
ip-0A230410:7297:8018 [1] NCCL INFO Channel 05 : 1[200000] -> 0[100000] via P2P/IPC/read
ip-0A230410:7298:8014 [2] NCCL INFO Channel 05 : 2[300000] -> 1[200000] via P2P/IPC/read
ip-0A230410:7302:8017 [6] NCCL INFO Channel 05 : 6[d00000] -> 3[400000] via P2P/IPC/read
ip-0A230410:7303:8011 [0] NCCL INFO Channel 06 : 0[100000] -> 5[c00000] via P2P/IPC/read
ip-0A230410:7297:8018 [1] NCCL INFO Channel 06 : 1[200000] -> 0[100000] via P2P/IPC/read
ip-0A230410:7298:8014 [2] NCCL INFO Channel 06 : 2[300000] -> 1[200000] via P2P/IPC/read
ip-0A230410:7302:8017 [6] NCCL INFO Channel 06 : 6[d00000] -> 3[400000] via P2P/IPC/read
ip-0A230410:7303:8011 [0] NCCL INFO Channel 07 : 0[100000] -> 5[c00000] via P2P/IPC/read
ip-0A230410:7297:8018 [1] NCCL INFO Channel 07 : 1[200000] -> 0[100000] via P2P/IPC/read
ip-0A230410:7298:8014 [2] NCCL INFO Channel 07 : 2[300000] -> 1[200000] via P2P/IPC/read
ip-0A230410:7302:8017 [6] NCCL INFO Channel 07 : 6[d00000] -> 3[400000] via P2P/IPC/read
ip-0A230410:7303:8011 [0] NCCL INFO Channel 08 : 0[100000] -> 5[c00000] via P2P/IPC/read
ip-0A230410:7297:8018 [1] NCCL INFO Channel 08 : 1[200000] -> 0[100000] via P2P/IPC/read
ip-0A230410:7298:8014 [2] NCCL INFO Channel 08 : 2[300000] -> 1[200000] via P2P/IPC/read
ip-0A230410:7302:8017 [6] NCCL INFO Channel 08 : 6[d00000] -> 3[400000] via P2P/IPC/read
ip-0A230410:7303:8011 [0] NCCL INFO Channel 09 : 0[100000] -> 5[c00000] via P2P/IPC/read
ip-0A230410:7297:8018 [1] NCCL INFO Channel 09 : 1[200000] -> 0[100000] via P2P/IPC/read
ip-0A230410:7298:8014 [2] NCCL INFO Channel 09 : 2[300000] -> 1[200000] via P2P/IPC/read
ip-0A230410:7302:8017 [6] NCCL INFO Channel 09 : 6[d00000] -> 3[400000] via P2P/IPC/read
ip-0A230410:7303:8011 [0] NCCL INFO Channel 10 : 0[100000] -> 5[c00000] via P2P/IPC/read
ip-0A230410:7297:8018 [1] NCCL INFO Channel 10 : 1[200000] -> 0[100000] via P2P/IPC/read
ip-0A230410:7298:8014 [2] NCCL INFO Channel 10 : 2[300000] -> 1[200000] via P2P/IPC/read
ip-0A230410:7302:8017 [6] NCCL INFO Channel 10 : 6[d00000] -> 3[400000] via P2P/IPC/read
ip-0A230410:7303:8011 [0] NCCL INFO Channel 11 : 0[100000] -> 5[c00000] via P2P/IPC/read
ip-0A230410:7297:8018 [1] NCCL INFO Channel 11 : 1[200000] -> 0[100000] via P2P/IPC/read
ip-0A230410:7298:8014 [2] NCCL INFO Channel 11 : 2[300000] -> 1[200000] via P2P/IPC/read
ip-0A230410:7302:8017 [6] NCCL INFO Channel 11 : 6[d00000] -> 3[400000] via P2P/IPC/read
ip-0A230410:7303:8011 [0] NCCL INFO Channel 12 : 0[100000] -> 5[c00000] via P2P/IPC/read
ip-0A230410:7297:8018 [1] NCCL INFO Channel 12 : 1[200000] -> 0[100000] via P2P/IPC/read
ip-0A230410:7298:8014 [2] NCCL INFO Channel 12 : 2[300000] -> 1[200000] via P2P/IPC/read
ip-0A230410:7302:8017 [6] NCCL INFO Channel 12 : 6[d00000] -> 3[400000] via P2P/IPC/read
ip-0A230410:7303:8011 [0] NCCL INFO Channel 13 : 0[100000] -> 5[c00000] via P2P/IPC/read
ip-0A230410:7297:8018 [1] NCCL INFO Channel 13 : 1[200000] -> 0[100000] via P2P/IPC/read
ip-0A230410:7298:8014 [2] NCCL INFO Channel 13 : 2[300000] -> 1[200000] via P2P/IPC/read
ip-0A230410:7302:8017 [6] NCCL INFO Channel 13 : 6[d00000] -> 3[400000] via P2P/IPC/read
