+ echo 'Beginning trial 07 of 12'
Beginning trial 07 of 12
+ echo ':::DLPAL /mnt/resource_nvme/mlcommons/v2.0/sqsh_files/rnntv20.sqsh 316 1 hpc-pg0-4'
:::DLPAL /mnt/resource_nvme/mlcommons/v2.0/sqsh_files/rnntv20.sqsh 316 1 hpc-pg0-4
+ srun --nodes=1 --ntasks=1 --container-name=rnn_speech_recognition python -c ''
+ '[' 1 -eq 1 ']'
+ srun --ntasks=1 bash -c 'echo -n '\''Clearing cache on '\'' && hostname && sync && sudo /sbin/sysctl vm.drop_caches=3'
Clearing cache on ip-0A230410
vm.drop_caches = 3
+ srun --ntasks=1 --container-name=rnn_speech_recognition python -c '
from mlperf import logging
logging.log_event(key=logging.constants.CACHE_CLEAR, value=True)'
:::MLLOG {"namespace": "", "time_ms": 1652753241636, "event_type": "POINT_IN_TIME", "key": "cache_clear", "value": true, "metadata": {"file": "<string>", "lineno": 3}}
+ SEED=19109
+ srun --mpi=none --ntasks=8 --ntasks-per-node=8 --container-name=rnn_speech_recognition --container-mounts=/mnt/resource_nvme/mlcommons/v2.0/bm_data/rnnt_data/datasets:/datasets/,/mnt/resource_nvme/mlcommons/logs/rnnt/1N-m16.224445:/results,/mnt/resource_nvme/mlcommons/v2.0/bm_data/rnnt_data/tokenized:/metadata,/mnt/resource_nvme/mlcommons/v2.0/bm_data/rnnt_data/datasets/sentencepieces:/sentencepieces,/shared/data/mlcommons/training_results_v2.0/Azure-submission/benchmarks/rnnt/implementations/pytorch/bind.sh:/bm_utils/bind.sh,/shared/data/mlcommons/training_results_v2.0/Azure-submission/benchmarks/rnnt/implementations/pytorch/azure.sh:/bm_utils/azure.sh,/shared/data/mlcommons/training_results_v2.0/Azure-submission/benchmarks/rnnt/implementations/pytorch/run_and_time.sh:/bm_utils/run_and_time.sh,/opt/microsoft:/opt/microsoft /bm_utils/run_and_time.sh
STARTING TIMING RUN AT 2022-05-17 02:07:22 AM
running benchmark
STARTING TIMING RUN AT 2022-05-17 02:07:22 AM
running benchmark
STARTING TIMING RUN AT 2022-05-17 02:07:22 AM
running benchmark
STARTING TIMING RUN AT 2022-05-17 02:07:22 AM
running benchmark
STARTING TIMING RUN AT 2022-05-17 02:07:22 AM
running benchmark
STARTING TIMING RUN AT 2022-05-17 02:07:22 AM
running benchmark
STARTING TIMING RUN AT 2022-05-17 02:07:22 AM
running benchmark
/bm_utils/bind.sh --cpu=/bm_utils/azure.sh --mem=/bm_utils/azure.sh --cluster=azure -- python -u
/bm_utils/bind.sh --cpu=/bm_utils/azure.sh --mem=/bm_utils/azure.sh --cluster=azure -- python -u
/bm_utils/bind.sh --cpu=/bm_utils/azure.sh --mem=/bm_utils/azure.sh --cluster=azure -- python -u
/bm_utils/bind.sh --cpu=/bm_utils/azure.sh --mem=/bm_utils/azure.sh --cluster=azure -- python -u
/bm_utils/bind.sh --cpu=/bm_utils/azure.sh --mem=/bm_utils/azure.sh --cluster=azure -- python -u
/bm_utils/bind.sh --cpu=/bm_utils/azure.sh --mem=/bm_utils/azure.sh --cluster=azure -- python -u
/bm_utils/bind.sh --cpu=/bm_utils/azure.sh --mem=/bm_utils/azure.sh --cluster=azure -- python -u
STARTING TIMING RUN AT 2022-05-17 02:07:22 AM
running benchmark
/bm_utils/bind.sh --cpu=/bm_utils/azure.sh --mem=/bm_utils/azure.sh --cluster=azure -- python -u
+ /bm_utils/bind.sh --cpu=/bm_utils/azure.sh --mem=/bm_utils/azure.sh --cluster=azure -- python -u train.py --batch_size=192 --beta1=0.9 --beta2=0.999 --max_duration=16.7 --val_batch_size=338 --target=0.058 --lr=0.0072 --min_lr=1e-5 --lr_exp_gamma=0.92 --epochs=80 --warmup_epochs=5 --hold_epochs=26 --epochs_this_job=0 --ema=0.995 --output_dir /results --model_config=configs/baseline_v3-1023sp.yaml --seed 19109 --dataset_dir=/datasets/LibriSpeech --cudnn_benchmark --dali_device gpu --weight_decay=1e-3 --log_frequency=1000 --val_frequency=1 --grad_accumulation_steps=1 --prediction_frequency=1000000 --weights_init_scale=0.5 --val_manifests=/metadata/librispeech-dev-clean-wav-tokenized.pkl --train_manifests /metadata/librispeech-train-clean-100-wav-tokenized.pkl /metadata/librispeech-train-clean-360-wav-tokenized.pkl /metadata/librispeech-train-other-500-wav-tokenized.pkl --num_buckets=1 --max_symbol_per_sample=300 --apex_transducer_loss=fp16 --fuse_relu_dropout --multi_tensor_ema --batch_eval_mode cg_unroll_pipeline --dist_lamb --apex_transducer_joint=pack_w_relu_dropout --fc_impl=apex_fused_dense --buffer_pre_alloc --ema_update_type=fp16 --amp_level 2 --data_cpu_threads 16 --min_seq_split_len 20 --vectorized_sa --multilayer_lstm --enable_prefetch --tokenized_transcript --vectorized_sampler --dist_sampler --pre_sort_for_seq_split --dwu_overlap_reduction
num_gpus=8 num_sockets = 2 num_nodes=4 cores_per_socket=48
num_gpus=8 num_sockets = 2 num_nodes=4 cores_per_socket=48
num_gpus=8 num_sockets = 2 num_nodes=4 cores_per_socket=48
num_gpus=8 num_sockets = 2 num_nodes=4 cores_per_socket=48
num_gpus=8 num_sockets = 2 num_nodes=4 cores_per_socket=48
num_gpus=8 num_sockets = 2 num_nodes=4 cores_per_socket=48
num_gpus=8 num_sockets = 2 num_nodes=4 cores_per_socket=48
num_gpus=8 num_sockets = 2 num_nodes=4 cores_per_socket=48
[W init.cpp:651] Warning: Use _jit_set_fusion_strategy, bailout depth is deprecated. Setting to (STATIC, 20) (function operator())
[W init.cpp:651] Warning: Use _jit_set_fusion_strategy, bailout depth is deprecated. Setting to (STATIC, 20) (function operator())
:::MLLOG {"namespace": "", "time_ms": 1652753247068, "event_type": "INTERVAL_START", "key": "init_start", "value": null, "metadata": {"file": "train.py", "lineno": 366}}
[W init.cpp:651] Warning: Use _jit_set_fusion_strategy, bailout depth is deprecated. Setting to (STATIC, 20) (function operator())
[W init.cpp:651] Warning: Use _jit_set_fusion_strategy, bailout depth is deprecated. Setting to (STATIC, 20) (function operator())
[W init.cpp:651] Warning: Use _jit_set_fusion_strategy, bailout depth is deprecated. Setting to (STATIC, 20) (function operator())
[W init.cpp:651] Warning: Use _jit_set_fusion_strategy, bailout depth is deprecated. Setting to (STATIC, 20) (function operator())
[W init.cpp:651] Warning: Use _jit_set_fusion_strategy, bailout depth is deprecated. Setting to (STATIC, 20) (function operator())
[W init.cpp:651] Warning: Use _jit_set_fusion_strategy, bailout depth is deprecated. Setting to (STATIC, 20) (function operator())
:::MLLOG {"namespace": "", "time_ms": 1652753247143, "event_type": "INTERVAL_START", "key": "init_start", "value": null, "metadata": {"file": "train.py", "lineno": 366}}
:::MLLOG {"namespace": "", "time_ms": 1652753247152, "event_type": "INTERVAL_START", "key": "init_start", "value": null, "metadata": {"file": "train.py", "lineno": 366}}
:::MLLOG {"namespace": "", "time_ms": 1652753247172, "event_type": "INTERVAL_START", "key": "init_start", "value": null, "metadata": {"file": "train.py", "lineno": 366}}
:::MLLOG {"namespace": "", "time_ms": 1652753247181, "event_type": "INTERVAL_START", "key": "init_start", "value": null, "metadata": {"file": "train.py", "lineno": 366}}
:::MLLOG {"namespace": "", "time_ms": 1652753247189, "event_type": "INTERVAL_START", "key": "init_start", "value": null, "metadata": {"file": "train.py", "lineno": 366}}
:::MLLOG {"namespace": "", "time_ms": 1652753247195, "event_type": "INTERVAL_START", "key": "init_start", "value": null, "metadata": {"file": "train.py", "lineno": 366}}
:::MLLOG {"namespace": "", "time_ms": 1652753247199, "event_type": "INTERVAL_START", "key": "init_start", "value": null, "metadata": {"file": "train.py", "lineno": 366}}
Distributed training with 8 GPUs

:::MLLOG {"namespace": "", "time_ms": 1652753247303, "event_type": "POINT_IN_TIME", "key": "seed", "value": 19109, "metadata": {"file": "train.py", "lineno": 384}}
DLL 2022-05-17 02:07:27.307879 - PARAMETER | epochs :  80
DLL 2022-05-17 02:07:27.308055 - PARAMETER | warmup_epochs :  5
DLL 2022-05-17 02:07:27.308093 - PARAMETER | hold_epochs :  26
DLL 2022-05-17 02:07:27.308117 - PARAMETER | epochs_this_job :  0
DLL 2022-05-17 02:07:27.308136 - PARAMETER | cudnn_benchmark :  True
DLL 2022-05-17 02:07:27.308161 - PARAMETER | amp_level :  2
DLL 2022-05-17 02:07:27.308183 - PARAMETER | seed :  19109
DLL 2022-05-17 02:07:27.308206 - PARAMETER | local_rank :  0
DLL 2022-05-17 02:07:27.308224 - PARAMETER | target :  0.058
DLL 2022-05-17 02:07:27.308244 - PARAMETER | apex_transducer_loss :  fp16
DLL 2022-05-17 02:07:27.308262 - PARAMETER | fuse_relu_dropout :  True
DLL 2022-05-17 02:07:27.308281 - PARAMETER | weights_init_scale :  0.5
DLL 2022-05-17 02:07:27.308305 - PARAMETER | hidden_hidden_bias_scale : 
DLL 2022-05-17 02:07:27.308324 - PARAMETER | batch_eval_mode :  cg_unroll_pipeline
DLL 2022-05-17 02:07:27.308347 - PARAMETER | cg_unroll_factor :  4
DLL 2022-05-17 02:07:27.308365 - PARAMETER | apex_transducer_joint :  pack_w_relu_dropout
DLL 2022-05-17 02:07:27.308387 - PARAMETER | buffer_pre_alloc :  True
DLL 2022-05-17 02:07:27.308405 - PARAMETER | multilayer_lstm :  True
DLL 2022-05-17 02:07:27.308427 - PARAMETER | batch_split_factor :  1
DLL 2022-05-17 02:07:27.308446 - PARAMETER | fc_impl :  apex_fused_dense
DLL 2022-05-17 02:07:27.308468 - PARAMETER | num_cg :  0
DLL 2022-05-17 02:07:27.308487 - PARAMETER | min_seq_split_len :  20
DLL 2022-05-17 02:07:27.308512 - PARAMETER | pre_sort_for_seq_split :  True
DLL 2022-05-17 02:07:27.308530 - PARAMETER | batch_size :  192
DLL 2022-05-17 02:07:27.308553 - PARAMETER | val_batch_size :  338
DLL 2022-05-17 02:07:27.308571 - PARAMETER | lr :  0.0072
DLL 2022-05-17 02:07:27.308593 - PARAMETER | min_lr :  1e-05
DLL 2022-05-17 02:07:27.308646 - PARAMETER | lr_exp_gamma :  0.92
DLL 2022-05-17 02:07:27.308668 - PARAMETER | weight_decay :  0.001
DLL 2022-05-17 02:07:27.308687 - PARAMETER | grad_accumulation_steps :  1
DLL 2022-05-17 02:07:27.308709 - PARAMETER | clip_norm :  1
DLL 2022-05-17 02:07:27.308728 - PARAMETER | beta1 :  0.9
DLL 2022-05-17 02:07:27.308750 - PARAMETER | beta2 :  0.999
DLL 2022-05-17 02:07:27.308769 - PARAMETER | ema :  0.995
DLL 2022-05-17 02:07:27.308791 - PARAMETER | multi_tensor_ema :  True
DLL 2022-05-17 02:07:27.308809 - PARAMETER | dist_lamb :  True
DLL 2022-05-17 02:07:27.308831 - PARAMETER | ema_update_type :  fp16
DLL 2022-05-17 02:07:27.308849 - PARAMETER | dwu_group_size :  8
DLL 2022-05-17 02:07:27.308871 - PARAMETER | dwu_overlap_reduction :  True
DLL 2022-05-17 02:07:27.308889 - PARAMETER | dali_device :  gpu
DLL 2022-05-17 02:07:27.308908 - PARAMETER | resume :  False
DLL 2022-05-17 02:07:27.308928 - PARAMETER | ckpt : 
DLL 2022-05-17 02:07:27.308946 - PARAMETER | save_at_the_end :  False
DLL 2022-05-17 02:07:27.308963 - PARAMETER | save_frequency : 
DLL 2022-05-17 02:07:27.308981 - PARAMETER | keep_milestones :  []
DLL 2022-05-17 02:07:27.309000 - PARAMETER | save_best_from :  200
DLL 2022-05-17 02:07:27.309022 - PARAMETER | val_frequency :  1
DLL 2022-05-17 02:07:27.309041 - PARAMETER | log_frequency :  1000
DLL 2022-05-17 02:07:27.309062 - PARAMETER | prediction_frequency :  1000000
DLL 2022-05-17 02:07:27.309080 - PARAMETER | model_config :  configs/baseline_v3-1023sp.yaml
DLL 2022-05-17 02:07:27.309098 - PARAMETER | num_buckets :  1
DLL 2022-05-17 02:07:27.309115 - PARAMETER | vectorized_sampler :  True
DLL 2022-05-17 02:07:27.309137 - PARAMETER | dist_sampler :  True
DLL 2022-05-17 02:07:27.309155 - PARAMETER | train_manifests :  ['/metadata/librispeech-train-clean-100-wav-tokenized.pkl', '/metadata/librispeech-train-clean-360-wav-tokenized.pkl', '/metadata/librispeech-train-other-500-wav-tokenized.pkl']
DLL 2022-05-17 02:07:27.309180 - PARAMETER | val_manifests :  ['/metadata/librispeech-dev-clean-wav-tokenized.pkl']
DLL 2022-05-17 02:07:27.309205 - PARAMETER | max_duration :  16.7
DLL 2022-05-17 02:07:27.309224 - PARAMETER | max_txt_len :  125
DLL 2022-05-17 02:07:27.309246 - PARAMETER | max_eval_sample_duration :  32.7
DLL 2022-05-17 02:07:27.309266 - PARAMETER | dataset_dir :  /datasets/LibriSpeech
DLL 2022-05-17 02:07:27.309291 - PARAMETER | output_dir :  /results
DLL 2022-05-17 02:07:27.309309 - PARAMETER | log_file : 
DLL 2022-05-17 02:07:27.309327 - PARAMETER | max_symbol_per_sample :  300
DLL 2022-05-17 02:07:27.309345 - PARAMETER | data_cpu_threads :  16
DLL 2022-05-17 02:07:27.309366 - PARAMETER | synthetic_audio_seq_len : 
DLL 2022-05-17 02:07:27.309384 - PARAMETER | synthetic_text_seq_len : 
DLL 2022-05-17 02:07:27.309414 - PARAMETER | enable_seq_len_stats :  False
DLL 2022-05-17 02:07:27.309437 - PARAMETER | vectorized_sa :  True
DLL 2022-05-17 02:07:27.309458 - PARAMETER | in_mem_file_list :  False
DLL 2022-05-17 02:07:27.309476 - PARAMETER | enable_prefetch :  True
DLL 2022-05-17 02:07:27.309494 - PARAMETER | tokenized_transcript :  True
DLL 2022-05-17 02:07:27.309513 - PARAMETER | dali_dont_use_mmap :  False
:::MLLOG {"namespace": "", "time_ms": 1652753247333, "event_type": "POINT_IN_TIME", "key": "gradient_accumulation_steps", "value": 1, "metadata": {"file": "train.py", "lineno": 401}}
:::MLLOG {"namespace": "", "time_ms": 1652753247333, "event_type": "POINT_IN_TIME", "key": "submission_benchmark", "value": "rnnt", "metadata": {"file": "train.py", "lineno": 408}}
:::MLLOG {"namespace": "", "time_ms": 1652753247333, "event_type": "POINT_IN_TIME", "key": "submission_org", "value": "NVIDIA", "metadata": {"file": "train.py", "lineno": 409}}
:::MLLOG {"namespace": "", "time_ms": 1652753247333, "event_type": "POINT_IN_TIME", "key": "submission_division", "value": "closed", "metadata": {"file": "train.py", "lineno": 410}}
:::MLLOG {"namespace": "", "time_ms": 1652753247333, "event_type": "POINT_IN_TIME", "key": "submission_status", "value": "onprem", "metadata": {"file": "train.py", "lineno": 411}}
:::MLLOG {"namespace": "", "time_ms": 1652753247333, "event_type": "POINT_IN_TIME", "key": "submission_platform", "value": "1xSUBMISSION_PLATFORM_PLACEHOLDER", "metadata": {"file": "train.py", "lineno": 412}}
:::MLLOG {"namespace": "", "time_ms": 1652753247335, "event_type": "POINT_IN_TIME", "key": "model_weights_initialization_scale", "value": 0.5, "metadata": {"file": "train.py", "lineno": 419}}
:::MLLOG {"namespace": "", "time_ms": 1652753247431, "event_type": "POINT_IN_TIME", "key": "weights_initialization", "value": null, "metadata": {"file": "/workspace/rnnt/common/rnn.py", "lineno": 84, "tensor": "pre_rnn"}}
:::MLLOG {"namespace": "", "time_ms": 1652753247708, "event_type": "POINT_IN_TIME", "key": "weights_initialization", "value": null, "metadata": {"file": "/workspace/rnnt/common/rnn.py", "lineno": 84, "tensor": "post_rnn"}}
:::MLLOG {"namespace": "", "time_ms": 1652753247712, "event_type": "POINT_IN_TIME", "key": "weights_initialization", "value": null, "metadata": {"file": "/workspace/rnnt/rnnt/model.py", "lineno": 204, "tensor": "pred_embed"}}
:::MLLOG {"namespace": "", "time_ms": 1652753247764, "event_type": "POINT_IN_TIME", "key": "weights_initialization", "value": null, "metadata": {"file": "/workspace/rnnt/common/rnn.py", "lineno": 84, "tensor": "dec_rnn"}}
:::MLLOG {"namespace": "", "time_ms": 1652753247766, "event_type": "POINT_IN_TIME", "key": "weights_initialization", "value": null, "metadata": {"file": "/workspace/rnnt/rnnt/model.py", "lineno": 224, "tensor": "joint_pred"}}
:::MLLOG {"namespace": "", "time_ms": 1652753247769, "event_type": "POINT_IN_TIME", "key": "weights_initialization", "value": null, "metadata": {"file": "/workspace/rnnt/rnnt/model.py", "lineno": 229, "tensor": "joint_enc"}}
:::MLLOG {"namespace": "", "time_ms": 1652753247782, "event_type": "POINT_IN_TIME", "key": "weights_initialization", "value": null, "metadata": {"file": "/workspace/rnnt/rnnt/model.py", "lineno": 253, "tensor": "joint_net"}}
:::MLLOG {"namespace": "", "time_ms": 1652753250169, "event_type": "POINT_IN_TIME", "key": "eval_max_prediction_symbols", "value": 300, "metadata": {"file": "train.py", "lineno": 444}}
Model size: 49.1M params

:::MLLOG {"namespace": "", "time_ms": 1652753250183, "event_type": "POINT_IN_TIME", "key": "model_eval_ema_factor", "value": 0.995, "metadata": {"file": "train.py", "lineno": 458}}
ip-0A230410:18071:18071 [0] NCCL INFO Bootstrap : Using eth0:10.35.4.16<0>
ip-0A230410:18071:18071 [0] NCCL INFO NET/Plugin: Failed to find ncclNetPlugin_v5 symbol.
ip-0A230410:18071:18071 [0] NCCL INFO NET/Plugin: Failed to find ncclCollNetPlugin_v5 symbol.
ip-0A230410:18071:18071 [0] NCCL INFO Plugin Path : /opt/hpcx/nccl_rdma_sharp_plugin/lib/libnccl-net.so
ip-0A230410:18071:18071 [0] NCCL INFO P2P plugin IBext
ip-0A230410:18071:18071 [0] NCCL INFO NCCL_IB_PCI_RELAXED_ORDERING set by environment to 1.
ip-0A230410:18071:18071 [0] NCCL INFO NET/IB : Using [0]mlx5_ib0:1/IB/SHARP [1]mlx5_ib1:1/IB/SHARP [2]mlx5_ib2:1/IB/SHARP [3]mlx5_ib3:1/IB/SHARP [4]mlx5_ib4:1/IB/SHARP [5]mlx5_ib5:1/IB/SHARP [6]mlx5_ib6:1/IB/SHARP [7]mlx5_ib7:1/IB/SHARP ; OOB eth0:10.35.4.16<0>
ip-0A230410:18071:18071 [0] NCCL INFO Using network IBext
NCCL version 2.12.10+cuda11.6
ip-0A230410:18076:18076 [1] NCCL INFO Bootstrap : Using eth0:10.35.4.16<0>
ip-0A230410:18070:18070 [3] NCCL INFO Bootstrap : Using eth0:10.35.4.16<0>
ip-0A230410:18074:18074 [2] NCCL INFO Bootstrap : Using eth0:10.35.4.16<0>
ip-0A230410:18073:18073 [5] NCCL INFO Bootstrap : Using eth0:10.35.4.16<0>
ip-0A230410:18075:18075 [4] NCCL INFO Bootstrap : Using eth0:10.35.4.16<0>
ip-0A230410:18077:18077 [6] NCCL INFO Bootstrap : Using eth0:10.35.4.16<0>
ip-0A230410:18072:18072 [7] NCCL INFO Bootstrap : Using eth0:10.35.4.16<0>
ip-0A230410:18076:18076 [1] NCCL INFO NET/Plugin: Failed to find ncclNetPlugin_v5 symbol.
ip-0A230410:18076:18076 [1] NCCL INFO NET/Plugin: Failed to find ncclCollNetPlugin_v5 symbol.
ip-0A230410:18076:18076 [1] NCCL INFO Plugin Path : /opt/hpcx/nccl_rdma_sharp_plugin/lib/libnccl-net.so
ip-0A230410:18076:18076 [1] NCCL INFO P2P plugin IBext
ip-0A230410:18076:18076 [1] NCCL INFO NCCL_IB_PCI_RELAXED_ORDERING set by environment to 1.
ip-0A230410:18074:18074 [2] NCCL INFO NET/Plugin: Failed to find ncclNetPlugin_v5 symbol.
ip-0A230410:18074:18074 [2] NCCL INFO NET/Plugin: Failed to find ncclCollNetPlugin_v5 symbol.
ip-0A230410:18070:18070 [3] NCCL INFO NET/Plugin: Failed to find ncclNetPlugin_v5 symbol.
ip-0A230410:18070:18070 [3] NCCL INFO NET/Plugin: Failed to find ncclCollNetPlugin_v5 symbol.
ip-0A230410:18074:18074 [2] NCCL INFO Plugin Path : /opt/hpcx/nccl_rdma_sharp_plugin/lib/libnccl-net.so
ip-0A230410:18074:18074 [2] NCCL INFO P2P plugin IBext
ip-0A230410:18074:18074 [2] NCCL INFO NCCL_IB_PCI_RELAXED_ORDERING set by environment to 1.
ip-0A230410:18070:18070 [3] NCCL INFO Plugin Path : /opt/hpcx/nccl_rdma_sharp_plugin/lib/libnccl-net.so
ip-0A230410:18070:18070 [3] NCCL INFO P2P plugin IBext
ip-0A230410:18070:18070 [3] NCCL INFO NCCL_IB_PCI_RELAXED_ORDERING set by environment to 1.
ip-0A230410:18073:18073 [5] NCCL INFO NET/Plugin: Failed to find ncclNetPlugin_v5 symbol.
ip-0A230410:18073:18073 [5] NCCL INFO NET/Plugin: Failed to find ncclCollNetPlugin_v5 symbol.
ip-0A230410:18073:18073 [5] NCCL INFO Plugin Path : /opt/hpcx/nccl_rdma_sharp_plugin/lib/libnccl-net.so
ip-0A230410:18073:18073 [5] NCCL INFO P2P plugin IBext
ip-0A230410:18073:18073 [5] NCCL INFO NCCL_IB_PCI_RELAXED_ORDERING set by environment to 1.
ip-0A230410:18075:18075 [4] NCCL INFO NET/Plugin: Failed to find ncclNetPlugin_v5 symbol.
ip-0A230410:18075:18075 [4] NCCL INFO NET/Plugin: Failed to find ncclCollNetPlugin_v5 symbol.
ip-0A230410:18075:18075 [4] NCCL INFO Plugin Path : /opt/hpcx/nccl_rdma_sharp_plugin/lib/libnccl-net.so
ip-0A230410:18075:18075 [4] NCCL INFO P2P plugin IBext
ip-0A230410:18075:18075 [4] NCCL INFO NCCL_IB_PCI_RELAXED_ORDERING set by environment to 1.
ip-0A230410:18077:18077 [6] NCCL INFO NET/Plugin: Failed to find ncclNetPlugin_v5 symbol.
ip-0A230410:18077:18077 [6] NCCL INFO NET/Plugin: Failed to find ncclCollNetPlugin_v5 symbol.
ip-0A230410:18072:18072 [7] NCCL INFO NET/Plugin: Failed to find ncclNetPlugin_v5 symbol.
ip-0A230410:18072:18072 [7] NCCL INFO NET/Plugin: Failed to find ncclCollNetPlugin_v5 symbol.
ip-0A230410:18077:18077 [6] NCCL INFO Plugin Path : /opt/hpcx/nccl_rdma_sharp_plugin/lib/libnccl-net.so
ip-0A230410:18077:18077 [6] NCCL INFO P2P plugin IBext
ip-0A230410:18077:18077 [6] NCCL INFO NCCL_IB_PCI_RELAXED_ORDERING set by environment to 1.
ip-0A230410:18072:18072 [7] NCCL INFO Plugin Path : /opt/hpcx/nccl_rdma_sharp_plugin/lib/libnccl-net.so
ip-0A230410:18072:18072 [7] NCCL INFO P2P plugin IBext
ip-0A230410:18072:18072 [7] NCCL INFO NCCL_IB_PCI_RELAXED_ORDERING set by environment to 1.
ip-0A230410:18074:18074 [2] NCCL INFO NET/IB : Using [0]mlx5_ib0:1/IB/SHARP [1]mlx5_ib1:1/IB/SHARP [2]mlx5_ib2:1/IB/SHARP [3]mlx5_ib3:1/IB/SHARP [4]mlx5_ib4:1/IB/SHARP [5]mlx5_ib5:1/IB/SHARP [6]mlx5_ib6:1/IB/SHARP [7]mlx5_ib7:1/IB/SHARP ; OOB eth0:10.35.4.16<0>
ip-0A230410:18074:18074 [2] NCCL INFO Using network IBext
ip-0A230410:18076:18076 [1] NCCL INFO NET/IB : Using [0]mlx5_ib0:1/IB/SHARP [1]mlx5_ib1:1/IB/SHARP [2]mlx5_ib2:1/IB/SHARP [3]mlx5_ib3:1/IB/SHARP [4]mlx5_ib4:1/IB/SHARP [5]mlx5_ib5:1/IB/SHARP [6]mlx5_ib6:1/IB/SHARP [7]mlx5_ib7:1/IB/SHARP ; OOB eth0:10.35.4.16<0>
ip-0A230410:18070:18070 [3] NCCL INFO NET/IB : Using [0]mlx5_ib0:1/IB/SHARP [1]mlx5_ib1:1/IB/SHARP [2]mlx5_ib2:1/IB/SHARP [3]mlx5_ib3:1/IB/SHARP [4]mlx5_ib4:1/IB/SHARP [5]mlx5_ib5:1/IB/SHARP [6]mlx5_ib6:1/IB/SHARP [7]mlx5_ib7:1/IB/SHARP ; OOB eth0:10.35.4.16<0>
ip-0A230410:18070:18070 [3] NCCL INFO Using network IBext
ip-0A230410:18076:18076 [1] NCCL INFO Using network IBext
ip-0A230410:18073:18073 [5] NCCL INFO NET/IB : Using [0]mlx5_ib0:1/IB/SHARP [1]mlx5_ib1:1/IB/SHARP [2]mlx5_ib2:1/IB/SHARP [3]mlx5_ib3:1/IB/SHARP [4]mlx5_ib4:1/IB/SHARP [5]mlx5_ib5:1/IB/SHARP [6]mlx5_ib6:1/IB/SHARP [7]mlx5_ib7:1/IB/SHARP ; OOB eth0:10.35.4.16<0>
ip-0A230410:18073:18073 [5] NCCL INFO Using network IBext
ip-0A230410:18075:18075 [4] NCCL INFO NET/IB : Using [0]mlx5_ib0:1/IB/SHARP [1]mlx5_ib1:1/IB/SHARP [2]mlx5_ib2:1/IB/SHARP [3]mlx5_ib3:1/IB/SHARP [4]mlx5_ib4:1/IB/SHARP [5]mlx5_ib5:1/IB/SHARP [6]mlx5_ib6:1/IB/SHARP [7]mlx5_ib7:1/IB/SHARP ; OOB eth0:10.35.4.16<0>
ip-0A230410:18075:18075 [4] NCCL INFO Using network IBext
ip-0A230410:18077:18077 [6] NCCL INFO NET/IB : Using [0]mlx5_ib0:1/IB/SHARP [1]mlx5_ib1:1/IB/SHARP [2]mlx5_ib2:1/IB/SHARP [3]mlx5_ib3:1/IB/SHARP [4]mlx5_ib4:1/IB/SHARP [5]mlx5_ib5:1/IB/SHARP [6]mlx5_ib6:1/IB/SHARP [7]mlx5_ib7:1/IB/SHARP ; OOB eth0:10.35.4.16<0>
ip-0A230410:18077:18077 [6] NCCL INFO Using network IBext
ip-0A230410:18072:18072 [7] NCCL INFO NET/IB : Using [0]mlx5_ib0:1/IB/SHARP [1]mlx5_ib1:1/IB/SHARP [2]mlx5_ib2:1/IB/SHARP [3]mlx5_ib3:1/IB/SHARP [4]mlx5_ib4:1/IB/SHARP [5]mlx5_ib5:1/IB/SHARP [6]mlx5_ib6:1/IB/SHARP [7]mlx5_ib7:1/IB/SHARP ; OOB eth0:10.35.4.16<0>
ip-0A230410:18072:18072 [7] NCCL INFO Using network IBext
ip-0A230410:18071:18686 [0] NCCL INFO PXN Disabled as plugin is v4
ip-0A230410:18071:18686 [0] NCCL INFO Setting affinity for GPU 0 to ff000000
ip-0A230410:18074:18742 [2] NCCL INFO PXN Disabled as plugin is v4
ip-0A230410:18070:18745 [3] NCCL INFO PXN Disabled as plugin is v4
ip-0A230410:18074:18742 [2] NCCL INFO Setting affinity for GPU 2 to ffffff
ip-0A230410:18070:18745 [3] NCCL INFO Setting affinity for GPU 3 to ffffff
ip-0A230410:18077:18756 [6] NCCL INFO PXN Disabled as plugin is v4
ip-0A230410:18077:18756 [6] NCCL INFO Setting affinity for GPU 6 to ff,ffff0000,00000000
ip-0A230410:18076:18746 [1] NCCL INFO PXN Disabled as plugin is v4
ip-0A230410:18076:18746 [1] NCCL INFO Setting affinity for GPU 1 to ff000000
ip-0A230410:18075:18753 [4] NCCL INFO PXN Disabled as plugin is v4
ip-0A230410:18072:18757 [7] NCCL INFO PXN Disabled as plugin is v4
ip-0A230410:18072:18757 [7] NCCL INFO Setting affinity for GPU 7 to ff,ffff0000,00000000
ip-0A230410:18073:18751 [5] NCCL INFO PXN Disabled as plugin is v4
ip-0A230410:18071:18686 [0] NCCL INFO NCCL_COLLNET_ENABLE set by environment to 1.
ip-0A230410:18074:18742 [2] NCCL INFO NCCL_COLLNET_ENABLE set by environment to 1.
ip-0A230410:18070:18745 [3] NCCL INFO NCCL_COLLNET_ENABLE set by environment to 1.
ip-0A230410:18077:18756 [6] NCCL INFO NCCL_COLLNET_ENABLE set by environment to 1.
ip-0A230410:18076:18746 [1] NCCL INFO NCCL_COLLNET_ENABLE set by environment to 1.
ip-0A230410:18075:18753 [4] NCCL INFO NCCL_COLLNET_ENABLE set by environment to 1.
ip-0A230410:18072:18757 [7] NCCL INFO NCCL_COLLNET_ENABLE set by environment to 1.
ip-0A230410:18073:18751 [5] NCCL INFO NCCL_COLLNET_ENABLE set by environment to 1.
ip-0A230410:18073:18751 [5] NCCL INFO Communicator has 1 nodes which is less than CollNet node threshold 2, disabling CollNet
ip-0A230410:18077:18756 [6] NCCL INFO Communicator has 1 nodes which is less than CollNet node threshold 2, disabling CollNet
ip-0A230410:18071:18686 [0] NCCL INFO Communicator has 1 nodes which is less than CollNet node threshold 2, disabling CollNet
ip-0A230410:18076:18746 [1] NCCL INFO Communicator has 1 nodes which is less than CollNet node threshold 2, disabling CollNet
ip-0A230410:18074:18742 [2] NCCL INFO Communicator has 1 nodes which is less than CollNet node threshold 2, disabling CollNet
ip-0A230410:18070:18745 [3] NCCL INFO Communicator has 1 nodes which is less than CollNet node threshold 2, disabling CollNet
ip-0A230410:18072:18757 [7] NCCL INFO Communicator has 1 nodes which is less than CollNet node threshold 2, disabling CollNet
ip-0A230410:18071:18686 [0] NCCL INFO Channel 00/24 :    0   1   2   3   6   7   4   5
ip-0A230410:18071:18686 [0] NCCL INFO Channel 01/24 :    0   1   2   3   6   7   4   5
ip-0A230410:18071:18686 [0] NCCL INFO Channel 02/24 :    0   1   2   3   6   7   4   5
ip-0A230410:18071:18686 [0] NCCL INFO Channel 03/24 :    0   1   2   3   6   7   4   5
ip-0A230410:18071:18686 [0] NCCL INFO Channel 04/24 :    0   1   2   3   6   7   4   5
ip-0A230410:18071:18686 [0] NCCL INFO Channel 05/24 :    0   1   2   3   6   7   4   5
ip-0A230410:18071:18686 [0] NCCL INFO Channel 06/24 :    0   1   2   3   6   7   4   5
ip-0A230410:18071:18686 [0] NCCL INFO Channel 07/24 :    0   1   2   3   6   7   4   5
ip-0A230410:18076:18746 [1] NCCL INFO Trees [0] 2/-1/-1->1->0 [1] 2/-1/-1->1->0 [2] 2/-1/-1->1->0 [3] 2/-1/-1->1->0 [4] 2/-1/-1->1->0 [5] 2/-1/-1->1->0 [6] 2/-1/-1->1->0 [7] 2/-1/-1->1->0 [8] 2/-1/-1->1->0 [9] 2/-1/-1->1->0 [10] 2/-1/-1->1->0 [11] 2/-1/-1->1->0 [12] 2/-1/-1->1->0 [13] 2/-1/-1->1->0 [14] 2/-1/-1->1->0 [15] 2/-1/-1->1->0 [16] 2/-1/-1->1->0 [17] 2/-1/-1->1->0 [18] 2/-1/-1->1->0 [19] 2/-1/-1->1->0 [20] 2/-1/-1->1->0 [21] 2/-1/-1->1->0 [22] 2/-1/-1->1->0 [23] 2/-1/-1->1->0
ip-0A230410:18074:18742 [2] NCCL INFO Trees [0] 3/-1/-1->2->1 [1] 3/-1/-1->2->1 [2] 3/-1/-1->2->1 [3] 3/-1/-1->2->1 [4] 3/-1/-1->2->1 [5] 3/-1/-1->2->1 [6] 3/-1/-1->2->1 [7] 3/-1/-1->2->1 [8] 3/-1/-1->2->1 [9] 3/-1/-1->2->1 [10] 3/-1/-1->2->1 [11] 3/-1/-1->2->1 [12] 3/-1/-1->2->1 [13] 3/-1/-1->2->1 [14] 3/-1/-1->2->1 [15] 3/-1/-1->2->1 [16] 3/-1/-1->2->1 [17] 3/-1/-1->2->1 [18] 3/-1/-1->2->1 [19] 3/-1/-1->2->1 [20] 3/-1/-1->2->1 [21] 3/-1/-1->2->1 [22] 3/-1/-1->2->1 [23] 3/-1/-1->2->1
ip-0A230410:18070:18745 [3] NCCL INFO Trees [0] 6/-1/-1->3->2 [1] 6/-1/-1->3->2 [2] 6/-1/-1->3->2 [3] 6/-1/-1->3->2 [4] 6/-1/-1->3->2 [5] 6/-1/-1->3->2 [6] 6/-1/-1->3->2 [7] 6/-1/-1->3->2 [8] 6/-1/-1->3->2 [9] 6/-1/-1->3->2 [10] 6/-1/-1->3->2 [11] 6/-1/-1->3->2 [12] 6/-1/-1->3->2 [13] 6/-1/-1->3->2 [14] 6/-1/-1->3->2 [15] 6/-1/-1->3->2 [16] 6/-1/-1->3->2 [17] 6/-1/-1->3->2 [18] 6/-1/-1->3->2 [19] 6/-1/-1->3->2 [20] 6/-1/-1->3->2 [21] 6/-1/-1->3->2 [22] 6/-1/-1->3->2 [23] 6/-1/-1->3->2
ip-0A230410:18075:18753 [4] NCCL INFO Communicator has 1 nodes which is less than CollNet node threshold 2, disabling CollNet
ip-0A230410:18075:18753 [4] NCCL INFO Trees [0] 5/-1/-1->4->-1 [1] 5/-1/-1->4->-1 [2] 5/-1/-1->4->-1 [3] 5/-1/-1->4->-1 [4] 5/-1/-1->4->-1 [5] 5/-1/-1->4->-1 [6] 5/-1/-1->4->-1 [7] 5/-1/-1->4->-1 [8] 5/-1/-1->4->-1 [9] 5/-1/-1->4->-1 [10] 5/-1/-1->4->-1 [11] 5/-1/-1->4->-1 [12] 5/-1/-1->4->-1 [13] 5/-1/-1->4->-1 [14] 5/-1/-1->4->-1 [15] 5/-1/-1->4->-1 [16] 5/-1/-1->4->-1 [17] 5/-1/-1->4->-1 [18] 5/-1/-1->4->-1 [19] 5/-1/-1->4->-1 [20] 5/-1/-1->4->-1 [21] 5/-1/-1->4->-1 [22] 5/-1/-1->4->-1 [23] 5/-1/-1->4->-1
ip-0A230410:18073:18751 [5] NCCL INFO Trees [0] 0/-1/-1->5->4 [1] 0/-1/-1->5->4 [2] 0/-1/-1->5->4 [3] 0/-1/-1->5->4 [4] 0/-1/-1->5->4 [5] 0/-1/-1->5->4 [6] 0/-1/-1->5->4 [7] 0/-1/-1->5->4 [8] 0/-1/-1->5->4 [9] 0/-1/-1->5->4 [10] 0/-1/-1->5->4 [11] 0/-1/-1->5->4 [12] 0/-1/-1->5->4 [13] 0/-1/-1->5->4 [14] 0/-1/-1->5->4 [15] 0/-1/-1->5->4 [16] 0/-1/-1->5->4 [17] 0/-1/-1->5->4 [18] 0/-1/-1->5->4 [19] 0/-1/-1->5->4 [20] 0/-1/-1->5->4 [21] 0/-1/-1->5->4 [22] 0/-1/-1->5->4 [23] 0/-1/-1->5->4
ip-0A230410:18077:18756 [6] NCCL INFO Trees [0] 7/-1/-1->6->3 [1] 7/-1/-1->6->3 [2] 7/-1/-1->6->3 [3] 7/-1/-1->6->3 [4] 7/-1/-1->6->3 [5] 7/-1/-1->6->3 [6] 7/-1/-1->6->3 [7] 7/-1/-1->6->3 [8] 7/-1/-1->6->3 [9] 7/-1/-1->6->3 [10] 7/-1/-1->6->3 [11] 7/-1/-1->6->3 [12] 7/-1/-1->6->3 [13] 7/-1/-1->6->3 [14] 7/-1/-1->6->3 [15] 7/-1/-1->6->3 [16] 7/-1/-1->6->3 [17] 7/-1/-1->6->3 [18] 7/-1/-1->6->3 [19] 7/-1/-1->6->3 [20] 7/-1/-1->6->3 [21] 7/-1/-1->6->3 [22] 7/-1/-1->6->3 [23] 7/-1/-1->6->3
ip-0A230410:18072:18757 [7] NCCL INFO Trees [0] -1/-1/-1->7->6 [1] -1/-1/-1->7->6 [2] -1/-1/-1->7->6 [3] -1/-1/-1->7->6 [4] -1/-1/-1->7->6 [5] -1/-1/-1->7->6 [6] -1/-1/-1->7->6 [7] -1/-1/-1->7->6 [8] -1/-1/-1->7->6 [9] -1/-1/-1->7->6 [10] -1/-1/-1->7->6 [11] -1/-1/-1->7->6 [12] -1/-1/-1->7->6 [13] -1/-1/-1->7->6 [14] -1/-1/-1->7->6 [15] -1/-1/-1->7->6 [16] -1/-1/-1->7->6 [17] -1/-1/-1->7->6 [18] -1/-1/-1->7->6 [19] -1/-1/-1->7->6 [20] -1/-1/-1->7->6 [21] -1/-1/-1->7->6 [22] -1/-1/-1->7->6 [23] -1/-1/-1->7->6
ip-0A230410:18071:18686 [0] NCCL INFO Channel 08/24 :    0   1   2   3   6   7   4   5
ip-0A230410:18071:18686 [0] NCCL INFO Channel 09/24 :    0   1   2   3   6   7   4   5
ip-0A230410:18071:18686 [0] NCCL INFO Channel 10/24 :    0   1   2   3   6   7   4   5
ip-0A230410:18071:18686 [0] NCCL INFO Channel 11/24 :    0   1   2   3   6   7   4   5
ip-0A230410:18071:18686 [0] NCCL INFO Channel 12/24 :    0   1   2   3   6   7   4   5
ip-0A230410:18071:18686 [0] NCCL INFO Channel 13/24 :    0   1   2   3   6   7   4   5
ip-0A230410:18071:18686 [0] NCCL INFO Channel 14/24 :    0   1   2   3   6   7   4   5
ip-0A230410:18071:18686 [0] NCCL INFO Channel 15/24 :    0   1   2   3   6   7   4   5
ip-0A230410:18071:18686 [0] NCCL INFO Channel 16/24 :    0   1   2   3   6   7   4   5
ip-0A230410:18071:18686 [0] NCCL INFO Channel 17/24 :    0   1   2   3   6   7   4   5
ip-0A230410:18071:18686 [0] NCCL INFO Channel 18/24 :    0   1   2   3   6   7   4   5
ip-0A230410:18071:18686 [0] NCCL INFO Channel 19/24 :    0   1   2   3   6   7   4   5
ip-0A230410:18071:18686 [0] NCCL INFO Channel 20/24 :    0   1   2   3   6   7   4   5
ip-0A230410:18071:18686 [0] NCCL INFO Channel 21/24 :    0   1   2   3   6   7   4   5
ip-0A230410:18071:18686 [0] NCCL INFO Channel 22/24 :    0   1   2   3   6   7   4   5
ip-0A230410:18071:18686 [0] NCCL INFO Channel 23/24 :    0   1   2   3   6   7   4   5
ip-0A230410:18071:18686 [0] NCCL INFO Trees [0] 1/-1/-1->0->5 [1] 1/-1/-1->0->5 [2] 1/-1/-1->0->5 [3] 1/-1/-1->0->5 [4] 1/-1/-1->0->5 [5] 1/-1/-1->0->5 [6] 1/-1/-1->0->5 [7] 1/-1/-1->0->5 [8] 1/-1/-1->0->5 [9] 1/-1/-1->0->5 [10] 1/-1/-1->0->5 [11] 1/-1/-1->0->5 [12] 1/-1/-1->0->5 [13] 1/-1/-1->0->5 [14] 1/-1/-1->0->5 [15] 1/-1/-1->0->5 [16] 1/-1/-1->0->5 [17] 1/-1/-1->0->5 [18] 1/-1/-1->0->5 [19] 1/-1/-1->0->5 [20] 1/-1/-1->0->5 [21] 1/-1/-1->0->5 [22] 1/-1/-1->0->5 [23] 1/-1/-1->0->5
ip-0A230410:18077:18756 [6] NCCL INFO Channel 00 : 6[d00000] -> 7[e00000] via P2P/IPC/read
ip-0A230410:18071:18686 [0] NCCL INFO Channel 00 : 0[100000] -> 1[200000] via P2P/IPC/read
ip-0A230410:18075:18753 [4] NCCL INFO Channel 00 : 4[b00000] -> 5[c00000] via P2P/IPC/read
ip-0A230410:18077:18756 [6] NCCL INFO Channel 01 : 6[d00000] -> 7[e00000] via P2P/IPC/read
ip-0A230410:18071:18686 [0] NCCL INFO Channel 01 : 0[100000] -> 1[200000] via P2P/IPC/read
ip-0A230410:18075:18753 [4] NCCL INFO Channel 01 : 4[b00000] -> 5[c00000] via P2P/IPC/read
ip-0A230410:18077:18756 [6] NCCL INFO Channel 02 : 6[d00000] -> 7[e00000] via P2P/IPC/read
ip-0A230410:18071:18686 [0] NCCL INFO Channel 02 : 0[100000] -> 1[200000] via P2P/IPC/read
ip-0A230410:18075:18753 [4] NCCL INFO Channel 02 : 4[b00000] -> 5[c00000] via P2P/IPC/read
ip-0A230410:18077:18756 [6] NCCL INFO Channel 03 : 6[d00000] -> 7[e00000] via P2P/IPC/read
ip-0A230410:18071:18686 [0] NCCL INFO Channel 03 : 0[100000] -> 1[200000] via P2P/IPC/read
ip-0A230410:18075:18753 [4] NCCL INFO Channel 03 : 4[b00000] -> 5[c00000] via P2P/IPC/read
ip-0A230410:18077:18756 [6] NCCL INFO Channel 04 : 6[d00000] -> 7[e00000] via P2P/IPC/read
ip-0A230410:18071:18686 [0] NCCL INFO Channel 04 : 0[100000] -> 1[200000] via P2P/IPC/read
ip-0A230410:18075:18753 [4] NCCL INFO Channel 04 : 4[b00000] -> 5[c00000] via P2P/IPC/read
ip-0A230410:18077:18756 [6] NCCL INFO Channel 05 : 6[d00000] -> 7[e00000] via P2P/IPC/read
ip-0A230410:18071:18686 [0] NCCL INFO Channel 05 : 0[100000] -> 1[200000] via P2P/IPC/read
ip-0A230410:18075:18753 [4] NCCL INFO Channel 05 : 4[b00000] -> 5[c00000] via P2P/IPC/read
ip-0A230410:18077:18756 [6] NCCL INFO Channel 06 : 6[d00000] -> 7[e00000] via P2P/IPC/read
ip-0A230410:18071:18686 [0] NCCL INFO Channel 06 : 0[100000] -> 1[200000] via P2P/IPC/read
ip-0A230410:18075:18753 [4] NCCL INFO Channel 06 : 4[b00000] -> 5[c00000] via P2P/IPC/read
ip-0A230410:18077:18756 [6] NCCL INFO Channel 07 : 6[d00000] -> 7[e00000] via P2P/IPC/read
ip-0A230410:18071:18686 [0] NCCL INFO Channel 07 : 0[100000] -> 1[200000] via P2P/IPC/read
ip-0A230410:18075:18753 [4] NCCL INFO Channel 07 : 4[b00000] -> 5[c00000] via P2P/IPC/read
ip-0A230410:18077:18756 [6] NCCL INFO Channel 08 : 6[d00000] -> 7[e00000] via P2P/IPC/read
ip-0A230410:18071:18686 [0] NCCL INFO Channel 08 : 0[100000] -> 1[200000] via P2P/IPC/read
ip-0A230410:18075:18753 [4] NCCL INFO Channel 08 : 4[b00000] -> 5[c00000] via P2P/IPC/read
ip-0A230410:18077:18756 [6] NCCL INFO Channel 09 : 6[d00000] -> 7[e00000] via P2P/IPC/read
ip-0A230410:18075:18753 [4] NCCL INFO Channel 09 : 4[b00000] -> 5[c00000] via P2P/IPC/read
ip-0A230410:18077:18756 [6] NCCL INFO Channel 10 : 6[d00000] -> 7[e00000] via P2P/IPC/read
ip-0A230410:18075:18753 [4] NCCL INFO Channel 10 : 4[b00000] -> 5[c00000] via P2P/IPC/read
ip-0A230410:18071:18686 [0] NCCL INFO Channel 09 : 0[100000] -> 1[200000] via P2P/IPC/read
ip-0A230410:18077:18756 [6] NCCL INFO Channel 11 : 6[d00000] -> 7[e00000] via P2P/IPC/read
ip-0A230410:18075:18753 [4] NCCL INFO Channel 11 : 4[b00000] -> 5[c00000] via P2P/IPC/read
ip-0A230410:18071:18686 [0] NCCL INFO Channel 10 : 0[100000] -> 1[200000] via P2P/IPC/read
ip-0A230410:18077:18756 [6] NCCL INFO Channel 12 : 6[d00000] -> 7[e00000] via P2P/IPC/read
ip-0A230410:18075:18753 [4] NCCL INFO Channel 12 : 4[b00000] -> 5[c00000] via P2P/IPC/read
ip-0A230410:18071:18686 [0] NCCL INFO Channel 11 : 0[100000] -> 1[200000] via P2P/IPC/read
ip-0A230410:18077:18756 [6] NCCL INFO Channel 13 : 6[d00000] -> 7[e00000] via P2P/IPC/read
ip-0A230410:18075:18753 [4] NCCL INFO Channel 13 : 4[b00000] -> 5[c00000] via P2P/IPC/read
ip-0A230410:18071:18686 [0] NCCL INFO Channel 12 : 0[100000] -> 1[200000] via P2P/IPC/read
ip-0A230410:18077:18756 [6] NCCL INFO Channel 14 : 6[d00000] -> 7[e00000] via P2P/IPC/read
ip-0A230410:18075:18753 [4] NCCL INFO Channel 14 : 4[b00000] -> 5[c00000] via P2P/IPC/read
ip-0A230410:18071:18686 [0] NCCL INFO Channel 13 : 0[100000] -> 1[200000] via P2P/IPC/read
ip-0A230410:18077:18756 [6] NCCL INFO Channel 15 : 6[d00000] -> 7[e00000] via P2P/IPC/read
ip-0A230410:18075:18753 [4] NCCL INFO Channel 15 : 4[b00000] -> 5[c00000] via P2P/IPC/read
ip-0A230410:18071:18686 [0] NCCL INFO Channel 14 : 0[100000] -> 1[200000] via P2P/IPC/read
ip-0A230410:18077:18756 [6] NCCL INFO Channel 16 : 6[d00000] -> 7[e00000] via P2P/IPC/read
ip-0A230410:18075:18753 [4] NCCL INFO Channel 16 : 4[b00000] -> 5[c00000] via P2P/IPC/read
ip-0A230410:18071:18686 [0] NCCL INFO Channel 15 : 0[100000] -> 1[200000] via P2P/IPC/read
ip-0A230410:18077:18756 [6] NCCL INFO Channel 17 : 6[d00000] -> 7[e00000] via P2P/IPC/read
ip-0A230410:18075:18753 [4] NCCL INFO Channel 17 : 4[b00000] -> 5[c00000] via P2P/IPC/read
ip-0A230410:18071:18686 [0] NCCL INFO Channel 16 : 0[100000] -> 1[200000] via P2P/IPC/read
ip-0A230410:18077:18756 [6] NCCL INFO Channel 18 : 6[d00000] -> 7[e00000] via P2P/IPC/read
ip-0A230410:18075:18753 [4] NCCL INFO Channel 18 : 4[b00000] -> 5[c00000] via P2P/IPC/read
ip-0A230410:18071:18686 [0] NCCL INFO Channel 17 : 0[100000] -> 1[200000] via P2P/IPC/read
ip-0A230410:18077:18756 [6] NCCL INFO Channel 19 : 6[d00000] -> 7[e00000] via P2P/IPC/read
ip-0A230410:18075:18753 [4] NCCL INFO Channel 19 : 4[b00000] -> 5[c00000] via P2P/IPC/read
ip-0A230410:18071:18686 [0] NCCL INFO Channel 18 : 0[100000] -> 1[200000] via P2P/IPC/read
ip-0A230410:18077:18756 [6] NCCL INFO Channel 20 : 6[d00000] -> 7[e00000] via P2P/IPC/read
ip-0A230410:18075:18753 [4] NCCL INFO Channel 20 : 4[b00000] -> 5[c00000] via P2P/IPC/read
ip-0A230410:18071:18686 [0] NCCL INFO Channel 19 : 0[100000] -> 1[200000] via P2P/IPC/read
ip-0A230410:18077:18756 [6] NCCL INFO Channel 21 : 6[d00000] -> 7[e00000] via P2P/IPC/read
ip-0A230410:18075:18753 [4] NCCL INFO Channel 21 : 4[b00000] -> 5[c00000] via P2P/IPC/read
ip-0A230410:18071:18686 [0] NCCL INFO Channel 20 : 0[100000] -> 1[200000] via P2P/IPC/read
ip-0A230410:18077:18756 [6] NCCL INFO Channel 22 : 6[d00000] -> 7[e00000] via P2P/IPC/read
ip-0A230410:18075:18753 [4] NCCL INFO Channel 22 : 4[b00000] -> 5[c00000] via P2P/IPC/read
ip-0A230410:18071:18686 [0] NCCL INFO Channel 21 : 0[100000] -> 1[200000] via P2P/IPC/read
ip-0A230410:18077:18756 [6] NCCL INFO Channel 23 : 6[d00000] -> 7[e00000] via P2P/IPC/read
ip-0A230410:18075:18753 [4] NCCL INFO Channel 23 : 4[b00000] -> 5[c00000] via P2P/IPC/read
ip-0A230410:18071:18686 [0] NCCL INFO Channel 22 : 0[100000] -> 1[200000] via P2P/IPC/read
ip-0A230410:18076:18746 [1] NCCL INFO Channel 00 : 1[200000] -> 2[300000] via P2P/IPC/read
ip-0A230410:18074:18742 [2] NCCL INFO Channel 00 : 2[300000] -> 3[400000] via P2P/IPC/read
ip-0A230410:18071:18686 [0] NCCL INFO Channel 23 : 0[100000] -> 1[200000] via P2P/IPC/read
ip-0A230410:18076:18746 [1] NCCL INFO Channel 01 : 1[200000] -> 2[300000] via P2P/IPC/read
ip-0A230410:18074:18742 [2] NCCL INFO Channel 01 : 2[300000] -> 3[400000] via P2P/IPC/read
ip-0A230410:18076:18746 [1] NCCL INFO Channel 02 : 1[200000] -> 2[300000] via P2P/IPC/read
ip-0A230410:18074:18742 [2] NCCL INFO Channel 02 : 2[300000] -> 3[400000] via P2P/IPC/read
ip-0A230410:18076:18746 [1] NCCL INFO Channel 03 : 1[200000] -> 2[300000] via P2P/IPC/read
ip-0A230410:18074:18742 [2] NCCL INFO Channel 03 : 2[300000] -> 3[400000] via P2P/IPC/read
ip-0A230410:18076:18746 [1] NCCL INFO Channel 04 : 1[200000] -> 2[300000] via P2P/IPC/read
ip-0A230410:18074:18742 [2] NCCL INFO Channel 04 : 2[300000] -> 3[400000] via P2P/IPC/read
ip-0A230410:18076:18746 [1] NCCL INFO Channel 05 : 1[200000] -> 2[300000] via P2P/IPC/read
ip-0A230410:18074:18742 [2] NCCL INFO Channel 05 : 2[300000] -> 3[400000] via P2P/IPC/read
ip-0A230410:18076:18746 [1] NCCL INFO Channel 06 : 1[200000] -> 2[300000] via P2P/IPC/read
ip-0A230410:18074:18742 [2] NCCL INFO Channel 06 : 2[300000] -> 3[400000] via P2P/IPC/read
ip-0A230410:18076:18746 [1] NCCL INFO Channel 07 : 1[200000] -> 2[300000] via P2P/IPC/read
ip-0A230410:18074:18742 [2] NCCL INFO Channel 07 : 2[300000] -> 3[400000] via P2P/IPC/read
ip-0A230410:18076:18746 [1] NCCL INFO Channel 08 : 1[200000] -> 2[300000] via P2P/IPC/read
ip-0A230410:18074:18742 [2] NCCL INFO Channel 08 : 2[300000] -> 3[400000] via P2P/IPC/read
ip-0A230410:18076:18746 [1] NCCL INFO Channel 09 : 1[200000] -> 2[300000] via P2P/IPC/read
ip-0A230410:18074:18742 [2] NCCL INFO Channel 09 : 2[300000] -> 3[400000] via P2P/IPC/read
ip-0A230410:18076:18746 [1] NCCL INFO Channel 10 : 1[200000] -> 2[300000] via P2P/IPC/read
ip-0A230410:18074:18742 [2] NCCL INFO Channel 10 : 2[300000] -> 3[400000] via P2P/IPC/read
ip-0A230410:18076:18746 [1] NCCL INFO Channel 11 : 1[200000] -> 2[300000] via P2P/IPC/read
ip-0A230410:18074:18742 [2] NCCL INFO Channel 11 : 2[300000] -> 3[400000] via P2P/IPC/read
ip-0A230410:18076:18746 [1] NCCL INFO Channel 12 : 1[200000] -> 2[300000] via P2P/IPC/read
ip-0A230410:18074:18742 [2] NCCL INFO Channel 12 : 2[300000] -> 3[400000] via P2P/IPC/read
ip-0A230410:18076:18746 [1] NCCL INFO Channel 13 : 1[200000] -> 2[300000] via P2P/IPC/read
ip-0A230410:18074:18742 [2] NCCL INFO Channel 13 : 2[300000] -> 3[400000] via P2P/IPC/read
ip-0A230410:18076:18746 [1] NCCL INFO Channel 14 : 1[200000] -> 2[300000] via P2P/IPC/read
ip-0A230410:18074:18742 [2] NCCL INFO Channel 14 : 2[300000] -> 3[400000] via P2P/IPC/read
ip-0A230410:18072:18757 [7] NCCL INFO Channel 00 : 7[e00000] -> 4[b00000] via P2P/IPC/read
ip-0A230410:18076:18746 [1] NCCL INFO Channel 15 : 1[200000] -> 2[300000] via P2P/IPC/read
ip-0A230410:18073:18751 [5] NCCL INFO Channel 00 : 5[c00000] -> 0[100000] via P2P/IPC/read
ip-0A230410:18074:18742 [2] NCCL INFO Channel 15 : 2[300000] -> 3[400000] via P2P/IPC/read
ip-0A230410:18072:18757 [7] NCCL INFO Channel 01 : 7[e00000] -> 4[b00000] via P2P/IPC/read
ip-0A230410:18076:18746 [1] NCCL INFO Channel 16 : 1[200000] -> 2[300000] via P2P/IPC/read
ip-0A230410:18073:18751 [5] NCCL INFO Channel 01 : 5[c00000] -> 0[100000] via P2P/IPC/read
ip-0A230410:18074:18742 [2] NCCL INFO Channel 16 : 2[300000] -> 3[400000] via P2P/IPC/read
ip-0A230410:18076:18746 [1] NCCL INFO Channel 17 : 1[200000] -> 2[300000] via P2P/IPC/read
ip-0A230410:18072:18757 [7] NCCL INFO Channel 02 : 7[e00000] -> 4[b00000] via P2P/IPC/read
ip-0A230410:18073:18751 [5] NCCL INFO Channel 02 : 5[c00000] -> 0[100000] via P2P/IPC/read
ip-0A230410:18074:18742 [2] NCCL INFO Channel 17 : 2[300000] -> 3[400000] via P2P/IPC/read
ip-0A230410:18076:18746 [1] NCCL INFO Channel 18 : 1[200000] -> 2[300000] via P2P/IPC/read
ip-0A230410:18072:18757 [7] NCCL INFO Channel 03 : 7[e00000] -> 4[b00000] via P2P/IPC/read
ip-0A230410:18074:18742 [2] NCCL INFO Channel 18 : 2[300000] -> 3[400000] via P2P/IPC/read
ip-0A230410:18073:18751 [5] NCCL INFO Channel 03 : 5[c00000] -> 0[100000] via P2P/IPC/read
ip-0A230410:18076:18746 [1] NCCL INFO Channel 19 : 1[200000] -> 2[300000] via P2P/IPC/read
ip-0A230410:18072:18757 [7] NCCL INFO Channel 04 : 7[e00000] -> 4[b00000] via P2P/IPC/read
ip-0A230410:18074:18742 [2] NCCL INFO Channel 19 : 2[300000] -> 3[400000] via P2P/IPC/read
ip-0A230410:18073:18751 [5] NCCL INFO Channel 04 : 5[c00000] -> 0[100000] via P2P/IPC/read
ip-0A230410:18076:18746 [1] NCCL INFO Channel 20 : 1[200000] -> 2[300000] via P2P/IPC/read
ip-0A230410:18072:18757 [7] NCCL INFO Channel 05 : 7[e00000] -> 4[b00000] via P2P/IPC/read
ip-0A230410:18074:18742 [2] NCCL INFO Channel 20 : 2[300000] -> 3[400000] via P2P/IPC/read
ip-0A230410:18073:18751 [5] NCCL INFO Channel 05 : 5[c00000] -> 0[100000] via P2P/IPC/read
ip-0A230410:18076:18746 [1] NCCL INFO Channel 21 : 1[200000] -> 2[300000] via P2P/IPC/read
ip-0A230410:18072:18757 [7] NCCL INFO Channel 06 : 7[e00000] -> 4[b00000] via P2P/IPC/read
ip-0A230410:18074:18742 [2] NCCL INFO Channel 21 : 2[300000] -> 3[400000] via P2P/IPC/read
ip-0A230410:18073:18751 [5] NCCL INFO Channel 06 : 5[c00000] -> 0[100000] via P2P/IPC/read
ip-0A230410:18076:18746 [1] NCCL INFO Channel 22 : 1[200000] -> 2[300000] via P2P/IPC/read
ip-0A230410:18072:18757 [7] NCCL INFO Channel 07 : 7[e00000] -> 4[b00000] via P2P/IPC/read
ip-0A230410:18074:18742 [2] NCCL INFO Channel 22 : 2[300000] -> 3[400000] via P2P/IPC/read
ip-0A230410:18073:18751 [5] NCCL INFO Channel 07 : 5[c00000] -> 0[100000] via P2P/IPC/read
ip-0A230410:18076:18746 [1] NCCL INFO Channel 23 : 1[200000] -> 2[300000] via P2P/IPC/read
ip-0A230410:18072:18757 [7] NCCL INFO Channel 08 : 7[e00000] -> 4[b00000] via P2P/IPC/read
ip-0A230410:18074:18742 [2] NCCL INFO Channel 23 : 2[300000] -> 3[400000] via P2P/IPC/read
ip-0A230410:18073:18751 [5] NCCL INFO Channel 08 : 5[c00000] -> 0[100000] via P2P/IPC/read
ip-0A230410:18072:18757 [7] NCCL INFO Channel 09 : 7[e00000] -> 4[b00000] via P2P/IPC/read
ip-0A230410:18073:18751 [5] NCCL INFO Channel 09 : 5[c00000] -> 0[100000] via P2P/IPC/read
ip-0A230410:18072:18757 [7] NCCL INFO Channel 10 : 7[e00000] -> 4[b00000] via P2P/IPC/read
ip-0A230410:18073:18751 [5] NCCL INFO Channel 10 : 5[c00000] -> 0[100000] via P2P/IPC/read
ip-0A230410:18072:18757 [7] NCCL INFO Channel 11 : 7[e00000] -> 4[b00000] via P2P/IPC/read
ip-0A230410:18073:18751 [5] NCCL INFO Channel 11 : 5[c00000] -> 0[100000] via P2P/IPC/read
ip-0A230410:18072:18757 [7] NCCL INFO Channel 12 : 7[e00000] -> 4[b00000] via P2P/IPC/read
ip-0A230410:18073:18751 [5] NCCL INFO Channel 12 : 5[c00000] -> 0[100000] via P2P/IPC/read
ip-0A230410:18072:18757 [7] NCCL INFO Channel 13 : 7[e00000] -> 4[b00000] via P2P/IPC/read
ip-0A230410:18073:18751 [5] NCCL INFO Channel 13 : 5[c00000] -> 0[100000] via P2P/IPC/read
ip-0A230410:18072:18757 [7] NCCL INFO Channel 14 : 7[e00000] -> 4[b00000] via P2P/IPC/read
ip-0A230410:18073:18751 [5] NCCL INFO Channel 14 : 5[c00000] -> 0[100000] via P2P/IPC/read
ip-0A230410:18072:18757 [7] NCCL INFO Channel 15 : 7[e00000] -> 4[b00000] via P2P/IPC/read
ip-0A230410:18073:18751 [5] NCCL INFO Channel 15 : 5[c00000] -> 0[100000] via P2P/IPC/read
ip-0A230410:18072:18757 [7] NCCL INFO Channel 16 : 7[e00000] -> 4[b00000] via P2P/IPC/read
ip-0A230410:18073:18751 [5] NCCL INFO Channel 16 : 5[c00000] -> 0[100000] via P2P/IPC/read
ip-0A230410:18072:18757 [7] NCCL INFO Channel 17 : 7[e00000] -> 4[b00000] via P2P/IPC/read
ip-0A230410:18073:18751 [5] NCCL INFO Channel 17 : 5[c00000] -> 0[100000] via P2P/IPC/read
ip-0A230410:18072:18757 [7] NCCL INFO Channel 18 : 7[e00000] -> 4[b00000] via P2P/IPC/read
ip-0A230410:18073:18751 [5] NCCL INFO Channel 18 : 5[c00000] -> 0[100000] via P2P/IPC/read
ip-0A230410:18072:18757 [7] NCCL INFO Channel 19 : 7[e00000] -> 4[b00000] via P2P/IPC/read
ip-0A230410:18073:18751 [5] NCCL INFO Channel 19 : 5[c00000] -> 0[100000] via P2P/IPC/read
ip-0A230410:18072:18757 [7] NCCL INFO Channel 20 : 7[e00000] -> 4[b00000] via P2P/IPC/read
ip-0A230410:18073:18751 [5] NCCL INFO Channel 20 : 5[c00000] -> 0[100000] via P2P/IPC/read
ip-0A230410:18072:18757 [7] NCCL INFO Channel 21 : 7[e00000] -> 4[b00000] via P2P/IPC/read
ip-0A230410:18073:18751 [5] NCCL INFO Channel 21 : 5[c00000] -> 0[100000] via P2P/IPC/read
ip-0A230410:18072:18757 [7] NCCL INFO Channel 22 : 7[e00000] -> 4[b00000] via P2P/IPC/read
ip-0A230410:18073:18751 [5] NCCL INFO Channel 22 : 5[c00000] -> 0[100000] via P2P/IPC/read
ip-0A230410:18072:18757 [7] NCCL INFO Channel 23 : 7[e00000] -> 4[b00000] via P2P/IPC/read
ip-0A230410:18073:18751 [5] NCCL INFO Channel 23 : 5[c00000] -> 0[100000] via P2P/IPC/read
ip-0A230410:18070:18745 [3] NCCL INFO Channel 00 : 3[400000] -> 6[d00000] via P2P/IPC/read
ip-0A230410:18070:18745 [3] NCCL INFO Channel 01 : 3[400000] -> 6[d00000] via P2P/IPC/read
ip-0A230410:18070:18745 [3] NCCL INFO Channel 02 : 3[400000] -> 6[d00000] via P2P/IPC/read
ip-0A230410:18070:18745 [3] NCCL INFO Channel 03 : 3[400000] -> 6[d00000] via P2P/IPC/read
ip-0A230410:18070:18745 [3] NCCL INFO Channel 04 : 3[400000] -> 6[d00000] via P2P/IPC/read
ip-0A230410:18070:18745 [3] NCCL INFO Channel 05 : 3[400000] -> 6[d00000] via P2P/IPC/read
ip-0A230410:18070:18745 [3] NCCL INFO Channel 06 : 3[400000] -> 6[d00000] via P2P/IPC/read
ip-0A230410:18070:18745 [3] NCCL INFO Channel 07 : 3[400000] -> 6[d00000] via P2P/IPC/read
ip-0A230410:18070:18745 [3] NCCL INFO Channel 08 : 3[400000] -> 6[d00000] via P2P/IPC/read
ip-0A230410:18070:18745 [3] NCCL INFO Channel 09 : 3[400000] -> 6[d00000] via P2P/IPC/read
ip-0A230410:18070:18745 [3] NCCL INFO Channel 10 : 3[400000] -> 6[d00000] via P2P/IPC/read
ip-0A230410:18070:18745 [3] NCCL INFO Channel 11 : 3[400000] -> 6[d00000] via P2P/IPC/read
ip-0A230410:18070:18745 [3] NCCL INFO Channel 12 : 3[400000] -> 6[d00000] via P2P/IPC/read
ip-0A230410:18070:18745 [3] NCCL INFO Channel 13 : 3[400000] -> 6[d00000] via P2P/IPC/read
ip-0A230410:18070:18745 [3] NCCL INFO Channel 14 : 3[400000] -> 6[d00000] via P2P/IPC/read
ip-0A230410:18076:18746 [1] NCCL INFO Connected all rings
ip-0A230410:18074:18742 [2] NCCL INFO Connected all rings
ip-0A230410:18072:18757 [7] NCCL INFO Connected all rings
ip-0A230410:18072:18757 [7] NCCL INFO Channel 00 : 7[e00000] -> 6[d00000] via P2P/IPC/read
ip-0A230410:18075:18753 [4] NCCL INFO Connected all rings
ip-0A230410:18070:18745 [3] NCCL INFO Channel 15 : 3[400000] -> 6[d00000] via P2P/IPC/read
ip-0A230410:18072:18757 [7] NCCL INFO Channel 01 : 7[e00000] -> 6[d00000] via P2P/IPC/read
ip-0A230410:18070:18745 [3] NCCL INFO Channel 16 : 3[400000] -> 6[d00000] via P2P/IPC/read
ip-0A230410:18072:18757 [7] NCCL INFO Channel 02 : 7[e00000] -> 6[d00000] via P2P/IPC/read
ip-0A230410:18070:18745 [3] NCCL INFO Channel 17 : 3[400000] -> 6[d00000] via P2P/IPC/read
ip-0A230410:18072:18757 [7] NCCL INFO Channel 03 : 7[e00000] -> 6[d00000] via P2P/IPC/read
ip-0A230410:18070:18745 [3] NCCL INFO Channel 18 : 3[400000] -> 6[d00000] via P2P/IPC/read
ip-0A230410:18072:18757 [7] NCCL INFO Channel 04 : 7[e00000] -> 6[d00000] via P2P/IPC/read
ip-0A230410:18070:18745 [3] NCCL INFO Channel 19 : 3[400000] -> 6[d00000] via P2P/IPC/read
ip-0A230410:18072:18757 [7] NCCL INFO Channel 05 : 7[e00000] -> 6[d00000] via P2P/IPC/read
ip-0A230410:18070:18745 [3] NCCL INFO Channel 20 : 3[400000] -> 6[d00000] via P2P/IPC/read
ip-0A230410:18072:18757 [7] NCCL INFO Channel 06 : 7[e00000] -> 6[d00000] via P2P/IPC/read
ip-0A230410:18070:18745 [3] NCCL INFO Channel 21 : 3[400000] -> 6[d00000] via P2P/IPC/read
ip-0A230410:18072:18757 [7] NCCL INFO Channel 07 : 7[e00000] -> 6[d00000] via P2P/IPC/read
ip-0A230410:18070:18745 [3] NCCL INFO Channel 22 : 3[400000] -> 6[d00000] via P2P/IPC/read
ip-0A230410:18072:18757 [7] NCCL INFO Channel 08 : 7[e00000] -> 6[d00000] via P2P/IPC/read
ip-0A230410:18070:18745 [3] NCCL INFO Channel 23 : 3[400000] -> 6[d00000] via P2P/IPC/read
ip-0A230410:18072:18757 [7] NCCL INFO Channel 09 : 7[e00000] -> 6[d00000] via P2P/IPC/read
ip-0A230410:18072:18757 [7] NCCL INFO Channel 10 : 7[e00000] -> 6[d00000] via P2P/IPC/read
ip-0A230410:18072:18757 [7] NCCL INFO Channel 11 : 7[e00000] -> 6[d00000] via P2P/IPC/read
