ip-0A230417:79114:79330 [7] NCCL INFO Channel 21 : 39[e00000] -> 32[100000] via P2P/IPC/read
ip-0A230412:88918:89117 [7] NCCL INFO Channel 10 : 23[e00000] -> 16[100000] via P2P/IPC/read
ip-0A230417:79115:79331 [5] NCCL INFO Channel 13 : 37[c00000] -> 36[b00000] via P2P/IPC/read
ip-0A230417:79113:79335 [3] NCCL INFO Channel 02 : 35[400000] -> 34[300000] via P2P/IPC/read
ip-0A230414:75465:75672 [2] NCCL INFO Channel 11/0 : 26[300000] -> 19[400000] [send] via NET/IBext/3/GDRDMA
ip-0A230417:79114:79330 [7] NCCL INFO Channel 22 : 39[e00000] -> 32[100000] via P2P/IPC/read
ip-0A230417:79115:79331 [5] NCCL INFO Channel 20 : 37[c00000] -> 36[b00000] via P2P/IPC/read
ip-0A230417:79113:79335 [3] NCCL INFO Channel 03 : 35[400000] -> 34[300000] via P2P/IPC/read
ip-0A230417:79115:79331 [5] NCCL INFO Channel 21 : 37[c00000] -> 36[b00000] via P2P/IPC/read
ip-0A230417:79113:79335 [3] NCCL INFO Channel 10 : 35[400000] -> 34[300000] via P2P/IPC/read
ip-0A230417:79113:79335 [3] NCCL INFO Channel 11 : 35[400000] -> 34[300000] via P2P/IPC/read
ip-0A230417:79113:79335 [3] NCCL INFO Channel 18 : 35[400000] -> 34[300000] via P2P/IPC/read
ip-0A230417:79113:79335 [3] NCCL INFO Channel 19 : 35[400000] -> 34[300000] via P2P/IPC/read
ip-0A230417:79115:79331 [5] NCCL INFO Connected all trees
ip-0A230417:79120:79332 [4] NCCL INFO Connected all trees
ip-0A230417:79113:79335 [3] NCCL INFO Connected all trees
ip-0A230417:79117:79329 [2] NCCL INFO Connected all trees
ip-0A230417:79118:79334 [0] NCCL INFO Channel 08/0 : 32[100000] -> 24[100000] [send] via NET/IBext/0/GDRDMA
ip-0A230414:75468:75666 [4] NCCL INFO Channel 13/0 : 28[b00000] -> 21[c00000] [send] via NET/IBext/5/GDRDMA
ip-0A230412:88905:89118 [5] NCCL INFO Channel 05/0 : 29[c00000] -> 21[c00000] [receive] via NET/IBext/5/GDRDMA
ip-0A230412:88905:89118 [5] NCCL INFO Channel 21/0 : 29[c00000] -> 21[c00000] [receive] via NET/IBext/5/GDRDMA
ip-0A230412:88918:89117 [7] NCCL INFO Channel 11 : 23[e00000] -> 16[100000] via P2P/IPC/read
ip-0A230417:79114:79330 [7] NCCL INFO Channel 06 : 39[e00000] -> 38[d00000] via P2P/IPC/read
ip-0A230417:79114:79330 [7] NCCL INFO Channel 07 : 39[e00000] -> 38[d00000] via P2P/IPC/read
ip-0A230417:79114:79330 [7] NCCL INFO Channel 14 : 39[e00000] -> 38[d00000] via P2P/IPC/read
ip-0A230417:79114:79330 [7] NCCL INFO Channel 15 : 39[e00000] -> 38[d00000] via P2P/IPC/read
ip-0A230417:79114:79330 [7] NCCL INFO Channel 22 : 39[e00000] -> 38[d00000] via P2P/IPC/read
ip-0A230417:79114:79330 [7] NCCL INFO Channel 23 : 39[e00000] -> 38[d00000] via P2P/IPC/read
ip-0A230412:88918:89117 [7] NCCL INFO Channel 12 : 23[e00000] -> 16[100000] via P2P/IPC/read
ip-0A230417:79118:79334 [0] NCCL INFO Connected all trees
ip-0A230417:79119:79328 [1] NCCL INFO Connected all trees
ip-0A230417:79114:79330 [7] NCCL INFO Connected all trees
ip-0A230417:79116:79333 [6] NCCL INFO Connected all trees
ip-0A230417:79118:79334 [0] NCCL INFO CollNet 00 : 32 [receive] via COLLNET/SHARP/0/GDRDMA
ip-0A230412:88918:89117 [7] NCCL INFO Channel 13 : 23[e00000] -> 16[100000] via P2P/IPC/read
ip-0A230412:88918:89117 [7] NCCL INFO Channel 14 : 23[e00000] -> 16[100000] via P2P/IPC/read
ip-0A230412:88918:89117 [7] NCCL INFO Channel 18 : 23[e00000] -> 16[100000] via P2P/IPC/read
ip-0A230412:88918:89117 [7] NCCL INFO Channel 19 : 23[e00000] -> 16[100000] via P2P/IPC/read
ip-0A230412:88903:89113 [3] NCCL INFO Channel 03/0 : 27[400000] -> 19[400000] [receive] via NET/IBext/3/GDRDMA
ip-0A230412:88903:89113 [3] NCCL INFO Channel 19/0 : 27[400000] -> 19[400000] [receive] via NET/IBext/3/GDRDMA
ip-0A230412:88918:89117 [7] NCCL INFO Channel 20 : 23[e00000] -> 16[100000] via P2P/IPC/read
ip-0A230412:88918:89117 [7] NCCL INFO Channel 21 : 23[e00000] -> 16[100000] via P2P/IPC/read
ip-0A230412:88918:89117 [7] NCCL INFO Channel 22 : 23[e00000] -> 16[100000] via P2P/IPC/read
ip-0A230412:88899:89111 [1] NCCL INFO Channel 00/0 : 17[200000] -> 8[100000] [send] via NET/IBext/0/GDRDMA
ip-0A230412:88899:89111 [1] NCCL INFO Channel 16/0 : 17[200000] -> 8[100000] [send] via NET/IBext/0/GDRDMA
ip-0A230414:75470:75671 [5] NCCL INFO Channel 04 : 29[c00000] -> 28[b00000] via P2P/IPC/read
ip-0A230414:75470:75671 [5] NCCL INFO Channel 05 : 29[c00000] -> 28[b00000] via P2P/IPC/read
ip-0A230414:75470:75671 [5] NCCL INFO Channel 12 : 29[c00000] -> 28[b00000] via P2P/IPC/read
ip-0A230414:75463:75669 [6] NCCL INFO Channel 07 : 30[d00000] -> 24[100000] via P2P/IPC/read
ip-0A230414:75470:75671 [5] NCCL INFO Channel 13 : 29[c00000] -> 28[b00000] via P2P/IPC/read
ip-0A230414:75463:75669 [6] NCCL INFO Channel 15 : 30[d00000] -> 24[100000] via P2P/IPC/read
ip-0A230414:75470:75671 [5] NCCL INFO Channel 20 : 29[c00000] -> 28[b00000] via P2P/IPC/read
ip-0A230414:75463:75669 [6] NCCL INFO Channel 23 : 30[d00000] -> 24[100000] via P2P/IPC/read
ip-0A230414:75470:75671 [5] NCCL INFO Channel 21 : 29[c00000] -> 28[b00000] via P2P/IPC/read
ip-0A230414:75467:75667 [3] NCCL INFO Channel 02 : 27[400000] -> 26[300000] via P2P/IPC/read
ip-0A230414:75467:75667 [3] NCCL INFO Channel 03 : 27[400000] -> 26[300000] via P2P/IPC/read
ip-0A230414:75467:75667 [3] NCCL INFO Channel 10 : 27[400000] -> 26[300000] via P2P/IPC/read
ip-0A230414:75467:75667 [3] NCCL INFO Channel 11 : 27[400000] -> 26[300000] via P2P/IPC/read
ip-0A230414:75467:75667 [3] NCCL INFO Channel 18 : 27[400000] -> 26[300000] via P2P/IPC/read
ip-0A230414:75467:75667 [3] NCCL INFO Channel 19 : 27[400000] -> 26[300000] via P2P/IPC/read
ip-0A230414:75466:75668 [0] NCCL INFO Channel 09/0 : 24[100000] -> 17[200000] [send] via NET/IBext/1/GDRDMA
ip-0A230414:75462:75673 [7] NCCL INFO Channel 06 : 31[e00000] -> 30[d00000] via P2P/IPC/read
ip-0A230414:75462:75673 [7] NCCL INFO Channel 07 : 31[e00000] -> 30[d00000] via P2P/IPC/read
ip-0A230414:75462:75673 [7] NCCL INFO Channel 14 : 31[e00000] -> 30[d00000] via P2P/IPC/read
ip-0A230414:75462:75673 [7] NCCL INFO Channel 15 : 31[e00000] -> 30[d00000] via P2P/IPC/read
ip-0A230414:75462:75673 [7] NCCL INFO Channel 22 : 31[e00000] -> 30[d00000] via P2P/IPC/read
ip-0A230414:75462:75673 [7] NCCL INFO Channel 23 : 31[e00000] -> 30[d00000] via P2P/IPC/read
ip-0A230412:88901:89116 [6] NCCL INFO Channel 07 : 22[d00000] -> 16[100000] via P2P/IPC/read
ip-0A230412:88900:89114 [4] NCCL INFO Channel 05/0 : 20[b00000] -> 13[c00000] [send] via NET/IBext/5/GDRDMA
ip-0A230412:88900:89114 [4] NCCL INFO Channel 21/0 : 20[b00000] -> 13[c00000] [send] via NET/IBext/5/GDRDMA
ip-0A230412:88901:89116 [6] NCCL INFO Channel 15 : 22[d00000] -> 16[100000] via P2P/IPC/read
ip-0A230412:88901:89116 [6] NCCL INFO Channel 23 : 22[d00000] -> 16[100000] via P2P/IPC/read
ip-0A230412:88902:89112 [2] NCCL INFO Channel 03/0 : 18[300000] -> 11[400000] [send] via NET/IBext/3/GDRDMA
ip-0A230412:88902:89112 [2] NCCL INFO Channel 19/0 : 18[300000] -> 11[400000] [send] via NET/IBext/3/GDRDMA
ip-0A230412:88905:89118 [5] NCCL INFO Channel 13/0 : 28[b00000] -> 21[c00000] [receive] via NET/IBext/5/GDRDMA
ip-0A230414:75468:75666 [4] NCCL INFO Connected all trees
ip-0A230414:75470:75671 [5] NCCL INFO Connected all trees
ip-0A23040F:94685:94882 [5] NCCL INFO Channel 04 : 13[c00000] -> 12[b00000] via P2P/IPC/read
ip-0A230412:88903:89113 [3] NCCL INFO Channel 11/0 : 26[300000] -> 19[400000] [receive] via NET/IBext/3/GDRDMA
ip-0A23040F:94685:94882 [5] NCCL INFO Channel 05 : 13[c00000] -> 12[b00000] via P2P/IPC/read
ip-0A23040F:94685:94882 [5] NCCL INFO Channel 12 : 13[c00000] -> 12[b00000] via P2P/IPC/read
ip-0A23040F:94685:94882 [5] NCCL INFO Channel 13 : 13[c00000] -> 12[b00000] via P2P/IPC/read
ip-0A230412:88899:89111 [1] NCCL INFO Channel 01/0 : 25[200000] -> 17[200000] [receive] via NET/IBext/1/GDRDMA
ip-0A230412:88899:89111 [1] NCCL INFO Channel 17/0 : 25[200000] -> 17[200000] [receive] via NET/IBext/1/GDRDMA
ip-0A23040F:94685:94882 [5] NCCL INFO Channel 20 : 13[c00000] -> 12[b00000] via P2P/IPC/read
ip-0A23040F:94682:94887 [7] NCCL INFO Channel 06 : 15[e00000] -> 14[d00000] via P2P/IPC/read
ip-0A23040F:94685:94882 [5] NCCL INFO Channel 21 : 13[c00000] -> 12[b00000] via P2P/IPC/read
ip-0A23040F:94682:94887 [7] NCCL INFO Channel 07 : 15[e00000] -> 14[d00000] via P2P/IPC/read
ip-0A23040F:94682:94887 [7] NCCL INFO Channel 14 : 15[e00000] -> 14[d00000] via P2P/IPC/read
ip-0A23040F:94682:94887 [7] NCCL INFO Channel 15 : 15[e00000] -> 14[d00000] via P2P/IPC/read
ip-0A23040F:94682:94887 [7] NCCL INFO Channel 22 : 15[e00000] -> 14[d00000] via P2P/IPC/read
ip-0A23040F:94682:94887 [7] NCCL INFO Channel 23 : 15[e00000] -> 14[d00000] via P2P/IPC/read
ip-0A23040F:94685:94882 [5] NCCL INFO Connected all trees
ip-0A23040F:94679:94885 [4] NCCL INFO Connected all trees
ip-0A23040F:94682:94887 [7] NCCL INFO Connected all trees
ip-0A23040F:94683:94883 [6] NCCL INFO Connected all trees
ip-0A23040F:94681:94886 [3] NCCL INFO Channel 02 : 11[400000] -> 10[300000] via P2P/IPC/read
ip-0A23040F:94681:94886 [3] NCCL INFO Channel 03 : 11[400000] -> 10[300000] via P2P/IPC/read
ip-0A23040F:94681:94886 [3] NCCL INFO Channel 10 : 11[400000] -> 10[300000] via P2P/IPC/read
ip-0A23040F:94681:94886 [3] NCCL INFO Channel 11 : 11[400000] -> 10[300000] via P2P/IPC/read
ip-0A23040F:94681:94886 [3] NCCL INFO Channel 18 : 11[400000] -> 10[300000] via P2P/IPC/read
ip-0A23040F:94681:94886 [3] NCCL INFO Channel 19 : 11[400000] -> 10[300000] via P2P/IPC/read
ip-0A23040F:94681:94886 [3] NCCL INFO Connected all trees
ip-0A23040F:94680:94888 [2] NCCL INFO Connected all trees
ip-0A230414:75465:75672 [2] NCCL INFO Connected all trees
ip-0A230414:75467:75667 [3] NCCL INFO Connected all trees
ip-0A230412:88903:89113 [3] NCCL INFO Channel 02 : 19[400000] -> 18[300000] via P2P/IPC/read
ip-0A230412:88903:89113 [3] NCCL INFO Channel 03 : 19[400000] -> 18[300000] via P2P/IPC/read
ip-0A230414:75464:75670 [1] NCCL INFO Channel 00 : 25[200000] -> 24[100000] via P2P/IPC/read
ip-0A230414:75464:75670 [1] NCCL INFO Channel 01 : 25[200000] -> 24[100000] via P2P/IPC/read
ip-0A230414:75464:75670 [1] NCCL INFO Channel 08 : 25[200000] -> 24[100000] via P2P/IPC/read
ip-0A230414:75464:75670 [1] NCCL INFO Channel 09 : 25[200000] -> 24[100000] via P2P/IPC/read
ip-0A230414:75464:75670 [1] NCCL INFO Channel 16 : 25[200000] -> 24[100000] via P2P/IPC/read
ip-0A230414:75464:75670 [1] NCCL INFO Channel 17 : 25[200000] -> 24[100000] via P2P/IPC/read
ip-0A230412:88903:89113 [3] NCCL INFO Channel 10 : 19[400000] -> 18[300000] via P2P/IPC/read
ip-0A230412:88905:89118 [5] NCCL INFO Channel 04 : 21[c00000] -> 20[b00000] via P2P/IPC/read
ip-0A230412:88904:89115 [0] NCCL INFO Channel 01/0 : 16[100000] -> 9[200000] [send] via NET/IBext/1/GDRDMA
ip-0A230412:88904:89115 [0] NCCL INFO Channel 17/0 : 16[100000] -> 9[200000] [send] via NET/IBext/1/GDRDMA
ip-0A230412:88903:89113 [3] NCCL INFO Channel 11 : 19[400000] -> 18[300000] via P2P/IPC/read
ip-0A230412:88905:89118 [5] NCCL INFO Channel 05 : 21[c00000] -> 20[b00000] via P2P/IPC/read
ip-0A230412:88903:89113 [3] NCCL INFO Channel 18 : 19[400000] -> 18[300000] via P2P/IPC/read
ip-0A230412:88905:89118 [5] NCCL INFO Channel 12 : 21[c00000] -> 20[b00000] via P2P/IPC/read
ip-0A230412:88903:89113 [3] NCCL INFO Channel 19 : 19[400000] -> 18[300000] via P2P/IPC/read
ip-0A230412:88905:89118 [5] NCCL INFO Channel 13 : 21[c00000] -> 20[b00000] via P2P/IPC/read
ip-0A230412:88905:89118 [5] NCCL INFO Channel 20 : 21[c00000] -> 20[b00000] via P2P/IPC/read
ip-0A230412:88905:89118 [5] NCCL INFO Channel 21 : 21[c00000] -> 20[b00000] via P2P/IPC/read
ip-0A23040F:94677:94884 [1] NCCL INFO Channel 00 : 9[200000] -> 8[100000] via P2P/IPC/read
ip-0A23040F:94677:94884 [1] NCCL INFO Channel 01 : 9[200000] -> 8[100000] via P2P/IPC/read
ip-0A23040F:94677:94884 [1] NCCL INFO Channel 08 : 9[200000] -> 8[100000] via P2P/IPC/read
ip-0A23040F:94677:94884 [1] NCCL INFO Channel 09 : 9[200000] -> 8[100000] via P2P/IPC/read
ip-0A23040F:94677:94884 [1] NCCL INFO Channel 16 : 9[200000] -> 8[100000] via P2P/IPC/read
ip-0A23040F:94677:94884 [1] NCCL INFO Channel 17 : 9[200000] -> 8[100000] via P2P/IPC/read
ip-0A23040F:94677:94884 [1] NCCL INFO Connected all trees
ip-0A23040F:94678:94889 [0] NCCL INFO Connected all trees
ip-0A23040F:94678:94889 [0] NCCL INFO CollNet 00 : 8 [receive] via COLLNET/SHARP/0/GDRDMA
ip-0A230412:88899:89111 [1] NCCL INFO Channel 09/0 : 24[100000] -> 17[200000] [receive] via NET/IBext/1/GDRDMA
ip-0A230414:75466:75668 [0] NCCL INFO Connected all trees
ip-0A230414:75464:75670 [1] NCCL INFO Connected all trees
ip-0A230414:75463:75669 [6] NCCL INFO Connected all trees
ip-0A230414:75462:75673 [7] NCCL INFO Connected all trees
ip-0A230412:88902:89112 [2] NCCL INFO Connected all trees
ip-0A230412:88903:89113 [3] NCCL INFO Connected all trees
ip-0A230414:75466:75668 [0] NCCL INFO CollNet 00 : 24 [receive] via COLLNET/SHARP/0/GDRDMA
ip-0A230412:88905:89118 [5] NCCL INFO Connected all trees
ip-0A230412:88900:89114 [4] NCCL INFO Connected all trees
ip-0A230412:88899:89111 [1] NCCL INFO Channel 00 : 17[200000] -> 16[100000] via P2P/IPC/read
ip-0A230412:88899:89111 [1] NCCL INFO Channel 01 : 17[200000] -> 16[100000] via P2P/IPC/read
ip-0A230412:88899:89111 [1] NCCL INFO Channel 08 : 17[200000] -> 16[100000] via P2P/IPC/read
ip-0A230412:88899:89111 [1] NCCL INFO Channel 09 : 17[200000] -> 16[100000] via P2P/IPC/read
ip-0A230412:88918:89117 [7] NCCL INFO Channel 06 : 23[e00000] -> 22[d00000] via P2P/IPC/read
ip-0A230412:88899:89111 [1] NCCL INFO Channel 16 : 17[200000] -> 16[100000] via P2P/IPC/read
ip-0A230412:88918:89117 [7] NCCL INFO Channel 07 : 23[e00000] -> 22[d00000] via P2P/IPC/read
ip-0A230412:88899:89111 [1] NCCL INFO Channel 17 : 17[200000] -> 16[100000] via P2P/IPC/read
ip-0A230412:88918:89117 [7] NCCL INFO Channel 14 : 23[e00000] -> 22[d00000] via P2P/IPC/read
ip-0A230412:88918:89117 [7] NCCL INFO Channel 15 : 23[e00000] -> 22[d00000] via P2P/IPC/read
ip-0A230412:88918:89117 [7] NCCL INFO Channel 22 : 23[e00000] -> 22[d00000] via P2P/IPC/read
ip-0A230412:88918:89117 [7] NCCL INFO Channel 23 : 23[e00000] -> 22[d00000] via P2P/IPC/read
ip-0A230412:88904:89115 [0] NCCL INFO Connected all trees
ip-0A230412:88899:89111 [1] NCCL INFO Connected all trees
ip-0A230412:88918:89117 [7] NCCL INFO Connected all trees
ip-0A230412:88901:89116 [6] NCCL INFO Connected all trees
ip-0A230412:88904:89115 [0] NCCL INFO CollNet 00 : 16 [receive] via COLLNET/SHARP/0/GDRDMA
ip-0A230412:88904:89279 [0] NCCL INFO NCCL_SHARP_GROUP_SIZE_THRESH set by environment to 3.
ip-0A230412:88899:89111 [1] NCCL INFO CollNet 01 : 17 [receive] via COLLNET/SHARP/1/GDRDMA
ip-0A230414:75466:75836 [0] NCCL INFO NCCL_SHARP_GROUP_SIZE_THRESH set by environment to 3.
ip-0A230414:75464:75670 [1] NCCL INFO CollNet 01 : 25 [receive] via COLLNET/SHARP/1/GDRDMA
ip-0A230417:79118:79502 [0] NCCL INFO NCCL_SHARP_GROUP_SIZE_THRESH set by environment to 3.
ip-0A230417:79119:79328 [1] NCCL INFO CollNet 01 : 33 [receive] via COLLNET/SHARP/1/GDRDMA
ip-0A230406:35561:35949 [0] NCCL INFO NCCL_SHARP_GROUP_SIZE_THRESH set by environment to 3.
ip-0A23040D:29877:30247 [0] NCCL INFO NCCL_SHARP_GROUP_SIZE_THRESH set by environment to 3.
ip-0A23040D:29879:30087 [1] NCCL INFO CollNet 01 : 1 [receive] via COLLNET/SHARP/1/GDRDMA
ip-0A230406:35570:35776 [1] NCCL INFO CollNet 01 : 41 [receive] via COLLNET/SHARP/1/GDRDMA
ip-0A23040F:94678:95049 [0] NCCL INFO NCCL_SHARP_GROUP_SIZE_THRESH set by environment to 3.
ip-0A230408:53243:53618 [0] NCCL INFO NCCL_SHARP_GROUP_SIZE_THRESH set by environment to 3.
ip-0A23040F:94677:94884 [1] NCCL INFO CollNet 01 : 9 [receive] via COLLNET/SHARP/1/GDRDMA
ip-0A230408:53242:53452 [1] NCCL INFO CollNet 01 : 49 [receive] via COLLNET/SHARP/1/GDRDMA
[ip-0A23040D:0:29877 - context.c:584] INFO job (ID: 2524862513063671362) resource request quota: ( osts:0 user_data_per_ost:0 max_groups:0 max_qps:1 max_group_channels:1, num_trees:1)
[ip-0A23040D:0:29877 unique id 0] ERROR No Aggregation Manager (sharp_am) detected in sharp_create_job.

[ip-0A23040D:0:29877 - context.c:601] ERROR sharp_create_job failed: No Aggregation Manager (sharp_am) detected(-52)
ip-0A230414:75466:75836 [0] NCCL INFO Sharp rank 3/7 initialized on mlx5_ib0:1

ip-0A230414:75466:75836 [0] sharp_plugin.c:288 NCCL WARN NET/IB :SHARP coll init error: Cannot create SHArP job(-11)

ip-0A230414:75466:75836 [0] NCCL INFO include/coll_net.h:21 -> 3
ip-0A230408:53243:53618 [0] NCCL INFO Sharp rank 6/7 initialized on mlx5_ib0:1

ip-0A230408:53243:53618 [0] sharp_plugin.c:288 NCCL WARN NET/IB :SHARP coll init error: Cannot create SHArP job(-11)

ip-0A230408:53243:53618 [0] NCCL INFO include/coll_net.h:21 -> 3
ip-0A230414:75466:75668 [0] NCCL INFO transport.cc:222 -> 2
ip-0A230408:53243:53446 [0] NCCL INFO transport.cc:222 -> 2
ip-0A230406:35561:35949 [0] NCCL INFO Sharp rank 5/7 initialized on mlx5_ib0:1

ip-0A230406:35561:35949 [0] sharp_plugin.c:288 NCCL WARN NET/IB :SHARP coll init error: Cannot create SHArP job(-11)

ip-0A230406:35561:35949 [0] NCCL INFO include/coll_net.h:21 -> 3
ip-0A230417:79118:79502 [0] NCCL INFO Sharp rank 4/7 initialized on mlx5_ib0:1

ip-0A230417:79118:79502 [0] sharp_plugin.c:288 NCCL WARN NET/IB :SHARP coll init error: Cannot create SHArP job(-11)

ip-0A230417:79118:79502 [0] NCCL INFO include/coll_net.h:21 -> 3
ip-0A23040F:94678:95049 [0] NCCL INFO Sharp rank 1/7 initialized on mlx5_ib0:1

ip-0A23040F:94678:95049 [0] sharp_plugin.c:288 NCCL WARN NET/IB :SHARP coll init error: Cannot create SHArP job(-11)

ip-0A23040F:94678:95049 [0] NCCL INFO include/coll_net.h:21 -> 3
ip-0A230412:88904:89279 [0] NCCL INFO Sharp rank 2/7 initialized on mlx5_ib0:1

ip-0A230412:88904:89279 [0] sharp_plugin.c:288 NCCL WARN NET/IB :SHARP coll init error: Cannot create SHArP job(-11)

ip-0A230412:88904:89279 [0] NCCL INFO include/coll_net.h:21 -> 3
ip-0A230417:79118:79334 [0] NCCL INFO transport.cc:222 -> 2
ip-0A230406:35561:35774 [0] NCCL INFO transport.cc:222 -> 2
ip-0A23040F:94678:94889 [0] NCCL INFO transport.cc:222 -> 2
ip-0A230412:88904:89115 [0] NCCL INFO transport.cc:222 -> 2
ip-0A23040D:29877:30247 [0] NCCL INFO Sharp rank 0/7 initialized on mlx5_ib0:1

ip-0A23040D:29877:30247 [0] sharp_plugin.c:288 NCCL WARN NET/IB :SHARP coll init error: Cannot create SHArP job(-11)

ip-0A23040D:29877:30247 [0] NCCL INFO include/coll_net.h:21 -> 3
ip-0A23040D:29877:30086 [0] NCCL INFO transport.cc:222 -> 2
ip-0A23040D:29879:30249 [1] NCCL INFO NCCL_SHARP_GROUP_SIZE_THRESH set by environment to 3.
ip-0A23040D:29876:30085 [2] NCCL INFO CollNet 02 : 2 [receive] via COLLNET/SHARP/2/GDRDMA
ip-0A23040F:94677:95051 [1] NCCL INFO NCCL_SHARP_GROUP_SIZE_THRESH set by environment to 3.
ip-0A23040F:94680:94888 [2] NCCL INFO CollNet 02 : 10 [receive] via COLLNET/SHARP/2/GDRDMA
ip-0A230414:75464:75838 [1] NCCL INFO NCCL_SHARP_GROUP_SIZE_THRESH set by environment to 3.
ip-0A230412:88899:89277 [1] NCCL INFO NCCL_SHARP_GROUP_SIZE_THRESH set by environment to 3.
ip-0A230412:88902:89112 [2] NCCL INFO CollNet 02 : 18 [receive] via COLLNET/SHARP/2/GDRDMA
ip-0A230414:75465:75672 [2] NCCL INFO CollNet 02 : 26 [receive] via COLLNET/SHARP/2/GDRDMA
ip-0A230417:79119:79501 [1] NCCL INFO NCCL_SHARP_GROUP_SIZE_THRESH set by environment to 3.
ip-0A230417:79117:79329 [2] NCCL INFO CollNet 02 : 34 [receive] via COLLNET/SHARP/2/GDRDMA
ip-0A230406:35570:35950 [1] NCCL INFO NCCL_SHARP_GROUP_SIZE_THRESH set by environment to 3.
ip-0A230406:35569:35775 [2] NCCL INFO CollNet 02 : 42 [receive] via COLLNET/SHARP/2/GDRDMA
ip-0A230408:53242:53617 [1] NCCL INFO NCCL_SHARP_GROUP_SIZE_THRESH set by environment to 3.
ip-0A230408:53248:53451 [2] NCCL INFO CollNet 02 : 50 [receive] via COLLNET/SHARP/2/GDRDMA
[ip-0A23040D:0:29879 - context.c:584] INFO job (ID: 2524863453471084715) resource request quota: ( osts:0 user_data_per_ost:0 max_groups:0 max_qps:1 max_group_channels:1, num_trees:1)
[ip-0A23040D:0:29879 unique id 0] ERROR No Aggregation Manager (sharp_am) detected in sharp_create_job.

[ip-0A23040D:0:29879 - context.c:601] ERROR sharp_create_job failed: No Aggregation Manager (sharp_am) detected(-52)
ip-0A230412:88899:89277 [1] NCCL INFO Sharp rank 2/7 initialized on mlx5_ib1:1

ip-0A230412:88899:89277 [1] sharp_plugin.c:288 NCCL WARN NET/IB :SHARP coll init error: Cannot create SHArP job(-11)

ip-0A230412:88899:89277 [1] NCCL INFO include/coll_net.h:21 -> 3
ip-0A230408:53242:53617 [1] NCCL INFO Sharp rank 6/7 initialized on mlx5_ib1:1

ip-0A230408:53242:53617 [1] sharp_plugin.c:288 NCCL WARN NET/IB :SHARP coll init error: Cannot create SHArP job(-11)

ip-0A230408:53242:53617 [1] NCCL INFO include/coll_net.h:21 -> 3
ip-0A230406:35570:35950 [1] NCCL INFO Sharp rank 5/7 initialized on mlx5_ib1:1

ip-0A230406:35570:35950 [1] sharp_plugin.c:288 NCCL WARN NET/IB :SHARP coll init error: Cannot create SHArP job(-11)

ip-0A230406:35570:35950 [1] NCCL INFO include/coll_net.h:21 -> 3
ip-0A230414:75464:75838 [1] NCCL INFO Sharp rank 3/7 initialized on mlx5_ib1:1

ip-0A230414:75464:75838 [1] sharp_plugin.c:288 NCCL WARN NET/IB :SHARP coll init error: Cannot create SHArP job(-11)

ip-0A230414:75464:75838 [1] NCCL INFO include/coll_net.h:21 -> 3
ip-0A230417:79119:79501 [1] NCCL INFO Sharp rank 4/7 initialized on mlx5_ib1:1

ip-0A230417:79119:79501 [1] sharp_plugin.c:288 NCCL WARN NET/IB :SHARP coll init error: Cannot create SHArP job(-11)

ip-0A230417:79119:79501 [1] NCCL INFO include/coll_net.h:21 -> 3
ip-0A23040F:94677:95051 [1] NCCL INFO Sharp rank 1/7 initialized on mlx5_ib1:1

ip-0A23040F:94677:95051 [1] sharp_plugin.c:288 NCCL WARN NET/IB :SHARP coll init error: Cannot create SHArP job(-11)

ip-0A23040F:94677:95051 [1] NCCL INFO include/coll_net.h:21 -> 3
ip-0A230412:88899:89111 [1] NCCL INFO transport.cc:222 -> 2
ip-0A230408:53242:53452 [1] NCCL INFO transport.cc:222 -> 2
ip-0A230414:75464:75670 [1] NCCL INFO transport.cc:222 -> 2
ip-0A230406:35570:35776 [1] NCCL INFO transport.cc:222 -> 2
ip-0A230417:79119:79328 [1] NCCL INFO transport.cc:222 -> 2
ip-0A23040F:94677:94884 [1] NCCL INFO transport.cc:222 -> 2
ip-0A23040D:29879:30249 [1] NCCL INFO Sharp rank 0/7 initialized on mlx5_ib1:1

ip-0A23040D:29879:30249 [1] sharp_plugin.c:288 NCCL WARN NET/IB :SHARP coll init error: Cannot create SHArP job(-11)

ip-0A23040D:29879:30249 [1] NCCL INFO include/coll_net.h:21 -> 3
ip-0A23040D:29879:30087 [1] NCCL INFO transport.cc:222 -> 2
ip-0A23040D:29876:30248 [2] NCCL INFO NCCL_SHARP_GROUP_SIZE_THRESH set by environment to 3.
ip-0A23040D:29878:30082 [3] NCCL INFO CollNet 03 : 3 [receive] via COLLNET/SHARP/3/GDRDMA
ip-0A23040F:94680:95055 [2] NCCL INFO NCCL_SHARP_GROUP_SIZE_THRESH set by environment to 3.
ip-0A23040F:94681:94886 [3] NCCL INFO CollNet 03 : 11 [receive] via COLLNET/SHARP/3/GDRDMA
ip-0A230412:88902:89276 [2] NCCL INFO NCCL_SHARP_GROUP_SIZE_THRESH set by environment to 3.
ip-0A230412:88903:89113 [3] NCCL INFO CollNet 03 : 19 [receive] via COLLNET/SHARP/3/GDRDMA
ip-0A230414:75465:75839 [2] NCCL INFO NCCL_SHARP_GROUP_SIZE_THRESH set by environment to 3.
ip-0A230417:79117:79495 [2] NCCL INFO NCCL_SHARP_GROUP_SIZE_THRESH set by environment to 3.
ip-0A230414:75467:75667 [3] NCCL INFO CollNet 03 : 27 [receive] via COLLNET/SHARP/3/GDRDMA
ip-0A230417:79113:79335 [3] NCCL INFO CollNet 03 : 35 [receive] via COLLNET/SHARP/3/GDRDMA
ip-0A230406:35569:35952 [2] NCCL INFO NCCL_SHARP_GROUP_SIZE_THRESH set by environment to 3.
ip-0A230406:35563:35773 [3] NCCL INFO CollNet 03 : 43 [receive] via COLLNET/SHARP/3/GDRDMA
ip-0A230408:53245:53453 [3] NCCL INFO CollNet 03 : 51 [receive] via COLLNET/SHARP/3/GDRDMA
ip-0A230408:53248:53615 [2] NCCL INFO NCCL_SHARP_GROUP_SIZE_THRESH set by environment to 3.
[ip-0A23040D:0:29876 - context.c:584] INFO job (ID: 2524863042580362648) resource request quota: ( osts:0 user_data_per_ost:0 max_groups:0 max_qps:1 max_group_channels:1, num_trees:1)
[ip-0A23040D:0:29876 unique id 0] ERROR No Aggregation Manager (sharp_am) detected in sharp_create_job.

[ip-0A23040D:0:29876 - context.c:601] ERROR sharp_create_job failed: No Aggregation Manager (sharp_am) detected(-52)
ip-0A230417:79117:79495 [2] NCCL INFO Sharp rank 4/7 initialized on mlx5_ib2:1

ip-0A230417:79117:79495 [2] sharp_plugin.c:288 NCCL WARN NET/IB :SHARP coll init error: Cannot create SHArP job(-11)

ip-0A230417:79117:79495 [2] NCCL INFO include/coll_net.h:21 -> 3
ip-0A230412:88902:89276 [2] NCCL INFO Sharp rank 2/7 initialized on mlx5_ib2:1

ip-0A230412:88902:89276 [2] sharp_plugin.c:288 NCCL WARN NET/IB :SHARP coll init error: Cannot create SHArP job(-11)

ip-0A230412:88902:89276 [2] NCCL INFO include/coll_net.h:21 -> 3
ip-0A230408:53248:53615 [2] NCCL INFO Sharp rank 6/7 initialized on mlx5_ib2:1

ip-0A230408:53248:53615 [2] sharp_plugin.c:288 NCCL WARN NET/IB :SHARP coll init error: Cannot create SHArP job(-11)

ip-0A230406:35569:35952 [2] NCCL INFO Sharp rank 5/7 initialized on mlx5_ib2:1

ip-0A230406:35569:35952 [2] sharp_plugin.c:288 NCCL WARN NET/IB :SHARP coll init error: Cannot create SHArP job(-11)

ip-0A230406:35569:35952 [2] NCCL INFO include/coll_net.h:21 -> 3
ip-0A230414:75465:75839 [2] NCCL INFO Sharp rank 3/7 initialized on mlx5_ib2:1

ip-0A230414:75465:75839 [2] sharp_plugin.c:288 NCCL WARN NET/IB :SHARP coll init error: Cannot create SHArP job(-11)

ip-0A230414:75465:75839 [2] NCCL INFO include/coll_net.h:21 -> 3
ip-0A23040F:94680:95055 [2] NCCL INFO Sharp rank 1/7 initialized on mlx5_ib2:1

ip-0A23040F:94680:95055 [2] sharp_plugin.c:288 NCCL WARN NET/IB :SHARP coll init error: Cannot create SHArP job(-11)

ip-0A23040F:94680:95055 [2] NCCL INFO include/coll_net.h:21 -> 3
ip-0A230412:88902:89112 [2] NCCL INFO transport.cc:222 -> 2
ip-0A230408:53248:53615 [2] NCCL INFO include/coll_net.h:21 -> 3
ip-0A230406:35569:35775 [2] NCCL INFO transport.cc:222 -> 2
ip-0A230417:79117:79329 [2] NCCL INFO transport.cc:222 -> 2
ip-0A230408:53248:53451 [2] NCCL INFO transport.cc:222 -> 2
ip-0A23040F:94680:94888 [2] NCCL INFO transport.cc:222 -> 2
ip-0A230414:75465:75672 [2] NCCL INFO transport.cc:222 -> 2
ip-0A23040D:29876:30248 [2] NCCL INFO Sharp rank 0/7 initialized on mlx5_ib2:1

ip-0A23040D:29876:30248 [2] sharp_plugin.c:288 NCCL WARN NET/IB :SHARP coll init error: Cannot create SHArP job(-11)

ip-0A23040D:29876:30248 [2] NCCL INFO include/coll_net.h:21 -> 3
ip-0A23040D:29876:30085 [2] NCCL INFO transport.cc:222 -> 2
ip-0A23040D:29878:30254 [3] NCCL INFO NCCL_SHARP_GROUP_SIZE_THRESH set by environment to 3.
ip-0A23040D:29882:30080 [4] NCCL INFO CollNet 04 : 4 [receive] via COLLNET/SHARP/4/GDRDMA
ip-0A23040F:94681:95056 [3] NCCL INFO NCCL_SHARP_GROUP_SIZE_THRESH set by environment to 3.
ip-0A230412:88903:89274 [3] NCCL INFO NCCL_SHARP_GROUP_SIZE_THRESH set by environment to 3.
ip-0A23040F:94679:94885 [4] NCCL INFO CollNet 04 : 12 [receive] via COLLNET/SHARP/4/GDRDMA
ip-0A230412:88900:89114 [4] NCCL INFO CollNet 04 : 20 [receive] via COLLNET/SHARP/4/GDRDMA
ip-0A230414:75467:75835 [3] NCCL INFO NCCL_SHARP_GROUP_SIZE_THRESH set by environment to 3.
ip-0A230414:75468:75666 [4] NCCL INFO CollNet 04 : 28 [receive] via COLLNET/SHARP/4/GDRDMA
ip-0A230417:79113:79496 [3] NCCL INFO NCCL_SHARP_GROUP_SIZE_THRESH set by environment to 3.
ip-0A230417:79120:79332 [4] NCCL INFO CollNet 04 : 36 [receive] via COLLNET/SHARP/4/GDRDMA
ip-0A230406:35563:35954 [3] NCCL INFO NCCL_SHARP_GROUP_SIZE_THRESH set by environment to 3.
ip-0A230408:53245:53621 [3] NCCL INFO NCCL_SHARP_GROUP_SIZE_THRESH set by environment to 3.
ip-0A230406:35566:35772 [4] NCCL INFO CollNet 04 : 44 [receive] via COLLNET/SHARP/4/GDRDMA
ip-0A230408:53244:53447 [4] NCCL INFO CollNet 04 : 52 [receive] via COLLNET/SHARP/4/GDRDMA
[ip-0A23040D:0:29878 - context.c:584] INFO job (ID: 2524862665751104404) resource request quota: ( osts:0 user_data_per_ost:0 max_groups:0 max_qps:1 max_group_channels:1, num_trees:1)
[ip-0A23040D:0:29878 unique id 0] ERROR No Aggregation Manager (sharp_am) detected in sharp_create_job.

[ip-0A23040D:0:29878 - context.c:601] ERROR sharp_create_job failed: No Aggregation Manager (sharp_am) detected(-52)
ip-0A230417:79113:79496 [3] NCCL INFO Sharp rank 4/7 initialized on mlx5_ib3:1

ip-0A230417:79113:79496 [3] sharp_plugin.c:288 NCCL WARN NET/IB :SHARP coll init error: Cannot create SHArP job(-11)

ip-0A230417:79113:79496 [3] NCCL INFO include/coll_net.h:21 -> 3
ip-0A230412:88903:89274 [3] NCCL INFO Sharp rank 2/7 initialized on mlx5_ib3:1

ip-0A230412:88903:89274 [3] sharp_plugin.c:288 NCCL WARN NET/IB :SHARP coll init error: Cannot create SHArP job(-11)

ip-0A230412:88903:89274 [3] NCCL INFO include/coll_net.h:21 -> 3
ip-0A230408:53245:53621 [3] NCCL INFO Sharp rank 6/7 initialized on mlx5_ib3:1

ip-0A230408:53245:53621 [3] sharp_plugin.c:288 NCCL WARN NET/IB :SHARP coll init error: Cannot create SHArP job(-11)

ip-0A230408:53245:53621 [3] NCCL INFO include/coll_net.h:21 -> 3
ip-0A230406:35563:35954 [3] NCCL INFO Sharp rank 5/7 initialized on mlx5_ib3:1

ip-0A230406:35563:35954 [3] sharp_plugin.c:288 NCCL WARN NET/IB :SHARP coll init error: Cannot create SHArP job(-11)

ip-0A230406:35563:35954 [3] NCCL INFO include/coll_net.h:21 -> 3
ip-0A230414:75467:75835 [3] NCCL INFO Sharp rank 3/7 initialized on mlx5_ib3:1

ip-0A230414:75467:75835 [3] sharp_plugin.c:288 NCCL WARN NET/IB :SHARP coll init error: Cannot create SHArP job(-11)

ip-0A230414:75467:75835 [3] NCCL INFO include/coll_net.h:21 -> 3
ip-0A23040F:94681:95056 [3] NCCL INFO Sharp rank 1/7 initialized on mlx5_ib3:1

ip-0A23040F:94681:95056 [3] sharp_plugin.c:288 NCCL WARN NET/IB :SHARP coll init error: Cannot create SHArP job(-11)

ip-0A23040F:94681:95056 [3] NCCL INFO include/coll_net.h:21 -> 3
ip-0A230417:79113:79335 [3] NCCL INFO transport.cc:222 -> 2
ip-0A230412:88903:89113 [3] NCCL INFO transport.cc:222 -> 2
ip-0A230408:53245:53453 [3] NCCL INFO transport.cc:222 -> 2
ip-0A230406:35563:35773 [3] NCCL INFO transport.cc:222 -> 2
ip-0A23040F:94681:94886 [3] NCCL INFO transport.cc:222 -> 2
ip-0A230414:75467:75667 [3] NCCL INFO transport.cc:222 -> 2
ip-0A23040D:29878:30254 [3] NCCL INFO Sharp rank 0/7 initialized on mlx5_ib3:1

ip-0A23040D:29878:30254 [3] sharp_plugin.c:288 NCCL WARN NET/IB :SHARP coll init error: Cannot create SHArP job(-11)

ip-0A23040D:29878:30254 [3] NCCL INFO include/coll_net.h:21 -> 3
ip-0A23040D:29878:30082 [3] NCCL INFO transport.cc:222 -> 2
ip-0A23040D:29882:30252 [4] NCCL INFO NCCL_SHARP_GROUP_SIZE_THRESH set by environment to 3.
ip-0A23040D:29880:30083 [5] NCCL INFO CollNet 05 : 5 [receive] via COLLNET/SHARP/5/GDRDMA
ip-0A23040F:94679:95048 [4] NCCL INFO NCCL_SHARP_GROUP_SIZE_THRESH set by environment to 3.
ip-0A230412:88900:89278 [4] NCCL INFO NCCL_SHARP_GROUP_SIZE_THRESH set by environment to 3.
ip-0A23040F:94685:94882 [5] NCCL INFO CollNet 05 : 13 [receive] via COLLNET/SHARP/5/GDRDMA
ip-0A230412:88905:89118 [5] NCCL INFO CollNet 05 : 21 [receive] via COLLNET/SHARP/5/GDRDMA
ip-0A230414:75468:75833 [4] NCCL INFO NCCL_SHARP_GROUP_SIZE_THRESH set by environment to 3.
ip-0A230414:75470:75671 [5] NCCL INFO CollNet 05 : 29 [receive] via COLLNET/SHARP/5/GDRDMA
ip-0A230417:79120:79498 [4] NCCL INFO NCCL_SHARP_GROUP_SIZE_THRESH set by environment to 3.
ip-0A230406:35566:35953 [4] NCCL INFO NCCL_SHARP_GROUP_SIZE_THRESH set by environment to 3.
ip-0A230417:79115:79331 [5] NCCL INFO CollNet 05 : 37 [receive] via COLLNET/SHARP/5/GDRDMA
ip-0A230406:35568:35777 [5] NCCL INFO CollNet 05 : 45 [receive] via COLLNET/SHARP/5/GDRDMA
ip-0A230408:53244:53620 [4] NCCL INFO NCCL_SHARP_GROUP_SIZE_THRESH set by environment to 3.
ip-0A230408:53246:53449 [5] NCCL INFO CollNet 05 : 53 [receive] via COLLNET/SHARP/5/GDRDMA
[ip-0A23040D:0:29882 - context.c:584] INFO job (ID: 2524862898251422105) resource request quota: ( osts:0 user_data_per_ost:0 max_groups:0 max_qps:1 max_group_channels:1, num_trees:1)
[ip-0A23040D:0:29882 unique id 0] ERROR No Aggregation Manager (sharp_am) detected in sharp_create_job.

[ip-0A23040D:0:29882 - context.c:601] ERROR sharp_create_job failed: No Aggregation Manager (sharp_am) detected(-52)
ip-0A230408:53244:53620 [4] NCCL INFO Sharp rank 6/7 initialized on mlx5_ib4:1

ip-0A230408:53244:53620 [4] sharp_plugin.c:288 NCCL WARN NET/IB :SHARP coll init error: Cannot create SHArP job(-11)

ip-0A230408:53244:53620 [4] NCCL INFO include/coll_net.h:21 -> 3
ip-0A230406:35566:35953 [4] NCCL INFO Sharp rank 5/7 initialized on mlx5_ib4:1

ip-0A230406:35566:35953 [4] sharp_plugin.c:288 NCCL WARN NET/IB :SHARP coll init error: Cannot create SHArP job(-11)

ip-0A230406:35566:35953 [4] NCCL INFO include/coll_net.h:21 -> 3
ip-0A230414:75468:75833 [4] NCCL INFO Sharp rank 3/7 initialized on mlx5_ib4:1

ip-0A230414:75468:75833 [4] sharp_plugin.c:288 NCCL WARN NET/IB :SHARP coll init error: Cannot create SHArP job(-11)

ip-0A230414:75468:75833 [4] NCCL INFO include/coll_net.h:21 -> 3
ip-0A23040F:94679:95048 [4] NCCL INFO Sharp rank 1/7 initialized on mlx5_ib4:1

ip-0A23040F:94679:95048 [4] sharp_plugin.c:288 NCCL WARN NET/IB :SHARP coll init error: Cannot create SHArP job(-11)

ip-0A23040F:94679:95048 [4] NCCL INFO include/coll_net.h:21 -> 3
ip-0A230417:79120:79498 [4] NCCL INFO Sharp rank 4/7 initialized on mlx5_ib4:1

ip-0A230417:79120:79498 [4] sharp_plugin.c:288 NCCL WARN NET/IB :SHARP coll init error: Cannot create SHArP job(-11)

ip-0A230417:79120:79498 [4] NCCL INFO include/coll_net.h:21 -> 3
ip-0A230412:88900:89278 [4] NCCL INFO Sharp rank 2/7 initialized on mlx5_ib4:1

ip-0A230412:88900:89278 [4] sharp_plugin.c:288 NCCL WARN NET/IB :SHARP coll init error: Cannot create SHArP job(-11)

ip-0A230412:88900:89278 [4] NCCL INFO include/coll_net.h:21 -> 3
ip-0A230408:53244:53447 [4] NCCL INFO transport.cc:222 -> 2
ip-0A230414:75468:75666 [4] NCCL INFO transport.cc:222 -> 2
ip-0A230406:35566:35772 [4] NCCL INFO transport.cc:222 -> 2
ip-0A230417:79120:79332 [4] NCCL INFO transport.cc:222 -> 2
ip-0A230412:88900:89114 [4] NCCL INFO transport.cc:222 -> 2
ip-0A23040F:94679:94885 [4] NCCL INFO transport.cc:222 -> 2
ip-0A23040D:29882:30252 [4] NCCL INFO Sharp rank 0/7 initialized on mlx5_ib4:1

ip-0A23040D:29882:30252 [4] sharp_plugin.c:288 NCCL WARN NET/IB :SHARP coll init error: Cannot create SHArP job(-11)

ip-0A23040D:29882:30252 [4] NCCL INFO include/coll_net.h:21 -> 3
ip-0A23040D:29882:30080 [4] NCCL INFO transport.cc:222 -> 2
ip-0A23040D:29880:30253 [5] NCCL INFO NCCL_SHARP_GROUP_SIZE_THRESH set by environment to 3.
ip-0A23040D:29883:30084 [6] NCCL INFO CollNet 06 : 6 [receive] via COLLNET/SHARP/6/GDRDMA
ip-0A23040F:94685:95050 [5] NCCL INFO NCCL_SHARP_GROUP_SIZE_THRESH set by environment to 3.
ip-0A23040F:94683:94883 [6] NCCL INFO CollNet 06 : 14 [receive] via COLLNET/SHARP/6/GDRDMA
ip-0A230412:88905:89275 [5] NCCL INFO NCCL_SHARP_GROUP_SIZE_THRESH set by environment to 3.
ip-0A230412:88901:89116 [6] NCCL INFO CollNet 06 : 22 [receive] via COLLNET/SHARP/6/GDRDMA
ip-0A230414:75470:75837 [5] NCCL INFO NCCL_SHARP_GROUP_SIZE_THRESH set by environment to 3.
ip-0A230414:75463:75669 [6] NCCL INFO CollNet 06 : 30 [receive] via COLLNET/SHARP/6/GDRDMA
ip-0A230417:79115:79497 [5] NCCL INFO NCCL_SHARP_GROUP_SIZE_THRESH set by environment to 3.
ip-0A230406:35568:35947 [5] NCCL INFO NCCL_SHARP_GROUP_SIZE_THRESH set by environment to 3.
ip-0A230417:79116:79333 [6] NCCL INFO CollNet 06 : 38 [receive] via COLLNET/SHARP/6/GDRDMA
ip-0A230408:53246:53622 [5] NCCL INFO NCCL_SHARP_GROUP_SIZE_THRESH set by environment to 3.
ip-0A230406:35564:35771 [6] NCCL INFO CollNet 06 : 46 [receive] via COLLNET/SHARP/6/GDRDMA
ip-0A230408:53249:53450 [6] NCCL INFO CollNet 06 : 54 [receive] via COLLNET/SHARP/6/GDRDMA
[ip-0A23040D:0:29880 - context.c:584] INFO job (ID: 2524862837264534449) resource request quota: ( osts:0 user_data_per_ost:0 max_groups:0 max_qps:1 max_group_channels:1, num_trees:1)
[ip-0A23040D:0:29880 unique id 0] ERROR No Aggregation Manager (sharp_am) detected in sharp_create_job.

[ip-0A23040D:0:29880 - context.c:601] ERROR sharp_create_job failed: No Aggregation Manager (sharp_am) detected(-52)
ip-0A230408:53246:53622 [5] NCCL INFO Sharp rank 6/7 initialized on mlx5_ib5:1

ip-0A230408:53246:53622 [5] sharp_plugin.c:288 NCCL WARN NET/IB :SHARP coll init error: Cannot create SHArP job(-11)

ip-0A230408:53246:53622 [5] NCCL INFO include/coll_net.h:21 -> 3
ip-0A230417:79115:79497 [5] NCCL INFO Sharp rank 4/7 initialized on mlx5_ib5:1

ip-0A230417:79115:79497 [5] sharp_plugin.c:288 NCCL WARN NET/IB :SHARP coll init error: Cannot create SHArP job(-11)

ip-0A230417:79115:79497 [5] NCCL INFO include/coll_net.h:21 -> 3
ip-0A23040F:94685:95050 [5] NCCL INFO Sharp rank 1/7 initialized on mlx5_ib5:1

ip-0A23040F:94685:95050 [5] sharp_plugin.c:288 NCCL WARN NET/IB :SHARP coll init error: Cannot create SHArP job(-11)

ip-0A23040F:94685:95050 [5] NCCL INFO include/coll_net.h:21 -> 3
ip-0A230406:35568:35947 [5] NCCL INFO Sharp rank 5/7 initialized on mlx5_ib5:1

ip-0A230406:35568:35947 [5] sharp_plugin.c:288 NCCL WARN NET/IB :SHARP coll init error: Cannot create SHArP job(-11)

ip-0A230406:35568:35947 [5] NCCL INFO include/coll_net.h:21 -> 3
ip-0A230412:88905:89275 [5] NCCL INFO Sharp rank 2/7 initialized on mlx5_ib5:1

ip-0A230412:88905:89275 [5] sharp_plugin.c:288 NCCL WARN NET/IB :SHARP coll init error: Cannot create SHArP job(-11)

ip-0A230412:88905:89275 [5] NCCL INFO include/coll_net.h:21 -> 3
ip-0A230414:75470:75837 [5] NCCL INFO Sharp rank 3/7 initialized on mlx5_ib5:1

ip-0A230414:75470:75837 [5] sharp_plugin.c:288 NCCL WARN NET/IB :SHARP coll init error: Cannot create SHArP job(-11)

ip-0A230414:75470:75837 [5] NCCL INFO include/coll_net.h:21 -> 3
ip-0A230408:53246:53449 [5] NCCL INFO transport.cc:222 -> 2
ip-0A230417:79115:79331 [5] NCCL INFO transport.cc:222 -> 2
ip-0A23040F:94685:94882 [5] NCCL INFO transport.cc:222 -> 2
ip-0A230412:88905:89118 [5] NCCL INFO transport.cc:222 -> 2
ip-0A230414:75470:75671 [5] NCCL INFO transport.cc:222 -> 2
ip-0A230406:35568:35777 [5] NCCL INFO transport.cc:222 -> 2
ip-0A23040D:29880:30253 [5] NCCL INFO Sharp rank 0/7 initialized on mlx5_ib5:1

ip-0A23040D:29880:30253 [5] sharp_plugin.c:288 NCCL WARN NET/IB :SHARP coll init error: Cannot create SHArP job(-11)

ip-0A23040D:29880:30253 [5] NCCL INFO include/coll_net.h:21 -> 3
ip-0A23040D:29880:30083 [5] NCCL INFO transport.cc:222 -> 2
ip-0A23040D:29883:30250 [6] NCCL INFO NCCL_SHARP_GROUP_SIZE_THRESH set by environment to 3.
ip-0A23040D:29881:30081 [7] NCCL INFO CollNet 07 : 7 [receive] via COLLNET/SHARP/7/GDRDMA
ip-0A23040F:94683:95054 [6] NCCL INFO NCCL_SHARP_GROUP_SIZE_THRESH set by environment to 3.
ip-0A23040F:94682:94887 [7] NCCL INFO CollNet 07 : 15 [receive] via COLLNET/SHARP/7/GDRDMA
ip-0A230412:88901:89281 [6] NCCL INFO NCCL_SHARP_GROUP_SIZE_THRESH set by environment to 3.
ip-0A230414:75463:75834 [6] NCCL INFO NCCL_SHARP_GROUP_SIZE_THRESH set by environment to 3.
ip-0A230412:88918:89117 [7] NCCL INFO CollNet 07 : 23 [receive] via COLLNET/SHARP/7/GDRDMA
ip-0A230414:75462:75673 [7] NCCL INFO CollNet 07 : 31 [receive] via COLLNET/SHARP/7/GDRDMA
ip-0A230417:79116:79500 [6] NCCL INFO NCCL_SHARP_GROUP_SIZE_THRESH set by environment to 3.
ip-0A230417:79114:79330 [7] NCCL INFO CollNet 07 : 39 [receive] via COLLNET/SHARP/7/GDRDMA
ip-0A230406:35564:35948 [6] NCCL INFO NCCL_SHARP_GROUP_SIZE_THRESH set by environment to 3.
ip-0A230408:53249:53616 [6] NCCL INFO NCCL_SHARP_GROUP_SIZE_THRESH set by environment to 3.
ip-0A230406:35562:35770 [7] NCCL INFO CollNet 07 : 47 [receive] via COLLNET/SHARP/7/GDRDMA
ip-0A230408:53247:53448 [7] NCCL INFO CollNet 07 : 55 [receive] via COLLNET/SHARP/7/GDRDMA
[ip-0A23040D:0:29883 - context.c:584] INFO job (ID: 2524862833689584516) resource request quota: ( osts:0 user_data_per_ost:0 max_groups:0 max_qps:1 max_group_channels:1, num_trees:1)
[ip-0A23040D:0:29883 unique id 0] ERROR No Aggregation Manager (sharp_am) detected in sharp_create_job.

[ip-0A23040D:0:29883 - context.c:601] ERROR sharp_create_job failed: No Aggregation Manager (sharp_am) detected(-52)
ip-0A230408:53249:53616 [6] NCCL INFO Sharp rank 6/7 initialized on mlx5_ib6:1

ip-0A230408:53249:53616 [6] sharp_plugin.c:288 NCCL WARN NET/IB :SHARP coll init error: Cannot create SHArP job(-11)

ip-0A230408:53249:53616 [6] NCCL INFO include/coll_net.h:21 -> 3
ip-0A230406:35564:35948 [6] NCCL INFO Sharp rank 5/7 initialized on mlx5_ib6:1

ip-0A230406:35564:35948 [6] sharp_plugin.c:288 NCCL WARN NET/IB :SHARP coll init error: Cannot create SHArP job(-11)

ip-0A230406:35564:35948 [6] NCCL INFO include/coll_net.h:21 -> 3
ip-0A230414:75463:75834 [6] NCCL INFO Sharp rank 3/7 initialized on mlx5_ib6:1

ip-0A230414:75463:75834 [6] sharp_plugin.c:288 NCCL WARN NET/IB :SHARP coll init error: Cannot create SHArP job(-11)

ip-0A230414:75463:75834 [6] NCCL INFO include/coll_net.h:21 -> 3
ip-0A230417:79116:79500 [6] NCCL INFO Sharp rank 4/7 initialized on mlx5_ib6:1

ip-0A230417:79116:79500 [6] sharp_plugin.c:288 NCCL WARN NET/IB :SHARP coll init error: Cannot create SHArP job(-11)

ip-0A230417:79116:79500 [6] NCCL INFO include/coll_net.h:21 -> 3
ip-0A23040F:94683:95054 [6] NCCL INFO Sharp rank 1/7 initialized on mlx5_ib6:1

ip-0A23040F:94683:95054 [6] sharp_plugin.c:288 NCCL WARN NET/IB :SHARP coll init error: Cannot create SHArP job(-11)

ip-0A23040F:94683:95054 [6] NCCL INFO include/coll_net.h:21 -> 3
ip-0A230412:88901:89281 [6] NCCL INFO Sharp rank 2/7 initialized on mlx5_ib6:1

ip-0A230412:88901:89281 [6] sharp_plugin.c:288 NCCL WARN NET/IB :SHARP coll init error: Cannot create SHArP job(-11)

ip-0A230412:88901:89281 [6] NCCL INFO include/coll_net.h:21 -> 3
ip-0A230406:35564:35771 [6] NCCL INFO transport.cc:222 -> 2
ip-0A230408:53249:53450 [6] NCCL INFO transport.cc:222 -> 2
ip-0A230417:79116:79333 [6] NCCL INFO transport.cc:222 -> 2
ip-0A230414:75463:75669 [6] NCCL INFO transport.cc:222 -> 2
ip-0A23040F:94683:94883 [6] NCCL INFO transport.cc:222 -> 2
ip-0A230412:88901:89116 [6] NCCL INFO transport.cc:222 -> 2
ip-0A23040D:29883:30250 [6] NCCL INFO Sharp rank 0/7 initialized on mlx5_ib6:1

ip-0A23040D:29883:30250 [6] sharp_plugin.c:288 NCCL WARN NET/IB :SHARP coll init error: Cannot create SHArP job(-11)

ip-0A23040D:29883:30250 [6] NCCL INFO include/coll_net.h:21 -> 3
ip-0A23040D:29883:30084 [6] NCCL INFO transport.cc:222 -> 2
ip-0A23040D:29881:30251 [7] NCCL INFO NCCL_SHARP_GROUP_SIZE_THRESH set by environment to 3.
ip-0A23040F:94682:95053 [7] NCCL INFO NCCL_SHARP_GROUP_SIZE_THRESH set by environment to 3.
ip-0A230412:88918:89280 [7] NCCL INFO NCCL_SHARP_GROUP_SIZE_THRESH set by environment to 3.
ip-0A230414:75462:75840 [7] NCCL INFO NCCL_SHARP_GROUP_SIZE_THRESH set by environment to 3.
ip-0A230417:79114:79499 [7] NCCL INFO NCCL_SHARP_GROUP_SIZE_THRESH set by environment to 3.
ip-0A230406:35562:35951 [7] NCCL INFO NCCL_SHARP_GROUP_SIZE_THRESH set by environment to 3.
ip-0A230408:53247:53619 [7] NCCL INFO NCCL_SHARP_GROUP_SIZE_THRESH set by environment to 3.
[ip-0A23040D:0:29881 - context.c:584] INFO job (ID: 2524863420858578758) resource request quota: ( osts:0 user_data_per_ost:0 max_groups:0 max_qps:1 max_group_channels:1, num_trees:1)
[ip-0A23040D:0:29881 unique id 0] ERROR No Aggregation Manager (sharp_am) detected in sharp_create_job.

[ip-0A23040D:0:29881 - context.c:601] ERROR sharp_create_job failed: No Aggregation Manager (sharp_am) detected(-52)
ip-0A230417:79114:79499 [7] NCCL INFO Sharp rank 4/7 initialized on mlx5_ib7:1

ip-0A230417:79114:79499 [7] sharp_plugin.c:288 NCCL WARN NET/IB :SHARP coll init error: Cannot create SHArP job(-11)

ip-0A230417:79114:79499 [7] NCCL INFO include/coll_net.h:21 -> 3
ip-0A23040F:94682:95053 [7] NCCL INFO Sharp rank 1/7 initialized on mlx5_ib7:1

ip-0A23040F:94682:95053 [7] sharp_plugin.c:288 NCCL WARN NET/IB :SHARP coll init error: Cannot create SHArP job(-11)

ip-0A23040F:94682:95053 [7] NCCL INFO include/coll_net.h:21 -> 3
ip-0A230414:75462:75840 [7] NCCL INFO Sharp rank 3/7 initialized on mlx5_ib7:1

ip-0A230414:75462:75840 [7] sharp_plugin.c:288 NCCL WARN NET/IB :SHARP coll init error: Cannot create SHArP job(-11)

ip-0A230414:75462:75840 [7] NCCL INFO include/coll_net.h:21 -> 3
ip-0A230408:53247:53619 [7] NCCL INFO Sharp rank 6/7 initialized on mlx5_ib7:1

ip-0A230408:53247:53619 [7] sharp_plugin.c:288 NCCL WARN NET/IB :SHARP coll init error: Cannot create SHArP job(-11)

ip-0A230408:53247:53619 [7] NCCL INFO include/coll_net.h:21 -> 3
ip-0A230406:35562:35951 [7] NCCL INFO Sharp rank 5/7 initialized on mlx5_ib7:1

ip-0A230406:35562:35951 [7] sharp_plugin.c:288 NCCL WARN NET/IB :SHARP coll init error: Cannot create SHArP job(-11)

ip-0A230406:35562:35951 [7] NCCL INFO include/coll_net.h:21 -> 3
ip-0A230406:35562:35770 [7] NCCL INFO transport.cc:222 -> 2
ip-0A230412:88918:89280 [7] NCCL INFO Sharp rank 2/7 initialized on mlx5_ib7:1

ip-0A230412:88918:89280 [7] sharp_plugin.c:288 NCCL WARN NET/IB :SHARP coll init error: Cannot create SHArP job(-11)

ip-0A230412:88918:89280 [7] NCCL INFO include/coll_net.h:21 -> 3
ip-0A23040F:94682:94887 [7] NCCL INFO transport.cc:222 -> 2
ip-0A230412:88918:89117 [7] NCCL INFO transport.cc:222 -> 2
ip-0A230417:79114:79330 [7] NCCL INFO transport.cc:222 -> 2
ip-0A230408:53247:53448 [7] NCCL INFO transport.cc:222 -> 2
ip-0A230414:75462:75673 [7] NCCL INFO transport.cc:222 -> 2
ip-0A230406:35562:35770 [7] NCCL INFO init.cc:765 -> 2
ip-0A230406:35562:35770 [7] NCCL INFO threadThresholds 8/8/64 | 448/8/64 | 8/8/512
ip-0A230408:53247:53448 [7] NCCL INFO init.cc:765 -> 2
ip-0A230408:53247:53448 [7] NCCL INFO threadThresholds 8/8/64 | 448/8/64 | 8/8/512
ip-0A230417:79114:79330 [7] NCCL INFO init.cc:765 -> 2

ip-0A230406:35561:35774 [0] transport.cc:253 NCCL WARN Cannot initialize CollNet, using point-to-point network instead
ip-0A230406:35561:35774 [0] NCCL INFO init.cc:765 -> 2
ip-0A230406:35561:35774 [0] NCCL INFO threadThresholds 8/8/64 | 448/8/64 | 8/8/512
ip-0A230406:35570:35776 [1] NCCL INFO init.cc:765 -> 2
ip-0A230406:35570:35776 [1] NCCL INFO threadThresholds 8/8/64 | 448/8/64 | 8/8/512
ip-0A23040F:94683:94883 [6] NCCL INFO init.cc:765 -> 2
ip-0A23040F:94683:94883 [6] NCCL INFO threadThresholds 8/8/64 | 448/8/64 | 8/8/512
ip-0A230412:88918:89117 [7] NCCL INFO init.cc:765 -> 2
ip-0A230412:88918:89117 [7] NCCL INFO threadThresholds 8/8/64 | 448/8/64 | 8/8/512
ip-0A230406:35569:35775 [2] NCCL INFO init.cc:765 -> 2
ip-0A230406:35569:35775 [2] NCCL INFO threadThresholds 8/8/64 | 448/8/64 | 8/8/512
ip-0A230406:35563:35773 [3] NCCL INFO init.cc:765 -> 2
ip-0A230406:35563:35773 [3] NCCL INFO threadThresholds 8/8/64 | 448/8/64 | 8/8/512
ip-0A230406:35566:35772 [4] NCCL INFO init.cc:765 -> 2
ip-0A230406:35566:35772 [4] NCCL INFO threadThresholds 8/8/64 | 448/8/64 | 8/8/512
ip-0A230406:35568:35777 [5] NCCL INFO init.cc:765 -> 2
ip-0A230406:35568:35777 [5] NCCL INFO threadThresholds 8/8/64 | 448/8/64 | 8/8/512
ip-0A230414:75462:75673 [7] NCCL INFO init.cc:765 -> 2
ip-0A230406:35564:35771 [6] NCCL INFO init.cc:765 -> 2
ip-0A230406:35564:35771 [6] NCCL INFO threadThresholds 8/8/64 | 448/8/64 | 8/8/512
ip-0A230414:75462:75673 [7] NCCL INFO threadThresholds 8/8/64 | 448/8/64 | 8/8/512
ip-0A230408:53249:53450 [6] NCCL INFO init.cc:765 -> 2

ip-0A230408:53243:53446 [0] transport.cc:253 NCCL WARN Cannot initialize CollNet, using point-to-point network instead
ip-0A230408:53243:53446 [0] NCCL INFO init.cc:765 -> 2

ip-0A230417:79118:79334 [0] transport.cc:253 NCCL WARN Cannot initialize CollNet, using point-to-point network instead
ip-0A230408:53242:53452 [1] NCCL INFO init.cc:765 -> 2
ip-0A230417:79114:79330 [7] NCCL INFO threadThresholds 8/8/64 | 448/8/64 | 8/8/512
ip-0A230408:53248:53451 [2] NCCL INFO init.cc:765 -> 2
ip-0A230408:53248:53451 [2] NCCL INFO threadThresholds 8/8/64 | 448/8/64 | 8/8/512
ip-0A230417:79118:79334 [0] NCCL INFO init.cc:765 -> 2
ip-0A230408:53245:53453 [3] NCCL INFO init.cc:765 -> 2
ip-0A230417:79119:79328 [1] NCCL INFO init.cc:765 -> 2
ip-0A230408:53249:53450 [6] NCCL INFO threadThresholds 8/8/64 | 448/8/64 | 8/8/512
ip-0A230417:79117:79329 [2] NCCL INFO init.cc:765 -> 2
ip-0A230408:53243:53446 [0] NCCL INFO threadThresholds 8/8/64 | 448/8/64 | 8/8/512
ip-0A230417:79118:79334 [0] NCCL INFO threadThresholds 8/8/64 | 448/8/64 | 8/8/512
ip-0A230408:53242:53452 [1] NCCL INFO threadThresholds 8/8/64 | 448/8/64 | 8/8/512
ip-0A230417:79120:79332 [4] NCCL INFO init.cc:765 -> 2
ip-0A230408:53245:53453 [3] NCCL INFO threadThresholds 8/8/64 | 448/8/64 | 8/8/512
ip-0A230417:79119:79328 [1] NCCL INFO threadThresholds 8/8/64 | 448/8/64 | 8/8/512
ip-0A230408:53244:53447 [4] NCCL INFO init.cc:765 -> 2
ip-0A230417:79117:79329 [2] NCCL INFO threadThresholds 8/8/64 | 448/8/64 | 8/8/512
ip-0A230408:53244:53447 [4] NCCL INFO threadThresholds 8/8/64 | 448/8/64 | 8/8/512
ip-0A230417:79113:79335 [3] NCCL INFO init.cc:765 -> 2
ip-0A23040F:94682:94887 [7] NCCL INFO init.cc:765 -> 2
ip-0A23040F:94682:94887 [7] NCCL INFO threadThresholds 8/8/64 | 448/8/64 | 8/8/512
ip-0A230408:53246:53449 [5] NCCL INFO init.cc:765 -> 2
ip-0A230408:53246:53449 [5] NCCL INFO threadThresholds 8/8/64 | 448/8/64 | 8/8/512
ip-0A230417:79113:79335 [3] NCCL INFO threadThresholds 8/8/64 | 448/8/64 | 8/8/512

ip-0A23040F:94678:94889 [0] transport.cc:253 NCCL WARN Cannot initialize CollNet, using point-to-point network instead
ip-0A23040F:94678:94889 [0] NCCL INFO init.cc:765 -> 2

ip-0A230412:88904:89115 [0] transport.cc:253 NCCL WARN Cannot initialize CollNet, using point-to-point network instead
ip-0A230412:88904:89115 [0] NCCL INFO init.cc:765 -> 2
ip-0A230412:88904:89115 [0] NCCL INFO threadThresholds 8/8/64 | 448/8/64 | 8/8/512
ip-0A230417:79120:79332 [4] NCCL INFO threadThresholds 8/8/64 | 448/8/64 | 8/8/512
ip-0A23040F:94677:94884 [1] NCCL INFO init.cc:765 -> 2
ip-0A23040F:94677:94884 [1] NCCL INFO threadThresholds 8/8/64 | 448/8/64 | 8/8/512
ip-0A230412:88899:89111 [1] NCCL INFO init.cc:765 -> 2
ip-0A230412:88899:89111 [1] NCCL INFO threadThresholds 8/8/64 | 448/8/64 | 8/8/512
ip-0A230417:79115:79331 [5] NCCL INFO init.cc:765 -> 2
ip-0A23040F:94680:94888 [2] NCCL INFO init.cc:765 -> 2
ip-0A23040F:94680:94888 [2] NCCL INFO threadThresholds 8/8/64 | 448/8/64 | 8/8/512
ip-0A230412:88902:89112 [2] NCCL INFO init.cc:765 -> 2
ip-0A230412:88902:89112 [2] NCCL INFO threadThresholds 8/8/64 | 448/8/64 | 8/8/512
ip-0A230417:79115:79331 [5] NCCL INFO threadThresholds 8/8/64 | 448/8/64 | 8/8/512
