ip-0A230406:96154:96370 [1] NCCL INFO Connected all trees
ip-0A230406:96183:96371 [0] NCCL INFO Connected all trees
ip-0A230406:96183:96371 [0] NCCL INFO CollNet 00 : 40 [receive] via COLLNET/SHARP/0/GDRDMA
ip-0A230417:45695:45899 [5] NCCL INFO Channel 13 : 37[c00000] -> 36[b00000] via P2P/IPC/read
ip-0A230417:45694:45904 [4] NCCL INFO Channel 12/0 : 36[b00000] -> 28[b00000] [send] via NET/IBext/4/GDRDMA
ip-0A230417:45696:45901 [7] NCCL INFO Channel 03 : 39[e00000] -> 32[100000] via P2P/IPC/read
ip-0A230417:45695:45899 [5] NCCL INFO Channel 20 : 37[c00000] -> 36[b00000] via P2P/IPC/read
ip-0A230417:45696:45901 [7] NCCL INFO Channel 04 : 39[e00000] -> 32[100000] via P2P/IPC/read
ip-0A230417:45695:45899 [5] NCCL INFO Channel 21 : 37[c00000] -> 36[b00000] via P2P/IPC/read
ip-0A230417:45696:45901 [7] NCCL INFO Channel 05 : 39[e00000] -> 32[100000] via P2P/IPC/read
ip-0A230417:45696:45901 [7] NCCL INFO Channel 06 : 39[e00000] -> 32[100000] via P2P/IPC/read
ip-0A230417:45696:45901 [7] NCCL INFO Channel 10 : 39[e00000] -> 32[100000] via P2P/IPC/read
ip-0A230417:45696:45901 [7] NCCL INFO Channel 11 : 39[e00000] -> 32[100000] via P2P/IPC/read
ip-0A230417:45696:45901 [7] NCCL INFO Channel 12 : 39[e00000] -> 32[100000] via P2P/IPC/read
ip-0A230417:45696:45901 [7] NCCL INFO Channel 13 : 39[e00000] -> 32[100000] via P2P/IPC/read
ip-0A230417:45696:45901 [7] NCCL INFO Channel 14 : 39[e00000] -> 32[100000] via P2P/IPC/read
ip-0A230417:45696:45901 [7] NCCL INFO Channel 18 : 39[e00000] -> 32[100000] via P2P/IPC/read
ip-0A230417:45696:45901 [7] NCCL INFO Channel 19 : 39[e00000] -> 32[100000] via P2P/IPC/read
ip-0A230417:45696:45901 [7] NCCL INFO Channel 20 : 39[e00000] -> 32[100000] via P2P/IPC/read
ip-0A230417:45700:45905 [2] NCCL INFO Connected all trees
ip-0A230417:45697:45900 [3] NCCL INFO Connected all trees
ip-0A230417:45696:45901 [7] NCCL INFO Channel 21 : 39[e00000] -> 32[100000] via P2P/IPC/read
ip-0A230417:45696:45901 [7] NCCL INFO Channel 22 : 39[e00000] -> 32[100000] via P2P/IPC/read
ip-0A230417:45694:45904 [4] NCCL INFO Connected all trees
ip-0A230417:45695:45899 [5] NCCL INFO Connected all trees
ip-0A230417:45696:45901 [7] NCCL INFO Channel 06 : 39[e00000] -> 38[d00000] via P2P/IPC/read
ip-0A230417:45696:45901 [7] NCCL INFO Channel 07 : 39[e00000] -> 38[d00000] via P2P/IPC/read
ip-0A230417:45696:45901 [7] NCCL INFO Channel 14 : 39[e00000] -> 38[d00000] via P2P/IPC/read
ip-0A230417:45696:45901 [7] NCCL INFO Channel 15 : 39[e00000] -> 38[d00000] via P2P/IPC/read
ip-0A230417:45696:45901 [7] NCCL INFO Channel 22 : 39[e00000] -> 38[d00000] via P2P/IPC/read
ip-0A230417:45696:45901 [7] NCCL INFO Channel 23 : 39[e00000] -> 38[d00000] via P2P/IPC/read
ip-0A230417:45701:45902 [0] NCCL INFO Connected all trees
ip-0A230417:45701:45902 [0] NCCL INFO CollNet 00 : 32 [receive] via COLLNET/SHARP/0/GDRDMA
ip-0A230417:45696:45901 [7] NCCL INFO Connected all trees
ip-0A230417:45699:45906 [6] NCCL INFO Connected all trees
ip-0A230417:45698:45903 [1] NCCL INFO Connected all trees
ip-0A230414:42688:42904 [2] NCCL INFO Channel 11/0 : 26[300000] -> 19[400000] [send] via NET/IBext/3/GDRDMA
ip-0A230412:55411:55617 [6] NCCL INFO Channel 07/0 : 22[d00000] -> 15[e00000] [send] via NET/IBext/7/GDRDMA
ip-0A230412:55411:55617 [6] NCCL INFO Channel 23/0 : 22[d00000] -> 15[e00000] [send] via NET/IBext/7/GDRDMA
ip-0A230414:42690:42903 [4] NCCL INFO Channel 13/0 : 28[b00000] -> 21[c00000] [send] via NET/IBext/5/GDRDMA
ip-0A230412:55408:55621 [1] NCCL INFO Channel 00 : 17[200000] -> 16[100000] via P2P/IPC/read
ip-0A230412:55408:55621 [1] NCCL INFO Channel 01 : 17[200000] -> 16[100000] via P2P/IPC/read
ip-0A230412:55408:55621 [1] NCCL INFO Channel 08 : 17[200000] -> 16[100000] via P2P/IPC/read
ip-0A230412:55405:55623 [3] NCCL INFO Channel 03/0 : 27[400000] -> 19[400000] [receive] via NET/IBext/3/GDRDMA
ip-0A230412:55405:55623 [3] NCCL INFO Channel 19/0 : 27[400000] -> 19[400000] [receive] via NET/IBext/3/GDRDMA
ip-0A230412:55408:55621 [1] NCCL INFO Channel 09 : 17[200000] -> 16[100000] via P2P/IPC/read
ip-0A230412:55408:55621 [1] NCCL INFO Channel 16 : 17[200000] -> 16[100000] via P2P/IPC/read
ip-0A230412:55408:55621 [1] NCCL INFO Channel 17 : 17[200000] -> 16[100000] via P2P/IPC/read
ip-0A23040F:61915:62124 [7] NCCL INFO Channel 06 : 15[e00000] -> 14[d00000] via P2P/IPC/read
ip-0A23040F:61915:62124 [7] NCCL INFO Channel 07 : 15[e00000] -> 14[d00000] via P2P/IPC/read
ip-0A23040F:61915:62124 [7] NCCL INFO Channel 14 : 15[e00000] -> 14[d00000] via P2P/IPC/read
ip-0A23040F:61915:62124 [7] NCCL INFO Channel 15 : 15[e00000] -> 14[d00000] via P2P/IPC/read
ip-0A23040F:61915:62124 [7] NCCL INFO Channel 22 : 15[e00000] -> 14[d00000] via P2P/IPC/read
ip-0A23040F:61915:62124 [7] NCCL INFO Channel 23 : 15[e00000] -> 14[d00000] via P2P/IPC/read
ip-0A23040F:61915:62124 [7] NCCL INFO Connected all trees
ip-0A23040F:61919:62123 [6] NCCL INFO Connected all trees
ip-0A230412:55409:55619 [2] NCCL INFO Channel 03/0 : 18[300000] -> 11[400000] [send] via NET/IBext/3/GDRDMA
ip-0A230412:55409:55619 [2] NCCL INFO Channel 19/0 : 18[300000] -> 11[400000] [send] via NET/IBext/3/GDRDMA
ip-0A230412:55406:55620 [5] NCCL INFO Channel 05/0 : 29[c00000] -> 21[c00000] [receive] via NET/IBext/5/GDRDMA
ip-0A230412:55406:55620 [5] NCCL INFO Channel 21/0 : 29[c00000] -> 21[c00000] [receive] via NET/IBext/5/GDRDMA
ip-0A230414:42681:42900 [3] NCCL INFO Channel 02 : 27[400000] -> 26[300000] via P2P/IPC/read
ip-0A230414:42681:42900 [3] NCCL INFO Channel 03 : 27[400000] -> 26[300000] via P2P/IPC/read
ip-0A230414:42681:42900 [3] NCCL INFO Channel 10 : 27[400000] -> 26[300000] via P2P/IPC/read
ip-0A230412:55410:55618 [4] NCCL INFO Channel 05/0 : 20[b00000] -> 13[c00000] [send] via NET/IBext/5/GDRDMA
ip-0A230412:55410:55618 [4] NCCL INFO Channel 21/0 : 20[b00000] -> 13[c00000] [send] via NET/IBext/5/GDRDMA
ip-0A230414:42681:42900 [3] NCCL INFO Channel 11 : 27[400000] -> 26[300000] via P2P/IPC/read
ip-0A230414:42681:42900 [3] NCCL INFO Channel 18 : 27[400000] -> 26[300000] via P2P/IPC/read
ip-0A230414:42681:42900 [3] NCCL INFO Channel 19 : 27[400000] -> 26[300000] via P2P/IPC/read
ip-0A230412:55407:55622 [0] NCCL INFO Channel 01/0 : 16[100000] -> 9[200000] [send] via NET/IBext/1/GDRDMA
ip-0A230412:55407:55622 [0] NCCL INFO Channel 17/0 : 16[100000] -> 9[200000] [send] via NET/IBext/1/GDRDMA
ip-0A230412:55404:55624 [7] NCCL INFO Channel 15/0 : 30[d00000] -> 23[e00000] [receive] via NET/IBext/7/GDRDMA
ip-0A230412:55404:55624 [7] NCCL INFO Channel 02 : 23[e00000] -> 16[100000] via P2P/IPC/read
ip-0A230412:55404:55624 [7] NCCL INFO Channel 03 : 23[e00000] -> 16[100000] via P2P/IPC/read
ip-0A230414:42683:42902 [5] NCCL INFO Channel 04 : 29[c00000] -> 28[b00000] via P2P/IPC/read
ip-0A230414:42683:42902 [5] NCCL INFO Channel 05 : 29[c00000] -> 28[b00000] via P2P/IPC/read
ip-0A230414:42683:42902 [5] NCCL INFO Channel 12 : 29[c00000] -> 28[b00000] via P2P/IPC/read
ip-0A230414:42683:42902 [5] NCCL INFO Channel 13 : 29[c00000] -> 28[b00000] via P2P/IPC/read
ip-0A230414:42683:42902 [5] NCCL INFO Channel 20 : 29[c00000] -> 28[b00000] via P2P/IPC/read
ip-0A230414:42683:42902 [5] NCCL INFO Channel 21 : 29[c00000] -> 28[b00000] via P2P/IPC/read
ip-0A230412:55404:55624 [7] NCCL INFO Channel 04 : 23[e00000] -> 16[100000] via P2P/IPC/read
ip-0A230412:55411:55617 [6] NCCL INFO Channel 07 : 22[d00000] -> 16[100000] via P2P/IPC/read
ip-0A230412:55411:55617 [6] NCCL INFO Channel 15 : 22[d00000] -> 16[100000] via P2P/IPC/read
ip-0A230412:55404:55624 [7] NCCL INFO Channel 05 : 23[e00000] -> 16[100000] via P2P/IPC/read
ip-0A230412:55411:55617 [6] NCCL INFO Channel 23 : 22[d00000] -> 16[100000] via P2P/IPC/read
ip-0A230412:55404:55624 [7] NCCL INFO Channel 06 : 23[e00000] -> 16[100000] via P2P/IPC/read
ip-0A230412:55404:55624 [7] NCCL INFO Channel 10 : 23[e00000] -> 16[100000] via P2P/IPC/read
ip-0A230412:55404:55624 [7] NCCL INFO Channel 11 : 23[e00000] -> 16[100000] via P2P/IPC/read
ip-0A230412:55404:55624 [7] NCCL INFO Channel 12 : 23[e00000] -> 16[100000] via P2P/IPC/read
ip-0A23040F:61932:62120 [3] NCCL INFO Channel 02 : 11[400000] -> 10[300000] via P2P/IPC/read
ip-0A230412:55404:55624 [7] NCCL INFO Channel 13 : 23[e00000] -> 16[100000] via P2P/IPC/read
ip-0A23040F:61932:62120 [3] NCCL INFO Channel 03 : 11[400000] -> 10[300000] via P2P/IPC/read
ip-0A23040F:61932:62120 [3] NCCL INFO Channel 10 : 11[400000] -> 10[300000] via P2P/IPC/read
ip-0A23040F:61913:62122 [5] NCCL INFO Channel 04 : 13[c00000] -> 12[b00000] via P2P/IPC/read
ip-0A23040F:61932:62120 [3] NCCL INFO Channel 11 : 11[400000] -> 10[300000] via P2P/IPC/read
ip-0A23040F:61913:62122 [5] NCCL INFO Channel 05 : 13[c00000] -> 12[b00000] via P2P/IPC/read
ip-0A23040F:61932:62120 [3] NCCL INFO Channel 18 : 11[400000] -> 10[300000] via P2P/IPC/read
ip-0A23040F:61913:62122 [5] NCCL INFO Channel 12 : 13[c00000] -> 12[b00000] via P2P/IPC/read
ip-0A23040F:61932:62120 [3] NCCL INFO Channel 19 : 11[400000] -> 10[300000] via P2P/IPC/read
ip-0A23040F:61913:62122 [5] NCCL INFO Channel 13 : 13[c00000] -> 12[b00000] via P2P/IPC/read
ip-0A23040F:61913:62122 [5] NCCL INFO Channel 20 : 13[c00000] -> 12[b00000] via P2P/IPC/read
ip-0A23040F:61913:62122 [5] NCCL INFO Channel 21 : 13[c00000] -> 12[b00000] via P2P/IPC/read
ip-0A23040F:61932:62120 [3] NCCL INFO Connected all trees
ip-0A23040F:61914:62125 [2] NCCL INFO Connected all trees
ip-0A23040F:61913:62122 [5] NCCL INFO Connected all trees
ip-0A23040F:61918:62121 [4] NCCL INFO Connected all trees
ip-0A230412:55404:55624 [7] NCCL INFO Channel 14 : 23[e00000] -> 16[100000] via P2P/IPC/read
ip-0A230412:55404:55624 [7] NCCL INFO Channel 18 : 23[e00000] -> 16[100000] via P2P/IPC/read
ip-0A230412:55405:55623 [3] NCCL INFO Channel 11/0 : 26[300000] -> 19[400000] [receive] via NET/IBext/3/GDRDMA
ip-0A230412:55404:55624 [7] NCCL INFO Channel 19 : 23[e00000] -> 16[100000] via P2P/IPC/read
ip-0A230412:55406:55620 [5] NCCL INFO Channel 13/0 : 28[b00000] -> 21[c00000] [receive] via NET/IBext/5/GDRDMA
ip-0A230412:55404:55624 [7] NCCL INFO Channel 20 : 23[e00000] -> 16[100000] via P2P/IPC/read
ip-0A230412:55404:55624 [7] NCCL INFO Channel 21 : 23[e00000] -> 16[100000] via P2P/IPC/read
ip-0A230412:55404:55624 [7] NCCL INFO Channel 22 : 23[e00000] -> 16[100000] via P2P/IPC/read
ip-0A230414:42688:42904 [2] NCCL INFO Connected all trees
ip-0A230414:42681:42900 [3] NCCL INFO Connected all trees
ip-0A230414:42690:42903 [4] NCCL INFO Connected all trees
ip-0A230414:42683:42902 [5] NCCL INFO Connected all trees
ip-0A230412:55405:55623 [3] NCCL INFO Channel 02 : 19[400000] -> 18[300000] via P2P/IPC/read
ip-0A230412:55406:55620 [5] NCCL INFO Channel 04 : 21[c00000] -> 20[b00000] via P2P/IPC/read
ip-0A230412:55405:55623 [3] NCCL INFO Channel 03 : 19[400000] -> 18[300000] via P2P/IPC/read
ip-0A230412:55406:55620 [5] NCCL INFO Channel 05 : 21[c00000] -> 20[b00000] via P2P/IPC/read
ip-0A230412:55405:55623 [3] NCCL INFO Channel 10 : 19[400000] -> 18[300000] via P2P/IPC/read
ip-0A230412:55406:55620 [5] NCCL INFO Channel 12 : 21[c00000] -> 20[b00000] via P2P/IPC/read
ip-0A230412:55405:55623 [3] NCCL INFO Channel 11 : 19[400000] -> 18[300000] via P2P/IPC/read
ip-0A230414:42689:42901 [6] NCCL INFO Channel 07 : 30[d00000] -> 24[100000] via P2P/IPC/read
ip-0A230414:42689:42901 [6] NCCL INFO Channel 15 : 30[d00000] -> 24[100000] via P2P/IPC/read
ip-0A230414:42689:42901 [6] NCCL INFO Channel 23 : 30[d00000] -> 24[100000] via P2P/IPC/read
ip-0A230414:42689:42901 [6] NCCL INFO Connected all trees
ip-0A230414:42686:42907 [0] NCCL INFO Connected all trees
ip-0A230414:42682:42905 [7] NCCL INFO Connected all trees
ip-0A230414:42685:42906 [1] NCCL INFO Connected all trees
ip-0A230414:42686:42907 [0] NCCL INFO CollNet 00 : 24 [receive] via COLLNET/SHARP/0/GDRDMA
ip-0A230412:55406:55620 [5] NCCL INFO Channel 13 : 21[c00000] -> 20[b00000] via P2P/IPC/read
ip-0A230412:55405:55623 [3] NCCL INFO Channel 18 : 19[400000] -> 18[300000] via P2P/IPC/read
ip-0A230412:55406:55620 [5] NCCL INFO Channel 20 : 21[c00000] -> 20[b00000] via P2P/IPC/read
ip-0A230412:55405:55623 [3] NCCL INFO Channel 19 : 19[400000] -> 18[300000] via P2P/IPC/read
ip-0A230412:55406:55620 [5] NCCL INFO Channel 21 : 21[c00000] -> 20[b00000] via P2P/IPC/read
ip-0A230412:55405:55623 [3] NCCL INFO Connected all trees
ip-0A230412:55409:55619 [2] NCCL INFO Connected all trees
ip-0A230412:55406:55620 [5] NCCL INFO Connected all trees
ip-0A230412:55410:55618 [4] NCCL INFO Connected all trees
ip-0A23040F:61917:62127 [1] NCCL INFO Channel 00 : 9[200000] -> 8[100000] via P2P/IPC/read
ip-0A23040F:61917:62127 [1] NCCL INFO Channel 01 : 9[200000] -> 8[100000] via P2P/IPC/read
ip-0A23040F:61917:62127 [1] NCCL INFO Channel 08 : 9[200000] -> 8[100000] via P2P/IPC/read
ip-0A23040F:61917:62127 [1] NCCL INFO Channel 09 : 9[200000] -> 8[100000] via P2P/IPC/read
ip-0A23040F:61917:62127 [1] NCCL INFO Channel 16 : 9[200000] -> 8[100000] via P2P/IPC/read
ip-0A23040F:61917:62127 [1] NCCL INFO Channel 17 : 9[200000] -> 8[100000] via P2P/IPC/read
ip-0A23040F:61917:62127 [1] NCCL INFO Connected all trees
ip-0A23040F:61916:62126 [0] NCCL INFO Connected all trees
ip-0A23040F:61916:62126 [0] NCCL INFO CollNet 00 : 8 [receive] via COLLNET/SHARP/0/GDRDMA
ip-0A230412:55404:55624 [7] NCCL INFO Channel 06 : 23[e00000] -> 22[d00000] via P2P/IPC/read
ip-0A230412:55404:55624 [7] NCCL INFO Channel 07 : 23[e00000] -> 22[d00000] via P2P/IPC/read
ip-0A230412:55404:55624 [7] NCCL INFO Channel 14 : 23[e00000] -> 22[d00000] via P2P/IPC/read
ip-0A230412:55404:55624 [7] NCCL INFO Channel 15 : 23[e00000] -> 22[d00000] via P2P/IPC/read
ip-0A230412:55404:55624 [7] NCCL INFO Channel 22 : 23[e00000] -> 22[d00000] via P2P/IPC/read
ip-0A230412:55404:55624 [7] NCCL INFO Channel 23 : 23[e00000] -> 22[d00000] via P2P/IPC/read
ip-0A230412:55407:55622 [0] NCCL INFO Connected all trees
ip-0A230412:55408:55621 [1] NCCL INFO Connected all trees
ip-0A230412:55411:55617 [6] NCCL INFO Connected all trees
ip-0A230412:55404:55624 [7] NCCL INFO Connected all trees
ip-0A230412:55407:55622 [0] NCCL INFO CollNet 00 : 16 [receive] via COLLNET/SHARP/0/GDRDMA
ip-0A230412:55407:55864 [0] NCCL INFO NCCL_SHARP_GROUP_SIZE_THRESH set by environment to 3.
ip-0A230412:55408:55621 [1] NCCL INFO CollNet 01 : 17 [receive] via COLLNET/SHARP/1/GDRDMA
ip-0A230414:42686:43060 [0] NCCL INFO NCCL_SHARP_GROUP_SIZE_THRESH set by environment to 3.
ip-0A230414:42685:42906 [1] NCCL INFO CollNet 01 : 25 [receive] via COLLNET/SHARP/1/GDRDMA
ip-0A230417:45701:46070 [0] NCCL INFO NCCL_SHARP_GROUP_SIZE_THRESH set by environment to 3.
ip-0A230408:16587:16962 [0] NCCL INFO NCCL_SHARP_GROUP_SIZE_THRESH set by environment to 3.
ip-0A230406:96154:96370 [1] NCCL INFO CollNet 01 : 41 [receive] via COLLNET/SHARP/1/GDRDMA
ip-0A230417:45698:45903 [1] NCCL INFO CollNet 01 : 33 [receive] via COLLNET/SHARP/1/GDRDMA
ip-0A23040D:95327:95699 [0] NCCL INFO NCCL_SHARP_GROUP_SIZE_THRESH set by environment to 3.
ip-0A23040D:95325:95537 [1] NCCL INFO CollNet 01 : 1 [receive] via COLLNET/SHARP/1/GDRDMA
ip-0A23040F:61916:62293 [0] NCCL INFO NCCL_SHARP_GROUP_SIZE_THRESH set by environment to 3.
ip-0A230408:16589:16799 [1] NCCL INFO CollNet 01 : 49 [receive] via COLLNET/SHARP/1/GDRDMA
ip-0A230406:96183:96527 [0] NCCL INFO NCCL_SHARP_GROUP_SIZE_THRESH set by environment to 3.
ip-0A23040F:61917:62127 [1] NCCL INFO CollNet 01 : 9 [receive] via COLLNET/SHARP/1/GDRDMA
[ip-0A23040D:0:95327 - context.c:584] INFO job (ID: 2524863032173524390) resource request quota: ( osts:0 user_data_per_ost:0 max_groups:0 max_qps:1 max_group_channels:1, num_trees:1)
[ip-0A23040D:0:95327 unique id 0] ERROR No Aggregation Manager (sharp_am) detected in sharp_create_job.

[ip-0A23040D:0:95327 - context.c:601] ERROR sharp_create_job failed: No Aggregation Manager (sharp_am) detected(-52)
ip-0A230414:42686:43060 [0] NCCL INFO Sharp rank 3/7 initialized on mlx5_ib0:1

ip-0A230414:42686:43060 [0] sharp_plugin.c:288 NCCL WARN NET/IB :SHARP coll init error: Cannot create SHArP job(-11)

ip-0A230414:42686:43060 [0] NCCL INFO include/coll_net.h:21 -> 3
ip-0A230408:16587:16962 [0] NCCL INFO Sharp rank 6/7 initialized on mlx5_ib0:1

ip-0A230408:16587:16962 [0] sharp_plugin.c:288 NCCL WARN NET/IB :SHARP coll init error: Cannot create SHArP job(-11)

ip-0A230408:16587:16962 [0] NCCL INFO include/coll_net.h:21 -> 3
ip-0A230414:42686:42907 [0] NCCL INFO transport.cc:222 -> 2
ip-0A230408:16587:16801 [0] NCCL INFO transport.cc:222 -> 2
ip-0A230412:55407:55864 [0] NCCL INFO Sharp rank 2/7 initialized on mlx5_ib0:1

ip-0A230412:55407:55864 [0] sharp_plugin.c:288 NCCL WARN NET/IB :SHARP coll init error: Cannot create SHArP job(-11)

ip-0A230412:55407:55864 [0] NCCL INFO include/coll_net.h:21 -> 3
ip-0A230406:96183:96527 [0] NCCL INFO Sharp rank 5/7 initialized on mlx5_ib0:1

ip-0A230406:96183:96527 [0] sharp_plugin.c:288 NCCL WARN NET/IB :SHARP coll init error: Cannot create SHArP job(-11)

ip-0A230406:96183:96527 [0] NCCL INFO include/coll_net.h:21 -> 3
ip-0A230417:45701:46070 [0] NCCL INFO Sharp rank 4/7 initialized on mlx5_ib0:1

ip-0A230417:45701:46070 [0] sharp_plugin.c:288 NCCL WARN NET/IB :SHARP coll init error: Cannot create SHArP job(-11)

ip-0A230412:55407:55622 [0] NCCL INFO transport.cc:222 -> 2
ip-0A23040F:61916:62293 [0] NCCL INFO Sharp rank 1/7 initialized on mlx5_ib0:1

ip-0A23040F:61916:62293 [0] sharp_plugin.c:288 NCCL WARN NET/IB :SHARP coll init error: Cannot create SHArP job(-11)

ip-0A230406:96183:96371 [0] NCCL INFO transport.cc:222 -> 2
ip-0A230417:45701:46070 [0] NCCL INFO include/coll_net.h:21 -> 3
ip-0A230417:45701:45902 [0] NCCL INFO transport.cc:222 -> 2
ip-0A23040F:61916:62293 [0] NCCL INFO include/coll_net.h:21 -> 3
ip-0A23040F:61916:62126 [0] NCCL INFO transport.cc:222 -> 2
ip-0A23040D:95327:95699 [0] NCCL INFO Sharp rank 0/7 initialized on mlx5_ib0:1

ip-0A23040D:95327:95699 [0] sharp_plugin.c:288 NCCL WARN NET/IB :SHARP coll init error: Cannot create SHArP job(-11)

ip-0A23040D:95327:95699 [0] NCCL INFO include/coll_net.h:21 -> 3
ip-0A23040D:95327:95535 [0] NCCL INFO transport.cc:222 -> 2
ip-0A23040D:95325:95702 [1] NCCL INFO NCCL_SHARP_GROUP_SIZE_THRESH set by environment to 3.
ip-0A23040D:95324:95539 [2] NCCL INFO CollNet 02 : 2 [receive] via COLLNET/SHARP/2/GDRDMA
ip-0A23040F:61917:62289 [1] NCCL INFO NCCL_SHARP_GROUP_SIZE_THRESH set by environment to 3.
ip-0A23040F:61914:62125 [2] NCCL INFO CollNet 02 : 10 [receive] via COLLNET/SHARP/2/GDRDMA
ip-0A230412:55408:55865 [1] NCCL INFO NCCL_SHARP_GROUP_SIZE_THRESH set by environment to 3.
ip-0A230412:55409:55619 [2] NCCL INFO CollNet 02 : 18 [receive] via COLLNET/SHARP/2/GDRDMA
ip-0A230414:42685:43061 [1] NCCL INFO NCCL_SHARP_GROUP_SIZE_THRESH set by environment to 3.
ip-0A230417:45698:46073 [1] NCCL INFO NCCL_SHARP_GROUP_SIZE_THRESH set by environment to 3.
ip-0A230414:42688:42904 [2] NCCL INFO CollNet 02 : 26 [receive] via COLLNET/SHARP/2/GDRDMA
ip-0A230406:96154:96529 [1] NCCL INFO NCCL_SHARP_GROUP_SIZE_THRESH set by environment to 3.
ip-0A230417:45700:45905 [2] NCCL INFO CollNet 02 : 34 [receive] via COLLNET/SHARP/2/GDRDMA
ip-0A230406:96155:96373 [2] NCCL INFO CollNet 02 : 42 [receive] via COLLNET/SHARP/2/GDRDMA
ip-0A230408:16589:16964 [1] NCCL INFO NCCL_SHARP_GROUP_SIZE_THRESH set by environment to 3.
ip-0A230408:16585:16805 [2] NCCL INFO CollNet 02 : 50 [receive] via COLLNET/SHARP/2/GDRDMA
[ip-0A23040D:0:95325 - context.c:584] INFO job (ID: 2524863109760401476) resource request quota: ( osts:0 user_data_per_ost:0 max_groups:0 max_qps:1 max_group_channels:1, num_trees:1)
[ip-0A23040D:0:95325 unique id 0] ERROR No Aggregation Manager (sharp_am) detected in sharp_create_job.

[ip-0A23040D:0:95325 - context.c:601] ERROR sharp_create_job failed: No Aggregation Manager (sharp_am) detected(-52)
ip-0A23040F:61917:62289 [1] NCCL INFO Sharp rank 1/7 initialized on mlx5_ib1:1

ip-0A23040F:61917:62289 [1] sharp_plugin.c:288 NCCL WARN NET/IB :SHARP coll init error: Cannot create SHArP job(-11)

ip-0A23040F:61917:62289 [1] NCCL INFO include/coll_net.h:21 -> 3
ip-0A230406:96154:96529 [1] NCCL INFO Sharp rank 5/7 initialized on mlx5_ib1:1

ip-0A230406:96154:96529 [1] sharp_plugin.c:288 NCCL WARN NET/IB :SHARP coll init error: Cannot create SHArP job(-11)

ip-0A230406:96154:96529 [1] NCCL INFO include/coll_net.h:21 -> 3
ip-0A230417:45698:46073 [1] NCCL INFO Sharp rank 4/7 initialized on mlx5_ib1:1

ip-0A230417:45698:46073 [1] sharp_plugin.c:288 NCCL WARN NET/IB :SHARP coll init error: Cannot create SHArP job(-11)

ip-0A230417:45698:46073 [1] NCCL INFO include/coll_net.h:21 -> 3
ip-0A230412:55408:55865 [1] NCCL INFO Sharp rank 2/7 initialized on mlx5_ib1:1

ip-0A230412:55408:55865 [1] sharp_plugin.c:288 NCCL WARN NET/IB :SHARP coll init error: Cannot create SHArP job(-11)

ip-0A230412:55408:55865 [1] NCCL INFO include/coll_net.h:21 -> 3
ip-0A230408:16589:16964 [1] NCCL INFO Sharp rank 6/7 initialized on mlx5_ib1:1

ip-0A230408:16589:16964 [1] sharp_plugin.c:288 NCCL WARN NET/IB :SHARP coll init error: Cannot create SHArP job(-11)

ip-0A230408:16589:16964 [1] NCCL INFO include/coll_net.h:21 -> 3
ip-0A230414:42685:43061 [1] NCCL INFO Sharp rank 3/7 initialized on mlx5_ib1:1

ip-0A230414:42685:43061 [1] sharp_plugin.c:288 NCCL WARN NET/IB :SHARP coll init error: Cannot create SHArP job(-11)

ip-0A230414:42685:43061 [1] NCCL INFO include/coll_net.h:21 -> 3
ip-0A23040F:61917:62127 [1] NCCL INFO transport.cc:222 -> 2
ip-0A230406:96154:96370 [1] NCCL INFO transport.cc:222 -> 2
ip-0A230408:16589:16799 [1] NCCL INFO transport.cc:222 -> 2
ip-0A230417:45698:45903 [1] NCCL INFO transport.cc:222 -> 2
ip-0A230412:55408:55621 [1] NCCL INFO transport.cc:222 -> 2
ip-0A230414:42685:42906 [1] NCCL INFO transport.cc:222 -> 2
ip-0A23040D:95325:95702 [1] NCCL INFO Sharp rank 0/7 initialized on mlx5_ib1:1

ip-0A23040D:95325:95702 [1] sharp_plugin.c:288 NCCL WARN NET/IB :SHARP coll init error: Cannot create SHArP job(-11)

ip-0A23040D:95325:95702 [1] NCCL INFO include/coll_net.h:21 -> 3
ip-0A23040D:95325:95537 [1] NCCL INFO transport.cc:222 -> 2
ip-0A23040D:95324:95703 [2] NCCL INFO NCCL_SHARP_GROUP_SIZE_THRESH set by environment to 3.
ip-0A23040D:95328:95532 [3] NCCL INFO CollNet 03 : 3 [receive] via COLLNET/SHARP/3/GDRDMA
ip-0A23040F:61914:62286 [2] NCCL INFO NCCL_SHARP_GROUP_SIZE_THRESH set by environment to 3.
ip-0A23040F:61932:62120 [3] NCCL INFO CollNet 03 : 11 [receive] via COLLNET/SHARP/3/GDRDMA
ip-0A230412:55409:55863 [2] NCCL INFO NCCL_SHARP_GROUP_SIZE_THRESH set by environment to 3.
ip-0A230412:55405:55623 [3] NCCL INFO CollNet 03 : 19 [receive] via COLLNET/SHARP/3/GDRDMA
ip-0A230414:42688:43058 [2] NCCL INFO NCCL_SHARP_GROUP_SIZE_THRESH set by environment to 3.
ip-0A230417:45700:46069 [2] NCCL INFO NCCL_SHARP_GROUP_SIZE_THRESH set by environment to 3.
ip-0A230414:42681:42900 [3] NCCL INFO CollNet 03 : 27 [receive] via COLLNET/SHARP/3/GDRDMA
ip-0A230406:96155:96532 [2] NCCL INFO NCCL_SHARP_GROUP_SIZE_THRESH set by environment to 3.
ip-0A230408:16585:16959 [2] NCCL INFO NCCL_SHARP_GROUP_SIZE_THRESH set by environment to 3.
ip-0A230406:96153:96372 [3] NCCL INFO CollNet 03 : 43 [receive] via COLLNET/SHARP/3/GDRDMA
ip-0A230408:16592:16806 [3] NCCL INFO CollNet 03 : 51 [receive] via COLLNET/SHARP/3/GDRDMA
ip-0A230417:45697:45900 [3] NCCL INFO CollNet 03 : 35 [receive] via COLLNET/SHARP/3/GDRDMA
[ip-0A23040D:0:95324 - context.c:584] INFO job (ID: 2524863009310700497) resource request quota: ( osts:0 user_data_per_ost:0 max_groups:0 max_qps:1 max_group_channels:1, num_trees:1)
[ip-0A23040D:0:95324 unique id 0] ERROR No Aggregation Manager (sharp_am) detected in sharp_create_job.

[ip-0A23040D:0:95324 - context.c:601] ERROR sharp_create_job failed: No Aggregation Manager (sharp_am) detected(-52)
ip-0A230408:16585:16959 [2] NCCL INFO Sharp rank 6/7 initialized on mlx5_ib2:1

ip-0A230408:16585:16959 [2] sharp_plugin.c:288 NCCL WARN NET/IB :SHARP coll init error: Cannot create SHArP job(-11)

ip-0A230408:16585:16959 [2] NCCL INFO include/coll_net.h:21 -> 3
ip-0A23040F:61914:62286 [2] NCCL INFO Sharp rank 1/7 initialized on mlx5_ib2:1

ip-0A23040F:61914:62286 [2] sharp_plugin.c:288 NCCL WARN NET/IB :SHARP coll init error: Cannot create SHArP job(-11)

ip-0A23040F:61914:62286 [2] NCCL INFO include/coll_net.h:21 -> 3
ip-0A230414:42688:43058 [2] NCCL INFO Sharp rank 3/7 initialized on mlx5_ib2:1

ip-0A230414:42688:43058 [2] sharp_plugin.c:288 NCCL WARN NET/IB :SHARP coll init error: Cannot create SHArP job(-11)

ip-0A230414:42688:43058 [2] NCCL INFO include/coll_net.h:21 -> 3
ip-0A230417:45700:46069 [2] NCCL INFO Sharp rank 4/7 initialized on mlx5_ib2:1

ip-0A230417:45700:46069 [2] sharp_plugin.c:288 NCCL WARN NET/IB :SHARP coll init error: Cannot create SHArP job(-11)

ip-0A230417:45700:46069 [2] NCCL INFO include/coll_net.h:21 -> 3
ip-0A230412:55409:55863 [2] NCCL INFO Sharp rank 2/7 initialized on mlx5_ib2:1

ip-0A230412:55409:55863 [2] sharp_plugin.c:288 NCCL WARN NET/IB :SHARP coll init error: Cannot create SHArP job(-11)

ip-0A230412:55409:55863 [2] NCCL INFO include/coll_net.h:21 -> 3
ip-0A230406:96155:96532 [2] NCCL INFO Sharp rank 5/7 initialized on mlx5_ib2:1

ip-0A230406:96155:96532 [2] sharp_plugin.c:288 NCCL WARN NET/IB :SHARP coll init error: Cannot create SHArP job(-11)

ip-0A230406:96155:96532 [2] NCCL INFO include/coll_net.h:21 -> 3
ip-0A23040F:61914:62125 [2] NCCL INFO transport.cc:222 -> 2
ip-0A230414:42688:42904 [2] NCCL INFO transport.cc:222 -> 2
ip-0A230412:55409:55619 [2] NCCL INFO transport.cc:222 -> 2
ip-0A230406:96155:96373 [2] NCCL INFO transport.cc:222 -> 2
ip-0A230417:45700:45905 [2] NCCL INFO transport.cc:222 -> 2
ip-0A230408:16585:16805 [2] NCCL INFO transport.cc:222 -> 2
ip-0A23040D:95324:95703 [2] NCCL INFO Sharp rank 0/7 initialized on mlx5_ib2:1

ip-0A23040D:95324:95703 [2] sharp_plugin.c:288 NCCL WARN NET/IB :SHARP coll init error: Cannot create SHArP job(-11)

ip-0A23040D:95324:95703 [2] NCCL INFO include/coll_net.h:21 -> 3
ip-0A23040D:95324:95539 [2] NCCL INFO transport.cc:222 -> 2
ip-0A23040D:95328:95700 [3] NCCL INFO NCCL_SHARP_GROUP_SIZE_THRESH set by environment to 3.
ip-0A23040D:95326:95533 [4] NCCL INFO CollNet 04 : 4 [receive] via COLLNET/SHARP/4/GDRDMA
ip-0A23040F:61932:62290 [3] NCCL INFO NCCL_SHARP_GROUP_SIZE_THRESH set by environment to 3.
ip-0A230412:55405:55866 [3] NCCL INFO NCCL_SHARP_GROUP_SIZE_THRESH set by environment to 3.
ip-0A23040F:61918:62121 [4] NCCL INFO CollNet 04 : 12 [receive] via COLLNET/SHARP/4/GDRDMA
ip-0A230412:55410:55618 [4] NCCL INFO CollNet 04 : 20 [receive] via COLLNET/SHARP/4/GDRDMA
ip-0A230414:42681:43057 [3] NCCL INFO NCCL_SHARP_GROUP_SIZE_THRESH set by environment to 3.
ip-0A230417:45697:46068 [3] NCCL INFO NCCL_SHARP_GROUP_SIZE_THRESH set by environment to 3.
ip-0A230414:42690:42903 [4] NCCL INFO CollNet 04 : 28 [receive] via COLLNET/SHARP/4/GDRDMA
ip-0A230417:45694:45904 [4] NCCL INFO CollNet 04 : 36 [receive] via COLLNET/SHARP/4/GDRDMA
ip-0A230406:96153:96528 [3] NCCL INFO NCCL_SHARP_GROUP_SIZE_THRESH set by environment to 3.
ip-0A230406:96158:96369 [4] NCCL INFO CollNet 04 : 44 [receive] via COLLNET/SHARP/4/GDRDMA
ip-0A230408:16592:16958 [3] NCCL INFO NCCL_SHARP_GROUP_SIZE_THRESH set by environment to 3.
ip-0A230408:16588:16802 [4] NCCL INFO CollNet 04 : 52 [receive] via COLLNET/SHARP/4/GDRDMA
[ip-0A23040D:0:95328 - context.c:584] INFO job (ID: 2524862995968982065) resource request quota: ( osts:0 user_data_per_ost:0 max_groups:0 max_qps:1 max_group_channels:1, num_trees:1)
[ip-0A23040D:0:95328 unique id 0] ERROR No Aggregation Manager (sharp_am) detected in sharp_create_job.

[ip-0A23040D:0:95328 - context.c:601] ERROR sharp_create_job failed: No Aggregation Manager (sharp_am) detected(-52)
ip-0A230414:42681:43057 [3] NCCL INFO Sharp rank 3/7 initialized on mlx5_ib3:1

ip-0A230414:42681:43057 [3] sharp_plugin.c:288 NCCL WARN NET/IB :SHARP coll init error: Cannot create SHArP job(-11)

ip-0A230414:42681:43057 [3] NCCL INFO include/coll_net.h:21 -> 3
ip-0A230406:96153:96528 [3] NCCL INFO Sharp rank 5/7 initialized on mlx5_ib3:1

ip-0A230406:96153:96528 [3] sharp_plugin.c:288 NCCL WARN NET/IB :SHARP coll init error: Cannot create SHArP job(-11)

ip-0A230406:96153:96528 [3] NCCL INFO include/coll_net.h:21 -> 3
ip-0A230412:55405:55866 [3] NCCL INFO Sharp rank 2/7 initialized on mlx5_ib3:1

ip-0A230412:55405:55866 [3] sharp_plugin.c:288 NCCL WARN NET/IB :SHARP coll init error: Cannot create SHArP job(-11)

ip-0A230412:55405:55866 [3] NCCL INFO include/coll_net.h:21 -> 3
ip-0A23040F:61932:62290 [3] NCCL INFO Sharp rank 1/7 initialized on mlx5_ib3:1

ip-0A23040F:61932:62290 [3] sharp_plugin.c:288 NCCL WARN NET/IB :SHARP coll init error: Cannot create SHArP job(-11)

ip-0A23040F:61932:62290 [3] NCCL INFO include/coll_net.h:21 -> 3
ip-0A230417:45697:46068 [3] NCCL INFO Sharp rank 4/7 initialized on mlx5_ib3:1

ip-0A230417:45697:46068 [3] sharp_plugin.c:288 NCCL WARN NET/IB :SHARP coll init error: Cannot create SHArP job(-11)

ip-0A230417:45697:46068 [3] NCCL INFO include/coll_net.h:21 -> 3
ip-0A230408:16592:16958 [3] NCCL INFO Sharp rank 6/7 initialized on mlx5_ib3:1

ip-0A230408:16592:16958 [3] sharp_plugin.c:288 NCCL WARN NET/IB :SHARP coll init error: Cannot create SHArP job(-11)

ip-0A230408:16592:16958 [3] NCCL INFO include/coll_net.h:21 -> 3
ip-0A23040F:61932:62120 [3] NCCL INFO transport.cc:222 -> 2
ip-0A230414:42681:42900 [3] NCCL INFO transport.cc:222 -> 2
ip-0A230417:45697:45900 [3] NCCL INFO transport.cc:222 -> 2
ip-0A230412:55405:55623 [3] NCCL INFO transport.cc:222 -> 2
ip-0A230406:96153:96372 [3] NCCL INFO transport.cc:222 -> 2
ip-0A230408:16592:16806 [3] NCCL INFO transport.cc:222 -> 2
ip-0A23040D:95328:95700 [3] NCCL INFO Sharp rank 0/7 initialized on mlx5_ib3:1

ip-0A23040D:95328:95700 [3] sharp_plugin.c:288 NCCL WARN NET/IB :SHARP coll init error: Cannot create SHArP job(-11)

ip-0A23040D:95328:95700 [3] NCCL INFO include/coll_net.h:21 -> 3
ip-0A23040D:95328:95532 [3] NCCL INFO transport.cc:222 -> 2
ip-0A23040D:95326:95705 [4] NCCL INFO NCCL_SHARP_GROUP_SIZE_THRESH set by environment to 3.
ip-0A23040D:95329:95536 [5] NCCL INFO CollNet 05 : 5 [receive] via COLLNET/SHARP/5/GDRDMA
ip-0A23040F:61918:62287 [4] NCCL INFO NCCL_SHARP_GROUP_SIZE_THRESH set by environment to 3.
ip-0A23040F:61913:62122 [5] NCCL INFO CollNet 05 : 13 [receive] via COLLNET/SHARP/5/GDRDMA
ip-0A230412:55410:55860 [4] NCCL INFO NCCL_SHARP_GROUP_SIZE_THRESH set by environment to 3.
ip-0A230412:55406:55620 [5] NCCL INFO CollNet 05 : 21 [receive] via COLLNET/SHARP/5/GDRDMA
ip-0A230414:42690:43064 [4] NCCL INFO NCCL_SHARP_GROUP_SIZE_THRESH set by environment to 3.
ip-0A230417:45694:46071 [4] NCCL INFO NCCL_SHARP_GROUP_SIZE_THRESH set by environment to 3.
ip-0A230414:42683:42902 [5] NCCL INFO CollNet 05 : 29 [receive] via COLLNET/SHARP/5/GDRDMA
ip-0A230417:45695:45899 [5] NCCL INFO CollNet 05 : 37 [receive] via COLLNET/SHARP/5/GDRDMA
ip-0A230406:96158:96531 [4] NCCL INFO NCCL_SHARP_GROUP_SIZE_THRESH set by environment to 3.
ip-0A230406:96160:96375 [5] NCCL INFO CollNet 05 : 45 [receive] via COLLNET/SHARP/5/GDRDMA
ip-0A230408:16588:16963 [4] NCCL INFO NCCL_SHARP_GROUP_SIZE_THRESH set by environment to 3.
ip-0A230408:16590:16800 [5] NCCL INFO CollNet 05 : 53 [receive] via COLLNET/SHARP/5/GDRDMA
[ip-0A23040D:0:95326 - context.c:584] INFO job (ID: 2524862518527329805) resource request quota: ( osts:0 user_data_per_ost:0 max_groups:0 max_qps:1 max_group_channels:1, num_trees:1)
[ip-0A23040D:0:95326 unique id 0] ERROR No Aggregation Manager (sharp_am) detected in sharp_create_job.

[ip-0A23040D:0:95326 - context.c:601] ERROR sharp_create_job failed: No Aggregation Manager (sharp_am) detected(-52)
ip-0A23040F:61918:62287 [4] NCCL INFO Sharp rank 1/7 initialized on mlx5_ib4:1

ip-0A23040F:61918:62287 [4] sharp_plugin.c:288 NCCL WARN NET/IB :SHARP coll init error: Cannot create SHArP job(-11)

ip-0A23040F:61918:62287 [4] NCCL INFO include/coll_net.h:21 -> 3
ip-0A230414:42690:43064 [4] NCCL INFO Sharp rank 3/7 initialized on mlx5_ib4:1

ip-0A230414:42690:43064 [4] sharp_plugin.c:288 NCCL WARN NET/IB :SHARP coll init error: Cannot create SHArP job(-11)

ip-0A230414:42690:43064 [4] NCCL INFO include/coll_net.h:21 -> 3
ip-0A230417:45694:46071 [4] NCCL INFO Sharp rank 4/7 initialized on mlx5_ib4:1

ip-0A230417:45694:46071 [4] sharp_plugin.c:288 NCCL WARN NET/IB :SHARP coll init error: Cannot create SHArP job(-11)

ip-0A230417:45694:46071 [4] NCCL INFO include/coll_net.h:21 -> 3
ip-0A230408:16588:16963 [4] NCCL INFO Sharp rank 6/7 initialized on mlx5_ib4:1

ip-0A230408:16588:16963 [4] sharp_plugin.c:288 NCCL WARN NET/IB :SHARP coll init error: Cannot create SHArP job(-11)

ip-0A230408:16588:16963 [4] NCCL INFO include/coll_net.h:21 -> 3
ip-0A230406:96158:96531 [4] NCCL INFO Sharp rank 5/7 initialized on mlx5_ib4:1

ip-0A230406:96158:96531 [4] sharp_plugin.c:288 NCCL WARN NET/IB :SHARP coll init error: Cannot create SHArP job(-11)

ip-0A230406:96158:96531 [4] NCCL INFO include/coll_net.h:21 -> 3
ip-0A230412:55410:55860 [4] NCCL INFO Sharp rank 2/7 initialized on mlx5_ib4:1

ip-0A230412:55410:55860 [4] sharp_plugin.c:288 NCCL WARN NET/IB :SHARP coll init error: Cannot create SHArP job(-11)

ip-0A230412:55410:55860 [4] NCCL INFO include/coll_net.h:21 -> 3
ip-0A23040F:61918:62121 [4] NCCL INFO transport.cc:222 -> 2
ip-0A230414:42690:42903 [4] NCCL INFO transport.cc:222 -> 2
ip-0A230417:45694:45904 [4] NCCL INFO transport.cc:222 -> 2
ip-0A230412:55410:55618 [4] NCCL INFO transport.cc:222 -> 2
ip-0A230408:16588:16802 [4] NCCL INFO transport.cc:222 -> 2
ip-0A230406:96158:96369 [4] NCCL INFO transport.cc:222 -> 2
ip-0A23040D:95326:95705 [4] NCCL INFO Sharp rank 0/7 initialized on mlx5_ib4:1

ip-0A23040D:95326:95705 [4] sharp_plugin.c:288 NCCL WARN NET/IB :SHARP coll init error: Cannot create SHArP job(-11)

ip-0A23040D:95326:95705 [4] NCCL INFO include/coll_net.h:21 -> 3
ip-0A23040D:95326:95533 [4] NCCL INFO transport.cc:222 -> 2
ip-0A23040D:95329:95701 [5] NCCL INFO NCCL_SHARP_GROUP_SIZE_THRESH set by environment to 3.
ip-0A23040D:95330:95534 [6] NCCL INFO CollNet 06 : 6 [receive] via COLLNET/SHARP/6/GDRDMA
ip-0A23040F:61913:62288 [5] NCCL INFO NCCL_SHARP_GROUP_SIZE_THRESH set by environment to 3.
ip-0A23040F:61919:62123 [6] NCCL INFO CollNet 06 : 14 [receive] via COLLNET/SHARP/6/GDRDMA
ip-0A230412:55406:55859 [5] NCCL INFO NCCL_SHARP_GROUP_SIZE_THRESH set by environment to 3.
ip-0A230412:55411:55617 [6] NCCL INFO CollNet 06 : 22 [receive] via COLLNET/SHARP/6/GDRDMA
ip-0A230414:42683:43062 [5] NCCL INFO NCCL_SHARP_GROUP_SIZE_THRESH set by environment to 3.
ip-0A230414:42689:42901 [6] NCCL INFO CollNet 06 : 30 [receive] via COLLNET/SHARP/6/GDRDMA
ip-0A230417:45695:46067 [5] NCCL INFO NCCL_SHARP_GROUP_SIZE_THRESH set by environment to 3.
ip-0A230406:96160:96525 [5] NCCL INFO NCCL_SHARP_GROUP_SIZE_THRESH set by environment to 3.
ip-0A230417:45699:45906 [6] NCCL INFO CollNet 06 : 38 [receive] via COLLNET/SHARP/6/GDRDMA
ip-0A230406:96157:96374 [6] NCCL INFO CollNet 06 : 46 [receive] via COLLNET/SHARP/6/GDRDMA
ip-0A230408:16590:16965 [5] NCCL INFO NCCL_SHARP_GROUP_SIZE_THRESH set by environment to 3.
ip-0A230408:16591:16803 [6] NCCL INFO CollNet 06 : 54 [receive] via COLLNET/SHARP/6/GDRDMA
[ip-0A23040D:0:95329 - context.c:584] INFO job (ID: 2524863315826477712) resource request quota: ( osts:0 user_data_per_ost:0 max_groups:0 max_qps:1 max_group_channels:1, num_trees:1)
[ip-0A23040D:0:95329 unique id 0] ERROR No Aggregation Manager (sharp_am) detected in sharp_create_job.

[ip-0A23040D:0:95329 - context.c:601] ERROR sharp_create_job failed: No Aggregation Manager (sharp_am) detected(-52)
ip-0A230408:16590:16965 [5] NCCL INFO Sharp rank 6/7 initialized on mlx5_ib5:1

ip-0A230408:16590:16965 [5] sharp_plugin.c:288 NCCL WARN NET/IB :SHARP coll init error: Cannot create SHArP job(-11)

ip-0A230408:16590:16965 [5] NCCL INFO include/coll_net.h:21 -> 3
ip-0A23040F:61913:62288 [5] NCCL INFO Sharp rank 1/7 initialized on mlx5_ib5:1

ip-0A23040F:61913:62288 [5] sharp_plugin.c:288 NCCL WARN NET/IB :SHARP coll init error: Cannot create SHArP job(-11)

ip-0A23040F:61913:62288 [5] NCCL INFO include/coll_net.h:21 -> 3
ip-0A230414:42683:43062 [5] NCCL INFO Sharp rank 3/7 initialized on mlx5_ib5:1

ip-0A230414:42683:43062 [5] sharp_plugin.c:288 NCCL WARN NET/IB :SHARP coll init error: Cannot create SHArP job(-11)

ip-0A230414:42683:43062 [5] NCCL INFO include/coll_net.h:21 -> 3
ip-0A230406:96160:96525 [5] NCCL INFO Sharp rank 5/7 initialized on mlx5_ib5:1

ip-0A230406:96160:96525 [5] sharp_plugin.c:288 NCCL WARN NET/IB :SHARP coll init error: Cannot create SHArP job(-11)

ip-0A230406:96160:96525 [5] NCCL INFO include/coll_net.h:21 -> 3
ip-0A230412:55406:55859 [5] NCCL INFO Sharp rank 2/7 initialized on mlx5_ib5:1

ip-0A230412:55406:55859 [5] sharp_plugin.c:288 NCCL WARN NET/IB :SHARP coll init error: Cannot create SHArP job(-11)

ip-0A230412:55406:55859 [5] NCCL INFO include/coll_net.h:21 -> 3
ip-0A230417:45695:46067 [5] NCCL INFO Sharp rank 4/7 initialized on mlx5_ib5:1

ip-0A230417:45695:46067 [5] sharp_plugin.c:288 NCCL WARN NET/IB :SHARP coll init error: Cannot create SHArP job(-11)

ip-0A230417:45695:46067 [5] NCCL INFO include/coll_net.h:21 -> 3
ip-0A230408:16590:16800 [5] NCCL INFO transport.cc:222 -> 2
ip-0A23040F:61913:62122 [5] NCCL INFO transport.cc:222 -> 2
ip-0A230412:55406:55620 [5] NCCL INFO transport.cc:222 -> 2
ip-0A230417:45695:45899 [5] NCCL INFO transport.cc:222 -> 2
ip-0A230414:42683:42902 [5] NCCL INFO transport.cc:222 -> 2
ip-0A230406:96160:96375 [5] NCCL INFO transport.cc:222 -> 2
ip-0A23040D:95329:95701 [5] NCCL INFO Sharp rank 0/7 initialized on mlx5_ib5:1

ip-0A23040D:95329:95701 [5] sharp_plugin.c:288 NCCL WARN NET/IB :SHARP coll init error: Cannot create SHArP job(-11)

ip-0A23040D:95329:95701 [5] NCCL INFO include/coll_net.h:21 -> 3
ip-0A23040D:95329:95536 [5] NCCL INFO transport.cc:222 -> 2
ip-0A23040D:95330:95704 [6] NCCL INFO NCCL_SHARP_GROUP_SIZE_THRESH set by environment to 3.
ip-0A23040D:95332:95538 [7] NCCL INFO CollNet 07 : 7 [receive] via COLLNET/SHARP/7/GDRDMA
ip-0A23040F:61919:62291 [6] NCCL INFO NCCL_SHARP_GROUP_SIZE_THRESH set by environment to 3.
ip-0A230412:55411:55861 [6] NCCL INFO NCCL_SHARP_GROUP_SIZE_THRESH set by environment to 3.
ip-0A23040F:61915:62124 [7] NCCL INFO CollNet 07 : 15 [receive] via COLLNET/SHARP/7/GDRDMA
ip-0A230412:55404:55624 [7] NCCL INFO CollNet 07 : 23 [receive] via COLLNET/SHARP/7/GDRDMA
ip-0A230414:42689:43059 [6] NCCL INFO NCCL_SHARP_GROUP_SIZE_THRESH set by environment to 3.
ip-0A230417:45699:46066 [6] NCCL INFO NCCL_SHARP_GROUP_SIZE_THRESH set by environment to 3.
ip-0A230414:42682:42905 [7] NCCL INFO CollNet 07 : 31 [receive] via COLLNET/SHARP/7/GDRDMA
ip-0A230417:45696:45901 [7] NCCL INFO CollNet 07 : 39 [receive] via COLLNET/SHARP/7/GDRDMA
ip-0A230406:96157:96530 [6] NCCL INFO NCCL_SHARP_GROUP_SIZE_THRESH set by environment to 3.
ip-0A230408:16591:16961 [6] NCCL INFO NCCL_SHARP_GROUP_SIZE_THRESH set by environment to 3.
ip-0A230406:96159:96376 [7] NCCL INFO CollNet 07 : 47 [receive] via COLLNET/SHARP/7/GDRDMA
ip-0A230408:16586:16804 [7] NCCL INFO CollNet 07 : 55 [receive] via COLLNET/SHARP/7/GDRDMA
[ip-0A23040D:0:95330 - context.c:584] INFO job (ID: 2524862734535541670) resource request quota: ( osts:0 user_data_per_ost:0 max_groups:0 max_qps:1 max_group_channels:1, num_trees:1)
[ip-0A23040D:0:95330 unique id 0] ERROR No Aggregation Manager (sharp_am) detected in sharp_create_job.

[ip-0A23040D:0:95330 - context.c:601] ERROR sharp_create_job failed: No Aggregation Manager (sharp_am) detected(-52)
ip-0A230408:16591:16961 [6] NCCL INFO Sharp rank 6/7 initialized on mlx5_ib6:1

ip-0A230408:16591:16961 [6] sharp_plugin.c:288 NCCL WARN NET/IB :SHARP coll init error: Cannot create SHArP job(-11)

ip-0A230408:16591:16961 [6] NCCL INFO include/coll_net.h:21 -> 3
ip-0A23040F:61919:62291 [6] NCCL INFO Sharp rank 1/7 initialized on mlx5_ib6:1

ip-0A23040F:61919:62291 [6] sharp_plugin.c:288 NCCL WARN NET/IB :SHARP coll init error: Cannot create SHArP job(-11)

ip-0A23040F:61919:62291 [6] NCCL INFO include/coll_net.h:21 -> 3
ip-0A230414:42689:43059 [6] NCCL INFO Sharp rank 3/7 initialized on mlx5_ib6:1

ip-0A230414:42689:43059 [6] sharp_plugin.c:288 NCCL WARN NET/IB :SHARP coll init error: Cannot create SHArP job(-11)

ip-0A230414:42689:43059 [6] NCCL INFO include/coll_net.h:21 -> 3
ip-0A230417:45699:46066 [6] NCCL INFO Sharp rank 4/7 initialized on mlx5_ib6:1

ip-0A230417:45699:46066 [6] sharp_plugin.c:288 NCCL WARN NET/IB :SHARP coll init error: Cannot create SHArP job(-11)

ip-0A230417:45699:46066 [6] NCCL INFO include/coll_net.h:21 -> 3
ip-0A230406:96157:96530 [6] NCCL INFO Sharp rank 5/7 initialized on mlx5_ib6:1

ip-0A230406:96157:96530 [6] sharp_plugin.c:288 NCCL WARN NET/IB :SHARP coll init error: Cannot create SHArP job(-11)

ip-0A230406:96157:96530 [6] NCCL INFO include/coll_net.h:21 -> 3
ip-0A230412:55411:55861 [6] NCCL INFO Sharp rank 2/7 initialized on mlx5_ib6:1

ip-0A230412:55411:55861 [6] sharp_plugin.c:288 NCCL WARN NET/IB :SHARP coll init error: Cannot create SHArP job(-11)

ip-0A230412:55411:55861 [6] NCCL INFO include/coll_net.h:21 -> 3
ip-0A23040F:61919:62123 [6] NCCL INFO transport.cc:222 -> 2
ip-0A230414:42689:42901 [6] NCCL INFO transport.cc:222 -> 2
ip-0A230417:45699:45906 [6] NCCL INFO transport.cc:222 -> 2
ip-0A230408:16591:16803 [6] NCCL INFO transport.cc:222 -> 2
ip-0A230406:96157:96374 [6] NCCL INFO transport.cc:222 -> 2
ip-0A230412:55411:55617 [6] NCCL INFO transport.cc:222 -> 2
ip-0A23040D:95330:95704 [6] NCCL INFO Sharp rank 0/7 initialized on mlx5_ib6:1

ip-0A23040D:95330:95704 [6] sharp_plugin.c:288 NCCL WARN NET/IB :SHARP coll init error: Cannot create SHArP job(-11)

ip-0A23040D:95330:95704 [6] NCCL INFO include/coll_net.h:21 -> 3
ip-0A23040D:95330:95534 [6] NCCL INFO transport.cc:222 -> 2
ip-0A23040D:95332:95706 [7] NCCL INFO NCCL_SHARP_GROUP_SIZE_THRESH set by environment to 3.
ip-0A23040F:61915:62292 [7] NCCL INFO NCCL_SHARP_GROUP_SIZE_THRESH set by environment to 3.
ip-0A230412:55404:55862 [7] NCCL INFO NCCL_SHARP_GROUP_SIZE_THRESH set by environment to 3.
ip-0A230414:42682:43063 [7] NCCL INFO NCCL_SHARP_GROUP_SIZE_THRESH set by environment to 3.
ip-0A230417:45696:46072 [7] NCCL INFO NCCL_SHARP_GROUP_SIZE_THRESH set by environment to 3.
ip-0A230406:96159:96526 [7] NCCL INFO NCCL_SHARP_GROUP_SIZE_THRESH set by environment to 3.
ip-0A230408:16586:16960 [7] NCCL INFO NCCL_SHARP_GROUP_SIZE_THRESH set by environment to 3.
[ip-0A23040D:0:95332 - context.c:584] INFO job (ID: 2524862960106959884) resource request quota: ( osts:0 user_data_per_ost:0 max_groups:0 max_qps:1 max_group_channels:1, num_trees:1)
[ip-0A23040D:0:95332 unique id 0] ERROR No Aggregation Manager (sharp_am) detected in sharp_create_job.

[ip-0A23040D:0:95332 - context.c:601] ERROR sharp_create_job failed: No Aggregation Manager (sharp_am) detected(-52)
ip-0A23040F:61915:62292 [7] NCCL INFO Sharp rank 1/7 initialized on mlx5_ib7:1

ip-0A23040F:61915:62292 [7] sharp_plugin.c:288 NCCL WARN NET/IB :SHARP coll init error: Cannot create SHArP job(-11)

ip-0A23040F:61915:62292 [7] NCCL INFO include/coll_net.h:21 -> 3
ip-0A23040F:61915:62124 [7] NCCL INFO transport.cc:222 -> 2
ip-0A230414:42682:43063 [7] NCCL INFO Sharp rank 3/7 initialized on mlx5_ib7:1

ip-0A230414:42682:43063 [7] sharp_plugin.c:288 NCCL WARN NET/IB :SHARP coll init error: Cannot create SHArP job(-11)

ip-0A230414:42682:43063 [7] NCCL INFO include/coll_net.h:21 -> 3
ip-0A230417:45696:46072 [7] NCCL INFO Sharp rank 4/7 initialized on mlx5_ib7:1

ip-0A230417:45696:46072 [7] sharp_plugin.c:288 NCCL WARN NET/IB :SHARP coll init error: Cannot create SHArP job(-11)

ip-0A230417:45696:46072 [7] NCCL INFO include/coll_net.h:21 -> 3
ip-0A230408:16586:16960 [7] NCCL INFO Sharp rank 6/7 initialized on mlx5_ib7:1

ip-0A230408:16586:16960 [7] sharp_plugin.c:288 NCCL WARN NET/IB :SHARP coll init error: Cannot create SHArP job(-11)

ip-0A230408:16586:16960 [7] NCCL INFO include/coll_net.h:21 -> 3
ip-0A230406:96159:96526 [7] NCCL INFO Sharp rank 5/7 initialized on mlx5_ib7:1

ip-0A230406:96159:96526 [7] sharp_plugin.c:288 NCCL WARN NET/IB :SHARP coll init error: Cannot create SHArP job(-11)

ip-0A230406:96159:96526 [7] NCCL INFO include/coll_net.h:21 -> 3
ip-0A230412:55404:55862 [7] NCCL INFO Sharp rank 2/7 initialized on mlx5_ib7:1

ip-0A230412:55404:55862 [7] sharp_plugin.c:288 NCCL WARN NET/IB :SHARP coll init error: Cannot create SHArP job(-11)

ip-0A230412:55404:55862 [7] NCCL INFO include/coll_net.h:21 -> 3
ip-0A230414:42682:42905 [7] NCCL INFO transport.cc:222 -> 2
ip-0A230417:45696:45901 [7] NCCL INFO transport.cc:222 -> 2
ip-0A230408:16586:16804 [7] NCCL INFO transport.cc:222 -> 2
ip-0A230406:96159:96376 [7] NCCL INFO transport.cc:222 -> 2
ip-0A230408:16586:16804 [7] NCCL INFO init.cc:765 -> 2
ip-0A230408:16586:16804 [7] NCCL INFO threadThresholds 8/8/64 | 448/8/64 | 8/8/512
ip-0A23040F:61915:62124 [7] NCCL INFO init.cc:765 -> 2
ip-0A230414:42682:42905 [7] NCCL INFO init.cc:765 -> 2
ip-0A230417:45696:45901 [7] NCCL INFO init.cc:765 -> 2

ip-0A230408:16587:16801 [0] transport.cc:253 NCCL WARN Cannot initialize CollNet, using point-to-point network instead
ip-0A230408:16587:16801 [0] NCCL INFO init.cc:765 -> 2
ip-0A23040F:61915:62124 [7] NCCL INFO threadThresholds 8/8/64 | 448/8/64 | 8/8/512

ip-0A230414:42686:42907 [0] transport.cc:253 NCCL WARN Cannot initialize CollNet, using point-to-point network instead
ip-0A230417:45698:45903 [1] NCCL INFO init.cc:765 -> 2
ip-0A230412:55404:55624 [7] NCCL INFO transport.cc:222 -> 2
ip-0A230408:16585:16805 [2] NCCL INFO init.cc:765 -> 2

ip-0A23040F:61916:62126 [0] transport.cc:253 NCCL WARN Cannot initialize CollNet, using point-to-point network instead
ip-0A23040F:61916:62126 [0] NCCL INFO init.cc:765 -> 2
ip-0A230414:42686:42907 [0] NCCL INFO init.cc:765 -> 2
ip-0A230417:45700:45905 [2] NCCL INFO init.cc:765 -> 2
ip-0A230408:16587:16801 [0] NCCL INFO threadThresholds 8/8/64 | 448/8/64 | 8/8/512
ip-0A23040F:61917:62127 [1] NCCL INFO init.cc:765 -> 2
ip-0A230414:42685:42906 [1] NCCL INFO init.cc:765 -> 2
ip-0A230406:96159:96376 [7] NCCL INFO init.cc:765 -> 2
ip-0A230417:45696:45901 [7] NCCL INFO threadThresholds 8/8/64 | 448/8/64 | 8/8/512
ip-0A230408:16589:16799 [1] NCCL INFO init.cc:765 -> 2
ip-0A23040F:61916:62126 [0] NCCL INFO threadThresholds 8/8/64 | 448/8/64 | 8/8/512
ip-0A230414:42682:42905 [7] NCCL INFO threadThresholds 8/8/64 | 448/8/64 | 8/8/512

ip-0A230417:45701:45902 [0] transport.cc:253 NCCL WARN Cannot initialize CollNet, using point-to-point network instead
ip-0A230417:45701:45902 [0] NCCL INFO init.cc:765 -> 2
ip-0A230417:45701:45902 [0] NCCL INFO threadThresholds 8/8/64 | 448/8/64 | 8/8/512
ip-0A230408:16585:16805 [2] NCCL INFO threadThresholds 8/8/64 | 448/8/64 | 8/8/512
ip-0A23040F:61919:62123 [6] NCCL INFO init.cc:765 -> 2
ip-0A230414:42686:42907 [0] NCCL INFO threadThresholds 8/8/64 | 448/8/64 | 8/8/512
ip-0A230417:45700:45905 [2] NCCL INFO threadThresholds 8/8/64 | 448/8/64 | 8/8/512
ip-0A230408:16592:16806 [3] NCCL INFO init.cc:765 -> 2
ip-0A230408:16592:16806 [3] NCCL INFO threadThresholds 8/8/64 | 448/8/64 | 8/8/512
ip-0A23040F:61917:62127 [1] NCCL INFO threadThresholds 8/8/64 | 448/8/64 | 8/8/512
ip-0A230414:42688:42904 [2] NCCL INFO init.cc:765 -> 2
ip-0A230417:45697:45900 [3] NCCL INFO init.cc:765 -> 2
ip-0A230417:45697:45900 [3] NCCL INFO threadThresholds 8/8/64 | 448/8/64 | 8/8/512
ip-0A230408:16591:16803 [6] NCCL INFO init.cc:765 -> 2
ip-0A230408:16591:16803 [6] NCCL INFO threadThresholds 8/8/64 | 448/8/64 | 8/8/512
ip-0A23040F:61919:62123 [6] NCCL INFO threadThresholds 8/8/64 | 448/8/64 | 8/8/512
ip-0A230414:42690:42903 [4] NCCL INFO init.cc:765 -> 2
ip-0A230417:45694:45904 [4] NCCL INFO init.cc:765 -> 2
ip-0A230417:45694:45904 [4] NCCL INFO threadThresholds 8/8/64 | 448/8/64 | 8/8/512
ip-0A230408:16589:16799 [1] NCCL INFO threadThresholds 8/8/64 | 448/8/64 | 8/8/512
ip-0A23040F:61914:62125 [2] NCCL INFO init.cc:765 -> 2
ip-0A230414:42683:42902 [5] NCCL INFO init.cc:765 -> 2
ip-0A230414:42683:42902 [5] NCCL INFO threadThresholds 8/8/64 | 448/8/64 | 8/8/512
ip-0A230417:45695:45899 [5] NCCL INFO init.cc:765 -> 2
ip-0A230417:45695:45899 [5] NCCL INFO threadThresholds 8/8/64 | 448/8/64 | 8/8/512
ip-0A230408:16588:16802 [4] NCCL INFO init.cc:765 -> 2
ip-0A230408:16588:16802 [4] NCCL INFO threadThresholds 8/8/64 | 448/8/64 | 8/8/512
ip-0A23040F:61932:62120 [3] NCCL INFO init.cc:765 -> 2
ip-0A230414:42685:42906 [1] NCCL INFO threadThresholds 8/8/64 | 448/8/64 | 8/8/512
ip-0A230417:45699:45906 [6] NCCL INFO init.cc:765 -> 2
ip-0A230417:45699:45906 [6] NCCL INFO threadThresholds 8/8/64 | 448/8/64 | 8/8/512
ip-0A230408:16590:16800 [5] NCCL INFO init.cc:765 -> 2
ip-0A230408:16590:16800 [5] NCCL INFO threadThresholds 8/8/64 | 448/8/64 | 8/8/512
ip-0A23040F:61918:62121 [4] NCCL INFO init.cc:765 -> 2
ip-0A230414:42688:42904 [2] NCCL INFO threadThresholds 8/8/64 | 448/8/64 | 8/8/512
ip-0A230417:45698:45903 [1] NCCL INFO threadThresholds 8/8/64 | 448/8/64 | 8/8/512
ip-0A23040F:61913:62122 [5] NCCL INFO init.cc:765 -> 2
ip-0A230414:42681:42900 [3] NCCL INFO init.cc:765 -> 2
ip-0A23040F:61914:62125 [2] NCCL INFO threadThresholds 8/8/64 | 448/8/64 | 8/8/512
ip-0A230414:42690:42903 [4] NCCL INFO threadThresholds 8/8/64 | 448/8/64 | 8/8/512
ip-0A23040F:61932:62120 [3] NCCL INFO threadThresholds 8/8/64 | 448/8/64 | 8/8/512
ip-0A230414:42681:42900 [3] NCCL INFO threadThresholds 8/8/64 | 448/8/64 | 8/8/512
ip-0A23040F:61918:62121 [4] NCCL INFO threadThresholds 8/8/64 | 448/8/64 | 8/8/512
ip-0A230414:42689:42901 [6] NCCL INFO init.cc:765 -> 2
ip-0A23040F:61913:62122 [5] NCCL INFO threadThresholds 8/8/64 | 448/8/64 | 8/8/512
ip-0A230414:42689:42901 [6] NCCL INFO threadThresholds 8/8/64 | 448/8/64 | 8/8/512
ip-0A230406:96159:96376 [7] NCCL INFO threadThresholds 8/8/64 | 448/8/64 | 8/8/512
ip-0A230406:96154:96370 [1] NCCL INFO init.cc:765 -> 2
ip-0A230406:96157:96374 [6] NCCL INFO init.cc:765 -> 2

ip-0A230406:96183:96371 [0] transport.cc:253 NCCL WARN Cannot initialize CollNet, using point-to-point network instead
ip-0A230406:96183:96371 [0] NCCL INFO init.cc:765 -> 2
