ip-0A230417:77621:77824 [5] NCCL INFO Connected all trees
ip-0A230417:77624:77825 [7] NCCL INFO Channel 10 : 39[e00000] -> 32[100000] via P2P/IPC/read
ip-0A230417:77624:77825 [7] NCCL INFO Channel 11 : 39[e00000] -> 32[100000] via P2P/IPC/read
ip-0A230417:77624:77825 [7] NCCL INFO Channel 12 : 39[e00000] -> 32[100000] via P2P/IPC/read
ip-0A230417:77624:77825 [7] NCCL INFO Channel 13 : 39[e00000] -> 32[100000] via P2P/IPC/read
ip-0A230417:77624:77825 [7] NCCL INFO Channel 14 : 39[e00000] -> 32[100000] via P2P/IPC/read
ip-0A230417:77624:77825 [7] NCCL INFO Channel 18 : 39[e00000] -> 32[100000] via P2P/IPC/read
ip-0A230417:77624:77825 [7] NCCL INFO Channel 19 : 39[e00000] -> 32[100000] via P2P/IPC/read
ip-0A230417:77624:77825 [7] NCCL INFO Channel 20 : 39[e00000] -> 32[100000] via P2P/IPC/read
ip-0A230417:77619:77826 [3] NCCL INFO Connected all trees
ip-0A230417:77625:77827 [2] NCCL INFO Connected all trees
ip-0A230417:77624:77825 [7] NCCL INFO Channel 21 : 39[e00000] -> 32[100000] via P2P/IPC/read
ip-0A230417:77624:77825 [7] NCCL INFO Channel 22 : 39[e00000] -> 32[100000] via P2P/IPC/read
ip-0A230417:77624:77825 [7] NCCL INFO Channel 06 : 39[e00000] -> 38[d00000] via P2P/IPC/read
ip-0A230417:77624:77825 [7] NCCL INFO Channel 07 : 39[e00000] -> 38[d00000] via P2P/IPC/read
ip-0A230417:77624:77825 [7] NCCL INFO Channel 14 : 39[e00000] -> 38[d00000] via P2P/IPC/read
ip-0A230417:77624:77825 [7] NCCL INFO Channel 15 : 39[e00000] -> 38[d00000] via P2P/IPC/read
ip-0A230417:77624:77825 [7] NCCL INFO Channel 22 : 39[e00000] -> 38[d00000] via P2P/IPC/read
ip-0A230417:77624:77825 [7] NCCL INFO Channel 23 : 39[e00000] -> 38[d00000] via P2P/IPC/read
ip-0A230417:77620:77830 [0] NCCL INFO Connected all trees
ip-0A230417:77620:77830 [0] NCCL INFO CollNet 00 : 32 [receive] via COLLNET/SHARP/0/GDRDMA
ip-0A230417:77618:77829 [1] NCCL INFO Connected all trees
ip-0A230417:77624:77825 [7] NCCL INFO Connected all trees
ip-0A230417:77622:77828 [6] NCCL INFO Connected all trees
ip-0A230412:87405:87616 [1] NCCL INFO Channel 09/0 : 24[100000] -> 17[200000] [receive] via NET/IBext/1/GDRDMA
ip-0A230412:87410:87617 [6] NCCL INFO Channel 07 : 22[d00000] -> 16[100000] via P2P/IPC/read
ip-0A230414:73934:74152 [7] NCCL INFO Channel 02 : 31[e00000] -> 24[100000] via P2P/IPC/read
ip-0A230414:73934:74152 [7] NCCL INFO Channel 03 : 31[e00000] -> 24[100000] via P2P/IPC/read
ip-0A230412:87410:87617 [6] NCCL INFO Channel 15 : 22[d00000] -> 16[100000] via P2P/IPC/read
ip-0A230412:87408:87615 [4] NCCL INFO Channel 05/0 : 20[b00000] -> 13[c00000] [send] via NET/IBext/5/GDRDMA
ip-0A230412:87408:87615 [4] NCCL INFO Channel 21/0 : 20[b00000] -> 13[c00000] [send] via NET/IBext/5/GDRDMA
ip-0A230412:87410:87617 [6] NCCL INFO Channel 23 : 22[d00000] -> 16[100000] via P2P/IPC/read
ip-0A230414:73934:74152 [7] NCCL INFO Channel 04 : 31[e00000] -> 24[100000] via P2P/IPC/read
ip-0A230414:73934:74152 [7] NCCL INFO Channel 05 : 31[e00000] -> 24[100000] via P2P/IPC/read
ip-0A230414:73934:74152 [7] NCCL INFO Channel 06 : 31[e00000] -> 24[100000] via P2P/IPC/read
ip-0A230414:73934:74152 [7] NCCL INFO Channel 10 : 31[e00000] -> 24[100000] via P2P/IPC/read
ip-0A230414:73934:74152 [7] NCCL INFO Channel 11 : 31[e00000] -> 24[100000] via P2P/IPC/read
ip-0A230414:73934:74152 [7] NCCL INFO Channel 12 : 31[e00000] -> 24[100000] via P2P/IPC/read
ip-0A230414:73934:74152 [7] NCCL INFO Channel 13 : 31[e00000] -> 24[100000] via P2P/IPC/read
ip-0A230414:73934:74152 [7] NCCL INFO Channel 14 : 31[e00000] -> 24[100000] via P2P/IPC/read
ip-0A230414:73934:74152 [7] NCCL INFO Channel 18 : 31[e00000] -> 24[100000] via P2P/IPC/read
ip-0A230414:73934:74152 [7] NCCL INFO Channel 19 : 31[e00000] -> 24[100000] via P2P/IPC/read
ip-0A230414:73934:74152 [7] NCCL INFO Channel 20 : 31[e00000] -> 24[100000] via P2P/IPC/read
ip-0A230414:73934:74152 [7] NCCL INFO Channel 21 : 31[e00000] -> 24[100000] via P2P/IPC/read
ip-0A230414:73934:74152 [7] NCCL INFO Channel 22 : 31[e00000] -> 24[100000] via P2P/IPC/read
ip-0A230412:87409:87614 [0] NCCL INFO Channel 01/0 : 16[100000] -> 9[200000] [send] via NET/IBext/1/GDRDMA
ip-0A230412:87409:87614 [0] NCCL INFO Channel 17/0 : 16[100000] -> 9[200000] [send] via NET/IBext/1/GDRDMA
ip-0A230414:73935:74153 [2] NCCL INFO Channel 11/0 : 26[300000] -> 19[400000] [send] via NET/IBext/3/GDRDMA
ip-0A230414:73934:74152 [7] NCCL INFO Channel 06 : 31[e00000] -> 30[d00000] via P2P/IPC/read
ip-0A230414:73934:74152 [7] NCCL INFO Channel 07 : 31[e00000] -> 30[d00000] via P2P/IPC/read
ip-0A230414:73934:74152 [7] NCCL INFO Channel 14 : 31[e00000] -> 30[d00000] via P2P/IPC/read
ip-0A230414:73934:74152 [7] NCCL INFO Channel 15 : 31[e00000] -> 30[d00000] via P2P/IPC/read
ip-0A230414:73934:74152 [7] NCCL INFO Channel 22 : 31[e00000] -> 30[d00000] via P2P/IPC/read
ip-0A230414:73934:74152 [7] NCCL INFO Channel 23 : 31[e00000] -> 30[d00000] via P2P/IPC/read
ip-0A230412:87411:87612 [3] NCCL INFO Channel 02/0 : 19[400000] -> 10[300000] [send] via NET/IBext/2/GDRDMA
ip-0A230412:87411:87612 [3] NCCL INFO Channel 18/0 : 19[400000] -> 10[300000] [send] via NET/IBext/2/GDRDMA
ip-0A230412:87406:87613 [5] NCCL INFO Channel 05/0 : 29[c00000] -> 21[c00000] [receive] via NET/IBext/5/GDRDMA
ip-0A230412:87406:87613 [5] NCCL INFO Channel 21/0 : 29[c00000] -> 21[c00000] [receive] via NET/IBext/5/GDRDMA
ip-0A23040F:93141:93357 [5] NCCL INFO Channel 04 : 13[c00000] -> 12[b00000] via P2P/IPC/read
ip-0A23040F:93141:93357 [5] NCCL INFO Channel 05 : 13[c00000] -> 12[b00000] via P2P/IPC/read
ip-0A23040F:93141:93357 [5] NCCL INFO Channel 12 : 13[c00000] -> 12[b00000] via P2P/IPC/read
ip-0A23040F:93141:93357 [5] NCCL INFO Channel 13 : 13[c00000] -> 12[b00000] via P2P/IPC/read
ip-0A23040F:93141:93357 [5] NCCL INFO Channel 20 : 13[c00000] -> 12[b00000] via P2P/IPC/read
ip-0A23040F:93141:93357 [5] NCCL INFO Channel 21 : 13[c00000] -> 12[b00000] via P2P/IPC/read
ip-0A23040F:93141:93357 [5] NCCL INFO Connected all trees
ip-0A23040F:93142:93359 [4] NCCL INFO Connected all trees
ip-0A230412:87405:87616 [1] NCCL INFO Channel 00 : 17[200000] -> 16[100000] via P2P/IPC/read
ip-0A230412:87405:87616 [1] NCCL INFO Channel 01 : 17[200000] -> 16[100000] via P2P/IPC/read
ip-0A230414:73933:74155 [5] NCCL INFO Channel 04 : 29[c00000] -> 28[b00000] via P2P/IPC/read
ip-0A230414:73933:74155 [5] NCCL INFO Channel 05 : 29[c00000] -> 28[b00000] via P2P/IPC/read
ip-0A230414:73933:74155 [5] NCCL INFO Channel 12 : 29[c00000] -> 28[b00000] via P2P/IPC/read
ip-0A230414:73933:74155 [5] NCCL INFO Channel 13 : 29[c00000] -> 28[b00000] via P2P/IPC/read
ip-0A230414:73933:74155 [5] NCCL INFO Channel 20 : 29[c00000] -> 28[b00000] via P2P/IPC/read
ip-0A230414:73933:74155 [5] NCCL INFO Channel 21 : 29[c00000] -> 28[b00000] via P2P/IPC/read
ip-0A230412:87405:87616 [1] NCCL INFO Channel 08 : 17[200000] -> 16[100000] via P2P/IPC/read
ip-0A230412:87405:87616 [1] NCCL INFO Channel 09 : 17[200000] -> 16[100000] via P2P/IPC/read
ip-0A230412:87405:87616 [1] NCCL INFO Channel 16 : 17[200000] -> 16[100000] via P2P/IPC/read
ip-0A230412:87404:87611 [2] NCCL INFO Channel 03/0 : 18[300000] -> 11[400000] [send] via NET/IBext/3/GDRDMA
ip-0A230412:87404:87611 [2] NCCL INFO Channel 19/0 : 18[300000] -> 11[400000] [send] via NET/IBext/3/GDRDMA
ip-0A230412:87405:87616 [1] NCCL INFO Channel 17 : 17[200000] -> 16[100000] via P2P/IPC/read
ip-0A230412:87407:87610 [7] NCCL INFO Channel 15/0 : 30[d00000] -> 23[e00000] [receive] via NET/IBext/7/GDRDMA
ip-0A230412:87407:87610 [7] NCCL INFO Channel 02 : 23[e00000] -> 16[100000] via P2P/IPC/read
ip-0A230412:87407:87610 [7] NCCL INFO Channel 03 : 23[e00000] -> 16[100000] via P2P/IPC/read
ip-0A230412:87407:87610 [7] NCCL INFO Channel 04 : 23[e00000] -> 16[100000] via P2P/IPC/read
ip-0A230412:87407:87610 [7] NCCL INFO Channel 05 : 23[e00000] -> 16[100000] via P2P/IPC/read
ip-0A230412:87411:87612 [3] NCCL INFO Channel 03/0 : 27[400000] -> 19[400000] [receive] via NET/IBext/3/GDRDMA
ip-0A230412:87411:87612 [3] NCCL INFO Channel 19/0 : 27[400000] -> 19[400000] [receive] via NET/IBext/3/GDRDMA
ip-0A230412:87407:87610 [7] NCCL INFO Channel 06 : 23[e00000] -> 16[100000] via P2P/IPC/read
ip-0A230412:87406:87613 [5] NCCL INFO Channel 13/0 : 28[b00000] -> 21[c00000] [receive] via NET/IBext/5/GDRDMA
ip-0A230412:87407:87610 [7] NCCL INFO Channel 10 : 23[e00000] -> 16[100000] via P2P/IPC/read
ip-0A230412:87407:87610 [7] NCCL INFO Channel 11 : 23[e00000] -> 16[100000] via P2P/IPC/read
ip-0A230412:87407:87610 [7] NCCL INFO Channel 12 : 23[e00000] -> 16[100000] via P2P/IPC/read
ip-0A23040F:93170:93355 [3] NCCL INFO Channel 02 : 11[400000] -> 10[300000] via P2P/IPC/read
ip-0A23040F:93170:93355 [3] NCCL INFO Channel 03 : 11[400000] -> 10[300000] via P2P/IPC/read
ip-0A23040F:93170:93355 [3] NCCL INFO Channel 10 : 11[400000] -> 10[300000] via P2P/IPC/read
ip-0A23040F:93170:93355 [3] NCCL INFO Channel 11 : 11[400000] -> 10[300000] via P2P/IPC/read
ip-0A23040F:93170:93355 [3] NCCL INFO Channel 18 : 11[400000] -> 10[300000] via P2P/IPC/read
ip-0A23040F:93170:93355 [3] NCCL INFO Channel 19 : 11[400000] -> 10[300000] via P2P/IPC/read
ip-0A23040F:93170:93355 [3] NCCL INFO Connected all trees
ip-0A23040F:93143:93356 [2] NCCL INFO Connected all trees
ip-0A230412:87407:87610 [7] NCCL INFO Channel 13 : 23[e00000] -> 16[100000] via P2P/IPC/read
ip-0A230414:73939:74154 [3] NCCL INFO Channel 02 : 27[400000] -> 26[300000] via P2P/IPC/read
ip-0A230414:73939:74154 [3] NCCL INFO Channel 03 : 27[400000] -> 26[300000] via P2P/IPC/read
ip-0A230414:73939:74154 [3] NCCL INFO Channel 10 : 27[400000] -> 26[300000] via P2P/IPC/read
ip-0A230414:73939:74154 [3] NCCL INFO Channel 11 : 27[400000] -> 26[300000] via P2P/IPC/read
ip-0A230414:73939:74154 [3] NCCL INFO Channel 18 : 27[400000] -> 26[300000] via P2P/IPC/read
ip-0A230414:73939:74154 [3] NCCL INFO Channel 19 : 27[400000] -> 26[300000] via P2P/IPC/read
ip-0A230414:73938:74157 [4] NCCL INFO Connected all trees
ip-0A230414:73933:74155 [5] NCCL INFO Connected all trees
ip-0A230412:87407:87610 [7] NCCL INFO Channel 14 : 23[e00000] -> 16[100000] via P2P/IPC/read
ip-0A230412:87406:87613 [5] NCCL INFO Channel 04 : 21[c00000] -> 20[b00000] via P2P/IPC/read
ip-0A230412:87407:87610 [7] NCCL INFO Channel 18 : 23[e00000] -> 16[100000] via P2P/IPC/read
ip-0A230412:87406:87613 [5] NCCL INFO Channel 05 : 21[c00000] -> 20[b00000] via P2P/IPC/read
ip-0A230412:87407:87610 [7] NCCL INFO Channel 19 : 23[e00000] -> 16[100000] via P2P/IPC/read
ip-0A230412:87406:87613 [5] NCCL INFO Channel 12 : 21[c00000] -> 20[b00000] via P2P/IPC/read
ip-0A230412:87407:87610 [7] NCCL INFO Channel 20 : 23[e00000] -> 16[100000] via P2P/IPC/read
ip-0A230412:87406:87613 [5] NCCL INFO Channel 13 : 21[c00000] -> 20[b00000] via P2P/IPC/read
ip-0A230412:87407:87610 [7] NCCL INFO Channel 21 : 23[e00000] -> 16[100000] via P2P/IPC/read
ip-0A230412:87406:87613 [5] NCCL INFO Channel 20 : 21[c00000] -> 20[b00000] via P2P/IPC/read
ip-0A230412:87407:87610 [7] NCCL INFO Channel 22 : 23[e00000] -> 16[100000] via P2P/IPC/read
ip-0A230412:87406:87613 [5] NCCL INFO Channel 21 : 21[c00000] -> 20[b00000] via P2P/IPC/read
ip-0A230412:87411:87612 [3] NCCL INFO Channel 11/0 : 26[300000] -> 19[400000] [receive] via NET/IBext/3/GDRDMA
ip-0A230414:73937:74156 [6] NCCL INFO Channel 07 : 30[d00000] -> 24[100000] via P2P/IPC/read
ip-0A230414:73937:74156 [6] NCCL INFO Channel 15 : 30[d00000] -> 24[100000] via P2P/IPC/read
ip-0A230414:73937:74156 [6] NCCL INFO Channel 23 : 30[d00000] -> 24[100000] via P2P/IPC/read
ip-0A230412:87406:87613 [5] NCCL INFO Connected all trees
ip-0A230412:87408:87615 [4] NCCL INFO Connected all trees
ip-0A230414:73935:74153 [2] NCCL INFO Connected all trees
ip-0A230414:73939:74154 [3] NCCL INFO Connected all trees
ip-0A230414:73937:74156 [6] NCCL INFO Connected all trees
ip-0A230414:73934:74152 [7] NCCL INFO Connected all trees
ip-0A230414:73936:74159 [0] NCCL INFO Connected all trees
ip-0A230414:73940:74158 [1] NCCL INFO Connected all trees
ip-0A230414:73936:74159 [0] NCCL INFO CollNet 00 : 24 [receive] via COLLNET/SHARP/0/GDRDMA
ip-0A230412:87411:87612 [3] NCCL INFO Channel 02 : 19[400000] -> 18[300000] via P2P/IPC/read
ip-0A230412:87411:87612 [3] NCCL INFO Channel 03 : 19[400000] -> 18[300000] via P2P/IPC/read
ip-0A230412:87411:87612 [3] NCCL INFO Channel 10 : 19[400000] -> 18[300000] via P2P/IPC/read
ip-0A230412:87411:87612 [3] NCCL INFO Channel 11 : 19[400000] -> 18[300000] via P2P/IPC/read
ip-0A230412:87411:87612 [3] NCCL INFO Channel 18 : 19[400000] -> 18[300000] via P2P/IPC/read
ip-0A230412:87411:87612 [3] NCCL INFO Channel 19 : 19[400000] -> 18[300000] via P2P/IPC/read
ip-0A23040F:93146:93360 [1] NCCL INFO Channel 00 : 9[200000] -> 8[100000] via P2P/IPC/read
ip-0A23040F:93146:93360 [1] NCCL INFO Channel 01 : 9[200000] -> 8[100000] via P2P/IPC/read
ip-0A23040F:93146:93360 [1] NCCL INFO Channel 08 : 9[200000] -> 8[100000] via P2P/IPC/read
ip-0A23040F:93146:93360 [1] NCCL INFO Channel 09 : 9[200000] -> 8[100000] via P2P/IPC/read
ip-0A23040F:93146:93360 [1] NCCL INFO Channel 16 : 9[200000] -> 8[100000] via P2P/IPC/read
ip-0A23040F:93146:93360 [1] NCCL INFO Channel 17 : 9[200000] -> 8[100000] via P2P/IPC/read
ip-0A23040F:93146:93360 [1] NCCL INFO Connected all trees
ip-0A23040F:93140:93362 [0] NCCL INFO Connected all trees
ip-0A23040F:93140:93362 [0] NCCL INFO CollNet 00 : 8 [receive] via COLLNET/SHARP/0/GDRDMA
ip-0A230412:87407:87610 [7] NCCL INFO Channel 06 : 23[e00000] -> 22[d00000] via P2P/IPC/read
ip-0A230412:87411:87612 [3] NCCL INFO Connected all trees
ip-0A230412:87404:87611 [2] NCCL INFO Connected all trees
ip-0A230412:87407:87610 [7] NCCL INFO Channel 07 : 23[e00000] -> 22[d00000] via P2P/IPC/read
ip-0A230412:87407:87610 [7] NCCL INFO Channel 14 : 23[e00000] -> 22[d00000] via P2P/IPC/read
ip-0A230412:87407:87610 [7] NCCL INFO Channel 15 : 23[e00000] -> 22[d00000] via P2P/IPC/read
ip-0A230412:87407:87610 [7] NCCL INFO Channel 22 : 23[e00000] -> 22[d00000] via P2P/IPC/read
ip-0A230412:87407:87610 [7] NCCL INFO Channel 23 : 23[e00000] -> 22[d00000] via P2P/IPC/read
ip-0A230412:87409:87614 [0] NCCL INFO Connected all trees
ip-0A230412:87405:87616 [1] NCCL INFO Connected all trees
ip-0A230412:87407:87610 [7] NCCL INFO Connected all trees
ip-0A230412:87410:87617 [6] NCCL INFO Connected all trees
ip-0A230412:87409:87614 [0] NCCL INFO CollNet 00 : 16 [receive] via COLLNET/SHARP/0/GDRDMA
ip-0A230412:87409:87786 [0] NCCL INFO NCCL_SHARP_GROUP_SIZE_THRESH set by environment to 3.
ip-0A230414:73936:74329 [0] NCCL INFO NCCL_SHARP_GROUP_SIZE_THRESH set by environment to 3.
ip-0A230417:77620:77990 [0] NCCL INFO NCCL_SHARP_GROUP_SIZE_THRESH set by environment to 3.
ip-0A230406:34046:34430 [0] NCCL INFO NCCL_SHARP_GROUP_SIZE_THRESH set by environment to 3.
ip-0A230414:73940:74158 [1] NCCL INFO CollNet 01 : 25 [receive] via COLLNET/SHARP/1/GDRDMA
ip-0A230417:77618:77829 [1] NCCL INFO CollNet 01 : 33 [receive] via COLLNET/SHARP/1/GDRDMA
ip-0A230406:34045:34265 [1] NCCL INFO CollNet 01 : 41 [receive] via COLLNET/SHARP/1/GDRDMA
ip-0A230408:51741:52125 [0] NCCL INFO NCCL_SHARP_GROUP_SIZE_THRESH set by environment to 3.
ip-0A23040D:28337:28714 [0] NCCL INFO NCCL_SHARP_GROUP_SIZE_THRESH set by environment to 3.
ip-0A23040D:28340:28558 [1] NCCL INFO CollNet 01 : 1 [receive] via COLLNET/SHARP/1/GDRDMA
ip-0A23040F:93140:93519 [0] NCCL INFO NCCL_SHARP_GROUP_SIZE_THRESH set by environment to 3.
ip-0A230408:51736:51956 [1] NCCL INFO CollNet 01 : 49 [receive] via COLLNET/SHARP/1/GDRDMA
ip-0A23040F:93146:93360 [1] NCCL INFO CollNet 01 : 9 [receive] via COLLNET/SHARP/1/GDRDMA
ip-0A230412:87405:87616 [1] NCCL INFO CollNet 01 : 17 [receive] via COLLNET/SHARP/1/GDRDMA
[ip-0A23040D:0:28337 - context.c:584] INFO job (ID: 2524862859715873774) resource request quota: ( osts:0 user_data_per_ost:0 max_groups:0 max_qps:1 max_group_channels:1, num_trees:1)
[ip-0A23040D:0:28337 unique id 0] ERROR No Aggregation Manager (sharp_am) detected in sharp_create_job.

[ip-0A23040D:0:28337 - context.c:601] ERROR sharp_create_job failed: No Aggregation Manager (sharp_am) detected(-52)
ip-0A230414:73936:74329 [0] NCCL INFO Sharp rank 3/7 initialized on mlx5_ib0:1

ip-0A230414:73936:74329 [0] sharp_plugin.c:288 NCCL WARN NET/IB :SHARP coll init error: Cannot create SHArP job(-11)

ip-0A230414:73936:74329 [0] NCCL INFO include/coll_net.h:21 -> 3
ip-0A230408:51741:52125 [0] NCCL INFO Sharp rank 6/7 initialized on mlx5_ib0:1

ip-0A230408:51741:52125 [0] sharp_plugin.c:288 NCCL WARN NET/IB :SHARP coll init error: Cannot create SHArP job(-11)

ip-0A230408:51741:52125 [0] NCCL INFO include/coll_net.h:21 -> 3
ip-0A230414:73936:74159 [0] NCCL INFO transport.cc:222 -> 2
ip-0A230408:51741:51955 [0] NCCL INFO transport.cc:222 -> 2
ip-0A230406:34046:34430 [0] NCCL INFO Sharp rank 5/7 initialized on mlx5_ib0:1

ip-0A230406:34046:34430 [0] sharp_plugin.c:288 NCCL WARN NET/IB :SHARP coll init error: Cannot create SHArP job(-11)

ip-0A230406:34046:34430 [0] NCCL INFO include/coll_net.h:21 -> 3
ip-0A230412:87409:87786 [0] NCCL INFO Sharp rank 2/7 initialized on mlx5_ib0:1

ip-0A230412:87409:87786 [0] sharp_plugin.c:288 NCCL WARN NET/IB :SHARP coll init error: Cannot create SHArP job(-11)

ip-0A230412:87409:87786 [0] NCCL INFO include/coll_net.h:21 -> 3
ip-0A230406:34046:34266 [0] NCCL INFO transport.cc:222 -> 2
ip-0A230417:77620:77990 [0] NCCL INFO Sharp rank 4/7 initialized on mlx5_ib0:1

ip-0A230417:77620:77990 [0] sharp_plugin.c:288 NCCL WARN NET/IB :SHARP coll init error: Cannot create SHArP job(-11)

ip-0A230417:77620:77990 [0] NCCL INFO include/coll_net.h:21 -> 3
ip-0A23040F:93140:93519 [0] NCCL INFO Sharp rank 1/7 initialized on mlx5_ib0:1

ip-0A23040F:93140:93519 [0] sharp_plugin.c:288 NCCL WARN NET/IB :SHARP coll init error: Cannot create SHArP job(-11)

ip-0A23040F:93140:93519 [0] NCCL INFO include/coll_net.h:21 -> 3
ip-0A230417:77620:77830 [0] NCCL INFO transport.cc:222 -> 2
ip-0A230412:87409:87614 [0] NCCL INFO transport.cc:222 -> 2
ip-0A23040F:93140:93362 [0] NCCL INFO transport.cc:222 -> 2
ip-0A23040D:28337:28714 [0] NCCL INFO Sharp rank 0/7 initialized on mlx5_ib0:1

ip-0A23040D:28337:28714 [0] sharp_plugin.c:288 NCCL WARN NET/IB :SHARP coll init error: Cannot create SHArP job(-11)

ip-0A23040D:28337:28714 [0] NCCL INFO include/coll_net.h:21 -> 3
ip-0A23040D:28337:28553 [0] NCCL INFO transport.cc:222 -> 2
ip-0A23040D:28340:28710 [1] NCCL INFO NCCL_SHARP_GROUP_SIZE_THRESH set by environment to 3.
ip-0A23040D:28342:28551 [2] NCCL INFO CollNet 02 : 2 [receive] via COLLNET/SHARP/2/GDRDMA
ip-0A23040F:93146:93518 [1] NCCL INFO NCCL_SHARP_GROUP_SIZE_THRESH set by environment to 3.
ip-0A23040F:93143:93356 [2] NCCL INFO CollNet 02 : 10 [receive] via COLLNET/SHARP/2/GDRDMA
ip-0A230412:87405:87784 [1] NCCL INFO NCCL_SHARP_GROUP_SIZE_THRESH set by environment to 3.
ip-0A230414:73940:74330 [1] NCCL INFO NCCL_SHARP_GROUP_SIZE_THRESH set by environment to 3.
ip-0A230412:87404:87611 [2] NCCL INFO CollNet 02 : 18 [receive] via COLLNET/SHARP/2/GDRDMA
ip-0A230414:73935:74153 [2] NCCL INFO CollNet 02 : 26 [receive] via COLLNET/SHARP/2/GDRDMA
ip-0A230417:77618:77991 [1] NCCL INFO NCCL_SHARP_GROUP_SIZE_THRESH set by environment to 3.
ip-0A230417:77625:77827 [2] NCCL INFO CollNet 02 : 34 [receive] via COLLNET/SHARP/2/GDRDMA
ip-0A230406:34045:34428 [1] NCCL INFO NCCL_SHARP_GROUP_SIZE_THRESH set by environment to 3.
ip-0A230406:34044:34267 [2] NCCL INFO CollNet 02 : 42 [receive] via COLLNET/SHARP/2/GDRDMA
ip-0A230408:51736:52129 [1] NCCL INFO NCCL_SHARP_GROUP_SIZE_THRESH set by environment to 3.
ip-0A230408:51742:51957 [2] NCCL INFO CollNet 02 : 50 [receive] via COLLNET/SHARP/2/GDRDMA
[ip-0A23040D:0:28340 - context.c:584] INFO job (ID: 2524862491832741690) resource request quota: ( osts:0 user_data_per_ost:0 max_groups:0 max_qps:1 max_group_channels:1, num_trees:1)
[ip-0A23040D:0:28340 unique id 0] ERROR No Aggregation Manager (sharp_am) detected in sharp_create_job.

[ip-0A23040D:0:28340 - context.c:601] ERROR sharp_create_job failed: No Aggregation Manager (sharp_am) detected(-52)
ip-0A230406:34045:34428 [1] NCCL INFO Sharp rank 5/7 initialized on mlx5_ib1:1

ip-0A230406:34045:34428 [1] sharp_plugin.c:288 NCCL WARN NET/IB :SHARP coll init error: Cannot create SHArP job(-11)

ip-0A230406:34045:34428 [1] NCCL INFO include/coll_net.h:21 -> 3
ip-0A230408:51736:52129 [1] NCCL INFO Sharp rank 6/7 initialized on mlx5_ib1:1

ip-0A230408:51736:52129 [1] sharp_plugin.c:288 NCCL WARN NET/IB :SHARP coll init error: Cannot create SHArP job(-11)

ip-0A230408:51736:52129 [1] NCCL INFO include/coll_net.h:21 -> 3
ip-0A230412:87405:87784 [1] NCCL INFO Sharp rank 2/7 initialized on mlx5_ib1:1

ip-0A230412:87405:87784 [1] sharp_plugin.c:288 NCCL WARN NET/IB :SHARP coll init error: Cannot create SHArP job(-11)

ip-0A230412:87405:87784 [1] NCCL INFO include/coll_net.h:21 -> 3
ip-0A23040F:93146:93518 [1] NCCL INFO Sharp rank 1/7 initialized on mlx5_ib1:1

ip-0A23040F:93146:93518 [1] sharp_plugin.c:288 NCCL WARN NET/IB :SHARP coll init error: Cannot create SHArP job(-11)

ip-0A23040F:93146:93518 [1] NCCL INFO include/coll_net.h:21 -> 3
ip-0A230417:77618:77991 [1] NCCL INFO Sharp rank 4/7 initialized on mlx5_ib1:1

ip-0A230417:77618:77991 [1] sharp_plugin.c:288 NCCL WARN NET/IB :SHARP coll init error: Cannot create SHArP job(-11)

ip-0A230417:77618:77991 [1] NCCL INFO include/coll_net.h:21 -> 3
ip-0A230414:73940:74330 [1] NCCL INFO Sharp rank 3/7 initialized on mlx5_ib1:1

ip-0A230414:73940:74330 [1] sharp_plugin.c:288 NCCL WARN NET/IB :SHARP coll init error: Cannot create SHArP job(-11)

ip-0A230414:73940:74330 [1] NCCL INFO include/coll_net.h:21 -> 3
ip-0A230408:51736:51956 [1] NCCL INFO transport.cc:222 -> 2
ip-0A230406:34045:34265 [1] NCCL INFO transport.cc:222 -> 2
ip-0A230412:87405:87616 [1] NCCL INFO transport.cc:222 -> 2
ip-0A230417:77618:77829 [1] NCCL INFO transport.cc:222 -> 2
ip-0A230414:73940:74158 [1] NCCL INFO transport.cc:222 -> 2
ip-0A23040F:93146:93360 [1] NCCL INFO transport.cc:222 -> 2
ip-0A23040D:28340:28710 [1] NCCL INFO Sharp rank 0/7 initialized on mlx5_ib1:1

ip-0A23040D:28340:28710 [1] sharp_plugin.c:288 NCCL WARN NET/IB :SHARP coll init error: Cannot create SHArP job(-11)

ip-0A23040D:28340:28710 [1] NCCL INFO include/coll_net.h:21 -> 3
ip-0A23040D:28340:28558 [1] NCCL INFO transport.cc:222 -> 2
ip-0A23040D:28342:28707 [2] NCCL INFO NCCL_SHARP_GROUP_SIZE_THRESH set by environment to 3.
ip-0A23040D:28361:28557 [3] NCCL INFO CollNet 03 : 3 [receive] via COLLNET/SHARP/3/GDRDMA
ip-0A23040F:93143:93521 [2] NCCL INFO NCCL_SHARP_GROUP_SIZE_THRESH set by environment to 3.
ip-0A23040F:93170:93355 [3] NCCL INFO CollNet 03 : 11 [receive] via COLLNET/SHARP/3/GDRDMA
ip-0A230412:87404:87782 [2] NCCL INFO NCCL_SHARP_GROUP_SIZE_THRESH set by environment to 3.
ip-0A230412:87411:87612 [3] NCCL INFO CollNet 03 : 19 [receive] via COLLNET/SHARP/3/GDRDMA
ip-0A230414:73935:74331 [2] NCCL INFO NCCL_SHARP_GROUP_SIZE_THRESH set by environment to 3.
ip-0A230417:77625:77993 [2] NCCL INFO NCCL_SHARP_GROUP_SIZE_THRESH set by environment to 3.
ip-0A230414:73939:74154 [3] NCCL INFO CollNet 03 : 27 [receive] via COLLNET/SHARP/3/GDRDMA
ip-0A230417:77619:77826 [3] NCCL INFO CollNet 03 : 35 [receive] via COLLNET/SHARP/3/GDRDMA
ip-0A230406:34044:34432 [2] NCCL INFO NCCL_SHARP_GROUP_SIZE_THRESH set by environment to 3.
ip-0A230408:51742:52122 [2] NCCL INFO NCCL_SHARP_GROUP_SIZE_THRESH set by environment to 3.
ip-0A230406:34047:34268 [3] NCCL INFO CollNet 03 : 43 [receive] via COLLNET/SHARP/3/GDRDMA
ip-0A230408:51743:51954 [3] NCCL INFO CollNet 03 : 51 [receive] via COLLNET/SHARP/3/GDRDMA
[ip-0A23040D:0:28342 - context.c:584] INFO job (ID: 2524862872303230039) resource request quota: ( osts:0 user_data_per_ost:0 max_groups:0 max_qps:1 max_group_channels:1, num_trees:1)
[ip-0A23040D:0:28342 unique id 0] ERROR No Aggregation Manager (sharp_am) detected in sharp_create_job.

[ip-0A23040D:0:28342 - context.c:601] ERROR sharp_create_job failed: No Aggregation Manager (sharp_am) detected(-52)
ip-0A230417:77625:77993 [2] NCCL INFO Sharp rank 4/7 initialized on mlx5_ib2:1

ip-0A230417:77625:77993 [2] sharp_plugin.c:288 NCCL WARN NET/IB :SHARP coll init error: Cannot create SHArP job(-11)

ip-0A230417:77625:77993 [2] NCCL INFO include/coll_net.h:21 -> 3
ip-0A230406:34044:34432 [2] NCCL INFO Sharp rank 5/7 initialized on mlx5_ib2:1

ip-0A230406:34044:34432 [2] sharp_plugin.c:288 NCCL WARN NET/IB :SHARP coll init error: Cannot create SHArP job(-11)

ip-0A230406:34044:34432 [2] NCCL INFO include/coll_net.h:21 -> 3
ip-0A230412:87404:87782 [2] NCCL INFO Sharp rank 2/7 initialized on mlx5_ib2:1

ip-0A230412:87404:87782 [2] sharp_plugin.c:288 NCCL WARN NET/IB :SHARP coll init error: Cannot create SHArP job(-11)

ip-0A230412:87404:87782 [2] NCCL INFO include/coll_net.h:21 -> 3
ip-0A230414:73935:74331 [2] NCCL INFO Sharp rank 3/7 initialized on mlx5_ib2:1

ip-0A230414:73935:74331 [2] sharp_plugin.c:288 NCCL WARN NET/IB :SHARP coll init error: Cannot create SHArP job(-11)

ip-0A230414:73935:74331 [2] NCCL INFO include/coll_net.h:21 -> 3
ip-0A230408:51742:52122 [2] NCCL INFO Sharp rank 6/7 initialized on mlx5_ib2:1

ip-0A230408:51742:52122 [2] sharp_plugin.c:288 NCCL WARN NET/IB :SHARP coll init error: Cannot create SHArP job(-11)

ip-0A230408:51742:52122 [2] NCCL INFO include/coll_net.h:21 -> 3
ip-0A23040F:93143:93521 [2] NCCL INFO Sharp rank 1/7 initialized on mlx5_ib2:1

ip-0A23040F:93143:93521 [2] sharp_plugin.c:288 NCCL WARN NET/IB :SHARP coll init error: Cannot create SHArP job(-11)

ip-0A23040F:93143:93521 [2] NCCL INFO include/coll_net.h:21 -> 3
ip-0A230417:77625:77827 [2] NCCL INFO transport.cc:222 -> 2
ip-0A23040F:93143:93356 [2] NCCL INFO transport.cc:222 -> 2
ip-0A230406:34044:34267 [2] NCCL INFO transport.cc:222 -> 2
ip-0A230408:51742:51957 [2] NCCL INFO transport.cc:222 -> 2
ip-0A230414:73935:74153 [2] NCCL INFO transport.cc:222 -> 2
ip-0A230412:87404:87611 [2] NCCL INFO transport.cc:222 -> 2
ip-0A23040D:28342:28707 [2] NCCL INFO Sharp rank 0/7 initialized on mlx5_ib2:1

ip-0A23040D:28342:28707 [2] sharp_plugin.c:288 NCCL WARN NET/IB :SHARP coll init error: Cannot create SHArP job(-11)

ip-0A23040D:28342:28707 [2] NCCL INFO include/coll_net.h:21 -> 3
ip-0A23040D:28342:28551 [2] NCCL INFO transport.cc:222 -> 2
ip-0A23040D:28361:28712 [3] NCCL INFO NCCL_SHARP_GROUP_SIZE_THRESH set by environment to 3.
ip-0A23040D:28335:28555 [4] NCCL INFO CollNet 04 : 4 [receive] via COLLNET/SHARP/4/GDRDMA
ip-0A23040F:93170:93522 [3] NCCL INFO NCCL_SHARP_GROUP_SIZE_THRESH set by environment to 3.
ip-0A23040F:93142:93359 [4] NCCL INFO CollNet 04 : 12 [receive] via COLLNET/SHARP/4/GDRDMA
ip-0A230412:87411:87785 [3] NCCL INFO NCCL_SHARP_GROUP_SIZE_THRESH set by environment to 3.
ip-0A230414:73939:74332 [3] NCCL INFO NCCL_SHARP_GROUP_SIZE_THRESH set by environment to 3.
ip-0A230412:87408:87615 [4] NCCL INFO CollNet 04 : 20 [receive] via COLLNET/SHARP/4/GDRDMA
ip-0A230417:77619:77995 [3] NCCL INFO NCCL_SHARP_GROUP_SIZE_THRESH set by environment to 3.
ip-0A230417:77623:77831 [4] NCCL INFO CollNet 04 : 36 [receive] via COLLNET/SHARP/4/GDRDMA
ip-0A230406:34047:34429 [3] NCCL INFO NCCL_SHARP_GROUP_SIZE_THRESH set by environment to 3.
ip-0A230414:73938:74157 [4] NCCL INFO CollNet 04 : 28 [receive] via COLLNET/SHARP/4/GDRDMA
ip-0A230406:34071:34264 [4] NCCL INFO CollNet 04 : 44 [receive] via COLLNET/SHARP/4/GDRDMA
ip-0A230408:51743:52127 [3] NCCL INFO NCCL_SHARP_GROUP_SIZE_THRESH set by environment to 3.
ip-0A230408:51737:51951 [4] NCCL INFO CollNet 04 : 52 [receive] via COLLNET/SHARP/4/GDRDMA
[ip-0A23040D:0:28361 - context.c:584] INFO job (ID: 2524862664356761794) resource request quota: ( osts:0 user_data_per_ost:0 max_groups:0 max_qps:1 max_group_channels:1, num_trees:1)
[ip-0A23040D:0:28361 unique id 0] ERROR No Aggregation Manager (sharp_am) detected in sharp_create_job.

[ip-0A23040D:0:28361 - context.c:601] ERROR sharp_create_job failed: No Aggregation Manager (sharp_am) detected(-52)
ip-0A230414:73939:74332 [3] NCCL INFO Sharp rank 3/7 initialized on mlx5_ib3:1

ip-0A230414:73939:74332 [3] sharp_plugin.c:288 NCCL WARN NET/IB :SHARP coll init error: Cannot create SHArP job(-11)

ip-0A230414:73939:74332 [3] NCCL INFO include/coll_net.h:21 -> 3
ip-0A230406:34047:34429 [3] NCCL INFO Sharp rank 5/7 initialized on mlx5_ib3:1

ip-0A230406:34047:34429 [3] sharp_plugin.c:288 NCCL WARN NET/IB :SHARP coll init error: Cannot create SHArP job(-11)

ip-0A230406:34047:34429 [3] NCCL INFO include/coll_net.h:21 -> 3
ip-0A230408:51743:52127 [3] NCCL INFO Sharp rank 6/7 initialized on mlx5_ib3:1

ip-0A230408:51743:52127 [3] sharp_plugin.c:288 NCCL WARN NET/IB :SHARP coll init error: Cannot create SHArP job(-11)

ip-0A230408:51743:52127 [3] NCCL INFO include/coll_net.h:21 -> 3
ip-0A230412:87411:87785 [3] NCCL INFO Sharp rank 2/7 initialized on mlx5_ib3:1

ip-0A230412:87411:87785 [3] sharp_plugin.c:288 NCCL WARN NET/IB :SHARP coll init error: Cannot create SHArP job(-11)

ip-0A230412:87411:87785 [3] NCCL INFO include/coll_net.h:21 -> 3
ip-0A23040F:93170:93522 [3] NCCL INFO Sharp rank 1/7 initialized on mlx5_ib3:1

ip-0A23040F:93170:93522 [3] sharp_plugin.c:288 NCCL WARN NET/IB :SHARP coll init error: Cannot create SHArP job(-11)

ip-0A23040F:93170:93522 [3] NCCL INFO include/coll_net.h:21 -> 3
ip-0A230417:77619:77995 [3] NCCL INFO Sharp rank 4/7 initialized on mlx5_ib3:1

ip-0A230417:77619:77995 [3] sharp_plugin.c:288 NCCL WARN NET/IB :SHARP coll init error: Cannot create SHArP job(-11)

ip-0A230417:77619:77995 [3] NCCL INFO include/coll_net.h:21 -> 3
ip-0A230408:51743:51954 [3] NCCL INFO transport.cc:222 -> 2
ip-0A230414:73939:74154 [3] NCCL INFO transport.cc:222 -> 2
ip-0A230412:87411:87612 [3] NCCL INFO transport.cc:222 -> 2
ip-0A230406:34047:34268 [3] NCCL INFO transport.cc:222 -> 2
ip-0A230417:77619:77826 [3] NCCL INFO transport.cc:222 -> 2
ip-0A23040F:93170:93355 [3] NCCL INFO transport.cc:222 -> 2
ip-0A23040D:28361:28712 [3] NCCL INFO Sharp rank 0/7 initialized on mlx5_ib3:1

ip-0A23040D:28361:28712 [3] sharp_plugin.c:288 NCCL WARN NET/IB :SHARP coll init error: Cannot create SHArP job(-11)

ip-0A23040D:28361:28712 [3] NCCL INFO include/coll_net.h:21 -> 3
ip-0A23040D:28361:28557 [3] NCCL INFO transport.cc:222 -> 2
ip-0A23040D:28335:28708 [4] NCCL INFO NCCL_SHARP_GROUP_SIZE_THRESH set by environment to 3.
ip-0A23040D:28338:28556 [5] NCCL INFO CollNet 05 : 5 [receive] via COLLNET/SHARP/5/GDRDMA
ip-0A23040F:93142:93516 [4] NCCL INFO NCCL_SHARP_GROUP_SIZE_THRESH set by environment to 3.
ip-0A230412:87408:87783 [4] NCCL INFO NCCL_SHARP_GROUP_SIZE_THRESH set by environment to 3.
ip-0A23040F:93141:93357 [5] NCCL INFO CollNet 05 : 13 [receive] via COLLNET/SHARP/5/GDRDMA
ip-0A230412:87406:87613 [5] NCCL INFO CollNet 05 : 21 [receive] via COLLNET/SHARP/5/GDRDMA
ip-0A230414:73938:74333 [4] NCCL INFO NCCL_SHARP_GROUP_SIZE_THRESH set by environment to 3.
ip-0A230414:73933:74155 [5] NCCL INFO CollNet 05 : 29 [receive] via COLLNET/SHARP/5/GDRDMA
ip-0A230417:77623:77992 [4] NCCL INFO NCCL_SHARP_GROUP_SIZE_THRESH set by environment to 3.
ip-0A230417:77621:77824 [5] NCCL INFO CollNet 05 : 37 [receive] via COLLNET/SHARP/5/GDRDMA
ip-0A230406:34071:34431 [4] NCCL INFO NCCL_SHARP_GROUP_SIZE_THRESH set by environment to 3.
ip-0A230406:34049:34263 [5] NCCL INFO CollNet 05 : 45 [receive] via COLLNET/SHARP/5/GDRDMA
ip-0A230408:51737:52123 [4] NCCL INFO NCCL_SHARP_GROUP_SIZE_THRESH set by environment to 3.
ip-0A230408:51739:51952 [5] NCCL INFO CollNet 05 : 53 [receive] via COLLNET/SHARP/5/GDRDMA
[ip-0A23040D:0:28335 - context.c:584] INFO job (ID: 2524863109760235128) resource request quota: ( osts:0 user_data_per_ost:0 max_groups:0 max_qps:1 max_group_channels:1, num_trees:1)
[ip-0A23040D:0:28335 unique id 0] ERROR No Aggregation Manager (sharp_am) detected in sharp_create_job.

[ip-0A23040D:0:28335 - context.c:601] ERROR sharp_create_job failed: No Aggregation Manager (sharp_am) detected(-52)
ip-0A230414:73938:74333 [4] NCCL INFO Sharp rank 3/7 initialized on mlx5_ib4:1

ip-0A230414:73938:74333 [4] sharp_plugin.c:288 NCCL WARN NET/IB :SHARP coll init error: Cannot create SHArP job(-11)

ip-0A230414:73938:74333 [4] NCCL INFO include/coll_net.h:21 -> 3
ip-0A230408:51737:52123 [4] NCCL INFO Sharp rank 6/7 initialized on mlx5_ib4:1

ip-0A230408:51737:52123 [4] sharp_plugin.c:288 NCCL WARN NET/IB :SHARP coll init error: Cannot create SHArP job(-11)

ip-0A230412:87408:87783 [4] NCCL INFO Sharp rank 2/7 initialized on mlx5_ib4:1

ip-0A230412:87408:87783 [4] sharp_plugin.c:288 NCCL WARN NET/IB :SHARP coll init error: Cannot create SHArP job(-11)

ip-0A230412:87408:87783 [4] NCCL INFO include/coll_net.h:21 -> 3
ip-0A230406:34071:34431 [4] NCCL INFO Sharp rank 5/7 initialized on mlx5_ib4:1

ip-0A230406:34071:34431 [4] sharp_plugin.c:288 NCCL WARN NET/IB :SHARP coll init error: Cannot create SHArP job(-11)

ip-0A230406:34071:34431 [4] NCCL INFO include/coll_net.h:21 -> 3
ip-0A230417:77623:77992 [4] NCCL INFO Sharp rank 4/7 initialized on mlx5_ib4:1

ip-0A230417:77623:77992 [4] sharp_plugin.c:288 NCCL WARN NET/IB :SHARP coll init error: Cannot create SHArP job(-11)

ip-0A230417:77623:77992 [4] NCCL INFO include/coll_net.h:21 -> 3
ip-0A23040F:93142:93516 [4] NCCL INFO Sharp rank 1/7 initialized on mlx5_ib4:1

ip-0A23040F:93142:93516 [4] sharp_plugin.c:288 NCCL WARN NET/IB :SHARP coll init error: Cannot create SHArP job(-11)

ip-0A23040F:93142:93516 [4] NCCL INFO include/coll_net.h:21 -> 3
ip-0A230408:51737:52123 [4] NCCL INFO include/coll_net.h:21 -> 3
ip-0A230417:77623:77831 [4] NCCL INFO transport.cc:222 -> 2
ip-0A230408:51737:51951 [4] NCCL INFO transport.cc:222 -> 2
ip-0A230414:73938:74157 [4] NCCL INFO transport.cc:222 -> 2
ip-0A230412:87408:87615 [4] NCCL INFO transport.cc:222 -> 2
ip-0A230406:34071:34264 [4] NCCL INFO transport.cc:222 -> 2
ip-0A23040F:93142:93359 [4] NCCL INFO transport.cc:222 -> 2
ip-0A23040D:28335:28708 [4] NCCL INFO Sharp rank 0/7 initialized on mlx5_ib4:1

ip-0A23040D:28335:28708 [4] sharp_plugin.c:288 NCCL WARN NET/IB :SHARP coll init error: Cannot create SHArP job(-11)

ip-0A23040D:28335:28708 [4] NCCL INFO include/coll_net.h:21 -> 3
ip-0A23040D:28335:28555 [4] NCCL INFO transport.cc:222 -> 2
ip-0A23040D:28338:28709 [5] NCCL INFO NCCL_SHARP_GROUP_SIZE_THRESH set by environment to 3.
ip-0A23040D:28336:28554 [6] NCCL INFO CollNet 06 : 6 [receive] via COLLNET/SHARP/6/GDRDMA
ip-0A23040F:93141:93517 [5] NCCL INFO NCCL_SHARP_GROUP_SIZE_THRESH set by environment to 3.
ip-0A23040F:93145:93358 [6] NCCL INFO CollNet 06 : 14 [receive] via COLLNET/SHARP/6/GDRDMA
ip-0A230412:87406:87781 [5] NCCL INFO NCCL_SHARP_GROUP_SIZE_THRESH set by environment to 3.
ip-0A230414:73933:74334 [5] NCCL INFO NCCL_SHARP_GROUP_SIZE_THRESH set by environment to 3.
ip-0A230412:87410:87617 [6] NCCL INFO CollNet 06 : 22 [receive] via COLLNET/SHARP/6/GDRDMA
ip-0A230417:77621:77994 [5] NCCL INFO NCCL_SHARP_GROUP_SIZE_THRESH set by environment to 3.
ip-0A230414:73937:74156 [6] NCCL INFO CollNet 06 : 30 [receive] via COLLNET/SHARP/6/GDRDMA
ip-0A230417:77622:77828 [6] NCCL INFO CollNet 06 : 38 [receive] via COLLNET/SHARP/6/GDRDMA
ip-0A230406:34049:34434 [5] NCCL INFO NCCL_SHARP_GROUP_SIZE_THRESH set by environment to 3.
ip-0A230406:34048:34269 [6] NCCL INFO CollNet 06 : 46 [receive] via COLLNET/SHARP/6/GDRDMA
ip-0A230408:51739:52126 [5] NCCL INFO NCCL_SHARP_GROUP_SIZE_THRESH set by environment to 3.
ip-0A230408:51740:51950 [6] NCCL INFO CollNet 06 : 54 [receive] via COLLNET/SHARP/6/GDRDMA
[ip-0A23040D:0:28338 - context.c:584] INFO job (ID: 2524863007333552119) resource request quota: ( osts:0 user_data_per_ost:0 max_groups:0 max_qps:1 max_group_channels:1, num_trees:1)
[ip-0A23040D:0:28338 unique id 0] ERROR No Aggregation Manager (sharp_am) detected in sharp_create_job.

[ip-0A23040D:0:28338 - context.c:601] ERROR sharp_create_job failed: No Aggregation Manager (sharp_am) detected(-52)
ip-0A230414:73933:74334 [5] NCCL INFO Sharp rank 3/7 initialized on mlx5_ib5:1

ip-0A230414:73933:74334 [5] sharp_plugin.c:288 NCCL WARN NET/IB :SHARP coll init error: Cannot create SHArP job(-11)

ip-0A230414:73933:74334 [5] NCCL INFO include/coll_net.h:21 -> 3
ip-0A230408:51739:52126 [5] NCCL INFO Sharp rank 6/7 initialized on mlx5_ib5:1

ip-0A230408:51739:52126 [5] sharp_plugin.c:288 NCCL WARN NET/IB :SHARP coll init error: Cannot create SHArP job(-11)

ip-0A230408:51739:52126 [5] NCCL INFO include/coll_net.h:21 -> 3
ip-0A23040F:93141:93517 [5] NCCL INFO Sharp rank 1/7 initialized on mlx5_ib5:1

ip-0A23040F:93141:93517 [5] sharp_plugin.c:288 NCCL WARN NET/IB :SHARP coll init error: Cannot create SHArP job(-11)

ip-0A23040F:93141:93517 [5] NCCL INFO include/coll_net.h:21 -> 3
ip-0A230406:34049:34434 [5] NCCL INFO Sharp rank 5/7 initialized on mlx5_ib5:1

ip-0A230406:34049:34434 [5] sharp_plugin.c:288 NCCL WARN NET/IB :SHARP coll init error: Cannot create SHArP job(-11)

ip-0A230406:34049:34434 [5] NCCL INFO include/coll_net.h:21 -> 3
ip-0A230412:87406:87781 [5] NCCL INFO Sharp rank 2/7 initialized on mlx5_ib5:1

ip-0A230412:87406:87781 [5] sharp_plugin.c:288 NCCL WARN NET/IB :SHARP coll init error: Cannot create SHArP job(-11)

ip-0A230417:77621:77994 [5] NCCL INFO Sharp rank 4/7 initialized on mlx5_ib5:1

ip-0A230417:77621:77994 [5] sharp_plugin.c:288 NCCL WARN NET/IB :SHARP coll init error: Cannot create SHArP job(-11)

ip-0A230417:77621:77994 [5] NCCL INFO include/coll_net.h:21 -> 3
ip-0A23040F:93141:93357 [5] NCCL INFO transport.cc:222 -> 2
ip-0A230417:77621:77824 [5] NCCL INFO transport.cc:222 -> 2
ip-0A230414:73933:74155 [5] NCCL INFO transport.cc:222 -> 2
ip-0A230408:51739:51952 [5] NCCL INFO transport.cc:222 -> 2
ip-0A230406:34049:34263 [5] NCCL INFO transport.cc:222 -> 2
ip-0A230412:87406:87781 [5] NCCL INFO include/coll_net.h:21 -> 3
ip-0A230412:87406:87613 [5] NCCL INFO transport.cc:222 -> 2
ip-0A23040D:28338:28709 [5] NCCL INFO Sharp rank 0/7 initialized on mlx5_ib5:1

ip-0A23040D:28338:28709 [5] sharp_plugin.c:288 NCCL WARN NET/IB :SHARP coll init error: Cannot create SHArP job(-11)

ip-0A23040D:28338:28709 [5] NCCL INFO include/coll_net.h:21 -> 3
ip-0A23040D:28338:28556 [5] NCCL INFO transport.cc:222 -> 2
ip-0A23040D:28336:28713 [6] NCCL INFO NCCL_SHARP_GROUP_SIZE_THRESH set by environment to 3.
ip-0A23040D:28339:28552 [7] NCCL INFO CollNet 07 : 7 [receive] via COLLNET/SHARP/7/GDRDMA
ip-0A23040F:93145:93520 [6] NCCL INFO NCCL_SHARP_GROUP_SIZE_THRESH set by environment to 3.
ip-0A230412:87410:87779 [6] NCCL INFO NCCL_SHARP_GROUP_SIZE_THRESH set by environment to 3.
ip-0A23040F:93144:93361 [7] NCCL INFO CollNet 07 : 15 [receive] via COLLNET/SHARP/7/GDRDMA
ip-0A230412:87407:87610 [7] NCCL INFO CollNet 07 : 23 [receive] via COLLNET/SHARP/7/GDRDMA
ip-0A230414:73937:74335 [6] NCCL INFO NCCL_SHARP_GROUP_SIZE_THRESH set by environment to 3.
ip-0A230417:77622:77996 [6] NCCL INFO NCCL_SHARP_GROUP_SIZE_THRESH set by environment to 3.
ip-0A230414:73934:74152 [7] NCCL INFO CollNet 07 : 31 [receive] via COLLNET/SHARP/7/GDRDMA
ip-0A230417:77624:77825 [7] NCCL INFO CollNet 07 : 39 [receive] via COLLNET/SHARP/7/GDRDMA
ip-0A230406:34048:34435 [6] NCCL INFO NCCL_SHARP_GROUP_SIZE_THRESH set by environment to 3.
ip-0A230406:34072:34270 [7] NCCL INFO CollNet 07 : 47 [receive] via COLLNET/SHARP/7/GDRDMA
ip-0A230408:51740:52128 [6] NCCL INFO NCCL_SHARP_GROUP_SIZE_THRESH set by environment to 3.
ip-0A230408:51738:51953 [7] NCCL INFO CollNet 07 : 55 [receive] via COLLNET/SHARP/7/GDRDMA
[ip-0A23040D:0:28336 - context.c:584] INFO job (ID: 2524863456305355361) resource request quota: ( osts:0 user_data_per_ost:0 max_groups:0 max_qps:1 max_group_channels:1, num_trees:1)
[ip-0A23040D:0:28336 unique id 0] ERROR No Aggregation Manager (sharp_am) detected in sharp_create_job.

[ip-0A23040D:0:28336 - context.c:601] ERROR sharp_create_job failed: No Aggregation Manager (sharp_am) detected(-52)
ip-0A230408:51740:52128 [6] NCCL INFO Sharp rank 6/7 initialized on mlx5_ib6:1

ip-0A230408:51740:52128 [6] sharp_plugin.c:288 NCCL WARN NET/IB :SHARP coll init error: Cannot create SHArP job(-11)

ip-0A230408:51740:52128 [6] NCCL INFO include/coll_net.h:21 -> 3
ip-0A230414:73937:74335 [6] NCCL INFO Sharp rank 3/7 initialized on mlx5_ib6:1

ip-0A230414:73937:74335 [6] sharp_plugin.c:288 NCCL WARN NET/IB :SHARP coll init error: Cannot create SHArP job(-11)

ip-0A230414:73937:74335 [6] NCCL INFO include/coll_net.h:21 -> 3
ip-0A230406:34048:34435 [6] NCCL INFO Sharp rank 5/7 initialized on mlx5_ib6:1

ip-0A230406:34048:34435 [6] sharp_plugin.c:288 NCCL WARN NET/IB :SHARP coll init error: Cannot create SHArP job(-11)

ip-0A230406:34048:34435 [6] NCCL INFO include/coll_net.h:21 -> 3
ip-0A23040F:93145:93520 [6] NCCL INFO Sharp rank 1/7 initialized on mlx5_ib6:1

ip-0A23040F:93145:93520 [6] sharp_plugin.c:288 NCCL WARN NET/IB :SHARP coll init error: Cannot create SHArP job(-11)

ip-0A23040F:93145:93520 [6] NCCL INFO include/coll_net.h:21 -> 3
ip-0A230417:77622:77996 [6] NCCL INFO Sharp rank 4/7 initialized on mlx5_ib6:1

ip-0A230417:77622:77996 [6] sharp_plugin.c:288 NCCL WARN NET/IB :SHARP coll init error: Cannot create SHArP job(-11)

ip-0A230417:77622:77996 [6] NCCL INFO include/coll_net.h:21 -> 3
ip-0A230412:87410:87779 [6] NCCL INFO Sharp rank 2/7 initialized on mlx5_ib6:1

ip-0A230412:87410:87779 [6] sharp_plugin.c:288 NCCL WARN NET/IB :SHARP coll init error: Cannot create SHArP job(-11)

ip-0A230412:87410:87779 [6] NCCL INFO include/coll_net.h:21 -> 3
ip-0A230408:51740:51950 [6] NCCL INFO transport.cc:222 -> 2
ip-0A230417:77622:77828 [6] NCCL INFO transport.cc:222 -> 2
ip-0A230414:73937:74156 [6] NCCL INFO transport.cc:222 -> 2
ip-0A23040F:93145:93358 [6] NCCL INFO transport.cc:222 -> 2
ip-0A230406:34048:34269 [6] NCCL INFO transport.cc:222 -> 2
ip-0A230412:87410:87617 [6] NCCL INFO transport.cc:222 -> 2
ip-0A23040D:28336:28713 [6] NCCL INFO Sharp rank 0/7 initialized on mlx5_ib6:1

ip-0A23040D:28336:28713 [6] sharp_plugin.c:288 NCCL WARN NET/IB :SHARP coll init error: Cannot create SHArP job(-11)

ip-0A23040D:28336:28713 [6] NCCL INFO include/coll_net.h:21 -> 3
ip-0A23040D:28336:28554 [6] NCCL INFO transport.cc:222 -> 2
ip-0A23040D:28339:28711 [7] NCCL INFO NCCL_SHARP_GROUP_SIZE_THRESH set by environment to 3.
ip-0A23040F:93144:93515 [7] NCCL INFO NCCL_SHARP_GROUP_SIZE_THRESH set by environment to 3.
ip-0A230412:87407:87780 [7] NCCL INFO NCCL_SHARP_GROUP_SIZE_THRESH set by environment to 3.
ip-0A230414:73934:74336 [7] NCCL INFO NCCL_SHARP_GROUP_SIZE_THRESH set by environment to 3.
ip-0A230417:77624:77997 [7] NCCL INFO NCCL_SHARP_GROUP_SIZE_THRESH set by environment to 3.
ip-0A230406:34072:34433 [7] NCCL INFO NCCL_SHARP_GROUP_SIZE_THRESH set by environment to 3.
ip-0A230408:51738:52124 [7] NCCL INFO NCCL_SHARP_GROUP_SIZE_THRESH set by environment to 3.
[ip-0A23040D:0:28339 - context.c:584] INFO job (ID: 2524863216427769894) resource request quota: ( osts:0 user_data_per_ost:0 max_groups:0 max_qps:1 max_group_channels:1, num_trees:1)
[ip-0A23040D:0:28339 unique id 0] ERROR No Aggregation Manager (sharp_am) detected in sharp_create_job.

[ip-0A23040D:0:28339 - context.c:601] ERROR sharp_create_job failed: No Aggregation Manager (sharp_am) detected(-52)
ip-0A230414:73934:74336 [7] NCCL INFO Sharp rank 3/7 initialized on mlx5_ib7:1

ip-0A230414:73934:74336 [7] sharp_plugin.c:288 NCCL WARN NET/IB :SHARP coll init error: Cannot create SHArP job(-11)

ip-0A230414:73934:74336 [7] NCCL INFO include/coll_net.h:21 -> 3
ip-0A230406:34072:34433 [7] NCCL INFO Sharp rank 5/7 initialized on mlx5_ib7:1

ip-0A230406:34072:34433 [7] sharp_plugin.c:288 NCCL WARN NET/IB :SHARP coll init error: Cannot create SHArP job(-11)

ip-0A230406:34072:34433 [7] NCCL INFO include/coll_net.h:21 -> 3
ip-0A230406:34072:34270 [7] NCCL INFO transport.cc:222 -> 2
ip-0A230408:51738:52124 [7] NCCL INFO Sharp rank 6/7 initialized on mlx5_ib7:1

ip-0A230408:51738:52124 [7] sharp_plugin.c:288 NCCL WARN NET/IB :SHARP coll init error: Cannot create SHArP job(-11)

ip-0A230408:51738:52124 [7] NCCL INFO include/coll_net.h:21 -> 3
ip-0A230417:77624:77997 [7] NCCL INFO Sharp rank 4/7 initialized on mlx5_ib7:1

ip-0A230417:77624:77997 [7] sharp_plugin.c:288 NCCL WARN NET/IB :SHARP coll init error: Cannot create SHArP job(-11)

ip-0A230417:77624:77997 [7] NCCL INFO include/coll_net.h:21 -> 3
ip-0A230412:87407:87780 [7] NCCL INFO Sharp rank 2/7 initialized on mlx5_ib7:1

ip-0A230412:87407:87780 [7] sharp_plugin.c:288 NCCL WARN NET/IB :SHARP coll init error: Cannot create SHArP job(-11)

ip-0A230412:87407:87780 [7] NCCL INFO include/coll_net.h:21 -> 3
ip-0A230412:87407:87610 [7] NCCL INFO transport.cc:222 -> 2
ip-0A23040F:93144:93515 [7] NCCL INFO Sharp rank 1/7 initialized on mlx5_ib7:1

ip-0A23040F:93144:93515 [7] sharp_plugin.c:288 NCCL WARN NET/IB :SHARP coll init error: Cannot create SHArP job(-11)

ip-0A23040F:93144:93515 [7] NCCL INFO include/coll_net.h:21 -> 3
ip-0A230414:73934:74152 [7] NCCL INFO transport.cc:222 -> 2
ip-0A230408:51738:51953 [7] NCCL INFO transport.cc:222 -> 2
ip-0A23040F:93144:93361 [7] NCCL INFO transport.cc:222 -> 2
ip-0A230417:77624:77825 [7] NCCL INFO transport.cc:222 -> 2
ip-0A230406:34072:34270 [7] NCCL INFO init.cc:765 -> 2
ip-0A230406:34072:34270 [7] NCCL INFO threadThresholds 8/8/64 | 448/8/64 | 8/8/512
ip-0A230414:73937:74156 [6] NCCL INFO init.cc:765 -> 2

ip-0A230406:34046:34266 [0] transport.cc:253 NCCL WARN Cannot initialize CollNet, using point-to-point network instead
ip-0A230406:34046:34266 [0] NCCL INFO init.cc:765 -> 2
ip-0A230412:87407:87610 [7] NCCL INFO init.cc:765 -> 2
ip-0A230412:87407:87610 [7] NCCL INFO threadThresholds 8/8/64 | 448/8/64 | 8/8/512
ip-0A230406:34045:34265 [1] NCCL INFO init.cc:765 -> 2
ip-0A230406:34045:34265 [1] NCCL INFO threadThresholds 8/8/64 | 448/8/64 | 8/8/512
ip-0A230406:34044:34267 [2] NCCL INFO init.cc:765 -> 2
ip-0A230406:34047:34268 [3] NCCL INFO init.cc:765 -> 2
ip-0A230406:34047:34268 [3] NCCL INFO threadThresholds 8/8/64 | 448/8/64 | 8/8/512
ip-0A230406:34071:34264 [4] NCCL INFO init.cc:765 -> 2
ip-0A230406:34071:34264 [4] NCCL INFO threadThresholds 8/8/64 | 448/8/64 | 8/8/512
ip-0A230406:34049:34263 [5] NCCL INFO init.cc:765 -> 2
ip-0A230406:34049:34263 [5] NCCL INFO threadThresholds 8/8/64 | 448/8/64 | 8/8/512
ip-0A230406:34048:34269 [6] NCCL INFO init.cc:765 -> 2
ip-0A230406:34048:34269 [6] NCCL INFO threadThresholds 8/8/64 | 448/8/64 | 8/8/512
ip-0A230406:34046:34266 [0] NCCL INFO threadThresholds 8/8/64 | 448/8/64 | 8/8/512
ip-0A230406:34044:34267 [2] NCCL INFO threadThresholds 8/8/64 | 448/8/64 | 8/8/512
ip-0A230408:51738:51953 [7] NCCL INFO init.cc:765 -> 2
ip-0A230417:77624:77825 [7] NCCL INFO init.cc:765 -> 2
ip-0A230414:73934:74152 [7] NCCL INFO init.cc:765 -> 2
ip-0A230414:73934:74152 [7] NCCL INFO threadThresholds 8/8/64 | 448/8/64 | 8/8/512

ip-0A230414:73936:74159 [0] transport.cc:253 NCCL WARN Cannot initialize CollNet, using point-to-point network instead
ip-0A230414:73940:74158 [1] NCCL INFO init.cc:765 -> 2
ip-0A23040F:93143:93356 [2] NCCL INFO init.cc:765 -> 2
ip-0A230414:73935:74153 [2] NCCL INFO init.cc:765 -> 2
ip-0A230414:73938:74157 [4] NCCL INFO init.cc:765 -> 2
ip-0A230414:73937:74156 [6] NCCL INFO threadThresholds 8/8/64 | 448/8/64 | 8/8/512

ip-0A230412:87409:87614 [0] transport.cc:253 NCCL WARN Cannot initialize CollNet, using point-to-point network instead
ip-0A230412:87409:87614 [0] NCCL INFO init.cc:765 -> 2
ip-0A230414:73936:74159 [0] NCCL INFO init.cc:765 -> 2
ip-0A230414:73936:74159 [0] NCCL INFO threadThresholds 8/8/64 | 448/8/64 | 8/8/512
ip-0A230412:87405:87616 [1] NCCL INFO init.cc:765 -> 2
ip-0A230414:73940:74158 [1] NCCL INFO threadThresholds 8/8/64 | 448/8/64 | 8/8/512
ip-0A230412:87404:87611 [2] NCCL INFO init.cc:765 -> 2
ip-0A230412:87404:87611 [2] NCCL INFO threadThresholds 8/8/64 | 448/8/64 | 8/8/512
ip-0A230414:73935:74153 [2] NCCL INFO threadThresholds 8/8/64 | 448/8/64 | 8/8/512
ip-0A230412:87411:87612 [3] NCCL INFO init.cc:765 -> 2
ip-0A230414:73939:74154 [3] NCCL INFO init.cc:765 -> 2
ip-0A230414:73939:74154 [3] NCCL INFO threadThresholds 8/8/64 | 448/8/64 | 8/8/512
ip-0A230412:87410:87617 [6] NCCL INFO init.cc:765 -> 2
ip-0A230412:87410:87617 [6] NCCL INFO threadThresholds 8/8/64 | 448/8/64 | 8/8/512
ip-0A230414:73938:74157 [4] NCCL INFO threadThresholds 8/8/64 | 448/8/64 | 8/8/512
ip-0A230412:87409:87614 [0] NCCL INFO threadThresholds 8/8/64 | 448/8/64 | 8/8/512
ip-0A230414:73933:74155 [5] NCCL INFO init.cc:765 -> 2
ip-0A230414:73933:74155 [5] NCCL INFO threadThresholds 8/8/64 | 448/8/64 | 8/8/512
ip-0A230412:87405:87616 [1] NCCL INFO threadThresholds 8/8/64 | 448/8/64 | 8/8/512
ip-0A230412:87411:87612 [3] NCCL INFO threadThresholds 8/8/64 | 448/8/64 | 8/8/512
ip-0A230412:87408:87615 [4] NCCL INFO init.cc:765 -> 2
ip-0A230412:87408:87615 [4] NCCL INFO threadThresholds 8/8/64 | 448/8/64 | 8/8/512
ip-0A230412:87406:87613 [5] NCCL INFO init.cc:765 -> 2
ip-0A230412:87406:87613 [5] NCCL INFO threadThresholds 8/8/64 | 448/8/64 | 8/8/512

ip-0A230417:77620:77830 [0] transport.cc:253 NCCL WARN Cannot initialize CollNet, using point-to-point network instead
ip-0A230417:77620:77830 [0] NCCL INFO init.cc:765 -> 2
ip-0A230408:51737:51951 [4] NCCL INFO init.cc:765 -> 2
ip-0A230417:77625:77827 [2] NCCL INFO init.cc:765 -> 2
ip-0A230417:77625:77827 [2] NCCL INFO threadThresholds 8/8/64 | 448/8/64 | 8/8/512
ip-0A230408:51740:51950 [6] NCCL INFO init.cc:765 -> 2
ip-0A230417:77624:77825 [7] NCCL INFO threadThresholds 8/8/64 | 448/8/64 | 8/8/512
ip-0A230408:51738:51953 [7] NCCL INFO threadThresholds 8/8/64 | 448/8/64 | 8/8/512
ip-0A230417:77620:77830 [0] NCCL INFO threadThresholds 8/8/64 | 448/8/64 | 8/8/512
ip-0A23040F:93170:93355 [3] NCCL INFO init.cc:765 -> 2
ip-0A23040F:93170:93355 [3] NCCL INFO threadThresholds 8/8/64 | 448/8/64 | 8/8/512
ip-0A230408:51742:51957 [2] NCCL INFO init.cc:765 -> 2
ip-0A230417:77618:77829 [1] NCCL INFO init.cc:765 -> 2
ip-0A230417:77618:77829 [1] NCCL INFO threadThresholds 8/8/64 | 448/8/64 | 8/8/512
ip-0A23040F:93145:93358 [6] NCCL INFO init.cc:765 -> 2
ip-0A23040F:93145:93358 [6] NCCL INFO threadThresholds 8/8/64 | 448/8/64 | 8/8/512
ip-0A230408:51737:51951 [4] NCCL INFO threadThresholds 8/8/64 | 448/8/64 | 8/8/512
