ip-0A230417:47297:47501 [1] NCCL INFO Channel 16 : 33[200000] -> 32[100000] via P2P/IPC/read
ip-0A230417:47297:47501 [1] NCCL INFO Channel 17 : 33[200000] -> 32[100000] via P2P/IPC/read
ip-0A230417:47297:47501 [1] NCCL INFO Connected all trees
ip-0A230417:47292:47499 [0] NCCL INFO Connected all trees
ip-0A230417:47292:47499 [0] NCCL INFO CollNet 00 : 32 [receive] via COLLNET/SHARP/0/GDRDMA
ip-0A23040F:63538:63757 [6] NCCL INFO Channel 23 : 14[d00000] -> 8[100000] via P2P/IPC/read
ip-0A230414:44297:44514 [6] NCCL INFO Channel 15/0 : 30[d00000] -> 23[e00000] [send] via NET/IBext/7/GDRDMA
ip-0A230412:57015:57216 [7] NCCL INFO Channel 07/0 : 31[e00000] -> 23[e00000] [receive] via NET/IBext/7/GDRDMA
ip-0A230412:57015:57216 [7] NCCL INFO Channel 23/0 : 31[e00000] -> 23[e00000] [receive] via NET/IBext/7/GDRDMA
ip-0A230414:44296:44511 [4] NCCL INFO Channel 13/0 : 28[b00000] -> 21[c00000] [send] via NET/IBext/5/GDRDMA
ip-0A230412:57017:57219 [2] NCCL INFO Channel 03/0 : 18[300000] -> 11[400000] [send] via NET/IBext/3/GDRDMA
ip-0A230412:57017:57219 [2] NCCL INFO Channel 19/0 : 18[300000] -> 11[400000] [send] via NET/IBext/3/GDRDMA
ip-0A230414:44295:44507 [0] NCCL INFO Channel 09/0 : 24[100000] -> 17[200000] [send] via NET/IBext/1/GDRDMA
ip-0A230412:57016:57220 [5] NCCL INFO Channel 05/0 : 29[c00000] -> 21[c00000] [receive] via NET/IBext/5/GDRDMA
ip-0A230412:57016:57220 [5] NCCL INFO Channel 21/0 : 29[c00000] -> 21[c00000] [receive] via NET/IBext/5/GDRDMA
ip-0A230412:57012:57222 [4] NCCL INFO Channel 05/0 : 20[b00000] -> 13[c00000] [send] via NET/IBext/5/GDRDMA
ip-0A230412:57012:57222 [4] NCCL INFO Channel 21/0 : 20[b00000] -> 13[c00000] [send] via NET/IBext/5/GDRDMA
ip-0A230414:44293:44508 [7] NCCL INFO Channel 02 : 31[e00000] -> 24[100000] via P2P/IPC/read
ip-0A230414:44293:44508 [7] NCCL INFO Channel 03 : 31[e00000] -> 24[100000] via P2P/IPC/read
ip-0A230414:44293:44508 [7] NCCL INFO Channel 04 : 31[e00000] -> 24[100000] via P2P/IPC/read
ip-0A230414:44293:44508 [7] NCCL INFO Channel 05 : 31[e00000] -> 24[100000] via P2P/IPC/read
ip-0A230414:44293:44508 [7] NCCL INFO Channel 06 : 31[e00000] -> 24[100000] via P2P/IPC/read
ip-0A230414:44293:44508 [7] NCCL INFO Channel 10 : 31[e00000] -> 24[100000] via P2P/IPC/read
ip-0A230414:44293:44508 [7] NCCL INFO Channel 11 : 31[e00000] -> 24[100000] via P2P/IPC/read
ip-0A230414:44293:44508 [7] NCCL INFO Channel 12 : 31[e00000] -> 24[100000] via P2P/IPC/read
ip-0A230414:44293:44508 [7] NCCL INFO Channel 13 : 31[e00000] -> 24[100000] via P2P/IPC/read
ip-0A230414:44293:44508 [7] NCCL INFO Channel 14 : 31[e00000] -> 24[100000] via P2P/IPC/read
ip-0A230414:44293:44508 [7] NCCL INFO Channel 18 : 31[e00000] -> 24[100000] via P2P/IPC/read
ip-0A230414:44293:44508 [7] NCCL INFO Channel 19 : 31[e00000] -> 24[100000] via P2P/IPC/read
ip-0A230414:44293:44508 [7] NCCL INFO Channel 20 : 31[e00000] -> 24[100000] via P2P/IPC/read
ip-0A230414:44293:44508 [7] NCCL INFO Channel 21 : 31[e00000] -> 24[100000] via P2P/IPC/read
ip-0A230414:44293:44508 [7] NCCL INFO Channel 22 : 31[e00000] -> 24[100000] via P2P/IPC/read
ip-0A230414:44292:44513 [5] NCCL INFO Channel 04 : 29[c00000] -> 28[b00000] via P2P/IPC/read
ip-0A230414:44292:44513 [5] NCCL INFO Channel 05 : 29[c00000] -> 28[b00000] via P2P/IPC/read
ip-0A230414:44292:44513 [5] NCCL INFO Channel 12 : 29[c00000] -> 28[b00000] via P2P/IPC/read
ip-0A230414:44292:44513 [5] NCCL INFO Channel 13 : 29[c00000] -> 28[b00000] via P2P/IPC/read
ip-0A230414:44292:44513 [5] NCCL INFO Channel 20 : 29[c00000] -> 28[b00000] via P2P/IPC/read
ip-0A230414:44293:44508 [7] NCCL INFO Channel 06 : 31[e00000] -> 30[d00000] via P2P/IPC/read
ip-0A230414:44292:44513 [5] NCCL INFO Channel 21 : 29[c00000] -> 28[b00000] via P2P/IPC/read
ip-0A230414:44293:44508 [7] NCCL INFO Channel 07 : 31[e00000] -> 30[d00000] via P2P/IPC/read
ip-0A230414:44293:44508 [7] NCCL INFO Channel 14 : 31[e00000] -> 30[d00000] via P2P/IPC/read
ip-0A230414:44293:44508 [7] NCCL INFO Channel 15 : 31[e00000] -> 30[d00000] via P2P/IPC/read
ip-0A230414:44293:44508 [7] NCCL INFO Channel 22 : 31[e00000] -> 30[d00000] via P2P/IPC/read
ip-0A230414:44293:44508 [7] NCCL INFO Channel 23 : 31[e00000] -> 30[d00000] via P2P/IPC/read
ip-0A230412:57013:57217 [3] NCCL INFO Channel 11/0 : 26[300000] -> 19[400000] [receive] via NET/IBext/3/GDRDMA
ip-0A230412:57014:57221 [1] NCCL INFO Channel 01/0 : 25[200000] -> 17[200000] [receive] via NET/IBext/1/GDRDMA
ip-0A230412:57014:57221 [1] NCCL INFO Channel 17/0 : 25[200000] -> 17[200000] [receive] via NET/IBext/1/GDRDMA
ip-0A230412:57011:57223 [6] NCCL INFO Channel 07/0 : 22[d00000] -> 15[e00000] [send] via NET/IBext/7/GDRDMA
ip-0A230412:57011:57223 [6] NCCL INFO Channel 23/0 : 22[d00000] -> 15[e00000] [send] via NET/IBext/7/GDRDMA
ip-0A230414:44299:44512 [2] NCCL INFO Connected all trees
ip-0A230414:44294:44509 [3] NCCL INFO Connected all trees
ip-0A230414:44298:44510 [1] NCCL INFO Channel 00 : 25[200000] -> 24[100000] via P2P/IPC/read
ip-0A230414:44298:44510 [1] NCCL INFO Channel 01 : 25[200000] -> 24[100000] via P2P/IPC/read
ip-0A230414:44298:44510 [1] NCCL INFO Channel 08 : 25[200000] -> 24[100000] via P2P/IPC/read
ip-0A230414:44298:44510 [1] NCCL INFO Channel 09 : 25[200000] -> 24[100000] via P2P/IPC/read
ip-0A230414:44298:44510 [1] NCCL INFO Channel 16 : 25[200000] -> 24[100000] via P2P/IPC/read
ip-0A230414:44298:44510 [1] NCCL INFO Channel 17 : 25[200000] -> 24[100000] via P2P/IPC/read
ip-0A230412:57013:57217 [3] NCCL INFO Channel 02 : 19[400000] -> 18[300000] via P2P/IPC/read
ip-0A23040F:63543:63760 [3] NCCL INFO Channel 02 : 11[400000] -> 10[300000] via P2P/IPC/read
ip-0A230412:57013:57217 [3] NCCL INFO Channel 03 : 19[400000] -> 18[300000] via P2P/IPC/read
ip-0A23040F:63543:63760 [3] NCCL INFO Channel 03 : 11[400000] -> 10[300000] via P2P/IPC/read
ip-0A23040F:63543:63760 [3] NCCL INFO Channel 10 : 11[400000] -> 10[300000] via P2P/IPC/read
ip-0A23040F:63541:63754 [5] NCCL INFO Channel 04 : 13[c00000] -> 12[b00000] via P2P/IPC/read
ip-0A23040F:63543:63760 [3] NCCL INFO Channel 11 : 11[400000] -> 10[300000] via P2P/IPC/read
ip-0A23040F:63541:63754 [5] NCCL INFO Channel 05 : 13[c00000] -> 12[b00000] via P2P/IPC/read
ip-0A23040F:63543:63760 [3] NCCL INFO Channel 18 : 11[400000] -> 10[300000] via P2P/IPC/read
ip-0A23040F:63541:63754 [5] NCCL INFO Channel 12 : 13[c00000] -> 12[b00000] via P2P/IPC/read
ip-0A23040F:63543:63760 [3] NCCL INFO Channel 19 : 11[400000] -> 10[300000] via P2P/IPC/read
ip-0A23040F:63541:63754 [5] NCCL INFO Channel 13 : 13[c00000] -> 12[b00000] via P2P/IPC/read
ip-0A23040F:63541:63754 [5] NCCL INFO Channel 20 : 13[c00000] -> 12[b00000] via P2P/IPC/read
ip-0A23040F:63541:63754 [5] NCCL INFO Channel 21 : 13[c00000] -> 12[b00000] via P2P/IPC/read
ip-0A23040F:63543:63760 [3] NCCL INFO Connected all trees
ip-0A23040F:63566:63753 [2] NCCL INFO Connected all trees
ip-0A23040F:63541:63754 [5] NCCL INFO Connected all trees
ip-0A23040F:63537:63756 [4] NCCL INFO Connected all trees
ip-0A230412:57013:57217 [3] NCCL INFO Channel 10 : 19[400000] -> 18[300000] via P2P/IPC/read
ip-0A230412:57015:57216 [7] NCCL INFO Channel 15/0 : 30[d00000] -> 23[e00000] [receive] via NET/IBext/7/GDRDMA
ip-0A230412:57015:57216 [7] NCCL INFO Channel 02 : 23[e00000] -> 16[100000] via P2P/IPC/read
ip-0A230412:57013:57217 [3] NCCL INFO Channel 11 : 19[400000] -> 18[300000] via P2P/IPC/read
ip-0A230412:57015:57216 [7] NCCL INFO Channel 03 : 23[e00000] -> 16[100000] via P2P/IPC/read
ip-0A230412:57013:57217 [3] NCCL INFO Channel 18 : 19[400000] -> 18[300000] via P2P/IPC/read
ip-0A230412:57015:57216 [7] NCCL INFO Channel 04 : 23[e00000] -> 16[100000] via P2P/IPC/read
ip-0A230412:57013:57217 [3] NCCL INFO Channel 19 : 19[400000] -> 18[300000] via P2P/IPC/read
ip-0A230412:57015:57216 [7] NCCL INFO Channel 05 : 23[e00000] -> 16[100000] via P2P/IPC/read
ip-0A230412:57015:57216 [7] NCCL INFO Channel 06 : 23[e00000] -> 16[100000] via P2P/IPC/read
ip-0A230412:57015:57216 [7] NCCL INFO Channel 10 : 23[e00000] -> 16[100000] via P2P/IPC/read
ip-0A230412:57015:57216 [7] NCCL INFO Channel 11 : 23[e00000] -> 16[100000] via P2P/IPC/read
ip-0A230412:57015:57216 [7] NCCL INFO Channel 12 : 23[e00000] -> 16[100000] via P2P/IPC/read
ip-0A230412:57016:57220 [5] NCCL INFO Channel 13/0 : 28[b00000] -> 21[c00000] [receive] via NET/IBext/5/GDRDMA
ip-0A23040F:63540:63759 [7] NCCL INFO Channel 06 : 15[e00000] -> 14[d00000] via P2P/IPC/read
ip-0A23040F:63540:63759 [7] NCCL INFO Channel 07 : 15[e00000] -> 14[d00000] via P2P/IPC/read
ip-0A23040F:63540:63759 [7] NCCL INFO Channel 14 : 15[e00000] -> 14[d00000] via P2P/IPC/read
ip-0A23040F:63540:63759 [7] NCCL INFO Channel 15 : 15[e00000] -> 14[d00000] via P2P/IPC/read
ip-0A23040F:63540:63759 [7] NCCL INFO Channel 22 : 15[e00000] -> 14[d00000] via P2P/IPC/read
ip-0A23040F:63540:63759 [7] NCCL INFO Channel 23 : 15[e00000] -> 14[d00000] via P2P/IPC/read
ip-0A23040F:63540:63759 [7] NCCL INFO Connected all trees
ip-0A23040F:63538:63757 [6] NCCL INFO Connected all trees
ip-0A230412:57015:57216 [7] NCCL INFO Channel 13 : 23[e00000] -> 16[100000] via P2P/IPC/read
ip-0A230414:44296:44511 [4] NCCL INFO Connected all trees
ip-0A230414:44292:44513 [5] NCCL INFO Connected all trees
ip-0A230412:57015:57216 [7] NCCL INFO Channel 14 : 23[e00000] -> 16[100000] via P2P/IPC/read
ip-0A230412:57011:57223 [6] NCCL INFO Channel 07 : 22[d00000] -> 16[100000] via P2P/IPC/read
ip-0A230412:57010:57218 [0] NCCL INFO Channel 01/0 : 16[100000] -> 9[200000] [send] via NET/IBext/1/GDRDMA
ip-0A230412:57010:57218 [0] NCCL INFO Channel 17/0 : 16[100000] -> 9[200000] [send] via NET/IBext/1/GDRDMA
ip-0A230412:57014:57221 [1] NCCL INFO Channel 09/0 : 24[100000] -> 17[200000] [receive] via NET/IBext/1/GDRDMA
ip-0A230412:57015:57216 [7] NCCL INFO Channel 18 : 23[e00000] -> 16[100000] via P2P/IPC/read
ip-0A230412:57011:57223 [6] NCCL INFO Channel 15 : 22[d00000] -> 16[100000] via P2P/IPC/read
ip-0A230412:57015:57216 [7] NCCL INFO Channel 19 : 23[e00000] -> 16[100000] via P2P/IPC/read
ip-0A230412:57011:57223 [6] NCCL INFO Channel 23 : 22[d00000] -> 16[100000] via P2P/IPC/read
ip-0A230412:57017:57219 [2] NCCL INFO Connected all trees
ip-0A230412:57015:57216 [7] NCCL INFO Channel 20 : 23[e00000] -> 16[100000] via P2P/IPC/read
ip-0A230412:57013:57217 [3] NCCL INFO Connected all trees
ip-0A230412:57016:57220 [5] NCCL INFO Channel 04 : 21[c00000] -> 20[b00000] via P2P/IPC/read
ip-0A230412:57015:57216 [7] NCCL INFO Channel 21 : 23[e00000] -> 16[100000] via P2P/IPC/read
ip-0A230412:57016:57220 [5] NCCL INFO Channel 05 : 21[c00000] -> 20[b00000] via P2P/IPC/read
ip-0A230412:57015:57216 [7] NCCL INFO Channel 22 : 23[e00000] -> 16[100000] via P2P/IPC/read
ip-0A230412:57016:57220 [5] NCCL INFO Channel 12 : 21[c00000] -> 20[b00000] via P2P/IPC/read
ip-0A230412:57014:57221 [1] NCCL INFO Channel 00 : 17[200000] -> 16[100000] via P2P/IPC/read
ip-0A230412:57016:57220 [5] NCCL INFO Channel 13 : 21[c00000] -> 20[b00000] via P2P/IPC/read
ip-0A230412:57014:57221 [1] NCCL INFO Channel 01 : 17[200000] -> 16[100000] via P2P/IPC/read
ip-0A230412:57016:57220 [5] NCCL INFO Channel 20 : 21[c00000] -> 20[b00000] via P2P/IPC/read
ip-0A230412:57014:57221 [1] NCCL INFO Channel 08 : 17[200000] -> 16[100000] via P2P/IPC/read
ip-0A230412:57016:57220 [5] NCCL INFO Channel 21 : 21[c00000] -> 20[b00000] via P2P/IPC/read
ip-0A230412:57014:57221 [1] NCCL INFO Channel 09 : 17[200000] -> 16[100000] via P2P/IPC/read
ip-0A230412:57014:57221 [1] NCCL INFO Channel 16 : 17[200000] -> 16[100000] via P2P/IPC/read
ip-0A230412:57014:57221 [1] NCCL INFO Channel 17 : 17[200000] -> 16[100000] via P2P/IPC/read
ip-0A230414:44297:44514 [6] NCCL INFO Channel 07 : 30[d00000] -> 24[100000] via P2P/IPC/read
ip-0A230414:44297:44514 [6] NCCL INFO Channel 15 : 30[d00000] -> 24[100000] via P2P/IPC/read
ip-0A230414:44297:44514 [6] NCCL INFO Channel 23 : 30[d00000] -> 24[100000] via P2P/IPC/read
ip-0A230412:57016:57220 [5] NCCL INFO Connected all trees
ip-0A230414:44297:44514 [6] NCCL INFO Connected all trees
ip-0A230412:57012:57222 [4] NCCL INFO Connected all trees
ip-0A230414:44293:44508 [7] NCCL INFO Connected all trees
ip-0A230414:44295:44507 [0] NCCL INFO Connected all trees
ip-0A230414:44295:44507 [0] NCCL INFO CollNet 00 : 24 [receive] via COLLNET/SHARP/0/GDRDMA
ip-0A230414:44298:44510 [1] NCCL INFO Connected all trees
ip-0A23040F:63539:63755 [1] NCCL INFO Channel 00 : 9[200000] -> 8[100000] via P2P/IPC/read
ip-0A23040F:63539:63755 [1] NCCL INFO Channel 01 : 9[200000] -> 8[100000] via P2P/IPC/read
ip-0A23040F:63539:63755 [1] NCCL INFO Channel 08 : 9[200000] -> 8[100000] via P2P/IPC/read
ip-0A23040F:63539:63755 [1] NCCL INFO Channel 09 : 9[200000] -> 8[100000] via P2P/IPC/read
ip-0A23040F:63539:63755 [1] NCCL INFO Channel 16 : 9[200000] -> 8[100000] via P2P/IPC/read
ip-0A23040F:63539:63755 [1] NCCL INFO Channel 17 : 9[200000] -> 8[100000] via P2P/IPC/read
ip-0A23040F:63539:63755 [1] NCCL INFO Connected all trees
ip-0A23040F:63542:63758 [0] NCCL INFO Connected all trees
ip-0A23040F:63542:63758 [0] NCCL INFO CollNet 00 : 8 [receive] via COLLNET/SHARP/0/GDRDMA
ip-0A230412:57015:57216 [7] NCCL INFO Channel 06 : 23[e00000] -> 22[d00000] via P2P/IPC/read
ip-0A230412:57015:57216 [7] NCCL INFO Channel 07 : 23[e00000] -> 22[d00000] via P2P/IPC/read
ip-0A230412:57015:57216 [7] NCCL INFO Channel 14 : 23[e00000] -> 22[d00000] via P2P/IPC/read
ip-0A230412:57015:57216 [7] NCCL INFO Channel 15 : 23[e00000] -> 22[d00000] via P2P/IPC/read
ip-0A230412:57015:57216 [7] NCCL INFO Channel 22 : 23[e00000] -> 22[d00000] via P2P/IPC/read
ip-0A230412:57015:57216 [7] NCCL INFO Channel 23 : 23[e00000] -> 22[d00000] via P2P/IPC/read
ip-0A230412:57010:57218 [0] NCCL INFO Connected all trees
ip-0A230412:57014:57221 [1] NCCL INFO Connected all trees
ip-0A230412:57011:57223 [6] NCCL INFO Connected all trees
ip-0A230412:57015:57216 [7] NCCL INFO Connected all trees
ip-0A230412:57010:57218 [0] NCCL INFO CollNet 00 : 16 [receive] via COLLNET/SHARP/0/GDRDMA
ip-0A230412:57010:57383 [0] NCCL INFO NCCL_SHARP_GROUP_SIZE_THRESH set by environment to 3.
ip-0A230412:57014:57221 [1] NCCL INFO CollNet 01 : 17 [receive] via COLLNET/SHARP/1/GDRDMA
ip-0A230414:44295:44677 [0] NCCL INFO NCCL_SHARP_GROUP_SIZE_THRESH set by environment to 3.
ip-0A230414:44298:44510 [1] NCCL INFO CollNet 01 : 25 [receive] via COLLNET/SHARP/1/GDRDMA
ip-0A230417:47292:47667 [0] NCCL INFO NCCL_SHARP_GROUP_SIZE_THRESH set by environment to 3.
ip-0A23040D:96962:97334 [0] NCCL INFO NCCL_SHARP_GROUP_SIZE_THRESH set by environment to 3.
ip-0A230406:97690:98062 [0] NCCL INFO NCCL_SHARP_GROUP_SIZE_THRESH set by environment to 3.
ip-0A230408:18111:18490 [0] NCCL INFO NCCL_SHARP_GROUP_SIZE_THRESH set by environment to 3.
ip-0A23040D:96966:97181 [1] NCCL INFO CollNet 01 : 1 [receive] via COLLNET/SHARP/1/GDRDMA
ip-0A23040F:63539:63755 [1] NCCL INFO CollNet 01 : 9 [receive] via COLLNET/SHARP/1/GDRDMA
ip-0A230417:47297:47501 [1] NCCL INFO CollNet 01 : 33 [receive] via COLLNET/SHARP/1/GDRDMA
ip-0A23040F:63542:63917 [0] NCCL INFO NCCL_SHARP_GROUP_SIZE_THRESH set by environment to 3.
ip-0A230406:97688:97891 [1] NCCL INFO CollNet 01 : 41 [receive] via COLLNET/SHARP/1/GDRDMA
ip-0A230408:18114:18315 [1] NCCL INFO CollNet 01 : 49 [receive] via COLLNET/SHARP/1/GDRDMA
[ip-0A23040D:0:96962 - context.c:584] INFO job (ID: 2524862761340919292) resource request quota: ( osts:0 user_data_per_ost:0 max_groups:0 max_qps:1 max_group_channels:1, num_trees:1)
[ip-0A23040D:0:96962 unique id 0] ERROR No Aggregation Manager (sharp_am) detected in sharp_create_job.

[ip-0A23040D:0:96962 - context.c:601] ERROR sharp_create_job failed: No Aggregation Manager (sharp_am) detected(-52)
ip-0A230408:18111:18490 [0] NCCL INFO Sharp rank 6/7 initialized on mlx5_ib0:1

ip-0A230408:18111:18490 [0] sharp_plugin.c:288 NCCL WARN NET/IB :SHARP coll init error: Cannot create SHArP job(-11)

ip-0A230408:18111:18490 [0] NCCL INFO include/coll_net.h:21 -> 3
ip-0A230414:44295:44677 [0] NCCL INFO Sharp rank 3/7 initialized on mlx5_ib0:1

ip-0A230414:44295:44677 [0] sharp_plugin.c:288 NCCL WARN NET/IB :SHARP coll init error: Cannot create SHArP job(-11)

ip-0A230414:44295:44677 [0] NCCL INFO include/coll_net.h:21 -> 3
ip-0A230408:18111:18318 [0] NCCL INFO transport.cc:222 -> 2
ip-0A230414:44295:44507 [0] NCCL INFO transport.cc:222 -> 2
ip-0A23040F:63542:63917 [0] NCCL INFO Sharp rank 1/7 initialized on mlx5_ib0:1

ip-0A23040F:63542:63917 [0] sharp_plugin.c:288 NCCL WARN NET/IB :SHARP coll init error: Cannot create SHArP job(-11)

ip-0A23040F:63542:63917 [0] NCCL INFO include/coll_net.h:21 -> 3
ip-0A230417:47292:47667 [0] NCCL INFO Sharp rank 4/7 initialized on mlx5_ib0:1

ip-0A230417:47292:47667 [0] sharp_plugin.c:288 NCCL WARN NET/IB :SHARP coll init error: Cannot create SHArP job(-11)

ip-0A230412:57010:57383 [0] NCCL INFO Sharp rank 2/7 initialized on mlx5_ib0:1

ip-0A230412:57010:57383 [0] sharp_plugin.c:288 NCCL WARN NET/IB :SHARP coll init error: Cannot create SHArP job(-11)

ip-0A230412:57010:57383 [0] NCCL INFO include/coll_net.h:21 -> 3
ip-0A230406:97690:98062 [0] NCCL INFO Sharp rank 5/7 initialized on mlx5_ib0:1

ip-0A230406:97690:98062 [0] sharp_plugin.c:288 NCCL WARN NET/IB :SHARP coll init error: Cannot create SHArP job(-11)

ip-0A230406:97690:98062 [0] NCCL INFO include/coll_net.h:21 -> 3
ip-0A23040F:63542:63758 [0] NCCL INFO transport.cc:222 -> 2
ip-0A230417:47292:47667 [0] NCCL INFO include/coll_net.h:21 -> 3
ip-0A230417:47292:47499 [0] NCCL INFO transport.cc:222 -> 2
ip-0A230412:57010:57218 [0] NCCL INFO transport.cc:222 -> 2
ip-0A230406:97690:97893 [0] NCCL INFO transport.cc:222 -> 2
ip-0A23040D:96962:97334 [0] NCCL INFO Sharp rank 0/7 initialized on mlx5_ib0:1

ip-0A23040D:96962:97334 [0] sharp_plugin.c:288 NCCL WARN NET/IB :SHARP coll init error: Cannot create SHArP job(-11)

ip-0A23040D:96962:97334 [0] NCCL INFO include/coll_net.h:21 -> 3
ip-0A23040D:96962:97182 [0] NCCL INFO transport.cc:222 -> 2
ip-0A23040D:96966:97336 [1] NCCL INFO NCCL_SHARP_GROUP_SIZE_THRESH set by environment to 3.
ip-0A23040D:96965:97176 [2] NCCL INFO CollNet 02 : 2 [receive] via COLLNET/SHARP/2/GDRDMA
ip-0A23040F:63539:63915 [1] NCCL INFO NCCL_SHARP_GROUP_SIZE_THRESH set by environment to 3.
ip-0A23040F:63566:63753 [2] NCCL INFO CollNet 02 : 10 [receive] via COLLNET/SHARP/2/GDRDMA
ip-0A230412:57014:57385 [1] NCCL INFO NCCL_SHARP_GROUP_SIZE_THRESH set by environment to 3.
ip-0A230412:57017:57219 [2] NCCL INFO CollNet 02 : 18 [receive] via COLLNET/SHARP/2/GDRDMA
ip-0A230414:44298:44678 [1] NCCL INFO NCCL_SHARP_GROUP_SIZE_THRESH set by environment to 3.
ip-0A230417:47297:47662 [1] NCCL INFO NCCL_SHARP_GROUP_SIZE_THRESH set by environment to 3.
ip-0A230414:44299:44512 [2] NCCL INFO CollNet 02 : 26 [receive] via COLLNET/SHARP/2/GDRDMA
ip-0A230417:47291:47500 [2] NCCL INFO CollNet 02 : 34 [receive] via COLLNET/SHARP/2/GDRDMA
ip-0A230406:97688:98063 [1] NCCL INFO NCCL_SHARP_GROUP_SIZE_THRESH set by environment to 3.
ip-0A230406:97687:97895 [2] NCCL INFO CollNet 02 : 42 [receive] via COLLNET/SHARP/2/GDRDMA
ip-0A230408:18114:18487 [1] NCCL INFO NCCL_SHARP_GROUP_SIZE_THRESH set by environment to 3.
ip-0A230408:18113:18320 [2] NCCL INFO CollNet 02 : 50 [receive] via COLLNET/SHARP/2/GDRDMA
[ip-0A23040D:0:96966 - context.c:584] INFO job (ID: 2524862528325564237) resource request quota: ( osts:0 user_data_per_ost:0 max_groups:0 max_qps:1 max_group_channels:1, num_trees:1)
[ip-0A23040D:0:96966 unique id 0] ERROR No Aggregation Manager (sharp_am) detected in sharp_create_job.

[ip-0A23040D:0:96966 - context.c:601] ERROR sharp_create_job failed: No Aggregation Manager (sharp_am) detected(-52)
ip-0A230406:97688:98063 [1] NCCL INFO Sharp rank 5/7 initialized on mlx5_ib1:1

ip-0A230406:97688:98063 [1] sharp_plugin.c:288 NCCL WARN NET/IB :SHARP coll init error: Cannot create SHArP job(-11)

ip-0A230406:97688:98063 [1] NCCL INFO include/coll_net.h:21 -> 3
ip-0A230412:57014:57385 [1] NCCL INFO Sharp rank 2/7 initialized on mlx5_ib1:1

ip-0A230412:57014:57385 [1] sharp_plugin.c:288 NCCL WARN NET/IB :SHARP coll init error: Cannot create SHArP job(-11)

ip-0A230412:57014:57385 [1] NCCL INFO include/coll_net.h:21 -> 3
ip-0A23040F:63539:63915 [1] NCCL INFO Sharp rank 1/7 initialized on mlx5_ib1:1

ip-0A23040F:63539:63915 [1] sharp_plugin.c:288 NCCL WARN NET/IB :SHARP coll init error: Cannot create SHArP job(-11)

ip-0A23040F:63539:63915 [1] NCCL INFO include/coll_net.h:21 -> 3
ip-0A230414:44298:44678 [1] NCCL INFO Sharp rank 3/7 initialized on mlx5_ib1:1

ip-0A230414:44298:44678 [1] sharp_plugin.c:288 NCCL WARN NET/IB :SHARP coll init error: Cannot create SHArP job(-11)

ip-0A230414:44298:44678 [1] NCCL INFO include/coll_net.h:21 -> 3
ip-0A230408:18114:18487 [1] NCCL INFO Sharp rank 6/7 initialized on mlx5_ib1:1

ip-0A230408:18114:18487 [1] sharp_plugin.c:288 NCCL WARN NET/IB :SHARP coll init error: Cannot create SHArP job(-11)

ip-0A230408:18114:18487 [1] NCCL INFO include/coll_net.h:21 -> 3
ip-0A230417:47297:47662 [1] NCCL INFO Sharp rank 4/7 initialized on mlx5_ib1:1

ip-0A230417:47297:47662 [1] sharp_plugin.c:288 NCCL WARN NET/IB :SHARP coll init error: Cannot create SHArP job(-11)

ip-0A230417:47297:47662 [1] NCCL INFO include/coll_net.h:21 -> 3
ip-0A230414:44298:44510 [1] NCCL INFO transport.cc:222 -> 2
ip-0A230406:97688:97891 [1] NCCL INFO transport.cc:222 -> 2
ip-0A230412:57014:57221 [1] NCCL INFO transport.cc:222 -> 2
ip-0A23040F:63539:63755 [1] NCCL INFO transport.cc:222 -> 2
ip-0A230408:18114:18315 [1] NCCL INFO transport.cc:222 -> 2
ip-0A230417:47297:47501 [1] NCCL INFO transport.cc:222 -> 2
ip-0A23040D:96966:97336 [1] NCCL INFO Sharp rank 0/7 initialized on mlx5_ib1:1

ip-0A23040D:96966:97336 [1] sharp_plugin.c:288 NCCL WARN NET/IB :SHARP coll init error: Cannot create SHArP job(-11)

ip-0A23040D:96966:97336 [1] NCCL INFO include/coll_net.h:21 -> 3
ip-0A23040D:96966:97181 [1] NCCL INFO transport.cc:222 -> 2
ip-0A23040D:96965:97333 [2] NCCL INFO NCCL_SHARP_GROUP_SIZE_THRESH set by environment to 3.
ip-0A23040D:96964:97180 [3] NCCL INFO CollNet 03 : 3 [receive] via COLLNET/SHARP/3/GDRDMA
ip-0A23040F:63566:63920 [2] NCCL INFO NCCL_SHARP_GROUP_SIZE_THRESH set by environment to 3.
ip-0A23040F:63543:63760 [3] NCCL INFO CollNet 03 : 11 [receive] via COLLNET/SHARP/3/GDRDMA
ip-0A230412:57017:57384 [2] NCCL INFO NCCL_SHARP_GROUP_SIZE_THRESH set by environment to 3.
ip-0A230414:44299:44680 [2] NCCL INFO NCCL_SHARP_GROUP_SIZE_THRESH set by environment to 3.
ip-0A230412:57013:57217 [3] NCCL INFO CollNet 03 : 19 [receive] via COLLNET/SHARP/3/GDRDMA
ip-0A230414:44294:44509 [3] NCCL INFO CollNet 03 : 27 [receive] via COLLNET/SHARP/3/GDRDMA
ip-0A230417:47291:47668 [2] NCCL INFO NCCL_SHARP_GROUP_SIZE_THRESH set by environment to 3.
ip-0A230406:97687:98065 [2] NCCL INFO NCCL_SHARP_GROUP_SIZE_THRESH set by environment to 3.
ip-0A230417:47298:47495 [3] NCCL INFO CollNet 03 : 35 [receive] via COLLNET/SHARP/3/GDRDMA
ip-0A230406:97691:97894 [3] NCCL INFO CollNet 03 : 43 [receive] via COLLNET/SHARP/3/GDRDMA
ip-0A230408:18113:18485 [2] NCCL INFO NCCL_SHARP_GROUP_SIZE_THRESH set by environment to 3.
ip-0A230408:18115:18316 [3] NCCL INFO CollNet 03 : 51 [receive] via COLLNET/SHARP/3/GDRDMA
[ip-0A23040D:0:96965 - context.c:584] INFO job (ID: 2524863076210087434) resource request quota: ( osts:0 user_data_per_ost:0 max_groups:0 max_qps:1 max_group_channels:1, num_trees:1)
[ip-0A23040D:0:96965 unique id 0] ERROR No Aggregation Manager (sharp_am) detected in sharp_create_job.

[ip-0A23040D:0:96965 - context.c:601] ERROR sharp_create_job failed: No Aggregation Manager (sharp_am) detected(-52)
ip-0A230406:97687:98065 [2] NCCL INFO Sharp rank 5/7 initialized on mlx5_ib2:1

ip-0A230406:97687:98065 [2] sharp_plugin.c:288 NCCL WARN NET/IB :SHARP coll init error: Cannot create SHArP job(-11)

ip-0A230406:97687:98065 [2] NCCL INFO include/coll_net.h:21 -> 3
ip-0A23040F:63566:63920 [2] NCCL INFO Sharp rank 1/7 initialized on mlx5_ib2:1

ip-0A23040F:63566:63920 [2] sharp_plugin.c:288 NCCL WARN NET/IB :SHARP coll init error: Cannot create SHArP job(-11)

ip-0A23040F:63566:63920 [2] NCCL INFO include/coll_net.h:21 -> 3
ip-0A230408:18113:18485 [2] NCCL INFO Sharp rank 6/7 initialized on mlx5_ib2:1

ip-0A230408:18113:18485 [2] sharp_plugin.c:288 NCCL WARN NET/IB :SHARP coll init error: Cannot create SHArP job(-11)

ip-0A230408:18113:18485 [2] NCCL INFO include/coll_net.h:21 -> 3
ip-0A230414:44299:44680 [2] NCCL INFO Sharp rank 3/7 initialized on mlx5_ib2:1

ip-0A230414:44299:44680 [2] sharp_plugin.c:288 NCCL WARN NET/IB :SHARP coll init error: Cannot create SHArP job(-11)

ip-0A230414:44299:44680 [2] NCCL INFO include/coll_net.h:21 -> 3
ip-0A230417:47291:47668 [2] NCCL INFO Sharp rank 4/7 initialized on mlx5_ib2:1

ip-0A230417:47291:47668 [2] sharp_plugin.c:288 NCCL WARN NET/IB :SHARP coll init error: Cannot create SHArP job(-11)

ip-0A230417:47291:47668 [2] NCCL INFO include/coll_net.h:21 -> 3
ip-0A230412:57017:57384 [2] NCCL INFO Sharp rank 2/7 initialized on mlx5_ib2:1

ip-0A230412:57017:57384 [2] sharp_plugin.c:288 NCCL WARN NET/IB :SHARP coll init error: Cannot create SHArP job(-11)

ip-0A230412:57017:57384 [2] NCCL INFO include/coll_net.h:21 -> 3
ip-0A230414:44299:44512 [2] NCCL INFO transport.cc:222 -> 2
ip-0A230406:97687:97895 [2] NCCL INFO transport.cc:222 -> 2
ip-0A230417:47291:47500 [2] NCCL INFO transport.cc:222 -> 2
ip-0A230412:57017:57219 [2] NCCL INFO transport.cc:222 -> 2
ip-0A230408:18113:18320 [2] NCCL INFO transport.cc:222 -> 2
ip-0A23040F:63566:63753 [2] NCCL INFO transport.cc:222 -> 2
ip-0A23040D:96965:97333 [2] NCCL INFO Sharp rank 0/7 initialized on mlx5_ib2:1

ip-0A23040D:96965:97333 [2] sharp_plugin.c:288 NCCL WARN NET/IB :SHARP coll init error: Cannot create SHArP job(-11)

ip-0A23040D:96965:97333 [2] NCCL INFO include/coll_net.h:21 -> 3
ip-0A23040D:96965:97176 [2] NCCL INFO transport.cc:222 -> 2
ip-0A23040D:96964:97338 [3] NCCL INFO NCCL_SHARP_GROUP_SIZE_THRESH set by environment to 3.
ip-0A23040D:96961:97177 [4] NCCL INFO CollNet 04 : 4 [receive] via COLLNET/SHARP/4/GDRDMA
ip-0A23040F:63543:63921 [3] NCCL INFO NCCL_SHARP_GROUP_SIZE_THRESH set by environment to 3.
ip-0A23040F:63537:63756 [4] NCCL INFO CollNet 04 : 12 [receive] via COLLNET/SHARP/4/GDRDMA
ip-0A230412:57013:57387 [3] NCCL INFO NCCL_SHARP_GROUP_SIZE_THRESH set by environment to 3.
ip-0A230412:57012:57222 [4] NCCL INFO CollNet 04 : 20 [receive] via COLLNET/SHARP/4/GDRDMA
ip-0A230414:44294:44681 [3] NCCL INFO NCCL_SHARP_GROUP_SIZE_THRESH set by environment to 3.
ip-0A230414:44296:44511 [4] NCCL INFO CollNet 04 : 28 [receive] via COLLNET/SHARP/4/GDRDMA
ip-0A230417:47298:47666 [3] NCCL INFO NCCL_SHARP_GROUP_SIZE_THRESH set by environment to 3.
ip-0A230417:47293:47494 [4] NCCL INFO CollNet 04 : 36 [receive] via COLLNET/SHARP/4/GDRDMA
ip-0A230406:97691:98060 [3] NCCL INFO NCCL_SHARP_GROUP_SIZE_THRESH set by environment to 3.
ip-0A230408:18115:18489 [3] NCCL INFO NCCL_SHARP_GROUP_SIZE_THRESH set by environment to 3.
ip-0A230406:97685:97892 [4] NCCL INFO CollNet 04 : 44 [receive] via COLLNET/SHARP/4/GDRDMA
ip-0A230408:18110:18319 [4] NCCL INFO CollNet 04 : 52 [receive] via COLLNET/SHARP/4/GDRDMA
[ip-0A23040D:0:96964 - context.c:584] INFO job (ID: 2524862791940722094) resource request quota: ( osts:0 user_data_per_ost:0 max_groups:0 max_qps:1 max_group_channels:1, num_trees:1)
[ip-0A23040D:0:96964 unique id 0] ERROR No Aggregation Manager (sharp_am) detected in sharp_create_job.

[ip-0A23040D:0:96964 - context.c:601] ERROR sharp_create_job failed: No Aggregation Manager (sharp_am) detected(-52)
ip-0A230406:97691:98060 [3] NCCL INFO Sharp rank 5/7 initialized on mlx5_ib3:1

ip-0A230406:97691:98060 [3] sharp_plugin.c:288 NCCL WARN NET/IB :SHARP coll init error: Cannot create SHArP job(-11)

ip-0A230406:97691:98060 [3] NCCL INFO include/coll_net.h:21 -> 3
ip-0A230417:47298:47666 [3] NCCL INFO Sharp rank 4/7 initialized on mlx5_ib3:1

ip-0A230417:47298:47666 [3] sharp_plugin.c:288 NCCL WARN NET/IB :SHARP coll init error: Cannot create SHArP job(-11)

ip-0A230417:47298:47666 [3] NCCL INFO include/coll_net.h:21 -> 3
ip-0A230412:57013:57387 [3] NCCL INFO Sharp rank 2/7 initialized on mlx5_ib3:1

ip-0A230412:57013:57387 [3] sharp_plugin.c:288 NCCL WARN NET/IB :SHARP coll init error: Cannot create SHArP job(-11)

ip-0A230412:57013:57387 [3] NCCL INFO include/coll_net.h:21 -> 3
ip-0A23040F:63543:63921 [3] NCCL INFO Sharp rank 1/7 initialized on mlx5_ib3:1

ip-0A23040F:63543:63921 [3] sharp_plugin.c:288 NCCL WARN NET/IB :SHARP coll init error: Cannot create SHArP job(-11)

ip-0A23040F:63543:63921 [3] NCCL INFO include/coll_net.h:21 -> 3
ip-0A230408:18115:18489 [3] NCCL INFO Sharp rank 6/7 initialized on mlx5_ib3:1

ip-0A230408:18115:18489 [3] sharp_plugin.c:288 NCCL WARN NET/IB :SHARP coll init error: Cannot create SHArP job(-11)

ip-0A230408:18115:18489 [3] NCCL INFO include/coll_net.h:21 -> 3
ip-0A230414:44294:44681 [3] NCCL INFO Sharp rank 3/7 initialized on mlx5_ib3:1

ip-0A230414:44294:44681 [3] sharp_plugin.c:288 NCCL WARN NET/IB :SHARP coll init error: Cannot create SHArP job(-11)

ip-0A230414:44294:44681 [3] NCCL INFO include/coll_net.h:21 -> 3
ip-0A230406:97691:97894 [3] NCCL INFO transport.cc:222 -> 2
ip-0A230414:44294:44509 [3] NCCL INFO transport.cc:222 -> 2
ip-0A230408:18115:18316 [3] NCCL INFO transport.cc:222 -> 2
ip-0A230412:57013:57217 [3] NCCL INFO transport.cc:222 -> 2
ip-0A230417:47298:47495 [3] NCCL INFO transport.cc:222 -> 2
ip-0A23040F:63543:63760 [3] NCCL INFO transport.cc:222 -> 2
ip-0A23040D:96964:97338 [3] NCCL INFO Sharp rank 0/7 initialized on mlx5_ib3:1

ip-0A23040D:96964:97338 [3] sharp_plugin.c:288 NCCL WARN NET/IB :SHARP coll init error: Cannot create SHArP job(-11)

ip-0A23040D:96964:97338 [3] NCCL INFO include/coll_net.h:21 -> 3
ip-0A23040D:96964:97180 [3] NCCL INFO transport.cc:222 -> 2
ip-0A23040D:96961:97339 [4] NCCL INFO NCCL_SHARP_GROUP_SIZE_THRESH set by environment to 3.
ip-0A23040D:96963:97179 [5] NCCL INFO CollNet 05 : 5 [receive] via COLLNET/SHARP/5/GDRDMA
ip-0A23040F:63537:63916 [4] NCCL INFO NCCL_SHARP_GROUP_SIZE_THRESH set by environment to 3.
ip-0A23040F:63541:63754 [5] NCCL INFO CollNet 05 : 13 [receive] via COLLNET/SHARP/5/GDRDMA
ip-0A230412:57012:57382 [4] NCCL INFO NCCL_SHARP_GROUP_SIZE_THRESH set by environment to 3.
ip-0A230412:57016:57220 [5] NCCL INFO CollNet 05 : 21 [receive] via COLLNET/SHARP/5/GDRDMA
ip-0A230414:44296:44676 [4] NCCL INFO NCCL_SHARP_GROUP_SIZE_THRESH set by environment to 3.
ip-0A230414:44292:44513 [5] NCCL INFO CollNet 05 : 29 [receive] via COLLNET/SHARP/5/GDRDMA
ip-0A230417:47293:47663 [4] NCCL INFO NCCL_SHARP_GROUP_SIZE_THRESH set by environment to 3.
ip-0A230406:97685:98059 [4] NCCL INFO NCCL_SHARP_GROUP_SIZE_THRESH set by environment to 3.
ip-0A230417:47294:47496 [5] NCCL INFO CollNet 05 : 37 [receive] via COLLNET/SHARP/5/GDRDMA
ip-0A230406:97704:97896 [5] NCCL INFO CollNet 05 : 45 [receive] via COLLNET/SHARP/5/GDRDMA
ip-0A230408:18110:18486 [4] NCCL INFO NCCL_SHARP_GROUP_SIZE_THRESH set by environment to 3.
ip-0A230408:18112:18321 [5] NCCL INFO CollNet 05 : 53 [receive] via COLLNET/SHARP/5/GDRDMA
[ip-0A23040D:0:96961 - context.c:584] INFO job (ID: 2524862587217691245) resource request quota: ( osts:0 user_data_per_ost:0 max_groups:0 max_qps:1 max_group_channels:1, num_trees:1)
[ip-0A23040D:0:96961 unique id 0] ERROR No Aggregation Manager (sharp_am) detected in sharp_create_job.

[ip-0A23040D:0:96961 - context.c:601] ERROR sharp_create_job failed: No Aggregation Manager (sharp_am) detected(-52)
ip-0A23040F:63537:63916 [4] NCCL INFO Sharp rank 1/7 initialized on mlx5_ib4:1

ip-0A23040F:63537:63916 [4] sharp_plugin.c:288 NCCL WARN NET/IB :SHARP coll init error: Cannot create SHArP job(-11)

ip-0A23040F:63537:63916 [4] NCCL INFO include/coll_net.h:21 -> 3
ip-0A230408:18110:18486 [4] NCCL INFO Sharp rank 6/7 initialized on mlx5_ib4:1

ip-0A230408:18110:18486 [4] sharp_plugin.c:288 NCCL WARN NET/IB :SHARP coll init error: Cannot create SHArP job(-11)

ip-0A230408:18110:18486 [4] NCCL INFO include/coll_net.h:21 -> 3
ip-0A230417:47293:47663 [4] NCCL INFO Sharp rank 4/7 initialized on mlx5_ib4:1

ip-0A230417:47293:47663 [4] sharp_plugin.c:288 NCCL WARN NET/IB :SHARP coll init error: Cannot create SHArP job(-11)

ip-0A230417:47293:47663 [4] NCCL INFO include/coll_net.h:21 -> 3
ip-0A230406:97685:98059 [4] NCCL INFO Sharp rank 5/7 initialized on mlx5_ib4:1

ip-0A230406:97685:98059 [4] sharp_plugin.c:288 NCCL WARN NET/IB :SHARP coll init error: Cannot create SHArP job(-11)

ip-0A230406:97685:98059 [4] NCCL INFO include/coll_net.h:21 -> 3
ip-0A230412:57012:57382 [4] NCCL INFO Sharp rank 2/7 initialized on mlx5_ib4:1

ip-0A230412:57012:57382 [4] sharp_plugin.c:288 NCCL WARN NET/IB :SHARP coll init error: Cannot create SHArP job(-11)

ip-0A230412:57012:57382 [4] NCCL INFO include/coll_net.h:21 -> 3
ip-0A230414:44296:44676 [4] NCCL INFO Sharp rank 3/7 initialized on mlx5_ib4:1
ip-0A230408:18110:18319 [4] NCCL INFO transport.cc:222 -> 2
ip-0A230417:47293:47494 [4] NCCL INFO transport.cc:222 -> 2
ip-0A230406:97685:97892 [4] NCCL INFO transport.cc:222 -> 2
ip-0A23040F:63537:63756 [4] NCCL INFO transport.cc:222 -> 2

ip-0A230414:44296:44676 [4] sharp_plugin.c:288 NCCL WARN NET/IB :SHARP coll init error: Cannot create SHArP job(-11)

ip-0A230414:44296:44676 [4] NCCL INFO include/coll_net.h:21 -> 3
ip-0A230412:57012:57222 [4] NCCL INFO transport.cc:222 -> 2
ip-0A230414:44296:44511 [4] NCCL INFO transport.cc:222 -> 2
ip-0A23040D:96961:97339 [4] NCCL INFO Sharp rank 0/7 initialized on mlx5_ib4:1

ip-0A23040D:96961:97339 [4] sharp_plugin.c:288 NCCL WARN NET/IB :SHARP coll init error: Cannot create SHArP job(-11)

ip-0A23040D:96961:97339 [4] NCCL INFO include/coll_net.h:21 -> 3
ip-0A23040D:96961:97177 [4] NCCL INFO transport.cc:222 -> 2
ip-0A23040D:96963:97340 [5] NCCL INFO NCCL_SHARP_GROUP_SIZE_THRESH set by environment to 3.
ip-0A23040D:96967:97178 [6] NCCL INFO CollNet 06 : 6 [receive] via COLLNET/SHARP/6/GDRDMA
ip-0A23040F:63541:63914 [5] NCCL INFO NCCL_SHARP_GROUP_SIZE_THRESH set by environment to 3.
ip-0A23040F:63538:63757 [6] NCCL INFO CollNet 06 : 14 [receive] via COLLNET/SHARP/6/GDRDMA
ip-0A230412:57016:57388 [5] NCCL INFO NCCL_SHARP_GROUP_SIZE_THRESH set by environment to 3.
ip-0A230412:57011:57223 [6] NCCL INFO CollNet 06 : 22 [receive] via COLLNET/SHARP/6/GDRDMA
ip-0A230414:44292:44675 [5] NCCL INFO NCCL_SHARP_GROUP_SIZE_THRESH set by environment to 3.
ip-0A230414:44297:44514 [6] NCCL INFO CollNet 06 : 30 [receive] via COLLNET/SHARP/6/GDRDMA
ip-0A230417:47294:47661 [5] NCCL INFO NCCL_SHARP_GROUP_SIZE_THRESH set by environment to 3.
ip-0A230417:47296:47498 [6] NCCL INFO CollNet 06 : 38 [receive] via COLLNET/SHARP/6/GDRDMA
ip-0A230406:97704:98064 [5] NCCL INFO NCCL_SHARP_GROUP_SIZE_THRESH set by environment to 3.
ip-0A230408:18112:18484 [5] NCCL INFO NCCL_SHARP_GROUP_SIZE_THRESH set by environment to 3.
ip-0A230406:97684:97897 [6] NCCL INFO CollNet 06 : 46 [receive] via COLLNET/SHARP/6/GDRDMA
ip-0A230408:18117:18322 [6] NCCL INFO CollNet 06 : 54 [receive] via COLLNET/SHARP/6/GDRDMA
[ip-0A23040D:0:96963 - context.c:584] INFO job (ID: 2524863210658490682) resource request quota: ( osts:0 user_data_per_ost:0 max_groups:0 max_qps:1 max_group_channels:1, num_trees:1)
[ip-0A23040D:0:96963 unique id 0] ERROR No Aggregation Manager (sharp_am) detected in sharp_create_job.

[ip-0A23040D:0:96963 - context.c:601] ERROR sharp_create_job failed: No Aggregation Manager (sharp_am) detected(-52)
ip-0A23040F:63541:63914 [5] NCCL INFO Sharp rank 1/7 initialized on mlx5_ib5:1

ip-0A23040F:63541:63914 [5] sharp_plugin.c:288 NCCL WARN NET/IB :SHARP coll init error: Cannot create SHArP job(-11)

ip-0A23040F:63541:63914 [5] NCCL INFO include/coll_net.h:21 -> 3
ip-0A230408:18112:18484 [5] NCCL INFO Sharp rank 6/7 initialized on mlx5_ib5:1

ip-0A230408:18112:18484 [5] sharp_plugin.c:288 NCCL WARN NET/IB :SHARP coll init error: Cannot create SHArP job(-11)

ip-0A230408:18112:18484 [5] NCCL INFO include/coll_net.h:21 -> 3
ip-0A230412:57016:57388 [5] NCCL INFO Sharp rank 2/7 initialized on mlx5_ib5:1

ip-0A230412:57016:57388 [5] sharp_plugin.c:288 NCCL WARN NET/IB :SHARP coll init error: Cannot create SHArP job(-11)

ip-0A230412:57016:57388 [5] NCCL INFO include/coll_net.h:21 -> 3
ip-0A230417:47294:47661 [5] NCCL INFO Sharp rank 4/7 initialized on mlx5_ib5:1

ip-0A230417:47294:47661 [5] sharp_plugin.c:288 NCCL WARN NET/IB :SHARP coll init error: Cannot create SHArP job(-11)

ip-0A230417:47294:47661 [5] NCCL INFO include/coll_net.h:21 -> 3
ip-0A230406:97704:98064 [5] NCCL INFO Sharp rank 5/7 initialized on mlx5_ib5:1

ip-0A230406:97704:98064 [5] sharp_plugin.c:288 NCCL WARN NET/IB :SHARP coll init error: Cannot create SHArP job(-11)

ip-0A230406:97704:98064 [5] NCCL INFO include/coll_net.h:21 -> 3
ip-0A230414:44292:44675 [5] NCCL INFO Sharp rank 3/7 initialized on mlx5_ib5:1

ip-0A230414:44292:44675 [5] sharp_plugin.c:288 NCCL WARN NET/IB :SHARP coll init error: Cannot create SHArP job(-11)

ip-0A230414:44292:44675 [5] NCCL INFO include/coll_net.h:21 -> 3
ip-0A23040F:63541:63754 [5] NCCL INFO transport.cc:222 -> 2
ip-0A230408:18112:18321 [5] NCCL INFO transport.cc:222 -> 2
ip-0A230406:97704:97896 [5] NCCL INFO transport.cc:222 -> 2
ip-0A230414:44292:44513 [5] NCCL INFO transport.cc:222 -> 2
ip-0A230417:47294:47496 [5] NCCL INFO transport.cc:222 -> 2
ip-0A230412:57016:57220 [5] NCCL INFO transport.cc:222 -> 2
ip-0A23040D:96963:97340 [5] NCCL INFO Sharp rank 0/7 initialized on mlx5_ib5:1

ip-0A23040D:96963:97340 [5] sharp_plugin.c:288 NCCL WARN NET/IB :SHARP coll init error: Cannot create SHArP job(-11)

ip-0A23040D:96963:97340 [5] NCCL INFO include/coll_net.h:21 -> 3
ip-0A23040D:96963:97179 [5] NCCL INFO transport.cc:222 -> 2
ip-0A23040D:96967:97337 [6] NCCL INFO NCCL_SHARP_GROUP_SIZE_THRESH set by environment to 3.
ip-0A23040D:96960:97175 [7] NCCL INFO CollNet 07 : 7 [receive] via COLLNET/SHARP/7/GDRDMA
ip-0A23040F:63538:63918 [6] NCCL INFO NCCL_SHARP_GROUP_SIZE_THRESH set by environment to 3.
ip-0A23040F:63540:63759 [7] NCCL INFO CollNet 07 : 15 [receive] via COLLNET/SHARP/7/GDRDMA
ip-0A230412:57011:57386 [6] NCCL INFO NCCL_SHARP_GROUP_SIZE_THRESH set by environment to 3.
ip-0A230412:57015:57216 [7] NCCL INFO CollNet 07 : 23 [receive] via COLLNET/SHARP/7/GDRDMA
ip-0A230414:44297:44679 [6] NCCL INFO NCCL_SHARP_GROUP_SIZE_THRESH set by environment to 3.
ip-0A230414:44293:44508 [7] NCCL INFO CollNet 07 : 31 [receive] via COLLNET/SHARP/7/GDRDMA
ip-0A230417:47296:47664 [6] NCCL INFO NCCL_SHARP_GROUP_SIZE_THRESH set by environment to 3.
ip-0A230417:47295:47497 [7] NCCL INFO CollNet 07 : 39 [receive] via COLLNET/SHARP/7/GDRDMA
ip-0A230406:97684:98066 [6] NCCL INFO NCCL_SHARP_GROUP_SIZE_THRESH set by environment to 3.
ip-0A230406:97686:97898 [7] NCCL INFO CollNet 07 : 47 [receive] via COLLNET/SHARP/7/GDRDMA
ip-0A230408:18117:18488 [6] NCCL INFO NCCL_SHARP_GROUP_SIZE_THRESH set by environment to 3.
ip-0A230408:18118:18317 [7] NCCL INFO CollNet 07 : 55 [receive] via COLLNET/SHARP/7/GDRDMA
[ip-0A23040D:0:96967 - context.c:584] INFO job (ID: 2524863132151576437) resource request quota: ( osts:0 user_data_per_ost:0 max_groups:0 max_qps:1 max_group_channels:1, num_trees:1)
[ip-0A23040D:0:96967 unique id 0] ERROR No Aggregation Manager (sharp_am) detected in sharp_create_job.

[ip-0A23040D:0:96967 - context.c:601] ERROR sharp_create_job failed: No Aggregation Manager (sharp_am) detected(-52)
ip-0A23040F:63538:63918 [6] NCCL INFO Sharp rank 1/7 initialized on mlx5_ib6:1

ip-0A23040F:63538:63918 [6] sharp_plugin.c:288 NCCL WARN NET/IB :SHARP coll init error: Cannot create SHArP job(-11)

ip-0A23040F:63538:63918 [6] NCCL INFO include/coll_net.h:21 -> 3
ip-0A230408:18117:18488 [6] NCCL INFO Sharp rank 6/7 initialized on mlx5_ib6:1

ip-0A230408:18117:18488 [6] sharp_plugin.c:288 NCCL WARN NET/IB :SHARP coll init error: Cannot create SHArP job(-11)

ip-0A230408:18117:18488 [6] NCCL INFO include/coll_net.h:21 -> 3
ip-0A230417:47296:47664 [6] NCCL INFO Sharp rank 4/7 initialized on mlx5_ib6:1

ip-0A230417:47296:47664 [6] sharp_plugin.c:288 NCCL WARN NET/IB :SHARP coll init error: Cannot create SHArP job(-11)

ip-0A230417:47296:47664 [6] NCCL INFO include/coll_net.h:21 -> 3
ip-0A230414:44297:44679 [6] NCCL INFO Sharp rank 3/7 initialized on mlx5_ib6:1

ip-0A230414:44297:44679 [6] sharp_plugin.c:288 NCCL WARN NET/IB :SHARP coll init error: Cannot create SHArP job(-11)

ip-0A230414:44297:44679 [6] NCCL INFO include/coll_net.h:21 -> 3
ip-0A230412:57011:57386 [6] NCCL INFO Sharp rank 2/7 initialized on mlx5_ib6:1

ip-0A230412:57011:57386 [6] sharp_plugin.c:288 NCCL WARN NET/IB :SHARP coll init error: Cannot create SHArP job(-11)

ip-0A230412:57011:57386 [6] NCCL INFO include/coll_net.h:21 -> 3
ip-0A230406:97684:98066 [6] NCCL INFO Sharp rank 5/7 initialized on mlx5_ib6:1

ip-0A230406:97684:98066 [6] sharp_plugin.c:288 NCCL WARN NET/IB :SHARP coll init error: Cannot create SHArP job(-11)

ip-0A230406:97684:98066 [6] NCCL INFO include/coll_net.h:21 -> 3
ip-0A230414:44297:44514 [6] NCCL INFO transport.cc:222 -> 2
ip-0A230417:47296:47498 [6] NCCL INFO transport.cc:222 -> 2
ip-0A230406:97684:97897 [6] NCCL INFO transport.cc:222 -> 2
ip-0A23040F:63538:63757 [6] NCCL INFO transport.cc:222 -> 2
ip-0A230408:18117:18322 [6] NCCL INFO transport.cc:222 -> 2
ip-0A230412:57011:57223 [6] NCCL INFO transport.cc:222 -> 2
ip-0A23040D:96967:97337 [6] NCCL INFO Sharp rank 0/7 initialized on mlx5_ib6:1

ip-0A23040D:96967:97337 [6] sharp_plugin.c:288 NCCL WARN NET/IB :SHARP coll init error: Cannot create SHArP job(-11)

ip-0A23040D:96967:97337 [6] NCCL INFO include/coll_net.h:21 -> 3
ip-0A23040D:96967:97178 [6] NCCL INFO transport.cc:222 -> 2
ip-0A23040D:96960:97335 [7] NCCL INFO NCCL_SHARP_GROUP_SIZE_THRESH set by environment to 3.
ip-0A23040F:63540:63919 [7] NCCL INFO NCCL_SHARP_GROUP_SIZE_THRESH set by environment to 3.
ip-0A230412:57015:57389 [7] NCCL INFO NCCL_SHARP_GROUP_SIZE_THRESH set by environment to 3.
ip-0A230414:44293:44682 [7] NCCL INFO NCCL_SHARP_GROUP_SIZE_THRESH set by environment to 3.
ip-0A230417:47295:47665 [7] NCCL INFO NCCL_SHARP_GROUP_SIZE_THRESH set by environment to 3.
ip-0A230406:97686:98061 [7] NCCL INFO NCCL_SHARP_GROUP_SIZE_THRESH set by environment to 3.
ip-0A230408:18118:18491 [7] NCCL INFO NCCL_SHARP_GROUP_SIZE_THRESH set by environment to 3.
[ip-0A23040D:0:96960 - context.c:584] INFO job (ID: 2524863518733442743) resource request quota: ( osts:0 user_data_per_ost:0 max_groups:0 max_qps:1 max_group_channels:1, num_trees:1)
[ip-0A23040D:0:96960 unique id 0] ERROR No Aggregation Manager (sharp_am) detected in sharp_create_job.

[ip-0A23040D:0:96960 - context.c:601] ERROR sharp_create_job failed: No Aggregation Manager (sharp_am) detected(-52)
ip-0A230417:47295:47665 [7] NCCL INFO Sharp rank 4/7 initialized on mlx5_ib7:1

ip-0A230417:47295:47665 [7] sharp_plugin.c:288 NCCL WARN NET/IB :SHARP coll init error: Cannot create SHArP job(-11)

ip-0A230417:47295:47665 [7] NCCL INFO include/coll_net.h:21 -> 3
ip-0A230408:18118:18491 [7] NCCL INFO Sharp rank 6/7 initialized on mlx5_ib7:1

ip-0A230408:18118:18491 [7] sharp_plugin.c:288 NCCL WARN NET/IB :SHARP coll init error: Cannot create SHArP job(-11)

ip-0A230408:18118:18491 [7] NCCL INFO include/coll_net.h:21 -> 3
ip-0A23040F:63540:63919 [7] NCCL INFO Sharp rank 1/7 initialized on mlx5_ib7:1

ip-0A23040F:63540:63919 [7] sharp_plugin.c:288 NCCL WARN NET/IB :SHARP coll init error: Cannot create SHArP job(-11)

ip-0A23040F:63540:63919 [7] NCCL INFO include/coll_net.h:21 -> 3
ip-0A230412:57015:57389 [7] NCCL INFO Sharp rank 2/7 initialized on mlx5_ib7:1

ip-0A230412:57015:57389 [7] sharp_plugin.c:288 NCCL WARN NET/IB :SHARP coll init error: Cannot create SHArP job(-11)

ip-0A230412:57015:57389 [7] NCCL INFO include/coll_net.h:21 -> 3
ip-0A230406:97686:98061 [7] NCCL INFO Sharp rank 5/7 initialized on mlx5_ib7:1

ip-0A230406:97686:98061 [7] sharp_plugin.c:288 NCCL WARN NET/IB :SHARP coll init error: Cannot create SHArP job(-11)

ip-0A230406:97686:98061 [7] NCCL INFO include/coll_net.h:21 -> 3
ip-0A230406:97686:97898 [7] NCCL INFO transport.cc:222 -> 2
ip-0A230414:44293:44682 [7] NCCL INFO Sharp rank 3/7 initialized on mlx5_ib7:1

ip-0A230414:44293:44682 [7] sharp_plugin.c:288 NCCL WARN NET/IB :SHARP coll init error: Cannot create SHArP job(-11)

ip-0A230414:44293:44682 [7] NCCL INFO include/coll_net.h:21 -> 3
ip-0A230408:18118:18317 [7] NCCL INFO transport.cc:222 -> 2
ip-0A23040F:63540:63759 [7] NCCL INFO transport.cc:222 -> 2
ip-0A230417:47295:47497 [7] NCCL INFO transport.cc:222 -> 2
ip-0A230414:44293:44508 [7] NCCL INFO transport.cc:222 -> 2
ip-0A230412:57015:57216 [7] NCCL INFO transport.cc:222 -> 2
ip-0A230406:97684:97897 [6] NCCL INFO init.cc:765 -> 2
ip-0A230408:18118:18317 [7] NCCL INFO init.cc:765 -> 2
ip-0A230408:18118:18317 [7] NCCL INFO threadThresholds 8/8/64 | 448/8/64 | 8/8/512
ip-0A230417:47295:47497 [7] NCCL INFO init.cc:765 -> 2
ip-0A230417:47295:47497 [7] NCCL INFO threadThresholds 8/8/64 | 448/8/64 | 8/8/512
ip-0A230406:97686:97898 [7] NCCL INFO init.cc:765 -> 2
ip-0A23040F:63566:63753 [2] NCCL INFO init.cc:765 -> 2
ip-0A230408:18113:18320 [2] NCCL INFO init.cc:765 -> 2
ip-0A230414:44299:44512 [2] NCCL INFO init.cc:765 -> 2
ip-0A230414:44299:44512 [2] NCCL INFO threadThresholds 8/8/64 | 448/8/64 | 8/8/512
ip-0A230412:57015:57216 [7] NCCL INFO init.cc:765 -> 2
ip-0A230412:57015:57216 [7] NCCL INFO threadThresholds 8/8/64 | 448/8/64 | 8/8/512
ip-0A230406:97688:97891 [1] NCCL INFO init.cc:765 -> 2

ip-0A230408:18111:18318 [0] transport.cc:253 NCCL WARN Cannot initialize CollNet, using point-to-point network instead
ip-0A230408:18111:18318 [0] NCCL INFO init.cc:765 -> 2
ip-0A230406:97687:97895 [2] NCCL INFO init.cc:765 -> 2
ip-0A230408:18114:18315 [1] NCCL INFO init.cc:765 -> 2
ip-0A230408:18114:18315 [1] NCCL INFO threadThresholds 8/8/64 | 448/8/64 | 8/8/512

ip-0A230417:47292:47499 [0] transport.cc:253 NCCL WARN Cannot initialize CollNet, using point-to-point network instead
ip-0A230417:47292:47499 [0] NCCL INFO init.cc:765 -> 2
ip-0A230417:47292:47499 [0] NCCL INFO threadThresholds 8/8/64 | 448/8/64 | 8/8/512
ip-0A230406:97691:97894 [3] NCCL INFO init.cc:765 -> 2
ip-0A230408:18113:18320 [2] NCCL INFO threadThresholds 8/8/64 | 448/8/64 | 8/8/512
ip-0A230417:47297:47501 [1] NCCL INFO init.cc:765 -> 2
ip-0A230417:47297:47501 [1] NCCL INFO threadThresholds 8/8/64 | 448/8/64 | 8/8/512
ip-0A230406:97686:97898 [7] NCCL INFO threadThresholds 8/8/64 | 448/8/64 | 8/8/512
ip-0A230408:18112:18321 [5] NCCL INFO init.cc:765 -> 2
ip-0A230408:18112:18321 [5] NCCL INFO threadThresholds 8/8/64 | 448/8/64 | 8/8/512
ip-0A230417:47291:47500 [2] NCCL INFO init.cc:765 -> 2
ip-0A230417:47291:47500 [2] NCCL INFO threadThresholds 8/8/64 | 448/8/64 | 8/8/512

ip-0A230406:97690:97893 [0] transport.cc:253 NCCL WARN Cannot initialize CollNet, using point-to-point network instead
ip-0A230406:97690:97893 [0] NCCL INFO init.cc:765 -> 2
ip-0A230406:97690:97893 [0] NCCL INFO threadThresholds 8/8/64 | 448/8/64 | 8/8/512
ip-0A230408:18117:18322 [6] NCCL INFO init.cc:765 -> 2
ip-0A230408:18117:18322 [6] NCCL INFO threadThresholds 8/8/64 | 448/8/64 | 8/8/512
ip-0A230417:47298:47495 [3] NCCL INFO init.cc:765 -> 2
ip-0A230417:47298:47495 [3] NCCL INFO threadThresholds 8/8/64 | 448/8/64 | 8/8/512
ip-0A230406:97688:97891 [1] NCCL INFO threadThresholds 8/8/64 | 448/8/64 | 8/8/512
ip-0A23040F:63537:63756 [4] NCCL INFO init.cc:765 -> 2
ip-0A23040F:63537:63756 [4] NCCL INFO threadThresholds 8/8/64 | 448/8/64 | 8/8/512
ip-0A230408:18111:18318 [0] NCCL INFO threadThresholds 8/8/64 | 448/8/64 | 8/8/512
ip-0A230417:47293:47494 [4] NCCL INFO init.cc:765 -> 2
ip-0A230417:47293:47494 [4] NCCL INFO threadThresholds 8/8/64 | 448/8/64 | 8/8/512
ip-0A230406:97687:97895 [2] NCCL INFO threadThresholds 8/8/64 | 448/8/64 | 8/8/512
ip-0A23040F:63541:63754 [5] NCCL INFO init.cc:765 -> 2
ip-0A23040F:63541:63754 [5] NCCL INFO threadThresholds 8/8/64 | 448/8/64 | 8/8/512
ip-0A230408:18115:18316 [3] NCCL INFO init.cc:765 -> 2
ip-0A230408:18115:18316 [3] NCCL INFO threadThresholds 8/8/64 | 448/8/64 | 8/8/512
ip-0A230414:44294:44509 [3] NCCL INFO init.cc:765 -> 2
ip-0A230414:44294:44509 [3] NCCL INFO threadThresholds 8/8/64 | 448/8/64 | 8/8/512
ip-0A230417:47294:47496 [5] NCCL INFO init.cc:765 -> 2
ip-0A230417:47294:47496 [5] NCCL INFO threadThresholds 8/8/64 | 448/8/64 | 8/8/512
ip-0A230406:97685:97892 [4] NCCL INFO init.cc:765 -> 2
ip-0A230406:97685:97892 [4] NCCL INFO threadThresholds 8/8/64 | 448/8/64 | 8/8/512
ip-0A23040F:63538:63757 [6] NCCL INFO init.cc:765 -> 2
ip-0A23040F:63538:63757 [6] NCCL INFO threadThresholds 8/8/64 | 448/8/64 | 8/8/512
ip-0A230408:18110:18319 [4] NCCL INFO init.cc:765 -> 2
ip-0A230408:18110:18319 [4] NCCL INFO threadThresholds 8/8/64 | 448/8/64 | 8/8/512
ip-0A230414:44292:44513 [5] NCCL INFO init.cc:765 -> 2
ip-0A230414:44292:44513 [5] NCCL INFO threadThresholds 8/8/64 | 448/8/64 | 8/8/512
ip-0A230417:47296:47498 [6] NCCL INFO init.cc:765 -> 2
ip-0A230417:47296:47498 [6] NCCL INFO threadThresholds 8/8/64 | 448/8/64 | 8/8/512
ip-0A230406:97704:97896 [5] NCCL INFO init.cc:765 -> 2
ip-0A230406:97704:97896 [5] NCCL INFO threadThresholds 8/8/64 | 448/8/64 | 8/8/512
ip-0A23040F:63540:63759 [7] NCCL INFO init.cc:765 -> 2
ip-0A23040F:63540:63759 [7] NCCL INFO threadThresholds 8/8/64 | 448/8/64 | 8/8/512
ip-0A230414:44293:44508 [7] NCCL INFO init.cc:765 -> 2
ip-0A230414:44293:44508 [7] NCCL INFO threadThresholds 8/8/64 | 448/8/64 | 8/8/512
ip-0A230406:97684:97897 [6] NCCL INFO threadThresholds 8/8/64 | 448/8/64 | 8/8/512

ip-0A23040F:63542:63758 [0] transport.cc:253 NCCL WARN Cannot initialize CollNet, using point-to-point network instead
ip-0A23040F:63542:63758 [0] NCCL INFO init.cc:765 -> 2
ip-0A23040F:63542:63758 [0] NCCL INFO threadThresholds 8/8/64 | 448/8/64 | 8/8/512

ip-0A230414:44295:44507 [0] transport.cc:253 NCCL WARN Cannot initialize CollNet, using point-to-point network instead
ip-0A230414:44295:44507 [0] NCCL INFO init.cc:765 -> 2
ip-0A230414:44295:44507 [0] NCCL INFO threadThresholds 8/8/64 | 448/8/64 | 8/8/512
