ip-0A230412:84398:84610 [7] NCCL INFO Channel 06/0 : 23[e00000] -> 14[d00000] [send] via NET/IBext/6/GDRDMA
ip-0A230412:84398:84610 [7] NCCL INFO Channel 22/0 : 23[e00000] -> 14[d00000] [send] via NET/IBext/6/GDRDMA
ip-0A230417:74608:74809 [7] NCCL INFO Channel 10 : 39[e00000] -> 32[100000] via P2P/IPC/read
ip-0A230417:74609:74810 [2] NCCL INFO Connected all trees
ip-0A230412:84394:84607 [5] NCCL INFO Channel 13/0 : 28[b00000] -> 21[c00000] [receive] via NET/IBext/5/GDRDMA
ip-0A230417:74603:74814 [6] NCCL INFO Channel 07 : 38[d00000] -> 32[100000] via P2P/IPC/read
ip-0A230417:74608:74809 [7] NCCL INFO Channel 11 : 39[e00000] -> 32[100000] via P2P/IPC/read
ip-0A230417:74603:74814 [6] NCCL INFO Channel 15 : 38[d00000] -> 32[100000] via P2P/IPC/read
ip-0A230417:74602:74808 [4] NCCL INFO Connected all trees
ip-0A230417:74601:74811 [5] NCCL INFO Connected all trees
ip-0A230412:84393:84605 [3] NCCL INFO Channel 18 : 19[400000] -> 18[300000] via P2P/IPC/read
ip-0A230417:74608:74809 [7] NCCL INFO Channel 12 : 39[e00000] -> 32[100000] via P2P/IPC/read
ip-0A230417:74603:74814 [6] NCCL INFO Channel 23 : 38[d00000] -> 32[100000] via P2P/IPC/read
ip-0A230417:74608:74809 [7] NCCL INFO Channel 13 : 39[e00000] -> 32[100000] via P2P/IPC/read
ip-0A230417:74608:74809 [7] NCCL INFO Channel 14 : 39[e00000] -> 32[100000] via P2P/IPC/read
ip-0A230417:74608:74809 [7] NCCL INFO Channel 18 : 39[e00000] -> 32[100000] via P2P/IPC/read
ip-0A230417:74608:74809 [7] NCCL INFO Channel 19 : 39[e00000] -> 32[100000] via P2P/IPC/read
ip-0A230417:74608:74809 [7] NCCL INFO Channel 20 : 39[e00000] -> 32[100000] via P2P/IPC/read
ip-0A230417:74608:74809 [7] NCCL INFO Channel 21 : 39[e00000] -> 32[100000] via P2P/IPC/read
ip-0A230417:74608:74809 [7] NCCL INFO Channel 22 : 39[e00000] -> 32[100000] via P2P/IPC/read
ip-0A230417:74608:74809 [7] NCCL INFO Channel 06 : 39[e00000] -> 38[d00000] via P2P/IPC/read
ip-0A230417:74608:74809 [7] NCCL INFO Channel 07 : 39[e00000] -> 38[d00000] via P2P/IPC/read
ip-0A230417:74608:74809 [7] NCCL INFO Channel 14 : 39[e00000] -> 38[d00000] via P2P/IPC/read
ip-0A230417:74608:74809 [7] NCCL INFO Channel 15 : 39[e00000] -> 38[d00000] via P2P/IPC/read
ip-0A230417:74608:74809 [7] NCCL INFO Channel 22 : 39[e00000] -> 38[d00000] via P2P/IPC/read
ip-0A230417:74608:74809 [7] NCCL INFO Channel 23 : 39[e00000] -> 38[d00000] via P2P/IPC/read
ip-0A230417:74605:74812 [0] NCCL INFO Connected all trees
ip-0A230417:74606:74813 [1] NCCL INFO Connected all trees
ip-0A230417:74608:74809 [7] NCCL INFO Connected all trees
ip-0A230417:74603:74814 [6] NCCL INFO Connected all trees
ip-0A230417:74605:74812 [0] NCCL INFO CollNet 00 : 32 [receive] via COLLNET/SHARP/0/GDRDMA
ip-0A230412:84393:84605 [3] NCCL INFO Channel 19 : 19[400000] -> 18[300000] via P2P/IPC/read
ip-0A230412:84399:84609 [4] NCCL INFO Channel 05/0 : 20[b00000] -> 13[c00000] [send] via NET/IBext/5/GDRDMA
ip-0A230412:84399:84609 [4] NCCL INFO Channel 21/0 : 20[b00000] -> 13[c00000] [send] via NET/IBext/5/GDRDMA
ip-0A230412:84393:84605 [3] NCCL INFO Connected all trees
ip-0A230412:84392:84603 [2] NCCL INFO Connected all trees
ip-0A23040F:90095:90305 [6] NCCL INFO Channel 07 : 14[d00000] -> 8[100000] via P2P/IPC/read
ip-0A23040F:90095:90305 [6] NCCL INFO Channel 15 : 14[d00000] -> 8[100000] via P2P/IPC/read
ip-0A23040F:90095:90305 [6] NCCL INFO Channel 23 : 14[d00000] -> 8[100000] via P2P/IPC/read
ip-0A230414:70908:71122 [6] NCCL INFO Channel 15/0 : 30[d00000] -> 23[e00000] [send] via NET/IBext/7/GDRDMA
ip-0A230412:84394:84607 [5] NCCL INFO Channel 04 : 21[c00000] -> 20[b00000] via P2P/IPC/read
ip-0A230414:70909:71121 [4] NCCL INFO Connected all trees
ip-0A230414:70912:71127 [5] NCCL INFO Connected all trees
ip-0A230414:70910:71124 [0] NCCL INFO Channel 09/0 : 24[100000] -> 17[200000] [send] via NET/IBext/1/GDRDMA
ip-0A230412:84394:84607 [5] NCCL INFO Channel 05 : 21[c00000] -> 20[b00000] via P2P/IPC/read
ip-0A230412:84395:84606 [1] NCCL INFO Channel 00/0 : 17[200000] -> 8[100000] [send] via NET/IBext/0/GDRDMA
ip-0A230412:84395:84606 [1] NCCL INFO Channel 16/0 : 17[200000] -> 8[100000] [send] via NET/IBext/0/GDRDMA
ip-0A230412:84394:84607 [5] NCCL INFO Channel 12 : 21[c00000] -> 20[b00000] via P2P/IPC/read
ip-0A230412:84394:84607 [5] NCCL INFO Channel 13 : 21[c00000] -> 20[b00000] via P2P/IPC/read
ip-0A230412:84394:84607 [5] NCCL INFO Channel 20 : 21[c00000] -> 20[b00000] via P2P/IPC/read
ip-0A230412:84398:84610 [7] NCCL INFO Channel 07/0 : 31[e00000] -> 23[e00000] [receive] via NET/IBext/7/GDRDMA
ip-0A230412:84398:84610 [7] NCCL INFO Channel 23/0 : 31[e00000] -> 23[e00000] [receive] via NET/IBext/7/GDRDMA
ip-0A230412:84394:84607 [5] NCCL INFO Channel 21 : 21[c00000] -> 20[b00000] via P2P/IPC/read
ip-0A23040F:90091:90304 [5] NCCL INFO Channel 04 : 13[c00000] -> 12[b00000] via P2P/IPC/read
ip-0A23040F:90091:90304 [5] NCCL INFO Channel 05 : 13[c00000] -> 12[b00000] via P2P/IPC/read
ip-0A23040F:90091:90304 [5] NCCL INFO Channel 12 : 13[c00000] -> 12[b00000] via P2P/IPC/read
ip-0A23040F:90091:90304 [5] NCCL INFO Channel 13 : 13[c00000] -> 12[b00000] via P2P/IPC/read
ip-0A23040F:90091:90304 [5] NCCL INFO Channel 20 : 13[c00000] -> 12[b00000] via P2P/IPC/read
ip-0A23040F:90091:90304 [5] NCCL INFO Channel 21 : 13[c00000] -> 12[b00000] via P2P/IPC/read
ip-0A23040F:90091:90304 [5] NCCL INFO Connected all trees
ip-0A23040F:90096:90306 [4] NCCL INFO Connected all trees
ip-0A230412:84397:84608 [6] NCCL INFO Channel 07/0 : 22[d00000] -> 15[e00000] [send] via NET/IBext/7/GDRDMA
ip-0A230412:84397:84608 [6] NCCL INFO Channel 23/0 : 22[d00000] -> 15[e00000] [send] via NET/IBext/7/GDRDMA
ip-0A230414:70911:71126 [7] NCCL INFO Channel 02 : 31[e00000] -> 24[100000] via P2P/IPC/read
ip-0A230414:70911:71126 [7] NCCL INFO Channel 03 : 31[e00000] -> 24[100000] via P2P/IPC/read
ip-0A230414:70911:71126 [7] NCCL INFO Channel 04 : 31[e00000] -> 24[100000] via P2P/IPC/read
ip-0A230414:70911:71126 [7] NCCL INFO Channel 05 : 31[e00000] -> 24[100000] via P2P/IPC/read
ip-0A230414:70911:71126 [7] NCCL INFO Channel 06 : 31[e00000] -> 24[100000] via P2P/IPC/read
ip-0A230414:70911:71126 [7] NCCL INFO Channel 10 : 31[e00000] -> 24[100000] via P2P/IPC/read
ip-0A230414:70911:71126 [7] NCCL INFO Channel 11 : 31[e00000] -> 24[100000] via P2P/IPC/read
ip-0A230414:70911:71126 [7] NCCL INFO Channel 12 : 31[e00000] -> 24[100000] via P2P/IPC/read
ip-0A230414:70911:71126 [7] NCCL INFO Channel 13 : 31[e00000] -> 24[100000] via P2P/IPC/read
ip-0A230414:70911:71126 [7] NCCL INFO Channel 14 : 31[e00000] -> 24[100000] via P2P/IPC/read
ip-0A230414:70911:71126 [7] NCCL INFO Channel 18 : 31[e00000] -> 24[100000] via P2P/IPC/read
ip-0A230414:70911:71126 [7] NCCL INFO Channel 19 : 31[e00000] -> 24[100000] via P2P/IPC/read
ip-0A230414:70911:71126 [7] NCCL INFO Channel 20 : 31[e00000] -> 24[100000] via P2P/IPC/read
ip-0A230414:70911:71126 [7] NCCL INFO Channel 21 : 31[e00000] -> 24[100000] via P2P/IPC/read
ip-0A230414:70911:71126 [7] NCCL INFO Channel 22 : 31[e00000] -> 24[100000] via P2P/IPC/read
ip-0A230414:70911:71126 [7] NCCL INFO Channel 06 : 31[e00000] -> 30[d00000] via P2P/IPC/read
ip-0A230414:70911:71126 [7] NCCL INFO Channel 07 : 31[e00000] -> 30[d00000] via P2P/IPC/read
ip-0A230414:70911:71126 [7] NCCL INFO Channel 14 : 31[e00000] -> 30[d00000] via P2P/IPC/read
ip-0A230414:70911:71126 [7] NCCL INFO Channel 15 : 31[e00000] -> 30[d00000] via P2P/IPC/read
ip-0A230414:70911:71126 [7] NCCL INFO Channel 22 : 31[e00000] -> 30[d00000] via P2P/IPC/read
ip-0A230414:70911:71126 [7] NCCL INFO Channel 23 : 31[e00000] -> 30[d00000] via P2P/IPC/read
ip-0A230412:84395:84606 [1] NCCL INFO Channel 01/0 : 25[200000] -> 17[200000] [receive] via NET/IBext/1/GDRDMA
ip-0A230412:84395:84606 [1] NCCL INFO Channel 17/0 : 25[200000] -> 17[200000] [receive] via NET/IBext/1/GDRDMA
ip-0A23040F:90094:90307 [7] NCCL INFO Channel 06 : 15[e00000] -> 14[d00000] via P2P/IPC/read
ip-0A23040F:90094:90307 [7] NCCL INFO Channel 07 : 15[e00000] -> 14[d00000] via P2P/IPC/read
ip-0A23040F:90094:90307 [7] NCCL INFO Channel 14 : 15[e00000] -> 14[d00000] via P2P/IPC/read
ip-0A23040F:90094:90307 [7] NCCL INFO Channel 15 : 15[e00000] -> 14[d00000] via P2P/IPC/read
ip-0A23040F:90094:90307 [7] NCCL INFO Channel 22 : 15[e00000] -> 14[d00000] via P2P/IPC/read
ip-0A23040F:90094:90307 [7] NCCL INFO Channel 23 : 15[e00000] -> 14[d00000] via P2P/IPC/read
ip-0A23040F:90094:90307 [7] NCCL INFO Connected all trees
ip-0A23040F:90095:90305 [6] NCCL INFO Connected all trees
ip-0A230414:70913:71128 [1] NCCL INFO Channel 00 : 25[200000] -> 24[100000] via P2P/IPC/read
ip-0A230414:70913:71128 [1] NCCL INFO Channel 01 : 25[200000] -> 24[100000] via P2P/IPC/read
ip-0A230414:70913:71128 [1] NCCL INFO Channel 08 : 25[200000] -> 24[100000] via P2P/IPC/read
ip-0A230414:70913:71128 [1] NCCL INFO Channel 09 : 25[200000] -> 24[100000] via P2P/IPC/read
ip-0A230414:70913:71128 [1] NCCL INFO Channel 16 : 25[200000] -> 24[100000] via P2P/IPC/read
ip-0A230414:70913:71128 [1] NCCL INFO Channel 17 : 25[200000] -> 24[100000] via P2P/IPC/read
ip-0A230412:84397:84608 [6] NCCL INFO Channel 07 : 22[d00000] -> 16[100000] via P2P/IPC/read
ip-0A230412:84397:84608 [6] NCCL INFO Channel 15 : 22[d00000] -> 16[100000] via P2P/IPC/read
ip-0A230412:84397:84608 [6] NCCL INFO Channel 23 : 22[d00000] -> 16[100000] via P2P/IPC/read
ip-0A230412:84398:84610 [7] NCCL INFO Channel 15/0 : 30[d00000] -> 23[e00000] [receive] via NET/IBext/7/GDRDMA
ip-0A230412:84398:84610 [7] NCCL INFO Channel 02 : 23[e00000] -> 16[100000] via P2P/IPC/read
ip-0A230412:84399:84609 [4] NCCL INFO Connected all trees
ip-0A230412:84394:84607 [5] NCCL INFO Connected all trees
ip-0A230412:84398:84610 [7] NCCL INFO Channel 03 : 23[e00000] -> 16[100000] via P2P/IPC/read
ip-0A230412:84398:84610 [7] NCCL INFO Channel 04 : 23[e00000] -> 16[100000] via P2P/IPC/read
ip-0A230412:84398:84610 [7] NCCL INFO Channel 05 : 23[e00000] -> 16[100000] via P2P/IPC/read
ip-0A230412:84398:84610 [7] NCCL INFO Channel 06 : 23[e00000] -> 16[100000] via P2P/IPC/read
ip-0A230412:84398:84610 [7] NCCL INFO Channel 10 : 23[e00000] -> 16[100000] via P2P/IPC/read
ip-0A230412:84398:84610 [7] NCCL INFO Channel 11 : 23[e00000] -> 16[100000] via P2P/IPC/read
ip-0A230412:84398:84610 [7] NCCL INFO Channel 12 : 23[e00000] -> 16[100000] via P2P/IPC/read
ip-0A230412:84398:84610 [7] NCCL INFO Channel 13 : 23[e00000] -> 16[100000] via P2P/IPC/read
ip-0A230412:84398:84610 [7] NCCL INFO Channel 14 : 23[e00000] -> 16[100000] via P2P/IPC/read
ip-0A230412:84398:84610 [7] NCCL INFO Channel 18 : 23[e00000] -> 16[100000] via P2P/IPC/read
ip-0A230412:84398:84610 [7] NCCL INFO Channel 19 : 23[e00000] -> 16[100000] via P2P/IPC/read
ip-0A230412:84398:84610 [7] NCCL INFO Channel 20 : 23[e00000] -> 16[100000] via P2P/IPC/read
ip-0A230412:84398:84610 [7] NCCL INFO Channel 21 : 23[e00000] -> 16[100000] via P2P/IPC/read
ip-0A230412:84398:84610 [7] NCCL INFO Channel 22 : 23[e00000] -> 16[100000] via P2P/IPC/read
ip-0A230412:84396:84604 [0] NCCL INFO Channel 01/0 : 16[100000] -> 9[200000] [send] via NET/IBext/1/GDRDMA
ip-0A230412:84395:84606 [1] NCCL INFO Channel 09/0 : 24[100000] -> 17[200000] [receive] via NET/IBext/1/GDRDMA
ip-0A230412:84396:84604 [0] NCCL INFO Channel 17/0 : 16[100000] -> 9[200000] [send] via NET/IBext/1/GDRDMA
ip-0A230412:84395:84606 [1] NCCL INFO Channel 00 : 17[200000] -> 16[100000] via P2P/IPC/read
ip-0A230414:70908:71122 [6] NCCL INFO Channel 07 : 30[d00000] -> 24[100000] via P2P/IPC/read
ip-0A230412:84395:84606 [1] NCCL INFO Channel 01 : 17[200000] -> 16[100000] via P2P/IPC/read
ip-0A230414:70908:71122 [6] NCCL INFO Channel 15 : 30[d00000] -> 24[100000] via P2P/IPC/read
ip-0A230414:70908:71122 [6] NCCL INFO Channel 23 : 30[d00000] -> 24[100000] via P2P/IPC/read
ip-0A230414:70908:71122 [6] NCCL INFO Connected all trees
ip-0A230414:70911:71126 [7] NCCL INFO Connected all trees
ip-0A230414:70910:71124 [0] NCCL INFO Connected all trees
ip-0A230414:70913:71128 [1] NCCL INFO Connected all trees
ip-0A230414:70910:71124 [0] NCCL INFO CollNet 00 : 24 [receive] via COLLNET/SHARP/0/GDRDMA
ip-0A23040F:90092:90308 [1] NCCL INFO Channel 00 : 9[200000] -> 8[100000] via P2P/IPC/read
ip-0A23040F:90092:90308 [1] NCCL INFO Channel 01 : 9[200000] -> 8[100000] via P2P/IPC/read
ip-0A23040F:90092:90308 [1] NCCL INFO Channel 08 : 9[200000] -> 8[100000] via P2P/IPC/read
ip-0A23040F:90092:90308 [1] NCCL INFO Channel 09 : 9[200000] -> 8[100000] via P2P/IPC/read
ip-0A23040F:90092:90308 [1] NCCL INFO Channel 16 : 9[200000] -> 8[100000] via P2P/IPC/read
ip-0A23040F:90092:90308 [1] NCCL INFO Channel 17 : 9[200000] -> 8[100000] via P2P/IPC/read
ip-0A23040F:90092:90308 [1] NCCL INFO Connected all trees
ip-0A23040F:90093:90303 [0] NCCL INFO Connected all trees
ip-0A23040F:90093:90303 [0] NCCL INFO CollNet 00 : 8 [receive] via COLLNET/SHARP/0/GDRDMA
ip-0A230412:84395:84606 [1] NCCL INFO Channel 08 : 17[200000] -> 16[100000] via P2P/IPC/read
ip-0A230412:84395:84606 [1] NCCL INFO Channel 09 : 17[200000] -> 16[100000] via P2P/IPC/read
ip-0A230412:84395:84606 [1] NCCL INFO Channel 16 : 17[200000] -> 16[100000] via P2P/IPC/read
ip-0A230412:84395:84606 [1] NCCL INFO Channel 17 : 17[200000] -> 16[100000] via P2P/IPC/read
ip-0A230412:84398:84610 [7] NCCL INFO Channel 06 : 23[e00000] -> 22[d00000] via P2P/IPC/read
ip-0A230412:84398:84610 [7] NCCL INFO Channel 07 : 23[e00000] -> 22[d00000] via P2P/IPC/read
ip-0A230412:84398:84610 [7] NCCL INFO Channel 14 : 23[e00000] -> 22[d00000] via P2P/IPC/read
ip-0A230412:84398:84610 [7] NCCL INFO Channel 15 : 23[e00000] -> 22[d00000] via P2P/IPC/read
ip-0A230412:84398:84610 [7] NCCL INFO Channel 22 : 23[e00000] -> 22[d00000] via P2P/IPC/read
ip-0A230412:84398:84610 [7] NCCL INFO Channel 23 : 23[e00000] -> 22[d00000] via P2P/IPC/read
ip-0A230412:84396:84604 [0] NCCL INFO Connected all trees
ip-0A230412:84395:84606 [1] NCCL INFO Connected all trees
ip-0A230412:84398:84610 [7] NCCL INFO Connected all trees
ip-0A230412:84397:84608 [6] NCCL INFO Connected all trees
ip-0A230412:84396:84604 [0] NCCL INFO CollNet 00 : 16 [receive] via COLLNET/SHARP/0/GDRDMA
ip-0A230412:84396:84769 [0] NCCL INFO NCCL_SHARP_GROUP_SIZE_THRESH set by environment to 3.
ip-0A230412:84395:84606 [1] NCCL INFO CollNet 01 : 17 [receive] via COLLNET/SHARP/1/GDRDMA
ip-0A230414:70910:71291 [0] NCCL INFO NCCL_SHARP_GROUP_SIZE_THRESH set by environment to 3.
ip-0A230417:74605:74973 [0] NCCL INFO NCCL_SHARP_GROUP_SIZE_THRESH set by environment to 3.
ip-0A230414:70913:71128 [1] NCCL INFO CollNet 01 : 25 [receive] via COLLNET/SHARP/1/GDRDMA
ip-0A230406:31013:31398 [0] NCCL INFO NCCL_SHARP_GROUP_SIZE_THRESH set by environment to 3.
ip-0A230417:74606:74813 [1] NCCL INFO CollNet 01 : 33 [receive] via COLLNET/SHARP/1/GDRDMA
ip-0A23040D:25262:25634 [0] NCCL INFO NCCL_SHARP_GROUP_SIZE_THRESH set by environment to 3.
ip-0A23040D:25264:25473 [1] NCCL INFO CollNet 01 : 1 [receive] via COLLNET/SHARP/1/GDRDMA
ip-0A230408:48729:49107 [0] NCCL INFO NCCL_SHARP_GROUP_SIZE_THRESH set by environment to 3.
ip-0A230406:31014:31232 [1] NCCL INFO CollNet 01 : 41 [receive] via COLLNET/SHARP/1/GDRDMA
ip-0A23040F:90092:90308 [1] NCCL INFO CollNet 01 : 9 [receive] via COLLNET/SHARP/1/GDRDMA
ip-0A230408:48725:48944 [1] NCCL INFO CollNet 01 : 49 [receive] via COLLNET/SHARP/1/GDRDMA
ip-0A23040F:90093:90465 [0] NCCL INFO NCCL_SHARP_GROUP_SIZE_THRESH set by environment to 3.
[ip-0A23040D:0:25262 - context.c:584] INFO job (ID: 2524863387022325283) resource request quota: ( osts:0 user_data_per_ost:0 max_groups:0 max_qps:1 max_group_channels:1, num_trees:1)
[ip-0A23040D:0:25262 unique id 0] ERROR No Aggregation Manager (sharp_am) detected in sharp_create_job.

[ip-0A23040D:0:25262 - context.c:601] ERROR sharp_create_job failed: No Aggregation Manager (sharp_am) detected(-52)
ip-0A230408:48729:49107 [0] NCCL INFO Sharp rank 6/7 initialized on mlx5_ib0:1

ip-0A230408:48729:49107 [0] sharp_plugin.c:288 NCCL WARN NET/IB :SHARP coll init error: Cannot create SHArP job(-11)

ip-0A230408:48729:49107 [0] NCCL INFO include/coll_net.h:21 -> 3
ip-0A230414:70910:71291 [0] NCCL INFO Sharp rank 3/7 initialized on mlx5_ib0:1

ip-0A230414:70910:71291 [0] sharp_plugin.c:288 NCCL WARN NET/IB :SHARP coll init error: Cannot create SHArP job(-11)

ip-0A230414:70910:71291 [0] NCCL INFO include/coll_net.h:21 -> 3
ip-0A230414:70910:71124 [0] NCCL INFO transport.cc:222 -> 2
ip-0A230408:48729:48943 [0] NCCL INFO transport.cc:222 -> 2
ip-0A230412:84396:84769 [0] NCCL INFO Sharp rank 2/7 initialized on mlx5_ib0:1

ip-0A230412:84396:84769 [0] sharp_plugin.c:288 NCCL WARN NET/IB :SHARP coll init error: Cannot create SHArP job(-11)

ip-0A230412:84396:84769 [0] NCCL INFO include/coll_net.h:21 -> 3
ip-0A230417:74605:74973 [0] NCCL INFO Sharp rank 4/7 initialized on mlx5_ib0:1

ip-0A230417:74605:74973 [0] sharp_plugin.c:288 NCCL WARN NET/IB :SHARP coll init error: Cannot create SHArP job(-11)

ip-0A230417:74605:74973 [0] NCCL INFO include/coll_net.h:21 -> 3
ip-0A23040F:90093:90465 [0] NCCL INFO Sharp rank 1/7 initialized on mlx5_ib0:1

ip-0A23040F:90093:90465 [0] sharp_plugin.c:288 NCCL WARN NET/IB :SHARP coll init error: Cannot create SHArP job(-11)

ip-0A23040F:90093:90465 [0] NCCL INFO include/coll_net.h:21 -> 3
ip-0A230406:31013:31398 [0] NCCL INFO Sharp rank 5/7 initialized on mlx5_ib0:1

ip-0A230406:31013:31398 [0] sharp_plugin.c:288 NCCL WARN NET/IB :SHARP coll init error: Cannot create SHArP job(-11)

ip-0A230406:31013:31398 [0] NCCL INFO include/coll_net.h:21 -> 3
ip-0A230412:84396:84604 [0] NCCL INFO transport.cc:222 -> 2
ip-0A230417:74605:74812 [0] NCCL INFO transport.cc:222 -> 2
ip-0A23040F:90093:90303 [0] NCCL INFO transport.cc:222 -> 2
ip-0A230406:31013:31235 [0] NCCL INFO transport.cc:222 -> 2
ip-0A23040D:25262:25634 [0] NCCL INFO Sharp rank 0/7 initialized on mlx5_ib0:1

ip-0A23040D:25262:25634 [0] sharp_plugin.c:288 NCCL WARN NET/IB :SHARP coll init error: Cannot create SHArP job(-11)

ip-0A23040D:25262:25634 [0] NCCL INFO include/coll_net.h:21 -> 3
ip-0A23040D:25262:25480 [0] NCCL INFO transport.cc:222 -> 2
ip-0A23040D:25264:25631 [1] NCCL INFO NCCL_SHARP_GROUP_SIZE_THRESH set by environment to 3.
ip-0A23040D:25259:25477 [2] NCCL INFO CollNet 02 : 2 [receive] via COLLNET/SHARP/2/GDRDMA
ip-0A23040F:90092:90464 [1] NCCL INFO NCCL_SHARP_GROUP_SIZE_THRESH set by environment to 3.
ip-0A23040F:90098:90309 [2] NCCL INFO CollNet 02 : 10 [receive] via COLLNET/SHARP/2/GDRDMA
ip-0A230412:84395:84774 [1] NCCL INFO NCCL_SHARP_GROUP_SIZE_THRESH set by environment to 3.
ip-0A230414:70913:71288 [1] NCCL INFO NCCL_SHARP_GROUP_SIZE_THRESH set by environment to 3.
ip-0A230412:84392:84603 [2] NCCL INFO CollNet 02 : 18 [receive] via COLLNET/SHARP/2/GDRDMA
ip-0A230417:74606:74975 [1] NCCL INFO NCCL_SHARP_GROUP_SIZE_THRESH set by environment to 3.
ip-0A230414:70907:71123 [2] NCCL INFO CollNet 02 : 26 [receive] via COLLNET/SHARP/2/GDRDMA
ip-0A230406:31014:31403 [1] NCCL INFO NCCL_SHARP_GROUP_SIZE_THRESH set by environment to 3.
ip-0A230417:74609:74810 [2] NCCL INFO CollNet 02 : 34 [receive] via COLLNET/SHARP/2/GDRDMA
ip-0A230406:31020:31233 [2] NCCL INFO CollNet 02 : 42 [receive] via COLLNET/SHARP/2/GDRDMA
ip-0A230408:48725:49111 [1] NCCL INFO NCCL_SHARP_GROUP_SIZE_THRESH set by environment to 3.
ip-0A230408:48727:48945 [2] NCCL INFO CollNet 02 : 50 [receive] via COLLNET/SHARP/2/GDRDMA
[ip-0A23040D:0:25264 - context.c:584] INFO job (ID: 2524863169518109418) resource request quota: ( osts:0 user_data_per_ost:0 max_groups:0 max_qps:1 max_group_channels:1, num_trees:1)
[ip-0A23040D:0:25264 unique id 0] ERROR No Aggregation Manager (sharp_am) detected in sharp_create_job.

[ip-0A23040D:0:25264 - context.c:601] ERROR sharp_create_job failed: No Aggregation Manager (sharp_am) detected(-52)
ip-0A230414:70913:71288 [1] NCCL INFO Sharp rank 3/7 initialized on mlx5_ib1:1

ip-0A230414:70913:71288 [1] sharp_plugin.c:288 NCCL WARN NET/IB :SHARP coll init error: Cannot create SHArP job(-11)

ip-0A230414:70913:71288 [1] NCCL INFO include/coll_net.h:21 -> 3
ip-0A230408:48725:49111 [1] NCCL INFO Sharp rank 6/7 initialized on mlx5_ib1:1

ip-0A230408:48725:49111 [1] sharp_plugin.c:288 NCCL WARN NET/IB :SHARP coll init error: Cannot create SHArP job(-11)

ip-0A230408:48725:49111 [1] NCCL INFO include/coll_net.h:21 -> 3
ip-0A230417:74606:74975 [1] NCCL INFO Sharp rank 4/7 initialized on mlx5_ib1:1

ip-0A230417:74606:74975 [1] sharp_plugin.c:288 NCCL WARN NET/IB :SHARP coll init error: Cannot create SHArP job(-11)

ip-0A230417:74606:74975 [1] NCCL INFO include/coll_net.h:21 -> 3
ip-0A230412:84395:84774 [1] NCCL INFO Sharp rank 2/7 initialized on mlx5_ib1:1

ip-0A230412:84395:84774 [1] sharp_plugin.c:288 NCCL WARN NET/IB :SHARP coll init error: Cannot create SHArP job(-11)

ip-0A230412:84395:84774 [1] NCCL INFO include/coll_net.h:21 -> 3
ip-0A23040F:90092:90464 [1] NCCL INFO Sharp rank 1/7 initialized on mlx5_ib1:1

ip-0A23040F:90092:90464 [1] sharp_plugin.c:288 NCCL WARN NET/IB :SHARP coll init error: Cannot create SHArP job(-11)

ip-0A23040F:90092:90464 [1] NCCL INFO include/coll_net.h:21 -> 3
ip-0A230406:31014:31403 [1] NCCL INFO Sharp rank 5/7 initialized on mlx5_ib1:1

ip-0A230406:31014:31403 [1] sharp_plugin.c:288 NCCL WARN NET/IB :SHARP coll init error: Cannot create SHArP job(-11)

ip-0A230406:31014:31403 [1] NCCL INFO include/coll_net.h:21 -> 3
ip-0A230417:74606:74813 [1] NCCL INFO transport.cc:222 -> 2
ip-0A230414:70913:71128 [1] NCCL INFO transport.cc:222 -> 2
ip-0A23040F:90092:90308 [1] NCCL INFO transport.cc:222 -> 2
ip-0A230408:48725:48944 [1] NCCL INFO transport.cc:222 -> 2
ip-0A230406:31014:31232 [1] NCCL INFO transport.cc:222 -> 2
ip-0A230412:84395:84606 [1] NCCL INFO transport.cc:222 -> 2
ip-0A23040D:25264:25631 [1] NCCL INFO Sharp rank 0/7 initialized on mlx5_ib1:1

ip-0A23040D:25264:25631 [1] sharp_plugin.c:288 NCCL WARN NET/IB :SHARP coll init error: Cannot create SHArP job(-11)

ip-0A23040D:25264:25631 [1] NCCL INFO include/coll_net.h:21 -> 3
ip-0A23040D:25264:25473 [1] NCCL INFO transport.cc:222 -> 2
ip-0A23040D:25259:25633 [2] NCCL INFO NCCL_SHARP_GROUP_SIZE_THRESH set by environment to 3.
ip-0A23040D:25265:25479 [3] NCCL INFO CollNet 03 : 3 [receive] via COLLNET/SHARP/3/GDRDMA
ip-0A23040F:90098:90467 [2] NCCL INFO NCCL_SHARP_GROUP_SIZE_THRESH set by environment to 3.
ip-0A23040F:90097:90310 [3] NCCL INFO CollNet 03 : 11 [receive] via COLLNET/SHARP/3/GDRDMA
ip-0A230412:84392:84772 [2] NCCL INFO NCCL_SHARP_GROUP_SIZE_THRESH set by environment to 3.
ip-0A230412:84393:84605 [3] NCCL INFO CollNet 03 : 19 [receive] via COLLNET/SHARP/3/GDRDMA
ip-0A230414:70907:71290 [2] NCCL INFO NCCL_SHARP_GROUP_SIZE_THRESH set by environment to 3.
ip-0A230417:74609:74976 [2] NCCL INFO NCCL_SHARP_GROUP_SIZE_THRESH set by environment to 3.
ip-0A230414:70914:71125 [3] NCCL INFO CollNet 03 : 27 [receive] via COLLNET/SHARP/3/GDRDMA
ip-0A230417:74604:74807 [3] NCCL INFO CollNet 03 : 35 [receive] via COLLNET/SHARP/3/GDRDMA
ip-0A230406:31020:31396 [2] NCCL INFO NCCL_SHARP_GROUP_SIZE_THRESH set by environment to 3.
ip-0A230406:31017:31234 [3] NCCL INFO CollNet 03 : 43 [receive] via COLLNET/SHARP/3/GDRDMA
ip-0A230408:48727:49109 [2] NCCL INFO NCCL_SHARP_GROUP_SIZE_THRESH set by environment to 3.
ip-0A230408:48723:48946 [3] NCCL INFO CollNet 03 : 51 [receive] via COLLNET/SHARP/3/GDRDMA
[ip-0A23040D:0:25259 - context.c:584] INFO job (ID: 2524862968404179534) resource request quota: ( osts:0 user_data_per_ost:0 max_groups:0 max_qps:1 max_group_channels:1, num_trees:1)
[ip-0A23040D:0:25259 unique id 0] ERROR No Aggregation Manager (sharp_am) detected in sharp_create_job.

[ip-0A23040D:0:25259 - context.c:601] ERROR sharp_create_job failed: No Aggregation Manager (sharp_am) detected(-52)
ip-0A230406:31020:31396 [2] NCCL INFO Sharp rank 5/7 initialized on mlx5_ib2:1

ip-0A230406:31020:31396 [2] sharp_plugin.c:288 NCCL WARN NET/IB :SHARP coll init error: Cannot create SHArP job(-11)

ip-0A230406:31020:31396 [2] NCCL INFO include/coll_net.h:21 -> 3
ip-0A23040F:90098:90467 [2] NCCL INFO Sharp rank 1/7 initialized on mlx5_ib2:1

ip-0A23040F:90098:90467 [2] sharp_plugin.c:288 NCCL WARN NET/IB :SHARP coll init error: Cannot create SHArP job(-11)

ip-0A23040F:90098:90467 [2] NCCL INFO include/coll_net.h:21 -> 3
ip-0A230417:74609:74976 [2] NCCL INFO Sharp rank 4/7 initialized on mlx5_ib2:1

ip-0A230417:74609:74976 [2] sharp_plugin.c:288 NCCL WARN NET/IB :SHARP coll init error: Cannot create SHArP job(-11)

ip-0A230417:74609:74976 [2] NCCL INFO include/coll_net.h:21 -> 3
ip-0A230408:48727:49109 [2] NCCL INFO Sharp rank 6/7 initialized on mlx5_ib2:1
ip-0A230414:70907:71290 [2] NCCL INFO Sharp rank 3/7 initialized on mlx5_ib2:1

ip-0A230414:70907:71290 [2] sharp_plugin.c:288 NCCL WARN NET/IB :SHARP coll init error: Cannot create SHArP job(-11)

ip-0A230414:70907:71290 [2] NCCL INFO include/coll_net.h:21 -> 3
ip-0A230412:84392:84772 [2] NCCL INFO Sharp rank 2/7 initialized on mlx5_ib2:1

ip-0A230412:84392:84772 [2] sharp_plugin.c:288 NCCL WARN NET/IB :SHARP coll init error: Cannot create SHArP job(-11)

ip-0A230412:84392:84772 [2] NCCL INFO include/coll_net.h:21 -> 3
ip-0A230406:31020:31233 [2] NCCL INFO transport.cc:222 -> 2
ip-0A23040F:90098:90309 [2] NCCL INFO transport.cc:222 -> 2
ip-0A230417:74609:74810 [2] NCCL INFO transport.cc:222 -> 2
ip-0A230414:70907:71123 [2] NCCL INFO transport.cc:222 -> 2

ip-0A230408:48727:49109 [2] sharp_plugin.c:288 NCCL WARN NET/IB :SHARP coll init error: Cannot create SHArP job(-11)

ip-0A230408:48727:49109 [2] NCCL INFO include/coll_net.h:21 -> 3
ip-0A230408:48727:48945 [2] NCCL INFO transport.cc:222 -> 2
ip-0A230412:84392:84603 [2] NCCL INFO transport.cc:222 -> 2
ip-0A23040D:25259:25633 [2] NCCL INFO Sharp rank 0/7 initialized on mlx5_ib2:1

ip-0A23040D:25259:25633 [2] sharp_plugin.c:288 NCCL WARN NET/IB :SHARP coll init error: Cannot create SHArP job(-11)

ip-0A23040D:25259:25633 [2] NCCL INFO include/coll_net.h:21 -> 3
ip-0A23040D:25259:25477 [2] NCCL INFO transport.cc:222 -> 2
ip-0A23040D:25265:25635 [3] NCCL INFO NCCL_SHARP_GROUP_SIZE_THRESH set by environment to 3.
ip-0A23040D:25260:25475 [4] NCCL INFO CollNet 04 : 4 [receive] via COLLNET/SHARP/4/GDRDMA
ip-0A23040F:90097:90468 [3] NCCL INFO NCCL_SHARP_GROUP_SIZE_THRESH set by environment to 3.
ip-0A23040F:90096:90306 [4] NCCL INFO CollNet 04 : 12 [receive] via COLLNET/SHARP/4/GDRDMA
ip-0A230412:84393:84770 [3] NCCL INFO NCCL_SHARP_GROUP_SIZE_THRESH set by environment to 3.
ip-0A230412:84399:84609 [4] NCCL INFO CollNet 04 : 20 [receive] via COLLNET/SHARP/4/GDRDMA
ip-0A230417:74604:74978 [3] NCCL INFO NCCL_SHARP_GROUP_SIZE_THRESH set by environment to 3.
ip-0A230414:70914:71294 [3] NCCL INFO NCCL_SHARP_GROUP_SIZE_THRESH set by environment to 3.
ip-0A230417:74602:74808 [4] NCCL INFO CollNet 04 : 36 [receive] via COLLNET/SHARP/4/GDRDMA
ip-0A230414:70909:71121 [4] NCCL INFO CollNet 04 : 28 [receive] via COLLNET/SHARP/4/GDRDMA
ip-0A230406:31017:31400 [3] NCCL INFO NCCL_SHARP_GROUP_SIZE_THRESH set by environment to 3.
ip-0A230406:31015:31230 [4] NCCL INFO CollNet 04 : 44 [receive] via COLLNET/SHARP/4/GDRDMA
ip-0A230408:48723:49108 [3] NCCL INFO NCCL_SHARP_GROUP_SIZE_THRESH set by environment to 3.
ip-0A230408:48724:48940 [4] NCCL INFO CollNet 04 : 52 [receive] via COLLNET/SHARP/4/GDRDMA
[ip-0A23040D:0:25265 - context.c:584] INFO job (ID: 2524862659459452568) resource request quota: ( osts:0 user_data_per_ost:0 max_groups:0 max_qps:1 max_group_channels:1, num_trees:1)
[ip-0A23040D:0:25265 unique id 0] ERROR No Aggregation Manager (sharp_am) detected in sharp_create_job.

[ip-0A23040D:0:25265 - context.c:601] ERROR sharp_create_job failed: No Aggregation Manager (sharp_am) detected(-52)
ip-0A230412:84393:84770 [3] NCCL INFO Sharp rank 2/7 initialized on mlx5_ib3:1

ip-0A230412:84393:84770 [3] sharp_plugin.c:288 NCCL WARN NET/IB :SHARP coll init error: Cannot create SHArP job(-11)

ip-0A230412:84393:84770 [3] NCCL INFO include/coll_net.h:21 -> 3
ip-0A230406:31017:31400 [3] NCCL INFO Sharp rank 5/7 initialized on mlx5_ib3:1

ip-0A230406:31017:31400 [3] sharp_plugin.c:288 NCCL WARN NET/IB :SHARP coll init error: Cannot create SHArP job(-11)

ip-0A230406:31017:31400 [3] NCCL INFO include/coll_net.h:21 -> 3
ip-0A230417:74604:74978 [3] NCCL INFO Sharp rank 4/7 initialized on mlx5_ib3:1

ip-0A230417:74604:74978 [3] sharp_plugin.c:288 NCCL WARN NET/IB :SHARP coll init error: Cannot create SHArP job(-11)

ip-0A230417:74604:74978 [3] NCCL INFO include/coll_net.h:21 -> 3
ip-0A23040F:90097:90468 [3] NCCL INFO Sharp rank 1/7 initialized on mlx5_ib3:1

ip-0A23040F:90097:90468 [3] sharp_plugin.c:288 NCCL WARN NET/IB :SHARP coll init error: Cannot create SHArP job(-11)

ip-0A23040F:90097:90468 [3] NCCL INFO include/coll_net.h:21 -> 3
ip-0A230408:48723:49108 [3] NCCL INFO Sharp rank 6/7 initialized on mlx5_ib3:1

ip-0A230408:48723:49108 [3] sharp_plugin.c:288 NCCL WARN NET/IB :SHARP coll init error: Cannot create SHArP job(-11)

ip-0A230408:48723:49108 [3] NCCL INFO include/coll_net.h:21 -> 3
ip-0A230414:70914:71294 [3] NCCL INFO Sharp rank 3/7 initialized on mlx5_ib3:1

ip-0A230414:70914:71294 [3] sharp_plugin.c:288 NCCL WARN NET/IB :SHARP coll init error: Cannot create SHArP job(-11)

ip-0A230414:70914:71294 [3] NCCL INFO include/coll_net.h:21 -> 3
ip-0A230406:31017:31234 [3] NCCL INFO transport.cc:222 -> 2
ip-0A23040F:90097:90310 [3] NCCL INFO transport.cc:222 -> 2
ip-0A230408:48723:48946 [3] NCCL INFO transport.cc:222 -> 2
ip-0A230412:84393:84605 [3] NCCL INFO transport.cc:222 -> 2
ip-0A230417:74604:74807 [3] NCCL INFO transport.cc:222 -> 2
ip-0A230414:70914:71125 [3] NCCL INFO transport.cc:222 -> 2
ip-0A23040D:25265:25635 [3] NCCL INFO Sharp rank 0/7 initialized on mlx5_ib3:1

ip-0A23040D:25265:25635 [3] sharp_plugin.c:288 NCCL WARN NET/IB :SHARP coll init error: Cannot create SHArP job(-11)

ip-0A23040D:25265:25635 [3] NCCL INFO include/coll_net.h:21 -> 3
ip-0A23040D:25265:25479 [3] NCCL INFO transport.cc:222 -> 2
ip-0A23040D:25260:25637 [4] NCCL INFO NCCL_SHARP_GROUP_SIZE_THRESH set by environment to 3.
ip-0A23040D:25263:25476 [5] NCCL INFO CollNet 05 : 5 [receive] via COLLNET/SHARP/5/GDRDMA
ip-0A23040F:90096:90463 [4] NCCL INFO NCCL_SHARP_GROUP_SIZE_THRESH set by environment to 3.
ip-0A23040F:90091:90304 [5] NCCL INFO CollNet 05 : 13 [receive] via COLLNET/SHARP/5/GDRDMA
ip-0A230412:84399:84773 [4] NCCL INFO NCCL_SHARP_GROUP_SIZE_THRESH set by environment to 3.
ip-0A230412:84394:84607 [5] NCCL INFO CollNet 05 : 21 [receive] via COLLNET/SHARP/5/GDRDMA
ip-0A230414:70909:71289 [4] NCCL INFO NCCL_SHARP_GROUP_SIZE_THRESH set by environment to 3.
ip-0A230417:74602:74977 [4] NCCL INFO NCCL_SHARP_GROUP_SIZE_THRESH set by environment to 3.
ip-0A230417:74601:74811 [5] NCCL INFO CollNet 05 : 37 [receive] via COLLNET/SHARP/5/GDRDMA
ip-0A230414:70912:71127 [5] NCCL INFO CollNet 05 : 29 [receive] via COLLNET/SHARP/5/GDRDMA
ip-0A230406:31015:31402 [4] NCCL INFO NCCL_SHARP_GROUP_SIZE_THRESH set by environment to 3.
ip-0A230408:48724:49106 [4] NCCL INFO NCCL_SHARP_GROUP_SIZE_THRESH set by environment to 3.
ip-0A230406:31016:31236 [5] NCCL INFO CollNet 05 : 45 [receive] via COLLNET/SHARP/5/GDRDMA
ip-0A230408:48722:48942 [5] NCCL INFO CollNet 05 : 53 [receive] via COLLNET/SHARP/5/GDRDMA
[ip-0A23040D:0:25260 - context.c:584] INFO job (ID: 2524863242403836725) resource request quota: ( osts:0 user_data_per_ost:0 max_groups:0 max_qps:1 max_group_channels:1, num_trees:1)
[ip-0A23040D:0:25260 unique id 0] ERROR No Aggregation Manager (sharp_am) detected in sharp_create_job.

[ip-0A23040D:0:25260 - context.c:601] ERROR sharp_create_job failed: No Aggregation Manager (sharp_am) detected(-52)
ip-0A23040F:90096:90463 [4] NCCL INFO Sharp rank 1/7 initialized on mlx5_ib4:1

ip-0A23040F:90096:90463 [4] sharp_plugin.c:288 NCCL WARN NET/IB :SHARP coll init error: Cannot create SHArP job(-11)

ip-0A23040F:90096:90463 [4] NCCL INFO include/coll_net.h:21 -> 3
ip-0A230408:48724:49106 [4] NCCL INFO Sharp rank 6/7 initialized on mlx5_ib4:1

ip-0A230408:48724:49106 [4] sharp_plugin.c:288 NCCL WARN NET/IB :SHARP coll init error: Cannot create SHArP job(-11)

ip-0A230408:48724:49106 [4] NCCL INFO include/coll_net.h:21 -> 3
ip-0A230406:31015:31402 [4] NCCL INFO Sharp rank 5/7 initialized on mlx5_ib4:1

ip-0A230406:31015:31402 [4] sharp_plugin.c:288 NCCL WARN NET/IB :SHARP coll init error: Cannot create SHArP job(-11)

ip-0A230406:31015:31402 [4] NCCL INFO include/coll_net.h:21 -> 3
ip-0A230412:84399:84773 [4] NCCL INFO Sharp rank 2/7 initialized on mlx5_ib4:1

ip-0A230412:84399:84773 [4] sharp_plugin.c:288 NCCL WARN NET/IB :SHARP coll init error: Cannot create SHArP job(-11)

ip-0A230412:84399:84773 [4] NCCL INFO include/coll_net.h:21 -> 3
ip-0A230414:70909:71289 [4] NCCL INFO Sharp rank 3/7 initialized on mlx5_ib4:1

ip-0A230414:70909:71289 [4] sharp_plugin.c:288 NCCL WARN NET/IB :SHARP coll init error: Cannot create SHArP job(-11)

ip-0A230414:70909:71289 [4] NCCL INFO include/coll_net.h:21 -> 3
ip-0A230417:74602:74977 [4] NCCL INFO Sharp rank 4/7 initialized on mlx5_ib4:1

ip-0A230417:74602:74977 [4] sharp_plugin.c:288 NCCL WARN NET/IB :SHARP coll init error: Cannot create SHArP job(-11)

ip-0A230417:74602:74977 [4] NCCL INFO include/coll_net.h:21 -> 3
ip-0A230417:74602:74808 [4] NCCL INFO transport.cc:222 -> 2
ip-0A23040F:90096:90306 [4] NCCL INFO transport.cc:222 -> 2
ip-0A230406:31015:31230 [4] NCCL INFO transport.cc:222 -> 2
ip-0A230408:48724:48940 [4] NCCL INFO transport.cc:222 -> 2
ip-0A230414:70909:71121 [4] NCCL INFO transport.cc:222 -> 2
ip-0A230412:84399:84609 [4] NCCL INFO transport.cc:222 -> 2
ip-0A23040D:25260:25637 [4] NCCL INFO Sharp rank 0/7 initialized on mlx5_ib4:1

ip-0A23040D:25260:25637 [4] sharp_plugin.c:288 NCCL WARN NET/IB :SHARP coll init error: Cannot create SHArP job(-11)

ip-0A23040D:25260:25637 [4] NCCL INFO include/coll_net.h:21 -> 3
ip-0A23040D:25260:25475 [4] NCCL INFO transport.cc:222 -> 2
ip-0A23040D:25263:25636 [5] NCCL INFO NCCL_SHARP_GROUP_SIZE_THRESH set by environment to 3.
ip-0A23040D:25261:25474 [6] NCCL INFO CollNet 06 : 6 [receive] via COLLNET/SHARP/6/GDRDMA
ip-0A23040F:90091:90469 [5] NCCL INFO NCCL_SHARP_GROUP_SIZE_THRESH set by environment to 3.
ip-0A23040F:90095:90305 [6] NCCL INFO CollNet 06 : 14 [receive] via COLLNET/SHARP/6/GDRDMA
ip-0A230412:84394:84771 [5] NCCL INFO NCCL_SHARP_GROUP_SIZE_THRESH set by environment to 3.
ip-0A230414:70912:71292 [5] NCCL INFO NCCL_SHARP_GROUP_SIZE_THRESH set by environment to 3.
ip-0A230412:84397:84608 [6] NCCL INFO CollNet 06 : 22 [receive] via COLLNET/SHARP/6/GDRDMA
ip-0A230414:70908:71122 [6] NCCL INFO CollNet 06 : 30 [receive] via COLLNET/SHARP/6/GDRDMA
ip-0A230417:74601:74974 [5] NCCL INFO NCCL_SHARP_GROUP_SIZE_THRESH set by environment to 3.
ip-0A230417:74603:74814 [6] NCCL INFO CollNet 06 : 38 [receive] via COLLNET/SHARP/6/GDRDMA
ip-0A230406:31016:31401 [5] NCCL INFO NCCL_SHARP_GROUP_SIZE_THRESH set by environment to 3.
ip-0A230406:31018:31231 [6] NCCL INFO CollNet 06 : 46 [receive] via COLLNET/SHARP/6/GDRDMA
ip-0A230408:48722:49105 [5] NCCL INFO NCCL_SHARP_GROUP_SIZE_THRESH set by environment to 3.
ip-0A230408:48728:48939 [6] NCCL INFO CollNet 06 : 54 [receive] via COLLNET/SHARP/6/GDRDMA
[ip-0A23040D:0:25263 - context.c:584] INFO job (ID: 2524862822457103292) resource request quota: ( osts:0 user_data_per_ost:0 max_groups:0 max_qps:1 max_group_channels:1, num_trees:1)
[ip-0A23040D:0:25263 unique id 0] ERROR No Aggregation Manager (sharp_am) detected in sharp_create_job.

[ip-0A23040D:0:25263 - context.c:601] ERROR sharp_create_job failed: No Aggregation Manager (sharp_am) detected(-52)
ip-0A230417:74601:74974 [5] NCCL INFO Sharp rank 4/7 initialized on mlx5_ib5:1

ip-0A230417:74601:74974 [5] sharp_plugin.c:288 NCCL WARN NET/IB :SHARP coll init error: Cannot create SHArP job(-11)

ip-0A230417:74601:74974 [5] NCCL INFO include/coll_net.h:21 -> 3
ip-0A23040F:90091:90469 [5] NCCL INFO Sharp rank 1/7 initialized on mlx5_ib5:1

ip-0A23040F:90091:90469 [5] sharp_plugin.c:288 NCCL WARN NET/IB :SHARP coll init error: Cannot create SHArP job(-11)

ip-0A23040F:90091:90469 [5] NCCL INFO include/coll_net.h:21 -> 3
ip-0A230406:31016:31401 [5] NCCL INFO Sharp rank 5/7 initialized on mlx5_ib5:1

ip-0A230406:31016:31401 [5] sharp_plugin.c:288 NCCL WARN NET/IB :SHARP coll init error: Cannot create SHArP job(-11)

ip-0A230406:31016:31401 [5] NCCL INFO include/coll_net.h:21 -> 3
ip-0A230408:48722:49105 [5] NCCL INFO Sharp rank 6/7 initialized on mlx5_ib5:1

ip-0A230408:48722:49105 [5] sharp_plugin.c:288 NCCL WARN NET/IB :SHARP coll init error: Cannot create SHArP job(-11)

ip-0A230408:48722:49105 [5] NCCL INFO include/coll_net.h:21 -> 3
ip-0A230412:84394:84771 [5] NCCL INFO Sharp rank 2/7 initialized on mlx5_ib5:1

ip-0A230412:84394:84771 [5] sharp_plugin.c:288 NCCL WARN NET/IB :SHARP coll init error: Cannot create SHArP job(-11)

ip-0A230412:84394:84771 [5] NCCL INFO include/coll_net.h:21 -> 3
ip-0A230414:70912:71292 [5] NCCL INFO Sharp rank 3/7 initialized on mlx5_ib5:1

ip-0A230414:70912:71292 [5] sharp_plugin.c:288 NCCL WARN NET/IB :SHARP coll init error: Cannot create SHArP job(-11)

ip-0A230414:70912:71292 [5] NCCL INFO include/coll_net.h:21 -> 3
ip-0A230417:74601:74811 [5] NCCL INFO transport.cc:222 -> 2
ip-0A23040F:90091:90304 [5] NCCL INFO transport.cc:222 -> 2
ip-0A230406:31016:31236 [5] NCCL INFO transport.cc:222 -> 2
ip-0A230412:84394:84607 [5] NCCL INFO transport.cc:222 -> 2
ip-0A230408:48722:48942 [5] NCCL INFO transport.cc:222 -> 2
ip-0A230414:70912:71127 [5] NCCL INFO transport.cc:222 -> 2
ip-0A23040D:25263:25636 [5] NCCL INFO Sharp rank 0/7 initialized on mlx5_ib5:1

ip-0A23040D:25263:25636 [5] sharp_plugin.c:288 NCCL WARN NET/IB :SHARP coll init error: Cannot create SHArP job(-11)

ip-0A23040D:25263:25636 [5] NCCL INFO include/coll_net.h:21 -> 3
ip-0A23040D:25263:25476 [5] NCCL INFO transport.cc:222 -> 2
ip-0A23040D:25261:25638 [6] NCCL INFO NCCL_SHARP_GROUP_SIZE_THRESH set by environment to 3.
ip-0A23040D:25266:25478 [7] NCCL INFO CollNet 07 : 7 [receive] via COLLNET/SHARP/7/GDRDMA
ip-0A23040F:90095:90462 [6] NCCL INFO NCCL_SHARP_GROUP_SIZE_THRESH set by environment to 3.
ip-0A230412:84397:84775 [6] NCCL INFO NCCL_SHARP_GROUP_SIZE_THRESH set by environment to 3.
ip-0A23040F:90094:90307 [7] NCCL INFO CollNet 07 : 15 [receive] via COLLNET/SHARP/7/GDRDMA
ip-0A230412:84398:84610 [7] NCCL INFO CollNet 07 : 23 [receive] via COLLNET/SHARP/7/GDRDMA
ip-0A230414:70908:71287 [6] NCCL INFO NCCL_SHARP_GROUP_SIZE_THRESH set by environment to 3.
ip-0A230417:74603:74980 [6] NCCL INFO NCCL_SHARP_GROUP_SIZE_THRESH set by environment to 3.
ip-0A230414:70911:71126 [7] NCCL INFO CollNet 07 : 31 [receive] via COLLNET/SHARP/7/GDRDMA
ip-0A230406:31018:31399 [6] NCCL INFO NCCL_SHARP_GROUP_SIZE_THRESH set by environment to 3.
ip-0A230417:74608:74809 [7] NCCL INFO CollNet 07 : 39 [receive] via COLLNET/SHARP/7/GDRDMA
ip-0A230406:31019:31237 [7] NCCL INFO CollNet 07 : 47 [receive] via COLLNET/SHARP/7/GDRDMA
ip-0A230408:48728:49110 [6] NCCL INFO NCCL_SHARP_GROUP_SIZE_THRESH set by environment to 3.
ip-0A230408:48726:48941 [7] NCCL INFO CollNet 07 : 55 [receive] via COLLNET/SHARP/7/GDRDMA
[ip-0A23040D:0:25261 - context.c:584] INFO job (ID: 2524863201816930968) resource request quota: ( osts:0 user_data_per_ost:0 max_groups:0 max_qps:1 max_group_channels:1, num_trees:1)
[ip-0A23040D:0:25261 unique id 0] ERROR No Aggregation Manager (sharp_am) detected in sharp_create_job.

[ip-0A23040D:0:25261 - context.c:601] ERROR sharp_create_job failed: No Aggregation Manager (sharp_am) detected(-52)
ip-0A230417:74603:74980 [6] NCCL INFO Sharp rank 4/7 initialized on mlx5_ib6:1

ip-0A230417:74603:74980 [6] sharp_plugin.c:288 NCCL WARN NET/IB :SHARP coll init error: Cannot create SHArP job(-11)

ip-0A230417:74603:74980 [6] NCCL INFO include/coll_net.h:21 -> 3
ip-0A230414:70908:71287 [6] NCCL INFO Sharp rank 3/7 initialized on mlx5_ib6:1

ip-0A230414:70908:71287 [6] sharp_plugin.c:288 NCCL WARN NET/IB :SHARP coll init error: Cannot create SHArP job(-11)

ip-0A230414:70908:71287 [6] NCCL INFO include/coll_net.h:21 -> 3
ip-0A230408:48728:49110 [6] NCCL INFO Sharp rank 6/7 initialized on mlx5_ib6:1

ip-0A230408:48728:49110 [6] sharp_plugin.c:288 NCCL WARN NET/IB :SHARP coll init error: Cannot create SHArP job(-11)

ip-0A230408:48728:49110 [6] NCCL INFO include/coll_net.h:21 -> 3
ip-0A230412:84397:84775 [6] NCCL INFO Sharp rank 2/7 initialized on mlx5_ib6:1

ip-0A230412:84397:84775 [6] sharp_plugin.c:288 NCCL WARN NET/IB :SHARP coll init error: Cannot create SHArP job(-11)

ip-0A230412:84397:84775 [6] NCCL INFO include/coll_net.h:21 -> 3
ip-0A230406:31018:31399 [6] NCCL INFO Sharp rank 5/7 initialized on mlx5_ib6:1

ip-0A230406:31018:31399 [6] sharp_plugin.c:288 NCCL WARN NET/IB :SHARP coll init error: Cannot create SHArP job(-11)

ip-0A230406:31018:31399 [6] NCCL INFO include/coll_net.h:21 -> 3
ip-0A23040F:90095:90462 [6] NCCL INFO Sharp rank 1/7 initialized on mlx5_ib6:1

ip-0A23040F:90095:90462 [6] sharp_plugin.c:288 NCCL WARN NET/IB :SHARP coll init error: Cannot create SHArP job(-11)

ip-0A23040F:90095:90462 [6] NCCL INFO include/coll_net.h:21 -> 3
ip-0A230417:74603:74814 [6] NCCL INFO transport.cc:222 -> 2
ip-0A230414:70908:71122 [6] NCCL INFO transport.cc:222 -> 2
ip-0A230408:48728:48939 [6] NCCL INFO transport.cc:222 -> 2
ip-0A230412:84397:84608 [6] NCCL INFO transport.cc:222 -> 2
ip-0A23040F:90095:90305 [6] NCCL INFO transport.cc:222 -> 2
ip-0A230406:31018:31231 [6] NCCL INFO transport.cc:222 -> 2
ip-0A23040D:25261:25638 [6] NCCL INFO Sharp rank 0/7 initialized on mlx5_ib6:1

ip-0A23040D:25261:25638 [6] sharp_plugin.c:288 NCCL WARN NET/IB :SHARP coll init error: Cannot create SHArP job(-11)

ip-0A23040D:25261:25638 [6] NCCL INFO include/coll_net.h:21 -> 3
ip-0A23040D:25261:25474 [6] NCCL INFO transport.cc:222 -> 2
ip-0A23040D:25266:25632 [7] NCCL INFO NCCL_SHARP_GROUP_SIZE_THRESH set by environment to 3.
ip-0A23040F:90094:90466 [7] NCCL INFO NCCL_SHARP_GROUP_SIZE_THRESH set by environment to 3.
ip-0A230412:84398:84776 [7] NCCL INFO NCCL_SHARP_GROUP_SIZE_THRESH set by environment to 3.
ip-0A230414:70911:71293 [7] NCCL INFO NCCL_SHARP_GROUP_SIZE_THRESH set by environment to 3.
ip-0A230417:74608:74979 [7] NCCL INFO NCCL_SHARP_GROUP_SIZE_THRESH set by environment to 3.
ip-0A230406:31019:31397 [7] NCCL INFO NCCL_SHARP_GROUP_SIZE_THRESH set by environment to 3.
ip-0A230408:48726:49104 [7] NCCL INFO NCCL_SHARP_GROUP_SIZE_THRESH set by environment to 3.
[ip-0A23040D:0:25266 - context.c:584] INFO job (ID: 2524862656643607127) resource request quota: ( osts:0 user_data_per_ost:0 max_groups:0 max_qps:1 max_group_channels:1, num_trees:1)
[ip-0A23040D:0:25266 unique id 0] ERROR No Aggregation Manager (sharp_am) detected in sharp_create_job.

[ip-0A23040D:0:25266 - context.c:601] ERROR sharp_create_job failed: No Aggregation Manager (sharp_am) detected(-52)
ip-0A230408:48726:49104 [7] NCCL INFO Sharp rank 6/7 initialized on mlx5_ib7:1

ip-0A230408:48726:49104 [7] sharp_plugin.c:288 NCCL WARN NET/IB :SHARP coll init error: Cannot create SHArP job(-11)

ip-0A230408:48726:49104 [7] NCCL INFO include/coll_net.h:21 -> 3
ip-0A230412:84398:84776 [7] NCCL INFO Sharp rank 2/7 initialized on mlx5_ib7:1

ip-0A230412:84398:84776 [7] sharp_plugin.c:288 NCCL WARN NET/IB :SHARP coll init error: Cannot create SHArP job(-11)

ip-0A230412:84398:84776 [7] NCCL INFO include/coll_net.h:21 -> 3
ip-0A230412:84398:84610 [7] NCCL INFO transport.cc:222 -> 2
ip-0A230408:48726:48941 [7] NCCL INFO transport.cc:222 -> 2
ip-0A230406:31019:31397 [7] NCCL INFO Sharp rank 5/7 initialized on mlx5_ib7:1

ip-0A230406:31019:31397 [7] sharp_plugin.c:288 NCCL WARN NET/IB :SHARP coll init error: Cannot create SHArP job(-11)

ip-0A230406:31019:31397 [7] NCCL INFO include/coll_net.h:21 -> 3
ip-0A230417:74608:74979 [7] NCCL INFO Sharp rank 4/7 initialized on mlx5_ib7:1

ip-0A230417:74608:74979 [7] sharp_plugin.c:288 NCCL WARN NET/IB :SHARP coll init error: Cannot create SHArP job(-11)

ip-0A230417:74608:74979 [7] NCCL INFO include/coll_net.h:21 -> 3
ip-0A23040F:90094:90466 [7] NCCL INFO Sharp rank 1/7 initialized on mlx5_ib7:1

ip-0A23040F:90094:90466 [7] sharp_plugin.c:288 NCCL WARN NET/IB :SHARP coll init error: Cannot create SHArP job(-11)

ip-0A23040F:90094:90466 [7] NCCL INFO include/coll_net.h:21 -> 3
ip-0A230414:70911:71293 [7] NCCL INFO Sharp rank 3/7 initialized on mlx5_ib7:1

ip-0A230414:70911:71293 [7] sharp_plugin.c:288 NCCL WARN NET/IB :SHARP coll init error: Cannot create SHArP job(-11)

ip-0A230414:70911:71293 [7] NCCL INFO include/coll_net.h:21 -> 3
ip-0A230408:48726:48941 [7] NCCL INFO init.cc:765 -> 2
ip-0A230408:48726:48941 [7] NCCL INFO threadThresholds 8/8/64 | 448/8/64 | 8/8/512
ip-0A230412:84398:84610 [7] NCCL INFO init.cc:765 -> 2
ip-0A230412:84398:84610 [7] NCCL INFO threadThresholds 8/8/64 | 448/8/64 | 8/8/512

ip-0A230412:84396:84604 [0] transport.cc:253 NCCL WARN Cannot initialize CollNet, using point-to-point network instead
ip-0A230412:84396:84604 [0] NCCL INFO init.cc:765 -> 2
ip-0A230412:84395:84606 [1] NCCL INFO init.cc:765 -> 2
ip-0A230412:84392:84603 [2] NCCL INFO init.cc:765 -> 2
ip-0A230412:84392:84603 [2] NCCL INFO threadThresholds 8/8/64 | 448/8/64 | 8/8/512
ip-0A230412:84393:84605 [3] NCCL INFO init.cc:765 -> 2
ip-0A230412:84393:84605 [3] NCCL INFO threadThresholds 8/8/64 | 448/8/64 | 8/8/512
ip-0A230408:48725:48944 [1] NCCL INFO init.cc:765 -> 2
ip-0A230412:84399:84609 [4] NCCL INFO init.cc:765 -> 2
ip-0A230412:84399:84609 [4] NCCL INFO threadThresholds 8/8/64 | 448/8/64 | 8/8/512
ip-0A230408:48723:48946 [3] NCCL INFO init.cc:765 -> 2
ip-0A230412:84394:84607 [5] NCCL INFO init.cc:765 -> 2
ip-0A230412:84394:84607 [5] NCCL INFO threadThresholds 8/8/64 | 448/8/64 | 8/8/512

ip-0A230408:48729:48943 [0] transport.cc:253 NCCL WARN Cannot initialize CollNet, using point-to-point network instead
ip-0A230408:48729:48943 [0] NCCL INFO init.cc:765 -> 2
ip-0A230408:48729:48943 [0] NCCL INFO threadThresholds 8/8/64 | 448/8/64 | 8/8/512
ip-0A230412:84397:84608 [6] NCCL INFO init.cc:765 -> 2
ip-0A230412:84397:84608 [6] NCCL INFO threadThresholds 8/8/64 | 448/8/64 | 8/8/512
ip-0A230408:48725:48944 [1] NCCL INFO threadThresholds 8/8/64 | 448/8/64 | 8/8/512
ip-0A230412:84396:84604 [0] NCCL INFO threadThresholds 8/8/64 | 448/8/64 | 8/8/512
ip-0A230408:48727:48945 [2] NCCL INFO init.cc:765 -> 2
ip-0A230408:48727:48945 [2] NCCL INFO threadThresholds 8/8/64 | 448/8/64 | 8/8/512
ip-0A230412:84395:84606 [1] NCCL INFO threadThresholds 8/8/64 | 448/8/64 | 8/8/512
ip-0A230408:48723:48946 [3] NCCL INFO threadThresholds 8/8/64 | 448/8/64 | 8/8/512
ip-0A230408:48724:48940 [4] NCCL INFO init.cc:765 -> 2
ip-0A230408:48724:48940 [4] NCCL INFO threadThresholds 8/8/64 | 448/8/64 | 8/8/512
ip-0A230408:48722:48942 [5] NCCL INFO init.cc:765 -> 2
ip-0A230408:48722:48942 [5] NCCL INFO threadThresholds 8/8/64 | 448/8/64 | 8/8/512
ip-0A230408:48728:48939 [6] NCCL INFO init.cc:765 -> 2
ip-0A230408:48728:48939 [6] NCCL INFO threadThresholds 8/8/64 | 448/8/64 | 8/8/512
ip-0A230406:31019:31237 [7] NCCL INFO transport.cc:222 -> 2
ip-0A23040F:90094:90307 [7] NCCL INFO transport.cc:222 -> 2
ip-0A230414:70911:71126 [7] NCCL INFO transport.cc:222 -> 2
ip-0A230406:31019:31237 [7] NCCL INFO init.cc:765 -> 2
ip-0A230417:74608:74809 [7] NCCL INFO transport.cc:222 -> 2
ip-0A23040F:90094:90307 [7] NCCL INFO init.cc:765 -> 2
ip-0A230414:70907:71123 [2] NCCL INFO init.cc:765 -> 2

ip-0A230406:31013:31235 [0] transport.cc:253 NCCL WARN Cannot initialize CollNet, using point-to-point network instead
ip-0A230417:74608:74809 [7] NCCL INFO init.cc:765 -> 2
ip-0A230417:74608:74809 [7] NCCL INFO threadThresholds 8/8/64 | 448/8/64 | 8/8/512
ip-0A23040F:90094:90307 [7] NCCL INFO threadThresholds 8/8/64 | 448/8/64 | 8/8/512
ip-0A230414:70911:71126 [7] NCCL INFO init.cc:765 -> 2
ip-0A230414:70911:71126 [7] NCCL INFO threadThresholds 8/8/64 | 448/8/64 | 8/8/512
ip-0A230406:31019:31237 [7] NCCL INFO threadThresholds 8/8/64 | 448/8/64 | 8/8/512

ip-0A230417:74605:74812 [0] transport.cc:253 NCCL WARN Cannot initialize CollNet, using point-to-point network instead
ip-0A230417:74605:74812 [0] NCCL INFO init.cc:765 -> 2
ip-0A23040F:90098:90309 [2] NCCL INFO init.cc:765 -> 2

ip-0A230414:70910:71124 [0] transport.cc:253 NCCL WARN Cannot initialize CollNet, using point-to-point network instead
ip-0A230414:70910:71124 [0] NCCL INFO init.cc:765 -> 2
ip-0A230414:70910:71124 [0] NCCL INFO threadThresholds 8/8/64 | 448/8/64 | 8/8/512
ip-0A230406:31013:31235 [0] NCCL INFO init.cc:765 -> 2
ip-0A230417:74606:74813 [1] NCCL INFO init.cc:765 -> 2
ip-0A23040F:90092:90308 [1] NCCL INFO init.cc:765 -> 2
ip-0A230406:31014:31232 [1] NCCL INFO init.cc:765 -> 2
ip-0A230417:74603:74814 [6] NCCL INFO init.cc:765 -> 2
ip-0A230417:74603:74814 [6] NCCL INFO threadThresholds 8/8/64 | 448/8/64 | 8/8/512
ip-0A230406:31020:31233 [2] NCCL INFO init.cc:765 -> 2
ip-0A230417:74605:74812 [0] NCCL INFO threadThresholds 8/8/64 | 448/8/64 | 8/8/512
ip-0A230406:31013:31235 [0] NCCL INFO threadThresholds 8/8/64 | 448/8/64 | 8/8/512
ip-0A230417:74606:74813 [1] NCCL INFO threadThresholds 8/8/64 | 448/8/64 | 8/8/512
ip-0A230417:74609:74810 [2] NCCL INFO init.cc:765 -> 2
ip-0A230417:74609:74810 [2] NCCL INFO threadThresholds 8/8/64 | 448/8/64 | 8/8/512
ip-0A230417:74604:74807 [3] NCCL INFO init.cc:765 -> 2
ip-0A230417:74604:74807 [3] NCCL INFO threadThresholds 8/8/64 | 448/8/64 | 8/8/512
ip-0A230417:74602:74808 [4] NCCL INFO init.cc:765 -> 2
ip-0A230417:74602:74808 [4] NCCL INFO threadThresholds 8/8/64 | 448/8/64 | 8/8/512
ip-0A230417:74601:74811 [5] NCCL INFO init.cc:765 -> 2
ip-0A230417:74601:74811 [5] NCCL INFO threadThresholds 8/8/64 | 448/8/64 | 8/8/512
ip-0A230406:31014:31232 [1] NCCL INFO threadThresholds 8/8/64 | 448/8/64 | 8/8/512
ip-0A23040F:90097:90310 [3] NCCL INFO init.cc:765 -> 2
ip-0A230414:70913:71128 [1] NCCL INFO init.cc:765 -> 2
ip-0A230414:70913:71128 [1] NCCL INFO threadThresholds 8/8/64 | 448/8/64 | 8/8/512
ip-0A230406:31020:31233 [2] NCCL INFO threadThresholds 8/8/64 | 448/8/64 | 8/8/512

ip-0A23040F:90093:90303 [0] transport.cc:253 NCCL WARN Cannot initialize CollNet, using point-to-point network instead
