ip-0A230417:26469:26646 [6] NCCL INFO Channel 23 : 38[d00000] -> 32[100000] via P2P/IPC/read
ip-0A230417:26446:26647 [5] NCCL INFO Channel 13 : 37[c00000] -> 36[b00000] via P2P/IPC/read
ip-0A230417:26446:26647 [5] NCCL INFO Channel 20 : 37[c00000] -> 36[b00000] via P2P/IPC/read
ip-0A230417:26446:26647 [5] NCCL INFO Channel 21 : 37[c00000] -> 36[b00000] via P2P/IPC/read
ip-0A230417:26444:26650 [2] NCCL INFO Connected all trees
ip-0A230417:26445:26649 [3] NCCL INFO Connected all trees
ip-0A230417:26442:26648 [4] NCCL INFO Connected all trees
ip-0A230417:26446:26647 [5] NCCL INFO Connected all trees
ip-0A230417:26441:26645 [7] NCCL INFO Channel 06 : 39[e00000] -> 38[d00000] via P2P/IPC/read
ip-0A230417:26441:26645 [7] NCCL INFO Channel 07 : 39[e00000] -> 38[d00000] via P2P/IPC/read
ip-0A230417:26441:26645 [7] NCCL INFO Channel 14 : 39[e00000] -> 38[d00000] via P2P/IPC/read
ip-0A230417:26441:26645 [7] NCCL INFO Channel 15 : 39[e00000] -> 38[d00000] via P2P/IPC/read
ip-0A230417:26441:26645 [7] NCCL INFO Channel 22 : 39[e00000] -> 38[d00000] via P2P/IPC/read
ip-0A230417:26441:26645 [7] NCCL INFO Channel 23 : 39[e00000] -> 38[d00000] via P2P/IPC/read
ip-0A230417:26439:26644 [0] NCCL INFO Connected all trees
ip-0A230417:26440:26651 [1] NCCL INFO Connected all trees
ip-0A230417:26441:26645 [7] NCCL INFO Connected all trees
ip-0A230417:26469:26646 [6] NCCL INFO Connected all trees
ip-0A230417:26439:26644 [0] NCCL INFO CollNet 00 : 32 [receive] via COLLNET/SHARP/0/GDRDMA
ip-0A230414:22747:22953 [4] NCCL INFO Channel 13/0 : 28[b00000] -> 21[c00000] [send] via NET/IBext/5/GDRDMA
ip-0A230412:36159:36375 [2] NCCL INFO Channel 03/0 : 18[300000] -> 11[400000] [send] via NET/IBext/3/GDRDMA
ip-0A230412:36159:36375 [2] NCCL INFO Channel 19/0 : 18[300000] -> 11[400000] [send] via NET/IBext/3/GDRDMA
ip-0A23040F:42505:42707 [6] NCCL INFO Channel 07 : 14[d00000] -> 8[100000] via P2P/IPC/read
ip-0A23040F:42505:42707 [6] NCCL INFO Channel 15 : 14[d00000] -> 8[100000] via P2P/IPC/read
ip-0A230414:22749:22951 [2] NCCL INFO Connected all trees
ip-0A23040F:42505:42707 [6] NCCL INFO Channel 23 : 14[d00000] -> 8[100000] via P2P/IPC/read
ip-0A230414:22743:22950 [3] NCCL INFO Connected all trees
ip-0A230414:22741:22947 [6] NCCL INFO Channel 15/0 : 30[d00000] -> 23[e00000] [send] via NET/IBext/7/GDRDMA
ip-0A230412:36160:36370 [5] NCCL INFO Channel 05/0 : 29[c00000] -> 21[c00000] [receive] via NET/IBext/5/GDRDMA
ip-0A230412:36160:36370 [5] NCCL INFO Channel 21/0 : 29[c00000] -> 21[c00000] [receive] via NET/IBext/5/GDRDMA
ip-0A230412:36158:36372 [3] NCCL INFO Channel 02 : 19[400000] -> 18[300000] via P2P/IPC/read
ip-0A230412:36158:36372 [3] NCCL INFO Channel 03 : 19[400000] -> 18[300000] via P2P/IPC/read
ip-0A230412:36155:36377 [7] NCCL INFO Channel 07/0 : 31[e00000] -> 23[e00000] [receive] via NET/IBext/7/GDRDMA
ip-0A230412:36155:36377 [7] NCCL INFO Channel 23/0 : 31[e00000] -> 23[e00000] [receive] via NET/IBext/7/GDRDMA
ip-0A230412:36158:36372 [3] NCCL INFO Channel 10 : 19[400000] -> 18[300000] via P2P/IPC/read
ip-0A230412:36157:36371 [4] NCCL INFO Channel 05/0 : 20[b00000] -> 13[c00000] [send] via NET/IBext/5/GDRDMA
ip-0A230412:36157:36371 [4] NCCL INFO Channel 21/0 : 20[b00000] -> 13[c00000] [send] via NET/IBext/5/GDRDMA
ip-0A230412:36158:36372 [3] NCCL INFO Channel 11 : 19[400000] -> 18[300000] via P2P/IPC/read
ip-0A23040F:42503:42711 [3] NCCL INFO Channel 02 : 11[400000] -> 10[300000] via P2P/IPC/read
ip-0A23040F:42503:42711 [3] NCCL INFO Channel 03 : 11[400000] -> 10[300000] via P2P/IPC/read
ip-0A23040F:42503:42711 [3] NCCL INFO Channel 10 : 11[400000] -> 10[300000] via P2P/IPC/read
ip-0A23040F:42503:42711 [3] NCCL INFO Channel 11 : 11[400000] -> 10[300000] via P2P/IPC/read
ip-0A23040F:42503:42711 [3] NCCL INFO Channel 18 : 11[400000] -> 10[300000] via P2P/IPC/read
ip-0A23040F:42503:42711 [3] NCCL INFO Channel 19 : 11[400000] -> 10[300000] via P2P/IPC/read
ip-0A23040F:42503:42711 [3] NCCL INFO Connected all trees
ip-0A23040F:42501:42713 [2] NCCL INFO Connected all trees
ip-0A230412:36158:36372 [3] NCCL INFO Channel 18 : 19[400000] -> 18[300000] via P2P/IPC/read
ip-0A230414:22748:22948 [5] NCCL INFO Channel 04 : 29[c00000] -> 28[b00000] via P2P/IPC/read
ip-0A230412:36158:36372 [3] NCCL INFO Channel 19 : 19[400000] -> 18[300000] via P2P/IPC/read
ip-0A230414:22748:22948 [5] NCCL INFO Channel 05 : 29[c00000] -> 28[b00000] via P2P/IPC/read
ip-0A230414:22748:22948 [5] NCCL INFO Channel 12 : 29[c00000] -> 28[b00000] via P2P/IPC/read
ip-0A230414:22748:22948 [5] NCCL INFO Channel 13 : 29[c00000] -> 28[b00000] via P2P/IPC/read
ip-0A230414:22748:22948 [5] NCCL INFO Channel 20 : 29[c00000] -> 28[b00000] via P2P/IPC/read
ip-0A230414:22748:22948 [5] NCCL INFO Channel 21 : 29[c00000] -> 28[b00000] via P2P/IPC/read
ip-0A230412:36178:36376 [6] NCCL INFO Channel 07/0 : 22[d00000] -> 15[e00000] [send] via NET/IBext/7/GDRDMA
ip-0A230412:36178:36376 [6] NCCL INFO Channel 23/0 : 22[d00000] -> 15[e00000] [send] via NET/IBext/7/GDRDMA
ip-0A230414:22742:22954 [7] NCCL INFO Channel 02 : 31[e00000] -> 24[100000] via P2P/IPC/read
ip-0A230414:22742:22954 [7] NCCL INFO Channel 03 : 31[e00000] -> 24[100000] via P2P/IPC/read
ip-0A230414:22742:22954 [7] NCCL INFO Channel 04 : 31[e00000] -> 24[100000] via P2P/IPC/read
ip-0A230414:22742:22954 [7] NCCL INFO Channel 05 : 31[e00000] -> 24[100000] via P2P/IPC/read
ip-0A230414:22742:22954 [7] NCCL INFO Channel 06 : 31[e00000] -> 24[100000] via P2P/IPC/read
ip-0A230414:22742:22954 [7] NCCL INFO Channel 10 : 31[e00000] -> 24[100000] via P2P/IPC/read
ip-0A230414:22742:22954 [7] NCCL INFO Channel 11 : 31[e00000] -> 24[100000] via P2P/IPC/read
ip-0A230414:22742:22954 [7] NCCL INFO Channel 12 : 31[e00000] -> 24[100000] via P2P/IPC/read
ip-0A230414:22742:22954 [7] NCCL INFO Channel 13 : 31[e00000] -> 24[100000] via P2P/IPC/read
ip-0A230414:22742:22954 [7] NCCL INFO Channel 14 : 31[e00000] -> 24[100000] via P2P/IPC/read
ip-0A230414:22742:22954 [7] NCCL INFO Channel 18 : 31[e00000] -> 24[100000] via P2P/IPC/read
ip-0A230414:22742:22954 [7] NCCL INFO Channel 19 : 31[e00000] -> 24[100000] via P2P/IPC/read
ip-0A230414:22742:22954 [7] NCCL INFO Channel 20 : 31[e00000] -> 24[100000] via P2P/IPC/read
ip-0A230414:22742:22954 [7] NCCL INFO Channel 21 : 31[e00000] -> 24[100000] via P2P/IPC/read
ip-0A230414:22742:22954 [7] NCCL INFO Channel 22 : 31[e00000] -> 24[100000] via P2P/IPC/read
ip-0A230414:22742:22954 [7] NCCL INFO Channel 06 : 31[e00000] -> 30[d00000] via P2P/IPC/read
ip-0A230414:22742:22954 [7] NCCL INFO Channel 07 : 31[e00000] -> 30[d00000] via P2P/IPC/read
ip-0A230414:22742:22954 [7] NCCL INFO Channel 14 : 31[e00000] -> 30[d00000] via P2P/IPC/read
ip-0A230414:22742:22954 [7] NCCL INFO Channel 15 : 31[e00000] -> 30[d00000] via P2P/IPC/read
ip-0A230414:22742:22954 [7] NCCL INFO Channel 22 : 31[e00000] -> 30[d00000] via P2P/IPC/read
ip-0A230414:22742:22954 [7] NCCL INFO Channel 23 : 31[e00000] -> 30[d00000] via P2P/IPC/read
ip-0A23040F:42500:42708 [5] NCCL INFO Channel 04 : 13[c00000] -> 12[b00000] via P2P/IPC/read
ip-0A23040F:42500:42708 [5] NCCL INFO Channel 05 : 13[c00000] -> 12[b00000] via P2P/IPC/read
ip-0A23040F:42500:42708 [5] NCCL INFO Channel 12 : 13[c00000] -> 12[b00000] via P2P/IPC/read
ip-0A23040F:42500:42708 [5] NCCL INFO Channel 13 : 13[c00000] -> 12[b00000] via P2P/IPC/read
ip-0A23040F:42500:42708 [5] NCCL INFO Channel 20 : 13[c00000] -> 12[b00000] via P2P/IPC/read
ip-0A23040F:42500:42708 [5] NCCL INFO Channel 21 : 13[c00000] -> 12[b00000] via P2P/IPC/read
ip-0A23040F:42500:42708 [5] NCCL INFO Connected all trees
ip-0A23040F:42507:42706 [4] NCCL INFO Connected all trees
ip-0A230412:36160:36370 [5] NCCL INFO Channel 13/0 : 28[b00000] -> 21[c00000] [receive] via NET/IBext/5/GDRDMA
ip-0A230414:22747:22953 [4] NCCL INFO Connected all trees
ip-0A230414:22748:22948 [5] NCCL INFO Connected all trees
ip-0A230412:36154:36373 [1] NCCL INFO Channel 00 : 17[200000] -> 16[100000] via P2P/IPC/read
ip-0A230412:36154:36373 [1] NCCL INFO Channel 01 : 17[200000] -> 16[100000] via P2P/IPC/read
ip-0A230412:36154:36373 [1] NCCL INFO Channel 08 : 17[200000] -> 16[100000] via P2P/IPC/read
ip-0A23040F:42502:42712 [7] NCCL INFO Channel 06 : 15[e00000] -> 14[d00000] via P2P/IPC/read
ip-0A23040F:42502:42712 [7] NCCL INFO Channel 07 : 15[e00000] -> 14[d00000] via P2P/IPC/read
ip-0A23040F:42502:42712 [7] NCCL INFO Channel 14 : 15[e00000] -> 14[d00000] via P2P/IPC/read
ip-0A23040F:42502:42712 [7] NCCL INFO Channel 15 : 15[e00000] -> 14[d00000] via P2P/IPC/read
ip-0A23040F:42502:42712 [7] NCCL INFO Channel 22 : 15[e00000] -> 14[d00000] via P2P/IPC/read
ip-0A23040F:42502:42712 [7] NCCL INFO Channel 23 : 15[e00000] -> 14[d00000] via P2P/IPC/read
ip-0A23040F:42502:42712 [7] NCCL INFO Connected all trees
ip-0A23040F:42505:42707 [6] NCCL INFO Connected all trees
ip-0A230412:36159:36375 [2] NCCL INFO Connected all trees
ip-0A230412:36154:36373 [1] NCCL INFO Channel 09 : 17[200000] -> 16[100000] via P2P/IPC/read
ip-0A230412:36158:36372 [3] NCCL INFO Connected all trees
ip-0A230412:36154:36373 [1] NCCL INFO Channel 16 : 17[200000] -> 16[100000] via P2P/IPC/read
ip-0A230412:36178:36376 [6] NCCL INFO Channel 07 : 22[d00000] -> 16[100000] via P2P/IPC/read
ip-0A230412:36155:36377 [7] NCCL INFO Channel 15/0 : 30[d00000] -> 23[e00000] [receive] via NET/IBext/7/GDRDMA
ip-0A230412:36155:36377 [7] NCCL INFO Channel 02 : 23[e00000] -> 16[100000] via P2P/IPC/read
ip-0A230412:36154:36373 [1] NCCL INFO Channel 17 : 17[200000] -> 16[100000] via P2P/IPC/read
ip-0A230412:36178:36376 [6] NCCL INFO Channel 15 : 22[d00000] -> 16[100000] via P2P/IPC/read
ip-0A230412:36160:36370 [5] NCCL INFO Channel 04 : 21[c00000] -> 20[b00000] via P2P/IPC/read
ip-0A230412:36155:36377 [7] NCCL INFO Channel 03 : 23[e00000] -> 16[100000] via P2P/IPC/read
ip-0A230412:36178:36376 [6] NCCL INFO Channel 23 : 22[d00000] -> 16[100000] via P2P/IPC/read
ip-0A230412:36160:36370 [5] NCCL INFO Channel 05 : 21[c00000] -> 20[b00000] via P2P/IPC/read
ip-0A230412:36155:36377 [7] NCCL INFO Channel 04 : 23[e00000] -> 16[100000] via P2P/IPC/read
ip-0A230412:36160:36370 [5] NCCL INFO Channel 12 : 21[c00000] -> 20[b00000] via P2P/IPC/read
ip-0A230412:36155:36377 [7] NCCL INFO Channel 05 : 23[e00000] -> 16[100000] via P2P/IPC/read
ip-0A230412:36160:36370 [5] NCCL INFO Channel 13 : 21[c00000] -> 20[b00000] via P2P/IPC/read
ip-0A230412:36155:36377 [7] NCCL INFO Channel 06 : 23[e00000] -> 16[100000] via P2P/IPC/read
ip-0A230412:36160:36370 [5] NCCL INFO Channel 20 : 21[c00000] -> 20[b00000] via P2P/IPC/read
ip-0A230412:36155:36377 [7] NCCL INFO Channel 10 : 23[e00000] -> 16[100000] via P2P/IPC/read
ip-0A230412:36160:36370 [5] NCCL INFO Channel 21 : 21[c00000] -> 20[b00000] via P2P/IPC/read
ip-0A230412:36155:36377 [7] NCCL INFO Channel 11 : 23[e00000] -> 16[100000] via P2P/IPC/read
ip-0A230412:36155:36377 [7] NCCL INFO Channel 12 : 23[e00000] -> 16[100000] via P2P/IPC/read
ip-0A230412:36155:36377 [7] NCCL INFO Channel 13 : 23[e00000] -> 16[100000] via P2P/IPC/read
ip-0A230412:36155:36377 [7] NCCL INFO Channel 14 : 23[e00000] -> 16[100000] via P2P/IPC/read
ip-0A230412:36155:36377 [7] NCCL INFO Channel 18 : 23[e00000] -> 16[100000] via P2P/IPC/read
ip-0A230412:36160:36370 [5] NCCL INFO Connected all trees
ip-0A230412:36157:36371 [4] NCCL INFO Connected all trees
ip-0A230412:36155:36377 [7] NCCL INFO Channel 19 : 23[e00000] -> 16[100000] via P2P/IPC/read
ip-0A230412:36155:36377 [7] NCCL INFO Channel 20 : 23[e00000] -> 16[100000] via P2P/IPC/read
ip-0A230412:36155:36377 [7] NCCL INFO Channel 21 : 23[e00000] -> 16[100000] via P2P/IPC/read
ip-0A230412:36155:36377 [7] NCCL INFO Channel 22 : 23[e00000] -> 16[100000] via P2P/IPC/read
ip-0A230414:22741:22947 [6] NCCL INFO Channel 07 : 30[d00000] -> 24[100000] via P2P/IPC/read
ip-0A230414:22741:22947 [6] NCCL INFO Channel 15 : 30[d00000] -> 24[100000] via P2P/IPC/read
ip-0A230414:22741:22947 [6] NCCL INFO Channel 23 : 30[d00000] -> 24[100000] via P2P/IPC/read
ip-0A230414:22741:22947 [6] NCCL INFO Connected all trees
ip-0A230414:22742:22954 [7] NCCL INFO Connected all trees
ip-0A230414:22745:22952 [0] NCCL INFO Connected all trees
ip-0A230414:22744:22949 [1] NCCL INFO Connected all trees
ip-0A230414:22745:22952 [0] NCCL INFO CollNet 00 : 24 [receive] via COLLNET/SHARP/0/GDRDMA
ip-0A230412:36155:36377 [7] NCCL INFO Channel 06 : 23[e00000] -> 22[d00000] via P2P/IPC/read
ip-0A230412:36155:36377 [7] NCCL INFO Channel 07 : 23[e00000] -> 22[d00000] via P2P/IPC/read
ip-0A230412:36155:36377 [7] NCCL INFO Channel 14 : 23[e00000] -> 22[d00000] via P2P/IPC/read
ip-0A230412:36155:36377 [7] NCCL INFO Channel 15 : 23[e00000] -> 22[d00000] via P2P/IPC/read
ip-0A230412:36155:36377 [7] NCCL INFO Channel 22 : 23[e00000] -> 22[d00000] via P2P/IPC/read
ip-0A230412:36155:36377 [7] NCCL INFO Channel 23 : 23[e00000] -> 22[d00000] via P2P/IPC/read
ip-0A230412:36156:36374 [0] NCCL INFO Connected all trees
ip-0A230412:36154:36373 [1] NCCL INFO Connected all trees
ip-0A230412:36178:36376 [6] NCCL INFO Connected all trees
ip-0A230412:36155:36377 [7] NCCL INFO Connected all trees
ip-0A230412:36156:36374 [0] NCCL INFO CollNet 00 : 16 [receive] via COLLNET/SHARP/0/GDRDMA
ip-0A23040F:42504:42709 [1] NCCL INFO Channel 00 : 9[200000] -> 8[100000] via P2P/IPC/read
ip-0A23040F:42504:42709 [1] NCCL INFO Channel 01 : 9[200000] -> 8[100000] via P2P/IPC/read
ip-0A23040F:42504:42709 [1] NCCL INFO Channel 08 : 9[200000] -> 8[100000] via P2P/IPC/read
ip-0A23040F:42504:42709 [1] NCCL INFO Channel 09 : 9[200000] -> 8[100000] via P2P/IPC/read
ip-0A23040F:42504:42709 [1] NCCL INFO Channel 16 : 9[200000] -> 8[100000] via P2P/IPC/read
ip-0A23040F:42504:42709 [1] NCCL INFO Channel 17 : 9[200000] -> 8[100000] via P2P/IPC/read
ip-0A23040F:42504:42709 [1] NCCL INFO Connected all trees
ip-0A23040F:42506:42710 [0] NCCL INFO Connected all trees
ip-0A23040F:42506:42710 [0] NCCL INFO CollNet 00 : 8 [receive] via COLLNET/SHARP/0/GDRDMA
ip-0A230412:36156:36539 [0] NCCL INFO NCCL_SHARP_GROUP_SIZE_THRESH set by environment to 3.
ip-0A230412:36154:36373 [1] NCCL INFO CollNet 01 : 17 [receive] via COLLNET/SHARP/1/GDRDMA
ip-0A230414:22745:23118 [0] NCCL INFO NCCL_SHARP_GROUP_SIZE_THRESH set by environment to 3.
ip-0A230417:26439:26814 [0] NCCL INFO NCCL_SHARP_GROUP_SIZE_THRESH set by environment to 3.
ip-0A230406:77492:77868 [0] NCCL INFO NCCL_SHARP_GROUP_SIZE_THRESH set by environment to 3.
ip-0A230414:22744:22949 [1] NCCL INFO CollNet 01 : 25 [receive] via COLLNET/SHARP/1/GDRDMA
ip-0A230408:95301:95674 [0] NCCL INFO NCCL_SHARP_GROUP_SIZE_THRESH set by environment to 3.
ip-0A230417:26440:26651 [1] NCCL INFO CollNet 01 : 33 [receive] via COLLNET/SHARP/1/GDRDMA
ip-0A230406:77498:77710 [1] NCCL INFO CollNet 01 : 41 [receive] via COLLNET/SHARP/1/GDRDMA
ip-0A230408:95300:95517 [1] NCCL INFO CollNet 01 : 49 [receive] via COLLNET/SHARP/1/GDRDMA
ip-0A23040D:75587:75961 [0] NCCL INFO NCCL_SHARP_GROUP_SIZE_THRESH set by environment to 3.
ip-0A23040D:75594:75794 [1] NCCL INFO CollNet 01 : 1 [receive] via COLLNET/SHARP/1/GDRDMA
ip-0A23040F:42506:42881 [0] NCCL INFO NCCL_SHARP_GROUP_SIZE_THRESH set by environment to 3.
ip-0A23040F:42504:42709 [1] NCCL INFO CollNet 01 : 9 [receive] via COLLNET/SHARP/1/GDRDMA
[ip-0A23040D:0:75587 - context.c:584] INFO job (ID: 2524862514593928445) resource request quota: ( osts:0 user_data_per_ost:0 max_groups:0 max_qps:1 max_group_channels:1, num_trees:1)
[ip-0A23040D:0:75587 unique id 0] ERROR No Aggregation Manager (sharp_am) detected in sharp_create_job.

[ip-0A23040D:0:75587 - context.c:601] ERROR sharp_create_job failed: No Aggregation Manager (sharp_am) detected(-52)
ip-0A230408:95301:95674 [0] NCCL INFO Sharp rank 6/7 initialized on mlx5_ib0:1

ip-0A230408:95301:95674 [0] sharp_plugin.c:288 NCCL WARN NET/IB :SHARP coll init error: Cannot create SHArP job(-11)

ip-0A230408:95301:95674 [0] NCCL INFO include/coll_net.h:21 -> 3
ip-0A230414:22745:23118 [0] NCCL INFO Sharp rank 3/7 initialized on mlx5_ib0:1

ip-0A230414:22745:23118 [0] sharp_plugin.c:288 NCCL WARN NET/IB :SHARP coll init error: Cannot create SHArP job(-11)

ip-0A230414:22745:23118 [0] NCCL INFO include/coll_net.h:21 -> 3
ip-0A230408:95301:95513 [0] NCCL INFO transport.cc:222 -> 2
ip-0A230414:22745:22952 [0] NCCL INFO transport.cc:222 -> 2
ip-0A230406:77492:77868 [0] NCCL INFO Sharp rank 5/7 initialized on mlx5_ib0:1

ip-0A230406:77492:77868 [0] sharp_plugin.c:288 NCCL WARN NET/IB :SHARP coll init error: Cannot create SHArP job(-11)

ip-0A230406:77492:77868 [0] NCCL INFO include/coll_net.h:21 -> 3
ip-0A230417:26439:26814 [0] NCCL INFO Sharp rank 4/7 initialized on mlx5_ib0:1

ip-0A230417:26439:26814 [0] sharp_plugin.c:288 NCCL WARN NET/IB :SHARP coll init error: Cannot create SHArP job(-11)

ip-0A230417:26439:26814 [0] NCCL INFO include/coll_net.h:21 -> 3
ip-0A230412:36156:36539 [0] NCCL INFO Sharp rank 2/7 initialized on mlx5_ib0:1

ip-0A230412:36156:36539 [0] sharp_plugin.c:288 NCCL WARN NET/IB :SHARP coll init error: Cannot create SHArP job(-11)

ip-0A230412:36156:36539 [0] NCCL INFO include/coll_net.h:21 -> 3
ip-0A230417:26439:26644 [0] NCCL INFO transport.cc:222 -> 2
ip-0A230406:77492:77709 [0] NCCL INFO transport.cc:222 -> 2
ip-0A23040F:42506:42881 [0] NCCL INFO Sharp rank 1/7 initialized on mlx5_ib0:1

ip-0A23040F:42506:42881 [0] sharp_plugin.c:288 NCCL WARN NET/IB :SHARP coll init error: Cannot create SHArP job(-11)

ip-0A23040F:42506:42881 [0] NCCL INFO include/coll_net.h:21 -> 3
ip-0A23040F:42506:42710 [0] NCCL INFO transport.cc:222 -> 2
ip-0A230412:36156:36374 [0] NCCL INFO transport.cc:222 -> 2
ip-0A23040D:75587:75961 [0] NCCL INFO Sharp rank 0/7 initialized on mlx5_ib0:1

ip-0A23040D:75587:75961 [0] sharp_plugin.c:288 NCCL WARN NET/IB :SHARP coll init error: Cannot create SHArP job(-11)

ip-0A23040D:75587:75961 [0] NCCL INFO include/coll_net.h:21 -> 3
ip-0A23040D:75587:75799 [0] NCCL INFO transport.cc:222 -> 2
ip-0A23040D:75594:75964 [1] NCCL INFO NCCL_SHARP_GROUP_SIZE_THRESH set by environment to 3.
ip-0A23040D:75590:75798 [2] NCCL INFO CollNet 02 : 2 [receive] via COLLNET/SHARP/2/GDRDMA
ip-0A23040F:42504:42880 [1] NCCL INFO NCCL_SHARP_GROUP_SIZE_THRESH set by environment to 3.
ip-0A23040F:42501:42713 [2] NCCL INFO CollNet 02 : 10 [receive] via COLLNET/SHARP/2/GDRDMA
ip-0A230412:36154:36536 [1] NCCL INFO NCCL_SHARP_GROUP_SIZE_THRESH set by environment to 3.
ip-0A230414:22744:23117 [1] NCCL INFO NCCL_SHARP_GROUP_SIZE_THRESH set by environment to 3.
ip-0A230412:36159:36375 [2] NCCL INFO CollNet 02 : 18 [receive] via COLLNET/SHARP/2/GDRDMA
ip-0A230414:22749:22951 [2] NCCL INFO CollNet 02 : 26 [receive] via COLLNET/SHARP/2/GDRDMA
ip-0A230417:26440:26815 [1] NCCL INFO NCCL_SHARP_GROUP_SIZE_THRESH set by environment to 3.
ip-0A230417:26444:26650 [2] NCCL INFO CollNet 02 : 34 [receive] via COLLNET/SHARP/2/GDRDMA
ip-0A230406:77498:77870 [1] NCCL INFO NCCL_SHARP_GROUP_SIZE_THRESH set by environment to 3.
ip-0A230406:77494:77708 [2] NCCL INFO CollNet 02 : 42 [receive] via COLLNET/SHARP/2/GDRDMA
ip-0A230408:95300:95678 [1] NCCL INFO NCCL_SHARP_GROUP_SIZE_THRESH set by environment to 3.
ip-0A230408:95305:95516 [2] NCCL INFO CollNet 02 : 50 [receive] via COLLNET/SHARP/2/GDRDMA
[ip-0A23040D:0:75594 - context.c:584] INFO job (ID: 2524862769516822853) resource request quota: ( osts:0 user_data_per_ost:0 max_groups:0 max_qps:1 max_group_channels:1, num_trees:1)
[ip-0A23040D:0:75594 unique id 0] ERROR No Aggregation Manager (sharp_am) detected in sharp_create_job.

[ip-0A23040D:0:75594 - context.c:601] ERROR sharp_create_job failed: No Aggregation Manager (sharp_am) detected(-52)
ip-0A230412:36154:36536 [1] NCCL INFO Sharp rank 2/7 initialized on mlx5_ib1:1

ip-0A230412:36154:36536 [1] sharp_plugin.c:288 NCCL WARN NET/IB :SHARP coll init error: Cannot create SHArP job(-11)

ip-0A230412:36154:36536 [1] NCCL INFO include/coll_net.h:21 -> 3
ip-0A230414:22744:23117 [1] NCCL INFO Sharp rank 3/7 initialized on mlx5_ib1:1

ip-0A230414:22744:23117 [1] sharp_plugin.c:288 NCCL WARN NET/IB :SHARP coll init error: Cannot create SHArP job(-11)

ip-0A230414:22744:23117 [1] NCCL INFO include/coll_net.h:21 -> 3
ip-0A23040F:42504:42880 [1] NCCL INFO Sharp rank 1/7 initialized on mlx5_ib1:1

ip-0A23040F:42504:42880 [1] sharp_plugin.c:288 NCCL WARN NET/IB :SHARP coll init error: Cannot create SHArP job(-11)

ip-0A23040F:42504:42880 [1] NCCL INFO include/coll_net.h:21 -> 3
ip-0A230417:26440:26815 [1] NCCL INFO Sharp rank 4/7 initialized on mlx5_ib1:1

ip-0A230417:26440:26815 [1] sharp_plugin.c:288 NCCL WARN NET/IB :SHARP coll init error: Cannot create SHArP job(-11)

ip-0A230417:26440:26815 [1] NCCL INFO include/coll_net.h:21 -> 3
ip-0A230406:77498:77870 [1] NCCL INFO Sharp rank 5/7 initialized on mlx5_ib1:1

ip-0A230406:77498:77870 [1] sharp_plugin.c:288 NCCL WARN NET/IB :SHARP coll init error: Cannot create SHArP job(-11)

ip-0A230406:77498:77870 [1] NCCL INFO include/coll_net.h:21 -> 3
ip-0A230408:95300:95678 [1] NCCL INFO Sharp rank 6/7 initialized on mlx5_ib1:1

ip-0A230408:95300:95678 [1] sharp_plugin.c:288 NCCL WARN NET/IB :SHARP coll init error: Cannot create SHArP job(-11)

ip-0A230408:95300:95678 [1] NCCL INFO include/coll_net.h:21 -> 3
ip-0A230414:22744:22949 [1] NCCL INFO transport.cc:222 -> 2
ip-0A23040F:42504:42709 [1] NCCL INFO transport.cc:222 -> 2
ip-0A230412:36154:36373 [1] NCCL INFO transport.cc:222 -> 2
ip-0A230406:77498:77710 [1] NCCL INFO transport.cc:222 -> 2
ip-0A230417:26440:26651 [1] NCCL INFO transport.cc:222 -> 2
ip-0A230408:95300:95517 [1] NCCL INFO transport.cc:222 -> 2
ip-0A23040D:75594:75964 [1] NCCL INFO Sharp rank 0/7 initialized on mlx5_ib1:1

ip-0A23040D:75594:75964 [1] sharp_plugin.c:288 NCCL WARN NET/IB :SHARP coll init error: Cannot create SHArP job(-11)

ip-0A23040D:75594:75964 [1] NCCL INFO include/coll_net.h:21 -> 3
ip-0A23040D:75594:75794 [1] NCCL INFO transport.cc:222 -> 2
ip-0A23040D:75590:75967 [2] NCCL INFO NCCL_SHARP_GROUP_SIZE_THRESH set by environment to 3.
ip-0A23040D:75591:75797 [3] NCCL INFO CollNet 03 : 3 [receive] via COLLNET/SHARP/3/GDRDMA
ip-0A23040F:42501:42874 [2] NCCL INFO NCCL_SHARP_GROUP_SIZE_THRESH set by environment to 3.
ip-0A23040F:42503:42711 [3] NCCL INFO CollNet 03 : 11 [receive] via COLLNET/SHARP/3/GDRDMA
ip-0A230414:22749:23120 [2] NCCL INFO NCCL_SHARP_GROUP_SIZE_THRESH set by environment to 3.
ip-0A230412:36159:36535 [2] NCCL INFO NCCL_SHARP_GROUP_SIZE_THRESH set by environment to 3.
ip-0A230414:22743:22950 [3] NCCL INFO CollNet 03 : 27 [receive] via COLLNET/SHARP/3/GDRDMA
ip-0A230412:36158:36372 [3] NCCL INFO CollNet 03 : 19 [receive] via COLLNET/SHARP/3/GDRDMA
ip-0A230417:26444:26813 [2] NCCL INFO NCCL_SHARP_GROUP_SIZE_THRESH set by environment to 3.
ip-0A230417:26445:26649 [3] NCCL INFO CollNet 03 : 35 [receive] via COLLNET/SHARP/3/GDRDMA
ip-0A230406:77494:77872 [2] NCCL INFO NCCL_SHARP_GROUP_SIZE_THRESH set by environment to 3.
ip-0A230406:77495:77707 [3] NCCL INFO CollNet 03 : 43 [receive] via COLLNET/SHARP/3/GDRDMA
ip-0A230408:95305:95677 [2] NCCL INFO NCCL_SHARP_GROUP_SIZE_THRESH set by environment to 3.
ip-0A230408:95298:95519 [3] NCCL INFO CollNet 03 : 51 [receive] via COLLNET/SHARP/3/GDRDMA
[ip-0A23040D:0:75590 - context.c:584] INFO job (ID: 2524863446781111486) resource request quota: ( osts:0 user_data_per_ost:0 max_groups:0 max_qps:1 max_group_channels:1, num_trees:1)
[ip-0A23040D:0:75590 unique id 0] ERROR No Aggregation Manager (sharp_am) detected in sharp_create_job.

[ip-0A23040D:0:75590 - context.c:601] ERROR sharp_create_job failed: No Aggregation Manager (sharp_am) detected(-52)
ip-0A230408:95305:95677 [2] NCCL INFO Sharp rank 6/7 initialized on mlx5_ib2:1

ip-0A230408:95305:95677 [2] sharp_plugin.c:288 NCCL WARN NET/IB :SHARP coll init error: Cannot create SHArP job(-11)

ip-0A230408:95305:95677 [2] NCCL INFO include/coll_net.h:21 -> 3
ip-0A230417:26444:26813 [2] NCCL INFO Sharp rank 4/7 initialized on mlx5_ib2:1

ip-0A230417:26444:26813 [2] sharp_plugin.c:288 NCCL WARN NET/IB :SHARP coll init error: Cannot create SHArP job(-11)

ip-0A230417:26444:26813 [2] NCCL INFO include/coll_net.h:21 -> 3
ip-0A230406:77494:77872 [2] NCCL INFO Sharp rank 5/7 initialized on mlx5_ib2:1

ip-0A230406:77494:77872 [2] sharp_plugin.c:288 NCCL WARN NET/IB :SHARP coll init error: Cannot create SHArP job(-11)

ip-0A230406:77494:77872 [2] NCCL INFO include/coll_net.h:21 -> 3
ip-0A23040F:42501:42874 [2] NCCL INFO Sharp rank 1/7 initialized on mlx5_ib2:1

ip-0A23040F:42501:42874 [2] sharp_plugin.c:288 NCCL WARN NET/IB :SHARP coll init error: Cannot create SHArP job(-11)

ip-0A23040F:42501:42874 [2] NCCL INFO include/coll_net.h:21 -> 3
ip-0A230412:36159:36535 [2] NCCL INFO Sharp rank 2/7 initialized on mlx5_ib2:1

ip-0A230412:36159:36535 [2] sharp_plugin.c:288 NCCL WARN NET/IB :SHARP coll init error: Cannot create SHArP job(-11)

ip-0A230412:36159:36535 [2] NCCL INFO include/coll_net.h:21 -> 3
ip-0A230414:22749:23120 [2] NCCL INFO Sharp rank 3/7 initialized on mlx5_ib2:1

ip-0A230414:22749:23120 [2] sharp_plugin.c:288 NCCL WARN NET/IB :SHARP coll init error: Cannot create SHArP job(-11)

ip-0A230414:22749:23120 [2] NCCL INFO include/coll_net.h:21 -> 3
ip-0A230408:95305:95516 [2] NCCL INFO transport.cc:222 -> 2
ip-0A230406:77494:77708 [2] NCCL INFO transport.cc:222 -> 2
ip-0A23040F:42501:42713 [2] NCCL INFO transport.cc:222 -> 2
ip-0A230412:36159:36375 [2] NCCL INFO transport.cc:222 -> 2
ip-0A230417:26444:26650 [2] NCCL INFO transport.cc:222 -> 2
ip-0A230414:22749:22951 [2] NCCL INFO transport.cc:222 -> 2
ip-0A23040D:75590:75967 [2] NCCL INFO Sharp rank 0/7 initialized on mlx5_ib2:1

ip-0A23040D:75590:75967 [2] sharp_plugin.c:288 NCCL WARN NET/IB :SHARP coll init error: Cannot create SHArP job(-11)

ip-0A23040D:75590:75967 [2] NCCL INFO include/coll_net.h:21 -> 3
ip-0A23040D:75590:75798 [2] NCCL INFO transport.cc:222 -> 2
ip-0A23040D:75591:75963 [3] NCCL INFO NCCL_SHARP_GROUP_SIZE_THRESH set by environment to 3.
ip-0A23040D:75593:75795 [4] NCCL INFO CollNet 04 : 4 [receive] via COLLNET/SHARP/4/GDRDMA
ip-0A23040F:42503:42875 [3] NCCL INFO NCCL_SHARP_GROUP_SIZE_THRESH set by environment to 3.
ip-0A23040F:42507:42706 [4] NCCL INFO CollNet 04 : 12 [receive] via COLLNET/SHARP/4/GDRDMA
ip-0A230412:36158:36532 [3] NCCL INFO NCCL_SHARP_GROUP_SIZE_THRESH set by environment to 3.
ip-0A230412:36157:36371 [4] NCCL INFO CollNet 04 : 20 [receive] via COLLNET/SHARP/4/GDRDMA
ip-0A230414:22743:23123 [3] NCCL INFO NCCL_SHARP_GROUP_SIZE_THRESH set by environment to 3.
ip-0A230414:22747:22953 [4] NCCL INFO CollNet 04 : 28 [receive] via COLLNET/SHARP/4/GDRDMA
ip-0A230417:26445:26816 [3] NCCL INFO NCCL_SHARP_GROUP_SIZE_THRESH set by environment to 3.
ip-0A230417:26442:26648 [4] NCCL INFO CollNet 04 : 36 [receive] via COLLNET/SHARP/4/GDRDMA
ip-0A230406:77495:77866 [3] NCCL INFO NCCL_SHARP_GROUP_SIZE_THRESH set by environment to 3.
ip-0A230408:95298:95672 [3] NCCL INFO NCCL_SHARP_GROUP_SIZE_THRESH set by environment to 3.
ip-0A230406:77510:77714 [4] NCCL INFO CollNet 04 : 44 [receive] via COLLNET/SHARP/4/GDRDMA
ip-0A230408:95303:95514 [4] NCCL INFO CollNet 04 : 52 [receive] via COLLNET/SHARP/4/GDRDMA
[ip-0A23040D:0:75591 - context.c:584] INFO job (ID: 2524863349719279415) resource request quota: ( osts:0 user_data_per_ost:0 max_groups:0 max_qps:1 max_group_channels:1, num_trees:1)
[ip-0A23040D:0:75591 unique id 0] ERROR No Aggregation Manager (sharp_am) detected in sharp_create_job.

[ip-0A23040D:0:75591 - context.c:601] ERROR sharp_create_job failed: No Aggregation Manager (sharp_am) detected(-52)
ip-0A230408:95298:95672 [3] NCCL INFO Sharp rank 6/7 initialized on mlx5_ib3:1

ip-0A230408:95298:95672 [3] sharp_plugin.c:288 NCCL WARN NET/IB :SHARP coll init error: Cannot create SHArP job(-11)

ip-0A230408:95298:95672 [3] NCCL INFO include/coll_net.h:21 -> 3
ip-0A230417:26445:26816 [3] NCCL INFO Sharp rank 4/7 initialized on mlx5_ib3:1

ip-0A230417:26445:26816 [3] sharp_plugin.c:288 NCCL WARN NET/IB :SHARP coll init error: Cannot create SHArP job(-11)

ip-0A230417:26445:26816 [3] NCCL INFO include/coll_net.h:21 -> 3
ip-0A230414:22743:23123 [3] NCCL INFO Sharp rank 3/7 initialized on mlx5_ib3:1

ip-0A230414:22743:23123 [3] sharp_plugin.c:288 NCCL WARN NET/IB :SHARP coll init error: Cannot create SHArP job(-11)

ip-0A230414:22743:23123 [3] NCCL INFO include/coll_net.h:21 -> 3
ip-0A23040F:42503:42875 [3] NCCL INFO Sharp rank 1/7 initialized on mlx5_ib3:1

ip-0A23040F:42503:42875 [3] sharp_plugin.c:288 NCCL WARN NET/IB :SHARP coll init error: Cannot create SHArP job(-11)

ip-0A23040F:42503:42875 [3] NCCL INFO include/coll_net.h:21 -> 3
ip-0A230412:36158:36532 [3] NCCL INFO Sharp rank 2/7 initialized on mlx5_ib3:1

ip-0A230412:36158:36532 [3] sharp_plugin.c:288 NCCL WARN NET/IB :SHARP coll init error: Cannot create SHArP job(-11)

ip-0A230412:36158:36532 [3] NCCL INFO include/coll_net.h:21 -> 3
ip-0A230406:77495:77866 [3] NCCL INFO Sharp rank 5/7 initialized on mlx5_ib3:1

ip-0A230406:77495:77866 [3] sharp_plugin.c:288 NCCL WARN NET/IB :SHARP coll init error: Cannot create SHArP job(-11)

ip-0A230406:77495:77866 [3] NCCL INFO include/coll_net.h:21 -> 3
ip-0A230408:95298:95519 [3] NCCL INFO transport.cc:222 -> 2
ip-0A230414:22743:22950 [3] NCCL INFO transport.cc:222 -> 2
ip-0A230412:36158:36372 [3] NCCL INFO transport.cc:222 -> 2
ip-0A23040F:42503:42711 [3] NCCL INFO transport.cc:222 -> 2
ip-0A230417:26445:26649 [3] NCCL INFO transport.cc:222 -> 2
ip-0A230406:77495:77707 [3] NCCL INFO transport.cc:222 -> 2
ip-0A23040D:75591:75963 [3] NCCL INFO Sharp rank 0/7 initialized on mlx5_ib3:1

ip-0A23040D:75591:75963 [3] sharp_plugin.c:288 NCCL WARN NET/IB :SHARP coll init error: Cannot create SHArP job(-11)

ip-0A23040D:75591:75963 [3] NCCL INFO include/coll_net.h:21 -> 3
ip-0A23040D:75591:75797 [3] NCCL INFO transport.cc:222 -> 2
ip-0A23040D:75593:75960 [4] NCCL INFO NCCL_SHARP_GROUP_SIZE_THRESH set by environment to 3.
ip-0A23040D:75592:75792 [5] NCCL INFO CollNet 05 : 5 [receive] via COLLNET/SHARP/5/GDRDMA
ip-0A23040F:42507:42879 [4] NCCL INFO NCCL_SHARP_GROUP_SIZE_THRESH set by environment to 3.
ip-0A230412:36157:36537 [4] NCCL INFO NCCL_SHARP_GROUP_SIZE_THRESH set by environment to 3.
ip-0A23040F:42500:42708 [5] NCCL INFO CollNet 05 : 13 [receive] via COLLNET/SHARP/5/GDRDMA
ip-0A230412:36160:36370 [5] NCCL INFO CollNet 05 : 21 [receive] via COLLNET/SHARP/5/GDRDMA
ip-0A230414:22747:23122 [4] NCCL INFO NCCL_SHARP_GROUP_SIZE_THRESH set by environment to 3.
ip-0A230417:26442:26819 [4] NCCL INFO NCCL_SHARP_GROUP_SIZE_THRESH set by environment to 3.
ip-0A230414:22748:22948 [5] NCCL INFO CollNet 05 : 29 [receive] via COLLNET/SHARP/5/GDRDMA
ip-0A230417:26446:26647 [5] NCCL INFO CollNet 05 : 37 [receive] via COLLNET/SHARP/5/GDRDMA
ip-0A230406:77510:77871 [4] NCCL INFO NCCL_SHARP_GROUP_SIZE_THRESH set by environment to 3.
ip-0A230406:77493:77712 [5] NCCL INFO CollNet 05 : 45 [receive] via COLLNET/SHARP/5/GDRDMA
ip-0A230408:95303:95673 [4] NCCL INFO NCCL_SHARP_GROUP_SIZE_THRESH set by environment to 3.
ip-0A230408:95302:95518 [5] NCCL INFO CollNet 05 : 53 [receive] via COLLNET/SHARP/5/GDRDMA
[ip-0A23040D:0:75593 - context.c:584] INFO job (ID: 2524862516024613047) resource request quota: ( osts:0 user_data_per_ost:0 max_groups:0 max_qps:1 max_group_channels:1, num_trees:1)
[ip-0A23040D:0:75593 unique id 0] ERROR No Aggregation Manager (sharp_am) detected in sharp_create_job.

[ip-0A23040D:0:75593 - context.c:601] ERROR sharp_create_job failed: No Aggregation Manager (sharp_am) detected(-52)
ip-0A23040F:42507:42879 [4] NCCL INFO Sharp rank 1/7 initialized on mlx5_ib4:1

ip-0A23040F:42507:42879 [4] sharp_plugin.c:288 NCCL WARN NET/IB :SHARP coll init error: Cannot create SHArP job(-11)

ip-0A23040F:42507:42879 [4] NCCL INFO include/coll_net.h:21 -> 3
ip-0A230408:95303:95673 [4] NCCL INFO Sharp rank 6/7 initialized on mlx5_ib4:1

ip-0A230408:95303:95673 [4] sharp_plugin.c:288 NCCL WARN NET/IB :SHARP coll init error: Cannot create SHArP job(-11)

ip-0A230408:95303:95673 [4] NCCL INFO include/coll_net.h:21 -> 3
ip-0A230414:22747:23122 [4] NCCL INFO Sharp rank 3/7 initialized on mlx5_ib4:1

ip-0A230414:22747:23122 [4] sharp_plugin.c:288 NCCL WARN NET/IB :SHARP coll init error: Cannot create SHArP job(-11)

ip-0A230414:22747:23122 [4] NCCL INFO include/coll_net.h:21 -> 3
ip-0A230412:36157:36537 [4] NCCL INFO Sharp rank 2/7 initialized on mlx5_ib4:1

ip-0A230412:36157:36537 [4] sharp_plugin.c:288 NCCL WARN NET/IB :SHARP coll init error: Cannot create SHArP job(-11)

ip-0A230412:36157:36537 [4] NCCL INFO include/coll_net.h:21 -> 3
ip-0A230417:26442:26819 [4] NCCL INFO Sharp rank 4/7 initialized on mlx5_ib4:1

ip-0A230417:26442:26819 [4] sharp_plugin.c:288 NCCL WARN NET/IB :SHARP coll init error: Cannot create SHArP job(-11)

ip-0A230417:26442:26819 [4] NCCL INFO include/coll_net.h:21 -> 3
ip-0A230406:77510:77871 [4] NCCL INFO Sharp rank 5/7 initialized on mlx5_ib4:1

ip-0A230406:77510:77871 [4] sharp_plugin.c:288 NCCL WARN NET/IB :SHARP coll init error: Cannot create SHArP job(-11)

ip-0A230406:77510:77871 [4] NCCL INFO include/coll_net.h:21 -> 3
ip-0A23040F:42507:42706 [4] NCCL INFO transport.cc:222 -> 2
ip-0A230408:95303:95514 [4] NCCL INFO transport.cc:222 -> 2
ip-0A230414:22747:22953 [4] NCCL INFO transport.cc:222 -> 2
ip-0A230412:36157:36371 [4] NCCL INFO transport.cc:222 -> 2
ip-0A230417:26442:26648 [4] NCCL INFO transport.cc:222 -> 2
ip-0A230406:77510:77714 [4] NCCL INFO transport.cc:222 -> 2
ip-0A23040D:75593:75960 [4] NCCL INFO Sharp rank 0/7 initialized on mlx5_ib4:1

ip-0A23040D:75593:75960 [4] sharp_plugin.c:288 NCCL WARN NET/IB :SHARP coll init error: Cannot create SHArP job(-11)

ip-0A23040D:75593:75960 [4] NCCL INFO include/coll_net.h:21 -> 3
ip-0A23040D:75593:75795 [4] NCCL INFO transport.cc:222 -> 2
ip-0A23040D:75592:75962 [5] NCCL INFO NCCL_SHARP_GROUP_SIZE_THRESH set by environment to 3.
ip-0A23040D:75589:75796 [6] NCCL INFO CollNet 06 : 6 [receive] via COLLNET/SHARP/6/GDRDMA
ip-0A23040F:42500:42877 [5] NCCL INFO NCCL_SHARP_GROUP_SIZE_THRESH set by environment to 3.
ip-0A23040F:42505:42707 [6] NCCL INFO CollNet 06 : 14 [receive] via COLLNET/SHARP/6/GDRDMA
ip-0A230412:36160:36538 [5] NCCL INFO NCCL_SHARP_GROUP_SIZE_THRESH set by environment to 3.
ip-0A230412:36178:36376 [6] NCCL INFO CollNet 06 : 22 [receive] via COLLNET/SHARP/6/GDRDMA
ip-0A230414:22748:23124 [5] NCCL INFO NCCL_SHARP_GROUP_SIZE_THRESH set by environment to 3.
ip-0A230417:26446:26820 [5] NCCL INFO NCCL_SHARP_GROUP_SIZE_THRESH set by environment to 3.
ip-0A230414:22741:22947 [6] NCCL INFO CollNet 06 : 30 [receive] via COLLNET/SHARP/6/GDRDMA
ip-0A230417:26469:26646 [6] NCCL INFO CollNet 06 : 38 [receive] via COLLNET/SHARP/6/GDRDMA
ip-0A230406:77493:77873 [5] NCCL INFO NCCL_SHARP_GROUP_SIZE_THRESH set by environment to 3.
ip-0A230408:95302:95679 [5] NCCL INFO NCCL_SHARP_GROUP_SIZE_THRESH set by environment to 3.
ip-0A230406:77514:77713 [6] NCCL INFO CollNet 06 : 46 [receive] via COLLNET/SHARP/6/GDRDMA
ip-0A230408:95304:95515 [6] NCCL INFO CollNet 06 : 54 [receive] via COLLNET/SHARP/6/GDRDMA
[ip-0A23040D:0:75592 - context.c:584] INFO job (ID: 2524862495582787957) resource request quota: ( osts:0 user_data_per_ost:0 max_groups:0 max_qps:1 max_group_channels:1, num_trees:1)
[ip-0A23040D:0:75592 unique id 0] ERROR No Aggregation Manager (sharp_am) detected in sharp_create_job.

[ip-0A23040D:0:75592 - context.c:601] ERROR sharp_create_job failed: No Aggregation Manager (sharp_am) detected(-52)
ip-0A230408:95302:95679 [5] NCCL INFO Sharp rank 6/7 initialized on mlx5_ib5:1

ip-0A230408:95302:95679 [5] sharp_plugin.c:288 NCCL WARN NET/IB :SHARP coll init error: Cannot create SHArP job(-11)

ip-0A230408:95302:95679 [5] NCCL INFO include/coll_net.h:21 -> 3
ip-0A230417:26446:26820 [5] NCCL INFO Sharp rank 4/7 initialized on mlx5_ib5:1

ip-0A230417:26446:26820 [5] sharp_plugin.c:288 NCCL WARN NET/IB :SHARP coll init error: Cannot create SHArP job(-11)

ip-0A230417:26446:26820 [5] NCCL INFO include/coll_net.h:21 -> 3
ip-0A230406:77493:77873 [5] NCCL INFO Sharp rank 5/7 initialized on mlx5_ib5:1

ip-0A230406:77493:77873 [5] sharp_plugin.c:288 NCCL WARN NET/IB :SHARP coll init error: Cannot create SHArP job(-11)

ip-0A230406:77493:77873 [5] NCCL INFO include/coll_net.h:21 -> 3
ip-0A23040F:42500:42877 [5] NCCL INFO Sharp rank 1/7 initialized on mlx5_ib5:1

ip-0A23040F:42500:42877 [5] sharp_plugin.c:288 NCCL WARN NET/IB :SHARP coll init error: Cannot create SHArP job(-11)

ip-0A23040F:42500:42877 [5] NCCL INFO include/coll_net.h:21 -> 3
ip-0A230412:36160:36538 [5] NCCL INFO Sharp rank 2/7 initialized on mlx5_ib5:1

ip-0A230412:36160:36538 [5] sharp_plugin.c:288 NCCL WARN NET/IB :SHARP coll init error: Cannot create SHArP job(-11)

ip-0A230412:36160:36538 [5] NCCL INFO include/coll_net.h:21 -> 3
ip-0A230414:22748:23124 [5] NCCL INFO Sharp rank 3/7 initialized on mlx5_ib5:1

ip-0A230414:22748:23124 [5] sharp_plugin.c:288 NCCL WARN NET/IB :SHARP coll init error: Cannot create SHArP job(-11)

ip-0A230414:22748:23124 [5] NCCL INFO include/coll_net.h:21 -> 3
ip-0A230406:77493:77712 [5] NCCL INFO transport.cc:222 -> 2
ip-0A230414:22748:22948 [5] NCCL INFO transport.cc:222 -> 2
ip-0A23040F:42500:42708 [5] NCCL INFO transport.cc:222 -> 2
ip-0A230412:36160:36370 [5] NCCL INFO transport.cc:222 -> 2
ip-0A230408:95302:95518 [5] NCCL INFO transport.cc:222 -> 2
ip-0A230417:26446:26647 [5] NCCL INFO transport.cc:222 -> 2
ip-0A23040D:75592:75962 [5] NCCL INFO Sharp rank 0/7 initialized on mlx5_ib5:1

ip-0A23040D:75592:75962 [5] sharp_plugin.c:288 NCCL WARN NET/IB :SHARP coll init error: Cannot create SHArP job(-11)

ip-0A23040D:75592:75962 [5] NCCL INFO include/coll_net.h:21 -> 3
ip-0A23040D:75592:75792 [5] NCCL INFO transport.cc:222 -> 2
ip-0A23040D:75589:75965 [6] NCCL INFO NCCL_SHARP_GROUP_SIZE_THRESH set by environment to 3.
ip-0A23040D:75588:75793 [7] NCCL INFO CollNet 07 : 7 [receive] via COLLNET/SHARP/7/GDRDMA
ip-0A23040F:42505:42876 [6] NCCL INFO NCCL_SHARP_GROUP_SIZE_THRESH set by environment to 3.
ip-0A23040F:42502:42712 [7] NCCL INFO CollNet 07 : 15 [receive] via COLLNET/SHARP/7/GDRDMA
ip-0A230412:36178:36534 [6] NCCL INFO NCCL_SHARP_GROUP_SIZE_THRESH set by environment to 3.
ip-0A230412:36155:36377 [7] NCCL INFO CollNet 07 : 23 [receive] via COLLNET/SHARP/7/GDRDMA
ip-0A230414:22741:23121 [6] NCCL INFO NCCL_SHARP_GROUP_SIZE_THRESH set by environment to 3.
ip-0A230414:22742:22954 [7] NCCL INFO CollNet 07 : 31 [receive] via COLLNET/SHARP/7/GDRDMA
ip-0A230417:26469:26818 [6] NCCL INFO NCCL_SHARP_GROUP_SIZE_THRESH set by environment to 3.
ip-0A230406:77514:77867 [6] NCCL INFO NCCL_SHARP_GROUP_SIZE_THRESH set by environment to 3.
ip-0A230417:26441:26645 [7] NCCL INFO CollNet 07 : 39 [receive] via COLLNET/SHARP/7/GDRDMA
ip-0A230408:95304:95675 [6] NCCL INFO NCCL_SHARP_GROUP_SIZE_THRESH set by environment to 3.
ip-0A230406:77491:77711 [7] NCCL INFO CollNet 07 : 47 [receive] via COLLNET/SHARP/7/GDRDMA
[ip-0A23040D:0:75589 - context.c:584] INFO job (ID: 2524863032756420180) resource request quota: ( osts:0 user_data_per_ost:0 max_groups:0 max_qps:1 max_group_channels:1, num_trees:1)
ip-0A230408:95299:95520 [7] NCCL INFO CollNet 07 : 55 [receive] via COLLNET/SHARP/7/GDRDMA
[ip-0A23040D:0:75589 unique id 0] ERROR No Aggregation Manager (sharp_am) detected in sharp_create_job.

[ip-0A23040D:0:75589 - context.c:601] ERROR sharp_create_job failed: No Aggregation Manager (sharp_am) detected(-52)
ip-0A230408:95304:95675 [6] NCCL INFO Sharp rank 6/7 initialized on mlx5_ib6:1

ip-0A230408:95304:95675 [6] sharp_plugin.c:288 NCCL WARN NET/IB :SHARP coll init error: Cannot create SHArP job(-11)

ip-0A230408:95304:95675 [6] NCCL INFO include/coll_net.h:21 -> 3
ip-0A23040F:42505:42876 [6] NCCL INFO Sharp rank 1/7 initialized on mlx5_ib6:1

ip-0A23040F:42505:42876 [6] sharp_plugin.c:288 NCCL WARN NET/IB :SHARP coll init error: Cannot create SHArP job(-11)

ip-0A23040F:42505:42876 [6] NCCL INFO include/coll_net.h:21 -> 3
ip-0A230417:26469:26818 [6] NCCL INFO Sharp rank 4/7 initialized on mlx5_ib6:1

ip-0A230417:26469:26818 [6] sharp_plugin.c:288 NCCL WARN NET/IB :SHARP coll init error: Cannot create SHArP job(-11)

ip-0A230417:26469:26818 [6] NCCL INFO include/coll_net.h:21 -> 3
ip-0A230412:36178:36534 [6] NCCL INFO Sharp rank 2/7 initialized on mlx5_ib6:1

ip-0A230412:36178:36534 [6] sharp_plugin.c:288 NCCL WARN NET/IB :SHARP coll init error: Cannot create SHArP job(-11)

ip-0A230412:36178:36534 [6] NCCL INFO include/coll_net.h:21 -> 3
ip-0A230414:22741:23121 [6] NCCL INFO Sharp rank 3/7 initialized on mlx5_ib6:1

ip-0A230414:22741:23121 [6] sharp_plugin.c:288 NCCL WARN NET/IB :SHARP coll init error: Cannot create SHArP job(-11)

ip-0A230414:22741:23121 [6] NCCL INFO include/coll_net.h:21 -> 3
ip-0A230408:95304:95515 [6] NCCL INFO transport.cc:222 -> 2
ip-0A230406:77514:77867 [6] NCCL INFO Sharp rank 5/7 initialized on mlx5_ib6:1

ip-0A230406:77514:77867 [6] sharp_plugin.c:288 NCCL WARN NET/IB :SHARP coll init error: Cannot create SHArP job(-11)

ip-0A230406:77514:77867 [6] NCCL INFO include/coll_net.h:21 -> 3
ip-0A23040F:42505:42707 [6] NCCL INFO transport.cc:222 -> 2
ip-0A230412:36178:36376 [6] NCCL INFO transport.cc:222 -> 2
ip-0A230417:26469:26646 [6] NCCL INFO transport.cc:222 -> 2
ip-0A230414:22741:22947 [6] NCCL INFO transport.cc:222 -> 2
ip-0A230406:77514:77713 [6] NCCL INFO transport.cc:222 -> 2
ip-0A23040D:75589:75965 [6] NCCL INFO Sharp rank 0/7 initialized on mlx5_ib6:1

ip-0A23040D:75589:75965 [6] sharp_plugin.c:288 NCCL WARN NET/IB :SHARP coll init error: Cannot create SHArP job(-11)

ip-0A23040D:75589:75965 [6] NCCL INFO include/coll_net.h:21 -> 3
ip-0A23040D:75589:75796 [6] NCCL INFO transport.cc:222 -> 2
ip-0A23040D:75588:75966 [7] NCCL INFO NCCL_SHARP_GROUP_SIZE_THRESH set by environment to 3.
ip-0A23040F:42502:42878 [7] NCCL INFO NCCL_SHARP_GROUP_SIZE_THRESH set by environment to 3.
ip-0A230412:36155:36533 [7] NCCL INFO NCCL_SHARP_GROUP_SIZE_THRESH set by environment to 3.
ip-0A230414:22742:23119 [7] NCCL INFO NCCL_SHARP_GROUP_SIZE_THRESH set by environment to 3.
ip-0A230417:26441:26817 [7] NCCL INFO NCCL_SHARP_GROUP_SIZE_THRESH set by environment to 3.
ip-0A230406:77491:77869 [7] NCCL INFO NCCL_SHARP_GROUP_SIZE_THRESH set by environment to 3.
ip-0A230408:95299:95676 [7] NCCL INFO NCCL_SHARP_GROUP_SIZE_THRESH set by environment to 3.
[ip-0A23040D:0:75588 - context.c:584] INFO job (ID: 2524863211384143407) resource request quota: ( osts:0 user_data_per_ost:0 max_groups:0 max_qps:1 max_group_channels:1, num_trees:1)
[ip-0A23040D:0:75588 unique id 0] ERROR No Aggregation Manager (sharp_am) detected in sharp_create_job.

[ip-0A23040D:0:75588 - context.c:601] ERROR sharp_create_job failed: No Aggregation Manager (sharp_am) detected(-52)
ip-0A230414:22742:23119 [7] NCCL INFO Sharp rank 3/7 initialized on mlx5_ib7:1

ip-0A230414:22742:23119 [7] sharp_plugin.c:288 NCCL WARN NET/IB :SHARP coll init error: Cannot create SHArP job(-11)

ip-0A230414:22742:23119 [7] NCCL INFO include/coll_net.h:21 -> 3
ip-0A230408:95299:95676 [7] NCCL INFO Sharp rank 6/7 initialized on mlx5_ib7:1

ip-0A230408:95299:95676 [7] sharp_plugin.c:288 NCCL WARN NET/IB :SHARP coll init error: Cannot create SHArP job(-11)

ip-0A230408:95299:95676 [7] NCCL INFO include/coll_net.h:21 -> 3
ip-0A230417:26441:26817 [7] NCCL INFO Sharp rank 4/7 initialized on mlx5_ib7:1

ip-0A230417:26441:26817 [7] sharp_plugin.c:288 NCCL WARN NET/IB :SHARP coll init error: Cannot create SHArP job(-11)

ip-0A230417:26441:26817 [7] NCCL INFO include/coll_net.h:21 -> 3
ip-0A230412:36155:36533 [7] NCCL INFO Sharp rank 2/7 initialized on mlx5_ib7:1

ip-0A230412:36155:36533 [7] sharp_plugin.c:288 NCCL WARN NET/IB :SHARP coll init error: Cannot create SHArP job(-11)

ip-0A230412:36155:36533 [7] NCCL INFO include/coll_net.h:21 -> 3
ip-0A23040F:42502:42878 [7] NCCL INFO Sharp rank 1/7 initialized on mlx5_ib7:1

ip-0A23040F:42502:42878 [7] sharp_plugin.c:288 NCCL WARN NET/IB :SHARP coll init error: Cannot create SHArP job(-11)

ip-0A23040F:42502:42878 [7] NCCL INFO include/coll_net.h:21 -> 3
ip-0A230406:77491:77869 [7] NCCL INFO Sharp rank 5/7 initialized on mlx5_ib7:1

ip-0A230406:77491:77869 [7] sharp_plugin.c:288 NCCL WARN NET/IB :SHARP coll init error: Cannot create SHArP job(-11)

ip-0A230406:77491:77869 [7] NCCL INFO include/coll_net.h:21 -> 3
ip-0A230408:95299:95520 [7] NCCL INFO transport.cc:222 -> 2
ip-0A230414:22742:22954 [7] NCCL INFO transport.cc:222 -> 2
ip-0A23040F:42502:42712 [7] NCCL INFO transport.cc:222 -> 2
ip-0A230417:26441:26645 [7] NCCL INFO transport.cc:222 -> 2
ip-0A230406:77491:77711 [7] NCCL INFO transport.cc:222 -> 2
ip-0A230408:95299:95520 [7] NCCL INFO init.cc:765 -> 2
ip-0A230414:22742:22954 [7] NCCL INFO init.cc:765 -> 2
ip-0A230412:36155:36377 [7] NCCL INFO transport.cc:222 -> 2
ip-0A230417:26469:26646 [6] NCCL INFO init.cc:765 -> 2
ip-0A23040F:42505:42707 [6] NCCL INFO init.cc:765 -> 2
ip-0A230408:95299:95520 [7] NCCL INFO threadThresholds 8/8/64 | 448/8/64 | 8/8/512
ip-0A230414:22749:22951 [2] NCCL INFO init.cc:765 -> 2

ip-0A230408:95301:95513 [0] transport.cc:253 NCCL WARN Cannot initialize CollNet, using point-to-point network instead
ip-0A230408:95301:95513 [0] NCCL INFO init.cc:765 -> 2
ip-0A230414:22742:22954 [7] NCCL INFO threadThresholds 8/8/64 | 448/8/64 | 8/8/512
ip-0A230408:95300:95517 [1] NCCL INFO init.cc:765 -> 2
ip-0A230408:95300:95517 [1] NCCL INFO threadThresholds 8/8/64 | 448/8/64 | 8/8/512
ip-0A230414:22749:22951 [2] NCCL INFO threadThresholds 8/8/64 | 448/8/64 | 8/8/512
ip-0A230408:95305:95516 [2] NCCL INFO init.cc:765 -> 2
ip-0A230408:95305:95516 [2] NCCL INFO threadThresholds 8/8/64 | 448/8/64 | 8/8/512
ip-0A230414:22743:22950 [3] NCCL INFO init.cc:765 -> 2
ip-0A230408:95298:95519 [3] NCCL INFO init.cc:765 -> 2
ip-0A230408:95298:95519 [3] NCCL INFO threadThresholds 8/8/64 | 448/8/64 | 8/8/512
ip-0A230414:22748:22948 [5] NCCL INFO init.cc:765 -> 2
ip-0A230412:36155:36377 [7] NCCL INFO init.cc:765 -> 2
ip-0A230408:95301:95513 [0] NCCL INFO threadThresholds 8/8/64 | 448/8/64 | 8/8/512
ip-0A230414:22747:22953 [4] NCCL INFO init.cc:765 -> 2
ip-0A230412:36155:36377 [7] NCCL INFO threadThresholds 8/8/64 | 448/8/64 | 8/8/512
ip-0A230408:95303:95514 [4] NCCL INFO init.cc:765 -> 2
ip-0A230408:95303:95514 [4] NCCL INFO threadThresholds 8/8/64 | 448/8/64 | 8/8/512
ip-0A230417:26441:26645 [7] NCCL INFO init.cc:765 -> 2
ip-0A230414:22748:22948 [5] NCCL INFO threadThresholds 8/8/64 | 448/8/64 | 8/8/512

ip-0A230412:36156:36374 [0] transport.cc:253 NCCL WARN Cannot initialize CollNet, using point-to-point network instead
ip-0A230408:95302:95518 [5] NCCL INFO init.cc:765 -> 2
ip-0A230408:95302:95518 [5] NCCL INFO threadThresholds 8/8/64 | 448/8/64 | 8/8/512
ip-0A230417:26441:26645 [7] NCCL INFO threadThresholds 8/8/64 | 448/8/64 | 8/8/512

ip-0A230414:22745:22952 [0] transport.cc:253 NCCL WARN Cannot initialize CollNet, using point-to-point network instead
ip-0A230414:22745:22952 [0] NCCL INFO init.cc:765 -> 2
ip-0A230412:36156:36374 [0] NCCL INFO init.cc:765 -> 2
ip-0A230408:95304:95515 [6] NCCL INFO init.cc:765 -> 2
ip-0A230408:95304:95515 [6] NCCL INFO threadThresholds 8/8/64 | 448/8/64 | 8/8/512
ip-0A230417:26469:26646 [6] NCCL INFO threadThresholds 8/8/64 | 448/8/64 | 8/8/512
ip-0A230414:22744:22949 [1] NCCL INFO init.cc:765 -> 2
ip-0A230412:36154:36373 [1] NCCL INFO init.cc:765 -> 2
ip-0A230417:26440:26651 [1] NCCL INFO init.cc:765 -> 2
ip-0A230414:22743:22950 [3] NCCL INFO threadThresholds 8/8/64 | 448/8/64 | 8/8/512
ip-0A230412:36158:36372 [3] NCCL INFO init.cc:765 -> 2
ip-0A230417:26445:26649 [3] NCCL INFO init.cc:765 -> 2
ip-0A230414:22747:22953 [4] NCCL INFO threadThresholds 8/8/64 | 448/8/64 | 8/8/512
ip-0A230412:36157:36371 [4] NCCL INFO init.cc:765 -> 2
ip-0A230412:36157:36371 [4] NCCL INFO threadThresholds 8/8/64 | 448/8/64 | 8/8/512

ip-0A230417:26439:26644 [0] transport.cc:253 NCCL WARN Cannot initialize CollNet, using point-to-point network instead
ip-0A230417:26439:26644 [0] NCCL INFO init.cc:765 -> 2
ip-0A230414:22741:22947 [6] NCCL INFO init.cc:765 -> 2
ip-0A230414:22741:22947 [6] NCCL INFO threadThresholds 8/8/64 | 448/8/64 | 8/8/512
ip-0A230412:36156:36374 [0] NCCL INFO threadThresholds 8/8/64 | 448/8/64 | 8/8/512
ip-0A230417:26444:26650 [2] NCCL INFO init.cc:765 -> 2
ip-0A230414:22745:22952 [0] NCCL INFO threadThresholds 8/8/64 | 448/8/64 | 8/8/512
ip-0A230412:36154:36373 [1] NCCL INFO threadThresholds 8/8/64 | 448/8/64 | 8/8/512
ip-0A230417:26440:26651 [1] NCCL INFO threadThresholds 8/8/64 | 448/8/64 | 8/8/512
ip-0A230406:77491:77711 [7] NCCL INFO init.cc:765 -> 2
ip-0A230414:22744:22949 [1] NCCL INFO threadThresholds 8/8/64 | 448/8/64 | 8/8/512
ip-0A23040F:42502:42712 [7] NCCL INFO init.cc:765 -> 2
ip-0A23040F:42502:42712 [7] NCCL INFO threadThresholds 8/8/64 | 448/8/64 | 8/8/512
ip-0A230412:36159:36375 [2] NCCL INFO init.cc:765 -> 2
ip-0A230412:36159:36375 [2] NCCL INFO threadThresholds 8/8/64 | 448/8/64 | 8/8/512
ip-0A230417:26444:26650 [2] NCCL INFO threadThresholds 8/8/64 | 448/8/64 | 8/8/512

ip-0A23040F:42506:42710 [0] transport.cc:253 NCCL WARN Cannot initialize CollNet, using point-to-point network instead
ip-0A23040F:42506:42710 [0] NCCL INFO init.cc:765 -> 2
ip-0A230417:26445:26649 [3] NCCL INFO threadThresholds 8/8/64 | 448/8/64 | 8/8/512
ip-0A23040F:42504:42709 [1] NCCL INFO init.cc:765 -> 2
ip-0A230417:26442:26648 [4] NCCL INFO init.cc:765 -> 2
ip-0A230417:26442:26648 [4] NCCL INFO threadThresholds 8/8/64 | 448/8/64 | 8/8/512
ip-0A23040F:42501:42713 [2] NCCL INFO init.cc:765 -> 2
ip-0A23040F:42501:42713 [2] NCCL INFO threadThresholds 8/8/64 | 448/8/64 | 8/8/512
ip-0A230417:26446:26647 [5] NCCL INFO init.cc:765 -> 2
ip-0A230417:26446:26647 [5] NCCL INFO threadThresholds 8/8/64 | 448/8/64 | 8/8/512
ip-0A23040F:42503:42711 [3] NCCL INFO init.cc:765 -> 2
ip-0A230417:26439:26644 [0] NCCL INFO threadThresholds 8/8/64 | 448/8/64 | 8/8/512
ip-0A23040F:42505:42707 [6] NCCL INFO threadThresholds 8/8/64 | 448/8/64 | 8/8/512
ip-0A23040F:42506:42710 [0] NCCL INFO threadThresholds 8/8/64 | 448/8/64 | 8/8/512
ip-0A23040F:42504:42709 [1] NCCL INFO threadThresholds 8/8/64 | 448/8/64 | 8/8/512
