ip-0A230414:69340:69541 [0] NCCL INFO Trees [0] 25/-1/-1->24->16 [1] 26/-1/-1->24->25 [2] 25/-1/-1->24->31 [3] 25/-1/-1->24->31 [4] 25/-1/-1->24->31 [5] 25/-1/-1->24->31 [6] 25/-1/-1->24->31 [7] 25/-1/-1->24->30 [8] 25/32/-1->24->41 [9] 26/17/-1->24->25 [10] 25/-1/-1->24->31 [11] 25/-1/-1->24->31 [12] 25/-1/-1->24->31 [13] 25/-1/-1->24->31 [14] 25/-1/-1->24->31 [15] 25/-1/-1->24->30 [16] 25/-1/-1->24->16 [17] 26/-1/-1->24->25 [18] 25/-1/-1->24->31 [19] 25/-1/-1->24->31 [20] 25/-1/-1->24->31 [21] 25/-1/-1->24->31 [22] 25/-1/-1->24->31 [23] 25/-1/-1->24->30
ip-0A230414:69342:69540 [1] NCCL INFO Trees [0] 26/-1/-1->25->24 [1] 24/-1/-1->25->17 [2] -1/-1/-1->25->24 [3] -1/-1/-1->25->24 [4] 26/-1/-1->25->24 [5] 26/-1/-1->25->24 [6] 26/-1/-1->25->24 [7] 26/-1/-1->25->24 [8] 26/16/-1->25->24 [9] 24/33/-1->25->40 [10] -1/-1/-1->25->24 [11] -1/-1/-1->25->24 [12] 26/-1/-1->25->24 [13] 26/-1/-1->25->24 [14] 26/-1/-1->25->24 [15] 26/-1/-1->25->24 [16] 26/-1/-1->25->24 [17] 24/-1/-1->25->17 [18] -1/-1/-1->25->24 [19] -1/-1/-1->25->24 [20] 26/-1/-1->25->24 [21] 26/-1/-1->25->24 [22] 26/-1/-1->25->24 [23] 26/-1/-1->25->24
ip-0A230406:29424:29632 [5] NCCL INFO Trees [0] 46/-1/-1->45->44 [1] 46/-1/-1->45->44 [2] 46/-1/-1->45->44 [3] 46/-1/-1->45->44 [4] 46/-1/-1->45->44 [5] 44/-1/-1->45->52 [6] -1/-1/-1->45->44 [7] -1/-1/-1->45->44 [8] 46/-1/-1->45->44 [9] 46/-1/-1->45->44 [10] 46/-1/-1->45->44 [11] 46/-1/-1->45->44 [12] 46/28/-1->45->44 [13] 44/5/-1->45->13 [14] -1/-1/-1->45->44 [15] -1/-1/-1->45->44 [16] 46/-1/-1->45->44 [17] 46/-1/-1->45->44 [18] 46/-1/-1->45->44 [19] 46/-1/-1->45->44 [20] 46/-1/-1->45->44 [21] 44/-1/-1->45->52 [22] -1/-1/-1->45->44 [23] -1/-1/-1->45->44
ip-0A230412:82791:83002 [5] NCCL INFO Trees [0] 22/-1/-1->21->20 [1] 22/-1/-1->21->20 [2] 22/-1/-1->21->20 [3] 22/-1/-1->21->20 [4] 22/12/-1->21->20 [5] 20/29/-1->21->36 [6] -1/-1/-1->21->20 [7] -1/-1/-1->21->20 [8] 22/-1/-1->21->20 [9] 22/-1/-1->21->20 [10] 22/-1/-1->21->20 [11] 22/-1/-1->21->20 [12] 22/-1/-1->21->20 [13] 20/-1/-1->21->28 [14] -1/-1/-1->21->20 [15] -1/-1/-1->21->20 [16] 22/-1/-1->21->20 [17] 22/-1/-1->21->20 [18] 22/-1/-1->21->20 [19] 22/-1/-1->21->20 [20] 22/12/-1->21->20 [21] 20/29/-1->21->36 [22] -1/-1/-1->21->20 [23] -1/-1/-1->21->20
ip-0A230414:69336:69542 [2] NCCL INFO Trees [0] 27/-1/-1->26->25 [1] 27/-1/-1->26->24 [2] 27/-1/-1->26->18 [3] 28/-1/-1->26->27 [4] 27/-1/-1->26->25 [5] 27/-1/-1->26->25 [6] 27/-1/-1->26->25 [7] 27/-1/-1->26->25 [8] 27/-1/-1->26->25 [9] 27/-1/-1->26->24 [10] 27/34/-1->26->43 [11] 28/19/-1->26->27 [12] 27/-1/-1->26->25 [13] 27/-1/-1->26->25 [14] 27/-1/-1->26->25 [15] 27/-1/-1->26->25 [16] 27/-1/-1->26->25 [17] 27/-1/-1->26->24 [18] 27/-1/-1->26->18 [19] 28/-1/-1->26->27 [20] 27/-1/-1->26->25 [21] 27/-1/-1->26->25 [22] 27/-1/-1->26->25 [23] 27/-1/-1->26->25
ip-0A230406:29423:29627 [7] NCCL INFO Trees [0] -1/-1/-1->47->46 [1] -1/-1/-1->47->46 [2] 40/-1/-1->47->46 [3] 40/-1/-1->47->46 [4] 40/-1/-1->47->46 [5] 40/-1/-1->47->46 [6] 40/-1/-1->47->46 [7] 46/-1/-1->47->54 [8] -1/-1/-1->47->46 [9] -1/-1/-1->47->46 [10] 40/-1/-1->47->46 [11] 40/-1/-1->47->46 [12] 40/-1/-1->47->46 [13] 40/-1/-1->47->46 [14] 40/30/-1->47->46 [15] 46/7/-1->47->15 [16] -1/-1/-1->47->46 [17] -1/-1/-1->47->46 [18] 40/-1/-1->47->46 [19] 40/-1/-1->47->46 [20] 40/-1/-1->47->46 [21] 40/-1/-1->47->46 [22] 40/-1/-1->47->46 [23] 46/-1/-1->47->54
ip-0A230408:47139:47342 [2] NCCL INFO Trees [0] 51/-1/-1->50->49 [1] 51/-1/-1->50->48 [2] 51/-1/-1->50->34 [3] 52/43/-1->50->51 [4] 51/-1/-1->50->49 [5] 51/-1/-1->50->49 [6] 51/-1/-1->50->49 [7] 51/-1/-1->50->49 [8] 51/-1/-1->50->49 [9] 51/-1/-1->50->48 [10] 51/-1/-1->50->3 [11] 52/-1/-1->50->51 [12] 51/-1/-1->50->49 [13] 51/-1/-1->50->49 [14] 51/-1/-1->50->49 [15] 51/-1/-1->50->49 [16] 51/-1/-1->50->49 [17] 51/-1/-1->50->48 [18] 51/-1/-1->50->34 [19] 52/43/-1->50->51 [20] 51/-1/-1->50->49 [21] 51/-1/-1->50->49 [22] 51/-1/-1->50->49 [23] 51/-1/-1->50->49
ip-0A230412:82797:83009 [6] NCCL INFO Trees [0] 23/-1/-1->22->21 [1] 23/-1/-1->22->21 [2] 23/-1/-1->22->21 [3] 23/-1/-1->22->21 [4] 23/-1/-1->22->21 [5] 23/-1/-1->22->20 [6] 23/30/-1->22->39 [7] 16/15/-1->22->23 [8] 23/-1/-1->22->21 [9] 23/-1/-1->22->21 [10] 23/-1/-1->22->21 [11] 23/-1/-1->22->21 [12] 23/-1/-1->22->21 [13] 23/-1/-1->22->20 [14] 23/-1/-1->22->31 [15] 16/-1/-1->22->23 [16] 23/-1/-1->22->21 [17] 23/-1/-1->22->21 [18] 23/-1/-1->22->21 [19] 23/-1/-1->22->21 [20] 23/-1/-1->22->21 [21] 23/-1/-1->22->20 [22] 23/30/-1->22->39 [23] 16/15/-1->22->23
ip-0A230417:73002:73206 [5] NCCL INFO Trees [0] 38/-1/-1->37->36 [1] 38/-1/-1->37->36 [2] 38/-1/-1->37->36 [3] 38/-1/-1->37->36 [4] 38/20/-1->37->36 [5] 36/53/-1->37->5 [6] -1/-1/-1->37->36 [7] -1/-1/-1->37->36 [8] 38/-1/-1->37->36 [9] 38/-1/-1->37->36 [10] 38/-1/-1->37->36 [11] 38/-1/-1->37->36 [12] 38/-1/-1->37->36 [13] 36/-1/-1->37->29 [14] -1/-1/-1->37->36 [15] -1/-1/-1->37->36 [16] 38/-1/-1->37->36 [17] 38/-1/-1->37->36 [18] 38/-1/-1->37->36 [19] 38/-1/-1->37->36 [20] 38/20/-1->37->36 [21] 36/53/-1->37->5 [22] -1/-1/-1->37->36 [23] -1/-1/-1->37->36
ip-0A230414:69338:69543 [3] NCCL INFO Trees [0] 28/-1/-1->27->26 [1] 28/-1/-1->27->26 [2] 28/-1/-1->27->26 [3] 26/-1/-1->27->19 [4] -1/-1/-1->27->26 [5] -1/-1/-1->27->26 [6] 28/-1/-1->27->26 [7] 28/-1/-1->27->26 [8] 28/-1/-1->27->26 [9] 28/-1/-1->27->26 [10] 28/18/-1->27->26 [11] 26/35/-1->27->42 [12] -1/-1/-1->27->26 [13] -1/-1/-1->27->26 [14] 28/-1/-1->27->26 [15] 28/-1/-1->27->26 [16] 28/-1/-1->27->26 [17] 28/-1/-1->27->26 [18] 28/-1/-1->27->26 [19] 26/-1/-1->27->19 [20] -1/-1/-1->27->26 [21] -1/-1/-1->27->26 [22] 28/-1/-1->27->26 [23] 28/-1/-1->27->26
ip-0A230406:29429:29626 [4] NCCL INFO Trees [0] 45/-1/-1->44->43 [1] 45/-1/-1->44->43 [2] 45/-1/-1->44->43 [3] 45/-1/-1->44->42 [4] 45/-1/-1->44->53 [5] 46/-1/-1->44->45 [6] 45/-1/-1->44->43 [7] 45/-1/-1->44->43 [8] 45/-1/-1->44->43 [9] 45/-1/-1->44->43 [10] 45/-1/-1->44->43 [11] 45/-1/-1->44->42 [12] 45/4/-1->44->12 [13] 46/29/-1->44->45 [14] 45/-1/-1->44->43 [15] 45/-1/-1->44->43 [16] 45/-1/-1->44->43 [17] 45/-1/-1->44->43 [18] 45/-1/-1->44->43 [19] 45/-1/-1->44->42 [20] 45/-1/-1->44->53 [21] 46/-1/-1->44->45 [22] 45/-1/-1->44->43 [23] 45/-1/-1->44->43
ip-0A230408:47138:47341 [3] NCCL INFO Trees [0] 52/-1/-1->51->50 [1] 52/-1/-1->51->50 [2] 52/42/-1->51->50 [3] 50/-1/-1->51->35 [4] -1/-1/-1->51->50 [5] -1/-1/-1->51->50 [6] 52/-1/-1->51->50 [7] 52/-1/-1->51->50 [8] 52/-1/-1->51->50 [9] 52/-1/-1->51->50 [10] 52/-1/-1->51->50 [11] 50/-1/-1->51->2 [12] -1/-1/-1->51->50 [13] -1/-1/-1->51->50 [14] 52/-1/-1->51->50 [15] 52/-1/-1->51->50 [16] 52/-1/-1->51->50 [17] 52/-1/-1->51->50 [18] 52/42/-1->51->50 [19] 50/-1/-1->51->35 [20] -1/-1/-1->51->50 [21] -1/-1/-1->51->50 [22] 52/-1/-1->51->50 [23] 52/-1/-1->51->50
ip-0A230412:82795:83004 [7] NCCL INFO Trees [0] -1/-1/-1->23->22 [1] -1/-1/-1->23->22 [2] 16/-1/-1->23->22 [3] 16/-1/-1->23->22 [4] 16/-1/-1->23->22 [5] 16/-1/-1->23->22 [6] 16/14/-1->23->22 [7] 22/31/-1->23->38 [8] -1/-1/-1->23->22 [9] -1/-1/-1->23->22 [10] 16/-1/-1->23->22 [11] 16/-1/-1->23->22 [12] 16/-1/-1->23->22 [13] 16/-1/-1->23->22 [14] 16/-1/-1->23->22 [15] 22/-1/-1->23->30 [16] -1/-1/-1->23->22 [17] -1/-1/-1->23->22 [18] 16/-1/-1->23->22 [19] 16/-1/-1->23->22 [20] 16/-1/-1->23->22 [21] 16/-1/-1->23->22 [22] 16/14/-1->23->22 [23] 22/31/-1->23->38
ip-0A230417:73003:73210 [6] NCCL INFO Trees [0] 39/-1/-1->38->37 [1] 39/-1/-1->38->37 [2] 39/-1/-1->38->37 [3] 39/-1/-1->38->37 [4] 39/-1/-1->38->37 [5] 39/-1/-1->38->36 [6] 39/54/-1->38->6 [7] 32/23/-1->38->39 [8] 39/-1/-1->38->37 [9] 39/-1/-1->38->37 [10] 39/-1/-1->38->37 [11] 39/-1/-1->38->37 [12] 39/-1/-1->38->37 [13] 39/-1/-1->38->36 [14] 39/-1/-1->38->30 [15] 32/-1/-1->38->39 [16] 39/-1/-1->38->37 [17] 39/-1/-1->38->37 [18] 39/-1/-1->38->37 [19] 39/-1/-1->38->37 [20] 39/-1/-1->38->37 [21] 39/-1/-1->38->36 [22] 39/54/-1->38->6 [23] 32/23/-1->38->39
ip-0A230414:69343:69544 [4] NCCL INFO Trees [0] 29/-1/-1->28->27 [1] 29/-1/-1->28->27 [2] 29/-1/-1->28->27 [3] 29/-1/-1->28->26 [4] 29/-1/-1->28->20 [5] 30/-1/-1->28->29 [6] 29/-1/-1->28->27 [7] 29/-1/-1->28->27 [8] 29/-1/-1->28->27 [9] 29/-1/-1->28->27 [10] 29/-1/-1->28->27 [11] 29/-1/-1->28->26 [12] 29/36/-1->28->45 [13] 30/21/-1->28->29 [14] 29/-1/-1->28->27 [15] 29/-1/-1->28->27 [16] 29/-1/-1->28->27 [17] 29/-1/-1->28->27 [18] 29/-1/-1->28->27 [19] 29/-1/-1->28->26 [20] 29/-1/-1->28->20 [21] 30/-1/-1->28->29 [22] 29/-1/-1->28->27 [23] 29/-1/-1->28->27
ip-0A230406:29428:29633 [6] NCCL INFO Trees [0] 47/-1/-1->46->45 [1] 47/-1/-1->46->45 [2] 47/-1/-1->46->45 [3] 47/-1/-1->46->45 [4] 47/-1/-1->46->45 [5] 47/-1/-1->46->44 [6] 47/-1/-1->46->55 [7] 40/-1/-1->46->47 [8] 47/-1/-1->46->45 [9] 47/-1/-1->46->45 [10] 47/-1/-1->46->45 [11] 47/-1/-1->46->45 [12] 47/-1/-1->46->45 [13] 47/-1/-1->46->44 [14] 47/6/-1->46->14 [15] 40/31/-1->46->47 [16] 47/-1/-1->46->45 [17] 47/-1/-1->46->45 [18] 47/-1/-1->46->45 [19] 47/-1/-1->46->45 [20] 47/-1/-1->46->45 [21] 47/-1/-1->46->44 [22] 47/-1/-1->46->55 [23] 40/-1/-1->46->47
ip-0A230408:47132:47336 [0] NCCL INFO Trees [0] 49/-1/-1->48->32 [1] 50/41/-1->48->49 [2] 49/-1/-1->48->55 [3] 49/-1/-1->48->55 [4] 49/-1/-1->48->55 [5] 49/-1/-1->48->55 [6] 49/-1/-1->48->55 [7] 49/-1/-1->48->54 [8] 49/-1/-1->48->1 [9] 50/-1/-1->48->49 [10] 49/-1/-1->48->55 [11] 49/-1/-1->48->55 [12] 49/-1/-1->48->55 [13] 49/-1/-1->48->55 [14] 49/-1/-1->48->55 [15] 49/-1/-1->48->54 [16] 49/-1/-1->48->32 [17] 50/41/-1->48->49 [18] 49/-1/-1->48->55 [19] 49/-1/-1->48->55 [20] 49/-1/-1->48->55 [21] 49/-1/-1->48->55 [22] 49/-1/-1->48->55 [23] 49/-1/-1->48->54
ip-0A230417:73004:73211 [7] NCCL INFO Trees [0] -1/-1/-1->39->38 [1] -1/-1/-1->39->38 [2] 32/-1/-1->39->38 [3] 32/-1/-1->39->38 [4] 32/-1/-1->39->38 [5] 32/-1/-1->39->38 [6] 32/22/-1->39->38 [7] 38/55/-1->39->7 [8] -1/-1/-1->39->38 [9] -1/-1/-1->39->38 [10] 32/-1/-1->39->38 [11] 32/-1/-1->39->38 [12] 32/-1/-1->39->38 [13] 32/-1/-1->39->38 [14] 32/-1/-1->39->38 [15] 38/-1/-1->39->31 [16] -1/-1/-1->39->38 [17] -1/-1/-1->39->38 [18] 32/-1/-1->39->38 [19] 32/-1/-1->39->38 [20] 32/-1/-1->39->38 [21] 32/-1/-1->39->38 [22] 32/22/-1->39->38 [23] 38/55/-1->39->7
ip-0A230406:29426:29630 [3] NCCL INFO Trees [0] 44/-1/-1->43->42 [1] 44/-1/-1->43->42 [2] 44/-1/-1->43->42 [3] 42/-1/-1->43->50 [4] -1/-1/-1->43->42 [5] -1/-1/-1->43->42 [6] 44/-1/-1->43->42 [7] 44/-1/-1->43->42 [8] 44/-1/-1->43->42 [9] 44/-1/-1->43->42 [10] 44/26/-1->43->42 [11] 42/3/-1->43->11 [12] -1/-1/-1->43->42 [13] -1/-1/-1->43->42 [14] 44/-1/-1->43->42 [15] 44/-1/-1->43->42 [16] 44/-1/-1->43->42 [17] 44/-1/-1->43->42 [18] 44/-1/-1->43->42 [19] 42/-1/-1->43->50 [20] -1/-1/-1->43->42 [21] -1/-1/-1->43->42 [22] 44/-1/-1->43->42 [23] 44/-1/-1->43->42
ip-0A230408:47135:47335 [1] NCCL INFO Trees [0] 50/40/-1->49->48 [1] 48/-1/-1->49->33 [2] -1/-1/-1->49->48 [3] -1/-1/-1->49->48 [4] 50/-1/-1->49->48 [5] 50/-1/-1->49->48 [6] 50/-1/-1->49->48 [7] 50/-1/-1->49->48 [8] 50/-1/-1->49->48 [9] 48/-1/-1->49->0 [10] -1/-1/-1->49->48 [11] -1/-1/-1->49->48 [12] 50/-1/-1->49->48 [13] 50/-1/-1->49->48 [14] 50/-1/-1->49->48 [15] 50/-1/-1->49->48 [16] 50/40/-1->49->48 [17] 48/-1/-1->49->33 [18] -1/-1/-1->49->48 [19] -1/-1/-1->49->48 [20] 50/-1/-1->49->48 [21] 50/-1/-1->49->48 [22] 50/-1/-1->49->48 [23] 50/-1/-1->49->48
ip-0A230417:73006:73212 [0] NCCL INFO Trees [0] 33/48/-1->32->0 [1] 34/17/-1->32->33 [2] 33/-1/-1->32->39 [3] 33/-1/-1->32->39 [4] 33/-1/-1->32->39 [5] 33/-1/-1->32->39 [6] 33/-1/-1->32->39 [7] 33/-1/-1->32->38 [8] 33/-1/-1->32->24 [9] 34/-1/-1->32->33 [10] 33/-1/-1->32->39 [11] 33/-1/-1->32->39 [12] 33/-1/-1->32->39 [13] 33/-1/-1->32->39 [14] 33/-1/-1->32->39 [15] 33/-1/-1->32->38 [16] 33/48/-1->32->0 [17] 34/17/-1->32->33 [18] 33/-1/-1->32->39 [19] 33/-1/-1->32->39 [20] 33/-1/-1->32->39 [21] 33/-1/-1->32->39 [22] 33/-1/-1->32->39 [23] 33/-1/-1->32->38
ip-0A230417:73005:73207 [1] NCCL INFO Trees [0] 34/16/-1->33->32 [1] 32/49/-1->33->1 [2] -1/-1/-1->33->32 [3] -1/-1/-1->33->32 [4] 34/-1/-1->33->32 [5] 34/-1/-1->33->32 [6] 34/-1/-1->33->32 [7] 34/-1/-1->33->32 [8] 34/-1/-1->33->32 [9] 32/-1/-1->33->25 [10] -1/-1/-1->33->32 [11] -1/-1/-1->33->32 [12] 34/-1/-1->33->32 [13] 34/-1/-1->33->32 [14] 34/-1/-1->33->32 [15] 34/-1/-1->33->32 [16] 34/16/-1->33->32 [17] 32/49/-1->33->1 [18] -1/-1/-1->33->32 [19] -1/-1/-1->33->32 [20] 34/-1/-1->33->32 [21] 34/-1/-1->33->32 [22] 34/-1/-1->33->32 [23] 34/-1/-1->33->32
ip-0A230414:69341:69545 [5] NCCL INFO Trees [0] 30/-1/-1->29->28 [1] 30/-1/-1->29->28 [2] 30/-1/-1->29->28 [3] 30/-1/-1->29->28 [4] 30/-1/-1->29->28 [5] 28/-1/-1->29->21 [6] -1/-1/-1->29->28 [7] -1/-1/-1->29->28 [8] 30/-1/-1->29->28 [9] 30/-1/-1->29->28 [10] 30/-1/-1->29->28 [11] 30/-1/-1->29->28 [12] 30/20/-1->29->28 [13] 28/37/-1->29->44 [14] -1/-1/-1->29->28 [15] -1/-1/-1->29->28 [16] 30/-1/-1->29->28 [17] 30/-1/-1->29->28 [18] 30/-1/-1->29->28 [19] 30/-1/-1->29->28 [20] 30/-1/-1->29->28 [21] 28/-1/-1->29->21 [22] -1/-1/-1->29->28 [23] -1/-1/-1->29->28
ip-0A230406:29425:29631 [2] NCCL INFO Trees [0] 43/-1/-1->42->41 [1] 43/-1/-1->42->40 [2] 43/-1/-1->42->51 [3] 44/-1/-1->42->43 [4] 43/-1/-1->42->41 [5] 43/-1/-1->42->41 [6] 43/-1/-1->42->41 [7] 43/-1/-1->42->41 [8] 43/-1/-1->42->41 [9] 43/-1/-1->42->40 [10] 43/2/-1->42->10 [11] 44/27/-1->42->43 [12] 43/-1/-1->42->41 [13] 43/-1/-1->42->41 [14] 43/-1/-1->42->41 [15] 43/-1/-1->42->41 [16] 43/-1/-1->42->41 [17] 43/-1/-1->42->40 [18] 43/-1/-1->42->51 [19] 44/-1/-1->42->43 [20] 43/-1/-1->42->41 [21] 43/-1/-1->42->41 [22] 43/-1/-1->42->41 [23] 43/-1/-1->42->41
ip-0A230414:69337:69546 [6] NCCL INFO Trees [0] 31/-1/-1->30->29 [1] 31/-1/-1->30->29 [2] 31/-1/-1->30->29 [3] 31/-1/-1->30->29 [4] 31/-1/-1->30->29 [5] 31/-1/-1->30->28 [6] 31/-1/-1->30->22 [7] 24/-1/-1->30->31 [8] 31/-1/-1->30->29 [9] 31/-1/-1->30->29 [10] 31/-1/-1->30->29 [11] 31/-1/-1->30->29 [12] 31/-1/-1->30->29 [13] 31/-1/-1->30->28 [14] 31/38/-1->30->47 [15] 24/23/-1->30->31 [16] 31/-1/-1->30->29 [17] 31/-1/-1->30->29 [18] 31/-1/-1->30->29 [19] 31/-1/-1->30->29 [20] 31/-1/-1->30->29 [21] 31/-1/-1->30->28 [22] 31/-1/-1->30->22 [23] 24/-1/-1->30->31
ip-0A230406:29422:29628 [0] NCCL INFO Trees [0] 41/-1/-1->40->49 [1] 42/-1/-1->40->41 [2] 41/-1/-1->40->47 [3] 41/-1/-1->40->47 [4] 41/-1/-1->40->47 [5] 41/-1/-1->40->47 [6] 41/-1/-1->40->47 [7] 41/-1/-1->40->46 [8] 41/0/-1->40->8 [9] 42/25/-1->40->41 [10] 41/-1/-1->40->47 [11] 41/-1/-1->40->47 [12] 41/-1/-1->40->47 [13] 41/-1/-1->40->47 [14] 41/-1/-1->40->47 [15] 41/-1/-1->40->46 [16] 41/-1/-1->40->49 [17] 42/-1/-1->40->41 [18] 41/-1/-1->40->47 [19] 41/-1/-1->40->47 [20] 41/-1/-1->40->47 [21] 41/-1/-1->40->47 [22] 41/-1/-1->40->47 [23] 41/-1/-1->40->46
ip-0A230414:69339:69547 [7] NCCL INFO Trees [0] -1/-1/-1->31->30 [1] -1/-1/-1->31->30 [2] 24/-1/-1->31->30 [3] 24/-1/-1->31->30 [4] 24/-1/-1->31->30 [5] 24/-1/-1->31->30 [6] 24/-1/-1->31->30 [7] 30/-1/-1->31->23 [8] -1/-1/-1->31->30 [9] -1/-1/-1->31->30 [10] 24/-1/-1->31->30 [11] 24/-1/-1->31->30 [12] 24/-1/-1->31->30 [13] 24/-1/-1->31->30 [14] 24/22/-1->31->30 [15] 30/39/-1->31->46 [16] -1/-1/-1->31->30 [17] -1/-1/-1->31->30 [18] 24/-1/-1->31->30 [19] 24/-1/-1->31->30 [20] 24/-1/-1->31->30 [21] 24/-1/-1->31->30 [22] 24/-1/-1->31->30 [23] 30/-1/-1->31->23
ip-0A230406:29430:29629 [1] NCCL INFO Trees [0] 42/-1/-1->41->40 [1] 40/-1/-1->41->48 [2] -1/-1/-1->41->40 [3] -1/-1/-1->41->40 [4] 42/-1/-1->41->40 [5] 42/-1/-1->41->40 [6] 42/-1/-1->41->40 [7] 42/-1/-1->41->40 [8] 42/24/-1->41->40 [9] 40/1/-1->41->9 [10] -1/-1/-1->41->40 [11] -1/-1/-1->41->40 [12] 42/-1/-1->41->40 [13] 42/-1/-1->41->40 [14] 42/-1/-1->41->40 [15] 42/-1/-1->41->40 [16] 42/-1/-1->41->40 [17] 40/-1/-1->41->48 [18] -1/-1/-1->41->40 [19] -1/-1/-1->41->40 [20] 42/-1/-1->41->40 [21] 42/-1/-1->41->40 [22] 42/-1/-1->41->40 [23] 42/-1/-1->41->40
ip-0A230417:73001:73208 [2] NCCL INFO Trees [0] 35/-1/-1->34->33 [1] 35/-1/-1->34->32 [2] 35/50/-1->34->2 [3] 36/19/-1->34->35 [4] 35/-1/-1->34->33 [5] 35/-1/-1->34->33 [6] 35/-1/-1->34->33 [7] 35/-1/-1->34->33 [8] 35/-1/-1->34->33 [9] 35/-1/-1->34->32 [10] 35/-1/-1->34->26 [11] 36/-1/-1->34->35 [12] 35/-1/-1->34->33 [13] 35/-1/-1->34->33 [14] 35/-1/-1->34->33 [15] 35/-1/-1->34->33 [16] 35/-1/-1->34->33 [17] 35/-1/-1->34->32 [18] 35/50/-1->34->2 [19] 36/19/-1->34->35 [20] 35/-1/-1->34->33 [21] 35/-1/-1->34->33 [22] 35/-1/-1->34->33 [23] 35/-1/-1->34->33
ip-0A230417:73007:73213 [3] NCCL INFO Trees [0] 36/-1/-1->35->34 [1] 36/-1/-1->35->34 [2] 36/18/-1->35->34 [3] 34/51/-1->35->3 [4] -1/-1/-1->35->34 [5] -1/-1/-1->35->34 [6] 36/-1/-1->35->34 [7] 36/-1/-1->35->34 [8] 36/-1/-1->35->34 [9] 36/-1/-1->35->34 [10] 36/-1/-1->35->34 [11] 34/-1/-1->35->27 [12] -1/-1/-1->35->34 [13] -1/-1/-1->35->34 [14] 36/-1/-1->35->34 [15] 36/-1/-1->35->34 [16] 36/-1/-1->35->34 [17] 36/-1/-1->35->34 [18] 36/18/-1->35->34 [19] 34/51/-1->35->3 [20] -1/-1/-1->35->34 [21] -1/-1/-1->35->34 [22] 36/-1/-1->35->34 [23] 36/-1/-1->35->34
ip-0A230417:73000:73209 [4] NCCL INFO Trees [0] 37/-1/-1->36->35 [1] 37/-1/-1->36->35 [2] 37/-1/-1->36->35 [3] 37/-1/-1->36->34 [4] 37/52/-1->36->4 [5] 38/21/-1->36->37 [6] 37/-1/-1->36->35 [7] 37/-1/-1->36->35 [8] 37/-1/-1->36->35 [9] 37/-1/-1->36->35 [10] 37/-1/-1->36->35 [11] 37/-1/-1->36->34 [12] 37/-1/-1->36->28 [13] 38/-1/-1->36->37 [14] 37/-1/-1->36->35 [15] 37/-1/-1->36->35 [16] 37/-1/-1->36->35 [17] 37/-1/-1->36->35 [18] 37/-1/-1->36->35 [19] 37/-1/-1->36->34 [20] 37/52/-1->36->4 [21] 38/21/-1->36->37 [22] 37/-1/-1->36->35 [23] 37/-1/-1->36->35
ip-0A23040D:23637:23853 [1] NCCL INFO Trees [0] 2/-1/-1->1->0 [1] 0/33/-1->1->-1 [2] -1/-1/-1->1->0 [3] -1/-1/-1->1->0 [4] 2/-1/-1->1->0 [5] 2/-1/-1->1->0 [6] 2/-1/-1->1->0 [7] 2/-1/-1->1->0 [8] 2/48/-1->1->0 [9] 0/-1/-1->1->41 [10] -1/-1/-1->1->0 [11] -1/-1/-1->1->0 [12] 2/-1/-1->1->0 [13] 2/-1/-1->1->0 [14] 2/-1/-1->1->0 [15] 2/-1/-1->1->0 [16] 2/-1/-1->1->0 [17] 0/33/-1->1->-1 [18] -1/-1/-1->1->0 [19] -1/-1/-1->1->0 [20] 2/-1/-1->1->0 [21] 2/-1/-1->1->0 [22] 2/-1/-1->1->0 [23] 2/-1/-1->1->0
ip-0A23040D:23643:23855 [2] NCCL INFO Trees [0] 3/-1/-1->2->1 [1] 3/-1/-1->2->0 [2] 3/34/-1->2->-1 [3] 4/-1/-1->2->3 [4] 3/-1/-1->2->1 [5] 3/-1/-1->2->1 [6] 3/-1/-1->2->1 [7] 3/-1/-1->2->1 [8] 3/-1/-1->2->1 [9] 3/-1/-1->2->0 [10] 3/-1/-1->2->42 [11] 4/51/-1->2->3 [12] 3/-1/-1->2->1 [13] 3/-1/-1->2->1 [14] 3/-1/-1->2->1 [15] 3/-1/-1->2->1 [16] 3/-1/-1->2->1 [17] 3/-1/-1->2->0 [18] 3/34/-1->2->-1 [19] 4/-1/-1->2->3 [20] 3/-1/-1->2->1 [21] 3/-1/-1->2->1 [22] 3/-1/-1->2->1 [23] 3/-1/-1->2->1
ip-0A23040D:23641:23852 [0] NCCL INFO Channel 09/24 :    0   9  15  14  13  12  11  10   8  17  23  22  21  20  19  18  16  25  31  30
ip-0A23040D:23641:23852 [0] NCCL INFO Channel 10/24 :    0   7   6   5   4   3  10   9   8  15  14  13  12  11  18  17  16  23  22  21
ip-0A23040D:23641:23852 [0] NCCL INFO Channel 11/24 :    0   7   6   5   4   2  11   9   8  15  14  13  12  10  19  17  16  23  22  21
ip-0A23040D:23641:23852 [0] NCCL INFO Channel 12/24 :    0   7   6   5  12  11  10   9   8  15  14  13  20  19  18  17  16  23  22  21
ip-0A23040D:23641:23852 [0] NCCL INFO Channel 13/24 :    0   7   6   4  13  11  10   9   8  15  14  12  21  19  18  17  16  23  22  20
ip-0A23040D:23641:23852 [0] NCCL INFO Channel 14/24 :    0   7  14  13  12  11  10   9   8  15  22  21  20  19  18  17  16  23  30  29
ip-0A23040D:23639:23851 [6] NCCL INFO Trees [0] 7/-1/-1->6->5 [1] 7/-1/-1->6->5 [2] 7/-1/-1->6->5 [3] 7/-1/-1->6->5 [4] 7/-1/-1->6->5 [5] 7/-1/-1->6->4 [6] 7/38/-1->6->-1 [7] 0/-1/-1->6->7 [8] 7/-1/-1->6->5 [9] 7/-1/-1->6->5 [10] 7/-1/-1->6->5 [11] 7/-1/-1->6->5 [12] 7/-1/-1->6->5 [13] 7/-1/-1->6->4 [14] 7/-1/-1->6->46 [15] 0/55/-1->6->7 [16] 7/-1/-1->6->5 [17] 7/-1/-1->6->5 [18] 7/-1/-1->6->5 [19] 7/-1/-1->6->5 [20] 7/-1/-1->6->5 [21] 7/-1/-1->6->4 [22] 7/38/-1->6->-1 [23] 0/-1/-1->6->7
ip-0A23040D:23640:23850 [7] NCCL INFO Trees [0] -1/-1/-1->7->6 [1] -1/-1/-1->7->6 [2] 0/-1/-1->7->6 [3] 0/-1/-1->7->6 [4] 0/-1/-1->7->6 [5] 0/-1/-1->7->6 [6] 0/-1/-1->7->6 [7] 6/39/-1->7->-1 [8] -1/-1/-1->7->6 [9] -1/-1/-1->7->6 [10] 0/-1/-1->7->6 [11] 0/-1/-1->7->6 [12] 0/-1/-1->7->6 [13] 0/-1/-1->7->6 [14] 0/54/-1->7->6 [15] 6/-1/-1->7->47 [16] -1/-1/-1->7->6 [17] -1/-1/-1->7->6 [18] 0/-1/-1->7->6 [19] 0/-1/-1->7->6 [20] 0/-1/-1->7->6 [21] 0/-1/-1->7->6 [22] 0/-1/-1->7->6 [23] 6/39/-1->7->-1
ip-0A23040D:23641:23852 [0] NCCL INFO Channel 15/24 :    0   6  15  13  12  11  10   9   8  14  23  21  20  19  18  17  16  22  31  29
ip-0A23040D:23641:23852 [0] NCCL INFO Channel 16/24 :    0   7   6   5   4   3   2   1   8  15  14  13  12  11  10   9  16  23  22  21
ip-0A23040D:23641:23852 [0] NCCL INFO Channel 17/24 :    0   9  15  14  13  12  11  10   8  17  23  22  21  20  19  18  16  25  31  30
ip-0A23040D:23641:23852 [0] NCCL INFO Channel 18/24 :    0   7   6   5   4   3  10   9   8  15  14  13  12  11  18  17  16  23  22  21
ip-0A23040D:23638:23854 [3] NCCL INFO Trees [0] 4/-1/-1->3->2 [1] 4/-1/-1->3->2 [2] 4/-1/-1->3->2 [3] 2/35/-1->3->-1 [4] -1/-1/-1->3->2 [5] -1/-1/-1->3->2 [6] 4/-1/-1->3->2 [7] 4/-1/-1->3->2 [8] 4/-1/-1->3->2 [9] 4/-1/-1->3->2 [10] 4/50/-1->3->2 [11] 2/-1/-1->3->43 [12] -1/-1/-1->3->2 [13] -1/-1/-1->3->2 [14] 4/-1/-1->3->2 [15] 4/-1/-1->3->2 [16] 4/-1/-1->3->2 [17] 4/-1/-1->3->2 [18] 4/-1/-1->3->2 [19] 2/35/-1->3->-1 [20] -1/-1/-1->3->2 [21] -1/-1/-1->3->2 [22] 4/-1/-1->3->2 [23] 4/-1/-1->3->2
ip-0A23040D:23636:23848 [4] NCCL INFO Trees [0] 5/-1/-1->4->3 [1] 5/-1/-1->4->3 [2] 5/-1/-1->4->3 [3] 5/-1/-1->4->2 [4] 5/36/-1->4->-1 [5] 6/-1/-1->4->5 [6] 5/-1/-1->4->3 [7] 5/-1/-1->4->3 [8] 5/-1/-1->4->3 [9] 5/-1/-1->4->3 [10] 5/-1/-1->4->3 [11] 5/-1/-1->4->2 [12] 5/-1/-1->4->44 [13] 6/53/-1->4->5 [14] 5/-1/-1->4->3 [15] 5/-1/-1->4->3 [16] 5/-1/-1->4->3 [17] 5/-1/-1->4->3 [18] 5/-1/-1->4->3 [19] 5/-1/-1->4->2 [20] 5/36/-1->4->-1 [21] 6/-1/-1->4->5 [22] 5/-1/-1->4->3 [23] 5/-1/-1->4->3
ip-0A23040D:23642:23849 [5] NCCL INFO Trees [0] 6/-1/-1->5->4 [1] 6/-1/-1->5->4 [2] 6/-1/-1->5->4 [3] 6/-1/-1->5->4 [4] 6/-1/-1->5->4 [5] 4/37/-1->5->-1 [6] -1/-1/-1->5->4 [7] -1/-1/-1->5->4 [8] 6/-1/-1->5->4 [9] 6/-1/-1->5->4 [10] 6/-1/-1->5->4 [11] 6/-1/-1->5->4 [12] 6/52/-1->5->4 [13] 4/-1/-1->5->45 [14] -1/-1/-1->5->4 [15] -1/-1/-1->5->4 [16] 6/-1/-1->5->4 [17] 6/-1/-1->5->4 [18] 6/-1/-1->5->4 [19] 6/-1/-1->5->4 [20] 6/-1/-1->5->4 [21] 4/37/-1->5->-1 [22] -1/-1/-1->5->4 [23] -1/-1/-1->5->4
ip-0A23040D:23641:23852 [0] NCCL INFO Channel 19/24 :    0   7   6   5   4   2  11   9   8  15  14  13  12  10  19  17  16  23  22  21
ip-0A23040D:23641:23852 [0] NCCL INFO Channel 20/24 :    0   7   6   5  12  11  10   9   8  15  14  13  20  19  18  17  16  23  22  21
ip-0A23040D:23641:23852 [0] NCCL INFO Channel 21/24 :    0   7   6   4  13  11  10   9   8  15  14  12  21  19  18  17  16  23  22  20
ip-0A23040D:23641:23852 [0] NCCL INFO Channel 22/24 :    0   7  14  13  12  11  10   9   8  15  22  21  20  19  18  17  16  23  30  29
ip-0A23040D:23641:23852 [0] NCCL INFO Channel 23/24 :    0   6  15  13  12  11  10   9   8  14  23  21  20  19  18  17  16  22  31  29
ip-0A23040D:23641:23852 [0] NCCL INFO Trees [0] 1/32/-1->0->-1 [1] 2/-1/-1->0->1 [2] 1/-1/-1->0->7 [3] 1/-1/-1->0->7 [4] 1/-1/-1->0->7 [5] 1/-1/-1->0->7 [6] 1/-1/-1->0->7 [7] 1/-1/-1->0->6 [8] 1/-1/-1->0->40 [9] 2/49/-1->0->1 [10] 1/-1/-1->0->7 [11] 1/-1/-1->0->7 [12] 1/-1/-1->0->7 [13] 1/-1/-1->0->7 [14] 1/-1/-1->0->7 [15] 1/-1/-1->0->6 [16] 1/32/-1->0->-1 [17] 2/-1/-1->0->1 [18] 1/-1/-1->0->7 [19] 1/-1/-1->0->7 [20] 1/-1/-1->0->7 [21] 1/-1/-1->0->7 [22] 1/-1/-1->0->7 [23] 1/-1/-1->0->6
ip-0A23040F:88482:88695 [0] NCCL INFO Channel 07 : 8[100000] -> 14[d00000] via P2P/IPC/read
ip-0A230412:82798:83006 [0] NCCL INFO Channel 07 : 16[100000] -> 22[d00000] via P2P/IPC/read
ip-0A230406:29422:29628 [0] NCCL INFO Channel 07 : 40[100000] -> 46[d00000] via P2P/IPC/read
ip-0A230417:73006:73212 [0] NCCL INFO Channel 07 : 32[100000] -> 38[d00000] via P2P/IPC/read
ip-0A230414:69340:69541 [0] NCCL INFO Channel 07 : 24[100000] -> 30[d00000] via P2P/IPC/read
ip-0A230408:47132:47336 [0] NCCL INFO Channel 07 : 48[100000] -> 54[d00000] via P2P/IPC/read
ip-0A23040F:88482:88695 [0] NCCL INFO Channel 15 : 8[100000] -> 14[d00000] via P2P/IPC/read
ip-0A230412:82798:83006 [0] NCCL INFO Channel 15 : 16[100000] -> 22[d00000] via P2P/IPC/read
ip-0A230406:29422:29628 [0] NCCL INFO Channel 15 : 40[100000] -> 46[d00000] via P2P/IPC/read
ip-0A230417:73006:73212 [0] NCCL INFO Channel 15 : 32[100000] -> 38[d00000] via P2P/IPC/read
ip-0A230414:69340:69541 [0] NCCL INFO Channel 15 : 24[100000] -> 30[d00000] via P2P/IPC/read
ip-0A230408:47132:47336 [0] NCCL INFO Channel 15 : 48[100000] -> 54[d00000] via P2P/IPC/read
ip-0A23040F:88482:88695 [0] NCCL INFO Channel 23 : 8[100000] -> 14[d00000] via P2P/IPC/read
ip-0A230406:29422:29628 [0] NCCL INFO Channel 23 : 40[100000] -> 46[d00000] via P2P/IPC/read
ip-0A230412:82798:83006 [0] NCCL INFO Channel 23 : 16[100000] -> 22[d00000] via P2P/IPC/read
ip-0A230414:69340:69541 [0] NCCL INFO Channel 23 : 24[100000] -> 30[d00000] via P2P/IPC/read
ip-0A230417:73006:73212 [0] NCCL INFO Channel 23 : 32[100000] -> 38[d00000] via P2P/IPC/read
ip-0A230408:47132:47336 [0] NCCL INFO Channel 23 : 48[100000] -> 54[d00000] via P2P/IPC/read
ip-0A230412:82806:83008 [1] NCCL INFO Channel 01 : 17[200000] -> 23[e00000] via P2P/IPC/read
ip-0A230414:69343:69544 [4] NCCL INFO Channel 04/0 : 21[c00000] -> 28[b00000] [receive] via NET/IBext/4/GDRDMA
ip-0A230408:47137:47339 [5] NCCL INFO Channel 04/0 : 53[c00000] -> 4[b00000] [send] via NET/IBext/4/GDRDMA
ip-0A230414:69342:69540 [1] NCCL INFO Channel 01 : 25[200000] -> 31[e00000] via P2P/IPC/read
ip-0A230414:69343:69544 [4] NCCL INFO Channel 12/0 : 21[c00000] -> 28[b00000] [receive] via NET/IBext/4/GDRDMA
ip-0A230414:69343:69544 [4] NCCL INFO Channel 20/0 : 21[c00000] -> 28[b00000] [receive] via NET/IBext/4/GDRDMA
ip-0A230408:47137:47339 [5] NCCL INFO Channel 12/0 : 53[c00000] -> 4[b00000] [send] via NET/IBext/4/GDRDMA
ip-0A230408:47137:47339 [5] NCCL INFO Channel 20/0 : 53[c00000] -> 4[b00000] [send] via NET/IBext/4/GDRDMA
ip-0A23040F:88488:88696 [1] NCCL INFO Channel 01 : 9[200000] -> 15[e00000] via P2P/IPC/read
ip-0A230406:29424:29632 [5] NCCL INFO Channel 04/0 : 45[c00000] -> 52[b00000] [send] via NET/IBext/4/GDRDMA
ip-0A230406:29424:29632 [5] NCCL INFO Channel 12/0 : 45[c00000] -> 52[b00000] [send] via NET/IBext/4/GDRDMA
ip-0A230406:29424:29632 [5] NCCL INFO Channel 20/0 : 45[c00000] -> 52[b00000] [send] via NET/IBext/4/GDRDMA
ip-0A230406:29430:29629 [1] NCCL INFO Channel 01 : 41[200000] -> 47[e00000] via P2P/IPC/read
ip-0A23040F:88487:88699 [5] NCCL INFO Channel 04/0 : 13[c00000] -> 20[b00000] [send] via NET/IBext/4/GDRDMA
ip-0A230406:29429:29626 [4] NCCL INFO Channel 04/0 : 37[c00000] -> 44[b00000] [receive] via NET/IBext/4/GDRDMA
ip-0A23040F:88487:88699 [5] NCCL INFO Channel 12/0 : 13[c00000] -> 20[b00000] [send] via NET/IBext/4/GDRDMA
ip-0A23040F:88487:88699 [5] NCCL INFO Channel 20/0 : 13[c00000] -> 20[b00000] [send] via NET/IBext/4/GDRDMA
ip-0A230406:29429:29626 [4] NCCL INFO Channel 12/0 : 37[c00000] -> 44[b00000] [receive] via NET/IBext/4/GDRDMA
ip-0A230406:29429:29626 [4] NCCL INFO Channel 20/0 : 37[c00000] -> 44[b00000] [receive] via NET/IBext/4/GDRDMA
ip-0A23040F:88483:88694 [3] NCCL INFO Channel 02/0 : 11[400000] -> 18[300000] [send] via NET/IBext/2/GDRDMA
ip-0A230406:29426:29630 [3] NCCL INFO Channel 02/0 : 43[400000] -> 50[300000] [send] via NET/IBext/2/GDRDMA
ip-0A23040F:88483:88694 [3] NCCL INFO Channel 10/0 : 11[400000] -> 18[300000] [send] via NET/IBext/2/GDRDMA
ip-0A23040F:88483:88694 [3] NCCL INFO Channel 18/0 : 11[400000] -> 18[300000] [send] via NET/IBext/2/GDRDMA
ip-0A230412:82794:83005 [4] NCCL INFO Channel 04/0 : 13[c00000] -> 20[b00000] [receive] via NET/IBext/4/GDRDMA
ip-0A230417:73005:73207 [1] NCCL INFO Channel 01 : 33[200000] -> 39[e00000] via P2P/IPC/read
ip-0A230406:29426:29630 [3] NCCL INFO Channel 10/0 : 43[400000] -> 50[300000] [send] via NET/IBext/2/GDRDMA
ip-0A230412:82794:83005 [4] NCCL INFO Channel 12/0 : 13[c00000] -> 20[b00000] [receive] via NET/IBext/4/GDRDMA
ip-0A230412:82794:83005 [4] NCCL INFO Channel 20/0 : 13[c00000] -> 20[b00000] [receive] via NET/IBext/4/GDRDMA
ip-0A230414:69342:69540 [1] NCCL INFO Channel 09 : 25[200000] -> 31[e00000] via P2P/IPC/read
ip-0A23040F:88488:88696 [1] NCCL INFO Channel 09 : 9[200000] -> 15[e00000] via P2P/IPC/read
ip-0A230406:29426:29630 [3] NCCL INFO Channel 18/0 : 43[400000] -> 50[300000] [send] via NET/IBext/2/GDRDMA
ip-0A230412:82806:83008 [1] NCCL INFO Channel 09 : 17[200000] -> 23[e00000] via P2P/IPC/read
ip-0A230412:82791:83002 [5] NCCL INFO Channel 04/0 : 21[c00000] -> 28[b00000] [send] via NET/IBext/4/GDRDMA
ip-0A230414:69338:69543 [3] NCCL INFO Channel 02/0 : 27[400000] -> 34[300000] [send] via NET/IBext/2/GDRDMA
ip-0A230414:69338:69543 [3] NCCL INFO Channel 10/0 : 27[400000] -> 34[300000] [send] via NET/IBext/2/GDRDMA
ip-0A230406:29425:29631 [2] NCCL INFO Channel 02/0 : 35[400000] -> 42[300000] [receive] via NET/IBext/2/GDRDMA
ip-0A230412:82791:83002 [5] NCCL INFO Channel 12/0 : 21[c00000] -> 28[b00000] [send] via NET/IBext/4/GDRDMA
ip-0A230412:82791:83002 [5] NCCL INFO Channel 20/0 : 21[c00000] -> 28[b00000] [send] via NET/IBext/4/GDRDMA
ip-0A230414:69338:69543 [3] NCCL INFO Channel 18/0 : 27[400000] -> 34[300000] [send] via NET/IBext/2/GDRDMA
ip-0A23040F:88481:88700 [4] NCCL INFO Channel 04/0 : 5[c00000] -> 12[b00000] [receive] via NET/IBext/4/GDRDMA
ip-0A230406:29430:29629 [1] NCCL INFO Channel 09 : 41[200000] -> 47[e00000] via P2P/IPC/read
ip-0A230406:29425:29631 [2] NCCL INFO Channel 10/0 : 35[400000] -> 42[300000] [receive] via NET/IBext/2/GDRDMA
ip-0A230406:29425:29631 [2] NCCL INFO Channel 18/0 : 35[400000] -> 42[300000] [receive] via NET/IBext/2/GDRDMA
ip-0A230414:69336:69542 [2] NCCL INFO Channel 02/0 : 19[400000] -> 26[300000] [receive] via NET/IBext/2/GDRDMA
ip-0A23040F:88481:88700 [4] NCCL INFO Channel 12/0 : 5[c00000] -> 12[b00000] [receive] via NET/IBext/4/GDRDMA
ip-0A23040F:88481:88700 [4] NCCL INFO Channel 20/0 : 5[c00000] -> 12[b00000] [receive] via NET/IBext/4/GDRDMA
ip-0A230414:69336:69542 [2] NCCL INFO Channel 10/0 : 19[400000] -> 26[300000] [receive] via NET/IBext/2/GDRDMA
ip-0A230414:69336:69542 [2] NCCL INFO Channel 18/0 : 19[400000] -> 26[300000] [receive] via NET/IBext/2/GDRDMA
ip-0A23040F:88484:88693 [2] NCCL INFO Channel 02/0 : 3[400000] -> 10[300000] [receive] via NET/IBext/2/GDRDMA
ip-0A230417:73002:73206 [5] NCCL INFO Channel 04/0 : 37[c00000] -> 44[b00000] [send] via NET/IBext/4/GDRDMA
ip-0A23040F:88484:88693 [2] NCCL INFO Channel 10/0 : 3[400000] -> 10[300000] [receive] via NET/IBext/2/GDRDMA
ip-0A23040F:88484:88693 [2] NCCL INFO Channel 18/0 : 3[400000] -> 10[300000] [receive] via NET/IBext/2/GDRDMA
ip-0A230417:73002:73206 [5] NCCL INFO Channel 12/0 : 37[c00000] -> 44[b00000] [send] via NET/IBext/4/GDRDMA
ip-0A230417:73002:73206 [5] NCCL INFO Channel 20/0 : 37[c00000] -> 44[b00000] [send] via NET/IBext/4/GDRDMA
ip-0A230414:69341:69545 [5] NCCL INFO Channel 04/0 : 29[c00000] -> 36[b00000] [send] via NET/IBext/4/GDRDMA
ip-0A230414:69341:69545 [5] NCCL INFO Channel 12/0 : 29[c00000] -> 36[b00000] [send] via NET/IBext/4/GDRDMA
ip-0A230414:69342:69540 [1] NCCL INFO Channel 17 : 25[200000] -> 31[e00000] via P2P/IPC/read
ip-0A230414:69341:69545 [5] NCCL INFO Channel 20/0 : 29[c00000] -> 36[b00000] [send] via NET/IBext/4/GDRDMA
ip-0A23040F:88488:88696 [1] NCCL INFO Channel 17 : 9[200000] -> 15[e00000] via P2P/IPC/read
ip-0A230412:82806:83008 [1] NCCL INFO Channel 17 : 17[200000] -> 23[e00000] via P2P/IPC/read
ip-0A230408:47135:47335 [1] NCCL INFO Channel 01 : 49[200000] -> 55[e00000] via P2P/IPC/read
ip-0A230412:82792:83003 [2] NCCL INFO Channel 02/0 : 11[400000] -> 18[300000] [receive] via NET/IBext/2/GDRDMA
ip-0A230412:82792:83003 [2] NCCL INFO Channel 10/0 : 11[400000] -> 18[300000] [receive] via NET/IBext/2/GDRDMA
ip-0A230412:82790:83007 [3] NCCL INFO Channel 02/0 : 19[400000] -> 26[300000] [send] via NET/IBext/2/GDRDMA
ip-0A230412:82792:83003 [2] NCCL INFO Channel 18/0 : 11[400000] -> 18[300000] [receive] via NET/IBext/2/GDRDMA
ip-0A230412:82790:83007 [3] NCCL INFO Channel 10/0 : 19[400000] -> 26[300000] [send] via NET/IBext/2/GDRDMA
ip-0A230408:47134:47337 [4] NCCL INFO Channel 04/0 : 45[c00000] -> 52[b00000] [receive] via NET/IBext/4/GDRDMA
ip-0A230412:82790:83007 [3] NCCL INFO Channel 18/0 : 19[400000] -> 26[300000] [send] via NET/IBext/2/GDRDMA
ip-0A230408:47134:47337 [4] NCCL INFO Channel 12/0 : 45[c00000] -> 52[b00000] [receive] via NET/IBext/4/GDRDMA
ip-0A230408:47134:47337 [4] NCCL INFO Channel 20/0 : 45[c00000] -> 52[b00000] [receive] via NET/IBext/4/GDRDMA
ip-0A230417:73000:73209 [4] NCCL INFO Channel 04/0 : 29[c00000] -> 36[b00000] [receive] via NET/IBext/4/GDRDMA
ip-0A230406:29430:29629 [1] NCCL INFO Channel 17 : 41[200000] -> 47[e00000] via P2P/IPC/read
ip-0A230417:73000:73209 [4] NCCL INFO Channel 12/0 : 29[c00000] -> 36[b00000] [receive] via NET/IBext/4/GDRDMA
ip-0A230417:73000:73209 [4] NCCL INFO Channel 20/0 : 29[c00000] -> 36[b00000] [receive] via NET/IBext/4/GDRDMA
ip-0A230408:47138:47341 [3] NCCL INFO Channel 02/0 : 51[400000] -> 2[300000] [send] via NET/IBext/2/GDRDMA
ip-0A230417:73005:73207 [1] NCCL INFO Channel 09 : 33[200000] -> 39[e00000] via P2P/IPC/read
ip-0A230408:47138:47341 [3] NCCL INFO Channel 10/0 : 51[400000] -> 2[300000] [send] via NET/IBext/2/GDRDMA
ip-0A230408:47138:47341 [3] NCCL INFO Channel 18/0 : 51[400000] -> 2[300000] [send] via NET/IBext/2/GDRDMA
ip-0A230408:47139:47342 [2] NCCL INFO Channel 02/0 : 43[400000] -> 50[300000] [receive] via NET/IBext/2/GDRDMA
ip-0A230408:47139:47342 [2] NCCL INFO Channel 10/0 : 43[400000] -> 50[300000] [receive] via NET/IBext/2/GDRDMA
ip-0A230408:47135:47335 [1] NCCL INFO Channel 09 : 49[200000] -> 55[e00000] via P2P/IPC/read
ip-0A230408:47139:47342 [2] NCCL INFO Channel 18/0 : 43[400000] -> 50[300000] [receive] via NET/IBext/2/GDRDMA
ip-0A230417:73001:73208 [2] NCCL INFO Channel 02/0 : 27[400000] -> 34[300000] [receive] via NET/IBext/2/GDRDMA
ip-0A230417:73001:73208 [2] NCCL INFO Channel 10/0 : 27[400000] -> 34[300000] [receive] via NET/IBext/2/GDRDMA
ip-0A230417:73001:73208 [2] NCCL INFO Channel 18/0 : 27[400000] -> 34[300000] [receive] via NET/IBext/2/GDRDMA
ip-0A230417:73007:73213 [3] NCCL INFO Channel 02/0 : 35[400000] -> 42[300000] [send] via NET/IBext/2/GDRDMA
ip-0A230417:73007:73213 [3] NCCL INFO Channel 10/0 : 35[400000] -> 42[300000] [send] via NET/IBext/2/GDRDMA
ip-0A230417:73007:73213 [3] NCCL INFO Channel 18/0 : 35[400000] -> 42[300000] [send] via NET/IBext/2/GDRDMA
ip-0A230417:73005:73207 [1] NCCL INFO Channel 17 : 33[200000] -> 39[e00000] via P2P/IPC/read
ip-0A230408:47135:47335 [1] NCCL INFO Channel 17 : 49[200000] -> 55[e00000] via P2P/IPC/read
ip-0A23040D:23641:23852 [0] NCCL INFO Channel 07 : 0[100000] -> 6[d00000] via P2P/IPC/read
ip-0A23040D:23641:23852 [0] NCCL INFO Channel 15 : 0[100000] -> 6[d00000] via P2P/IPC/read
ip-0A23040D:23641:23852 [0] NCCL INFO Channel 23 : 0[100000] -> 6[d00000] via P2P/IPC/read
ip-0A23040D:23637:23853 [1] NCCL INFO Channel 01 : 1[200000] -> 7[e00000] via P2P/IPC/read
ip-0A23040D:23637:23853 [1] NCCL INFO Channel 09 : 1[200000] -> 7[e00000] via P2P/IPC/read
ip-0A23040D:23643:23855 [2] NCCL INFO Channel 02/0 : 51[400000] -> 2[300000] [receive] via NET/IBext/2/GDRDMA
ip-0A23040D:23643:23855 [2] NCCL INFO Channel 10/0 : 51[400000] -> 2[300000] [receive] via NET/IBext/2/GDRDMA
ip-0A23040D:23638:23854 [3] NCCL INFO Channel 02/0 : 3[400000] -> 10[300000] [send] via NET/IBext/2/GDRDMA
ip-0A23040D:23643:23855 [2] NCCL INFO Channel 18/0 : 51[400000] -> 2[300000] [receive] via NET/IBext/2/GDRDMA
ip-0A23040D:23638:23854 [3] NCCL INFO Channel 10/0 : 3[400000] -> 10[300000] [send] via NET/IBext/2/GDRDMA
ip-0A23040D:23638:23854 [3] NCCL INFO Channel 18/0 : 3[400000] -> 10[300000] [send] via NET/IBext/2/GDRDMA
ip-0A23040D:23636:23848 [4] NCCL INFO Channel 04/0 : 53[c00000] -> 4[b00000] [receive] via NET/IBext/4/GDRDMA
ip-0A23040D:23637:23853 [1] NCCL INFO Channel 17 : 1[200000] -> 7[e00000] via P2P/IPC/read
ip-0A23040D:23636:23848 [4] NCCL INFO Channel 12/0 : 53[c00000] -> 4[b00000] [receive] via NET/IBext/4/GDRDMA
ip-0A23040D:23636:23848 [4] NCCL INFO Channel 20/0 : 53[c00000] -> 4[b00000] [receive] via NET/IBext/4/GDRDMA
ip-0A23040D:23642:23849 [5] NCCL INFO Channel 04/0 : 5[c00000] -> 12[b00000] [send] via NET/IBext/4/GDRDMA
ip-0A23040D:23642:23849 [5] NCCL INFO Channel 12/0 : 5[c00000] -> 12[b00000] [send] via NET/IBext/4/GDRDMA
ip-0A23040D:23642:23849 [5] NCCL INFO Channel 20/0 : 5[c00000] -> 12[b00000] [send] via NET/IBext/4/GDRDMA
ip-0A230406:29428:29633 [6] NCCL INFO Channel 06/0 : 39[e00000] -> 46[d00000] [receive] via NET/IBext/6/GDRDMA
ip-0A230406:29422:29628 [0] NCCL INFO Channel 00/0 : 33[200000] -> 40[100000] [receive] via NET/IBext/0/GDRDMA
ip-0A230406:29422:29628 [0] NCCL INFO Channel 08/0 : 33[200000] -> 40[100000] [receive] via NET/IBext/0/GDRDMA
ip-0A230406:29422:29628 [0] NCCL INFO Channel 16/0 : 33[200000] -> 40[100000] [receive] via NET/IBext/0/GDRDMA
ip-0A230406:29422:29628 [0] NCCL INFO Channel 00 : 40[100000] -> 47[e00000] via P2P/IPC/read
ip-0A23040D:23639:23851 [6] NCCL INFO Channel 06/0 : 55[e00000] -> 6[d00000] [receive] via NET/IBext/6/GDRDMA
ip-0A23040D:23639:23851 [6] NCCL INFO Channel 14/0 : 55[e00000] -> 6[d00000] [receive] via NET/IBext/6/GDRDMA
ip-0A23040D:23639:23851 [6] NCCL INFO Channel 22/0 : 55[e00000] -> 6[d00000] [receive] via NET/IBext/6/GDRDMA
ip-0A230406:29428:29633 [6] NCCL INFO Channel 14/0 : 39[e00000] -> 46[d00000] [receive] via NET/IBext/6/GDRDMA
ip-0A230406:29428:29633 [6] NCCL INFO Channel 22/0 : 39[e00000] -> 46[d00000] [receive] via NET/IBext/6/GDRDMA
ip-0A23040D:23641:23852 [0] NCCL INFO Channel 00/0 : 49[200000] -> 0[100000] [receive] via NET/IBext/0/GDRDMA
ip-0A23040D:23641:23852 [0] NCCL INFO Channel 08/0 : 49[200000] -> 0[100000] [receive] via NET/IBext/0/GDRDMA
ip-0A23040D:23641:23852 [0] NCCL INFO Channel 16/0 : 49[200000] -> 0[100000] [receive] via NET/IBext/0/GDRDMA
ip-0A23040D:23641:23852 [0] NCCL INFO Channel 00 : 0[100000] -> 7[e00000] via P2P/IPC/read
ip-0A230414:69342:69540 [1] NCCL INFO Channel 00/0 : 25[200000] -> 32[100000] [send] via NET/IBext/0/GDRDMA
ip-0A230414:69342:69540 [1] NCCL INFO Channel 08/0 : 25[200000] -> 32[100000] [send] via NET/IBext/0/GDRDMA
ip-0A230414:69342:69540 [1] NCCL INFO Channel 16/0 : 25[200000] -> 32[100000] [send] via NET/IBext/0/GDRDMA
ip-0A23040D:23637:23853 [1] NCCL INFO Channel 00/0 : 1[200000] -> 8[100000] [send] via NET/IBext/0/GDRDMA
ip-0A230414:69337:69546 [6] NCCL INFO Channel 06/0 : 23[e00000] -> 30[d00000] [receive] via NET/IBext/6/GDRDMA
ip-0A230414:69337:69546 [6] NCCL INFO Channel 14/0 : 23[e00000] -> 30[d00000] [receive] via NET/IBext/6/GDRDMA
ip-0A230414:69337:69546 [6] NCCL INFO Channel 22/0 : 23[e00000] -> 30[d00000] [receive] via NET/IBext/6/GDRDMA
ip-0A23040D:23637:23853 [1] NCCL INFO Channel 08/0 : 1[200000] -> 8[100000] [send] via NET/IBext/0/GDRDMA
ip-0A23040D:23637:23853 [1] NCCL INFO Channel 16/0 : 1[200000] -> 8[100000] [send] via NET/IBext/0/GDRDMA
ip-0A230408:47133:47340 [6] NCCL INFO Channel 06/0 : 47[e00000] -> 54[d00000] [receive] via NET/IBext/6/GDRDMA
ip-0A230408:47133:47340 [6] NCCL INFO Channel 14/0 : 47[e00000] -> 54[d00000] [receive] via NET/IBext/6/GDRDMA
ip-0A230408:47133:47340 [6] NCCL INFO Channel 22/0 : 47[e00000] -> 54[d00000] [receive] via NET/IBext/6/GDRDMA
ip-0A230408:47132:47336 [0] NCCL INFO Channel 00/0 : 41[200000] -> 48[100000] [receive] via NET/IBext/0/GDRDMA
ip-0A230408:47132:47336 [0] NCCL INFO Channel 08/0 : 41[200000] -> 48[100000] [receive] via NET/IBext/0/GDRDMA
ip-0A230408:47132:47336 [0] NCCL INFO Channel 16/0 : 41[200000] -> 48[100000] [receive] via NET/IBext/0/GDRDMA
ip-0A230408:47132:47336 [0] NCCL INFO Channel 00 : 48[100000] -> 55[e00000] via P2P/IPC/read
ip-0A230406:29422:29628 [0] NCCL INFO Channel 02 : 40[100000] -> 47[e00000] via P2P/IPC/read
ip-0A230406:29430:29629 [1] NCCL INFO Channel 00/0 : 41[200000] -> 48[100000] [send] via NET/IBext/0/GDRDMA
ip-0A230406:29430:29629 [1] NCCL INFO Channel 08/0 : 41[200000] -> 48[100000] [send] via NET/IBext/0/GDRDMA
ip-0A230406:29430:29629 [1] NCCL INFO Channel 16/0 : 41[200000] -> 48[100000] [send] via NET/IBext/0/GDRDMA
ip-0A230414:69340:69541 [0] NCCL INFO Channel 00/0 : 17[200000] -> 24[100000] [receive] via NET/IBext/0/GDRDMA
ip-0A230414:69340:69541 [0] NCCL INFO Channel 08/0 : 17[200000] -> 24[100000] [receive] via NET/IBext/0/GDRDMA
ip-0A230414:69340:69541 [0] NCCL INFO Channel 16/0 : 17[200000] -> 24[100000] [receive] via NET/IBext/0/GDRDMA
ip-0A230414:69340:69541 [0] NCCL INFO Channel 00 : 24[100000] -> 31[e00000] via P2P/IPC/read
ip-0A23040F:88485:88697 [6] NCCL INFO Channel 06/0 : 7[e00000] -> 14[d00000] [receive] via NET/IBext/6/GDRDMA
ip-0A23040F:88485:88697 [6] NCCL INFO Channel 14/0 : 7[e00000] -> 14[d00000] [receive] via NET/IBext/6/GDRDMA
ip-0A23040F:88485:88697 [6] NCCL INFO Channel 22/0 : 7[e00000] -> 14[d00000] [receive] via NET/IBext/6/GDRDMA
ip-0A230412:82797:83009 [6] NCCL INFO Channel 06/0 : 15[e00000] -> 22[d00000] [receive] via NET/IBext/6/GDRDMA
ip-0A230412:82797:83009 [6] NCCL INFO Channel 14/0 : 15[e00000] -> 22[d00000] [receive] via NET/IBext/6/GDRDMA
ip-0A230412:82797:83009 [6] NCCL INFO Channel 22/0 : 15[e00000] -> 22[d00000] [receive] via NET/IBext/6/GDRDMA
ip-0A230417:73003:73210 [6] NCCL INFO Channel 06/0 : 31[e00000] -> 38[d00000] [receive] via NET/IBext/6/GDRDMA
ip-0A230412:82798:83006 [0] NCCL INFO Channel 00/0 : 9[200000] -> 16[100000] [receive] via NET/IBext/0/GDRDMA
ip-0A230412:82798:83006 [0] NCCL INFO Channel 08/0 : 9[200000] -> 16[100000] [receive] via NET/IBext/0/GDRDMA
ip-0A230412:82798:83006 [0] NCCL INFO Channel 16/0 : 9[200000] -> 16[100000] [receive] via NET/IBext/0/GDRDMA
ip-0A230412:82798:83006 [0] NCCL INFO Channel 00 : 16[100000] -> 23[e00000] via P2P/IPC/read
ip-0A230412:82806:83008 [1] NCCL INFO Channel 00/0 : 17[200000] -> 24[100000] [send] via NET/IBext/0/GDRDMA
ip-0A230412:82806:83008 [1] NCCL INFO Channel 08/0 : 17[200000] -> 24[100000] [send] via NET/IBext/0/GDRDMA
ip-0A230412:82806:83008 [1] NCCL INFO Channel 16/0 : 17[200000] -> 24[100000] [send] via NET/IBext/0/GDRDMA
ip-0A23040F:88488:88696 [1] NCCL INFO Channel 00/0 : 9[200000] -> 16[100000] [send] via NET/IBext/0/GDRDMA
ip-0A23040F:88488:88696 [1] NCCL INFO Channel 08/0 : 9[200000] -> 16[100000] [send] via NET/IBext/0/GDRDMA
ip-0A23040F:88482:88695 [0] NCCL INFO Channel 00/0 : 1[200000] -> 8[100000] [receive] via NET/IBext/0/GDRDMA
ip-0A23040F:88488:88696 [1] NCCL INFO Channel 16/0 : 9[200000] -> 16[100000] [send] via NET/IBext/0/GDRDMA
ip-0A23040D:23641:23852 [0] NCCL INFO Channel 02 : 0[100000] -> 7[e00000] via P2P/IPC/read
ip-0A230417:73003:73210 [6] NCCL INFO Channel 14/0 : 31[e00000] -> 38[d00000] [receive] via NET/IBext/6/GDRDMA
ip-0A230417:73003:73210 [6] NCCL INFO Channel 22/0 : 31[e00000] -> 38[d00000] [receive] via NET/IBext/6/GDRDMA
ip-0A23040F:88482:88695 [0] NCCL INFO Channel 08/0 : 1[200000] -> 8[100000] [receive] via NET/IBext/0/GDRDMA
ip-0A23040F:88482:88695 [0] NCCL INFO Channel 16/0 : 1[200000] -> 8[100000] [receive] via NET/IBext/0/GDRDMA
ip-0A23040F:88482:88695 [0] NCCL INFO Channel 00 : 8[100000] -> 15[e00000] via P2P/IPC/read
ip-0A230417:73006:73212 [0] NCCL INFO Channel 00/0 : 25[200000] -> 32[100000] [receive] via NET/IBext/0/GDRDMA
ip-0A230417:73006:73212 [0] NCCL INFO Channel 08/0 : 25[200000] -> 32[100000] [receive] via NET/IBext/0/GDRDMA
ip-0A230417:73006:73212 [0] NCCL INFO Channel 16/0 : 25[200000] -> 32[100000] [receive] via NET/IBext/0/GDRDMA
ip-0A230417:73006:73212 [0] NCCL INFO Channel 00 : 32[100000] -> 39[e00000] via P2P/IPC/read
ip-0A230406:29422:29628 [0] NCCL INFO Channel 03 : 40[100000] -> 47[e00000] via P2P/IPC/read
ip-0A230408:47132:47336 [0] NCCL INFO Channel 02 : 48[100000] -> 55[e00000] via P2P/IPC/read
ip-0A230414:69340:69541 [0] NCCL INFO Channel 02 : 24[100000] -> 31[e00000] via P2P/IPC/read
ip-0A23040D:23641:23852 [0] NCCL INFO Channel 03 : 0[100000] -> 7[e00000] via P2P/IPC/read
ip-0A230408:47135:47335 [1] NCCL INFO Channel 00/0 : 49[200000] -> 0[100000] [send] via NET/IBext/0/GDRDMA
ip-0A230408:47135:47335 [1] NCCL INFO Channel 08/0 : 49[200000] -> 0[100000] [send] via NET/IBext/0/GDRDMA
ip-0A230408:47135:47335 [1] NCCL INFO Channel 16/0 : 49[200000] -> 0[100000] [send] via NET/IBext/0/GDRDMA
ip-0A230417:73005:73207 [1] NCCL INFO Channel 00/0 : 33[200000] -> 40[100000] [send] via NET/IBext/0/GDRDMA
ip-0A230417:73005:73207 [1] NCCL INFO Channel 08/0 : 33[200000] -> 40[100000] [send] via NET/IBext/0/GDRDMA
ip-0A230417:73005:73207 [1] NCCL INFO Channel 16/0 : 33[200000] -> 40[100000] [send] via NET/IBext/0/GDRDMA
ip-0A230412:82798:83006 [0] NCCL INFO Channel 02 : 16[100000] -> 23[e00000] via P2P/IPC/read
ip-0A23040D:23641:23852 [0] NCCL INFO Channel 04 : 0[100000] -> 7[e00000] via P2P/IPC/read
ip-0A23040F:88482:88695 [0] NCCL INFO Channel 02 : 8[100000] -> 15[e00000] via P2P/IPC/read
ip-0A230408:47132:47336 [0] NCCL INFO Channel 03 : 48[100000] -> 55[e00000] via P2P/IPC/read
ip-0A230417:73006:73212 [0] NCCL INFO Channel 02 : 32[100000] -> 39[e00000] via P2P/IPC/read
ip-0A230406:29422:29628 [0] NCCL INFO Channel 04 : 40[100000] -> 47[e00000] via P2P/IPC/read
ip-0A230414:69340:69541 [0] NCCL INFO Channel 03 : 24[100000] -> 31[e00000] via P2P/IPC/read
ip-0A230412:82798:83006 [0] NCCL INFO Channel 03 : 16[100000] -> 23[e00000] via P2P/IPC/read
ip-0A23040F:88482:88695 [0] NCCL INFO Channel 03 : 8[100000] -> 15[e00000] via P2P/IPC/read
ip-0A230408:47132:47336 [0] NCCL INFO Channel 04 : 48[100000] -> 55[e00000] via P2P/IPC/read
ip-0A230414:69340:69541 [0] NCCL INFO Channel 04 : 24[100000] -> 31[e00000] via P2P/IPC/read
ip-0A23040D:23641:23852 [0] NCCL INFO Channel 05 : 0[100000] -> 7[e00000] via P2P/IPC/read
ip-0A230417:73006:73212 [0] NCCL INFO Channel 03 : 32[100000] -> 39[e00000] via P2P/IPC/read
ip-0A230412:82798:83006 [0] NCCL INFO Channel 04 : 16[100000] -> 23[e00000] via P2P/IPC/read
ip-0A230406:29422:29628 [0] NCCL INFO Channel 05 : 40[100000] -> 47[e00000] via P2P/IPC/read
ip-0A23040F:88482:88695 [0] NCCL INFO Channel 04 : 8[100000] -> 15[e00000] via P2P/IPC/read
ip-0A230412:82798:83006 [0] NCCL INFO Channel 05 : 16[100000] -> 23[e00000] via P2P/IPC/read
ip-0A230408:47132:47336 [0] NCCL INFO Channel 05 : 48[100000] -> 55[e00000] via P2P/IPC/read
ip-0A23040D:23641:23852 [0] NCCL INFO Channel 06 : 0[100000] -> 7[e00000] via P2P/IPC/read
ip-0A230414:69340:69541 [0] NCCL INFO Channel 05 : 24[100000] -> 31[e00000] via P2P/IPC/read
ip-0A230406:29422:29628 [0] NCCL INFO Channel 06 : 40[100000] -> 47[e00000] via P2P/IPC/read
ip-0A230417:73006:73212 [0] NCCL INFO Channel 04 : 32[100000] -> 39[e00000] via P2P/IPC/read
ip-0A23040D:23641:23852 [0] NCCL INFO Channel 08 : 0[100000] -> 7[e00000] via P2P/IPC/read
ip-0A230408:47132:47336 [0] NCCL INFO Channel 06 : 48[100000] -> 55[e00000] via P2P/IPC/read
ip-0A23040F:88482:88695 [0] NCCL INFO Channel 05 : 8[100000] -> 15[e00000] via P2P/IPC/read
ip-0A230412:82798:83006 [0] NCCL INFO Channel 06 : 16[100000] -> 23[e00000] via P2P/IPC/read
ip-0A230406:29422:29628 [0] NCCL INFO Channel 08 : 40[100000] -> 47[e00000] via P2P/IPC/read
ip-0A230417:73006:73212 [0] NCCL INFO Channel 05 : 32[100000] -> 39[e00000] via P2P/IPC/read
ip-0A23040D:23641:23852 [0] NCCL INFO Channel 10 : 0[100000] -> 7[e00000] via P2P/IPC/read
ip-0A230414:69340:69541 [0] NCCL INFO Channel 06 : 24[100000] -> 31[e00000] via P2P/IPC/read
ip-0A230408:47132:47336 [0] NCCL INFO Channel 08 : 48[100000] -> 55[e00000] via P2P/IPC/read
ip-0A230412:82798:83006 [0] NCCL INFO Channel 08 : 16[100000] -> 23[e00000] via P2P/IPC/read
ip-0A230414:69340:69541 [0] NCCL INFO Channel 08 : 24[100000] -> 31[e00000] via P2P/IPC/read
ip-0A23040F:88482:88695 [0] NCCL INFO Channel 06 : 8[100000] -> 15[e00000] via P2P/IPC/read
ip-0A23040D:23641:23852 [0] NCCL INFO Channel 11 : 0[100000] -> 7[e00000] via P2P/IPC/read
ip-0A230406:29422:29628 [0] NCCL INFO Channel 10 : 40[100000] -> 47[e00000] via P2P/IPC/read
ip-0A230408:47132:47336 [0] NCCL INFO Channel 10 : 48[100000] -> 55[e00000] via P2P/IPC/read
ip-0A230417:73006:73212 [0] NCCL INFO Channel 06 : 32[100000] -> 39[e00000] via P2P/IPC/read
ip-0A230412:82798:83006 [0] NCCL INFO Channel 10 : 16[100000] -> 23[e00000] via P2P/IPC/read
ip-0A230414:69340:69541 [0] NCCL INFO Channel 10 : 24[100000] -> 31[e00000] via P2P/IPC/read
ip-0A23040F:88482:88695 [0] NCCL INFO Channel 08 : 8[100000] -> 15[e00000] via P2P/IPC/read
ip-0A23040D:23641:23852 [0] NCCL INFO Channel 12 : 0[100000] -> 7[e00000] via P2P/IPC/read
ip-0A230408:47132:47336 [0] NCCL INFO Channel 11 : 48[100000] -> 55[e00000] via P2P/IPC/read
ip-0A230406:29422:29628 [0] NCCL INFO Channel 11 : 40[100000] -> 47[e00000] via P2P/IPC/read
ip-0A230417:73006:73212 [0] NCCL INFO Channel 08 : 32[100000] -> 39[e00000] via P2P/IPC/read
ip-0A230412:82798:83006 [0] NCCL INFO Channel 11 : 16[100000] -> 23[e00000] via P2P/IPC/read
ip-0A23040F:88482:88695 [0] NCCL INFO Channel 10 : 8[100000] -> 15[e00000] via P2P/IPC/read
ip-0A23040D:23641:23852 [0] NCCL INFO Channel 13 : 0[100000] -> 7[e00000] via P2P/IPC/read
ip-0A230414:69340:69541 [0] NCCL INFO Channel 11 : 24[100000] -> 31[e00000] via P2P/IPC/read
ip-0A230408:47132:47336 [0] NCCL INFO Channel 12 : 48[100000] -> 55[e00000] via P2P/IPC/read
ip-0A230412:82798:83006 [0] NCCL INFO Channel 12 : 16[100000] -> 23[e00000] via P2P/IPC/read
ip-0A230417:73006:73212 [0] NCCL INFO Channel 10 : 32[100000] -> 39[e00000] via P2P/IPC/read
ip-0A230406:29422:29628 [0] NCCL INFO Channel 12 : 40[100000] -> 47[e00000] via P2P/IPC/read
ip-0A230414:69340:69541 [0] NCCL INFO Channel 12 : 24[100000] -> 31[e00000] via P2P/IPC/read
ip-0A230406:29422:29628 [0] NCCL INFO Channel 13 : 40[100000] -> 47[e00000] via P2P/IPC/read
ip-0A23040F:88482:88695 [0] NCCL INFO Channel 11 : 8[100000] -> 15[e00000] via P2P/IPC/read
ip-0A23040D:23641:23852 [0] NCCL INFO Channel 14 : 0[100000] -> 7[e00000] via P2P/IPC/read
ip-0A230412:82798:83006 [0] NCCL INFO Channel 13 : 16[100000] -> 23[e00000] via P2P/IPC/read
