ip-0A230406:37189:37399 [5] NCCL INFO Channel 04 : 45[c00000] -> 44[b00000] via P2P/IPC/read
ip-0A230406:37189:37399 [5] NCCL INFO Channel 05 : 45[c00000] -> 44[b00000] via P2P/IPC/read
ip-0A230406:37189:37399 [5] NCCL INFO Channel 12 : 45[c00000] -> 44[b00000] via P2P/IPC/read
ip-0A230406:37189:37399 [5] NCCL INFO Channel 13 : 45[c00000] -> 44[b00000] via P2P/IPC/read
ip-0A230406:37189:37399 [5] NCCL INFO Channel 20 : 45[c00000] -> 44[b00000] via P2P/IPC/read
ip-0A230406:37189:37399 [5] NCCL INFO Channel 21 : 45[c00000] -> 44[b00000] via P2P/IPC/read
ip-0A230406:37189:37399 [5] NCCL INFO Connected all trees
ip-0A230406:37191:37405 [4] NCCL INFO Connected all trees
ip-0A23040F:96997:97202 [6] NCCL INFO Channel 07 : 14[d00000] -> 8[100000] via P2P/IPC/read
ip-0A23040F:96997:97202 [6] NCCL INFO Channel 15 : 14[d00000] -> 8[100000] via P2P/IPC/read
ip-0A23040F:96997:97202 [6] NCCL INFO Channel 23 : 14[d00000] -> 8[100000] via P2P/IPC/read
ip-0A230417:81421:81626 [1] NCCL INFO Channel 17 : 33[200000] -> 32[100000] via P2P/IPC/read
ip-0A230417:81422:81629 [7] NCCL INFO Channel 18 : 39[e00000] -> 32[100000] via P2P/IPC/read
ip-0A230417:81424:81631 [6] NCCL INFO Channel 07 : 38[d00000] -> 32[100000] via P2P/IPC/read
ip-0A230417:81422:81629 [7] NCCL INFO Channel 19 : 39[e00000] -> 32[100000] via P2P/IPC/read
ip-0A230417:81420:81630 [2] NCCL INFO Connected all trees
ip-0A230417:81424:81631 [6] NCCL INFO Channel 15 : 38[d00000] -> 32[100000] via P2P/IPC/read
ip-0A230417:81425:81628 [3] NCCL INFO Connected all trees
ip-0A230417:81424:81631 [6] NCCL INFO Channel 23 : 38[d00000] -> 32[100000] via P2P/IPC/read
ip-0A230417:81422:81629 [7] NCCL INFO Channel 20 : 39[e00000] -> 32[100000] via P2P/IPC/read
ip-0A230417:81422:81629 [7] NCCL INFO Channel 21 : 39[e00000] -> 32[100000] via P2P/IPC/read
ip-0A230417:81422:81629 [7] NCCL INFO Channel 22 : 39[e00000] -> 32[100000] via P2P/IPC/read
ip-0A230417:81422:81629 [7] NCCL INFO Channel 06 : 39[e00000] -> 38[d00000] via P2P/IPC/read
ip-0A230417:81422:81629 [7] NCCL INFO Channel 07 : 39[e00000] -> 38[d00000] via P2P/IPC/read
ip-0A230417:81422:81629 [7] NCCL INFO Channel 14 : 39[e00000] -> 38[d00000] via P2P/IPC/read
ip-0A230417:81422:81629 [7] NCCL INFO Channel 15 : 39[e00000] -> 38[d00000] via P2P/IPC/read
ip-0A230417:81422:81629 [7] NCCL INFO Channel 22 : 39[e00000] -> 38[d00000] via P2P/IPC/read
ip-0A230417:81422:81629 [7] NCCL INFO Channel 23 : 39[e00000] -> 38[d00000] via P2P/IPC/read
ip-0A230417:81426:81627 [4] NCCL INFO Channel 12/0 : 36[b00000] -> 28[b00000] [send] via NET/IBext/4/GDRDMA
ip-0A230417:81450:81632 [0] NCCL INFO Connected all trees
ip-0A230417:81450:81632 [0] NCCL INFO CollNet 00 : 32 [receive] via COLLNET/SHARP/0/GDRDMA
ip-0A230417:81421:81626 [1] NCCL INFO Connected all trees
ip-0A230417:81422:81629 [7] NCCL INFO Connected all trees
ip-0A230417:81424:81631 [6] NCCL INFO Connected all trees
ip-0A230417:81426:81627 [4] NCCL INFO Connected all trees
ip-0A230417:81423:81633 [5] NCCL INFO Connected all trees
ip-0A230414:77759:77979 [6] NCCL INFO Channel 15/0 : 30[d00000] -> 23[e00000] [send] via NET/IBext/7/GDRDMA
ip-0A230412:91217:91431 [6] NCCL INFO Channel 07/0 : 22[d00000] -> 15[e00000] [send] via NET/IBext/7/GDRDMA
ip-0A230412:91217:91431 [6] NCCL INFO Channel 23/0 : 22[d00000] -> 15[e00000] [send] via NET/IBext/7/GDRDMA
ip-0A230414:77766:77980 [1] NCCL INFO Channel 00 : 25[200000] -> 24[100000] via P2P/IPC/read
ip-0A230414:77766:77980 [1] NCCL INFO Channel 01 : 25[200000] -> 24[100000] via P2P/IPC/read
ip-0A230412:91224:91438 [5] NCCL INFO Channel 04/0 : 21[c00000] -> 12[b00000] [send] via NET/IBext/4/GDRDMA
ip-0A230412:91224:91438 [5] NCCL INFO Channel 20/0 : 21[c00000] -> 12[b00000] [send] via NET/IBext/4/GDRDMA
ip-0A230414:77766:77980 [1] NCCL INFO Channel 08 : 25[200000] -> 24[100000] via P2P/IPC/read
ip-0A230414:77766:77980 [1] NCCL INFO Channel 09 : 25[200000] -> 24[100000] via P2P/IPC/read
ip-0A230414:77766:77980 [1] NCCL INFO Channel 16 : 25[200000] -> 24[100000] via P2P/IPC/read
ip-0A230414:77760:77976 [7] NCCL INFO Channel 02 : 31[e00000] -> 24[100000] via P2P/IPC/read
ip-0A230414:77766:77980 [1] NCCL INFO Channel 17 : 25[200000] -> 24[100000] via P2P/IPC/read
ip-0A230414:77760:77976 [7] NCCL INFO Channel 03 : 31[e00000] -> 24[100000] via P2P/IPC/read
ip-0A230412:91219:91433 [1] NCCL INFO Channel 09/0 : 24[100000] -> 17[200000] [receive] via NET/IBext/1/GDRDMA
ip-0A230414:77760:77976 [7] NCCL INFO Channel 04 : 31[e00000] -> 24[100000] via P2P/IPC/read
ip-0A230414:77760:77976 [7] NCCL INFO Channel 05 : 31[e00000] -> 24[100000] via P2P/IPC/read
ip-0A230414:77760:77976 [7] NCCL INFO Channel 06 : 31[e00000] -> 24[100000] via P2P/IPC/read
ip-0A230414:77760:77976 [7] NCCL INFO Channel 10 : 31[e00000] -> 24[100000] via P2P/IPC/read
ip-0A230414:77760:77976 [7] NCCL INFO Channel 11 : 31[e00000] -> 24[100000] via P2P/IPC/read
ip-0A230414:77760:77976 [7] NCCL INFO Channel 12 : 31[e00000] -> 24[100000] via P2P/IPC/read
ip-0A230414:77760:77976 [7] NCCL INFO Channel 13 : 31[e00000] -> 24[100000] via P2P/IPC/read
ip-0A230414:77760:77976 [7] NCCL INFO Channel 14 : 31[e00000] -> 24[100000] via P2P/IPC/read
ip-0A230414:77760:77976 [7] NCCL INFO Channel 18 : 31[e00000] -> 24[100000] via P2P/IPC/read
ip-0A230414:77760:77976 [7] NCCL INFO Channel 19 : 31[e00000] -> 24[100000] via P2P/IPC/read
ip-0A230414:77760:77976 [7] NCCL INFO Channel 20 : 31[e00000] -> 24[100000] via P2P/IPC/read
ip-0A230414:77760:77976 [7] NCCL INFO Channel 21 : 31[e00000] -> 24[100000] via P2P/IPC/read
ip-0A230414:77760:77976 [7] NCCL INFO Channel 22 : 31[e00000] -> 24[100000] via P2P/IPC/read
ip-0A230414:77762:77973 [4] NCCL INFO Channel 13/0 : 28[b00000] -> 21[c00000] [send] via NET/IBext/5/GDRDMA
ip-0A230414:77761:77977 [0] NCCL INFO Channel 09/0 : 24[100000] -> 17[200000] [send] via NET/IBext/1/GDRDMA
ip-0A230414:77760:77976 [7] NCCL INFO Channel 06 : 31[e00000] -> 30[d00000] via P2P/IPC/read
ip-0A230414:77760:77976 [7] NCCL INFO Channel 07 : 31[e00000] -> 30[d00000] via P2P/IPC/read
ip-0A230414:77760:77976 [7] NCCL INFO Channel 14 : 31[e00000] -> 30[d00000] via P2P/IPC/read
ip-0A230414:77760:77976 [7] NCCL INFO Channel 15 : 31[e00000] -> 30[d00000] via P2P/IPC/read
ip-0A230414:77760:77976 [7] NCCL INFO Channel 22 : 31[e00000] -> 30[d00000] via P2P/IPC/read
ip-0A230414:77760:77976 [7] NCCL INFO Channel 23 : 31[e00000] -> 30[d00000] via P2P/IPC/read
ip-0A230412:91223:91439 [4] NCCL INFO Channel 05/0 : 20[b00000] -> 13[c00000] [send] via NET/IBext/5/GDRDMA
ip-0A230412:91223:91439 [4] NCCL INFO Channel 21/0 : 20[b00000] -> 13[c00000] [send] via NET/IBext/5/GDRDMA
ip-0A23040F:97003:97203 [7] NCCL INFO Channel 06 : 15[e00000] -> 14[d00000] via P2P/IPC/read
ip-0A23040F:97003:97203 [7] NCCL INFO Channel 07 : 15[e00000] -> 14[d00000] via P2P/IPC/read
ip-0A230412:91220:91432 [7] NCCL INFO Channel 15/0 : 30[d00000] -> 23[e00000] [receive] via NET/IBext/7/GDRDMA
ip-0A230412:91220:91432 [7] NCCL INFO Channel 02 : 23[e00000] -> 16[100000] via P2P/IPC/read
ip-0A23040F:97003:97203 [7] NCCL INFO Channel 14 : 15[e00000] -> 14[d00000] via P2P/IPC/read
ip-0A23040F:97003:97203 [7] NCCL INFO Channel 15 : 15[e00000] -> 14[d00000] via P2P/IPC/read
ip-0A230412:91220:91432 [7] NCCL INFO Channel 03 : 23[e00000] -> 16[100000] via P2P/IPC/read
ip-0A23040F:97003:97203 [7] NCCL INFO Channel 22 : 15[e00000] -> 14[d00000] via P2P/IPC/read
ip-0A23040F:97003:97203 [7] NCCL INFO Channel 23 : 15[e00000] -> 14[d00000] via P2P/IPC/read
ip-0A23040F:97003:97203 [7] NCCL INFO Connected all trees
ip-0A23040F:96997:97202 [6] NCCL INFO Connected all trees
ip-0A230412:91220:91432 [7] NCCL INFO Channel 04 : 23[e00000] -> 16[100000] via P2P/IPC/read
ip-0A230412:91220:91432 [7] NCCL INFO Channel 05 : 23[e00000] -> 16[100000] via P2P/IPC/read
ip-0A230412:91217:91431 [6] NCCL INFO Channel 07 : 22[d00000] -> 16[100000] via P2P/IPC/read
ip-0A230412:91220:91432 [7] NCCL INFO Channel 06 : 23[e00000] -> 16[100000] via P2P/IPC/read
ip-0A230412:91217:91431 [6] NCCL INFO Channel 15 : 22[d00000] -> 16[100000] via P2P/IPC/read
ip-0A230412:91219:91433 [1] NCCL INFO Channel 00 : 17[200000] -> 16[100000] via P2P/IPC/read
ip-0A230412:91220:91432 [7] NCCL INFO Channel 10 : 23[e00000] -> 16[100000] via P2P/IPC/read
ip-0A230412:91217:91431 [6] NCCL INFO Channel 23 : 22[d00000] -> 16[100000] via P2P/IPC/read
ip-0A230412:91219:91433 [1] NCCL INFO Channel 01 : 17[200000] -> 16[100000] via P2P/IPC/read
ip-0A230412:91220:91432 [7] NCCL INFO Channel 11 : 23[e00000] -> 16[100000] via P2P/IPC/read
ip-0A23040F:96999:97201 [5] NCCL INFO Channel 04 : 13[c00000] -> 12[b00000] via P2P/IPC/read
ip-0A23040F:96999:97201 [5] NCCL INFO Channel 05 : 13[c00000] -> 12[b00000] via P2P/IPC/read
ip-0A23040F:96999:97201 [5] NCCL INFO Channel 12 : 13[c00000] -> 12[b00000] via P2P/IPC/read
ip-0A23040F:96999:97201 [5] NCCL INFO Channel 13 : 13[c00000] -> 12[b00000] via P2P/IPC/read
ip-0A23040F:96999:97201 [5] NCCL INFO Channel 20 : 13[c00000] -> 12[b00000] via P2P/IPC/read
ip-0A23040F:96999:97201 [5] NCCL INFO Channel 21 : 13[c00000] -> 12[b00000] via P2P/IPC/read
ip-0A23040F:96999:97201 [5] NCCL INFO Connected all trees
ip-0A23040F:96996:97200 [4] NCCL INFO Connected all trees
ip-0A230412:91219:91433 [1] NCCL INFO Channel 08 : 17[200000] -> 16[100000] via P2P/IPC/read
ip-0A230412:91224:91438 [5] NCCL INFO Channel 05/0 : 29[c00000] -> 21[c00000] [receive] via NET/IBext/5/GDRDMA
ip-0A230412:91224:91438 [5] NCCL INFO Channel 21/0 : 29[c00000] -> 21[c00000] [receive] via NET/IBext/5/GDRDMA
ip-0A230412:91220:91432 [7] NCCL INFO Channel 12 : 23[e00000] -> 16[100000] via P2P/IPC/read
ip-0A230412:91219:91433 [1] NCCL INFO Channel 09 : 17[200000] -> 16[100000] via P2P/IPC/read
ip-0A230412:91220:91432 [7] NCCL INFO Channel 13 : 23[e00000] -> 16[100000] via P2P/IPC/read
ip-0A230412:91219:91433 [1] NCCL INFO Channel 16 : 17[200000] -> 16[100000] via P2P/IPC/read
ip-0A230412:91220:91432 [7] NCCL INFO Channel 14 : 23[e00000] -> 16[100000] via P2P/IPC/read
ip-0A230412:91219:91433 [1] NCCL INFO Channel 17 : 17[200000] -> 16[100000] via P2P/IPC/read
ip-0A230412:91220:91432 [7] NCCL INFO Channel 18 : 23[e00000] -> 16[100000] via P2P/IPC/read
ip-0A230412:91220:91432 [7] NCCL INFO Channel 19 : 23[e00000] -> 16[100000] via P2P/IPC/read
ip-0A230412:91220:91432 [7] NCCL INFO Channel 20 : 23[e00000] -> 16[100000] via P2P/IPC/read
ip-0A230412:91220:91432 [7] NCCL INFO Channel 21 : 23[e00000] -> 16[100000] via P2P/IPC/read
ip-0A230412:91220:91432 [7] NCCL INFO Channel 22 : 23[e00000] -> 16[100000] via P2P/IPC/read
ip-0A230412:91218:91434 [0] NCCL INFO Channel 01/0 : 16[100000] -> 9[200000] [send] via NET/IBext/1/GDRDMA
ip-0A230412:91218:91434 [0] NCCL INFO Channel 17/0 : 16[100000] -> 9[200000] [send] via NET/IBext/1/GDRDMA
ip-0A230412:91224:91438 [5] NCCL INFO Channel 13/0 : 28[b00000] -> 21[c00000] [receive] via NET/IBext/5/GDRDMA
ip-0A230414:77759:77979 [6] NCCL INFO Channel 07 : 30[d00000] -> 24[100000] via P2P/IPC/read
ip-0A230414:77759:77979 [6] NCCL INFO Channel 15 : 30[d00000] -> 24[100000] via P2P/IPC/read
ip-0A23040F:97000:97204 [1] NCCL INFO Channel 00 : 9[200000] -> 8[100000] via P2P/IPC/read
ip-0A23040F:97000:97204 [1] NCCL INFO Channel 01 : 9[200000] -> 8[100000] via P2P/IPC/read
ip-0A23040F:97000:97204 [1] NCCL INFO Channel 08 : 9[200000] -> 8[100000] via P2P/IPC/read
ip-0A23040F:97000:97204 [1] NCCL INFO Channel 09 : 9[200000] -> 8[100000] via P2P/IPC/read
ip-0A23040F:97000:97204 [1] NCCL INFO Channel 16 : 9[200000] -> 8[100000] via P2P/IPC/read
ip-0A23040F:97000:97204 [1] NCCL INFO Channel 17 : 9[200000] -> 8[100000] via P2P/IPC/read
ip-0A23040F:97000:97204 [1] NCCL INFO Connected all trees
ip-0A23040F:96998:97205 [0] NCCL INFO Connected all trees
ip-0A23040F:96998:97205 [0] NCCL INFO CollNet 00 : 8 [receive] via COLLNET/SHARP/0/GDRDMA
ip-0A230412:91224:91438 [5] NCCL INFO Channel 04 : 21[c00000] -> 20[b00000] via P2P/IPC/read
ip-0A230412:91224:91438 [5] NCCL INFO Channel 05 : 21[c00000] -> 20[b00000] via P2P/IPC/read
ip-0A230412:91224:91438 [5] NCCL INFO Channel 12 : 21[c00000] -> 20[b00000] via P2P/IPC/read
ip-0A230412:91224:91438 [5] NCCL INFO Channel 13 : 21[c00000] -> 20[b00000] via P2P/IPC/read
ip-0A230414:77763:77974 [5] NCCL INFO Channel 04 : 29[c00000] -> 28[b00000] via P2P/IPC/read
ip-0A230414:77759:77979 [6] NCCL INFO Channel 23 : 30[d00000] -> 24[100000] via P2P/IPC/read
ip-0A230412:91224:91438 [5] NCCL INFO Channel 20 : 21[c00000] -> 20[b00000] via P2P/IPC/read
ip-0A230414:77763:77974 [5] NCCL INFO Channel 05 : 29[c00000] -> 28[b00000] via P2P/IPC/read
ip-0A230414:77763:77974 [5] NCCL INFO Channel 12 : 29[c00000] -> 28[b00000] via P2P/IPC/read
ip-0A230414:77763:77974 [5] NCCL INFO Channel 13 : 29[c00000] -> 28[b00000] via P2P/IPC/read
ip-0A230414:77763:77974 [5] NCCL INFO Channel 20 : 29[c00000] -> 28[b00000] via P2P/IPC/read
ip-0A230414:77763:77974 [5] NCCL INFO Channel 21 : 29[c00000] -> 28[b00000] via P2P/IPC/read
ip-0A230414:77763:77974 [5] NCCL INFO Connected all trees
ip-0A230414:77762:77973 [4] NCCL INFO Connected all trees
ip-0A230414:77759:77979 [6] NCCL INFO Connected all trees
ip-0A230414:77760:77976 [7] NCCL INFO Connected all trees
ip-0A230414:77761:77977 [0] NCCL INFO Connected all trees
ip-0A230414:77766:77980 [1] NCCL INFO Connected all trees
ip-0A230414:77761:77977 [0] NCCL INFO CollNet 00 : 24 [receive] via COLLNET/SHARP/0/GDRDMA
ip-0A230412:91224:91438 [5] NCCL INFO Channel 21 : 21[c00000] -> 20[b00000] via P2P/IPC/read
ip-0A230412:91220:91432 [7] NCCL INFO Channel 06 : 23[e00000] -> 22[d00000] via P2P/IPC/read
ip-0A230412:91220:91432 [7] NCCL INFO Channel 07 : 23[e00000] -> 22[d00000] via P2P/IPC/read
ip-0A230412:91220:91432 [7] NCCL INFO Channel 14 : 23[e00000] -> 22[d00000] via P2P/IPC/read
ip-0A230412:91220:91432 [7] NCCL INFO Channel 15 : 23[e00000] -> 22[d00000] via P2P/IPC/read
ip-0A230412:91224:91438 [5] NCCL INFO Connected all trees
ip-0A230412:91223:91439 [4] NCCL INFO Connected all trees
ip-0A230412:91220:91432 [7] NCCL INFO Channel 22 : 23[e00000] -> 22[d00000] via P2P/IPC/read
ip-0A230412:91220:91432 [7] NCCL INFO Channel 23 : 23[e00000] -> 22[d00000] via P2P/IPC/read
ip-0A230412:91218:91434 [0] NCCL INFO Connected all trees
ip-0A230412:91219:91433 [1] NCCL INFO Connected all trees
ip-0A230412:91220:91432 [7] NCCL INFO Connected all trees
ip-0A230412:91217:91431 [6] NCCL INFO Connected all trees
ip-0A230412:91218:91434 [0] NCCL INFO CollNet 00 : 16 [receive] via COLLNET/SHARP/0/GDRDMA
ip-0A230412:91218:91606 [0] NCCL INFO NCCL_SHARP_GROUP_SIZE_THRESH set by environment to 3.
ip-0A230412:91219:91433 [1] NCCL INFO CollNet 01 : 17 [receive] via COLLNET/SHARP/1/GDRDMA
ip-0A230414:77761:78136 [0] NCCL INFO NCCL_SHARP_GROUP_SIZE_THRESH set by environment to 3.
ip-0A230414:77766:77980 [1] NCCL INFO CollNet 01 : 25 [receive] via COLLNET/SHARP/1/GDRDMA
ip-0A230417:81450:81802 [0] NCCL INFO NCCL_SHARP_GROUP_SIZE_THRESH set by environment to 3.
ip-0A230406:37192:37570 [0] NCCL INFO NCCL_SHARP_GROUP_SIZE_THRESH set by environment to 3.
ip-0A230417:81421:81626 [1] NCCL INFO CollNet 01 : 33 [receive] via COLLNET/SHARP/1/GDRDMA
ip-0A23040D:32221:32601 [0] NCCL INFO NCCL_SHARP_GROUP_SIZE_THRESH set by environment to 3.
ip-0A23040D:32219:32432 [1] NCCL INFO CollNet 01 : 1 [receive] via COLLNET/SHARP/1/GDRDMA
ip-0A230406:37186:37402 [1] NCCL INFO CollNet 01 : 41 [receive] via COLLNET/SHARP/1/GDRDMA
ip-0A23040F:96998:97377 [0] NCCL INFO NCCL_SHARP_GROUP_SIZE_THRESH set by environment to 3.
ip-0A230408:54866:55242 [0] NCCL INFO NCCL_SHARP_GROUP_SIZE_THRESH set by environment to 3.
ip-0A23040F:97000:97204 [1] NCCL INFO CollNet 01 : 9 [receive] via COLLNET/SHARP/1/GDRDMA
ip-0A230408:54869:55082 [1] NCCL INFO CollNet 01 : 49 [receive] via COLLNET/SHARP/1/GDRDMA
[ip-0A23040D:0:32221 - context.c:584] INFO job (ID: 2524862528133894393) resource request quota: ( osts:0 user_data_per_ost:0 max_groups:0 max_qps:1 max_group_channels:1, num_trees:1)
[ip-0A23040D:0:32221 unique id 0] ERROR No Aggregation Manager (sharp_am) detected in sharp_create_job.

[ip-0A23040D:0:32221 - context.c:601] ERROR sharp_create_job failed: No Aggregation Manager (sharp_am) detected(-52)
ip-0A230408:54866:55242 [0] NCCL INFO Sharp rank 6/7 initialized on mlx5_ib0:1

ip-0A230408:54866:55242 [0] sharp_plugin.c:288 NCCL WARN NET/IB :SHARP coll init error: Cannot create SHArP job(-11)

ip-0A230408:54866:55242 [0] NCCL INFO include/coll_net.h:21 -> 3
ip-0A230414:77761:78136 [0] NCCL INFO Sharp rank 3/7 initialized on mlx5_ib0:1

ip-0A230414:77761:78136 [0] sharp_plugin.c:288 NCCL WARN NET/IB :SHARP coll init error: Cannot create SHArP job(-11)

ip-0A230414:77761:78136 [0] NCCL INFO include/coll_net.h:21 -> 3
ip-0A230408:54866:55080 [0] NCCL INFO transport.cc:222 -> 2
ip-0A230414:77761:77977 [0] NCCL INFO transport.cc:222 -> 2
ip-0A230417:81450:81802 [0] NCCL INFO Sharp rank 4/7 initialized on mlx5_ib0:1

ip-0A230417:81450:81802 [0] sharp_plugin.c:288 NCCL WARN NET/IB :SHARP coll init error: Cannot create SHArP job(-11)

ip-0A230406:37192:37570 [0] NCCL INFO Sharp rank 5/7 initialized on mlx5_ib0:1

ip-0A230406:37192:37570 [0] sharp_plugin.c:288 NCCL WARN NET/IB :SHARP coll init error: Cannot create SHArP job(-11)

ip-0A230406:37192:37570 [0] NCCL INFO include/coll_net.h:21 -> 3
ip-0A230412:91218:91606 [0] NCCL INFO Sharp rank 2/7 initialized on mlx5_ib0:1

ip-0A230412:91218:91606 [0] sharp_plugin.c:288 NCCL WARN NET/IB :SHARP coll init error: Cannot create SHArP job(-11)

ip-0A230412:91218:91606 [0] NCCL INFO include/coll_net.h:21 -> 3
ip-0A23040F:96998:97377 [0] NCCL INFO Sharp rank 1/7 initialized on mlx5_ib0:1

ip-0A23040F:96998:97377 [0] sharp_plugin.c:288 NCCL WARN NET/IB :SHARP coll init error: Cannot create SHArP job(-11)

ip-0A230417:81450:81802 [0] NCCL INFO include/coll_net.h:21 -> 3
ip-0A230417:81450:81632 [0] NCCL INFO transport.cc:222 -> 2
ip-0A230406:37192:37400 [0] NCCL INFO transport.cc:222 -> 2
ip-0A23040F:96998:97377 [0] NCCL INFO include/coll_net.h:21 -> 3
ip-0A230412:91218:91434 [0] NCCL INFO transport.cc:222 -> 2
ip-0A23040F:96998:97205 [0] NCCL INFO transport.cc:222 -> 2
ip-0A23040D:32221:32601 [0] NCCL INFO Sharp rank 0/7 initialized on mlx5_ib0:1

ip-0A23040D:32221:32601 [0] sharp_plugin.c:288 NCCL WARN NET/IB :SHARP coll init error: Cannot create SHArP job(-11)

ip-0A23040D:32221:32601 [0] NCCL INFO include/coll_net.h:21 -> 3
ip-0A23040D:32221:32431 [0] NCCL INFO transport.cc:222 -> 2
ip-0A23040D:32219:32600 [1] NCCL INFO NCCL_SHARP_GROUP_SIZE_THRESH set by environment to 3.
ip-0A23040D:32215:32429 [2] NCCL INFO CollNet 02 : 2 [receive] via COLLNET/SHARP/2/GDRDMA
ip-0A23040F:97000:97380 [1] NCCL INFO NCCL_SHARP_GROUP_SIZE_THRESH set by environment to 3.
ip-0A23040F:97001:97206 [2] NCCL INFO CollNet 02 : 10 [receive] via COLLNET/SHARP/2/GDRDMA
ip-0A230412:91219:91613 [1] NCCL INFO NCCL_SHARP_GROUP_SIZE_THRESH set by environment to 3.
ip-0A230414:77766:78135 [1] NCCL INFO NCCL_SHARP_GROUP_SIZE_THRESH set by environment to 3.
ip-0A230412:91222:91437 [2] NCCL INFO CollNet 02 : 18 [receive] via COLLNET/SHARP/2/GDRDMA
ip-0A230414:77764:77975 [2] NCCL INFO CollNet 02 : 26 [receive] via COLLNET/SHARP/2/GDRDMA
ip-0A230417:81421:81806 [1] NCCL INFO NCCL_SHARP_GROUP_SIZE_THRESH set by environment to 3.
ip-0A230417:81420:81630 [2] NCCL INFO CollNet 02 : 34 [receive] via COLLNET/SHARP/2/GDRDMA
ip-0A230406:37186:37564 [1] NCCL INFO NCCL_SHARP_GROUP_SIZE_THRESH set by environment to 3.
ip-0A230406:37190:37403 [2] NCCL INFO CollNet 02 : 42 [receive] via COLLNET/SHARP/2/GDRDMA
ip-0A230408:54869:55243 [1] NCCL INFO NCCL_SHARP_GROUP_SIZE_THRESH set by environment to 3.
ip-0A230408:54870:55079 [2] NCCL INFO CollNet 02 : 50 [receive] via COLLNET/SHARP/2/GDRDMA
[ip-0A23040D:0:32219 - context.c:584] INFO job (ID: 2524863144373483570) resource request quota: ( osts:0 user_data_per_ost:0 max_groups:0 max_qps:1 max_group_channels:1, num_trees:1)
[ip-0A23040D:0:32219 unique id 0] ERROR No Aggregation Manager (sharp_am) detected in sharp_create_job.

[ip-0A23040D:0:32219 - context.c:601] ERROR sharp_create_job failed: No Aggregation Manager (sharp_am) detected(-52)
ip-0A230412:91219:91613 [1] NCCL INFO Sharp rank 2/7 initialized on mlx5_ib1:1

ip-0A230412:91219:91613 [1] sharp_plugin.c:288 NCCL WARN NET/IB :SHARP coll init error: Cannot create SHArP job(-11)

ip-0A230412:91219:91613 [1] NCCL INFO include/coll_net.h:21 -> 3
ip-0A230406:37186:37564 [1] NCCL INFO Sharp rank 5/7 initialized on mlx5_ib1:1

ip-0A230406:37186:37564 [1] sharp_plugin.c:288 NCCL WARN NET/IB :SHARP coll init error: Cannot create SHArP job(-11)

ip-0A230406:37186:37564 [1] NCCL INFO include/coll_net.h:21 -> 3
ip-0A230414:77766:78135 [1] NCCL INFO Sharp rank 3/7 initialized on mlx5_ib1:1

ip-0A230414:77766:78135 [1] sharp_plugin.c:288 NCCL WARN NET/IB :SHARP coll init error: Cannot create SHArP job(-11)

ip-0A230414:77766:78135 [1] NCCL INFO include/coll_net.h:21 -> 3
ip-0A230417:81421:81806 [1] NCCL INFO Sharp rank 4/7 initialized on mlx5_ib1:1

ip-0A230417:81421:81806 [1] sharp_plugin.c:288 NCCL WARN NET/IB :SHARP coll init error: Cannot create SHArP job(-11)

ip-0A230417:81421:81806 [1] NCCL INFO include/coll_net.h:21 -> 3
ip-0A23040F:97000:97380 [1] NCCL INFO Sharp rank 1/7 initialized on mlx5_ib1:1

ip-0A23040F:97000:97380 [1] sharp_plugin.c:288 NCCL WARN NET/IB :SHARP coll init error: Cannot create SHArP job(-11)

ip-0A23040F:97000:97380 [1] NCCL INFO include/coll_net.h:21 -> 3
ip-0A230408:54869:55243 [1] NCCL INFO Sharp rank 6/7 initialized on mlx5_ib1:1

ip-0A230408:54869:55243 [1] sharp_plugin.c:288 NCCL WARN NET/IB :SHARP coll init error: Cannot create SHArP job(-11)

ip-0A230414:77766:77980 [1] NCCL INFO transport.cc:222 -> 2
ip-0A230412:91219:91433 [1] NCCL INFO transport.cc:222 -> 2
ip-0A230406:37186:37402 [1] NCCL INFO transport.cc:222 -> 2
ip-0A230417:81421:81626 [1] NCCL INFO transport.cc:222 -> 2
ip-0A23040F:97000:97204 [1] NCCL INFO transport.cc:222 -> 2
ip-0A230408:54869:55243 [1] NCCL INFO include/coll_net.h:21 -> 3
ip-0A230408:54869:55082 [1] NCCL INFO transport.cc:222 -> 2
ip-0A23040D:32219:32600 [1] NCCL INFO Sharp rank 0/7 initialized on mlx5_ib1:1

ip-0A23040D:32219:32600 [1] sharp_plugin.c:288 NCCL WARN NET/IB :SHARP coll init error: Cannot create SHArP job(-11)

ip-0A23040D:32219:32600 [1] NCCL INFO include/coll_net.h:21 -> 3
ip-0A23040D:32219:32432 [1] NCCL INFO transport.cc:222 -> 2
ip-0A23040D:32215:32602 [2] NCCL INFO NCCL_SHARP_GROUP_SIZE_THRESH set by environment to 3.
ip-0A23040D:32245:32430 [3] NCCL INFO CollNet 03 : 3 [receive] via COLLNET/SHARP/3/GDRDMA
ip-0A23040F:97001:97376 [2] NCCL INFO NCCL_SHARP_GROUP_SIZE_THRESH set by environment to 3.
ip-0A23040F:97002:97199 [3] NCCL INFO CollNet 03 : 11 [receive] via COLLNET/SHARP/3/GDRDMA
ip-0A230412:91222:91612 [2] NCCL INFO NCCL_SHARP_GROUP_SIZE_THRESH set by environment to 3.
ip-0A230414:77764:78138 [2] NCCL INFO NCCL_SHARP_GROUP_SIZE_THRESH set by environment to 3.
ip-0A230412:91221:91436 [3] NCCL INFO CollNet 03 : 19 [receive] via COLLNET/SHARP/3/GDRDMA
ip-0A230414:77765:77978 [3] NCCL INFO CollNet 03 : 27 [receive] via COLLNET/SHARP/3/GDRDMA
ip-0A230417:81420:81808 [2] NCCL INFO NCCL_SHARP_GROUP_SIZE_THRESH set by environment to 3.
ip-0A230417:81425:81628 [3] NCCL INFO CollNet 03 : 35 [receive] via COLLNET/SHARP/3/GDRDMA
ip-0A230406:37190:37565 [2] NCCL INFO NCCL_SHARP_GROUP_SIZE_THRESH set by environment to 3.
ip-0A230406:37188:37404 [3] NCCL INFO CollNet 03 : 43 [receive] via COLLNET/SHARP/3/GDRDMA
ip-0A230408:54870:55241 [2] NCCL INFO NCCL_SHARP_GROUP_SIZE_THRESH set by environment to 3.
ip-0A230408:54864:55081 [3] NCCL INFO CollNet 03 : 51 [receive] via COLLNET/SHARP/3/GDRDMA
[ip-0A23040D:0:32215 - context.c:584] INFO job (ID: 2524863342062460350) resource request quota: ( osts:0 user_data_per_ost:0 max_groups:0 max_qps:1 max_group_channels:1, num_trees:1)
[ip-0A23040D:0:32215 unique id 0] ERROR No Aggregation Manager (sharp_am) detected in sharp_create_job.

[ip-0A23040D:0:32215 - context.c:601] ERROR sharp_create_job failed: No Aggregation Manager (sharp_am) detected(-52)
ip-0A23040F:97001:97376 [2] NCCL INFO Sharp rank 1/7 initialized on mlx5_ib2:1

ip-0A23040F:97001:97376 [2] sharp_plugin.c:288 NCCL WARN NET/IB :SHARP coll init error: Cannot create SHArP job(-11)

ip-0A23040F:97001:97376 [2] NCCL INFO include/coll_net.h:21 -> 3
ip-0A230417:81420:81808 [2] NCCL INFO Sharp rank 4/7 initialized on mlx5_ib2:1

ip-0A230417:81420:81808 [2] sharp_plugin.c:288 NCCL WARN NET/IB :SHARP coll init error: Cannot create SHArP job(-11)

ip-0A230417:81420:81808 [2] NCCL INFO include/coll_net.h:21 -> 3
ip-0A230412:91222:91612 [2] NCCL INFO Sharp rank 2/7 initialized on mlx5_ib2:1

ip-0A230412:91222:91612 [2] sharp_plugin.c:288 NCCL WARN NET/IB :SHARP coll init error: Cannot create SHArP job(-11)

ip-0A230412:91222:91612 [2] NCCL INFO include/coll_net.h:21 -> 3
ip-0A230406:37190:37565 [2] NCCL INFO Sharp rank 5/7 initialized on mlx5_ib2:1

ip-0A230406:37190:37565 [2] sharp_plugin.c:288 NCCL WARN NET/IB :SHARP coll init error: Cannot create SHArP job(-11)

ip-0A230414:77764:78138 [2] NCCL INFO Sharp rank 3/7 initialized on mlx5_ib2:1

ip-0A230414:77764:78138 [2] sharp_plugin.c:288 NCCL WARN NET/IB :SHARP coll init error: Cannot create SHArP job(-11)

ip-0A230414:77764:78138 [2] NCCL INFO include/coll_net.h:21 -> 3
ip-0A230408:54870:55241 [2] NCCL INFO Sharp rank 6/7 initialized on mlx5_ib2:1

ip-0A230408:54870:55241 [2] sharp_plugin.c:288 NCCL WARN NET/IB :SHARP coll init error: Cannot create SHArP job(-11)

ip-0A230408:54870:55241 [2] NCCL INFO include/coll_net.h:21 -> 3
ip-0A23040F:97001:97206 [2] NCCL INFO transport.cc:222 -> 2
ip-0A230414:77764:77975 [2] NCCL INFO transport.cc:222 -> 2
ip-0A230417:81420:81630 [2] NCCL INFO transport.cc:222 -> 2
ip-0A230406:37190:37565 [2] NCCL INFO include/coll_net.h:21 -> 3
ip-0A230412:91222:91437 [2] NCCL INFO transport.cc:222 -> 2
ip-0A230406:37190:37403 [2] NCCL INFO transport.cc:222 -> 2
ip-0A230408:54870:55079 [2] NCCL INFO transport.cc:222 -> 2
ip-0A23040D:32215:32602 [2] NCCL INFO Sharp rank 0/7 initialized on mlx5_ib2:1

ip-0A23040D:32215:32602 [2] sharp_plugin.c:288 NCCL WARN NET/IB :SHARP coll init error: Cannot create SHArP job(-11)

ip-0A23040D:32215:32602 [2] NCCL INFO include/coll_net.h:21 -> 3
ip-0A23040D:32215:32429 [2] NCCL INFO transport.cc:222 -> 2
ip-0A23040D:32245:32597 [3] NCCL INFO NCCL_SHARP_GROUP_SIZE_THRESH set by environment to 3.
ip-0A23040D:32218:32427 [4] NCCL INFO CollNet 04 : 4 [receive] via COLLNET/SHARP/4/GDRDMA
ip-0A23040F:97002:97379 [3] NCCL INFO NCCL_SHARP_GROUP_SIZE_THRESH set by environment to 3.
ip-0A23040F:96996:97200 [4] NCCL INFO CollNet 04 : 12 [receive] via COLLNET/SHARP/4/GDRDMA
ip-0A230412:91221:91607 [3] NCCL INFO NCCL_SHARP_GROUP_SIZE_THRESH set by environment to 3.
ip-0A230412:91223:91439 [4] NCCL INFO CollNet 04 : 20 [receive] via COLLNET/SHARP/4/GDRDMA
ip-0A230414:77762:77973 [4] NCCL INFO CollNet 04 : 28 [receive] via COLLNET/SHARP/4/GDRDMA
ip-0A230417:81425:81804 [3] NCCL INFO NCCL_SHARP_GROUP_SIZE_THRESH set by environment to 3.
ip-0A230414:77765:78137 [3] NCCL INFO NCCL_SHARP_GROUP_SIZE_THRESH set by environment to 3.
ip-0A230417:81426:81627 [4] NCCL INFO CollNet 04 : 36 [receive] via COLLNET/SHARP/4/GDRDMA
ip-0A230406:37188:37567 [3] NCCL INFO NCCL_SHARP_GROUP_SIZE_THRESH set by environment to 3.
ip-0A230406:37191:37405 [4] NCCL INFO CollNet 04 : 44 [receive] via COLLNET/SHARP/4/GDRDMA
ip-0A230408:54864:55245 [3] NCCL INFO NCCL_SHARP_GROUP_SIZE_THRESH set by environment to 3.
ip-0A230408:54863:55075 [4] NCCL INFO CollNet 04 : 52 [receive] via COLLNET/SHARP/4/GDRDMA
[ip-0A23040D:0:32245 - context.c:584] INFO job (ID: 2524863420378881935) resource request quota: ( osts:0 user_data_per_ost:0 max_groups:0 max_qps:1 max_group_channels:1, num_trees:1)
[ip-0A23040D:0:32245 unique id 0] ERROR No Aggregation Manager (sharp_am) detected in sharp_create_job.

[ip-0A23040D:0:32245 - context.c:601] ERROR sharp_create_job failed: No Aggregation Manager (sharp_am) detected(-52)
ip-0A230417:81425:81804 [3] NCCL INFO Sharp rank 4/7 initialized on mlx5_ib3:1

ip-0A230417:81425:81804 [3] sharp_plugin.c:288 NCCL WARN NET/IB :SHARP coll init error: Cannot create SHArP job(-11)

ip-0A230417:81425:81804 [3] NCCL INFO include/coll_net.h:21 -> 3
ip-0A230412:91221:91607 [3] NCCL INFO Sharp rank 2/7 initialized on mlx5_ib3:1

ip-0A230412:91221:91607 [3] sharp_plugin.c:288 NCCL WARN NET/IB :SHARP coll init error: Cannot create SHArP job(-11)

ip-0A230412:91221:91607 [3] NCCL INFO include/coll_net.h:21 -> 3
ip-0A230414:77765:78137 [3] NCCL INFO Sharp rank 3/7 initialized on mlx5_ib3:1

ip-0A230414:77765:78137 [3] sharp_plugin.c:288 NCCL WARN NET/IB :SHARP coll init error: Cannot create SHArP job(-11)

ip-0A230414:77765:78137 [3] NCCL INFO include/coll_net.h:21 -> 3
ip-0A230408:54864:55245 [3] NCCL INFO Sharp rank 6/7 initialized on mlx5_ib3:1

ip-0A230408:54864:55245 [3] sharp_plugin.c:288 NCCL WARN NET/IB :SHARP coll init error: Cannot create SHArP job(-11)

ip-0A230408:54864:55245 [3] NCCL INFO include/coll_net.h:21 -> 3
ip-0A23040F:97002:97379 [3] NCCL INFO Sharp rank 1/7 initialized on mlx5_ib3:1

ip-0A23040F:97002:97379 [3] sharp_plugin.c:288 NCCL WARN NET/IB :SHARP coll init error: Cannot create SHArP job(-11)

ip-0A23040F:97002:97379 [3] NCCL INFO include/coll_net.h:21 -> 3
ip-0A230406:37188:37567 [3] NCCL INFO Sharp rank 5/7 initialized on mlx5_ib3:1

ip-0A230406:37188:37567 [3] sharp_plugin.c:288 NCCL WARN NET/IB :SHARP coll init error: Cannot create SHArP job(-11)

ip-0A230406:37188:37567 [3] NCCL INFO include/coll_net.h:21 -> 3
ip-0A230412:91221:91436 [3] NCCL INFO transport.cc:222 -> 2
ip-0A23040F:97002:97199 [3] NCCL INFO transport.cc:222 -> 2
ip-0A230417:81425:81628 [3] NCCL INFO transport.cc:222 -> 2
ip-0A230414:77765:77978 [3] NCCL INFO transport.cc:222 -> 2
ip-0A230408:54864:55081 [3] NCCL INFO transport.cc:222 -> 2
ip-0A230406:37188:37404 [3] NCCL INFO transport.cc:222 -> 2
ip-0A23040D:32245:32597 [3] NCCL INFO Sharp rank 0/7 initialized on mlx5_ib3:1

ip-0A23040D:32245:32597 [3] sharp_plugin.c:288 NCCL WARN NET/IB :SHARP coll init error: Cannot create SHArP job(-11)

ip-0A23040D:32245:32597 [3] NCCL INFO include/coll_net.h:21 -> 3
ip-0A23040D:32245:32430 [3] NCCL INFO transport.cc:222 -> 2
ip-0A23040D:32218:32599 [4] NCCL INFO NCCL_SHARP_GROUP_SIZE_THRESH set by environment to 3.
ip-0A23040D:32220:32426 [5] NCCL INFO CollNet 05 : 5 [receive] via COLLNET/SHARP/5/GDRDMA
ip-0A23040F:96996:97378 [4] NCCL INFO NCCL_SHARP_GROUP_SIZE_THRESH set by environment to 3.
ip-0A23040F:96999:97201 [5] NCCL INFO CollNet 05 : 13 [receive] via COLLNET/SHARP/5/GDRDMA
ip-0A230412:91223:91610 [4] NCCL INFO NCCL_SHARP_GROUP_SIZE_THRESH set by environment to 3.
ip-0A230414:77762:78140 [4] NCCL INFO NCCL_SHARP_GROUP_SIZE_THRESH set by environment to 3.
ip-0A230417:81426:81805 [4] NCCL INFO NCCL_SHARP_GROUP_SIZE_THRESH set by environment to 3.
ip-0A230412:91224:91438 [5] NCCL INFO CollNet 05 : 21 [receive] via COLLNET/SHARP/5/GDRDMA
ip-0A230414:77763:77974 [5] NCCL INFO CollNet 05 : 29 [receive] via COLLNET/SHARP/5/GDRDMA
ip-0A230417:81423:81633 [5] NCCL INFO CollNet 05 : 37 [receive] via COLLNET/SHARP/5/GDRDMA
ip-0A230406:37191:37566 [4] NCCL INFO NCCL_SHARP_GROUP_SIZE_THRESH set by environment to 3.
ip-0A230408:54863:55239 [4] NCCL INFO NCCL_SHARP_GROUP_SIZE_THRESH set by environment to 3.
ip-0A230406:37189:37399 [5] NCCL INFO CollNet 05 : 45 [receive] via COLLNET/SHARP/5/GDRDMA
ip-0A230408:54867:55078 [5] NCCL INFO CollNet 05 : 53 [receive] via COLLNET/SHARP/5/GDRDMA
[ip-0A23040D:0:32218 - context.c:584] INFO job (ID: 2524863112117347741) resource request quota: ( osts:0 user_data_per_ost:0 max_groups:0 max_qps:1 max_group_channels:1, num_trees:1)
[ip-0A23040D:0:32218 unique id 0] ERROR No Aggregation Manager (sharp_am) detected in sharp_create_job.

[ip-0A23040D:0:32218 - context.c:601] ERROR sharp_create_job failed: No Aggregation Manager (sharp_am) detected(-52)
ip-0A23040F:96996:97378 [4] NCCL INFO Sharp rank 1/7 initialized on mlx5_ib4:1

ip-0A23040F:96996:97378 [4] sharp_plugin.c:288 NCCL WARN NET/IB :SHARP coll init error: Cannot create SHArP job(-11)

ip-0A23040F:96996:97378 [4] NCCL INFO include/coll_net.h:21 -> 3
ip-0A230408:54863:55239 [4] NCCL INFO Sharp rank 6/7 initialized on mlx5_ib4:1

ip-0A230408:54863:55239 [4] sharp_plugin.c:288 NCCL WARN NET/IB :SHARP coll init error: Cannot create SHArP job(-11)

ip-0A230408:54863:55239 [4] NCCL INFO include/coll_net.h:21 -> 3
ip-0A230417:81426:81805 [4] NCCL INFO Sharp rank 4/7 initialized on mlx5_ib4:1

ip-0A230417:81426:81805 [4] sharp_plugin.c:288 NCCL WARN NET/IB :SHARP coll init error: Cannot create SHArP job(-11)

ip-0A230417:81426:81805 [4] NCCL INFO include/coll_net.h:21 -> 3
ip-0A230414:77762:78140 [4] NCCL INFO Sharp rank 3/7 initialized on mlx5_ib4:1
ip-0A230412:91223:91610 [4] NCCL INFO Sharp rank 2/7 initialized on mlx5_ib4:1

ip-0A230412:91223:91610 [4] sharp_plugin.c:288 NCCL WARN NET/IB :SHARP coll init error: Cannot create SHArP job(-11)

ip-0A230412:91223:91610 [4] NCCL INFO include/coll_net.h:21 -> 3
ip-0A230406:37191:37566 [4] NCCL INFO Sharp rank 5/7 initialized on mlx5_ib4:1

ip-0A230406:37191:37566 [4] sharp_plugin.c:288 NCCL WARN NET/IB :SHARP coll init error: Cannot create SHArP job(-11)

ip-0A230406:37191:37566 [4] NCCL INFO include/coll_net.h:21 -> 3
ip-0A23040F:96996:97200 [4] NCCL INFO transport.cc:222 -> 2
ip-0A230417:81426:81627 [4] NCCL INFO transport.cc:222 -> 2
ip-0A230408:54863:55075 [4] NCCL INFO transport.cc:222 -> 2
ip-0A230412:91223:91439 [4] NCCL INFO transport.cc:222 -> 2

ip-0A230414:77762:78140 [4] sharp_plugin.c:288 NCCL WARN NET/IB :SHARP coll init error: Cannot create SHArP job(-11)

ip-0A230414:77762:78140 [4] NCCL INFO include/coll_net.h:21 -> 3
ip-0A230414:77762:77973 [4] NCCL INFO transport.cc:222 -> 2
ip-0A230406:37191:37405 [4] NCCL INFO transport.cc:222 -> 2
ip-0A23040D:32218:32599 [4] NCCL INFO Sharp rank 0/7 initialized on mlx5_ib4:1

ip-0A23040D:32218:32599 [4] sharp_plugin.c:288 NCCL WARN NET/IB :SHARP coll init error: Cannot create SHArP job(-11)

ip-0A23040D:32218:32599 [4] NCCL INFO include/coll_net.h:21 -> 3
ip-0A23040D:32218:32427 [4] NCCL INFO transport.cc:222 -> 2
ip-0A23040D:32220:32603 [5] NCCL INFO NCCL_SHARP_GROUP_SIZE_THRESH set by environment to 3.
ip-0A23040D:32222:32428 [6] NCCL INFO CollNet 06 : 6 [receive] via COLLNET/SHARP/6/GDRDMA
ip-0A23040F:96999:97374 [5] NCCL INFO NCCL_SHARP_GROUP_SIZE_THRESH set by environment to 3.
ip-0A230412:91224:91608 [5] NCCL INFO NCCL_SHARP_GROUP_SIZE_THRESH set by environment to 3.
ip-0A23040F:96997:97202 [6] NCCL INFO CollNet 06 : 14 [receive] via COLLNET/SHARP/6/GDRDMA
ip-0A230414:77763:78142 [5] NCCL INFO NCCL_SHARP_GROUP_SIZE_THRESH set by environment to 3.
ip-0A230412:91217:91431 [6] NCCL INFO CollNet 06 : 22 [receive] via COLLNET/SHARP/6/GDRDMA
ip-0A230417:81423:81807 [5] NCCL INFO NCCL_SHARP_GROUP_SIZE_THRESH set by environment to 3.
ip-0A230414:77759:77979 [6] NCCL INFO CollNet 06 : 30 [receive] via COLLNET/SHARP/6/GDRDMA
ip-0A230417:81424:81631 [6] NCCL INFO CollNet 06 : 38 [receive] via COLLNET/SHARP/6/GDRDMA
ip-0A230406:37189:37563 [5] NCCL INFO NCCL_SHARP_GROUP_SIZE_THRESH set by environment to 3.
ip-0A230406:37185:37406 [6] NCCL INFO CollNet 06 : 46 [receive] via COLLNET/SHARP/6/GDRDMA
ip-0A230408:54867:55244 [5] NCCL INFO NCCL_SHARP_GROUP_SIZE_THRESH set by environment to 3.
ip-0A230408:54865:55077 [6] NCCL INFO CollNet 06 : 54 [receive] via COLLNET/SHARP/6/GDRDMA
[ip-0A23040D:0:32220 - context.c:584] INFO job (ID: 2524863070265950210) resource request quota: ( osts:0 user_data_per_ost:0 max_groups:0 max_qps:1 max_group_channels:1, num_trees:1)
[ip-0A23040D:0:32220 unique id 0] ERROR No Aggregation Manager (sharp_am) detected in sharp_create_job.

[ip-0A23040D:0:32220 - context.c:601] ERROR sharp_create_job failed: No Aggregation Manager (sharp_am) detected(-52)
ip-0A230412:91224:91608 [5] NCCL INFO Sharp rank 2/7 initialized on mlx5_ib5:1

ip-0A230412:91224:91608 [5] sharp_plugin.c:288 NCCL WARN NET/IB :SHARP coll init error: Cannot create SHArP job(-11)

ip-0A230412:91224:91608 [5] NCCL INFO include/coll_net.h:21 -> 3
ip-0A230406:37189:37563 [5] NCCL INFO Sharp rank 5/7 initialized on mlx5_ib5:1

ip-0A230406:37189:37563 [5] sharp_plugin.c:288 NCCL WARN NET/IB :SHARP coll init error: Cannot create SHArP job(-11)

ip-0A230406:37189:37563 [5] NCCL INFO include/coll_net.h:21 -> 3
ip-0A230408:54867:55244 [5] NCCL INFO Sharp rank 6/7 initialized on mlx5_ib5:1

ip-0A230408:54867:55244 [5] sharp_plugin.c:288 NCCL WARN NET/IB :SHARP coll init error: Cannot create SHArP job(-11)

ip-0A230408:54867:55244 [5] NCCL INFO include/coll_net.h:21 -> 3
ip-0A23040F:96999:97374 [5] NCCL INFO Sharp rank 1/7 initialized on mlx5_ib5:1

ip-0A23040F:96999:97374 [5] sharp_plugin.c:288 NCCL WARN NET/IB :SHARP coll init error: Cannot create SHArP job(-11)

ip-0A23040F:96999:97374 [5] NCCL INFO include/coll_net.h:21 -> 3
ip-0A230414:77763:78142 [5] NCCL INFO Sharp rank 3/7 initialized on mlx5_ib5:1

ip-0A230414:77763:78142 [5] sharp_plugin.c:288 NCCL WARN NET/IB :SHARP coll init error: Cannot create SHArP job(-11)

ip-0A230414:77763:78142 [5] NCCL INFO include/coll_net.h:21 -> 3
ip-0A230417:81423:81807 [5] NCCL INFO Sharp rank 4/7 initialized on mlx5_ib5:1

ip-0A230417:81423:81807 [5] sharp_plugin.c:288 NCCL WARN NET/IB :SHARP coll init error: Cannot create SHArP job(-11)

ip-0A230417:81423:81807 [5] NCCL INFO include/coll_net.h:21 -> 3
ip-0A23040F:96999:97201 [5] NCCL INFO transport.cc:222 -> 2
ip-0A230417:81423:81633 [5] NCCL INFO transport.cc:222 -> 2
ip-0A230412:91224:91438 [5] NCCL INFO transport.cc:222 -> 2
ip-0A230406:37189:37399 [5] NCCL INFO transport.cc:222 -> 2
ip-0A230414:77763:77974 [5] NCCL INFO transport.cc:222 -> 2
ip-0A230408:54867:55078 [5] NCCL INFO transport.cc:222 -> 2
ip-0A23040D:32220:32603 [5] NCCL INFO Sharp rank 0/7 initialized on mlx5_ib5:1

ip-0A23040D:32220:32603 [5] sharp_plugin.c:288 NCCL WARN NET/IB :SHARP coll init error: Cannot create SHArP job(-11)

ip-0A23040D:32220:32603 [5] NCCL INFO include/coll_net.h:21 -> 3
ip-0A23040D:32220:32426 [5] NCCL INFO transport.cc:222 -> 2
ip-0A23040D:32222:32604 [6] NCCL INFO NCCL_SHARP_GROUP_SIZE_THRESH set by environment to 3.
ip-0A23040D:32223:32425 [7] NCCL INFO CollNet 07 : 7 [receive] via COLLNET/SHARP/7/GDRDMA
ip-0A23040F:96997:97381 [6] NCCL INFO NCCL_SHARP_GROUP_SIZE_THRESH set by environment to 3.
ip-0A23040F:97003:97203 [7] NCCL INFO CollNet 07 : 15 [receive] via COLLNET/SHARP/7/GDRDMA
ip-0A230412:91217:91611 [6] NCCL INFO NCCL_SHARP_GROUP_SIZE_THRESH set by environment to 3.
ip-0A230414:77759:78141 [6] NCCL INFO NCCL_SHARP_GROUP_SIZE_THRESH set by environment to 3.
ip-0A230412:91220:91432 [7] NCCL INFO CollNet 07 : 23 [receive] via COLLNET/SHARP/7/GDRDMA
ip-0A230417:81424:81803 [6] NCCL INFO NCCL_SHARP_GROUP_SIZE_THRESH set by environment to 3.
ip-0A230414:77760:77976 [7] NCCL INFO CollNet 07 : 31 [receive] via COLLNET/SHARP/7/GDRDMA
ip-0A230417:81422:81629 [7] NCCL INFO CollNet 07 : 39 [receive] via COLLNET/SHARP/7/GDRDMA
ip-0A230406:37185:37569 [6] NCCL INFO NCCL_SHARP_GROUP_SIZE_THRESH set by environment to 3.
ip-0A230406:37187:37401 [7] NCCL INFO CollNet 07 : 47 [receive] via COLLNET/SHARP/7/GDRDMA
ip-0A230408:54865:55246 [6] NCCL INFO NCCL_SHARP_GROUP_SIZE_THRESH set by environment to 3.
ip-0A230408:54868:55076 [7] NCCL INFO CollNet 07 : 55 [receive] via COLLNET/SHARP/7/GDRDMA
[ip-0A23040D:0:32222 - context.c:584] INFO job (ID: 2524863169219217178) resource request quota: ( osts:0 user_data_per_ost:0 max_groups:0 max_qps:1 max_group_channels:1, num_trees:1)
[ip-0A23040D:0:32222 unique id 0] ERROR No Aggregation Manager (sharp_am) detected in sharp_create_job.

[ip-0A23040D:0:32222 - context.c:601] ERROR sharp_create_job failed: No Aggregation Manager (sharp_am) detected(-52)
ip-0A230408:54865:55246 [6] NCCL INFO Sharp rank 6/7 initialized on mlx5_ib6:1

ip-0A230408:54865:55246 [6] sharp_plugin.c:288 NCCL WARN NET/IB :SHARP coll init error: Cannot create SHArP job(-11)

ip-0A230408:54865:55246 [6] NCCL INFO include/coll_net.h:21 -> 3
ip-0A230414:77759:78141 [6] NCCL INFO Sharp rank 3/7 initialized on mlx5_ib6:1

ip-0A230414:77759:78141 [6] sharp_plugin.c:288 NCCL WARN NET/IB :SHARP coll init error: Cannot create SHArP job(-11)

ip-0A230414:77759:78141 [6] NCCL INFO include/coll_net.h:21 -> 3
ip-0A230417:81424:81803 [6] NCCL INFO Sharp rank 4/7 initialized on mlx5_ib6:1

ip-0A230417:81424:81803 [6] sharp_plugin.c:288 NCCL WARN NET/IB :SHARP coll init error: Cannot create SHArP job(-11)

ip-0A230417:81424:81803 [6] NCCL INFO include/coll_net.h:21 -> 3
ip-0A230406:37185:37569 [6] NCCL INFO Sharp rank 5/7 initialized on mlx5_ib6:1

ip-0A230406:37185:37569 [6] sharp_plugin.c:288 NCCL WARN NET/IB :SHARP coll init error: Cannot create SHArP job(-11)

ip-0A230406:37185:37569 [6] NCCL INFO include/coll_net.h:21 -> 3
ip-0A23040F:96997:97381 [6] NCCL INFO Sharp rank 1/7 initialized on mlx5_ib6:1

ip-0A23040F:96997:97381 [6] sharp_plugin.c:288 NCCL WARN NET/IB :SHARP coll init error: Cannot create SHArP job(-11)

ip-0A23040F:96997:97381 [6] NCCL INFO include/coll_net.h:21 -> 3
ip-0A230408:54865:55077 [6] NCCL INFO transport.cc:222 -> 2
ip-0A230412:91217:91611 [6] NCCL INFO Sharp rank 2/7 initialized on mlx5_ib6:1

ip-0A230412:91217:91611 [6] sharp_plugin.c:288 NCCL WARN NET/IB :SHARP coll init error: Cannot create SHArP job(-11)

ip-0A230412:91217:91611 [6] NCCL INFO include/coll_net.h:21 -> 3
ip-0A230417:81424:81631 [6] NCCL INFO transport.cc:222 -> 2
ip-0A230414:77759:77979 [6] NCCL INFO transport.cc:222 -> 2
ip-0A23040F:96997:97202 [6] NCCL INFO transport.cc:222 -> 2
ip-0A230412:91217:91431 [6] NCCL INFO transport.cc:222 -> 2
ip-0A230406:37185:37406 [6] NCCL INFO transport.cc:222 -> 2
ip-0A23040D:32222:32604 [6] NCCL INFO Sharp rank 0/7 initialized on mlx5_ib6:1

ip-0A23040D:32222:32604 [6] sharp_plugin.c:288 NCCL WARN NET/IB :SHARP coll init error: Cannot create SHArP job(-11)

ip-0A23040D:32222:32604 [6] NCCL INFO include/coll_net.h:21 -> 3
ip-0A23040D:32222:32428 [6] NCCL INFO transport.cc:222 -> 2
ip-0A23040D:32223:32598 [7] NCCL INFO NCCL_SHARP_GROUP_SIZE_THRESH set by environment to 3.
ip-0A23040F:97003:97375 [7] NCCL INFO NCCL_SHARP_GROUP_SIZE_THRESH set by environment to 3.
ip-0A230412:91220:91609 [7] NCCL INFO NCCL_SHARP_GROUP_SIZE_THRESH set by environment to 3.
ip-0A230414:77760:78139 [7] NCCL INFO NCCL_SHARP_GROUP_SIZE_THRESH set by environment to 3.
ip-0A230417:81422:81809 [7] NCCL INFO NCCL_SHARP_GROUP_SIZE_THRESH set by environment to 3.
ip-0A230406:37187:37568 [7] NCCL INFO NCCL_SHARP_GROUP_SIZE_THRESH set by environment to 3.
ip-0A230408:54868:55240 [7] NCCL INFO NCCL_SHARP_GROUP_SIZE_THRESH set by environment to 3.
[ip-0A23040D:0:32223 - context.c:584] INFO job (ID: 2524863206864049924) resource request quota: ( osts:0 user_data_per_ost:0 max_groups:0 max_qps:1 max_group_channels:1, num_trees:1)
[ip-0A23040D:0:32223 unique id 0] ERROR No Aggregation Manager (sharp_am) detected in sharp_create_job.

[ip-0A23040D:0:32223 - context.c:601] ERROR sharp_create_job failed: No Aggregation Manager (sharp_am) detected(-52)
ip-0A230406:37187:37568 [7] NCCL INFO Sharp rank 5/7 initialized on mlx5_ib7:1

ip-0A230406:37187:37568 [7] sharp_plugin.c:288 NCCL WARN NET/IB :SHARP coll init error: Cannot create SHArP job(-11)

ip-0A230406:37187:37568 [7] NCCL INFO include/coll_net.h:21 -> 3
ip-0A230414:77760:78139 [7] NCCL INFO Sharp rank 3/7 initialized on mlx5_ib7:1

ip-0A230414:77760:78139 [7] sharp_plugin.c:288 NCCL WARN NET/IB :SHARP coll init error: Cannot create SHArP job(-11)

ip-0A230414:77760:78139 [7] NCCL INFO include/coll_net.h:21 -> 3
ip-0A230408:54868:55240 [7] NCCL INFO Sharp rank 6/7 initialized on mlx5_ib7:1

ip-0A230408:54868:55240 [7] sharp_plugin.c:288 NCCL WARN NET/IB :SHARP coll init error: Cannot create SHArP job(-11)

ip-0A230408:54868:55240 [7] NCCL INFO include/coll_net.h:21 -> 3
ip-0A230417:81422:81809 [7] NCCL INFO Sharp rank 4/7 initialized on mlx5_ib7:1

ip-0A230417:81422:81809 [7] sharp_plugin.c:288 NCCL WARN NET/IB :SHARP coll init error: Cannot create SHArP job(-11)

ip-0A230417:81422:81809 [7] NCCL INFO include/coll_net.h:21 -> 3
ip-0A23040F:97003:97375 [7] NCCL INFO Sharp rank 1/7 initialized on mlx5_ib7:1

ip-0A23040F:97003:97375 [7] sharp_plugin.c:288 NCCL WARN NET/IB :SHARP coll init error: Cannot create SHArP job(-11)

ip-0A23040F:97003:97375 [7] NCCL INFO include/coll_net.h:21 -> 3
ip-0A230412:91220:91609 [7] NCCL INFO Sharp rank 2/7 initialized on mlx5_ib7:1

ip-0A230412:91220:91609 [7] sharp_plugin.c:288 NCCL WARN NET/IB :SHARP coll init error: Cannot create SHArP job(-11)

ip-0A230412:91220:91609 [7] NCCL INFO include/coll_net.h:21 -> 3
ip-0A230417:81422:81629 [7] NCCL INFO transport.cc:222 -> 2
ip-0A230406:37187:37401 [7] NCCL INFO transport.cc:222 -> 2
ip-0A230408:54868:55076 [7] NCCL INFO transport.cc:222 -> 2
ip-0A230412:91220:91432 [7] NCCL INFO transport.cc:222 -> 2
ip-0A230414:77760:77976 [7] NCCL INFO transport.cc:222 -> 2
ip-0A230406:37187:37401 [7] NCCL INFO init.cc:765 -> 2
ip-0A230408:54865:55077 [6] NCCL INFO init.cc:765 -> 2

ip-0A230406:37192:37400 [0] transport.cc:253 NCCL WARN Cannot initialize CollNet, using point-to-point network instead
ip-0A230406:37192:37400 [0] NCCL INFO init.cc:765 -> 2
ip-0A230406:37186:37402 [1] NCCL INFO init.cc:765 -> 2
ip-0A230417:81422:81629 [7] NCCL INFO init.cc:765 -> 2
ip-0A230417:81422:81629 [7] NCCL INFO threadThresholds 8/8/64 | 448/8/64 | 8/8/512
ip-0A230406:37187:37401 [7] NCCL INFO threadThresholds 8/8/64 | 448/8/64 | 8/8/512
ip-0A230406:37192:37400 [0] NCCL INFO threadThresholds 8/8/64 | 448/8/64 | 8/8/512
ip-0A230408:54868:55076 [7] NCCL INFO init.cc:765 -> 2
ip-0A230408:54868:55076 [7] NCCL INFO threadThresholds 8/8/64 | 448/8/64 | 8/8/512
ip-0A230406:37186:37402 [1] NCCL INFO threadThresholds 8/8/64 | 448/8/64 | 8/8/512

ip-0A230408:54866:55080 [0] transport.cc:253 NCCL WARN Cannot initialize CollNet, using point-to-point network instead
ip-0A230408:54866:55080 [0] NCCL INFO init.cc:765 -> 2
ip-0A230406:37190:37403 [2] NCCL INFO init.cc:765 -> 2
ip-0A230408:54869:55082 [1] NCCL INFO init.cc:765 -> 2
ip-0A230408:54869:55082 [1] NCCL INFO threadThresholds 8/8/64 | 448/8/64 | 8/8/512
ip-0A230406:37188:37404 [3] NCCL INFO init.cc:765 -> 2
ip-0A230408:54870:55079 [2] NCCL INFO init.cc:765 -> 2
ip-0A230408:54870:55079 [2] NCCL INFO threadThresholds 8/8/64 | 448/8/64 | 8/8/512
ip-0A230406:37190:37403 [2] NCCL INFO threadThresholds 8/8/64 | 448/8/64 | 8/8/512
ip-0A230408:54864:55081 [3] NCCL INFO init.cc:765 -> 2
ip-0A230408:54864:55081 [3] NCCL INFO threadThresholds 8/8/64 | 448/8/64 | 8/8/512
ip-0A230406:37188:37404 [3] NCCL INFO threadThresholds 8/8/64 | 448/8/64 | 8/8/512
ip-0A230408:54863:55075 [4] NCCL INFO init.cc:765 -> 2
ip-0A230408:54863:55075 [4] NCCL INFO threadThresholds 8/8/64 | 448/8/64 | 8/8/512
ip-0A230406:37191:37405 [4] NCCL INFO init.cc:765 -> 2
ip-0A230406:37191:37405 [4] NCCL INFO threadThresholds 8/8/64 | 448/8/64 | 8/8/512
ip-0A230408:54867:55078 [5] NCCL INFO init.cc:765 -> 2
ip-0A230408:54867:55078 [5] NCCL INFO threadThresholds 8/8/64 | 448/8/64 | 8/8/512
ip-0A23040F:97003:97203 [7] NCCL INFO transport.cc:222 -> 2
ip-0A230406:37189:37399 [5] NCCL INFO init.cc:765 -> 2
ip-0A230406:37189:37399 [5] NCCL INFO threadThresholds 8/8/64 | 448/8/64 | 8/8/512
ip-0A230408:54865:55077 [6] NCCL INFO threadThresholds 8/8/64 | 448/8/64 | 8/8/512
ip-0A230406:37185:37406 [6] NCCL INFO init.cc:765 -> 2
ip-0A230406:37185:37406 [6] NCCL INFO threadThresholds 8/8/64 | 448/8/64 | 8/8/512
ip-0A230408:54866:55080 [0] NCCL INFO threadThresholds 8/8/64 | 448/8/64 | 8/8/512

ip-0A230417:81450:81632 [0] transport.cc:253 NCCL WARN Cannot initialize CollNet, using point-to-point network instead
ip-0A230417:81450:81632 [0] NCCL INFO init.cc:765 -> 2
ip-0A230417:81420:81630 [2] NCCL INFO init.cc:765 -> 2
ip-0A230417:81425:81628 [3] NCCL INFO init.cc:765 -> 2
ip-0A230417:81450:81632 [0] NCCL INFO threadThresholds 8/8/64 | 448/8/64 | 8/8/512
ip-0A230417:81421:81626 [1] NCCL INFO init.cc:765 -> 2
ip-0A230417:81421:81626 [1] NCCL INFO threadThresholds 8/8/64 | 448/8/64 | 8/8/512
ip-0A230417:81420:81630 [2] NCCL INFO threadThresholds 8/8/64 | 448/8/64 | 8/8/512
ip-0A230417:81425:81628 [3] NCCL INFO threadThresholds 8/8/64 | 448/8/64 | 8/8/512
ip-0A230417:81424:81631 [6] NCCL INFO init.cc:765 -> 2
ip-0A230417:81424:81631 [6] NCCL INFO threadThresholds 8/8/64 | 448/8/64 | 8/8/512
ip-0A230417:81426:81627 [4] NCCL INFO init.cc:765 -> 2
ip-0A230417:81426:81627 [4] NCCL INFO threadThresholds 8/8/64 | 448/8/64 | 8/8/512
ip-0A230417:81423:81633 [5] NCCL INFO init.cc:765 -> 2
ip-0A230417:81423:81633 [5] NCCL INFO threadThresholds 8/8/64 | 448/8/64 | 8/8/512
ip-0A230412:91220:91432 [7] NCCL INFO init.cc:765 -> 2
ip-0A23040F:96997:97202 [6] NCCL INFO init.cc:765 -> 2
ip-0A23040F:96997:97202 [6] NCCL INFO threadThresholds 8/8/64 | 448/8/64 | 8/8/512
ip-0A23040F:97003:97203 [7] NCCL INFO init.cc:765 -> 2
ip-0A23040F:97003:97203 [7] NCCL INFO threadThresholds 8/8/64 | 448/8/64 | 8/8/512

ip-0A23040F:96998:97205 [0] transport.cc:253 NCCL WARN Cannot initialize CollNet, using point-to-point network instead
ip-0A23040F:96998:97205 [0] NCCL INFO init.cc:765 -> 2
ip-0A23040F:96998:97205 [0] NCCL INFO threadThresholds 8/8/64 | 448/8/64 | 8/8/512
ip-0A23040F:97000:97204 [1] NCCL INFO init.cc:765 -> 2
ip-0A23040F:97000:97204 [1] NCCL INFO threadThresholds 8/8/64 | 448/8/64 | 8/8/512
ip-0A23040F:97001:97206 [2] NCCL INFO init.cc:765 -> 2
ip-0A23040F:97001:97206 [2] NCCL INFO threadThresholds 8/8/64 | 448/8/64 | 8/8/512
ip-0A23040F:97002:97199 [3] NCCL INFO init.cc:765 -> 2
ip-0A23040F:97002:97199 [3] NCCL INFO threadThresholds 8/8/64 | 448/8/64 | 8/8/512
ip-0A23040F:96996:97200 [4] NCCL INFO init.cc:765 -> 2
ip-0A23040F:96996:97200 [4] NCCL INFO threadThresholds 8/8/64 | 448/8/64 | 8/8/512
ip-0A23040F:96999:97201 [5] NCCL INFO init.cc:765 -> 2
ip-0A23040F:96999:97201 [5] NCCL INFO threadThresholds 8/8/64 | 448/8/64 | 8/8/512

