ip-0A230414:85336:85539 [3] NCCL INFO Channel 19 : 27[400000] -> 26[300000] via P2P/IPC/read
ip-0A230414:85338:85543 [1] NCCL INFO Channel 09 : 25[200000] -> 24[100000] via P2P/IPC/read
ip-0A230414:85338:85543 [1] NCCL INFO Channel 16 : 25[200000] -> 24[100000] via P2P/IPC/read
ip-0A230412:1008:1220 [3] NCCL INFO Channel 11/0 : 26[300000] -> 19[400000] [receive] via NET/IBext/3/GDRDMA
ip-0A230414:85338:85543 [1] NCCL INFO Channel 17 : 25[200000] -> 24[100000] via P2P/IPC/read
ip-0A230412:1011:1215 [2] NCCL INFO Channel 03/0 : 18[300000] -> 11[400000] [send] via NET/IBext/3/GDRDMA
ip-0A230412:1011:1215 [2] NCCL INFO Channel 19/0 : 18[300000] -> 11[400000] [send] via NET/IBext/3/GDRDMA
ip-0A230414:85334:85544 [7] NCCL INFO Channel 02 : 31[e00000] -> 24[100000] via P2P/IPC/read
ip-0A230414:85334:85544 [7] NCCL INFO Channel 03 : 31[e00000] -> 24[100000] via P2P/IPC/read
ip-0A230414:85334:85544 [7] NCCL INFO Channel 04 : 31[e00000] -> 24[100000] via P2P/IPC/read
ip-0A230414:85334:85544 [7] NCCL INFO Channel 05 : 31[e00000] -> 24[100000] via P2P/IPC/read
ip-0A230414:85334:85544 [7] NCCL INFO Channel 06 : 31[e00000] -> 24[100000] via P2P/IPC/read
ip-0A230412:1005:1221 [7] NCCL INFO Channel 15/0 : 30[d00000] -> 23[e00000] [receive] via NET/IBext/7/GDRDMA
ip-0A230412:1005:1221 [7] NCCL INFO Channel 02 : 23[e00000] -> 16[100000] via P2P/IPC/read
ip-0A230414:85334:85544 [7] NCCL INFO Channel 10 : 31[e00000] -> 24[100000] via P2P/IPC/read
ip-0A230414:85334:85544 [7] NCCL INFO Channel 11 : 31[e00000] -> 24[100000] via P2P/IPC/read
ip-0A230414:85333:85545 [5] NCCL INFO Channel 04 : 29[c00000] -> 28[b00000] via P2P/IPC/read
ip-0A230414:85334:85544 [7] NCCL INFO Channel 12 : 31[e00000] -> 24[100000] via P2P/IPC/read
ip-0A230414:85333:85545 [5] NCCL INFO Channel 05 : 29[c00000] -> 28[b00000] via P2P/IPC/read
ip-0A230414:85334:85544 [7] NCCL INFO Channel 13 : 31[e00000] -> 24[100000] via P2P/IPC/read
ip-0A230414:85333:85545 [5] NCCL INFO Channel 12 : 29[c00000] -> 28[b00000] via P2P/IPC/read
ip-0A230414:85334:85544 [7] NCCL INFO Channel 14 : 31[e00000] -> 24[100000] via P2P/IPC/read
ip-0A230414:85333:85545 [5] NCCL INFO Channel 13 : 29[c00000] -> 28[b00000] via P2P/IPC/read
ip-0A230414:85334:85544 [7] NCCL INFO Channel 18 : 31[e00000] -> 24[100000] via P2P/IPC/read
ip-0A230414:85333:85545 [5] NCCL INFO Channel 20 : 29[c00000] -> 28[b00000] via P2P/IPC/read
ip-0A230414:85334:85544 [7] NCCL INFO Channel 19 : 31[e00000] -> 24[100000] via P2P/IPC/read
ip-0A230414:85333:85545 [5] NCCL INFO Channel 21 : 29[c00000] -> 28[b00000] via P2P/IPC/read
ip-0A230414:85334:85544 [7] NCCL INFO Channel 20 : 31[e00000] -> 24[100000] via P2P/IPC/read
ip-0A230414:85332:85538 [2] NCCL INFO Connected all trees
ip-0A230414:85336:85539 [3] NCCL INFO Connected all trees
ip-0A230414:85334:85544 [7] NCCL INFO Channel 21 : 31[e00000] -> 24[100000] via P2P/IPC/read
ip-0A230414:85334:85544 [7] NCCL INFO Channel 22 : 31[e00000] -> 24[100000] via P2P/IPC/read
ip-0A230412:1005:1221 [7] NCCL INFO Channel 03 : 23[e00000] -> 16[100000] via P2P/IPC/read
ip-0A230414:85334:85544 [7] NCCL INFO Channel 06 : 31[e00000] -> 30[d00000] via P2P/IPC/read
ip-0A230414:85334:85544 [7] NCCL INFO Channel 07 : 31[e00000] -> 30[d00000] via P2P/IPC/read
ip-0A230414:85334:85544 [7] NCCL INFO Channel 14 : 31[e00000] -> 30[d00000] via P2P/IPC/read
ip-0A230414:85334:85544 [7] NCCL INFO Channel 15 : 31[e00000] -> 30[d00000] via P2P/IPC/read
ip-0A230414:85334:85544 [7] NCCL INFO Channel 22 : 31[e00000] -> 30[d00000] via P2P/IPC/read
ip-0A230414:85334:85544 [7] NCCL INFO Channel 23 : 31[e00000] -> 30[d00000] via P2P/IPC/read
ip-0A230412:1005:1221 [7] NCCL INFO Channel 04 : 23[e00000] -> 16[100000] via P2P/IPC/read
ip-0A230412:1006:1216 [4] NCCL INFO Channel 05/0 : 20[b00000] -> 13[c00000] [send] via NET/IBext/5/GDRDMA
ip-0A230412:1006:1216 [4] NCCL INFO Channel 21/0 : 20[b00000] -> 13[c00000] [send] via NET/IBext/5/GDRDMA
ip-0A230412:1005:1221 [7] NCCL INFO Channel 05 : 23[e00000] -> 16[100000] via P2P/IPC/read
ip-0A230412:1005:1221 [7] NCCL INFO Channel 06 : 23[e00000] -> 16[100000] via P2P/IPC/read
ip-0A230412:1013:1217 [1] NCCL INFO Channel 09/0 : 24[100000] -> 17[200000] [receive] via NET/IBext/1/GDRDMA
ip-0A230412:1005:1221 [7] NCCL INFO Channel 10 : 23[e00000] -> 16[100000] via P2P/IPC/read
ip-0A23040F:7237:7444 [7] NCCL INFO Channel 06 : 15[e00000] -> 14[d00000] via P2P/IPC/read
ip-0A230412:1005:1221 [7] NCCL INFO Channel 11 : 23[e00000] -> 16[100000] via P2P/IPC/read
ip-0A23040F:7237:7444 [7] NCCL INFO Channel 07 : 15[e00000] -> 14[d00000] via P2P/IPC/read
ip-0A230412:1008:1220 [3] NCCL INFO Channel 02 : 19[400000] -> 18[300000] via P2P/IPC/read
ip-0A230412:1005:1221 [7] NCCL INFO Channel 12 : 23[e00000] -> 16[100000] via P2P/IPC/read
ip-0A23040F:7237:7444 [7] NCCL INFO Channel 14 : 15[e00000] -> 14[d00000] via P2P/IPC/read
ip-0A230412:1008:1220 [3] NCCL INFO Channel 03 : 19[400000] -> 18[300000] via P2P/IPC/read
ip-0A23040F:7237:7444 [7] NCCL INFO Channel 15 : 15[e00000] -> 14[d00000] via P2P/IPC/read
ip-0A230412:1005:1221 [7] NCCL INFO Channel 13 : 23[e00000] -> 16[100000] via P2P/IPC/read
ip-0A23040F:7237:7444 [7] NCCL INFO Channel 22 : 15[e00000] -> 14[d00000] via P2P/IPC/read
ip-0A23040F:7243:7450 [3] NCCL INFO Channel 02 : 11[400000] -> 10[300000] via P2P/IPC/read
ip-0A23040F:7237:7444 [7] NCCL INFO Channel 23 : 15[e00000] -> 14[d00000] via P2P/IPC/read
ip-0A23040F:7243:7450 [3] NCCL INFO Channel 03 : 11[400000] -> 10[300000] via P2P/IPC/read
ip-0A23040F:7243:7450 [3] NCCL INFO Channel 10 : 11[400000] -> 10[300000] via P2P/IPC/read
ip-0A23040F:7243:7450 [3] NCCL INFO Channel 11 : 11[400000] -> 10[300000] via P2P/IPC/read
ip-0A23040F:7243:7450 [3] NCCL INFO Channel 18 : 11[400000] -> 10[300000] via P2P/IPC/read
ip-0A23040F:7243:7450 [3] NCCL INFO Channel 19 : 11[400000] -> 10[300000] via P2P/IPC/read
ip-0A23040F:7237:7444 [7] NCCL INFO Connected all trees
ip-0A23040F:7240:7447 [6] NCCL INFO Connected all trees
ip-0A23040F:7243:7450 [3] NCCL INFO Connected all trees
ip-0A23040F:7241:7449 [2] NCCL INFO Connected all trees
ip-0A230412:1008:1220 [3] NCCL INFO Channel 10 : 19[400000] -> 18[300000] via P2P/IPC/read
ip-0A230412:1005:1221 [7] NCCL INFO Channel 14 : 23[e00000] -> 16[100000] via P2P/IPC/read
ip-0A230412:1008:1220 [3] NCCL INFO Channel 11 : 19[400000] -> 18[300000] via P2P/IPC/read
ip-0A230412:1005:1221 [7] NCCL INFO Channel 18 : 23[e00000] -> 16[100000] via P2P/IPC/read
ip-0A230412:1009:1214 [6] NCCL INFO Channel 07 : 22[d00000] -> 16[100000] via P2P/IPC/read
ip-0A230412:1008:1220 [3] NCCL INFO Channel 18 : 19[400000] -> 18[300000] via P2P/IPC/read
ip-0A230412:1005:1221 [7] NCCL INFO Channel 19 : 23[e00000] -> 16[100000] via P2P/IPC/read
ip-0A230412:1010:1218 [5] NCCL INFO Channel 13/0 : 28[b00000] -> 21[c00000] [receive] via NET/IBext/5/GDRDMA
ip-0A230412:1009:1214 [6] NCCL INFO Channel 15 : 22[d00000] -> 16[100000] via P2P/IPC/read
ip-0A230412:1008:1220 [3] NCCL INFO Channel 19 : 19[400000] -> 18[300000] via P2P/IPC/read
ip-0A230412:1005:1221 [7] NCCL INFO Channel 20 : 23[e00000] -> 16[100000] via P2P/IPC/read
ip-0A230412:1009:1214 [6] NCCL INFO Channel 23 : 22[d00000] -> 16[100000] via P2P/IPC/read
ip-0A230412:1005:1221 [7] NCCL INFO Channel 21 : 23[e00000] -> 16[100000] via P2P/IPC/read
ip-0A230414:85339:85540 [4] NCCL INFO Connected all trees
ip-0A230414:85333:85545 [5] NCCL INFO Connected all trees
ip-0A230412:1013:1217 [1] NCCL INFO Channel 00 : 17[200000] -> 16[100000] via P2P/IPC/read
ip-0A230412:1005:1221 [7] NCCL INFO Channel 22 : 23[e00000] -> 16[100000] via P2P/IPC/read
ip-0A230412:1013:1217 [1] NCCL INFO Channel 01 : 17[200000] -> 16[100000] via P2P/IPC/read
ip-0A23040F:7244:7445 [5] NCCL INFO Channel 04 : 13[c00000] -> 12[b00000] via P2P/IPC/read
ip-0A230412:1013:1217 [1] NCCL INFO Channel 08 : 17[200000] -> 16[100000] via P2P/IPC/read
ip-0A23040F:7244:7445 [5] NCCL INFO Channel 05 : 13[c00000] -> 12[b00000] via P2P/IPC/read
ip-0A230412:1010:1218 [5] NCCL INFO Channel 04 : 21[c00000] -> 20[b00000] via P2P/IPC/read
ip-0A230412:1013:1217 [1] NCCL INFO Channel 09 : 17[200000] -> 16[100000] via P2P/IPC/read
ip-0A23040F:7244:7445 [5] NCCL INFO Channel 12 : 13[c00000] -> 12[b00000] via P2P/IPC/read
ip-0A23040F:7244:7445 [5] NCCL INFO Channel 13 : 13[c00000] -> 12[b00000] via P2P/IPC/read
ip-0A230412:1010:1218 [5] NCCL INFO Channel 05 : 21[c00000] -> 20[b00000] via P2P/IPC/read
ip-0A23040F:7244:7445 [5] NCCL INFO Channel 20 : 13[c00000] -> 12[b00000] via P2P/IPC/read
ip-0A23040F:7244:7445 [5] NCCL INFO Channel 21 : 13[c00000] -> 12[b00000] via P2P/IPC/read
ip-0A23040F:7244:7445 [5] NCCL INFO Connected all trees
ip-0A23040F:7239:7446 [4] NCCL INFO Connected all trees
ip-0A230412:1013:1217 [1] NCCL INFO Channel 16 : 17[200000] -> 16[100000] via P2P/IPC/read
ip-0A230412:1010:1218 [5] NCCL INFO Channel 12 : 21[c00000] -> 20[b00000] via P2P/IPC/read
ip-0A230414:85337:85542 [6] NCCL INFO Channel 07 : 30[d00000] -> 24[100000] via P2P/IPC/read
ip-0A230414:85337:85542 [6] NCCL INFO Channel 15 : 30[d00000] -> 24[100000] via P2P/IPC/read
ip-0A230414:85337:85542 [6] NCCL INFO Channel 23 : 30[d00000] -> 24[100000] via P2P/IPC/read
ip-0A230414:85337:85542 [6] NCCL INFO Connected all trees
ip-0A230414:85334:85544 [7] NCCL INFO Connected all trees
ip-0A230414:85335:85541 [0] NCCL INFO Connected all trees
ip-0A230414:85335:85541 [0] NCCL INFO CollNet 00 : 24 [receive] via COLLNET/SHARP/0/GDRDMA
ip-0A230414:85338:85543 [1] NCCL INFO Connected all trees
ip-0A230412:1013:1217 [1] NCCL INFO Channel 17 : 17[200000] -> 16[100000] via P2P/IPC/read
ip-0A230412:1010:1218 [5] NCCL INFO Channel 13 : 21[c00000] -> 20[b00000] via P2P/IPC/read
ip-0A230412:1011:1215 [2] NCCL INFO Connected all trees
ip-0A230412:1008:1220 [3] NCCL INFO Connected all trees
ip-0A230412:1010:1218 [5] NCCL INFO Channel 20 : 21[c00000] -> 20[b00000] via P2P/IPC/read
ip-0A230412:1010:1218 [5] NCCL INFO Channel 21 : 21[c00000] -> 20[b00000] via P2P/IPC/read
ip-0A23040F:7242:7451 [1] NCCL INFO Channel 00 : 9[200000] -> 8[100000] via P2P/IPC/read
ip-0A23040F:7242:7451 [1] NCCL INFO Channel 01 : 9[200000] -> 8[100000] via P2P/IPC/read
ip-0A23040F:7242:7451 [1] NCCL INFO Channel 08 : 9[200000] -> 8[100000] via P2P/IPC/read
ip-0A23040F:7242:7451 [1] NCCL INFO Channel 09 : 9[200000] -> 8[100000] via P2P/IPC/read
ip-0A23040F:7242:7451 [1] NCCL INFO Channel 16 : 9[200000] -> 8[100000] via P2P/IPC/read
ip-0A23040F:7242:7451 [1] NCCL INFO Channel 17 : 9[200000] -> 8[100000] via P2P/IPC/read
ip-0A23040F:7242:7451 [1] NCCL INFO Connected all trees
ip-0A23040F:7238:7448 [0] NCCL INFO Connected all trees
ip-0A23040F:7238:7448 [0] NCCL INFO CollNet 00 : 8 [receive] via COLLNET/SHARP/0/GDRDMA
ip-0A230412:1010:1218 [5] NCCL INFO Connected all trees
ip-0A230412:1006:1216 [4] NCCL INFO Connected all trees
ip-0A230412:1005:1221 [7] NCCL INFO Channel 06 : 23[e00000] -> 22[d00000] via P2P/IPC/read
ip-0A230412:1005:1221 [7] NCCL INFO Channel 07 : 23[e00000] -> 22[d00000] via P2P/IPC/read
ip-0A230412:1005:1221 [7] NCCL INFO Channel 14 : 23[e00000] -> 22[d00000] via P2P/IPC/read
ip-0A230412:1005:1221 [7] NCCL INFO Channel 15 : 23[e00000] -> 22[d00000] via P2P/IPC/read
ip-0A230412:1005:1221 [7] NCCL INFO Channel 22 : 23[e00000] -> 22[d00000] via P2P/IPC/read
ip-0A230412:1005:1221 [7] NCCL INFO Channel 23 : 23[e00000] -> 22[d00000] via P2P/IPC/read
ip-0A230412:1007:1219 [0] NCCL INFO Connected all trees
ip-0A230412:1013:1217 [1] NCCL INFO Connected all trees
ip-0A230412:1009:1214 [6] NCCL INFO Connected all trees
ip-0A230412:1005:1221 [7] NCCL INFO Connected all trees
ip-0A230412:1007:1219 [0] NCCL INFO CollNet 00 : 16 [receive] via COLLNET/SHARP/0/GDRDMA
ip-0A230412:1007:1398 [0] NCCL INFO NCCL_SHARP_GROUP_SIZE_THRESH set by environment to 3.
ip-0A230414:85335:85704 [0] NCCL INFO NCCL_SHARP_GROUP_SIZE_THRESH set by environment to 3.
ip-0A230414:85338:85543 [1] NCCL INFO CollNet 01 : 25 [receive] via COLLNET/SHARP/1/GDRDMA
ip-0A230406:44747:45120 [0] NCCL INFO NCCL_SHARP_GROUP_SIZE_THRESH set by environment to 3.
ip-0A230417:89002:89377 [0] NCCL INFO NCCL_SHARP_GROUP_SIZE_THRESH set by environment to 3.
ip-0A23040D:39974:40350 [0] NCCL INFO NCCL_SHARP_GROUP_SIZE_THRESH set by environment to 3.
ip-0A23040D:39978:40182 [1] NCCL INFO CollNet 01 : 1 [receive] via COLLNET/SHARP/1/GDRDMA
ip-0A230408:62436:62814 [0] NCCL INFO NCCL_SHARP_GROUP_SIZE_THRESH set by environment to 3.
ip-0A23040F:7238:7613 [0] NCCL INFO NCCL_SHARP_GROUP_SIZE_THRESH set by environment to 3.
ip-0A230417:89005:89222 [1] NCCL INFO CollNet 01 : 33 [receive] via COLLNET/SHARP/1/GDRDMA
ip-0A230406:44754:44955 [1] NCCL INFO CollNet 01 : 41 [receive] via COLLNET/SHARP/1/GDRDMA
ip-0A23040F:7242:7451 [1] NCCL INFO CollNet 01 : 9 [receive] via COLLNET/SHARP/1/GDRDMA
ip-0A230408:62437:62650 [1] NCCL INFO CollNet 01 : 49 [receive] via COLLNET/SHARP/1/GDRDMA
ip-0A230412:1013:1217 [1] NCCL INFO CollNet 01 : 17 [receive] via COLLNET/SHARP/1/GDRDMA
[ip-0A23040D:0:39974 - context.c:584] INFO job (ID: 2524862689846789971) resource request quota: ( osts:0 user_data_per_ost:0 max_groups:0 max_qps:1 max_group_channels:1, num_trees:1)
[ip-0A23040D:0:39974 unique id 0] ERROR No Aggregation Manager (sharp_am) detected in sharp_create_job.

[ip-0A23040D:0:39974 - context.c:601] ERROR sharp_create_job failed: No Aggregation Manager (sharp_am) detected(-52)
ip-0A230408:62436:62814 [0] NCCL INFO Sharp rank 6/7 initialized on mlx5_ib0:1

ip-0A230408:62436:62814 [0] sharp_plugin.c:288 NCCL WARN NET/IB :SHARP coll init error: Cannot create SHArP job(-11)

ip-0A230408:62436:62814 [0] NCCL INFO include/coll_net.h:21 -> 3
ip-0A230414:85335:85704 [0] NCCL INFO Sharp rank 3/7 initialized on mlx5_ib0:1

ip-0A230414:85335:85704 [0] sharp_plugin.c:288 NCCL WARN NET/IB :SHARP coll init error: Cannot create SHArP job(-11)

ip-0A230414:85335:85704 [0] NCCL INFO include/coll_net.h:21 -> 3
ip-0A230408:62436:62646 [0] NCCL INFO transport.cc:222 -> 2
ip-0A230406:44747:45120 [0] NCCL INFO Sharp rank 5/7 initialized on mlx5_ib0:1

ip-0A230406:44747:45120 [0] sharp_plugin.c:288 NCCL WARN NET/IB :SHARP coll init error: Cannot create SHArP job(-11)

ip-0A230406:44747:45120 [0] NCCL INFO include/coll_net.h:21 -> 3
ip-0A230414:85335:85541 [0] NCCL INFO transport.cc:222 -> 2
ip-0A230417:89002:89377 [0] NCCL INFO Sharp rank 4/7 initialized on mlx5_ib0:1

ip-0A230417:89002:89377 [0] sharp_plugin.c:288 NCCL WARN NET/IB :SHARP coll init error: Cannot create SHArP job(-11)

ip-0A230417:89002:89377 [0] NCCL INFO include/coll_net.h:21 -> 3
ip-0A23040F:7238:7613 [0] NCCL INFO Sharp rank 1/7 initialized on mlx5_ib0:1

ip-0A23040F:7238:7613 [0] sharp_plugin.c:288 NCCL WARN NET/IB :SHARP coll init error: Cannot create SHArP job(-11)

ip-0A230412:1007:1398 [0] NCCL INFO Sharp rank 2/7 initialized on mlx5_ib0:1

ip-0A230412:1007:1398 [0] sharp_plugin.c:288 NCCL WARN NET/IB :SHARP coll init error: Cannot create SHArP job(-11)

ip-0A230412:1007:1398 [0] NCCL INFO include/coll_net.h:21 -> 3
ip-0A230417:89002:89217 [0] NCCL INFO transport.cc:222 -> 2
ip-0A230406:44747:44961 [0] NCCL INFO transport.cc:222 -> 2
ip-0A23040F:7238:7613 [0] NCCL INFO include/coll_net.h:21 -> 3
ip-0A23040F:7238:7448 [0] NCCL INFO transport.cc:222 -> 2
ip-0A230412:1007:1219 [0] NCCL INFO transport.cc:222 -> 2
ip-0A23040D:39974:40350 [0] NCCL INFO Sharp rank 0/7 initialized on mlx5_ib0:1

ip-0A23040D:39974:40350 [0] sharp_plugin.c:288 NCCL WARN NET/IB :SHARP coll init error: Cannot create SHArP job(-11)

ip-0A23040D:39974:40350 [0] NCCL INFO include/coll_net.h:21 -> 3
ip-0A23040D:39974:40180 [0] NCCL INFO transport.cc:222 -> 2
ip-0A23040D:39978:40345 [1] NCCL INFO NCCL_SHARP_GROUP_SIZE_THRESH set by environment to 3.
ip-0A23040D:39973:40184 [2] NCCL INFO CollNet 02 : 2 [receive] via COLLNET/SHARP/2/GDRDMA
ip-0A23040F:7242:7616 [1] NCCL INFO NCCL_SHARP_GROUP_SIZE_THRESH set by environment to 3.
ip-0A23040F:7241:7449 [2] NCCL INFO CollNet 02 : 10 [receive] via COLLNET/SHARP/2/GDRDMA
ip-0A230412:1013:1399 [1] NCCL INFO NCCL_SHARP_GROUP_SIZE_THRESH set by environment to 3.
ip-0A230412:1011:1215 [2] NCCL INFO CollNet 02 : 18 [receive] via COLLNET/SHARP/2/GDRDMA
ip-0A230414:85338:85706 [1] NCCL INFO NCCL_SHARP_GROUP_SIZE_THRESH set by environment to 3.
ip-0A230417:89005:89376 [1] NCCL INFO NCCL_SHARP_GROUP_SIZE_THRESH set by environment to 3.
ip-0A230414:85332:85538 [2] NCCL INFO CollNet 02 : 26 [receive] via COLLNET/SHARP/2/GDRDMA
ip-0A230417:89022:89224 [2] NCCL INFO CollNet 02 : 34 [receive] via COLLNET/SHARP/2/GDRDMA
ip-0A230406:44754:45127 [1] NCCL INFO NCCL_SHARP_GROUP_SIZE_THRESH set by environment to 3.
ip-0A230406:44751:44957 [2] NCCL INFO CollNet 02 : 42 [receive] via COLLNET/SHARP/2/GDRDMA
ip-0A230408:62437:62812 [1] NCCL INFO NCCL_SHARP_GROUP_SIZE_THRESH set by environment to 3.
ip-0A230408:62441:62651 [2] NCCL INFO CollNet 02 : 50 [receive] via COLLNET/SHARP/2/GDRDMA
[ip-0A23040D:0:39978 - context.c:584] INFO job (ID: 2524863111952132408) resource request quota: ( osts:0 user_data_per_ost:0 max_groups:0 max_qps:1 max_group_channels:1, num_trees:1)
[ip-0A23040D:0:39978 unique id 0] ERROR No Aggregation Manager (sharp_am) detected in sharp_create_job.

[ip-0A23040D:0:39978 - context.c:601] ERROR sharp_create_job failed: No Aggregation Manager (sharp_am) detected(-52)
ip-0A230414:85338:85706 [1] NCCL INFO Sharp rank 3/7 initialized on mlx5_ib1:1

ip-0A230414:85338:85706 [1] sharp_plugin.c:288 NCCL WARN NET/IB :SHARP coll init error: Cannot create SHArP job(-11)

ip-0A230414:85338:85706 [1] NCCL INFO include/coll_net.h:21 -> 3
ip-0A230406:44754:45127 [1] NCCL INFO Sharp rank 5/7 initialized on mlx5_ib1:1

ip-0A230406:44754:45127 [1] sharp_plugin.c:288 NCCL WARN NET/IB :SHARP coll init error: Cannot create SHArP job(-11)

ip-0A230406:44754:45127 [1] NCCL INFO include/coll_net.h:21 -> 3
ip-0A230412:1013:1399 [1] NCCL INFO Sharp rank 2/7 initialized on mlx5_ib1:1

ip-0A230412:1013:1399 [1] sharp_plugin.c:288 NCCL WARN NET/IB :SHARP coll init error: Cannot create SHArP job(-11)

ip-0A230412:1013:1399 [1] NCCL INFO include/coll_net.h:21 -> 3
ip-0A23040F:7242:7616 [1] NCCL INFO Sharp rank 1/7 initialized on mlx5_ib1:1

ip-0A23040F:7242:7616 [1] sharp_plugin.c:288 NCCL WARN NET/IB :SHARP coll init error: Cannot create SHArP job(-11)

ip-0A23040F:7242:7616 [1] NCCL INFO include/coll_net.h:21 -> 3
ip-0A230417:89005:89376 [1] NCCL INFO Sharp rank 4/7 initialized on mlx5_ib1:1

ip-0A230417:89005:89376 [1] sharp_plugin.c:288 NCCL WARN NET/IB :SHARP coll init error: Cannot create SHArP job(-11)

ip-0A230417:89005:89376 [1] NCCL INFO include/coll_net.h:21 -> 3
ip-0A230408:62437:62812 [1] NCCL INFO Sharp rank 6/7 initialized on mlx5_ib1:1

ip-0A230408:62437:62812 [1] sharp_plugin.c:288 NCCL WARN NET/IB :SHARP coll init error: Cannot create SHArP job(-11)

ip-0A230408:62437:62812 [1] NCCL INFO include/coll_net.h:21 -> 3
ip-0A230414:85338:85543 [1] NCCL INFO transport.cc:222 -> 2
ip-0A230412:1013:1217 [1] NCCL INFO transport.cc:222 -> 2
ip-0A23040F:7242:7451 [1] NCCL INFO transport.cc:222 -> 2
ip-0A230406:44754:44955 [1] NCCL INFO transport.cc:222 -> 2
ip-0A230417:89005:89222 [1] NCCL INFO transport.cc:222 -> 2
ip-0A230408:62437:62650 [1] NCCL INFO transport.cc:222 -> 2
ip-0A23040D:39978:40345 [1] NCCL INFO Sharp rank 0/7 initialized on mlx5_ib1:1

ip-0A23040D:39978:40345 [1] sharp_plugin.c:288 NCCL WARN NET/IB :SHARP coll init error: Cannot create SHArP job(-11)

ip-0A23040D:39978:40345 [1] NCCL INFO include/coll_net.h:21 -> 3
ip-0A23040D:39978:40182 [1] NCCL INFO transport.cc:222 -> 2
ip-0A23040D:39973:40349 [2] NCCL INFO NCCL_SHARP_GROUP_SIZE_THRESH set by environment to 3.
ip-0A23040D:39972:40183 [3] NCCL INFO CollNet 03 : 3 [receive] via COLLNET/SHARP/3/GDRDMA
ip-0A23040F:7241:7609 [2] NCCL INFO NCCL_SHARP_GROUP_SIZE_THRESH set by environment to 3.
ip-0A23040F:7243:7450 [3] NCCL INFO CollNet 03 : 11 [receive] via COLLNET/SHARP/3/GDRDMA
ip-0A230412:1011:1404 [2] NCCL INFO NCCL_SHARP_GROUP_SIZE_THRESH set by environment to 3.
ip-0A230414:85332:85708 [2] NCCL INFO NCCL_SHARP_GROUP_SIZE_THRESH set by environment to 3.
ip-0A230414:85336:85539 [3] NCCL INFO CollNet 03 : 27 [receive] via COLLNET/SHARP/3/GDRDMA
ip-0A230417:89022:89378 [2] NCCL INFO NCCL_SHARP_GROUP_SIZE_THRESH set by environment to 3.
ip-0A230417:89007:89223 [3] NCCL INFO CollNet 03 : 35 [receive] via COLLNET/SHARP/3/GDRDMA
ip-0A230406:44751:45123 [2] NCCL INFO NCCL_SHARP_GROUP_SIZE_THRESH set by environment to 3.
ip-0A230406:44746:44960 [3] NCCL INFO CollNet 03 : 43 [receive] via COLLNET/SHARP/3/GDRDMA
ip-0A230408:62441:62815 [2] NCCL INFO NCCL_SHARP_GROUP_SIZE_THRESH set by environment to 3.
ip-0A230408:62440:62649 [3] NCCL INFO CollNet 03 : 51 [receive] via COLLNET/SHARP/3/GDRDMA
ip-0A230412:1008:1220 [3] NCCL INFO CollNet 03 : 19 [receive] via COLLNET/SHARP/3/GDRDMA
[ip-0A23040D:0:39973 - context.c:584] INFO job (ID: 2524863274976852499) resource request quota: ( osts:0 user_data_per_ost:0 max_groups:0 max_qps:1 max_group_channels:1, num_trees:1)
[ip-0A23040D:0:39973 unique id 0] ERROR No Aggregation Manager (sharp_am) detected in sharp_create_job.

[ip-0A23040D:0:39973 - context.c:601] ERROR sharp_create_job failed: No Aggregation Manager (sharp_am) detected(-52)
ip-0A230406:44751:45123 [2] NCCL INFO Sharp rank 5/7 initialized on mlx5_ib2:1

ip-0A230406:44751:45123 [2] sharp_plugin.c:288 NCCL WARN NET/IB :SHARP coll init error: Cannot create SHArP job(-11)

ip-0A230406:44751:45123 [2] NCCL INFO include/coll_net.h:21 -> 3
ip-0A230414:85332:85708 [2] NCCL INFO Sharp rank 3/7 initialized on mlx5_ib2:1

ip-0A230414:85332:85708 [2] sharp_plugin.c:288 NCCL WARN NET/IB :SHARP coll init error: Cannot create SHArP job(-11)

ip-0A230414:85332:85708 [2] NCCL INFO include/coll_net.h:21 -> 3
ip-0A230417:89022:89378 [2] NCCL INFO Sharp rank 4/7 initialized on mlx5_ib2:1

ip-0A230417:89022:89378 [2] sharp_plugin.c:288 NCCL WARN NET/IB :SHARP coll init error: Cannot create SHArP job(-11)

ip-0A230417:89022:89378 [2] NCCL INFO include/coll_net.h:21 -> 3
ip-0A230412:1011:1404 [2] NCCL INFO Sharp rank 2/7 initialized on mlx5_ib2:1

ip-0A230412:1011:1404 [2] sharp_plugin.c:288 NCCL WARN NET/IB :SHARP coll init error: Cannot create SHArP job(-11)

ip-0A230412:1011:1404 [2] NCCL INFO include/coll_net.h:21 -> 3
ip-0A23040F:7241:7609 [2] NCCL INFO Sharp rank 1/7 initialized on mlx5_ib2:1

ip-0A23040F:7241:7609 [2] sharp_plugin.c:288 NCCL WARN NET/IB :SHARP coll init error: Cannot create SHArP job(-11)

ip-0A23040F:7241:7609 [2] NCCL INFO include/coll_net.h:21 -> 3
ip-0A230408:62441:62815 [2] NCCL INFO Sharp rank 6/7 initialized on mlx5_ib2:1

ip-0A230408:62441:62815 [2] sharp_plugin.c:288 NCCL WARN NET/IB :SHARP coll init error: Cannot create SHArP job(-11)

ip-0A230408:62441:62815 [2] NCCL INFO include/coll_net.h:21 -> 3
ip-0A230406:44751:44957 [2] NCCL INFO transport.cc:222 -> 2
ip-0A23040F:7241:7449 [2] NCCL INFO transport.cc:222 -> 2
ip-0A230408:62441:62651 [2] NCCL INFO transport.cc:222 -> 2
ip-0A230414:85332:85538 [2] NCCL INFO transport.cc:222 -> 2
ip-0A230417:89022:89224 [2] NCCL INFO transport.cc:222 -> 2
ip-0A230412:1011:1215 [2] NCCL INFO transport.cc:222 -> 2
ip-0A23040D:39973:40349 [2] NCCL INFO Sharp rank 0/7 initialized on mlx5_ib2:1

ip-0A23040D:39973:40349 [2] sharp_plugin.c:288 NCCL WARN NET/IB :SHARP coll init error: Cannot create SHArP job(-11)

ip-0A23040D:39973:40349 [2] NCCL INFO include/coll_net.h:21 -> 3
ip-0A23040D:39973:40184 [2] NCCL INFO transport.cc:222 -> 2
ip-0A23040D:39972:40344 [3] NCCL INFO NCCL_SHARP_GROUP_SIZE_THRESH set by environment to 3.
ip-0A23040D:39988:40178 [4] NCCL INFO CollNet 04 : 4 [receive] via COLLNET/SHARP/4/GDRDMA
ip-0A23040F:7243:7615 [3] NCCL INFO NCCL_SHARP_GROUP_SIZE_THRESH set by environment to 3.
ip-0A23040F:7239:7446 [4] NCCL INFO CollNet 04 : 12 [receive] via COLLNET/SHARP/4/GDRDMA
ip-0A230412:1008:1402 [3] NCCL INFO NCCL_SHARP_GROUP_SIZE_THRESH set by environment to 3.
ip-0A230414:85336:85709 [3] NCCL INFO NCCL_SHARP_GROUP_SIZE_THRESH set by environment to 3.
ip-0A230414:85339:85540 [4] NCCL INFO CollNet 04 : 28 [receive] via COLLNET/SHARP/4/GDRDMA
ip-0A230412:1006:1216 [4] NCCL INFO CollNet 04 : 20 [receive] via COLLNET/SHARP/4/GDRDMA
ip-0A230417:89007:89380 [3] NCCL INFO NCCL_SHARP_GROUP_SIZE_THRESH set by environment to 3.
ip-0A230406:44746:45126 [3] NCCL INFO NCCL_SHARP_GROUP_SIZE_THRESH set by environment to 3.
ip-0A230417:89004:89218 [4] NCCL INFO CollNet 04 : 36 [receive] via COLLNET/SHARP/4/GDRDMA
ip-0A230408:62440:62810 [3] NCCL INFO NCCL_SHARP_GROUP_SIZE_THRESH set by environment to 3.
ip-0A230406:44748:44959 [4] NCCL INFO CollNet 04 : 44 [receive] via COLLNET/SHARP/4/GDRDMA
ip-0A230408:62435:62647 [4] NCCL INFO CollNet 04 : 52 [receive] via COLLNET/SHARP/4/GDRDMA
[ip-0A23040D:0:39972 - context.c:584] INFO job (ID: 2524863070269801431) resource request quota: ( osts:0 user_data_per_ost:0 max_groups:0 max_qps:1 max_group_channels:1, num_trees:1)
[ip-0A23040D:0:39972 unique id 0] ERROR No Aggregation Manager (sharp_am) detected in sharp_create_job.

[ip-0A23040D:0:39972 - context.c:601] ERROR sharp_create_job failed: No Aggregation Manager (sharp_am) detected(-52)
ip-0A230408:62440:62810 [3] NCCL INFO Sharp rank 6/7 initialized on mlx5_ib3:1

ip-0A230408:62440:62810 [3] sharp_plugin.c:288 NCCL WARN NET/IB :SHARP coll init error: Cannot create SHArP job(-11)

ip-0A230408:62440:62810 [3] NCCL INFO include/coll_net.h:21 -> 3
ip-0A230414:85336:85709 [3] NCCL INFO Sharp rank 3/7 initialized on mlx5_ib3:1

ip-0A230414:85336:85709 [3] sharp_plugin.c:288 NCCL WARN NET/IB :SHARP coll init error: Cannot create SHArP job(-11)

ip-0A230414:85336:85709 [3] NCCL INFO include/coll_net.h:21 -> 3
ip-0A230412:1008:1402 [3] NCCL INFO Sharp rank 2/7 initialized on mlx5_ib3:1

ip-0A230412:1008:1402 [3] sharp_plugin.c:288 NCCL WARN NET/IB :SHARP coll init error: Cannot create SHArP job(-11)

ip-0A230412:1008:1402 [3] NCCL INFO include/coll_net.h:21 -> 3
ip-0A230417:89007:89380 [3] NCCL INFO Sharp rank 4/7 initialized on mlx5_ib3:1

ip-0A230417:89007:89380 [3] sharp_plugin.c:288 NCCL WARN NET/IB :SHARP coll init error: Cannot create SHArP job(-11)

ip-0A230417:89007:89380 [3] NCCL INFO include/coll_net.h:21 -> 3
ip-0A23040F:7243:7615 [3] NCCL INFO Sharp rank 1/7 initialized on mlx5_ib3:1

ip-0A23040F:7243:7615 [3] sharp_plugin.c:288 NCCL WARN NET/IB :SHARP coll init error: Cannot create SHArP job(-11)

ip-0A23040F:7243:7615 [3] NCCL INFO include/coll_net.h:21 -> 3
ip-0A230406:44746:45126 [3] NCCL INFO Sharp rank 5/7 initialized on mlx5_ib3:1

ip-0A230406:44746:45126 [3] sharp_plugin.c:288 NCCL WARN NET/IB :SHARP coll init error: Cannot create SHArP job(-11)

ip-0A230406:44746:45126 [3] NCCL INFO include/coll_net.h:21 -> 3
ip-0A230408:62440:62649 [3] NCCL INFO transport.cc:222 -> 2
ip-0A230414:85336:85539 [3] NCCL INFO transport.cc:222 -> 2
ip-0A230417:89007:89223 [3] NCCL INFO transport.cc:222 -> 2
ip-0A230412:1008:1220 [3] NCCL INFO transport.cc:222 -> 2
ip-0A23040F:7243:7450 [3] NCCL INFO transport.cc:222 -> 2
ip-0A230406:44746:44960 [3] NCCL INFO transport.cc:222 -> 2
ip-0A23040D:39972:40344 [3] NCCL INFO Sharp rank 0/7 initialized on mlx5_ib3:1

ip-0A23040D:39972:40344 [3] sharp_plugin.c:288 NCCL WARN NET/IB :SHARP coll init error: Cannot create SHArP job(-11)

ip-0A23040D:39972:40344 [3] NCCL INFO include/coll_net.h:21 -> 3
ip-0A23040D:39972:40183 [3] NCCL INFO transport.cc:222 -> 2
ip-0A23040D:39988:40351 [4] NCCL INFO NCCL_SHARP_GROUP_SIZE_THRESH set by environment to 3.
ip-0A23040D:39971:40181 [5] NCCL INFO CollNet 05 : 5 [receive] via COLLNET/SHARP/5/GDRDMA
ip-0A23040F:7239:7612 [4] NCCL INFO NCCL_SHARP_GROUP_SIZE_THRESH set by environment to 3.
ip-0A23040F:7244:7445 [5] NCCL INFO CollNet 05 : 13 [receive] via COLLNET/SHARP/5/GDRDMA
ip-0A230412:1006:1400 [4] NCCL INFO NCCL_SHARP_GROUP_SIZE_THRESH set by environment to 3.
ip-0A230412:1010:1218 [5] NCCL INFO CollNet 05 : 21 [receive] via COLLNET/SHARP/5/GDRDMA
ip-0A230414:85339:85703 [4] NCCL INFO NCCL_SHARP_GROUP_SIZE_THRESH set by environment to 3.
ip-0A230414:85333:85545 [5] NCCL INFO CollNet 05 : 29 [receive] via COLLNET/SHARP/5/GDRDMA
ip-0A230417:89004:89375 [4] NCCL INFO NCCL_SHARP_GROUP_SIZE_THRESH set by environment to 3.
ip-0A230417:89006:89220 [5] NCCL INFO CollNet 05 : 37 [receive] via COLLNET/SHARP/5/GDRDMA
ip-0A230406:44748:45125 [4] NCCL INFO NCCL_SHARP_GROUP_SIZE_THRESH set by environment to 3.
ip-0A230408:62435:62811 [4] NCCL INFO NCCL_SHARP_GROUP_SIZE_THRESH set by environment to 3.
ip-0A230406:44749:44956 [5] NCCL INFO CollNet 05 : 45 [receive] via COLLNET/SHARP/5/GDRDMA
ip-0A230408:62442:62648 [5] NCCL INFO CollNet 05 : 53 [receive] via COLLNET/SHARP/5/GDRDMA
[ip-0A23040D:0:39988 - context.c:584] INFO job (ID: 2524862829415189273) resource request quota: ( osts:0 user_data_per_ost:0 max_groups:0 max_qps:1 max_group_channels:1, num_trees:1)
[ip-0A23040D:0:39988 unique id 0] ERROR No Aggregation Manager (sharp_am) detected in sharp_create_job.

[ip-0A23040D:0:39988 - context.c:601] ERROR sharp_create_job failed: No Aggregation Manager (sharp_am) detected(-52)
ip-0A230408:62435:62811 [4] NCCL INFO Sharp rank 6/7 initialized on mlx5_ib4:1

ip-0A230408:62435:62811 [4] sharp_plugin.c:288 NCCL WARN NET/IB :SHARP coll init error: Cannot create SHArP job(-11)

ip-0A230408:62435:62811 [4] NCCL INFO include/coll_net.h:21 -> 3
ip-0A230406:44748:45125 [4] NCCL INFO Sharp rank 5/7 initialized on mlx5_ib4:1

ip-0A230406:44748:45125 [4] sharp_plugin.c:288 NCCL WARN NET/IB :SHARP coll init error: Cannot create SHArP job(-11)

ip-0A230406:44748:45125 [4] NCCL INFO include/coll_net.h:21 -> 3
ip-0A230412:1006:1400 [4] NCCL INFO Sharp rank 2/7 initialized on mlx5_ib4:1

ip-0A230412:1006:1400 [4] sharp_plugin.c:288 NCCL WARN NET/IB :SHARP coll init error: Cannot create SHArP job(-11)

ip-0A230412:1006:1400 [4] NCCL INFO include/coll_net.h:21 -> 3
ip-0A230414:85339:85703 [4] NCCL INFO Sharp rank 3/7 initialized on mlx5_ib4:1

ip-0A230414:85339:85703 [4] sharp_plugin.c:288 NCCL WARN NET/IB :SHARP coll init error: Cannot create SHArP job(-11)

ip-0A230414:85339:85703 [4] NCCL INFO include/coll_net.h:21 -> 3
ip-0A230417:89004:89375 [4] NCCL INFO Sharp rank 4/7 initialized on mlx5_ib4:1

ip-0A230417:89004:89375 [4] sharp_plugin.c:288 NCCL WARN NET/IB :SHARP coll init error: Cannot create SHArP job(-11)

ip-0A230417:89004:89375 [4] NCCL INFO include/coll_net.h:21 -> 3
ip-0A23040F:7239:7612 [4] NCCL INFO Sharp rank 1/7 initialized on mlx5_ib4:1

ip-0A23040F:7239:7612 [4] sharp_plugin.c:288 NCCL WARN NET/IB :SHARP coll init error: Cannot create SHArP job(-11)

ip-0A23040F:7239:7612 [4] NCCL INFO include/coll_net.h:21 -> 3
ip-0A230408:62435:62647 [4] NCCL INFO transport.cc:222 -> 2
ip-0A230406:44748:44959 [4] NCCL INFO transport.cc:222 -> 2
ip-0A230414:85339:85540 [4] NCCL INFO transport.cc:222 -> 2
ip-0A230417:89004:89218 [4] NCCL INFO transport.cc:222 -> 2
ip-0A230412:1006:1216 [4] NCCL INFO transport.cc:222 -> 2
ip-0A23040F:7239:7446 [4] NCCL INFO transport.cc:222 -> 2
ip-0A23040D:39988:40351 [4] NCCL INFO Sharp rank 0/7 initialized on mlx5_ib4:1

ip-0A23040D:39988:40351 [4] sharp_plugin.c:288 NCCL WARN NET/IB :SHARP coll init error: Cannot create SHArP job(-11)

ip-0A23040D:39988:40351 [4] NCCL INFO include/coll_net.h:21 -> 3
ip-0A23040D:39988:40178 [4] NCCL INFO transport.cc:222 -> 2
ip-0A23040D:39971:40348 [5] NCCL INFO NCCL_SHARP_GROUP_SIZE_THRESH set by environment to 3.
ip-0A23040D:39970:40179 [6] NCCL INFO CollNet 06 : 6 [receive] via COLLNET/SHARP/6/GDRDMA
ip-0A23040F:7244:7610 [5] NCCL INFO NCCL_SHARP_GROUP_SIZE_THRESH set by environment to 3.
ip-0A23040F:7240:7447 [6] NCCL INFO CollNet 06 : 14 [receive] via COLLNET/SHARP/6/GDRDMA
ip-0A230412:1010:1403 [5] NCCL INFO NCCL_SHARP_GROUP_SIZE_THRESH set by environment to 3.
ip-0A230412:1009:1214 [6] NCCL INFO CollNet 06 : 22 [receive] via COLLNET/SHARP/6/GDRDMA
ip-0A230414:85333:85707 [5] NCCL INFO NCCL_SHARP_GROUP_SIZE_THRESH set by environment to 3.
ip-0A230414:85337:85542 [6] NCCL INFO CollNet 06 : 30 [receive] via COLLNET/SHARP/6/GDRDMA
ip-0A230417:89006:89373 [5] NCCL INFO NCCL_SHARP_GROUP_SIZE_THRESH set by environment to 3.
ip-0A230406:44749:45124 [5] NCCL INFO NCCL_SHARP_GROUP_SIZE_THRESH set by environment to 3.
ip-0A230417:89001:89219 [6] NCCL INFO CollNet 06 : 38 [receive] via COLLNET/SHARP/6/GDRDMA
ip-0A230406:44752:44962 [6] NCCL INFO CollNet 06 : 46 [receive] via COLLNET/SHARP/6/GDRDMA
ip-0A230408:62442:62813 [5] NCCL INFO NCCL_SHARP_GROUP_SIZE_THRESH set by environment to 3.
ip-0A230408:62438:62645 [6] NCCL INFO CollNet 06 : 54 [receive] via COLLNET/SHARP/6/GDRDMA
[ip-0A23040D:0:39971 - context.c:584] INFO job (ID: 2524862994199507953) resource request quota: ( osts:0 user_data_per_ost:0 max_groups:0 max_qps:1 max_group_channels:1, num_trees:1)
[ip-0A23040D:0:39971 unique id 0] ERROR No Aggregation Manager (sharp_am) detected in sharp_create_job.

[ip-0A23040D:0:39971 - context.c:601] ERROR sharp_create_job failed: No Aggregation Manager (sharp_am) detected(-52)
ip-0A230406:44749:45124 [5] NCCL INFO Sharp rank 5/7 initialized on mlx5_ib5:1

ip-0A230406:44749:45124 [5] sharp_plugin.c:288 NCCL WARN NET/IB :SHARP coll init error: Cannot create SHArP job(-11)

ip-0A230406:44749:45124 [5] NCCL INFO include/coll_net.h:21 -> 3
ip-0A230417:89006:89373 [5] NCCL INFO Sharp rank 4/7 initialized on mlx5_ib5:1

ip-0A230417:89006:89373 [5] sharp_plugin.c:288 NCCL WARN NET/IB :SHARP coll init error: Cannot create SHArP job(-11)

ip-0A230417:89006:89373 [5] NCCL INFO include/coll_net.h:21 -> 3
ip-0A230408:62442:62813 [5] NCCL INFO Sharp rank 6/7 initialized on mlx5_ib5:1

ip-0A230408:62442:62813 [5] sharp_plugin.c:288 NCCL WARN NET/IB :SHARP coll init error: Cannot create SHArP job(-11)

ip-0A230408:62442:62813 [5] NCCL INFO include/coll_net.h:21 -> 3
ip-0A230414:85333:85707 [5] NCCL INFO Sharp rank 3/7 initialized on mlx5_ib5:1

ip-0A230414:85333:85707 [5] sharp_plugin.c:288 NCCL WARN NET/IB :SHARP coll init error: Cannot create SHArP job(-11)

ip-0A230414:85333:85707 [5] NCCL INFO include/coll_net.h:21 -> 3
ip-0A23040F:7244:7610 [5] NCCL INFO Sharp rank 1/7 initialized on mlx5_ib5:1

ip-0A23040F:7244:7610 [5] sharp_plugin.c:288 NCCL WARN NET/IB :SHARP coll init error: Cannot create SHArP job(-11)

ip-0A23040F:7244:7610 [5] NCCL INFO include/coll_net.h:21 -> 3
ip-0A230412:1010:1403 [5] NCCL INFO Sharp rank 2/7 initialized on mlx5_ib5:1

ip-0A230412:1010:1403 [5] sharp_plugin.c:288 NCCL WARN NET/IB :SHARP coll init error: Cannot create SHArP job(-11)

ip-0A230412:1010:1403 [5] NCCL INFO include/coll_net.h:21 -> 3
ip-0A230406:44749:44956 [5] NCCL INFO transport.cc:222 -> 2
ip-0A230417:89006:89220 [5] NCCL INFO transport.cc:222 -> 2
ip-0A230408:62442:62648 [5] NCCL INFO transport.cc:222 -> 2
ip-0A230414:85333:85545 [5] NCCL INFO transport.cc:222 -> 2
ip-0A23040F:7244:7445 [5] NCCL INFO transport.cc:222 -> 2
ip-0A230412:1010:1218 [5] NCCL INFO transport.cc:222 -> 2
ip-0A23040D:39971:40348 [5] NCCL INFO Sharp rank 0/7 initialized on mlx5_ib5:1

ip-0A23040D:39971:40348 [5] sharp_plugin.c:288 NCCL WARN NET/IB :SHARP coll init error: Cannot create SHArP job(-11)

ip-0A23040D:39971:40348 [5] NCCL INFO include/coll_net.h:21 -> 3
ip-0A23040D:39971:40181 [5] NCCL INFO transport.cc:222 -> 2
ip-0A23040D:39970:40346 [6] NCCL INFO NCCL_SHARP_GROUP_SIZE_THRESH set by environment to 3.
ip-0A23040D:39983:40177 [7] NCCL INFO CollNet 07 : 7 [receive] via COLLNET/SHARP/7/GDRDMA
ip-0A23040F:7240:7614 [6] NCCL INFO NCCL_SHARP_GROUP_SIZE_THRESH set by environment to 3.
ip-0A23040F:7237:7444 [7] NCCL INFO CollNet 07 : 15 [receive] via COLLNET/SHARP/7/GDRDMA
ip-0A230412:1009:1405 [6] NCCL INFO NCCL_SHARP_GROUP_SIZE_THRESH set by environment to 3.
ip-0A230414:85337:85710 [6] NCCL INFO NCCL_SHARP_GROUP_SIZE_THRESH set by environment to 3.
ip-0A230412:1005:1221 [7] NCCL INFO CollNet 07 : 23 [receive] via COLLNET/SHARP/7/GDRDMA
ip-0A230414:85334:85544 [7] NCCL INFO CollNet 07 : 31 [receive] via COLLNET/SHARP/7/GDRDMA
ip-0A230417:89001:89379 [6] NCCL INFO NCCL_SHARP_GROUP_SIZE_THRESH set by environment to 3.
ip-0A230406:44752:45122 [6] NCCL INFO NCCL_SHARP_GROUP_SIZE_THRESH set by environment to 3.
ip-0A230417:89003:89221 [7] NCCL INFO CollNet 07 : 39 [receive] via COLLNET/SHARP/7/GDRDMA
ip-0A230406:44753:44958 [7] NCCL INFO CollNet 07 : 47 [receive] via COLLNET/SHARP/7/GDRDMA
ip-0A230408:62438:62816 [6] NCCL INFO NCCL_SHARP_GROUP_SIZE_THRESH set by environment to 3.
ip-0A230408:62439:62644 [7] NCCL INFO CollNet 07 : 55 [receive] via COLLNET/SHARP/7/GDRDMA
[ip-0A23040D:0:39970 - context.c:584] INFO job (ID: 2524863284468439658) resource request quota: ( osts:0 user_data_per_ost:0 max_groups:0 max_qps:1 max_group_channels:1, num_trees:1)
[ip-0A23040D:0:39970 unique id 0] ERROR No Aggregation Manager (sharp_am) detected in sharp_create_job.

[ip-0A23040D:0:39970 - context.c:601] ERROR sharp_create_job failed: No Aggregation Manager (sharp_am) detected(-52)
ip-0A230408:62438:62816 [6] NCCL INFO Sharp rank 6/7 initialized on mlx5_ib6:1

ip-0A230408:62438:62816 [6] sharp_plugin.c:288 NCCL WARN NET/IB :SHARP coll init error: Cannot create SHArP job(-11)

ip-0A230408:62438:62816 [6] NCCL INFO include/coll_net.h:21 -> 3
ip-0A23040F:7240:7614 [6] NCCL INFO Sharp rank 1/7 initialized on mlx5_ib6:1

ip-0A23040F:7240:7614 [6] sharp_plugin.c:288 NCCL WARN NET/IB :SHARP coll init error: Cannot create SHArP job(-11)

ip-0A23040F:7240:7614 [6] NCCL INFO include/coll_net.h:21 -> 3
ip-0A230406:44752:45122 [6] NCCL INFO Sharp rank 5/7 initialized on mlx5_ib6:1

ip-0A230406:44752:45122 [6] sharp_plugin.c:288 NCCL WARN NET/IB :SHARP coll init error: Cannot create SHArP job(-11)

ip-0A230406:44752:45122 [6] NCCL INFO include/coll_net.h:21 -> 3
ip-0A230417:89001:89379 [6] NCCL INFO Sharp rank 4/7 initialized on mlx5_ib6:1

ip-0A230417:89001:89379 [6] sharp_plugin.c:288 NCCL WARN NET/IB :SHARP coll init error: Cannot create SHArP job(-11)

ip-0A230417:89001:89379 [6] NCCL INFO include/coll_net.h:21 -> 3
ip-0A230414:85337:85710 [6] NCCL INFO Sharp rank 3/7 initialized on mlx5_ib6:1

ip-0A230414:85337:85710 [6] sharp_plugin.c:288 NCCL WARN NET/IB :SHARP coll init error: Cannot create SHArP job(-11)

ip-0A230414:85337:85710 [6] NCCL INFO include/coll_net.h:21 -> 3
ip-0A230412:1009:1405 [6] NCCL INFO Sharp rank 2/7 initialized on mlx5_ib6:1

ip-0A230412:1009:1405 [6] sharp_plugin.c:288 NCCL WARN NET/IB :SHARP coll init error: Cannot create SHArP job(-11)

ip-0A230412:1009:1405 [6] NCCL INFO include/coll_net.h:21 -> 3
ip-0A230408:62438:62645 [6] NCCL INFO transport.cc:222 -> 2
ip-0A23040F:7240:7447 [6] NCCL INFO transport.cc:222 -> 2
ip-0A230417:89001:89219 [6] NCCL INFO transport.cc:222 -> 2
ip-0A230406:44752:44962 [6] NCCL INFO transport.cc:222 -> 2
ip-0A230414:85337:85542 [6] NCCL INFO transport.cc:222 -> 2
ip-0A230412:1009:1214 [6] NCCL INFO transport.cc:222 -> 2
ip-0A23040D:39970:40346 [6] NCCL INFO Sharp rank 0/7 initialized on mlx5_ib6:1

ip-0A23040D:39970:40346 [6] sharp_plugin.c:288 NCCL WARN NET/IB :SHARP coll init error: Cannot create SHArP job(-11)

ip-0A23040D:39970:40346 [6] NCCL INFO include/coll_net.h:21 -> 3
ip-0A23040D:39970:40179 [6] NCCL INFO transport.cc:222 -> 2
ip-0A23040D:39983:40347 [7] NCCL INFO NCCL_SHARP_GROUP_SIZE_THRESH set by environment to 3.
ip-0A23040F:7237:7611 [7] NCCL INFO NCCL_SHARP_GROUP_SIZE_THRESH set by environment to 3.
ip-0A230412:1005:1401 [7] NCCL INFO NCCL_SHARP_GROUP_SIZE_THRESH set by environment to 3.
ip-0A230414:85334:85705 [7] NCCL INFO NCCL_SHARP_GROUP_SIZE_THRESH set by environment to 3.
ip-0A230417:89003:89374 [7] NCCL INFO NCCL_SHARP_GROUP_SIZE_THRESH set by environment to 3.
ip-0A230406:44753:45121 [7] NCCL INFO NCCL_SHARP_GROUP_SIZE_THRESH set by environment to 3.
ip-0A230408:62439:62809 [7] NCCL INFO NCCL_SHARP_GROUP_SIZE_THRESH set by environment to 3.
[ip-0A23040D:0:39983 - context.c:584] INFO job (ID: 2524862521214147175) resource request quota: ( osts:0 user_data_per_ost:0 max_groups:0 max_qps:1 max_group_channels:1, num_trees:1)
[ip-0A23040D:0:39983 unique id 0] ERROR No Aggregation Manager (sharp_am) detected in sharp_create_job.

[ip-0A23040D:0:39983 - context.c:601] ERROR sharp_create_job failed: No Aggregation Manager (sharp_am) detected(-52)
ip-0A230408:62439:62809 [7] NCCL INFO Sharp rank 6/7 initialized on mlx5_ib7:1

ip-0A230408:62439:62809 [7] sharp_plugin.c:288 NCCL WARN NET/IB :SHARP coll init error: Cannot create SHArP job(-11)

ip-0A230408:62439:62809 [7] NCCL INFO include/coll_net.h:21 -> 3
ip-0A230417:89003:89374 [7] NCCL INFO Sharp rank 4/7 initialized on mlx5_ib7:1

ip-0A230417:89003:89374 [7] sharp_plugin.c:288 NCCL WARN NET/IB :SHARP coll init error: Cannot create SHArP job(-11)

ip-0A230417:89003:89374 [7] NCCL INFO include/coll_net.h:21 -> 3
ip-0A230406:44753:45121 [7] NCCL INFO Sharp rank 5/7 initialized on mlx5_ib7:1

ip-0A230406:44753:45121 [7] sharp_plugin.c:288 NCCL WARN NET/IB :SHARP coll init error: Cannot create SHArP job(-11)

ip-0A230406:44753:45121 [7] NCCL INFO include/coll_net.h:21 -> 3
ip-0A230414:85334:85705 [7] NCCL INFO Sharp rank 3/7 initialized on mlx5_ib7:1

ip-0A230414:85334:85705 [7] sharp_plugin.c:288 NCCL WARN NET/IB :SHARP coll init error: Cannot create SHArP job(-11)

ip-0A230414:85334:85705 [7] NCCL INFO include/coll_net.h:21 -> 3
ip-0A230412:1005:1401 [7] NCCL INFO Sharp rank 2/7 initialized on mlx5_ib7:1

ip-0A230412:1005:1401 [7] sharp_plugin.c:288 NCCL WARN NET/IB :SHARP coll init error: Cannot create SHArP job(-11)

ip-0A230412:1005:1401 [7] NCCL INFO include/coll_net.h:21 -> 3
ip-0A23040F:7237:7611 [7] NCCL INFO Sharp rank 1/7 initialized on mlx5_ib7:1

ip-0A23040F:7237:7611 [7] sharp_plugin.c:288 NCCL WARN NET/IB :SHARP coll init error: Cannot create SHArP job(-11)

ip-0A23040F:7237:7611 [7] NCCL INFO include/coll_net.h:21 -> 3
ip-0A230408:62439:62644 [7] NCCL INFO transport.cc:222 -> 2
ip-0A230406:44753:44958 [7] NCCL INFO transport.cc:222 -> 2
ip-0A230414:85334:85544 [7] NCCL INFO transport.cc:222 -> 2
ip-0A230417:89003:89221 [7] NCCL INFO transport.cc:222 -> 2
ip-0A230412:1005:1221 [7] NCCL INFO transport.cc:222 -> 2
ip-0A230417:89003:89221 [7] NCCL INFO init.cc:765 -> 2
ip-0A230417:89003:89221 [7] NCCL INFO threadThresholds 8/8/64 | 448/8/64 | 8/8/512
ip-0A230408:62439:62644 [7] NCCL INFO init.cc:765 -> 2
ip-0A230414:85334:85544 [7] NCCL INFO init.cc:765 -> 2
ip-0A230414:85334:85544 [7] NCCL INFO threadThresholds 8/8/64 | 448/8/64 | 8/8/512
ip-0A23040F:7237:7444 [7] NCCL INFO transport.cc:222 -> 2
ip-0A230417:89022:89224 [2] NCCL INFO init.cc:765 -> 2
ip-0A230417:89007:89223 [3] NCCL INFO init.cc:765 -> 2
ip-0A230417:89004:89218 [4] NCCL INFO init.cc:765 -> 2
ip-0A230417:89004:89218 [4] NCCL INFO threadThresholds 8/8/64 | 448/8/64 | 8/8/512
ip-0A230417:89006:89220 [5] NCCL INFO init.cc:765 -> 2
ip-0A230417:89006:89220 [5] NCCL INFO threadThresholds 8/8/64 | 448/8/64 | 8/8/512

ip-0A230417:89002:89217 [0] transport.cc:253 NCCL WARN Cannot initialize CollNet, using point-to-point network instead
ip-0A230417:89002:89217 [0] NCCL INFO init.cc:765 -> 2
ip-0A230408:62439:62644 [7] NCCL INFO threadThresholds 8/8/64 | 448/8/64 | 8/8/512
ip-0A230417:89005:89222 [1] NCCL INFO init.cc:765 -> 2
ip-0A230408:62441:62651 [2] NCCL INFO init.cc:765 -> 2
ip-0A230406:44752:44962 [6] NCCL INFO init.cc:765 -> 2
ip-0A230417:89022:89224 [2] NCCL INFO threadThresholds 8/8/64 | 448/8/64 | 8/8/512

ip-0A230408:62436:62646 [0] transport.cc:253 NCCL WARN Cannot initialize CollNet, using point-to-point network instead
ip-0A230408:62436:62646 [0] NCCL INFO init.cc:765 -> 2
ip-0A230414:85332:85538 [2] NCCL INFO init.cc:765 -> 2
ip-0A230417:89007:89223 [3] NCCL INFO threadThresholds 8/8/64 | 448/8/64 | 8/8/512
ip-0A230408:62437:62650 [1] NCCL INFO init.cc:765 -> 2
ip-0A230414:85332:85538 [2] NCCL INFO threadThresholds 8/8/64 | 448/8/64 | 8/8/512
ip-0A230417:89001:89219 [6] NCCL INFO init.cc:765 -> 2
ip-0A230417:89001:89219 [6] NCCL INFO threadThresholds 8/8/64 | 448/8/64 | 8/8/512
ip-0A230408:62437:62650 [1] NCCL INFO threadThresholds 8/8/64 | 448/8/64 | 8/8/512
ip-0A230414:85336:85539 [3] NCCL INFO init.cc:765 -> 2
ip-0A230417:89002:89217 [0] NCCL INFO threadThresholds 8/8/64 | 448/8/64 | 8/8/512
ip-0A230412:1009:1214 [6] NCCL INFO init.cc:765 -> 2
ip-0A230408:62441:62651 [2] NCCL INFO threadThresholds 8/8/64 | 448/8/64 | 8/8/512
ip-0A230414:85339:85540 [4] NCCL INFO init.cc:765 -> 2
ip-0A230417:89005:89222 [1] NCCL INFO threadThresholds 8/8/64 | 448/8/64 | 8/8/512
ip-0A230408:62442:62648 [5] NCCL INFO init.cc:765 -> 2
ip-0A230408:62442:62648 [5] NCCL INFO threadThresholds 8/8/64 | 448/8/64 | 8/8/512
ip-0A230414:85333:85545 [5] NCCL INFO init.cc:765 -> 2
ip-0A230414:85333:85545 [5] NCCL INFO threadThresholds 8/8/64 | 448/8/64 | 8/8/512
ip-0A230408:62438:62645 [6] NCCL INFO init.cc:765 -> 2
ip-0A230414:85337:85542 [6] NCCL INFO init.cc:765 -> 2
ip-0A230414:85337:85542 [6] NCCL INFO threadThresholds 8/8/64 | 448/8/64 | 8/8/512
ip-0A230408:62436:62646 [0] NCCL INFO threadThresholds 8/8/64 | 448/8/64 | 8/8/512

ip-0A230414:85335:85541 [0] transport.cc:253 NCCL WARN Cannot initialize CollNet, using point-to-point network instead
ip-0A230414:85335:85541 [0] NCCL INFO init.cc:765 -> 2
ip-0A230414:85335:85541 [0] NCCL INFO threadThresholds 8/8/64 | 448/8/64 | 8/8/512
ip-0A230408:62440:62649 [3] NCCL INFO init.cc:765 -> 2
ip-0A230414:85338:85543 [1] NCCL INFO init.cc:765 -> 2
ip-0A230414:85338:85543 [1] NCCL INFO threadThresholds 8/8/64 | 448/8/64 | 8/8/512
ip-0A230408:62435:62647 [4] NCCL INFO init.cc:765 -> 2
ip-0A230408:62435:62647 [4] NCCL INFO threadThresholds 8/8/64 | 448/8/64 | 8/8/512
ip-0A230414:85336:85539 [3] NCCL INFO threadThresholds 8/8/64 | 448/8/64 | 8/8/512
ip-0A230408:62438:62645 [6] NCCL INFO threadThresholds 8/8/64 | 448/8/64 | 8/8/512
ip-0A230414:85339:85540 [4] NCCL INFO threadThresholds 8/8/64 | 448/8/64 | 8/8/512
ip-0A230408:62440:62649 [3] NCCL INFO threadThresholds 8/8/64 | 448/8/64 | 8/8/512
ip-0A230406:44753:44958 [7] NCCL INFO init.cc:765 -> 2
ip-0A230406:44753:44958 [7] NCCL INFO threadThresholds 8/8/64 | 448/8/64 | 8/8/512

ip-0A230406:44747:44961 [0] transport.cc:253 NCCL WARN Cannot initialize CollNet, using point-to-point network instead
ip-0A230406:44747:44961 [0] NCCL INFO init.cc:765 -> 2
ip-0A230406:44747:44961 [0] NCCL INFO threadThresholds 8/8/64 | 448/8/64 | 8/8/512
ip-0A230406:44754:44955 [1] NCCL INFO init.cc:765 -> 2
ip-0A230406:44754:44955 [1] NCCL INFO threadThresholds 8/8/64 | 448/8/64 | 8/8/512
ip-0A230406:44751:44957 [2] NCCL INFO init.cc:765 -> 2
ip-0A230406:44751:44957 [2] NCCL INFO threadThresholds 8/8/64 | 448/8/64 | 8/8/512
ip-0A230406:44746:44960 [3] NCCL INFO init.cc:765 -> 2
ip-0A230406:44746:44960 [3] NCCL INFO threadThresholds 8/8/64 | 448/8/64 | 8/8/512
ip-0A230406:44748:44959 [4] NCCL INFO init.cc:765 -> 2
ip-0A230406:44748:44959 [4] NCCL INFO threadThresholds 8/8/64 | 448/8/64 | 8/8/512
ip-0A230406:44749:44956 [5] NCCL INFO init.cc:765 -> 2
ip-0A230406:44749:44956 [5] NCCL INFO threadThresholds 8/8/64 | 448/8/64 | 8/8/512
ip-0A230406:44752:44962 [6] NCCL INFO threadThresholds 8/8/64 | 448/8/64 | 8/8/512
ip-0A230412:1005:1221 [7] NCCL INFO init.cc:765 -> 2
ip-0A230412:1005:1221 [7] NCCL INFO threadThresholds 8/8/64 | 448/8/64 | 8/8/512

ip-0A230412:1007:1219 [0] transport.cc:253 NCCL WARN Cannot initialize CollNet, using point-to-point network instead
ip-0A230412:1007:1219 [0] NCCL INFO init.cc:765 -> 2
ip-0A230412:1011:1215 [2] NCCL INFO init.cc:765 -> 2
ip-0A230412:1008:1220 [3] NCCL INFO init.cc:765 -> 2
ip-0A230412:1008:1220 [3] NCCL INFO threadThresholds 8/8/64 | 448/8/64 | 8/8/512
ip-0A230412:1006:1216 [4] NCCL INFO init.cc:765 -> 2
ip-0A230412:1006:1216 [4] NCCL INFO threadThresholds 8/8/64 | 448/8/64 | 8/8/512
ip-0A230412:1010:1218 [5] NCCL INFO init.cc:765 -> 2
ip-0A230412:1010:1218 [5] NCCL INFO threadThresholds 8/8/64 | 448/8/64 | 8/8/512
ip-0A230412:1009:1214 [6] NCCL INFO threadThresholds 8/8/64 | 448/8/64 | 8/8/512
ip-0A230412:1007:1219 [0] NCCL INFO threadThresholds 8/8/64 | 448/8/64 | 8/8/512
ip-0A230412:1013:1217 [1] NCCL INFO init.cc:765 -> 2
ip-0A230412:1013:1217 [1] NCCL INFO threadThresholds 8/8/64 | 448/8/64 | 8/8/512
ip-0A230412:1011:1215 [2] NCCL INFO threadThresholds 8/8/64 | 448/8/64 | 8/8/512
ip-0A23040F:7240:7447 [6] NCCL INFO init.cc:765 -> 2
ip-0A23040F:7237:7444 [7] NCCL INFO init.cc:765 -> 2
ip-0A23040F:7237:7444 [7] NCCL INFO threadThresholds 8/8/64 | 448/8/64 | 8/8/512

ip-0A23040F:7238:7448 [0] transport.cc:253 NCCL WARN Cannot initialize CollNet, using point-to-point network instead
ip-0A23040F:7238:7448 [0] NCCL INFO init.cc:765 -> 2
ip-0A23040F:7241:7449 [2] NCCL INFO init.cc:765 -> 2
ip-0A23040F:7241:7449 [2] NCCL INFO threadThresholds 8/8/64 | 448/8/64 | 8/8/512
ip-0A23040F:7243:7450 [3] NCCL INFO init.cc:765 -> 2
ip-0A23040F:7243:7450 [3] NCCL INFO threadThresholds 8/8/64 | 448/8/64 | 8/8/512
ip-0A23040F:7240:7447 [6] NCCL INFO threadThresholds 8/8/64 | 448/8/64 | 8/8/512
ip-0A23040F:7238:7448 [0] NCCL INFO threadThresholds 8/8/64 | 448/8/64 | 8/8/512
ip-0A23040F:7242:7451 [1] NCCL INFO init.cc:765 -> 2
ip-0A23040F:7242:7451 [1] NCCL INFO threadThresholds 8/8/64 | 448/8/64 | 8/8/512
ip-0A23040F:7239:7446 [4] NCCL INFO init.cc:765 -> 2
ip-0A23040F:7239:7446 [4] NCCL INFO threadThresholds 8/8/64 | 448/8/64 | 8/8/512
ip-0A23040F:7244:7445 [5] NCCL INFO init.cc:765 -> 2
ip-0A23040F:7244:7445 [5] NCCL INFO threadThresholds 8/8/64 | 448/8/64 | 8/8/512
ip-0A230414:85335:85541 [0] NCCL INFO 24 coll channels, 32 p2p channels, 2 p2p channels per peer
ip-0A23040F:7238:7448 [0] NCCL INFO 24 coll channels, 32 p2p channels, 2 p2p channels per peer
ip-0A230414:85334:85544 [7] NCCL INFO 24 coll channels, 32 p2p channels, 2 p2p channels per peer
ip-0A23040F:7243:7450 [3] NCCL INFO 24 coll channels, 32 p2p channels, 2 p2p channels per peer
ip-0A23040F:7241:7449 [2] NCCL INFO 24 coll channels, 32 p2p channels, 2 p2p channels per peer
ip-0A230414:85333:85545 [5] NCCL INFO 24 coll channels, 32 p2p channels, 2 p2p channels per peer
