ip-0A230417:21011:21220 [4] NCCL INFO Connected all trees
ip-0A230417:21007:21223 [3] NCCL INFO Channel 19 : 35[400000] -> 34[300000] via P2P/IPC/read
ip-0A230417:21005:21224 [5] NCCL INFO Connected all trees
ip-0A230417:21010:21222 [7] NCCL INFO Channel 14 : 39[e00000] -> 32[100000] via P2P/IPC/read
ip-0A230417:21010:21222 [7] NCCL INFO Channel 18 : 39[e00000] -> 32[100000] via P2P/IPC/read
ip-0A230417:21010:21222 [7] NCCL INFO Channel 19 : 39[e00000] -> 32[100000] via P2P/IPC/read
ip-0A230417:21010:21222 [7] NCCL INFO Channel 20 : 39[e00000] -> 32[100000] via P2P/IPC/read
ip-0A230417:21010:21222 [7] NCCL INFO Channel 21 : 39[e00000] -> 32[100000] via P2P/IPC/read
ip-0A230417:21003:21227 [2] NCCL INFO Connected all trees
ip-0A230417:21007:21223 [3] NCCL INFO Connected all trees
ip-0A230417:21010:21222 [7] NCCL INFO Channel 22 : 39[e00000] -> 32[100000] via P2P/IPC/read
ip-0A230417:21010:21222 [7] NCCL INFO Channel 06 : 39[e00000] -> 38[d00000] via P2P/IPC/read
ip-0A230417:21010:21222 [7] NCCL INFO Channel 07 : 39[e00000] -> 38[d00000] via P2P/IPC/read
ip-0A230417:21010:21222 [7] NCCL INFO Channel 14 : 39[e00000] -> 38[d00000] via P2P/IPC/read
ip-0A230417:21010:21222 [7] NCCL INFO Channel 15 : 39[e00000] -> 38[d00000] via P2P/IPC/read
ip-0A230417:21010:21222 [7] NCCL INFO Channel 22 : 39[e00000] -> 38[d00000] via P2P/IPC/read
ip-0A230417:21010:21222 [7] NCCL INFO Channel 23 : 39[e00000] -> 38[d00000] via P2P/IPC/read
ip-0A230417:21008:21225 [0] NCCL INFO Connected all trees
ip-0A230417:21004:21221 [1] NCCL INFO Connected all trees
ip-0A230417:21006:21226 [6] NCCL INFO Connected all trees
ip-0A230417:21010:21222 [7] NCCL INFO Connected all trees
ip-0A230417:21008:21225 [0] NCCL INFO CollNet 00 : 32 [receive] via COLLNET/SHARP/0/GDRDMA
ip-0A23040F:37016:37238 [7] NCCL INFO Channel 15 : 15[e00000] -> 14[d00000] via P2P/IPC/read
ip-0A23040F:37016:37238 [7] NCCL INFO Channel 22 : 15[e00000] -> 14[d00000] via P2P/IPC/read
ip-0A23040F:37016:37238 [7] NCCL INFO Channel 23 : 15[e00000] -> 14[d00000] via P2P/IPC/read
ip-0A23040F:37016:37238 [7] NCCL INFO Connected all trees
ip-0A23040F:37023:37235 [6] NCCL INFO Connected all trees
ip-0A230414:17312:17524 [4] NCCL INFO Channel 13/0 : 28[b00000] -> 21[c00000] [send] via NET/IBext/5/GDRDMA
ip-0A230412:30714:30917 [3] NCCL INFO Channel 03/0 : 27[400000] -> 19[400000] [receive] via NET/IBext/3/GDRDMA
ip-0A230412:30714:30917 [3] NCCL INFO Channel 19/0 : 27[400000] -> 19[400000] [receive] via NET/IBext/3/GDRDMA
ip-0A230414:17320:17528 [2] NCCL INFO Channel 11/0 : 26[300000] -> 19[400000] [send] via NET/IBext/3/GDRDMA
ip-0A230412:30715:30922 [4] NCCL INFO Channel 05/0 : 20[b00000] -> 13[c00000] [send] via NET/IBext/5/GDRDMA
ip-0A230412:30715:30922 [4] NCCL INFO Channel 21/0 : 20[b00000] -> 13[c00000] [send] via NET/IBext/5/GDRDMA
ip-0A230412:30713:30920 [6] NCCL INFO Channel 07 : 22[d00000] -> 16[100000] via P2P/IPC/read
ip-0A230412:30713:30920 [6] NCCL INFO Channel 15 : 22[d00000] -> 16[100000] via P2P/IPC/read
ip-0A230412:30713:30920 [6] NCCL INFO Channel 23 : 22[d00000] -> 16[100000] via P2P/IPC/read
ip-0A230412:30711:30918 [2] NCCL INFO Channel 03/0 : 18[300000] -> 11[400000] [send] via NET/IBext/3/GDRDMA
ip-0A230412:30711:30918 [2] NCCL INFO Channel 19/0 : 18[300000] -> 11[400000] [send] via NET/IBext/3/GDRDMA
ip-0A230414:17319:17526 [7] NCCL INFO Channel 02 : 31[e00000] -> 24[100000] via P2P/IPC/read
ip-0A230414:17319:17526 [7] NCCL INFO Channel 03 : 31[e00000] -> 24[100000] via P2P/IPC/read
ip-0A230414:17319:17526 [7] NCCL INFO Channel 04 : 31[e00000] -> 24[100000] via P2P/IPC/read
ip-0A230412:30709:30916 [7] NCCL INFO Channel 15/0 : 30[d00000] -> 23[e00000] [receive] via NET/IBext/7/GDRDMA
ip-0A230412:30709:30916 [7] NCCL INFO Channel 02 : 23[e00000] -> 16[100000] via P2P/IPC/read
ip-0A230414:17319:17526 [7] NCCL INFO Channel 05 : 31[e00000] -> 24[100000] via P2P/IPC/read
ip-0A230414:17319:17526 [7] NCCL INFO Channel 06 : 31[e00000] -> 24[100000] via P2P/IPC/read
ip-0A230412:30709:30916 [7] NCCL INFO Channel 03 : 23[e00000] -> 16[100000] via P2P/IPC/read
ip-0A230414:17313:17523 [5] NCCL INFO Channel 04 : 29[c00000] -> 28[b00000] via P2P/IPC/read
ip-0A230414:17319:17526 [7] NCCL INFO Channel 10 : 31[e00000] -> 24[100000] via P2P/IPC/read
ip-0A230414:17313:17523 [5] NCCL INFO Channel 05 : 29[c00000] -> 28[b00000] via P2P/IPC/read
ip-0A230414:17319:17526 [7] NCCL INFO Channel 11 : 31[e00000] -> 24[100000] via P2P/IPC/read
ip-0A230414:17313:17523 [5] NCCL INFO Channel 12 : 29[c00000] -> 28[b00000] via P2P/IPC/read
ip-0A230414:17319:17526 [7] NCCL INFO Channel 12 : 31[e00000] -> 24[100000] via P2P/IPC/read
ip-0A230412:30709:30916 [7] NCCL INFO Channel 04 : 23[e00000] -> 16[100000] via P2P/IPC/read
ip-0A230414:17313:17523 [5] NCCL INFO Channel 13 : 29[c00000] -> 28[b00000] via P2P/IPC/read
ip-0A230414:17319:17526 [7] NCCL INFO Channel 13 : 31[e00000] -> 24[100000] via P2P/IPC/read
ip-0A230414:17325:17522 [3] NCCL INFO Channel 02 : 27[400000] -> 26[300000] via P2P/IPC/read
ip-0A230414:17313:17523 [5] NCCL INFO Channel 20 : 29[c00000] -> 28[b00000] via P2P/IPC/read
ip-0A230414:17319:17526 [7] NCCL INFO Channel 14 : 31[e00000] -> 24[100000] via P2P/IPC/read
ip-0A230414:17313:17523 [5] NCCL INFO Channel 21 : 29[c00000] -> 28[b00000] via P2P/IPC/read
ip-0A230414:17325:17522 [3] NCCL INFO Channel 03 : 27[400000] -> 26[300000] via P2P/IPC/read
ip-0A230414:17319:17526 [7] NCCL INFO Channel 18 : 31[e00000] -> 24[100000] via P2P/IPC/read
ip-0A230414:17325:17522 [3] NCCL INFO Channel 10 : 27[400000] -> 26[300000] via P2P/IPC/read
ip-0A230414:17319:17526 [7] NCCL INFO Channel 19 : 31[e00000] -> 24[100000] via P2P/IPC/read
ip-0A230414:17325:17522 [3] NCCL INFO Channel 11 : 27[400000] -> 26[300000] via P2P/IPC/read
ip-0A230414:17319:17526 [7] NCCL INFO Channel 20 : 31[e00000] -> 24[100000] via P2P/IPC/read
ip-0A230414:17325:17522 [3] NCCL INFO Channel 18 : 27[400000] -> 26[300000] via P2P/IPC/read
ip-0A230414:17319:17526 [7] NCCL INFO Channel 21 : 31[e00000] -> 24[100000] via P2P/IPC/read
ip-0A230414:17325:17522 [3] NCCL INFO Channel 19 : 27[400000] -> 26[300000] via P2P/IPC/read
ip-0A230414:17319:17526 [7] NCCL INFO Channel 22 : 31[e00000] -> 24[100000] via P2P/IPC/read
ip-0A230414:17319:17526 [7] NCCL INFO Channel 06 : 31[e00000] -> 30[d00000] via P2P/IPC/read
ip-0A230414:17319:17526 [7] NCCL INFO Channel 07 : 31[e00000] -> 30[d00000] via P2P/IPC/read
ip-0A230414:17319:17526 [7] NCCL INFO Channel 14 : 31[e00000] -> 30[d00000] via P2P/IPC/read
ip-0A230414:17319:17526 [7] NCCL INFO Channel 15 : 31[e00000] -> 30[d00000] via P2P/IPC/read
ip-0A230414:17319:17526 [7] NCCL INFO Channel 22 : 31[e00000] -> 30[d00000] via P2P/IPC/read
ip-0A230414:17319:17526 [7] NCCL INFO Channel 23 : 31[e00000] -> 30[d00000] via P2P/IPC/read
ip-0A23040F:37018:37239 [5] NCCL INFO Channel 04 : 13[c00000] -> 12[b00000] via P2P/IPC/read
ip-0A23040F:37018:37239 [5] NCCL INFO Channel 05 : 13[c00000] -> 12[b00000] via P2P/IPC/read
ip-0A23040F:37018:37239 [5] NCCL INFO Channel 12 : 13[c00000] -> 12[b00000] via P2P/IPC/read
ip-0A23040F:37018:37239 [5] NCCL INFO Channel 13 : 13[c00000] -> 12[b00000] via P2P/IPC/read
ip-0A23040F:37018:37239 [5] NCCL INFO Channel 20 : 13[c00000] -> 12[b00000] via P2P/IPC/read
ip-0A23040F:37018:37239 [5] NCCL INFO Channel 21 : 13[c00000] -> 12[b00000] via P2P/IPC/read
ip-0A23040F:37018:37239 [5] NCCL INFO Connected all trees
ip-0A23040F:37022:37234 [4] NCCL INFO Connected all trees
ip-0A230412:30709:30916 [7] NCCL INFO Channel 05 : 23[e00000] -> 16[100000] via P2P/IPC/read
ip-0A230412:30709:30916 [7] NCCL INFO Channel 06 : 23[e00000] -> 16[100000] via P2P/IPC/read
ip-0A23040F:37020:37236 [3] NCCL INFO Channel 02 : 11[400000] -> 10[300000] via P2P/IPC/read
ip-0A23040F:37020:37236 [3] NCCL INFO Channel 03 : 11[400000] -> 10[300000] via P2P/IPC/read
ip-0A23040F:37020:37236 [3] NCCL INFO Channel 10 : 11[400000] -> 10[300000] via P2P/IPC/read
ip-0A23040F:37020:37236 [3] NCCL INFO Channel 11 : 11[400000] -> 10[300000] via P2P/IPC/read
ip-0A23040F:37020:37236 [3] NCCL INFO Channel 18 : 11[400000] -> 10[300000] via P2P/IPC/read
ip-0A23040F:37020:37236 [3] NCCL INFO Channel 19 : 11[400000] -> 10[300000] via P2P/IPC/read
ip-0A23040F:37020:37236 [3] NCCL INFO Connected all trees
ip-0A23040F:37019:37240 [2] NCCL INFO Connected all trees
ip-0A230412:30709:30916 [7] NCCL INFO Channel 10 : 23[e00000] -> 16[100000] via P2P/IPC/read
ip-0A230412:30710:30921 [5] NCCL INFO Channel 13/0 : 28[b00000] -> 21[c00000] [receive] via NET/IBext/5/GDRDMA
ip-0A230412:30709:30916 [7] NCCL INFO Channel 11 : 23[e00000] -> 16[100000] via P2P/IPC/read
ip-0A230412:30709:30916 [7] NCCL INFO Channel 12 : 23[e00000] -> 16[100000] via P2P/IPC/read
ip-0A230414:17312:17524 [4] NCCL INFO Connected all trees
ip-0A230414:17313:17523 [5] NCCL INFO Connected all trees
ip-0A230412:30709:30916 [7] NCCL INFO Channel 13 : 23[e00000] -> 16[100000] via P2P/IPC/read
ip-0A230412:30714:30917 [3] NCCL INFO Channel 11/0 : 26[300000] -> 19[400000] [receive] via NET/IBext/3/GDRDMA
ip-0A230412:30709:30916 [7] NCCL INFO Channel 14 : 23[e00000] -> 16[100000] via P2P/IPC/read
ip-0A230412:30712:30919 [1] NCCL INFO Channel 00 : 17[200000] -> 16[100000] via P2P/IPC/read
ip-0A230412:30709:30916 [7] NCCL INFO Channel 18 : 23[e00000] -> 16[100000] via P2P/IPC/read
ip-0A230412:30712:30919 [1] NCCL INFO Channel 01 : 17[200000] -> 16[100000] via P2P/IPC/read
ip-0A230414:17320:17528 [2] NCCL INFO Connected all trees
ip-0A230414:17325:17522 [3] NCCL INFO Connected all trees
ip-0A230412:30712:30919 [1] NCCL INFO Channel 08 : 17[200000] -> 16[100000] via P2P/IPC/read
ip-0A230412:30709:30916 [7] NCCL INFO Channel 19 : 23[e00000] -> 16[100000] via P2P/IPC/read
ip-0A230412:30712:30919 [1] NCCL INFO Channel 09 : 17[200000] -> 16[100000] via P2P/IPC/read
ip-0A230412:30709:30916 [7] NCCL INFO Channel 20 : 23[e00000] -> 16[100000] via P2P/IPC/read
ip-0A230412:30710:30921 [5] NCCL INFO Channel 04 : 21[c00000] -> 20[b00000] via P2P/IPC/read
ip-0A230412:30712:30919 [1] NCCL INFO Channel 16 : 17[200000] -> 16[100000] via P2P/IPC/read
ip-0A230412:30709:30916 [7] NCCL INFO Channel 21 : 23[e00000] -> 16[100000] via P2P/IPC/read
ip-0A230412:30710:30921 [5] NCCL INFO Channel 05 : 21[c00000] -> 20[b00000] via P2P/IPC/read
ip-0A230412:30712:30919 [1] NCCL INFO Channel 17 : 17[200000] -> 16[100000] via P2P/IPC/read
ip-0A230412:30709:30916 [7] NCCL INFO Channel 22 : 23[e00000] -> 16[100000] via P2P/IPC/read
ip-0A230412:30714:30917 [3] NCCL INFO Channel 02 : 19[400000] -> 18[300000] via P2P/IPC/read
ip-0A230412:30710:30921 [5] NCCL INFO Channel 12 : 21[c00000] -> 20[b00000] via P2P/IPC/read
ip-0A230412:30714:30917 [3] NCCL INFO Channel 03 : 19[400000] -> 18[300000] via P2P/IPC/read
ip-0A230412:30710:30921 [5] NCCL INFO Channel 13 : 21[c00000] -> 20[b00000] via P2P/IPC/read
ip-0A230412:30714:30917 [3] NCCL INFO Channel 10 : 19[400000] -> 18[300000] via P2P/IPC/read
ip-0A230412:30710:30921 [5] NCCL INFO Channel 20 : 21[c00000] -> 20[b00000] via P2P/IPC/read
ip-0A230412:30714:30917 [3] NCCL INFO Channel 11 : 19[400000] -> 18[300000] via P2P/IPC/read
ip-0A230412:30710:30921 [5] NCCL INFO Channel 21 : 21[c00000] -> 20[b00000] via P2P/IPC/read
ip-0A230412:30714:30917 [3] NCCL INFO Channel 18 : 19[400000] -> 18[300000] via P2P/IPC/read
ip-0A230412:30714:30917 [3] NCCL INFO Channel 19 : 19[400000] -> 18[300000] via P2P/IPC/read
ip-0A230414:17314:17527 [6] NCCL INFO Channel 07 : 30[d00000] -> 24[100000] via P2P/IPC/read
ip-0A230414:17314:17527 [6] NCCL INFO Channel 15 : 30[d00000] -> 24[100000] via P2P/IPC/read
ip-0A230414:17314:17527 [6] NCCL INFO Channel 23 : 30[d00000] -> 24[100000] via P2P/IPC/read
ip-0A230414:17314:17527 [6] NCCL INFO Connected all trees
ip-0A230414:17319:17526 [7] NCCL INFO Connected all trees
ip-0A230414:17315:17525 [0] NCCL INFO Connected all trees
ip-0A230414:17315:17525 [0] NCCL INFO CollNet 00 : 24 [receive] via COLLNET/SHARP/0/GDRDMA
ip-0A230414:17316:17521 [1] NCCL INFO Connected all trees
ip-0A230412:30710:30921 [5] NCCL INFO Connected all trees
ip-0A230412:30715:30922 [4] NCCL INFO Connected all trees
ip-0A230412:30714:30917 [3] NCCL INFO Connected all trees
ip-0A230412:30711:30918 [2] NCCL INFO Connected all trees
ip-0A230412:30709:30916 [7] NCCL INFO Channel 06 : 23[e00000] -> 22[d00000] via P2P/IPC/read
ip-0A230412:30709:30916 [7] NCCL INFO Channel 07 : 23[e00000] -> 22[d00000] via P2P/IPC/read
ip-0A230412:30709:30916 [7] NCCL INFO Channel 14 : 23[e00000] -> 22[d00000] via P2P/IPC/read
ip-0A230412:30709:30916 [7] NCCL INFO Channel 15 : 23[e00000] -> 22[d00000] via P2P/IPC/read
ip-0A230412:30709:30916 [7] NCCL INFO Channel 22 : 23[e00000] -> 22[d00000] via P2P/IPC/read
ip-0A230412:30709:30916 [7] NCCL INFO Channel 23 : 23[e00000] -> 22[d00000] via P2P/IPC/read
ip-0A230412:30716:30915 [0] NCCL INFO Connected all trees
ip-0A230412:30712:30919 [1] NCCL INFO Connected all trees
ip-0A230412:30713:30920 [6] NCCL INFO Connected all trees
ip-0A230412:30709:30916 [7] NCCL INFO Connected all trees
ip-0A230412:30716:30915 [0] NCCL INFO CollNet 00 : 16 [receive] via COLLNET/SHARP/0/GDRDMA
ip-0A23040F:37021:37237 [1] NCCL INFO Channel 00 : 9[200000] -> 8[100000] via P2P/IPC/read
ip-0A23040F:37021:37237 [1] NCCL INFO Channel 01 : 9[200000] -> 8[100000] via P2P/IPC/read
ip-0A23040F:37021:37237 [1] NCCL INFO Channel 08 : 9[200000] -> 8[100000] via P2P/IPC/read
ip-0A23040F:37021:37237 [1] NCCL INFO Channel 09 : 9[200000] -> 8[100000] via P2P/IPC/read
ip-0A23040F:37021:37237 [1] NCCL INFO Channel 16 : 9[200000] -> 8[100000] via P2P/IPC/read
ip-0A23040F:37021:37237 [1] NCCL INFO Channel 17 : 9[200000] -> 8[100000] via P2P/IPC/read
ip-0A23040F:37021:37237 [1] NCCL INFO Connected all trees
ip-0A23040F:37017:37241 [0] NCCL INFO Connected all trees
ip-0A23040F:37017:37241 [0] NCCL INFO CollNet 00 : 8 [receive] via COLLNET/SHARP/0/GDRDMA
ip-0A230412:30716:31085 [0] NCCL INFO NCCL_SHARP_GROUP_SIZE_THRESH set by environment to 3.
ip-0A230412:30712:30919 [1] NCCL INFO CollNet 01 : 17 [receive] via COLLNET/SHARP/1/GDRDMA
ip-0A230414:17315:17690 [0] NCCL INFO NCCL_SHARP_GROUP_SIZE_THRESH set by environment to 3.
ip-0A230417:21008:21381 [0] NCCL INFO NCCL_SHARP_GROUP_SIZE_THRESH set by environment to 3.
ip-0A230406:72763:73133 [0] NCCL INFO NCCL_SHARP_GROUP_SIZE_THRESH set by environment to 3.
ip-0A230414:17316:17521 [1] NCCL INFO CollNet 01 : 25 [receive] via COLLNET/SHARP/1/GDRDMA
ip-0A230417:21004:21221 [1] NCCL INFO CollNet 01 : 33 [receive] via COLLNET/SHARP/1/GDRDMA
ip-0A230406:72764:72966 [1] NCCL INFO CollNet 01 : 41 [receive] via COLLNET/SHARP/1/GDRDMA
ip-0A23040D:70042:70410 [0] NCCL INFO NCCL_SHARP_GROUP_SIZE_THRESH set by environment to 3.
ip-0A23040D:70041:70250 [1] NCCL INFO CollNet 01 : 1 [receive] via COLLNET/SHARP/1/GDRDMA
ip-0A230408:90499:90874 [0] NCCL INFO NCCL_SHARP_GROUP_SIZE_THRESH set by environment to 3.
ip-0A230408:90494:90710 [1] NCCL INFO CollNet 01 : 49 [receive] via COLLNET/SHARP/1/GDRDMA
ip-0A23040F:37017:37402 [0] NCCL INFO NCCL_SHARP_GROUP_SIZE_THRESH set by environment to 3.
ip-0A23040F:37021:37237 [1] NCCL INFO CollNet 01 : 9 [receive] via COLLNET/SHARP/1/GDRDMA
[ip-0A23040D:0:70042 - context.c:584] INFO job (ID: 2524862830533366998) resource request quota: ( osts:0 user_data_per_ost:0 max_groups:0 max_qps:1 max_group_channels:1, num_trees:1)
[ip-0A23040D:0:70042 unique id 0] ERROR No Aggregation Manager (sharp_am) detected in sharp_create_job.

[ip-0A23040D:0:70042 - context.c:601] ERROR sharp_create_job failed: No Aggregation Manager (sharp_am) detected(-52)
ip-0A230408:90499:90874 [0] NCCL INFO Sharp rank 6/7 initialized on mlx5_ib0:1

ip-0A230408:90499:90874 [0] sharp_plugin.c:288 NCCL WARN NET/IB :SHARP coll init error: Cannot create SHArP job(-11)

ip-0A230408:90499:90874 [0] NCCL INFO include/coll_net.h:21 -> 3
ip-0A230414:17315:17690 [0] NCCL INFO Sharp rank 3/7 initialized on mlx5_ib0:1

ip-0A230414:17315:17690 [0] sharp_plugin.c:288 NCCL WARN NET/IB :SHARP coll init error: Cannot create SHArP job(-11)

ip-0A230414:17315:17690 [0] NCCL INFO include/coll_net.h:21 -> 3
ip-0A230408:90499:90705 [0] NCCL INFO transport.cc:222 -> 2
ip-0A230414:17315:17525 [0] NCCL INFO transport.cc:222 -> 2
ip-0A230417:21008:21381 [0] NCCL INFO Sharp rank 4/7 initialized on mlx5_ib0:1

ip-0A230417:21008:21381 [0] sharp_plugin.c:288 NCCL WARN NET/IB :SHARP coll init error: Cannot create SHArP job(-11)

ip-0A230417:21008:21381 [0] NCCL INFO include/coll_net.h:21 -> 3
ip-0A230406:72763:73133 [0] NCCL INFO Sharp rank 5/7 initialized on mlx5_ib0:1

ip-0A230406:72763:73133 [0] sharp_plugin.c:288 NCCL WARN NET/IB :SHARP coll init error: Cannot create SHArP job(-11)

ip-0A230406:72763:73133 [0] NCCL INFO include/coll_net.h:21 -> 3
ip-0A230412:30716:31085 [0] NCCL INFO Sharp rank 2/7 initialized on mlx5_ib0:1

ip-0A230412:30716:31085 [0] sharp_plugin.c:288 NCCL WARN NET/IB :SHARP coll init error: Cannot create SHArP job(-11)

ip-0A230412:30716:31085 [0] NCCL INFO include/coll_net.h:21 -> 3
ip-0A23040F:37017:37402 [0] NCCL INFO Sharp rank 1/7 initialized on mlx5_ib0:1

ip-0A23040F:37017:37402 [0] sharp_plugin.c:288 NCCL WARN NET/IB :SHARP coll init error: Cannot create SHArP job(-11)

ip-0A23040F:37017:37402 [0] NCCL INFO include/coll_net.h:21 -> 3
ip-0A230417:21008:21225 [0] NCCL INFO transport.cc:222 -> 2
ip-0A230406:72763:72967 [0] NCCL INFO transport.cc:222 -> 2
ip-0A230412:30716:30915 [0] NCCL INFO transport.cc:222 -> 2
ip-0A23040F:37017:37241 [0] NCCL INFO transport.cc:222 -> 2
ip-0A23040D:70042:70410 [0] NCCL INFO Sharp rank 0/7 initialized on mlx5_ib0:1

ip-0A23040D:70042:70410 [0] sharp_plugin.c:288 NCCL WARN NET/IB :SHARP coll init error: Cannot create SHArP job(-11)

ip-0A23040D:70042:70410 [0] NCCL INFO include/coll_net.h:21 -> 3
ip-0A23040D:70042:70245 [0] NCCL INFO transport.cc:222 -> 2
ip-0A23040D:70041:70415 [1] NCCL INFO NCCL_SHARP_GROUP_SIZE_THRESH set by environment to 3.
ip-0A23040D:70040:70246 [2] NCCL INFO CollNet 02 : 2 [receive] via COLLNET/SHARP/2/GDRDMA
ip-0A23040F:37021:37401 [1] NCCL INFO NCCL_SHARP_GROUP_SIZE_THRESH set by environment to 3.
ip-0A23040F:37019:37240 [2] NCCL INFO CollNet 02 : 10 [receive] via COLLNET/SHARP/2/GDRDMA
ip-0A230412:30712:31086 [1] NCCL INFO NCCL_SHARP_GROUP_SIZE_THRESH set by environment to 3.
ip-0A230412:30711:30918 [2] NCCL INFO CollNet 02 : 18 [receive] via COLLNET/SHARP/2/GDRDMA
ip-0A230414:17316:17688 [1] NCCL INFO NCCL_SHARP_GROUP_SIZE_THRESH set by environment to 3.
ip-0A230414:17320:17528 [2] NCCL INFO CollNet 02 : 26 [receive] via COLLNET/SHARP/2/GDRDMA
ip-0A230417:21004:21382 [1] NCCL INFO NCCL_SHARP_GROUP_SIZE_THRESH set by environment to 3.
ip-0A230417:21003:21227 [2] NCCL INFO CollNet 02 : 34 [receive] via COLLNET/SHARP/2/GDRDMA
ip-0A230406:72764:73130 [1] NCCL INFO NCCL_SHARP_GROUP_SIZE_THRESH set by environment to 3.
ip-0A230406:72759:72968 [2] NCCL INFO CollNet 02 : 42 [receive] via COLLNET/SHARP/2/GDRDMA
ip-0A230408:90494:90875 [1] NCCL INFO NCCL_SHARP_GROUP_SIZE_THRESH set by environment to 3.
ip-0A230408:90492:90706 [2] NCCL INFO CollNet 02 : 50 [receive] via COLLNET/SHARP/2/GDRDMA
[ip-0A23040D:0:70041 - context.c:584] INFO job (ID: 2524863344596504874) resource request quota: ( osts:0 user_data_per_ost:0 max_groups:0 max_qps:1 max_group_channels:1, num_trees:1)
[ip-0A23040D:0:70041 unique id 0] ERROR No Aggregation Manager (sharp_am) detected in sharp_create_job.

[ip-0A23040D:0:70041 - context.c:601] ERROR sharp_create_job failed: No Aggregation Manager (sharp_am) detected(-52)
ip-0A230408:90494:90875 [1] NCCL INFO Sharp rank 6/7 initialized on mlx5_ib1:1

ip-0A230408:90494:90875 [1] sharp_plugin.c:288 NCCL WARN NET/IB :SHARP coll init error: Cannot create SHArP job(-11)

ip-0A230408:90494:90875 [1] NCCL INFO include/coll_net.h:21 -> 3
ip-0A230414:17316:17688 [1] NCCL INFO Sharp rank 3/7 initialized on mlx5_ib1:1

ip-0A230414:17316:17688 [1] sharp_plugin.c:288 NCCL WARN NET/IB :SHARP coll init error: Cannot create SHArP job(-11)

ip-0A230414:17316:17688 [1] NCCL INFO include/coll_net.h:21 -> 3
ip-0A230412:30712:31086 [1] NCCL INFO Sharp rank 2/7 initialized on mlx5_ib1:1

ip-0A230412:30712:31086 [1] sharp_plugin.c:288 NCCL WARN NET/IB :SHARP coll init error: Cannot create SHArP job(-11)

ip-0A230412:30712:31086 [1] NCCL INFO include/coll_net.h:21 -> 3
ip-0A230406:72764:73130 [1] NCCL INFO Sharp rank 5/7 initialized on mlx5_ib1:1

ip-0A230406:72764:73130 [1] sharp_plugin.c:288 NCCL WARN NET/IB :SHARP coll init error: Cannot create SHArP job(-11)

ip-0A230406:72764:73130 [1] NCCL INFO include/coll_net.h:21 -> 3
ip-0A230417:21004:21382 [1] NCCL INFO Sharp rank 4/7 initialized on mlx5_ib1:1

ip-0A230417:21004:21382 [1] sharp_plugin.c:288 NCCL WARN NET/IB :SHARP coll init error: Cannot create SHArP job(-11)

ip-0A230417:21004:21382 [1] NCCL INFO include/coll_net.h:21 -> 3
ip-0A23040F:37021:37401 [1] NCCL INFO Sharp rank 1/7 initialized on mlx5_ib1:1

ip-0A23040F:37021:37401 [1] sharp_plugin.c:288 NCCL WARN NET/IB :SHARP coll init error: Cannot create SHArP job(-11)

ip-0A23040F:37021:37401 [1] NCCL INFO include/coll_net.h:21 -> 3
ip-0A230408:90494:90710 [1] NCCL INFO transport.cc:222 -> 2
ip-0A230406:72764:72966 [1] NCCL INFO transport.cc:222 -> 2
ip-0A230414:17316:17521 [1] NCCL INFO transport.cc:222 -> 2
ip-0A230412:30712:30919 [1] NCCL INFO transport.cc:222 -> 2
ip-0A230417:21004:21221 [1] NCCL INFO transport.cc:222 -> 2
ip-0A23040F:37021:37237 [1] NCCL INFO transport.cc:222 -> 2
ip-0A23040D:70041:70415 [1] NCCL INFO Sharp rank 0/7 initialized on mlx5_ib1:1

ip-0A23040D:70041:70415 [1] sharp_plugin.c:288 NCCL WARN NET/IB :SHARP coll init error: Cannot create SHArP job(-11)

ip-0A23040D:70041:70415 [1] NCCL INFO include/coll_net.h:21 -> 3
ip-0A23040D:70041:70250 [1] NCCL INFO transport.cc:222 -> 2
ip-0A23040D:70040:70414 [2] NCCL INFO NCCL_SHARP_GROUP_SIZE_THRESH set by environment to 3.
ip-0A23040D:70038:70248 [3] NCCL INFO CollNet 03 : 3 [receive] via COLLNET/SHARP/3/GDRDMA
ip-0A23040F:37019:37400 [2] NCCL INFO NCCL_SHARP_GROUP_SIZE_THRESH set by environment to 3.
ip-0A23040F:37020:37236 [3] NCCL INFO CollNet 03 : 11 [receive] via COLLNET/SHARP/3/GDRDMA
ip-0A230412:30711:31084 [2] NCCL INFO NCCL_SHARP_GROUP_SIZE_THRESH set by environment to 3.
ip-0A230412:30714:30917 [3] NCCL INFO CollNet 03 : 19 [receive] via COLLNET/SHARP/3/GDRDMA
ip-0A230414:17320:17686 [2] NCCL INFO NCCL_SHARP_GROUP_SIZE_THRESH set by environment to 3.
ip-0A230417:21003:21375 [2] NCCL INFO NCCL_SHARP_GROUP_SIZE_THRESH set by environment to 3.
ip-0A230414:17325:17522 [3] NCCL INFO CollNet 03 : 27 [receive] via COLLNET/SHARP/3/GDRDMA
ip-0A230417:21007:21223 [3] NCCL INFO CollNet 03 : 35 [receive] via COLLNET/SHARP/3/GDRDMA
ip-0A230406:72759:73137 [2] NCCL INFO NCCL_SHARP_GROUP_SIZE_THRESH set by environment to 3.
ip-0A230406:72757:72972 [3] NCCL INFO CollNet 03 : 43 [receive] via COLLNET/SHARP/3/GDRDMA
ip-0A230408:90492:90876 [2] NCCL INFO NCCL_SHARP_GROUP_SIZE_THRESH set by environment to 3.
ip-0A230408:90519:90703 [3] NCCL INFO CollNet 03 : 51 [receive] via COLLNET/SHARP/3/GDRDMA
[ip-0A23040D:0:70040 - context.c:584] INFO job (ID: 2524862766147519401) resource request quota: ( osts:0 user_data_per_ost:0 max_groups:0 max_qps:1 max_group_channels:1, num_trees:1)
[ip-0A23040D:0:70040 unique id 0] ERROR No Aggregation Manager (sharp_am) detected in sharp_create_job.

[ip-0A23040D:0:70040 - context.c:601] ERROR sharp_create_job failed: No Aggregation Manager (sharp_am) detected(-52)
ip-0A230412:30711:31084 [2] NCCL INFO Sharp rank 2/7 initialized on mlx5_ib2:1

ip-0A230412:30711:31084 [2] sharp_plugin.c:288 NCCL WARN NET/IB :SHARP coll init error: Cannot create SHArP job(-11)

ip-0A230412:30711:31084 [2] NCCL INFO include/coll_net.h:21 -> 3
ip-0A230417:21003:21375 [2] NCCL INFO Sharp rank 4/7 initialized on mlx5_ib2:1

ip-0A230417:21003:21375 [2] sharp_plugin.c:288 NCCL WARN NET/IB :SHARP coll init error: Cannot create SHArP job(-11)

ip-0A230417:21003:21375 [2] NCCL INFO include/coll_net.h:21 -> 3
ip-0A23040F:37019:37400 [2] NCCL INFO Sharp rank 1/7 initialized on mlx5_ib2:1

ip-0A23040F:37019:37400 [2] sharp_plugin.c:288 NCCL WARN NET/IB :SHARP coll init error: Cannot create SHArP job(-11)

ip-0A23040F:37019:37400 [2] NCCL INFO include/coll_net.h:21 -> 3
ip-0A230414:17320:17686 [2] NCCL INFO Sharp rank 3/7 initialized on mlx5_ib2:1

ip-0A230414:17320:17686 [2] sharp_plugin.c:288 NCCL WARN NET/IB :SHARP coll init error: Cannot create SHArP job(-11)

ip-0A230414:17320:17686 [2] NCCL INFO include/coll_net.h:21 -> 3
ip-0A230406:72759:73137 [2] NCCL INFO Sharp rank 5/7 initialized on mlx5_ib2:1

ip-0A230406:72759:73137 [2] sharp_plugin.c:288 NCCL WARN NET/IB :SHARP coll init error: Cannot create SHArP job(-11)

ip-0A230406:72759:73137 [2] NCCL INFO include/coll_net.h:21 -> 3
ip-0A230408:90492:90876 [2] NCCL INFO Sharp rank 6/7 initialized on mlx5_ib2:1

ip-0A230408:90492:90876 [2] sharp_plugin.c:288 NCCL WARN NET/IB :SHARP coll init error: Cannot create SHArP job(-11)

ip-0A230408:90492:90876 [2] NCCL INFO include/coll_net.h:21 -> 3
ip-0A23040F:37019:37240 [2] NCCL INFO transport.cc:222 -> 2
ip-0A230412:30711:30918 [2] NCCL INFO transport.cc:222 -> 2
ip-0A230406:72759:72968 [2] NCCL INFO transport.cc:222 -> 2
ip-0A230417:21003:21227 [2] NCCL INFO transport.cc:222 -> 2
ip-0A230414:17320:17528 [2] NCCL INFO transport.cc:222 -> 2
ip-0A230408:90492:90706 [2] NCCL INFO transport.cc:222 -> 2
ip-0A23040D:70040:70414 [2] NCCL INFO Sharp rank 0/7 initialized on mlx5_ib2:1

ip-0A23040D:70040:70414 [2] sharp_plugin.c:288 NCCL WARN NET/IB :SHARP coll init error: Cannot create SHArP job(-11)

ip-0A23040D:70040:70414 [2] NCCL INFO include/coll_net.h:21 -> 3
ip-0A23040D:70040:70246 [2] NCCL INFO transport.cc:222 -> 2
ip-0A23040D:70038:70411 [3] NCCL INFO NCCL_SHARP_GROUP_SIZE_THRESH set by environment to 3.
ip-0A23040D:70037:70243 [4] NCCL INFO CollNet 04 : 4 [receive] via COLLNET/SHARP/4/GDRDMA
ip-0A23040F:37020:37399 [3] NCCL INFO NCCL_SHARP_GROUP_SIZE_THRESH set by environment to 3.
ip-0A23040F:37022:37234 [4] NCCL INFO CollNet 04 : 12 [receive] via COLLNET/SHARP/4/GDRDMA
ip-0A230412:30714:31083 [3] NCCL INFO NCCL_SHARP_GROUP_SIZE_THRESH set by environment to 3.
ip-0A230412:30715:30922 [4] NCCL INFO CollNet 04 : 20 [receive] via COLLNET/SHARP/4/GDRDMA
ip-0A230414:17325:17693 [3] NCCL INFO NCCL_SHARP_GROUP_SIZE_THRESH set by environment to 3.
ip-0A230417:21007:21376 [3] NCCL INFO NCCL_SHARP_GROUP_SIZE_THRESH set by environment to 3.
ip-0A230414:17312:17524 [4] NCCL INFO CollNet 04 : 28 [receive] via COLLNET/SHARP/4/GDRDMA
ip-0A230406:72757:73132 [3] NCCL INFO NCCL_SHARP_GROUP_SIZE_THRESH set by environment to 3.
ip-0A230417:21011:21220 [4] NCCL INFO CollNet 04 : 36 [receive] via COLLNET/SHARP/4/GDRDMA
ip-0A230406:72758:72965 [4] NCCL INFO CollNet 04 : 44 [receive] via COLLNET/SHARP/4/GDRDMA
ip-0A230408:90519:90873 [3] NCCL INFO NCCL_SHARP_GROUP_SIZE_THRESH set by environment to 3.
ip-0A230408:90497:90708 [4] NCCL INFO CollNet 04 : 52 [receive] via COLLNET/SHARP/4/GDRDMA
[ip-0A23040D:0:70038 - context.c:584] INFO job (ID: 2524862940754323094) resource request quota: ( osts:0 user_data_per_ost:0 max_groups:0 max_qps:1 max_group_channels:1, num_trees:1)
[ip-0A23040D:0:70038 unique id 0] ERROR No Aggregation Manager (sharp_am) detected in sharp_create_job.

[ip-0A23040D:0:70038 - context.c:601] ERROR sharp_create_job failed: No Aggregation Manager (sharp_am) detected(-52)
ip-0A23040F:37020:37399 [3] NCCL INFO Sharp rank 1/7 initialized on mlx5_ib3:1

ip-0A23040F:37020:37399 [3] sharp_plugin.c:288 NCCL WARN NET/IB :SHARP coll init error: Cannot create SHArP job(-11)

ip-0A23040F:37020:37399 [3] NCCL INFO include/coll_net.h:21 -> 3
ip-0A230406:72757:73132 [3] NCCL INFO Sharp rank 5/7 initialized on mlx5_ib3:1

ip-0A230406:72757:73132 [3] sharp_plugin.c:288 NCCL WARN NET/IB :SHARP coll init error: Cannot create SHArP job(-11)

ip-0A230406:72757:73132 [3] NCCL INFO include/coll_net.h:21 -> 3
ip-0A230412:30714:31083 [3] NCCL INFO Sharp rank 2/7 initialized on mlx5_ib3:1

ip-0A230412:30714:31083 [3] sharp_plugin.c:288 NCCL WARN NET/IB :SHARP coll init error: Cannot create SHArP job(-11)

ip-0A230412:30714:31083 [3] NCCL INFO include/coll_net.h:21 -> 3
ip-0A230417:21007:21376 [3] NCCL INFO Sharp rank 4/7 initialized on mlx5_ib3:1

ip-0A230417:21007:21376 [3] sharp_plugin.c:288 NCCL WARN NET/IB :SHARP coll init error: Cannot create SHArP job(-11)

ip-0A230417:21007:21376 [3] NCCL INFO include/coll_net.h:21 -> 3
ip-0A230408:90519:90873 [3] NCCL INFO Sharp rank 6/7 initialized on mlx5_ib3:1

ip-0A230408:90519:90873 [3] sharp_plugin.c:288 NCCL WARN NET/IB :SHARP coll init error: Cannot create SHArP job(-11)

ip-0A230408:90519:90873 [3] NCCL INFO include/coll_net.h:21 -> 3
ip-0A230414:17325:17693 [3] NCCL INFO Sharp rank 3/7 initialized on mlx5_ib3:1

ip-0A230414:17325:17693 [3] sharp_plugin.c:288 NCCL WARN NET/IB :SHARP coll init error: Cannot create SHArP job(-11)

ip-0A230414:17325:17693 [3] NCCL INFO include/coll_net.h:21 -> 3
ip-0A230406:72757:72972 [3] NCCL INFO transport.cc:222 -> 2
ip-0A230412:30714:30917 [3] NCCL INFO transport.cc:222 -> 2
ip-0A230417:21007:21223 [3] NCCL INFO transport.cc:222 -> 2
ip-0A23040F:37020:37236 [3] NCCL INFO transport.cc:222 -> 2
ip-0A230408:90519:90703 [3] NCCL INFO transport.cc:222 -> 2
ip-0A230414:17325:17522 [3] NCCL INFO transport.cc:222 -> 2
ip-0A23040D:70038:70411 [3] NCCL INFO Sharp rank 0/7 initialized on mlx5_ib3:1

ip-0A23040D:70038:70411 [3] sharp_plugin.c:288 NCCL WARN NET/IB :SHARP coll init error: Cannot create SHArP job(-11)

ip-0A23040D:70038:70411 [3] NCCL INFO include/coll_net.h:21 -> 3
ip-0A23040D:70038:70248 [3] NCCL INFO transport.cc:222 -> 2
ip-0A23040D:70037:70412 [4] NCCL INFO NCCL_SHARP_GROUP_SIZE_THRESH set by environment to 3.
ip-0A23040D:70044:70244 [5] NCCL INFO CollNet 05 : 5 [receive] via COLLNET/SHARP/5/GDRDMA
ip-0A23040F:37022:37405 [4] NCCL INFO NCCL_SHARP_GROUP_SIZE_THRESH set by environment to 3.
ip-0A23040F:37018:37239 [5] NCCL INFO CollNet 05 : 13 [receive] via COLLNET/SHARP/5/GDRDMA
ip-0A230412:30715:31088 [4] NCCL INFO NCCL_SHARP_GROUP_SIZE_THRESH set by environment to 3.
ip-0A230412:30710:30921 [5] NCCL INFO CollNet 05 : 21 [receive] via COLLNET/SHARP/5/GDRDMA
ip-0A230414:17312:17689 [4] NCCL INFO NCCL_SHARP_GROUP_SIZE_THRESH set by environment to 3.
ip-0A230417:21011:21377 [4] NCCL INFO NCCL_SHARP_GROUP_SIZE_THRESH set by environment to 3.
ip-0A230414:17313:17523 [5] NCCL INFO CollNet 05 : 29 [receive] via COLLNET/SHARP/5/GDRDMA
ip-0A230417:21005:21224 [5] NCCL INFO CollNet 05 : 37 [receive] via COLLNET/SHARP/5/GDRDMA
ip-0A230406:72758:73134 [4] NCCL INFO NCCL_SHARP_GROUP_SIZE_THRESH set by environment to 3.
ip-0A230408:90497:90877 [4] NCCL INFO NCCL_SHARP_GROUP_SIZE_THRESH set by environment to 3.
ip-0A230406:72761:72969 [5] NCCL INFO CollNet 05 : 45 [receive] via COLLNET/SHARP/5/GDRDMA
ip-0A230408:90493:90709 [5] NCCL INFO CollNet 05 : 53 [receive] via COLLNET/SHARP/5/GDRDMA
[ip-0A23040D:0:70037 - context.c:584] INFO job (ID: 2524862619000864670) resource request quota: ( osts:0 user_data_per_ost:0 max_groups:0 max_qps:1 max_group_channels:1, num_trees:1)
[ip-0A23040D:0:70037 unique id 0] ERROR No Aggregation Manager (sharp_am) detected in sharp_create_job.

[ip-0A23040D:0:70037 - context.c:601] ERROR sharp_create_job failed: No Aggregation Manager (sharp_am) detected(-52)
ip-0A230408:90497:90877 [4] NCCL INFO Sharp rank 6/7 initialized on mlx5_ib4:1

ip-0A230408:90497:90877 [4] sharp_plugin.c:288 NCCL WARN NET/IB :SHARP coll init error: Cannot create SHArP job(-11)

ip-0A230408:90497:90877 [4] NCCL INFO include/coll_net.h:21 -> 3
ip-0A230417:21011:21377 [4] NCCL INFO Sharp rank 4/7 initialized on mlx5_ib4:1

ip-0A230417:21011:21377 [4] sharp_plugin.c:288 NCCL WARN NET/IB :SHARP coll init error: Cannot create SHArP job(-11)

ip-0A230417:21011:21377 [4] NCCL INFO include/coll_net.h:21 -> 3
ip-0A23040F:37022:37405 [4] NCCL INFO Sharp rank 1/7 initialized on mlx5_ib4:1

ip-0A23040F:37022:37405 [4] sharp_plugin.c:288 NCCL WARN NET/IB :SHARP coll init error: Cannot create SHArP job(-11)

ip-0A23040F:37022:37405 [4] NCCL INFO include/coll_net.h:21 -> 3
ip-0A230406:72758:73134 [4] NCCL INFO Sharp rank 5/7 initialized on mlx5_ib4:1

ip-0A230406:72758:73134 [4] sharp_plugin.c:288 NCCL WARN NET/IB :SHARP coll init error: Cannot create SHArP job(-11)

ip-0A230406:72758:73134 [4] NCCL INFO include/coll_net.h:21 -> 3
ip-0A230414:17312:17689 [4] NCCL INFO Sharp rank 3/7 initialized on mlx5_ib4:1

ip-0A230414:17312:17689 [4] sharp_plugin.c:288 NCCL WARN NET/IB :SHARP coll init error: Cannot create SHArP job(-11)

ip-0A230414:17312:17689 [4] NCCL INFO include/coll_net.h:21 -> 3
ip-0A230412:30715:31088 [4] NCCL INFO Sharp rank 2/7 initialized on mlx5_ib4:1

ip-0A230412:30715:31088 [4] sharp_plugin.c:288 NCCL WARN NET/IB :SHARP coll init error: Cannot create SHArP job(-11)

ip-0A230412:30715:31088 [4] NCCL INFO include/coll_net.h:21 -> 3
ip-0A230406:72758:72965 [4] NCCL INFO transport.cc:222 -> 2
ip-0A23040F:37022:37234 [4] NCCL INFO transport.cc:222 -> 2
ip-0A230414:17312:17524 [4] NCCL INFO transport.cc:222 -> 2
ip-0A230417:21011:21220 [4] NCCL INFO transport.cc:222 -> 2
ip-0A230408:90497:90708 [4] NCCL INFO transport.cc:222 -> 2
ip-0A230412:30715:30922 [4] NCCL INFO transport.cc:222 -> 2
ip-0A23040D:70037:70412 [4] NCCL INFO Sharp rank 0/7 initialized on mlx5_ib4:1

ip-0A23040D:70037:70412 [4] sharp_plugin.c:288 NCCL WARN NET/IB :SHARP coll init error: Cannot create SHArP job(-11)

ip-0A23040D:70037:70412 [4] NCCL INFO include/coll_net.h:21 -> 3
ip-0A23040D:70037:70243 [4] NCCL INFO transport.cc:222 -> 2
ip-0A23040D:70044:70413 [5] NCCL INFO NCCL_SHARP_GROUP_SIZE_THRESH set by environment to 3.
ip-0A23040D:70039:70249 [6] NCCL INFO CollNet 06 : 6 [receive] via COLLNET/SHARP/6/GDRDMA
ip-0A23040F:37018:37406 [5] NCCL INFO NCCL_SHARP_GROUP_SIZE_THRESH set by environment to 3.
ip-0A23040F:37023:37235 [6] NCCL INFO CollNet 06 : 14 [receive] via COLLNET/SHARP/6/GDRDMA
ip-0A230412:30710:31089 [5] NCCL INFO NCCL_SHARP_GROUP_SIZE_THRESH set by environment to 3.
ip-0A230412:30713:30920 [6] NCCL INFO CollNet 06 : 22 [receive] via COLLNET/SHARP/6/GDRDMA
ip-0A230414:17313:17691 [5] NCCL INFO NCCL_SHARP_GROUP_SIZE_THRESH set by environment to 3.
ip-0A230414:17314:17527 [6] NCCL INFO CollNet 06 : 30 [receive] via COLLNET/SHARP/6/GDRDMA
ip-0A230417:21005:21379 [5] NCCL INFO NCCL_SHARP_GROUP_SIZE_THRESH set by environment to 3.
ip-0A230417:21006:21226 [6] NCCL INFO CollNet 06 : 38 [receive] via COLLNET/SHARP/6/GDRDMA
ip-0A230406:72761:73135 [5] NCCL INFO NCCL_SHARP_GROUP_SIZE_THRESH set by environment to 3.
ip-0A230408:90493:90872 [5] NCCL INFO NCCL_SHARP_GROUP_SIZE_THRESH set by environment to 3.
ip-0A230406:72770:72971 [6] NCCL INFO CollNet 06 : 46 [receive] via COLLNET/SHARP/6/GDRDMA
ip-0A230408:90496:90704 [6] NCCL INFO CollNet 06 : 54 [receive] via COLLNET/SHARP/6/GDRDMA
[ip-0A23040D:0:70044 - context.c:584] INFO job (ID: 2524863382246425393) resource request quota: ( osts:0 user_data_per_ost:0 max_groups:0 max_qps:1 max_group_channels:1, num_trees:1)
[ip-0A23040D:0:70044 unique id 0] ERROR No Aggregation Manager (sharp_am) detected in sharp_create_job.

[ip-0A23040D:0:70044 - context.c:601] ERROR sharp_create_job failed: No Aggregation Manager (sharp_am) detected(-52)
ip-0A230412:30710:31089 [5] NCCL INFO Sharp rank 2/7 initialized on mlx5_ib5:1

ip-0A230412:30710:31089 [5] sharp_plugin.c:288 NCCL WARN NET/IB :SHARP coll init error: Cannot create SHArP job(-11)

ip-0A230412:30710:31089 [5] NCCL INFO include/coll_net.h:21 -> 3
ip-0A23040F:37018:37406 [5] NCCL INFO Sharp rank 1/7 initialized on mlx5_ib5:1

ip-0A23040F:37018:37406 [5] sharp_plugin.c:288 NCCL WARN NET/IB :SHARP coll init error: Cannot create SHArP job(-11)

ip-0A23040F:37018:37406 [5] NCCL INFO include/coll_net.h:21 -> 3
ip-0A230408:90493:90872 [5] NCCL INFO Sharp rank 6/7 initialized on mlx5_ib5:1

ip-0A230408:90493:90872 [5] sharp_plugin.c:288 NCCL WARN NET/IB :SHARP coll init error: Cannot create SHArP job(-11)

ip-0A230408:90493:90872 [5] NCCL INFO include/coll_net.h:21 -> 3
ip-0A230406:72761:73135 [5] NCCL INFO Sharp rank 5/7 initialized on mlx5_ib5:1

ip-0A230406:72761:73135 [5] sharp_plugin.c:288 NCCL WARN NET/IB :SHARP coll init error: Cannot create SHArP job(-11)

ip-0A230406:72761:73135 [5] NCCL INFO include/coll_net.h:21 -> 3
ip-0A230417:21005:21379 [5] NCCL INFO Sharp rank 4/7 initialized on mlx5_ib5:1

ip-0A230417:21005:21379 [5] sharp_plugin.c:288 NCCL WARN NET/IB :SHARP coll init error: Cannot create SHArP job(-11)

ip-0A230417:21005:21379 [5] NCCL INFO include/coll_net.h:21 -> 3
ip-0A230414:17313:17691 [5] NCCL INFO Sharp rank 3/7 initialized on mlx5_ib5:1

ip-0A230414:17313:17691 [5] sharp_plugin.c:288 NCCL WARN NET/IB :SHARP coll init error: Cannot create SHArP job(-11)

ip-0A230414:17313:17691 [5] NCCL INFO include/coll_net.h:21 -> 3
ip-0A230406:72761:72969 [5] NCCL INFO transport.cc:222 -> 2
ip-0A230412:30710:30921 [5] NCCL INFO transport.cc:222 -> 2
ip-0A23040F:37018:37239 [5] NCCL INFO transport.cc:222 -> 2
ip-0A230408:90493:90709 [5] NCCL INFO transport.cc:222 -> 2
ip-0A230414:17313:17523 [5] NCCL INFO transport.cc:222 -> 2
ip-0A230417:21005:21224 [5] NCCL INFO transport.cc:222 -> 2
ip-0A23040D:70044:70413 [5] NCCL INFO Sharp rank 0/7 initialized on mlx5_ib5:1

ip-0A23040D:70044:70413 [5] sharp_plugin.c:288 NCCL WARN NET/IB :SHARP coll init error: Cannot create SHArP job(-11)

ip-0A23040D:70044:70413 [5] NCCL INFO include/coll_net.h:21 -> 3
ip-0A23040D:70044:70244 [5] NCCL INFO transport.cc:222 -> 2
ip-0A23040D:70039:70416 [6] NCCL INFO NCCL_SHARP_GROUP_SIZE_THRESH set by environment to 3.
ip-0A23040D:70043:70247 [7] NCCL INFO CollNet 07 : 7 [receive] via COLLNET/SHARP/7/GDRDMA
ip-0A23040F:37023:37404 [6] NCCL INFO NCCL_SHARP_GROUP_SIZE_THRESH set by environment to 3.
ip-0A23040F:37016:37238 [7] NCCL INFO CollNet 07 : 15 [receive] via COLLNET/SHARP/7/GDRDMA
ip-0A230412:30713:31082 [6] NCCL INFO NCCL_SHARP_GROUP_SIZE_THRESH set by environment to 3.
ip-0A230414:17314:17687 [6] NCCL INFO NCCL_SHARP_GROUP_SIZE_THRESH set by environment to 3.
ip-0A230412:30709:30916 [7] NCCL INFO CollNet 07 : 23 [receive] via COLLNET/SHARP/7/GDRDMA
ip-0A230414:17319:17526 [7] NCCL INFO CollNet 07 : 31 [receive] via COLLNET/SHARP/7/GDRDMA
ip-0A230417:21006:21378 [6] NCCL INFO NCCL_SHARP_GROUP_SIZE_THRESH set by environment to 3.
ip-0A230406:72770:73131 [6] NCCL INFO NCCL_SHARP_GROUP_SIZE_THRESH set by environment to 3.
ip-0A230417:21010:21222 [7] NCCL INFO CollNet 07 : 39 [receive] via COLLNET/SHARP/7/GDRDMA
ip-0A230408:90496:90871 [6] NCCL INFO NCCL_SHARP_GROUP_SIZE_THRESH set by environment to 3.
ip-0A230406:72760:72970 [7] NCCL INFO CollNet 07 : 47 [receive] via COLLNET/SHARP/7/GDRDMA
ip-0A230408:90495:90707 [7] NCCL INFO CollNet 07 : 55 [receive] via COLLNET/SHARP/7/GDRDMA
[ip-0A23040D:0:70039 - context.c:584] INFO job (ID: 2524863173107708711) resource request quota: ( osts:0 user_data_per_ost:0 max_groups:0 max_qps:1 max_group_channels:1, num_trees:1)
[ip-0A23040D:0:70039 unique id 0] ERROR No Aggregation Manager (sharp_am) detected in sharp_create_job.

[ip-0A23040D:0:70039 - context.c:601] ERROR sharp_create_job failed: No Aggregation Manager (sharp_am) detected(-52)
ip-0A23040F:37023:37404 [6] NCCL INFO Sharp rank 1/7 initialized on mlx5_ib6:1

ip-0A23040F:37023:37404 [6] sharp_plugin.c:288 NCCL WARN NET/IB :SHARP coll init error: Cannot create SHArP job(-11)

ip-0A23040F:37023:37404 [6] NCCL INFO include/coll_net.h:21 -> 3
ip-0A23040F:37023:37235 [6] NCCL INFO transport.cc:222 -> 2
ip-0A230408:90496:90871 [6] NCCL INFO Sharp rank 6/7 initialized on mlx5_ib6:1

ip-0A230408:90496:90871 [6] sharp_plugin.c:288 NCCL WARN NET/IB :SHARP coll init error: Cannot create SHArP job(-11)

ip-0A230408:90496:90871 [6] NCCL INFO include/coll_net.h:21 -> 3
ip-0A230406:72770:73131 [6] NCCL INFO Sharp rank 5/7 initialized on mlx5_ib6:1

ip-0A230406:72770:73131 [6] sharp_plugin.c:288 NCCL WARN NET/IB :SHARP coll init error: Cannot create SHArP job(-11)

ip-0A230406:72770:73131 [6] NCCL INFO include/coll_net.h:21 -> 3
ip-0A230414:17314:17687 [6] NCCL INFO Sharp rank 3/7 initialized on mlx5_ib6:1

ip-0A230414:17314:17687 [6] sharp_plugin.c:288 NCCL WARN NET/IB :SHARP coll init error: Cannot create SHArP job(-11)

ip-0A230414:17314:17687 [6] NCCL INFO include/coll_net.h:21 -> 3
ip-0A230412:30713:31082 [6] NCCL INFO Sharp rank 2/7 initialized on mlx5_ib6:1

ip-0A230412:30713:31082 [6] sharp_plugin.c:288 NCCL WARN NET/IB :SHARP coll init error: Cannot create SHArP job(-11)

ip-0A230412:30713:31082 [6] NCCL INFO include/coll_net.h:21 -> 3
ip-0A230417:21006:21378 [6] NCCL INFO Sharp rank 4/7 initialized on mlx5_ib6:1

ip-0A230417:21006:21378 [6] sharp_plugin.c:288 NCCL WARN NET/IB :SHARP coll init error: Cannot create SHArP job(-11)

ip-0A230417:21006:21378 [6] NCCL INFO include/coll_net.h:21 -> 3
ip-0A230408:90496:90704 [6] NCCL INFO transport.cc:222 -> 2
ip-0A230406:72770:72971 [6] NCCL INFO transport.cc:222 -> 2
ip-0A230414:17314:17527 [6] NCCL INFO transport.cc:222 -> 2
ip-0A230417:21006:21226 [6] NCCL INFO transport.cc:222 -> 2
ip-0A230412:30713:30920 [6] NCCL INFO transport.cc:222 -> 2
ip-0A23040D:70039:70416 [6] NCCL INFO Sharp rank 0/7 initialized on mlx5_ib6:1

ip-0A23040D:70039:70416 [6] sharp_plugin.c:288 NCCL WARN NET/IB :SHARP coll init error: Cannot create SHArP job(-11)

ip-0A23040D:70039:70416 [6] NCCL INFO include/coll_net.h:21 -> 3
ip-0A23040D:70039:70249 [6] NCCL INFO transport.cc:222 -> 2
ip-0A23040D:70043:70417 [7] NCCL INFO NCCL_SHARP_GROUP_SIZE_THRESH set by environment to 3.
ip-0A23040F:37016:37403 [7] NCCL INFO NCCL_SHARP_GROUP_SIZE_THRESH set by environment to 3.
ip-0A230412:30709:31087 [7] NCCL INFO NCCL_SHARP_GROUP_SIZE_THRESH set by environment to 3.
ip-0A230414:17319:17692 [7] NCCL INFO NCCL_SHARP_GROUP_SIZE_THRESH set by environment to 3.
ip-0A230417:21010:21380 [7] NCCL INFO NCCL_SHARP_GROUP_SIZE_THRESH set by environment to 3.
ip-0A230406:72760:73136 [7] NCCL INFO NCCL_SHARP_GROUP_SIZE_THRESH set by environment to 3.
ip-0A230408:90495:90870 [7] NCCL INFO NCCL_SHARP_GROUP_SIZE_THRESH set by environment to 3.
[ip-0A23040D:0:70043 - context.c:584] INFO job (ID: 2524862728984682236) resource request quota: ( osts:0 user_data_per_ost:0 max_groups:0 max_qps:1 max_group_channels:1, num_trees:1)
[ip-0A23040D:0:70043 unique id 0] ERROR No Aggregation Manager (sharp_am) detected in sharp_create_job.

[ip-0A23040D:0:70043 - context.c:601] ERROR sharp_create_job failed: No Aggregation Manager (sharp_am) detected(-52)
ip-0A230408:90495:90870 [7] NCCL INFO Sharp rank 6/7 initialized on mlx5_ib7:1

ip-0A230408:90495:90870 [7] sharp_plugin.c:288 NCCL WARN NET/IB :SHARP coll init error: Cannot create SHArP job(-11)

ip-0A230408:90495:90870 [7] NCCL INFO include/coll_net.h:21 -> 3
ip-0A23040F:37016:37403 [7] NCCL INFO Sharp rank 1/7 initialized on mlx5_ib7:1

ip-0A23040F:37016:37403 [7] sharp_plugin.c:288 NCCL WARN NET/IB :SHARP coll init error: Cannot create SHArP job(-11)

ip-0A23040F:37016:37403 [7] NCCL INFO include/coll_net.h:21 -> 3
ip-0A230417:21010:21380 [7] NCCL INFO Sharp rank 4/7 initialized on mlx5_ib7:1

ip-0A230417:21010:21380 [7] sharp_plugin.c:288 NCCL WARN NET/IB :SHARP coll init error: Cannot create SHArP job(-11)

ip-0A230417:21010:21380 [7] NCCL INFO include/coll_net.h:21 -> 3
ip-0A230406:72760:73136 [7] NCCL INFO Sharp rank 5/7 initialized on mlx5_ib7:1

ip-0A230406:72760:73136 [7] sharp_plugin.c:288 NCCL WARN NET/IB :SHARP coll init error: Cannot create SHArP job(-11)

ip-0A230406:72760:73136 [7] NCCL INFO include/coll_net.h:21 -> 3
ip-0A230414:17319:17692 [7] NCCL INFO Sharp rank 3/7 initialized on mlx5_ib7:1

ip-0A230414:17319:17692 [7] sharp_plugin.c:288 NCCL WARN NET/IB :SHARP coll init error: Cannot create SHArP job(-11)

ip-0A230414:17319:17692 [7] NCCL INFO include/coll_net.h:21 -> 3
ip-0A230412:30709:31087 [7] NCCL INFO Sharp rank 2/7 initialized on mlx5_ib7:1

ip-0A230412:30709:31087 [7] sharp_plugin.c:288 NCCL WARN NET/IB :SHARP coll init error: Cannot create SHArP job(-11)

ip-0A230412:30709:31087 [7] NCCL INFO include/coll_net.h:21 -> 3
ip-0A23040F:37016:37238 [7] NCCL INFO transport.cc:222 -> 2
ip-0A230408:90495:90707 [7] NCCL INFO transport.cc:222 -> 2
ip-0A230417:21010:21222 [7] NCCL INFO transport.cc:222 -> 2
ip-0A230414:17319:17526 [7] NCCL INFO transport.cc:222 -> 2
ip-0A230406:72760:72970 [7] NCCL INFO transport.cc:222 -> 2
ip-0A230412:30709:30916 [7] NCCL INFO transport.cc:222 -> 2
ip-0A23040F:37016:37238 [7] NCCL INFO init.cc:765 -> 2
ip-0A23040F:37016:37238 [7] NCCL INFO threadThresholds 8/8/64 | 448/8/64 | 8/8/512
ip-0A230408:90497:90708 [4] NCCL INFO init.cc:765 -> 2
ip-0A230417:21010:21222 [7] NCCL INFO init.cc:765 -> 2
ip-0A230417:21010:21222 [7] NCCL INFO threadThresholds 8/8/64 | 448/8/64 | 8/8/512

ip-0A23040F:37017:37241 [0] transport.cc:253 NCCL WARN Cannot initialize CollNet, using point-to-point network instead
ip-0A23040F:37017:37241 [0] NCCL INFO init.cc:765 -> 2
ip-0A230408:90495:90707 [7] NCCL INFO init.cc:765 -> 2
ip-0A230417:21003:21227 [2] NCCL INFO init.cc:765 -> 2
ip-0A23040F:37021:37237 [1] NCCL INFO init.cc:765 -> 2
ip-0A230408:90492:90706 [2] NCCL INFO init.cc:765 -> 2
ip-0A230412:30709:30916 [7] NCCL INFO init.cc:765 -> 2
ip-0A230417:21003:21227 [2] NCCL INFO threadThresholds 8/8/64 | 448/8/64 | 8/8/512
ip-0A23040F:37019:37240 [2] NCCL INFO init.cc:765 -> 2
ip-0A23040F:37019:37240 [2] NCCL INFO threadThresholds 8/8/64 | 448/8/64 | 8/8/512
ip-0A230408:90519:90703 [3] NCCL INFO init.cc:765 -> 2
ip-0A230417:21011:21220 [4] NCCL INFO init.cc:765 -> 2
ip-0A23040F:37017:37241 [0] NCCL INFO threadThresholds 8/8/64 | 448/8/64 | 8/8/512
ip-0A230408:90495:90707 [7] NCCL INFO threadThresholds 8/8/64 | 448/8/64 | 8/8/512
ip-0A230417:21006:21226 [6] NCCL INFO init.cc:765 -> 2
ip-0A230417:21006:21226 [6] NCCL INFO threadThresholds 8/8/64 | 448/8/64 | 8/8/512
ip-0A23040F:37021:37237 [1] NCCL INFO threadThresholds 8/8/64 | 448/8/64 | 8/8/512

ip-0A230408:90499:90705 [0] transport.cc:253 NCCL WARN Cannot initialize CollNet, using point-to-point network instead
ip-0A230408:90499:90705 [0] NCCL INFO init.cc:765 -> 2

ip-0A230417:21008:21225 [0] transport.cc:253 NCCL WARN Cannot initialize CollNet, using point-to-point network instead
ip-0A230417:21008:21225 [0] NCCL INFO init.cc:765 -> 2
ip-0A23040F:37020:37236 [3] NCCL INFO init.cc:765 -> 2
ip-0A230408:90492:90706 [2] NCCL INFO threadThresholds 8/8/64 | 448/8/64 | 8/8/512
ip-0A230417:21007:21223 [3] NCCL INFO init.cc:765 -> 2
ip-0A230417:21007:21223 [3] NCCL INFO threadThresholds 8/8/64 | 448/8/64 | 8/8/512
ip-0A23040F:37022:37234 [4] NCCL INFO init.cc:765 -> 2
ip-0A230408:90519:90703 [3] NCCL INFO threadThresholds 8/8/64 | 448/8/64 | 8/8/512
ip-0A230417:21005:21224 [5] NCCL INFO init.cc:765 -> 2
ip-0A230417:21005:21224 [5] NCCL INFO threadThresholds 8/8/64 | 448/8/64 | 8/8/512
ip-0A23040F:37018:37239 [5] NCCL INFO init.cc:765 -> 2
ip-0A230408:90497:90708 [4] NCCL INFO threadThresholds 8/8/64 | 448/8/64 | 8/8/512
ip-0A230417:21008:21225 [0] NCCL INFO threadThresholds 8/8/64 | 448/8/64 | 8/8/512
ip-0A23040F:37023:37235 [6] NCCL INFO init.cc:765 -> 2
ip-0A23040F:37023:37235 [6] NCCL INFO threadThresholds 8/8/64 | 448/8/64 | 8/8/512
ip-0A230408:90493:90709 [5] NCCL INFO init.cc:765 -> 2
ip-0A230408:90493:90709 [5] NCCL INFO threadThresholds 8/8/64 | 448/8/64 | 8/8/512
ip-0A230417:21004:21221 [1] NCCL INFO init.cc:765 -> 2
ip-0A23040F:37020:37236 [3] NCCL INFO threadThresholds 8/8/64 | 448/8/64 | 8/8/512
ip-0A230408:90496:90704 [6] NCCL INFO init.cc:765 -> 2
ip-0A230408:90496:90704 [6] NCCL INFO threadThresholds 8/8/64 | 448/8/64 | 8/8/512
ip-0A230417:21011:21220 [4] NCCL INFO threadThresholds 8/8/64 | 448/8/64 | 8/8/512
ip-0A23040F:37022:37234 [4] NCCL INFO threadThresholds 8/8/64 | 448/8/64 | 8/8/512
ip-0A230408:90499:90705 [0] NCCL INFO threadThresholds 8/8/64 | 448/8/64 | 8/8/512
ip-0A230406:72760:72970 [7] NCCL INFO init.cc:765 -> 2
ip-0A230406:72760:72970 [7] NCCL INFO threadThresholds 8/8/64 | 448/8/64 | 8/8/512
ip-0A230417:21004:21221 [1] NCCL INFO threadThresholds 8/8/64 | 448/8/64 | 8/8/512
ip-0A23040F:37018:37239 [5] NCCL INFO threadThresholds 8/8/64 | 448/8/64 | 8/8/512
ip-0A230408:90494:90710 [1] NCCL INFO init.cc:765 -> 2
ip-0A230408:90494:90710 [1] NCCL INFO threadThresholds 8/8/64 | 448/8/64 | 8/8/512
ip-0A230414:17319:17526 [7] NCCL INFO init.cc:765 -> 2
ip-0A230412:30709:30916 [7] NCCL INFO threadThresholds 8/8/64 | 448/8/64 | 8/8/512

ip-0A230412:30716:30915 [0] transport.cc:253 NCCL WARN Cannot initialize CollNet, using point-to-point network instead
ip-0A230412:30716:30915 [0] NCCL INFO init.cc:765 -> 2
ip-0A230412:30712:30919 [1] NCCL INFO init.cc:765 -> 2
ip-0A230412:30712:30919 [1] NCCL INFO threadThresholds 8/8/64 | 448/8/64 | 8/8/512
ip-0A230412:30711:30918 [2] NCCL INFO init.cc:765 -> 2
ip-0A230412:30711:30918 [2] NCCL INFO threadThresholds 8/8/64 | 448/8/64 | 8/8/512
ip-0A230412:30715:30922 [4] NCCL INFO init.cc:765 -> 2
ip-0A230412:30710:30921 [5] NCCL INFO init.cc:765 -> 2
ip-0A230412:30710:30921 [5] NCCL INFO threadThresholds 8/8/64 | 448/8/64 | 8/8/512
ip-0A230412:30713:30920 [6] NCCL INFO init.cc:765 -> 2
ip-0A230412:30713:30920 [6] NCCL INFO threadThresholds 8/8/64 | 448/8/64 | 8/8/512
ip-0A230412:30716:30915 [0] NCCL INFO threadThresholds 8/8/64 | 448/8/64 | 8/8/512
ip-0A230412:30714:30917 [3] NCCL INFO init.cc:765 -> 2
ip-0A230412:30714:30917 [3] NCCL INFO threadThresholds 8/8/64 | 448/8/64 | 8/8/512
ip-0A230412:30715:30922 [4] NCCL INFO threadThresholds 8/8/64 | 448/8/64 | 8/8/512

ip-0A230406:72763:72967 [0] transport.cc:253 NCCL WARN Cannot initialize CollNet, using point-to-point network instead
ip-0A230406:72763:72967 [0] NCCL INFO init.cc:765 -> 2
ip-0A230406:72763:72967 [0] NCCL INFO threadThresholds 8/8/64 | 448/8/64 | 8/8/512
ip-0A230406:72764:72966 [1] NCCL INFO init.cc:765 -> 2
ip-0A230406:72764:72966 [1] NCCL INFO threadThresholds 8/8/64 | 448/8/64 | 8/8/512
ip-0A230406:72759:72968 [2] NCCL INFO init.cc:765 -> 2
