ip-0A230414:75463:75669 [6] NCCL INFO Trees [0] 31/-1/-1->30->29 [1] 31/-1/-1->30->29 [2] 31/-1/-1->30->29 [3] 31/-1/-1->30->29 [4] 31/-1/-1->30->29 [5] 31/-1/-1->30->28 [6] 31/-1/-1->30->22 [7] 24/-1/-1->30->31 [8] 31/-1/-1->30->29 [9] 31/-1/-1->30->29 [10] 31/-1/-1->30->29 [11] 31/-1/-1->30->29 [12] 31/-1/-1->30->29 [13] 31/-1/-1->30->28 [14] 31/38/-1->30->47 [15] 24/23/-1->30->31 [16] 31/-1/-1->30->29 [17] 31/-1/-1->30->29 [18] 31/-1/-1->30->29 [19] 31/-1/-1->30->29 [20] 31/-1/-1->30->29 [21] 31/-1/-1->30->28 [22] 31/-1/-1->30->22 [23] 24/-1/-1->30->31
ip-0A230414:75467:75667 [3] NCCL INFO Trees [0] 28/-1/-1->27->26 [1] 28/-1/-1->27->26 [2] 28/-1/-1->27->26 [3] 26/-1/-1->27->19 [4] -1/-1/-1->27->26 [5] -1/-1/-1->27->26 [6] 28/-1/-1->27->26 [7] 28/-1/-1->27->26 [8] 28/-1/-1->27->26 [9] 28/-1/-1->27->26 [10] 28/18/-1->27->26 [11] 26/35/-1->27->42 [12] -1/-1/-1->27->26 [13] -1/-1/-1->27->26 [14] 28/-1/-1->27->26 [15] 28/-1/-1->27->26 [16] 28/-1/-1->27->26 [17] 28/-1/-1->27->26 [18] 28/-1/-1->27->26 [19] 26/-1/-1->27->19 [20] -1/-1/-1->27->26 [21] -1/-1/-1->27->26 [22] 28/-1/-1->27->26 [23] 28/-1/-1->27->26
ip-0A230412:88901:89116 [6] NCCL INFO Trees [0] 23/-1/-1->22->21 [1] 23/-1/-1->22->21 [2] 23/-1/-1->22->21 [3] 23/-1/-1->22->21 [4] 23/-1/-1->22->21 [5] 23/-1/-1->22->20 [6] 23/30/-1->22->39 [7] 16/15/-1->22->23 [8] 23/-1/-1->22->21 [9] 23/-1/-1->22->21 [10] 23/-1/-1->22->21 [11] 23/-1/-1->22->21 [12] 23/-1/-1->22->21 [13] 23/-1/-1->22->20 [14] 23/-1/-1->22->31 [15] 16/-1/-1->22->23 [16] 23/-1/-1->22->21 [17] 23/-1/-1->22->21 [18] 23/-1/-1->22->21 [19] 23/-1/-1->22->21 [20] 23/-1/-1->22->21 [21] 23/-1/-1->22->20 [22] 23/30/-1->22->39 [23] 16/15/-1->22->23
ip-0A230406:35566:35772 [4] NCCL INFO Trees [0] 45/-1/-1->44->43 [1] 45/-1/-1->44->43 [2] 45/-1/-1->44->43 [3] 45/-1/-1->44->42 [4] 45/-1/-1->44->53 [5] 46/-1/-1->44->45 [6] 45/-1/-1->44->43 [7] 45/-1/-1->44->43 [8] 45/-1/-1->44->43 [9] 45/-1/-1->44->43 [10] 45/-1/-1->44->43 [11] 45/-1/-1->44->42 [12] 45/4/-1->44->12 [13] 46/29/-1->44->45 [14] 45/-1/-1->44->43 [15] 45/-1/-1->44->43 [16] 45/-1/-1->44->43 [17] 45/-1/-1->44->43 [18] 45/-1/-1->44->43 [19] 45/-1/-1->44->42 [20] 45/-1/-1->44->53 [21] 46/-1/-1->44->45 [22] 45/-1/-1->44->43 [23] 45/-1/-1->44->43
ip-0A230412:88918:89117 [7] NCCL INFO Trees [0] -1/-1/-1->23->22 [1] -1/-1/-1->23->22 [2] 16/-1/-1->23->22 [3] 16/-1/-1->23->22 [4] 16/-1/-1->23->22 [5] 16/-1/-1->23->22 [6] 16/14/-1->23->22 [7] 22/31/-1->23->38 [8] -1/-1/-1->23->22 [9] -1/-1/-1->23->22 [10] 16/-1/-1->23->22 [11] 16/-1/-1->23->22 [12] 16/-1/-1->23->22 [13] 16/-1/-1->23->22 [14] 16/-1/-1->23->22 [15] 22/-1/-1->23->30 [16] -1/-1/-1->23->22 [17] -1/-1/-1->23->22 [18] 16/-1/-1->23->22 [19] 16/-1/-1->23->22 [20] 16/-1/-1->23->22 [21] 16/-1/-1->23->22 [22] 16/14/-1->23->22 [23] 22/31/-1->23->38
ip-0A230408:53243:53446 [0] NCCL INFO Trees [0] 49/-1/-1->48->32 [1] 50/41/-1->48->49 [2] 49/-1/-1->48->55 [3] 49/-1/-1->48->55 [4] 49/-1/-1->48->55 [5] 49/-1/-1->48->55 [6] 49/-1/-1->48->55 [7] 49/-1/-1->48->54 [8] 49/-1/-1->48->1 [9] 50/-1/-1->48->49 [10] 49/-1/-1->48->55 [11] 49/-1/-1->48->55 [12] 49/-1/-1->48->55 [13] 49/-1/-1->48->55 [14] 49/-1/-1->48->55 [15] 49/-1/-1->48->54 [16] 49/-1/-1->48->32 [17] 50/41/-1->48->49 [18] 49/-1/-1->48->55 [19] 49/-1/-1->48->55 [20] 49/-1/-1->48->55 [21] 49/-1/-1->48->55 [22] 49/-1/-1->48->55 [23] 49/-1/-1->48->54
ip-0A230406:35564:35771 [6] NCCL INFO Trees [0] 47/-1/-1->46->45 [1] 47/-1/-1->46->45 [2] 47/-1/-1->46->45 [3] 47/-1/-1->46->45 [4] 47/-1/-1->46->45 [5] 47/-1/-1->46->44 [6] 47/-1/-1->46->55 [7] 40/-1/-1->46->47 [8] 47/-1/-1->46->45 [9] 47/-1/-1->46->45 [10] 47/-1/-1->46->45 [11] 47/-1/-1->46->45 [12] 47/-1/-1->46->45 [13] 47/-1/-1->46->44 [14] 47/6/-1->46->14 [15] 40/31/-1->46->47 [16] 47/-1/-1->46->45 [17] 47/-1/-1->46->45 [18] 47/-1/-1->46->45 [19] 47/-1/-1->46->45 [20] 47/-1/-1->46->45 [21] 47/-1/-1->46->44 [22] 47/-1/-1->46->55 [23] 40/-1/-1->46->47
ip-0A230412:88905:89118 [5] NCCL INFO Trees [0] 22/-1/-1->21->20 [1] 22/-1/-1->21->20 [2] 22/-1/-1->21->20 [3] 22/-1/-1->21->20 [4] 22/12/-1->21->20 [5] 20/29/-1->21->36 [6] -1/-1/-1->21->20 [7] -1/-1/-1->21->20 [8] 22/-1/-1->21->20 [9] 22/-1/-1->21->20 [10] 22/-1/-1->21->20 [11] 22/-1/-1->21->20 [12] 22/-1/-1->21->20 [13] 20/-1/-1->21->28 [14] -1/-1/-1->21->20 [15] -1/-1/-1->21->20 [16] 22/-1/-1->21->20 [17] 22/-1/-1->21->20 [18] 22/-1/-1->21->20 [19] 22/-1/-1->21->20 [20] 22/12/-1->21->20 [21] 20/29/-1->21->36 [22] -1/-1/-1->21->20 [23] -1/-1/-1->21->20
ip-0A230414:75468:75666 [4] NCCL INFO Trees [0] 29/-1/-1->28->27 [1] 29/-1/-1->28->27 [2] 29/-1/-1->28->27 [3] 29/-1/-1->28->26 [4] 29/-1/-1->28->20 [5] 30/-1/-1->28->29 [6] 29/-1/-1->28->27 [7] 29/-1/-1->28->27 [8] 29/-1/-1->28->27 [9] 29/-1/-1->28->27 [10] 29/-1/-1->28->27 [11] 29/-1/-1->28->26 [12] 29/36/-1->28->45 [13] 30/21/-1->28->29 [14] 29/-1/-1->28->27 [15] 29/-1/-1->28->27 [16] 29/-1/-1->28->27 [17] 29/-1/-1->28->27 [18] 29/-1/-1->28->27 [19] 29/-1/-1->28->26 [20] 29/-1/-1->28->20 [21] 30/-1/-1->28->29 [22] 29/-1/-1->28->27 [23] 29/-1/-1->28->27
ip-0A230408:53242:53452 [1] NCCL INFO Trees [0] 50/40/-1->49->48 [1] 48/-1/-1->49->33 [2] -1/-1/-1->49->48 [3] -1/-1/-1->49->48 [4] 50/-1/-1->49->48 [5] 50/-1/-1->49->48 [6] 50/-1/-1->49->48 [7] 50/-1/-1->49->48 [8] 50/-1/-1->49->48 [9] 48/-1/-1->49->0 [10] -1/-1/-1->49->48 [11] -1/-1/-1->49->48 [12] 50/-1/-1->49->48 [13] 50/-1/-1->49->48 [14] 50/-1/-1->49->48 [15] 50/-1/-1->49->48 [16] 50/40/-1->49->48 [17] 48/-1/-1->49->33 [18] -1/-1/-1->49->48 [19] -1/-1/-1->49->48 [20] 50/-1/-1->49->48 [21] 50/-1/-1->49->48 [22] 50/-1/-1->49->48 [23] 50/-1/-1->49->48
ip-0A230406:35562:35770 [7] NCCL INFO Trees [0] -1/-1/-1->47->46 [1] -1/-1/-1->47->46 [2] 40/-1/-1->47->46 [3] 40/-1/-1->47->46 [4] 40/-1/-1->47->46 [5] 40/-1/-1->47->46 [6] 40/-1/-1->47->46 [7] 46/-1/-1->47->54 [8] -1/-1/-1->47->46 [9] -1/-1/-1->47->46 [10] 40/-1/-1->47->46 [11] 40/-1/-1->47->46 [12] 40/-1/-1->47->46 [13] 40/-1/-1->47->46 [14] 40/30/-1->47->46 [15] 46/7/-1->47->15 [16] -1/-1/-1->47->46 [17] -1/-1/-1->47->46 [18] 40/-1/-1->47->46 [19] 40/-1/-1->47->46 [20] 40/-1/-1->47->46 [21] 40/-1/-1->47->46 [22] 40/-1/-1->47->46 [23] 46/-1/-1->47->54
ip-0A230412:88900:89114 [4] NCCL INFO Trees [0] 21/-1/-1->20->19 [1] 21/-1/-1->20->19 [2] 21/-1/-1->20->19 [3] 21/-1/-1->20->18 [4] 21/28/-1->20->37 [5] 22/13/-1->20->21 [6] 21/-1/-1->20->19 [7] 21/-1/-1->20->19 [8] 21/-1/-1->20->19 [9] 21/-1/-1->20->19 [10] 21/-1/-1->20->19 [11] 21/-1/-1->20->18 [12] 21/-1/-1->20->29 [13] 22/-1/-1->20->21 [14] 21/-1/-1->20->19 [15] 21/-1/-1->20->19 [16] 21/-1/-1->20->19 [17] 21/-1/-1->20->19 [18] 21/-1/-1->20->19 [19] 21/-1/-1->20->18 [20] 21/28/-1->20->37 [21] 22/13/-1->20->21 [22] 21/-1/-1->20->19 [23] 21/-1/-1->20->19
ip-0A230414:75470:75671 [5] NCCL INFO Trees [0] 30/-1/-1->29->28 [1] 30/-1/-1->29->28 [2] 30/-1/-1->29->28 [3] 30/-1/-1->29->28 [4] 30/-1/-1->29->28 [5] 28/-1/-1->29->21 [6] -1/-1/-1->29->28 [7] -1/-1/-1->29->28 [8] 30/-1/-1->29->28 [9] 30/-1/-1->29->28 [10] 30/-1/-1->29->28 [11] 30/-1/-1->29->28 [12] 30/20/-1->29->28 [13] 28/37/-1->29->44 [14] -1/-1/-1->29->28 [15] -1/-1/-1->29->28 [16] 30/-1/-1->29->28 [17] 30/-1/-1->29->28 [18] 30/-1/-1->29->28 [19] 30/-1/-1->29->28 [20] 30/-1/-1->29->28 [21] 28/-1/-1->29->21 [22] -1/-1/-1->29->28 [23] -1/-1/-1->29->28
ip-0A230408:53248:53451 [2] NCCL INFO Trees [0] 51/-1/-1->50->49 [1] 51/-1/-1->50->48 [2] 51/-1/-1->50->34 [3] 52/43/-1->50->51 [4] 51/-1/-1->50->49 [5] 51/-1/-1->50->49 [6] 51/-1/-1->50->49 [7] 51/-1/-1->50->49 [8] 51/-1/-1->50->49 [9] 51/-1/-1->50->48 [10] 51/-1/-1->50->3 [11] 52/-1/-1->50->51 [12] 51/-1/-1->50->49 [13] 51/-1/-1->50->49 [14] 51/-1/-1->50->49 [15] 51/-1/-1->50->49 [16] 51/-1/-1->50->49 [17] 51/-1/-1->50->48 [18] 51/-1/-1->50->34 [19] 52/43/-1->50->51 [20] 51/-1/-1->50->49 [21] 51/-1/-1->50->49 [22] 51/-1/-1->50->49 [23] 51/-1/-1->50->49
ip-0A230406:35561:35774 [0] NCCL INFO Trees [0] 41/-1/-1->40->49 [1] 42/-1/-1->40->41 [2] 41/-1/-1->40->47 [3] 41/-1/-1->40->47 [4] 41/-1/-1->40->47 [5] 41/-1/-1->40->47 [6] 41/-1/-1->40->47 [7] 41/-1/-1->40->46 [8] 41/0/-1->40->8 [9] 42/25/-1->40->41 [10] 41/-1/-1->40->47 [11] 41/-1/-1->40->47 [12] 41/-1/-1->40->47 [13] 41/-1/-1->40->47 [14] 41/-1/-1->40->47 [15] 41/-1/-1->40->46 [16] 41/-1/-1->40->49 [17] 42/-1/-1->40->41 [18] 41/-1/-1->40->47 [19] 41/-1/-1->40->47 [20] 41/-1/-1->40->47 [21] 41/-1/-1->40->47 [22] 41/-1/-1->40->47 [23] 41/-1/-1->40->46
ip-0A230412:88903:89113 [3] NCCL INFO Trees [0] 20/-1/-1->19->18 [1] 20/-1/-1->19->18 [2] 20/10/-1->19->18 [3] 18/27/-1->19->34 [4] -1/-1/-1->19->18 [5] -1/-1/-1->19->18 [6] 20/-1/-1->19->18 [7] 20/-1/-1->19->18 [8] 20/-1/-1->19->18 [9] 20/-1/-1->19->18 [10] 20/-1/-1->19->18 [11] 18/-1/-1->19->26 [12] -1/-1/-1->19->18 [13] -1/-1/-1->19->18 [14] 20/-1/-1->19->18 [15] 20/-1/-1->19->18 [16] 20/-1/-1->19->18 [17] 20/-1/-1->19->18 [18] 20/10/-1->19->18 [19] 18/27/-1->19->34 [20] -1/-1/-1->19->18 [21] -1/-1/-1->19->18 [22] 20/-1/-1->19->18 [23] 20/-1/-1->19->18
ip-0A230406:35568:35777 [5] NCCL INFO Trees [0] 46/-1/-1->45->44 [1] 46/-1/-1->45->44 [2] 46/-1/-1->45->44 [3] 46/-1/-1->45->44 [4] 46/-1/-1->45->44 [5] 44/-1/-1->45->52 [6] -1/-1/-1->45->44 [7] -1/-1/-1->45->44 [8] 46/-1/-1->45->44 [9] 46/-1/-1->45->44 [10] 46/-1/-1->45->44 [11] 46/-1/-1->45->44 [12] 46/28/-1->45->44 [13] 44/5/-1->45->13 [14] -1/-1/-1->45->44 [15] -1/-1/-1->45->44 [16] 46/-1/-1->45->44 [17] 46/-1/-1->45->44 [18] 46/-1/-1->45->44 [19] 46/-1/-1->45->44 [20] 46/-1/-1->45->44 [21] 44/-1/-1->45->52 [22] -1/-1/-1->45->44 [23] -1/-1/-1->45->44
ip-0A230414:75466:75668 [0] NCCL INFO Trees [0] 25/-1/-1->24->16 [1] 26/-1/-1->24->25 [2] 25/-1/-1->24->31 [3] 25/-1/-1->24->31 [4] 25/-1/-1->24->31 [5] 25/-1/-1->24->31 [6] 25/-1/-1->24->31 [7] 25/-1/-1->24->30 [8] 25/32/-1->24->41 [9] 26/17/-1->24->25 [10] 25/-1/-1->24->31 [11] 25/-1/-1->24->31 [12] 25/-1/-1->24->31 [13] 25/-1/-1->24->31 [14] 25/-1/-1->24->31 [15] 25/-1/-1->24->30 [16] 25/-1/-1->24->16 [17] 26/-1/-1->24->25 [18] 25/-1/-1->24->31 [19] 25/-1/-1->24->31 [20] 25/-1/-1->24->31 [21] 25/-1/-1->24->31 [22] 25/-1/-1->24->31 [23] 25/-1/-1->24->30
ip-0A230414:75464:75670 [1] NCCL INFO Trees [0] 26/-1/-1->25->24 [1] 24/-1/-1->25->17 [2] -1/-1/-1->25->24 [3] -1/-1/-1->25->24 [4] 26/-1/-1->25->24 [5] 26/-1/-1->25->24 [6] 26/-1/-1->25->24 [7] 26/-1/-1->25->24 [8] 26/16/-1->25->24 [9] 24/33/-1->25->40 [10] -1/-1/-1->25->24 [11] -1/-1/-1->25->24 [12] 26/-1/-1->25->24 [13] 26/-1/-1->25->24 [14] 26/-1/-1->25->24 [15] 26/-1/-1->25->24 [16] 26/-1/-1->25->24 [17] 24/-1/-1->25->17 [18] -1/-1/-1->25->24 [19] -1/-1/-1->25->24 [20] 26/-1/-1->25->24 [21] 26/-1/-1->25->24 [22] 26/-1/-1->25->24 [23] 26/-1/-1->25->24
ip-0A23040F:94685:94882 [5] NCCL INFO Trees [0] 14/-1/-1->13->12 [1] 14/-1/-1->13->12 [2] 14/-1/-1->13->12 [3] 14/-1/-1->13->12 [4] 14/-1/-1->13->12 [5] 12/-1/-1->13->20 [6] -1/-1/-1->13->12 [7] -1/-1/-1->13->12 [8] 14/-1/-1->13->12 [9] 14/-1/-1->13->12 [10] 14/-1/-1->13->12 [11] 14/-1/-1->13->12 [12] 14/-1/-1->13->12 [13] 12/45/-1->13->-1 [14] -1/-1/-1->13->12 [15] -1/-1/-1->13->12 [16] 14/-1/-1->13->12 [17] 14/-1/-1->13->12 [18] 14/-1/-1->13->12 [19] 14/-1/-1->13->12 [20] 14/-1/-1->13->12 [21] 12/-1/-1->13->20 [22] -1/-1/-1->13->12 [23] -1/-1/-1->13->12
ip-0A230412:88902:89112 [2] NCCL INFO Trees [0] 19/-1/-1->18->17 [1] 19/-1/-1->18->16 [2] 19/26/-1->18->35 [3] 20/11/-1->18->19 [4] 19/-1/-1->18->17 [5] 19/-1/-1->18->17 [6] 19/-1/-1->18->17 [7] 19/-1/-1->18->17 [8] 19/-1/-1->18->17 [9] 19/-1/-1->18->16 [10] 19/-1/-1->18->27 [11] 20/-1/-1->18->19 [12] 19/-1/-1->18->17 [13] 19/-1/-1->18->17 [14] 19/-1/-1->18->17 [15] 19/-1/-1->18->17 [16] 19/-1/-1->18->17 [17] 19/-1/-1->18->16 [18] 19/26/-1->18->35 [19] 20/11/-1->18->19 [20] 19/-1/-1->18->17 [21] 19/-1/-1->18->17 [22] 19/-1/-1->18->17 [23] 19/-1/-1->18->17
ip-0A230414:75465:75672 [2] NCCL INFO Trees [0] 27/-1/-1->26->25 [1] 27/-1/-1->26->24 [2] 27/-1/-1->26->18 [3] 28/-1/-1->26->27 [4] 27/-1/-1->26->25 [5] 27/-1/-1->26->25 [6] 27/-1/-1->26->25 [7] 27/-1/-1->26->25 [8] 27/-1/-1->26->25 [9] 27/-1/-1->26->24 [10] 27/34/-1->26->43 [11] 28/19/-1->26->27 [12] 27/-1/-1->26->25 [13] 27/-1/-1->26->25 [14] 27/-1/-1->26->25 [15] 27/-1/-1->26->25 [16] 27/-1/-1->26->25 [17] 27/-1/-1->26->24 [18] 27/-1/-1->26->18 [19] 28/-1/-1->26->27 [20] 27/-1/-1->26->25 [21] 27/-1/-1->26->25 [22] 27/-1/-1->26->25 [23] 27/-1/-1->26->25
ip-0A23040F:94683:94883 [6] NCCL INFO Trees [0] 15/-1/-1->14->13 [1] 15/-1/-1->14->13 [2] 15/-1/-1->14->13 [3] 15/-1/-1->14->13 [4] 15/-1/-1->14->13 [5] 15/-1/-1->14->12 [6] 15/-1/-1->14->23 [7] 8/-1/-1->14->15 [8] 15/-1/-1->14->13 [9] 15/-1/-1->14->13 [10] 15/-1/-1->14->13 [11] 15/-1/-1->14->13 [12] 15/-1/-1->14->13 [13] 15/-1/-1->14->12 [14] 15/46/-1->14->-1 [15] 8/-1/-1->14->15 [16] 15/-1/-1->14->13 [17] 15/-1/-1->14->13 [18] 15/-1/-1->14->13 [19] 15/-1/-1->14->13 [20] 15/-1/-1->14->13 [21] 15/-1/-1->14->12 [22] 15/-1/-1->14->23 [23] 8/-1/-1->14->15
ip-0A230412:88899:89111 [1] NCCL INFO Trees [0] 18/8/-1->17->16 [1] 16/25/-1->17->32 [2] -1/-1/-1->17->16 [3] -1/-1/-1->17->16 [4] 18/-1/-1->17->16 [5] 18/-1/-1->17->16 [6] 18/-1/-1->17->16 [7] 18/-1/-1->17->16 [8] 18/-1/-1->17->16 [9] 16/-1/-1->17->24 [10] -1/-1/-1->17->16 [11] -1/-1/-1->17->16 [12] 18/-1/-1->17->16 [13] 18/-1/-1->17->16 [14] 18/-1/-1->17->16 [15] 18/-1/-1->17->16 [16] 18/8/-1->17->16 [17] 16/25/-1->17->32 [18] -1/-1/-1->17->16 [19] -1/-1/-1->17->16 [20] 18/-1/-1->17->16 [21] 18/-1/-1->17->16 [22] 18/-1/-1->17->16 [23] 18/-1/-1->17->16
ip-0A23040F:94682:94887 [7] NCCL INFO Trees [0] -1/-1/-1->15->14 [1] -1/-1/-1->15->14 [2] 8/-1/-1->15->14 [3] 8/-1/-1->15->14 [4] 8/-1/-1->15->14 [5] 8/-1/-1->15->14 [6] 8/-1/-1->15->14 [7] 14/-1/-1->15->22 [8] -1/-1/-1->15->14 [9] -1/-1/-1->15->14 [10] 8/-1/-1->15->14 [11] 8/-1/-1->15->14 [12] 8/-1/-1->15->14 [13] 8/-1/-1->15->14 [14] 8/-1/-1->15->14 [15] 14/47/-1->15->-1 [16] -1/-1/-1->15->14 [17] -1/-1/-1->15->14 [18] 8/-1/-1->15->14 [19] 8/-1/-1->15->14 [20] 8/-1/-1->15->14 [21] 8/-1/-1->15->14 [22] 8/-1/-1->15->14 [23] 14/-1/-1->15->22
ip-0A230412:88904:89115 [0] NCCL INFO Trees [0] 17/24/-1->16->33 [1] 18/9/-1->16->17 [2] 17/-1/-1->16->23 [3] 17/-1/-1->16->23 [4] 17/-1/-1->16->23 [5] 17/-1/-1->16->23 [6] 17/-1/-1->16->23 [7] 17/-1/-1->16->22 [8] 17/-1/-1->16->25 [9] 18/-1/-1->16->17 [10] 17/-1/-1->16->23 [11] 17/-1/-1->16->23 [12] 17/-1/-1->16->23 [13] 17/-1/-1->16->23 [14] 17/-1/-1->16->23 [15] 17/-1/-1->16->22 [16] 17/24/-1->16->33 [17] 18/9/-1->16->17 [18] 17/-1/-1->16->23 [19] 17/-1/-1->16->23 [20] 17/-1/-1->16->23 [21] 17/-1/-1->16->23 [22] 17/-1/-1->16->23 [23] 17/-1/-1->16->22
ip-0A23040F:94678:94889 [0] NCCL INFO Trees [0] 9/-1/-1->8->17 [1] 10/-1/-1->8->9 [2] 9/-1/-1->8->15 [3] 9/-1/-1->8->15 [4] 9/-1/-1->8->15 [5] 9/-1/-1->8->15 [6] 9/-1/-1->8->15 [7] 9/-1/-1->8->14 [8] 9/40/-1->8->-1 [9] 10/-1/-1->8->9 [10] 9/-1/-1->8->15 [11] 9/-1/-1->8->15 [12] 9/-1/-1->8->15 [13] 9/-1/-1->8->15 [14] 9/-1/-1->8->15 [15] 9/-1/-1->8->14 [16] 9/-1/-1->8->17 [17] 10/-1/-1->8->9 [18] 9/-1/-1->8->15 [19] 9/-1/-1->8->15 [20] 9/-1/-1->8->15 [21] 9/-1/-1->8->15 [22] 9/-1/-1->8->15 [23] 9/-1/-1->8->14
ip-0A23040F:94677:94884 [1] NCCL INFO Trees [0] 10/-1/-1->9->8 [1] 8/-1/-1->9->16 [2] -1/-1/-1->9->8 [3] -1/-1/-1->9->8 [4] 10/-1/-1->9->8 [5] 10/-1/-1->9->8 [6] 10/-1/-1->9->8 [7] 10/-1/-1->9->8 [8] 10/-1/-1->9->8 [9] 8/41/-1->9->-1 [10] -1/-1/-1->9->8 [11] -1/-1/-1->9->8 [12] 10/-1/-1->9->8 [13] 10/-1/-1->9->8 [14] 10/-1/-1->9->8 [15] 10/-1/-1->9->8 [16] 10/-1/-1->9->8 [17] 8/-1/-1->9->16 [18] -1/-1/-1->9->8 [19] -1/-1/-1->9->8 [20] 10/-1/-1->9->8 [21] 10/-1/-1->9->8 [22] 10/-1/-1->9->8 [23] 10/-1/-1->9->8
ip-0A23040F:94680:94888 [2] NCCL INFO Trees [0] 11/-1/-1->10->9 [1] 11/-1/-1->10->8 [2] 11/-1/-1->10->19 [3] 12/-1/-1->10->11 [4] 11/-1/-1->10->9 [5] 11/-1/-1->10->9 [6] 11/-1/-1->10->9 [7] 11/-1/-1->10->9 [8] 11/-1/-1->10->9 [9] 11/-1/-1->10->8 [10] 11/42/-1->10->-1 [11] 12/-1/-1->10->11 [12] 11/-1/-1->10->9 [13] 11/-1/-1->10->9 [14] 11/-1/-1->10->9 [15] 11/-1/-1->10->9 [16] 11/-1/-1->10->9 [17] 11/-1/-1->10->8 [18] 11/-1/-1->10->19 [19] 12/-1/-1->10->11 [20] 11/-1/-1->10->9 [21] 11/-1/-1->10->9 [22] 11/-1/-1->10->9 [23] 11/-1/-1->10->9
ip-0A23040F:94681:94886 [3] NCCL INFO Trees [0] 12/-1/-1->11->10 [1] 12/-1/-1->11->10 [2] 12/-1/-1->11->10 [3] 10/-1/-1->11->18 [4] -1/-1/-1->11->10 [5] -1/-1/-1->11->10 [6] 12/-1/-1->11->10 [7] 12/-1/-1->11->10 [8] 12/-1/-1->11->10 [9] 12/-1/-1->11->10 [10] 12/-1/-1->11->10 [11] 10/43/-1->11->-1 [12] -1/-1/-1->11->10 [13] -1/-1/-1->11->10 [14] 12/-1/-1->11->10 [15] 12/-1/-1->11->10 [16] 12/-1/-1->11->10 [17] 12/-1/-1->11->10 [18] 12/-1/-1->11->10 [19] 10/-1/-1->11->18 [20] -1/-1/-1->11->10 [21] -1/-1/-1->11->10 [22] 12/-1/-1->11->10 [23] 12/-1/-1->11->10
ip-0A23040F:94679:94885 [4] NCCL INFO Trees [0] 13/-1/-1->12->11 [1] 13/-1/-1->12->11 [2] 13/-1/-1->12->11 [3] 13/-1/-1->12->10 [4] 13/-1/-1->12->21 [5] 14/-1/-1->12->13 [6] 13/-1/-1->12->11 [7] 13/-1/-1->12->11 [8] 13/-1/-1->12->11 [9] 13/-1/-1->12->11 [10] 13/-1/-1->12->11 [11] 13/-1/-1->12->10 [12] 13/44/-1->12->-1 [13] 14/-1/-1->12->13 [14] 13/-1/-1->12->11 [15] 13/-1/-1->12->11 [16] 13/-1/-1->12->11 [17] 13/-1/-1->12->11 [18] 13/-1/-1->12->11 [19] 13/-1/-1->12->10 [20] 13/-1/-1->12->21 [21] 14/-1/-1->12->13 [22] 13/-1/-1->12->11 [23] 13/-1/-1->12->11
ip-0A23040D:29877:30086 [0] NCCL INFO Channel 05/24 :    0   7   6   4  13  11  10   9   8  15  14  12  21  19  18  17  16  23  22  20
ip-0A23040D:29877:30086 [0] NCCL INFO Channel 06/24 :    0   7  14  13  12  11  10   9   8  15  22  21  20  19  18  17  16  23  30  29
ip-0A23040D:29877:30086 [0] NCCL INFO Channel 07/24 :    0   6  15  13  12  11  10   9   8  14  23  21  20  19  18  17  16  22  31  29
ip-0A23040D:29879:30087 [1] NCCL INFO Trees [0] 2/-1/-1->1->0 [1] 0/33/-1->1->-1 [2] -1/-1/-1->1->0 [3] -1/-1/-1->1->0 [4] 2/-1/-1->1->0 [5] 2/-1/-1->1->0 [6] 2/-1/-1->1->0 [7] 2/-1/-1->1->0 [8] 2/48/-1->1->0 [9] 0/-1/-1->1->41 [10] -1/-1/-1->1->0 [11] -1/-1/-1->1->0 [12] 2/-1/-1->1->0 [13] 2/-1/-1->1->0 [14] 2/-1/-1->1->0 [15] 2/-1/-1->1->0 [16] 2/-1/-1->1->0 [17] 0/33/-1->1->-1 [18] -1/-1/-1->1->0 [19] -1/-1/-1->1->0 [20] 2/-1/-1->1->0 [21] 2/-1/-1->1->0 [22] 2/-1/-1->1->0 [23] 2/-1/-1->1->0
ip-0A23040D:29877:30086 [0] NCCL INFO Channel 08/24 :    0   7   6   5   4   3   2   1   8  15  14  13  12  11  10   9  16  23  22  21
ip-0A23040D:29877:30086 [0] NCCL INFO Channel 09/24 :    0   9  15  14  13  12  11  10   8  17  23  22  21  20  19  18  16  25  31  30
ip-0A23040D:29877:30086 [0] NCCL INFO Channel 10/24 :    0   7   6   5   4   3  10   9   8  15  14  13  12  11  18  17  16  23  22  21
ip-0A23040D:29877:30086 [0] NCCL INFO Channel 11/24 :    0   7   6   5   4   2  11   9   8  15  14  13  12  10  19  17  16  23  22  21
ip-0A23040D:29877:30086 [0] NCCL INFO Channel 12/24 :    0   7   6   5  12  11  10   9   8  15  14  13  20  19  18  17  16  23  22  21
ip-0A23040D:29877:30086 [0] NCCL INFO Channel 13/24 :    0   7   6   4  13  11  10   9   8  15  14  12  21  19  18  17  16  23  22  20
ip-0A23040D:29877:30086 [0] NCCL INFO Channel 14/24 :    0   7  14  13  12  11  10   9   8  15  22  21  20  19  18  17  16  23  30  29
ip-0A23040D:29877:30086 [0] NCCL INFO Channel 15/24 :    0   6  15  13  12  11  10   9   8  14  23  21  20  19  18  17  16  22  31  29
ip-0A23040D:29877:30086 [0] NCCL INFO Channel 16/24 :    0   7   6   5   4   3   2   1   8  15  14  13  12  11  10   9  16  23  22  21
ip-0A23040D:29877:30086 [0] NCCL INFO Channel 17/24 :    0   9  15  14  13  12  11  10   8  17  23  22  21  20  19  18  16  25  31  30
ip-0A23040D:29877:30086 [0] NCCL INFO Channel 18/24 :    0   7   6   5   4   3  10   9   8  15  14  13  12  11  18  17  16  23  22  21
ip-0A23040D:29877:30086 [0] NCCL INFO Channel 19/24 :    0   7   6   5   4   2  11   9   8  15  14  13  12  10  19  17  16  23  22  21
ip-0A23040D:29877:30086 [0] NCCL INFO Channel 20/24 :    0   7   6   5  12  11  10   9   8  15  14  13  20  19  18  17  16  23  22  21
ip-0A23040D:29877:30086 [0] NCCL INFO Channel 21/24 :    0   7   6   4  13  11  10   9   8  15  14  12  21  19  18  17  16  23  22  20
ip-0A23040D:29877:30086 [0] NCCL INFO Channel 22/24 :    0   7  14  13  12  11  10   9   8  15  22  21  20  19  18  17  16  23  30  29
ip-0A23040D:29877:30086 [0] NCCL INFO Channel 23/24 :    0   6  15  13  12  11  10   9   8  14  23  21  20  19  18  17  16  22  31  29
ip-0A23040D:29877:30086 [0] NCCL INFO Trees [0] 1/32/-1->0->-1 [1] 2/-1/-1->0->1 [2] 1/-1/-1->0->7 [3] 1/-1/-1->0->7 [4] 1/-1/-1->0->7 [5] 1/-1/-1->0->7 [6] 1/-1/-1->0->7 [7] 1/-1/-1->0->6 [8] 1/-1/-1->0->40 [9] 2/49/-1->0->1 [10] 1/-1/-1->0->7 [11] 1/-1/-1->0->7 [12] 1/-1/-1->0->7 [13] 1/-1/-1->0->7 [14] 1/-1/-1->0->7 [15] 1/-1/-1->0->6 [16] 1/32/-1->0->-1 [17] 2/-1/-1->0->1 [18] 1/-1/-1->0->7 [19] 1/-1/-1->0->7 [20] 1/-1/-1->0->7 [21] 1/-1/-1->0->7 [22] 1/-1/-1->0->7 [23] 1/-1/-1->0->6
ip-0A23040D:29876:30085 [2] NCCL INFO Trees [0] 3/-1/-1->2->1 [1] 3/-1/-1->2->0 [2] 3/34/-1->2->-1 [3] 4/-1/-1->2->3 [4] 3/-1/-1->2->1 [5] 3/-1/-1->2->1 [6] 3/-1/-1->2->1 [7] 3/-1/-1->2->1 [8] 3/-1/-1->2->1 [9] 3/-1/-1->2->0 [10] 3/-1/-1->2->42 [11] 4/51/-1->2->3 [12] 3/-1/-1->2->1 [13] 3/-1/-1->2->1 [14] 3/-1/-1->2->1 [15] 3/-1/-1->2->1 [16] 3/-1/-1->2->1 [17] 3/-1/-1->2->0 [18] 3/34/-1->2->-1 [19] 4/-1/-1->2->3 [20] 3/-1/-1->2->1 [21] 3/-1/-1->2->1 [22] 3/-1/-1->2->1 [23] 3/-1/-1->2->1
ip-0A23040D:29881:30081 [7] NCCL INFO Trees [0] -1/-1/-1->7->6 [1] -1/-1/-1->7->6 [2] 0/-1/-1->7->6 [3] 0/-1/-1->7->6 [4] 0/-1/-1->7->6 [5] 0/-1/-1->7->6 [6] 0/-1/-1->7->6 [7] 6/39/-1->7->-1 [8] -1/-1/-1->7->6 [9] -1/-1/-1->7->6 [10] 0/-1/-1->7->6 [11] 0/-1/-1->7->6 [12] 0/-1/-1->7->6 [13] 0/-1/-1->7->6 [14] 0/54/-1->7->6 [15] 6/-1/-1->7->47 [16] -1/-1/-1->7->6 [17] -1/-1/-1->7->6 [18] 0/-1/-1->7->6 [19] 0/-1/-1->7->6 [20] 0/-1/-1->7->6 [21] 0/-1/-1->7->6 [22] 0/-1/-1->7->6 [23] 6/39/-1->7->-1
ip-0A23040D:29878:30082 [3] NCCL INFO Trees [0] 4/-1/-1->3->2 [1] 4/-1/-1->3->2 [2] 4/-1/-1->3->2 [3] 2/35/-1->3->-1 [4] -1/-1/-1->3->2 [5] -1/-1/-1->3->2 [6] 4/-1/-1->3->2 [7] 4/-1/-1->3->2 [8] 4/-1/-1->3->2 [9] 4/-1/-1->3->2 [10] 4/50/-1->3->2 [11] 2/-1/-1->3->43 [12] -1/-1/-1->3->2 [13] -1/-1/-1->3->2 [14] 4/-1/-1->3->2 [15] 4/-1/-1->3->2 [16] 4/-1/-1->3->2 [17] 4/-1/-1->3->2 [18] 4/-1/-1->3->2 [19] 2/35/-1->3->-1 [20] -1/-1/-1->3->2 [21] -1/-1/-1->3->2 [22] 4/-1/-1->3->2 [23] 4/-1/-1->3->2
ip-0A23040D:29882:30080 [4] NCCL INFO Trees [0] 5/-1/-1->4->3 [1] 5/-1/-1->4->3 [2] 5/-1/-1->4->3 [3] 5/-1/-1->4->2 [4] 5/36/-1->4->-1 [5] 6/-1/-1->4->5 [6] 5/-1/-1->4->3 [7] 5/-1/-1->4->3 [8] 5/-1/-1->4->3 [9] 5/-1/-1->4->3 [10] 5/-1/-1->4->3 [11] 5/-1/-1->4->2 [12] 5/-1/-1->4->44 [13] 6/53/-1->4->5 [14] 5/-1/-1->4->3 [15] 5/-1/-1->4->3 [16] 5/-1/-1->4->3 [17] 5/-1/-1->4->3 [18] 5/-1/-1->4->3 [19] 5/-1/-1->4->2 [20] 5/36/-1->4->-1 [21] 6/-1/-1->4->5 [22] 5/-1/-1->4->3 [23] 5/-1/-1->4->3
ip-0A23040D:29880:30083 [5] NCCL INFO Trees [0] 6/-1/-1->5->4 [1] 6/-1/-1->5->4 [2] 6/-1/-1->5->4 [3] 6/-1/-1->5->4 [4] 6/-1/-1->5->4 [5] 4/37/-1->5->-1 [6] -1/-1/-1->5->4 [7] -1/-1/-1->5->4 [8] 6/-1/-1->5->4 [9] 6/-1/-1->5->4 [10] 6/-1/-1->5->4 [11] 6/-1/-1->5->4 [12] 6/52/-1->5->4 [13] 4/-1/-1->5->45 [14] -1/-1/-1->5->4 [15] -1/-1/-1->5->4 [16] 6/-1/-1->5->4 [17] 6/-1/-1->5->4 [18] 6/-1/-1->5->4 [19] 6/-1/-1->5->4 [20] 6/-1/-1->5->4 [21] 4/37/-1->5->-1 [22] -1/-1/-1->5->4 [23] -1/-1/-1->5->4
ip-0A23040D:29883:30084 [6] NCCL INFO Trees [0] 7/-1/-1->6->5 [1] 7/-1/-1->6->5 [2] 7/-1/-1->6->5 [3] 7/-1/-1->6->5 [4] 7/-1/-1->6->5 [5] 7/-1/-1->6->4 [6] 7/38/-1->6->-1 [7] 0/-1/-1->6->7 [8] 7/-1/-1->6->5 [9] 7/-1/-1->6->5 [10] 7/-1/-1->6->5 [11] 7/-1/-1->6->5 [12] 7/-1/-1->6->5 [13] 7/-1/-1->6->4 [14] 7/-1/-1->6->46 [15] 0/55/-1->6->7 [16] 7/-1/-1->6->5 [17] 7/-1/-1->6->5 [18] 7/-1/-1->6->5 [19] 7/-1/-1->6->5 [20] 7/-1/-1->6->5 [21] 7/-1/-1->6->4 [22] 7/38/-1->6->-1 [23] 0/-1/-1->6->7
ip-0A23040D:29877:30086 [0] NCCL INFO Channel 07 : 0[100000] -> 6[d00000] via P2P/IPC/read
ip-0A230406:35561:35774 [0] NCCL INFO Channel 07 : 40[100000] -> 46[d00000] via P2P/IPC/read
ip-0A230417:79118:79334 [0] NCCL INFO Channel 07 : 32[100000] -> 38[d00000] via P2P/IPC/read
ip-0A230412:88904:89115 [0] NCCL INFO Channel 07 : 16[100000] -> 22[d00000] via P2P/IPC/read
ip-0A23040F:94678:94889 [0] NCCL INFO Channel 07 : 8[100000] -> 14[d00000] via P2P/IPC/read
ip-0A230414:75466:75668 [0] NCCL INFO Channel 07 : 24[100000] -> 30[d00000] via P2P/IPC/read
ip-0A230408:53243:53446 [0] NCCL INFO Channel 07 : 48[100000] -> 54[d00000] via P2P/IPC/read
ip-0A230417:79118:79334 [0] NCCL INFO Channel 15 : 32[100000] -> 38[d00000] via P2P/IPC/read
ip-0A230406:35561:35774 [0] NCCL INFO Channel 15 : 40[100000] -> 46[d00000] via P2P/IPC/read
ip-0A230414:75466:75668 [0] NCCL INFO Channel 15 : 24[100000] -> 30[d00000] via P2P/IPC/read
ip-0A23040F:94678:94889 [0] NCCL INFO Channel 15 : 8[100000] -> 14[d00000] via P2P/IPC/read
ip-0A230412:88904:89115 [0] NCCL INFO Channel 15 : 16[100000] -> 22[d00000] via P2P/IPC/read
ip-0A230408:53243:53446 [0] NCCL INFO Channel 15 : 48[100000] -> 54[d00000] via P2P/IPC/read
ip-0A230417:79118:79334 [0] NCCL INFO Channel 23 : 32[100000] -> 38[d00000] via P2P/IPC/read
ip-0A230406:35561:35774 [0] NCCL INFO Channel 23 : 40[100000] -> 46[d00000] via P2P/IPC/read
ip-0A23040F:94678:94889 [0] NCCL INFO Channel 23 : 8[100000] -> 14[d00000] via P2P/IPC/read
ip-0A230414:75466:75668 [0] NCCL INFO Channel 23 : 24[100000] -> 30[d00000] via P2P/IPC/read
ip-0A230412:88904:89115 [0] NCCL INFO Channel 23 : 16[100000] -> 22[d00000] via P2P/IPC/read
ip-0A230408:53243:53446 [0] NCCL INFO Channel 23 : 48[100000] -> 54[d00000] via P2P/IPC/read
ip-0A230417:79119:79328 [1] NCCL INFO Channel 01 : 33[200000] -> 39[e00000] via P2P/IPC/read
ip-0A230406:35566:35772 [4] NCCL INFO Channel 04/0 : 37[c00000] -> 44[b00000] [receive] via NET/IBext/4/GDRDMA
ip-0A230406:35566:35772 [4] NCCL INFO Channel 12/0 : 37[c00000] -> 44[b00000] [receive] via NET/IBext/4/GDRDMA
ip-0A230406:35566:35772 [4] NCCL INFO Channel 20/0 : 37[c00000] -> 44[b00000] [receive] via NET/IBext/4/GDRDMA
ip-0A230417:79117:79329 [2] NCCL INFO Channel 02/0 : 27[400000] -> 34[300000] [receive] via NET/IBext/2/GDRDMA
ip-0A230417:79117:79329 [2] NCCL INFO Channel 10/0 : 27[400000] -> 34[300000] [receive] via NET/IBext/2/GDRDMA
ip-0A230417:79117:79329 [2] NCCL INFO Channel 18/0 : 27[400000] -> 34[300000] [receive] via NET/IBext/2/GDRDMA
ip-0A230406:35570:35776 [1] NCCL INFO Channel 01 : 41[200000] -> 47[e00000] via P2P/IPC/read
ip-0A230414:75467:75667 [3] NCCL INFO Channel 02/0 : 27[400000] -> 34[300000] [send] via NET/IBext/2/GDRDMA
ip-0A230417:79119:79328 [1] NCCL INFO Channel 09 : 33[200000] -> 39[e00000] via P2P/IPC/read
ip-0A230414:75467:75667 [3] NCCL INFO Channel 10/0 : 27[400000] -> 34[300000] [send] via NET/IBext/2/GDRDMA
ip-0A230414:75467:75667 [3] NCCL INFO Channel 18/0 : 27[400000] -> 34[300000] [send] via NET/IBext/2/GDRDMA
ip-0A230414:75464:75670 [1] NCCL INFO Channel 01 : 25[200000] -> 31[e00000] via P2P/IPC/read
ip-0A230417:79120:79332 [4] NCCL INFO Channel 04/0 : 29[c00000] -> 36[b00000] [receive] via NET/IBext/4/GDRDMA
ip-0A230417:79120:79332 [4] NCCL INFO Channel 12/0 : 29[c00000] -> 36[b00000] [receive] via NET/IBext/4/GDRDMA
ip-0A230417:79120:79332 [4] NCCL INFO Channel 20/0 : 29[c00000] -> 36[b00000] [receive] via NET/IBext/4/GDRDMA
ip-0A230412:88899:89111 [1] NCCL INFO Channel 01 : 17[200000] -> 23[e00000] via P2P/IPC/read
ip-0A230408:53244:53447 [4] NCCL INFO Channel 04/0 : 45[c00000] -> 52[b00000] [receive] via NET/IBext/4/GDRDMA
ip-0A230406:35569:35775 [2] NCCL INFO Channel 02/0 : 35[400000] -> 42[300000] [receive] via NET/IBext/2/GDRDMA
ip-0A230417:79115:79331 [5] NCCL INFO Channel 04/0 : 37[c00000] -> 44[b00000] [send] via NET/IBext/4/GDRDMA
ip-0A230412:88900:89114 [4] NCCL INFO Channel 04/0 : 13[c00000] -> 20[b00000] [receive] via NET/IBext/4/GDRDMA
ip-0A230412:88900:89114 [4] NCCL INFO Channel 12/0 : 13[c00000] -> 20[b00000] [receive] via NET/IBext/4/GDRDMA
ip-0A230408:53244:53447 [4] NCCL INFO Channel 12/0 : 45[c00000] -> 52[b00000] [receive] via NET/IBext/4/GDRDMA
ip-0A230406:35569:35775 [2] NCCL INFO Channel 10/0 : 35[400000] -> 42[300000] [receive] via NET/IBext/2/GDRDMA
ip-0A230408:53244:53447 [4] NCCL INFO Channel 20/0 : 45[c00000] -> 52[b00000] [receive] via NET/IBext/4/GDRDMA
ip-0A230417:79115:79331 [5] NCCL INFO Channel 12/0 : 37[c00000] -> 44[b00000] [send] via NET/IBext/4/GDRDMA
ip-0A230417:79115:79331 [5] NCCL INFO Channel 20/0 : 37[c00000] -> 44[b00000] [send] via NET/IBext/4/GDRDMA
ip-0A230412:88900:89114 [4] NCCL INFO Channel 20/0 : 13[c00000] -> 20[b00000] [receive] via NET/IBext/4/GDRDMA
ip-0A230406:35569:35775 [2] NCCL INFO Channel 18/0 : 35[400000] -> 42[300000] [receive] via NET/IBext/2/GDRDMA
ip-0A230414:75470:75671 [5] NCCL INFO Channel 04/0 : 29[c00000] -> 36[b00000] [send] via NET/IBext/4/GDRDMA
ip-0A230412:88905:89118 [5] NCCL INFO Channel 04/0 : 21[c00000] -> 28[b00000] [send] via NET/IBext/4/GDRDMA
ip-0A230406:35568:35777 [5] NCCL INFO Channel 04/0 : 45[c00000] -> 52[b00000] [send] via NET/IBext/4/GDRDMA
ip-0A230406:35568:35777 [5] NCCL INFO Channel 12/0 : 45[c00000] -> 52[b00000] [send] via NET/IBext/4/GDRDMA
ip-0A230414:75470:75671 [5] NCCL INFO Channel 12/0 : 29[c00000] -> 36[b00000] [send] via NET/IBext/4/GDRDMA
ip-0A230414:75470:75671 [5] NCCL INFO Channel 20/0 : 29[c00000] -> 36[b00000] [send] via NET/IBext/4/GDRDMA
ip-0A230412:88905:89118 [5] NCCL INFO Channel 12/0 : 21[c00000] -> 28[b00000] [send] via NET/IBext/4/GDRDMA
ip-0A230412:88905:89118 [5] NCCL INFO Channel 20/0 : 21[c00000] -> 28[b00000] [send] via NET/IBext/4/GDRDMA
ip-0A230414:75468:75666 [4] NCCL INFO Channel 04/0 : 21[c00000] -> 28[b00000] [receive] via NET/IBext/4/GDRDMA
ip-0A230406:35568:35777 [5] NCCL INFO Channel 20/0 : 45[c00000] -> 52[b00000] [send] via NET/IBext/4/GDRDMA
ip-0A230414:75468:75666 [4] NCCL INFO Channel 12/0 : 21[c00000] -> 28[b00000] [receive] via NET/IBext/4/GDRDMA
ip-0A230414:75468:75666 [4] NCCL INFO Channel 20/0 : 21[c00000] -> 28[b00000] [receive] via NET/IBext/4/GDRDMA
ip-0A230417:79119:79328 [1] NCCL INFO Channel 17 : 33[200000] -> 39[e00000] via P2P/IPC/read
ip-0A230408:53245:53453 [3] NCCL INFO Channel 02/0 : 51[400000] -> 2[300000] [send] via NET/IBext/2/GDRDMA
ip-0A230406:35570:35776 [1] NCCL INFO Channel 09 : 41[200000] -> 47[e00000] via P2P/IPC/read
ip-0A230414:75465:75672 [2] NCCL INFO Channel 02/0 : 19[400000] -> 26[300000] [receive] via NET/IBext/2/GDRDMA
ip-0A230408:53245:53453 [3] NCCL INFO Channel 10/0 : 51[400000] -> 2[300000] [send] via NET/IBext/2/GDRDMA
ip-0A230408:53245:53453 [3] NCCL INFO Channel 18/0 : 51[400000] -> 2[300000] [send] via NET/IBext/2/GDRDMA
ip-0A230417:79113:79335 [3] NCCL INFO Channel 02/0 : 35[400000] -> 42[300000] [send] via NET/IBext/2/GDRDMA
ip-0A230414:75465:75672 [2] NCCL INFO Channel 10/0 : 19[400000] -> 26[300000] [receive] via NET/IBext/2/GDRDMA
ip-0A230412:88903:89113 [3] NCCL INFO Channel 02/0 : 19[400000] -> 26[300000] [send] via NET/IBext/2/GDRDMA
ip-0A230414:75465:75672 [2] NCCL INFO Channel 18/0 : 19[400000] -> 26[300000] [receive] via NET/IBext/2/GDRDMA
ip-0A230417:79113:79335 [3] NCCL INFO Channel 10/0 : 35[400000] -> 42[300000] [send] via NET/IBext/2/GDRDMA
ip-0A230408:53242:53452 [1] NCCL INFO Channel 01 : 49[200000] -> 55[e00000] via P2P/IPC/read
ip-0A230417:79113:79335 [3] NCCL INFO Channel 18/0 : 35[400000] -> 42[300000] [send] via NET/IBext/2/GDRDMA
ip-0A230414:75464:75670 [1] NCCL INFO Channel 09 : 25[200000] -> 31[e00000] via P2P/IPC/read
ip-0A23040F:94685:94882 [5] NCCL INFO Channel 04/0 : 13[c00000] -> 20[b00000] [send] via NET/IBext/4/GDRDMA
ip-0A230412:88903:89113 [3] NCCL INFO Channel 10/0 : 19[400000] -> 26[300000] [send] via NET/IBext/2/GDRDMA
ip-0A230412:88903:89113 [3] NCCL INFO Channel 18/0 : 19[400000] -> 26[300000] [send] via NET/IBext/2/GDRDMA
ip-0A230406:35563:35773 [3] NCCL INFO Channel 02/0 : 43[400000] -> 50[300000] [send] via NET/IBext/2/GDRDMA
ip-0A23040F:94685:94882 [5] NCCL INFO Channel 12/0 : 13[c00000] -> 20[b00000] [send] via NET/IBext/4/GDRDMA
ip-0A23040F:94685:94882 [5] NCCL INFO Channel 20/0 : 13[c00000] -> 20[b00000] [send] via NET/IBext/4/GDRDMA
ip-0A230412:88899:89111 [1] NCCL INFO Channel 09 : 17[200000] -> 23[e00000] via P2P/IPC/read
ip-0A230406:35563:35773 [3] NCCL INFO Channel 10/0 : 43[400000] -> 50[300000] [send] via NET/IBext/2/GDRDMA
ip-0A230406:35563:35773 [3] NCCL INFO Channel 18/0 : 43[400000] -> 50[300000] [send] via NET/IBext/2/GDRDMA
ip-0A230412:88902:89112 [2] NCCL INFO Channel 02/0 : 11[400000] -> 18[300000] [receive] via NET/IBext/2/GDRDMA
ip-0A23040F:94677:94884 [1] NCCL INFO Channel 01 : 9[200000] -> 15[e00000] via P2P/IPC/read
ip-0A230412:88902:89112 [2] NCCL INFO Channel 10/0 : 11[400000] -> 18[300000] [receive] via NET/IBext/2/GDRDMA
ip-0A230412:88902:89112 [2] NCCL INFO Channel 18/0 : 11[400000] -> 18[300000] [receive] via NET/IBext/2/GDRDMA
ip-0A230408:53246:53449 [5] NCCL INFO Channel 04/0 : 53[c00000] -> 4[b00000] [send] via NET/IBext/4/GDRDMA
ip-0A230406:35570:35776 [1] NCCL INFO Channel 17 : 41[200000] -> 47[e00000] via P2P/IPC/read
ip-0A230408:53246:53449 [5] NCCL INFO Channel 12/0 : 53[c00000] -> 4[b00000] [send] via NET/IBext/4/GDRDMA
ip-0A230408:53246:53449 [5] NCCL INFO Channel 20/0 : 53[c00000] -> 4[b00000] [send] via NET/IBext/4/GDRDMA
ip-0A23040F:94679:94885 [4] NCCL INFO Channel 04/0 : 5[c00000] -> 12[b00000] [receive] via NET/IBext/4/GDRDMA
ip-0A23040F:94679:94885 [4] NCCL INFO Channel 12/0 : 5[c00000] -> 12[b00000] [receive] via NET/IBext/4/GDRDMA
ip-0A23040F:94679:94885 [4] NCCL INFO Channel 20/0 : 5[c00000] -> 12[b00000] [receive] via NET/IBext/4/GDRDMA
ip-0A23040F:94681:94886 [3] NCCL INFO Channel 02/0 : 11[400000] -> 18[300000] [send] via NET/IBext/2/GDRDMA
ip-0A23040F:94681:94886 [3] NCCL INFO Channel 10/0 : 11[400000] -> 18[300000] [send] via NET/IBext/2/GDRDMA
ip-0A230408:53242:53452 [1] NCCL INFO Channel 09 : 49[200000] -> 55[e00000] via P2P/IPC/read
ip-0A23040F:94681:94886 [3] NCCL INFO Channel 18/0 : 11[400000] -> 18[300000] [send] via NET/IBext/2/GDRDMA
ip-0A230412:88899:89111 [1] NCCL INFO Channel 17 : 17[200000] -> 23[e00000] via P2P/IPC/read
ip-0A230408:53248:53451 [2] NCCL INFO Channel 02/0 : 43[400000] -> 50[300000] [receive] via NET/IBext/2/GDRDMA
ip-0A23040F:94677:94884 [1] NCCL INFO Channel 09 : 9[200000] -> 15[e00000] via P2P/IPC/read
ip-0A230408:53248:53451 [2] NCCL INFO Channel 10/0 : 43[400000] -> 50[300000] [receive] via NET/IBext/2/GDRDMA
ip-0A230408:53248:53451 [2] NCCL INFO Channel 18/0 : 43[400000] -> 50[300000] [receive] via NET/IBext/2/GDRDMA
ip-0A230414:75464:75670 [1] NCCL INFO Channel 17 : 25[200000] -> 31[e00000] via P2P/IPC/read
ip-0A23040F:94680:94888 [2] NCCL INFO Channel 02/0 : 3[400000] -> 10[300000] [receive] via NET/IBext/2/GDRDMA
ip-0A23040F:94680:94888 [2] NCCL INFO Channel 10/0 : 3[400000] -> 10[300000] [receive] via NET/IBext/2/GDRDMA
ip-0A23040F:94680:94888 [2] NCCL INFO Channel 18/0 : 3[400000] -> 10[300000] [receive] via NET/IBext/2/GDRDMA
ip-0A230408:53242:53452 [1] NCCL INFO Channel 17 : 49[200000] -> 55[e00000] via P2P/IPC/read
ip-0A23040F:94677:94884 [1] NCCL INFO Channel 17 : 9[200000] -> 15[e00000] via P2P/IPC/read
ip-0A23040D:29877:30086 [0] NCCL INFO Channel 15 : 0[100000] -> 6[d00000] via P2P/IPC/read
ip-0A23040D:29877:30086 [0] NCCL INFO Channel 23 : 0[100000] -> 6[d00000] via P2P/IPC/read
ip-0A23040D:29879:30087 [1] NCCL INFO Channel 01 : 1[200000] -> 7[e00000] via P2P/IPC/read
ip-0A23040D:29878:30082 [3] NCCL INFO Channel 02/0 : 3[400000] -> 10[300000] [send] via NET/IBext/2/GDRDMA
ip-0A23040D:29878:30082 [3] NCCL INFO Channel 10/0 : 3[400000] -> 10[300000] [send] via NET/IBext/2/GDRDMA
ip-0A23040D:29878:30082 [3] NCCL INFO Channel 18/0 : 3[400000] -> 10[300000] [send] via NET/IBext/2/GDRDMA
ip-0A23040D:29879:30087 [1] NCCL INFO Channel 09 : 1[200000] -> 7[e00000] via P2P/IPC/read
ip-0A23040D:29882:30080 [4] NCCL INFO Channel 04/0 : 53[c00000] -> 4[b00000] [receive] via NET/IBext/4/GDRDMA
ip-0A23040D:29882:30080 [4] NCCL INFO Channel 12/0 : 53[c00000] -> 4[b00000] [receive] via NET/IBext/4/GDRDMA
ip-0A23040D:29882:30080 [4] NCCL INFO Channel 20/0 : 53[c00000] -> 4[b00000] [receive] via NET/IBext/4/GDRDMA
ip-0A23040D:29879:30087 [1] NCCL INFO Channel 17 : 1[200000] -> 7[e00000] via P2P/IPC/read
ip-0A23040D:29876:30085 [2] NCCL INFO Channel 02/0 : 51[400000] -> 2[300000] [receive] via NET/IBext/2/GDRDMA
ip-0A23040D:29876:30085 [2] NCCL INFO Channel 10/0 : 51[400000] -> 2[300000] [receive] via NET/IBext/2/GDRDMA
ip-0A23040D:29876:30085 [2] NCCL INFO Channel 18/0 : 51[400000] -> 2[300000] [receive] via NET/IBext/2/GDRDMA
ip-0A23040D:29880:30083 [5] NCCL INFO Channel 04/0 : 5[c00000] -> 12[b00000] [send] via NET/IBext/4/GDRDMA
ip-0A23040D:29880:30083 [5] NCCL INFO Channel 12/0 : 5[c00000] -> 12[b00000] [send] via NET/IBext/4/GDRDMA
ip-0A23040D:29880:30083 [5] NCCL INFO Channel 20/0 : 5[c00000] -> 12[b00000] [send] via NET/IBext/4/GDRDMA
ip-0A23040D:29883:30084 [6] NCCL INFO Channel 06/0 : 55[e00000] -> 6[d00000] [receive] via NET/IBext/6/GDRDMA
ip-0A23040D:29883:30084 [6] NCCL INFO Channel 14/0 : 55[e00000] -> 6[d00000] [receive] via NET/IBext/6/GDRDMA
ip-0A23040D:29883:30084 [6] NCCL INFO Channel 22/0 : 55[e00000] -> 6[d00000] [receive] via NET/IBext/6/GDRDMA
ip-0A23040D:29879:30087 [1] NCCL INFO Channel 00/0 : 1[200000] -> 8[100000] [send] via NET/IBext/0/GDRDMA
ip-0A23040D:29879:30087 [1] NCCL INFO Channel 08/0 : 1[200000] -> 8[100000] [send] via NET/IBext/0/GDRDMA
ip-0A23040D:29879:30087 [1] NCCL INFO Channel 16/0 : 1[200000] -> 8[100000] [send] via NET/IBext/0/GDRDMA
ip-0A23040D:29877:30086 [0] NCCL INFO Channel 00/0 : 49[200000] -> 0[100000] [receive] via NET/IBext/0/GDRDMA
ip-0A23040D:29877:30086 [0] NCCL INFO Channel 08/0 : 49[200000] -> 0[100000] [receive] via NET/IBext/0/GDRDMA
ip-0A23040D:29877:30086 [0] NCCL INFO Channel 16/0 : 49[200000] -> 0[100000] [receive] via NET/IBext/0/GDRDMA
ip-0A23040D:29877:30086 [0] NCCL INFO Channel 00 : 0[100000] -> 7[e00000] via P2P/IPC/read
ip-0A230414:75463:75669 [6] NCCL INFO Channel 06/0 : 23[e00000] -> 30[d00000] [receive] via NET/IBext/6/GDRDMA
ip-0A230414:75463:75669 [6] NCCL INFO Channel 14/0 : 23[e00000] -> 30[d00000] [receive] via NET/IBext/6/GDRDMA
ip-0A230414:75463:75669 [6] NCCL INFO Channel 22/0 : 23[e00000] -> 30[d00000] [receive] via NET/IBext/6/GDRDMA
ip-0A230414:75466:75668 [0] NCCL INFO Channel 00/0 : 17[200000] -> 24[100000] [receive] via NET/IBext/0/GDRDMA
ip-0A230414:75466:75668 [0] NCCL INFO Channel 08/0 : 17[200000] -> 24[100000] [receive] via NET/IBext/0/GDRDMA
ip-0A230414:75466:75668 [0] NCCL INFO Channel 16/0 : 17[200000] -> 24[100000] [receive] via NET/IBext/0/GDRDMA
ip-0A230414:75466:75668 [0] NCCL INFO Channel 00 : 24[100000] -> 31[e00000] via P2P/IPC/read
ip-0A230412:88901:89116 [6] NCCL INFO Channel 06/0 : 15[e00000] -> 22[d00000] [receive] via NET/IBext/6/GDRDMA
ip-0A230412:88901:89116 [6] NCCL INFO Channel 14/0 : 15[e00000] -> 22[d00000] [receive] via NET/IBext/6/GDRDMA
ip-0A230412:88901:89116 [6] NCCL INFO Channel 22/0 : 15[e00000] -> 22[d00000] [receive] via NET/IBext/6/GDRDMA
ip-0A230412:88904:89115 [0] NCCL INFO Channel 00/0 : 9[200000] -> 16[100000] [receive] via NET/IBext/0/GDRDMA
ip-0A230412:88904:89115 [0] NCCL INFO Channel 08/0 : 9[200000] -> 16[100000] [receive] via NET/IBext/0/GDRDMA
ip-0A230412:88904:89115 [0] NCCL INFO Channel 16/0 : 9[200000] -> 16[100000] [receive] via NET/IBext/0/GDRDMA
ip-0A230412:88904:89115 [0] NCCL INFO Channel 00 : 16[100000] -> 23[e00000] via P2P/IPC/read
ip-0A230408:53249:53450 [6] NCCL INFO Channel 06/0 : 47[e00000] -> 54[d00000] [receive] via NET/IBext/6/GDRDMA
ip-0A230408:53249:53450 [6] NCCL INFO Channel 14/0 : 47[e00000] -> 54[d00000] [receive] via NET/IBext/6/GDRDMA
ip-0A230408:53249:53450 [6] NCCL INFO Channel 22/0 : 47[e00000] -> 54[d00000] [receive] via NET/IBext/6/GDRDMA
ip-0A230417:79119:79328 [1] NCCL INFO Channel 00/0 : 33[200000] -> 40[100000] [send] via NET/IBext/0/GDRDMA
ip-0A230417:79119:79328 [1] NCCL INFO Channel 08/0 : 33[200000] -> 40[100000] [send] via NET/IBext/0/GDRDMA
ip-0A230417:79119:79328 [1] NCCL INFO Channel 16/0 : 33[200000] -> 40[100000] [send] via NET/IBext/0/GDRDMA
ip-0A230408:53243:53446 [0] NCCL INFO Channel 00/0 : 41[200000] -> 48[100000] [receive] via NET/IBext/0/GDRDMA
ip-0A230414:75466:75668 [0] NCCL INFO Channel 02 : 24[100000] -> 31[e00000] via P2P/IPC/read
ip-0A230408:53243:53446 [0] NCCL INFO Channel 08/0 : 41[200000] -> 48[100000] [receive] via NET/IBext/0/GDRDMA
ip-0A230408:53243:53446 [0] NCCL INFO Channel 16/0 : 41[200000] -> 48[100000] [receive] via NET/IBext/0/GDRDMA
ip-0A230408:53243:53446 [0] NCCL INFO Channel 00 : 48[100000] -> 55[e00000] via P2P/IPC/read
ip-0A230417:79116:79333 [6] NCCL INFO Channel 06/0 : 31[e00000] -> 38[d00000] [receive] via NET/IBext/6/GDRDMA
ip-0A230417:79116:79333 [6] NCCL INFO Channel 14/0 : 31[e00000] -> 38[d00000] [receive] via NET/IBext/6/GDRDMA
ip-0A230417:79116:79333 [6] NCCL INFO Channel 22/0 : 31[e00000] -> 38[d00000] [receive] via NET/IBext/6/GDRDMA
ip-0A230417:79118:79334 [0] NCCL INFO Channel 00/0 : 25[200000] -> 32[100000] [receive] via NET/IBext/0/GDRDMA
ip-0A230417:79118:79334 [0] NCCL INFO Channel 08/0 : 25[200000] -> 32[100000] [receive] via NET/IBext/0/GDRDMA
ip-0A230417:79118:79334 [0] NCCL INFO Channel 16/0 : 25[200000] -> 32[100000] [receive] via NET/IBext/0/GDRDMA
ip-0A230417:79118:79334 [0] NCCL INFO Channel 00 : 32[100000] -> 39[e00000] via P2P/IPC/read
ip-0A230406:35564:35771 [6] NCCL INFO Channel 06/0 : 39[e00000] -> 46[d00000] [receive] via NET/IBext/6/GDRDMA
ip-0A230406:35564:35771 [6] NCCL INFO Channel 14/0 : 39[e00000] -> 46[d00000] [receive] via NET/IBext/6/GDRDMA
ip-0A230406:35564:35771 [6] NCCL INFO Channel 22/0 : 39[e00000] -> 46[d00000] [receive] via NET/IBext/6/GDRDMA
ip-0A230406:35561:35774 [0] NCCL INFO Channel 00/0 : 33[200000] -> 40[100000] [receive] via NET/IBext/0/GDRDMA
ip-0A230406:35561:35774 [0] NCCL INFO Channel 08/0 : 33[200000] -> 40[100000] [receive] via NET/IBext/0/GDRDMA
ip-0A230406:35561:35774 [0] NCCL INFO Channel 16/0 : 33[200000] -> 40[100000] [receive] via NET/IBext/0/GDRDMA
ip-0A230406:35561:35774 [0] NCCL INFO Channel 00 : 40[100000] -> 47[e00000] via P2P/IPC/read
ip-0A230408:53242:53452 [1] NCCL INFO Channel 00/0 : 49[200000] -> 0[100000] [send] via NET/IBext/0/GDRDMA
ip-0A230408:53242:53452 [1] NCCL INFO Channel 08/0 : 49[200000] -> 0[100000] [send] via NET/IBext/0/GDRDMA
ip-0A230408:53242:53452 [1] NCCL INFO Channel 16/0 : 49[200000] -> 0[100000] [send] via NET/IBext/0/GDRDMA
ip-0A23040F:94683:94883 [6] NCCL INFO Channel 06/0 : 7[e00000] -> 14[d00000] [receive] via NET/IBext/6/GDRDMA
ip-0A23040F:94683:94883 [6] NCCL INFO Channel 14/0 : 7[e00000] -> 14[d00000] [receive] via NET/IBext/6/GDRDMA
ip-0A23040F:94683:94883 [6] NCCL INFO Channel 22/0 : 7[e00000] -> 14[d00000] [receive] via NET/IBext/6/GDRDMA
ip-0A23040D:29877:30086 [0] NCCL INFO Channel 02 : 0[100000] -> 7[e00000] via P2P/IPC/read
ip-0A23040F:94678:94889 [0] NCCL INFO Channel 00/0 : 1[200000] -> 8[100000] [receive] via NET/IBext/0/GDRDMA
ip-0A230406:35570:35776 [1] NCCL INFO Channel 00/0 : 41[200000] -> 48[100000] [send] via NET/IBext/0/GDRDMA
ip-0A230406:35570:35776 [1] NCCL INFO Channel 08/0 : 41[200000] -> 48[100000] [send] via NET/IBext/0/GDRDMA
ip-0A230406:35570:35776 [1] NCCL INFO Channel 16/0 : 41[200000] -> 48[100000] [send] via NET/IBext/0/GDRDMA
ip-0A230414:75464:75670 [1] NCCL INFO Channel 00/0 : 25[200000] -> 32[100000] [send] via NET/IBext/0/GDRDMA
ip-0A230414:75464:75670 [1] NCCL INFO Channel 08/0 : 25[200000] -> 32[100000] [send] via NET/IBext/0/GDRDMA
ip-0A230414:75464:75670 [1] NCCL INFO Channel 16/0 : 25[200000] -> 32[100000] [send] via NET/IBext/0/GDRDMA
ip-0A23040F:94678:94889 [0] NCCL INFO Channel 08/0 : 1[200000] -> 8[100000] [receive] via NET/IBext/0/GDRDMA
ip-0A23040F:94678:94889 [0] NCCL INFO Channel 16/0 : 1[200000] -> 8[100000] [receive] via NET/IBext/0/GDRDMA
ip-0A23040F:94678:94889 [0] NCCL INFO Channel 00 : 8[100000] -> 15[e00000] via P2P/IPC/read
ip-0A23040F:94677:94884 [1] NCCL INFO Channel 00/0 : 9[200000] -> 16[100000] [send] via NET/IBext/0/GDRDMA
ip-0A23040F:94677:94884 [1] NCCL INFO Channel 08/0 : 9[200000] -> 16[100000] [send] via NET/IBext/0/GDRDMA
ip-0A23040F:94677:94884 [1] NCCL INFO Channel 16/0 : 9[200000] -> 16[100000] [send] via NET/IBext/0/GDRDMA
ip-0A230417:79118:79334 [0] NCCL INFO Channel 02 : 32[100000] -> 39[e00000] via P2P/IPC/read
ip-0A230412:88904:89115 [0] NCCL INFO Channel 02 : 16[100000] -> 23[e00000] via P2P/IPC/read
ip-0A230408:53243:53446 [0] NCCL INFO Channel 02 : 48[100000] -> 55[e00000] via P2P/IPC/read
ip-0A230412:88899:89111 [1] NCCL INFO Channel 00/0 : 17[200000] -> 24[100000] [send] via NET/IBext/0/GDRDMA
ip-0A230412:88899:89111 [1] NCCL INFO Channel 08/0 : 17[200000] -> 24[100000] [send] via NET/IBext/0/GDRDMA
ip-0A230412:88899:89111 [1] NCCL INFO Channel 16/0 : 17[200000] -> 24[100000] [send] via NET/IBext/0/GDRDMA
ip-0A230414:75466:75668 [0] NCCL INFO Channel 03 : 24[100000] -> 31[e00000] via P2P/IPC/read
ip-0A23040D:29877:30086 [0] NCCL INFO Channel 03 : 0[100000] -> 7[e00000] via P2P/IPC/read
ip-0A230406:35561:35774 [0] NCCL INFO Channel 02 : 40[100000] -> 47[e00000] via P2P/IPC/read
ip-0A23040F:94678:94889 [0] NCCL INFO Channel 02 : 8[100000] -> 15[e00000] via P2P/IPC/read
ip-0A230412:88904:89115 [0] NCCL INFO Channel 03 : 16[100000] -> 23[e00000] via P2P/IPC/read
ip-0A230408:53243:53446 [0] NCCL INFO Channel 03 : 48[100000] -> 55[e00000] via P2P/IPC/read
ip-0A230417:79118:79334 [0] NCCL INFO Channel 03 : 32[100000] -> 39[e00000] via P2P/IPC/read
ip-0A230414:75466:75668 [0] NCCL INFO Channel 04 : 24[100000] -> 31[e00000] via P2P/IPC/read
ip-0A23040D:29877:30086 [0] NCCL INFO Channel 04 : 0[100000] -> 7[e00000] via P2P/IPC/read
ip-0A230408:53243:53446 [0] NCCL INFO Channel 04 : 48[100000] -> 55[e00000] via P2P/IPC/read
ip-0A230412:88904:89115 [0] NCCL INFO Channel 04 : 16[100000] -> 23[e00000] via P2P/IPC/read
ip-0A230406:35561:35774 [0] NCCL INFO Channel 03 : 40[100000] -> 47[e00000] via P2P/IPC/read
ip-0A23040D:29877:30086 [0] NCCL INFO Channel 05 : 0[100000] -> 7[e00000] via P2P/IPC/read
ip-0A23040F:94678:94889 [0] NCCL INFO Channel 03 : 8[100000] -> 15[e00000] via P2P/IPC/read
ip-0A230414:75466:75668 [0] NCCL INFO Channel 05 : 24[100000] -> 31[e00000] via P2P/IPC/read
ip-0A230417:79118:79334 [0] NCCL INFO Channel 04 : 32[100000] -> 39[e00000] via P2P/IPC/read
ip-0A230412:88904:89115 [0] NCCL INFO Channel 05 : 16[100000] -> 23[e00000] via P2P/IPC/read
ip-0A230408:53243:53446 [0] NCCL INFO Channel 05 : 48[100000] -> 55[e00000] via P2P/IPC/read
ip-0A230406:35561:35774 [0] NCCL INFO Channel 04 : 40[100000] -> 47[e00000] via P2P/IPC/read
ip-0A230417:79118:79334 [0] NCCL INFO Channel 05 : 32[100000] -> 39[e00000] via P2P/IPC/read
ip-0A230414:75466:75668 [0] NCCL INFO Channel 06 : 24[100000] -> 31[e00000] via P2P/IPC/read
ip-0A23040D:29877:30086 [0] NCCL INFO Channel 06 : 0[100000] -> 7[e00000] via P2P/IPC/read
ip-0A23040F:94678:94889 [0] NCCL INFO Channel 04 : 8[100000] -> 15[e00000] via P2P/IPC/read
ip-0A230408:53243:53446 [0] NCCL INFO Channel 06 : 48[100000] -> 55[e00000] via P2P/IPC/read
ip-0A230412:88904:89115 [0] NCCL INFO Channel 06 : 16[100000] -> 23[e00000] via P2P/IPC/read
ip-0A230414:75466:75668 [0] NCCL INFO Channel 08 : 24[100000] -> 31[e00000] via P2P/IPC/read
ip-0A230417:79118:79334 [0] NCCL INFO Channel 06 : 32[100000] -> 39[e00000] via P2P/IPC/read
ip-0A23040D:29877:30086 [0] NCCL INFO Channel 08 : 0[100000] -> 7[e00000] via P2P/IPC/read
ip-0A23040F:94678:94889 [0] NCCL INFO Channel 05 : 8[100000] -> 15[e00000] via P2P/IPC/read
ip-0A230408:53243:53446 [0] NCCL INFO Channel 08 : 48[100000] -> 55[e00000] via P2P/IPC/read
ip-0A230406:35561:35774 [0] NCCL INFO Channel 05 : 40[100000] -> 47[e00000] via P2P/IPC/read
ip-0A230412:88904:89115 [0] NCCL INFO Channel 08 : 16[100000] -> 23[e00000] via P2P/IPC/read
ip-0A230414:75466:75668 [0] NCCL INFO Channel 10 : 24[100000] -> 31[e00000] via P2P/IPC/read
ip-0A230417:79118:79334 [0] NCCL INFO Channel 08 : 32[100000] -> 39[e00000] via P2P/IPC/read
ip-0A23040D:29877:30086 [0] NCCL INFO Channel 10 : 0[100000] -> 7[e00000] via P2P/IPC/read
ip-0A230408:53243:53446 [0] NCCL INFO Channel 10 : 48[100000] -> 55[e00000] via P2P/IPC/read
ip-0A230412:88904:89115 [0] NCCL INFO Channel 10 : 16[100000] -> 23[e00000] via P2P/IPC/read
ip-0A230406:35561:35774 [0] NCCL INFO Channel 06 : 40[100000] -> 47[e00000] via P2P/IPC/read
ip-0A230417:79118:79334 [0] NCCL INFO Channel 10 : 32[100000] -> 39[e00000] via P2P/IPC/read
ip-0A230414:75466:75668 [0] NCCL INFO Channel 11 : 24[100000] -> 31[e00000] via P2P/IPC/read
ip-0A23040F:94678:94889 [0] NCCL INFO Channel 06 : 8[100000] -> 15[e00000] via P2P/IPC/read
ip-0A23040D:29877:30086 [0] NCCL INFO Channel 11 : 0[100000] -> 7[e00000] via P2P/IPC/read
ip-0A230408:53243:53446 [0] NCCL INFO Channel 11 : 48[100000] -> 55[e00000] via P2P/IPC/read
ip-0A230414:75466:75668 [0] NCCL INFO Channel 12 : 24[100000] -> 31[e00000] via P2P/IPC/read
ip-0A230412:88904:89115 [0] NCCL INFO Channel 11 : 16[100000] -> 23[e00000] via P2P/IPC/read
ip-0A23040D:29877:30086 [0] NCCL INFO Channel 12 : 0[100000] -> 7[e00000] via P2P/IPC/read
ip-0A23040F:94678:94889 [0] NCCL INFO Channel 08 : 8[100000] -> 15[e00000] via P2P/IPC/read
ip-0A230417:79118:79334 [0] NCCL INFO Channel 11 : 32[100000] -> 39[e00000] via P2P/IPC/read
ip-0A230406:35561:35774 [0] NCCL INFO Channel 08 : 40[100000] -> 47[e00000] via P2P/IPC/read
ip-0A23040D:29877:30086 [0] NCCL INFO Channel 13 : 0[100000] -> 7[e00000] via P2P/IPC/read
ip-0A230408:53243:53446 [0] NCCL INFO Channel 12 : 48[100000] -> 55[e00000] via P2P/IPC/read
ip-0A230412:88904:89115 [0] NCCL INFO Channel 12 : 16[100000] -> 23[e00000] via P2P/IPC/read
ip-0A230414:75466:75668 [0] NCCL INFO Channel 13 : 24[100000] -> 31[e00000] via P2P/IPC/read
ip-0A230417:79118:79334 [0] NCCL INFO Channel 12 : 32[100000] -> 39[e00000] via P2P/IPC/read
ip-0A23040F:94678:94889 [0] NCCL INFO Channel 10 : 8[100000] -> 15[e00000] via P2P/IPC/read
