ip-0A230417:73004:73211 [7] NCCL INFO Channel 13 : 39[e00000] -> 32[100000] via P2P/IPC/read
ip-0A230417:73002:73206 [5] NCCL INFO Channel 12 : 37[c00000] -> 36[b00000] via P2P/IPC/read
ip-0A230412:82795:83004 [7] NCCL INFO Channel 19 : 23[e00000] -> 16[100000] via P2P/IPC/read
ip-0A230417:73006:73212 [0] NCCL INFO Channel 08/0 : 32[100000] -> 24[100000] [send] via NET/IBext/0/GDRDMA
ip-0A230417:73002:73206 [5] NCCL INFO Channel 13 : 37[c00000] -> 36[b00000] via P2P/IPC/read
ip-0A230417:73004:73211 [7] NCCL INFO Channel 14 : 39[e00000] -> 32[100000] via P2P/IPC/read
ip-0A230412:82797:83009 [6] NCCL INFO Channel 23 : 22[d00000] -> 16[100000] via P2P/IPC/read
ip-0A230417:73004:73211 [7] NCCL INFO Channel 18 : 39[e00000] -> 32[100000] via P2P/IPC/read
ip-0A230417:73002:73206 [5] NCCL INFO Channel 20 : 37[c00000] -> 36[b00000] via P2P/IPC/read
ip-0A230412:82795:83004 [7] NCCL INFO Channel 20 : 23[e00000] -> 16[100000] via P2P/IPC/read
ip-0A230417:73004:73211 [7] NCCL INFO Channel 19 : 39[e00000] -> 32[100000] via P2P/IPC/read
ip-0A230417:73002:73206 [5] NCCL INFO Channel 21 : 37[c00000] -> 36[b00000] via P2P/IPC/read
ip-0A230412:82795:83004 [7] NCCL INFO Channel 21 : 23[e00000] -> 16[100000] via P2P/IPC/read
ip-0A230417:73000:73209 [4] NCCL INFO Channel 12/0 : 36[b00000] -> 28[b00000] [send] via NET/IBext/4/GDRDMA
ip-0A230417:73004:73211 [7] NCCL INFO Channel 20 : 39[e00000] -> 32[100000] via P2P/IPC/read
ip-0A230412:82795:83004 [7] NCCL INFO Channel 22 : 23[e00000] -> 16[100000] via P2P/IPC/read
ip-0A230412:82791:83002 [5] NCCL INFO Channel 04/0 : 21[c00000] -> 12[b00000] [send] via NET/IBext/4/GDRDMA
ip-0A230412:82791:83002 [5] NCCL INFO Channel 20/0 : 21[c00000] -> 12[b00000] [send] via NET/IBext/4/GDRDMA
ip-0A230417:73004:73211 [7] NCCL INFO Channel 21 : 39[e00000] -> 32[100000] via P2P/IPC/read
ip-0A230417:73001:73208 [2] NCCL INFO Channel 10/0 : 34[300000] -> 26[300000] [send] via NET/IBext/2/GDRDMA
ip-0A230417:73004:73211 [7] NCCL INFO Channel 22 : 39[e00000] -> 32[100000] via P2P/IPC/read
ip-0A230417:73000:73209 [4] NCCL INFO Connected all trees
ip-0A230417:73002:73206 [5] NCCL INFO Connected all trees
ip-0A230417:73001:73208 [2] NCCL INFO Connected all trees
ip-0A230417:73007:73213 [3] NCCL INFO Connected all trees
ip-0A230417:73004:73211 [7] NCCL INFO Channel 06 : 39[e00000] -> 38[d00000] via P2P/IPC/read
ip-0A230417:73004:73211 [7] NCCL INFO Channel 07 : 39[e00000] -> 38[d00000] via P2P/IPC/read
ip-0A230417:73004:73211 [7] NCCL INFO Channel 14 : 39[e00000] -> 38[d00000] via P2P/IPC/read
ip-0A230417:73004:73211 [7] NCCL INFO Channel 15 : 39[e00000] -> 38[d00000] via P2P/IPC/read
ip-0A230417:73004:73211 [7] NCCL INFO Channel 22 : 39[e00000] -> 38[d00000] via P2P/IPC/read
ip-0A230417:73004:73211 [7] NCCL INFO Channel 23 : 39[e00000] -> 38[d00000] via P2P/IPC/read
ip-0A230417:73006:73212 [0] NCCL INFO Connected all trees
ip-0A230417:73005:73207 [1] NCCL INFO Connected all trees
ip-0A230417:73003:73210 [6] NCCL INFO Connected all trees
ip-0A230417:73004:73211 [7] NCCL INFO Connected all trees
ip-0A230414:69337:69546 [6] NCCL INFO Channel 07 : 30[d00000] -> 24[100000] via P2P/IPC/read
ip-0A230417:73006:73212 [0] NCCL INFO CollNet 00 : 32 [receive] via COLLNET/SHARP/0/GDRDMA
ip-0A230414:69337:69546 [6] NCCL INFO Channel 15 : 30[d00000] -> 24[100000] via P2P/IPC/read
ip-0A230414:69337:69546 [6] NCCL INFO Channel 23 : 30[d00000] -> 24[100000] via P2P/IPC/read
ip-0A230412:82790:83007 [3] NCCL INFO Channel 02/0 : 19[400000] -> 10[300000] [send] via NET/IBext/2/GDRDMA
ip-0A230412:82790:83007 [3] NCCL INFO Channel 18/0 : 19[400000] -> 10[300000] [send] via NET/IBext/2/GDRDMA
ip-0A230414:69340:69541 [0] NCCL INFO Channel 09/0 : 24[100000] -> 17[200000] [send] via NET/IBext/1/GDRDMA
ip-0A230414:69343:69544 [4] NCCL INFO Channel 13/0 : 28[b00000] -> 21[c00000] [send] via NET/IBext/5/GDRDMA
ip-0A230412:82806:83008 [1] NCCL INFO Channel 01/0 : 25[200000] -> 17[200000] [receive] via NET/IBext/1/GDRDMA
ip-0A230412:82806:83008 [1] NCCL INFO Channel 17/0 : 25[200000] -> 17[200000] [receive] via NET/IBext/1/GDRDMA
ip-0A230414:69336:69542 [2] NCCL INFO Channel 11/0 : 26[300000] -> 19[400000] [send] via NET/IBext/3/GDRDMA
ip-0A230414:69339:69547 [7] NCCL INFO Channel 06 : 31[e00000] -> 30[d00000] via P2P/IPC/read
ip-0A230414:69339:69547 [7] NCCL INFO Channel 07 : 31[e00000] -> 30[d00000] via P2P/IPC/read
ip-0A230414:69339:69547 [7] NCCL INFO Channel 14 : 31[e00000] -> 30[d00000] via P2P/IPC/read
ip-0A230414:69339:69547 [7] NCCL INFO Channel 15 : 31[e00000] -> 30[d00000] via P2P/IPC/read
ip-0A230414:69339:69547 [7] NCCL INFO Channel 22 : 31[e00000] -> 30[d00000] via P2P/IPC/read
ip-0A230414:69339:69547 [7] NCCL INFO Channel 23 : 31[e00000] -> 30[d00000] via P2P/IPC/read
ip-0A230412:82792:83003 [2] NCCL INFO Channel 03/0 : 18[300000] -> 11[400000] [send] via NET/IBext/3/GDRDMA
ip-0A230412:82792:83003 [2] NCCL INFO Channel 19/0 : 18[300000] -> 11[400000] [send] via NET/IBext/3/GDRDMA
ip-0A230414:69342:69540 [1] NCCL INFO Channel 00 : 25[200000] -> 24[100000] via P2P/IPC/read
ip-0A230414:69342:69540 [1] NCCL INFO Channel 01 : 25[200000] -> 24[100000] via P2P/IPC/read
ip-0A230414:69342:69540 [1] NCCL INFO Channel 08 : 25[200000] -> 24[100000] via P2P/IPC/read
ip-0A230414:69342:69540 [1] NCCL INFO Channel 09 : 25[200000] -> 24[100000] via P2P/IPC/read
ip-0A230414:69342:69540 [1] NCCL INFO Channel 16 : 25[200000] -> 24[100000] via P2P/IPC/read
ip-0A230414:69342:69540 [1] NCCL INFO Channel 17 : 25[200000] -> 24[100000] via P2P/IPC/read
ip-0A23040F:88486:88698 [7] NCCL INFO Channel 06 : 15[e00000] -> 14[d00000] via P2P/IPC/read
ip-0A23040F:88486:88698 [7] NCCL INFO Channel 07 : 15[e00000] -> 14[d00000] via P2P/IPC/read
ip-0A23040F:88486:88698 [7] NCCL INFO Channel 14 : 15[e00000] -> 14[d00000] via P2P/IPC/read
ip-0A23040F:88486:88698 [7] NCCL INFO Channel 15 : 15[e00000] -> 14[d00000] via P2P/IPC/read
ip-0A23040F:88486:88698 [7] NCCL INFO Channel 22 : 15[e00000] -> 14[d00000] via P2P/IPC/read
ip-0A23040F:88486:88698 [7] NCCL INFO Channel 23 : 15[e00000] -> 14[d00000] via P2P/IPC/read
ip-0A230412:82791:83002 [5] NCCL INFO Channel 05/0 : 29[c00000] -> 21[c00000] [receive] via NET/IBext/5/GDRDMA
ip-0A230412:82791:83002 [5] NCCL INFO Channel 21/0 : 29[c00000] -> 21[c00000] [receive] via NET/IBext/5/GDRDMA
ip-0A23040F:88486:88698 [7] NCCL INFO Connected all trees
ip-0A23040F:88485:88697 [6] NCCL INFO Connected all trees
ip-0A230412:82794:83005 [4] NCCL INFO Channel 05/0 : 20[b00000] -> 13[c00000] [send] via NET/IBext/5/GDRDMA
ip-0A230412:82794:83005 [4] NCCL INFO Channel 21/0 : 20[b00000] -> 13[c00000] [send] via NET/IBext/5/GDRDMA
ip-0A230412:82790:83007 [3] NCCL INFO Channel 03/0 : 27[400000] -> 19[400000] [receive] via NET/IBext/3/GDRDMA
ip-0A230412:82790:83007 [3] NCCL INFO Channel 19/0 : 27[400000] -> 19[400000] [receive] via NET/IBext/3/GDRDMA
ip-0A230414:69341:69545 [5] NCCL INFO Channel 04 : 29[c00000] -> 28[b00000] via P2P/IPC/read
ip-0A230414:69341:69545 [5] NCCL INFO Channel 05 : 29[c00000] -> 28[b00000] via P2P/IPC/read
ip-0A230414:69341:69545 [5] NCCL INFO Channel 12 : 29[c00000] -> 28[b00000] via P2P/IPC/read
ip-0A230414:69341:69545 [5] NCCL INFO Channel 13 : 29[c00000] -> 28[b00000] via P2P/IPC/read
ip-0A230414:69341:69545 [5] NCCL INFO Channel 20 : 29[c00000] -> 28[b00000] via P2P/IPC/read
ip-0A230414:69341:69545 [5] NCCL INFO Channel 21 : 29[c00000] -> 28[b00000] via P2P/IPC/read
ip-0A23040F:88483:88694 [3] NCCL INFO Channel 02 : 11[400000] -> 10[300000] via P2P/IPC/read
ip-0A23040F:88483:88694 [3] NCCL INFO Channel 03 : 11[400000] -> 10[300000] via P2P/IPC/read
ip-0A23040F:88483:88694 [3] NCCL INFO Channel 10 : 11[400000] -> 10[300000] via P2P/IPC/read
ip-0A23040F:88483:88694 [3] NCCL INFO Channel 11 : 11[400000] -> 10[300000] via P2P/IPC/read
ip-0A23040F:88483:88694 [3] NCCL INFO Channel 18 : 11[400000] -> 10[300000] via P2P/IPC/read
ip-0A23040F:88483:88694 [3] NCCL INFO Channel 19 : 11[400000] -> 10[300000] via P2P/IPC/read
ip-0A23040F:88483:88694 [3] NCCL INFO Connected all trees
ip-0A23040F:88484:88693 [2] NCCL INFO Connected all trees
ip-0A230414:69338:69543 [3] NCCL INFO Channel 02 : 27[400000] -> 26[300000] via P2P/IPC/read
ip-0A230414:69338:69543 [3] NCCL INFO Channel 03 : 27[400000] -> 26[300000] via P2P/IPC/read
ip-0A230414:69338:69543 [3] NCCL INFO Channel 10 : 27[400000] -> 26[300000] via P2P/IPC/read
ip-0A230414:69338:69543 [3] NCCL INFO Channel 11 : 27[400000] -> 26[300000] via P2P/IPC/read
ip-0A230414:69338:69543 [3] NCCL INFO Channel 18 : 27[400000] -> 26[300000] via P2P/IPC/read
ip-0A230414:69338:69543 [3] NCCL INFO Channel 19 : 27[400000] -> 26[300000] via P2P/IPC/read
ip-0A23040F:88487:88699 [5] NCCL INFO Channel 04 : 13[c00000] -> 12[b00000] via P2P/IPC/read
ip-0A23040F:88487:88699 [5] NCCL INFO Channel 05 : 13[c00000] -> 12[b00000] via P2P/IPC/read
ip-0A23040F:88487:88699 [5] NCCL INFO Channel 12 : 13[c00000] -> 12[b00000] via P2P/IPC/read
ip-0A23040F:88487:88699 [5] NCCL INFO Channel 13 : 13[c00000] -> 12[b00000] via P2P/IPC/read
ip-0A23040F:88487:88699 [5] NCCL INFO Channel 20 : 13[c00000] -> 12[b00000] via P2P/IPC/read
ip-0A23040F:88487:88699 [5] NCCL INFO Channel 21 : 13[c00000] -> 12[b00000] via P2P/IPC/read
ip-0A23040F:88487:88699 [5] NCCL INFO Connected all trees
ip-0A23040F:88481:88700 [4] NCCL INFO Connected all trees
ip-0A230412:82806:83008 [1] NCCL INFO Channel 09/0 : 24[100000] -> 17[200000] [receive] via NET/IBext/1/GDRDMA
ip-0A230414:69340:69541 [0] NCCL INFO Connected all trees
ip-0A230414:69342:69540 [1] NCCL INFO Connected all trees
ip-0A230414:69337:69546 [6] NCCL INFO Connected all trees
ip-0A230414:69339:69547 [7] NCCL INFO Connected all trees
ip-0A230414:69340:69541 [0] NCCL INFO CollNet 00 : 24 [receive] via COLLNET/SHARP/0/GDRDMA
ip-0A230412:82798:83006 [0] NCCL INFO Channel 01/0 : 16[100000] -> 9[200000] [send] via NET/IBext/1/GDRDMA
ip-0A230412:82798:83006 [0] NCCL INFO Channel 17/0 : 16[100000] -> 9[200000] [send] via NET/IBext/1/GDRDMA
ip-0A230412:82791:83002 [5] NCCL INFO Channel 13/0 : 28[b00000] -> 21[c00000] [receive] via NET/IBext/5/GDRDMA
ip-0A230414:69343:69544 [4] NCCL INFO Connected all trees
ip-0A230414:69341:69545 [5] NCCL INFO Connected all trees
ip-0A230412:82790:83007 [3] NCCL INFO Channel 11/0 : 26[300000] -> 19[400000] [receive] via NET/IBext/3/GDRDMA
ip-0A230414:69336:69542 [2] NCCL INFO Connected all trees
ip-0A230414:69338:69543 [3] NCCL INFO Connected all trees
ip-0A230412:82806:83008 [1] NCCL INFO Channel 00 : 17[200000] -> 16[100000] via P2P/IPC/read
ip-0A23040F:88488:88696 [1] NCCL INFO Channel 00 : 9[200000] -> 8[100000] via P2P/IPC/read
ip-0A23040F:88488:88696 [1] NCCL INFO Channel 01 : 9[200000] -> 8[100000] via P2P/IPC/read
ip-0A23040F:88488:88696 [1] NCCL INFO Channel 08 : 9[200000] -> 8[100000] via P2P/IPC/read
ip-0A23040F:88488:88696 [1] NCCL INFO Channel 09 : 9[200000] -> 8[100000] via P2P/IPC/read
ip-0A23040F:88488:88696 [1] NCCL INFO Channel 16 : 9[200000] -> 8[100000] via P2P/IPC/read
ip-0A23040F:88488:88696 [1] NCCL INFO Channel 17 : 9[200000] -> 8[100000] via P2P/IPC/read
ip-0A230412:82806:83008 [1] NCCL INFO Channel 01 : 17[200000] -> 16[100000] via P2P/IPC/read
ip-0A23040F:88488:88696 [1] NCCL INFO Connected all trees
ip-0A23040F:88482:88695 [0] NCCL INFO Connected all trees
ip-0A23040F:88482:88695 [0] NCCL INFO CollNet 00 : 8 [receive] via COLLNET/SHARP/0/GDRDMA
ip-0A230412:82806:83008 [1] NCCL INFO Channel 08 : 17[200000] -> 16[100000] via P2P/IPC/read
ip-0A230412:82791:83002 [5] NCCL INFO Channel 04 : 21[c00000] -> 20[b00000] via P2P/IPC/read
ip-0A230412:82806:83008 [1] NCCL INFO Channel 09 : 17[200000] -> 16[100000] via P2P/IPC/read
ip-0A230412:82791:83002 [5] NCCL INFO Channel 05 : 21[c00000] -> 20[b00000] via P2P/IPC/read
ip-0A230412:82806:83008 [1] NCCL INFO Channel 16 : 17[200000] -> 16[100000] via P2P/IPC/read
ip-0A230412:82791:83002 [5] NCCL INFO Channel 12 : 21[c00000] -> 20[b00000] via P2P/IPC/read
ip-0A230412:82790:83007 [3] NCCL INFO Channel 02 : 19[400000] -> 18[300000] via P2P/IPC/read
ip-0A230412:82806:83008 [1] NCCL INFO Channel 17 : 17[200000] -> 16[100000] via P2P/IPC/read
ip-0A230412:82791:83002 [5] NCCL INFO Channel 13 : 21[c00000] -> 20[b00000] via P2P/IPC/read
ip-0A230412:82790:83007 [3] NCCL INFO Channel 03 : 19[400000] -> 18[300000] via P2P/IPC/read
ip-0A230412:82791:83002 [5] NCCL INFO Channel 20 : 21[c00000] -> 20[b00000] via P2P/IPC/read
ip-0A230412:82790:83007 [3] NCCL INFO Channel 10 : 19[400000] -> 18[300000] via P2P/IPC/read
ip-0A230412:82791:83002 [5] NCCL INFO Channel 21 : 21[c00000] -> 20[b00000] via P2P/IPC/read
ip-0A230412:82790:83007 [3] NCCL INFO Channel 11 : 19[400000] -> 18[300000] via P2P/IPC/read
ip-0A230412:82795:83004 [7] NCCL INFO Channel 06 : 23[e00000] -> 22[d00000] via P2P/IPC/read
ip-0A230412:82790:83007 [3] NCCL INFO Channel 18 : 19[400000] -> 18[300000] via P2P/IPC/read
ip-0A230412:82795:83004 [7] NCCL INFO Channel 07 : 23[e00000] -> 22[d00000] via P2P/IPC/read
ip-0A230412:82790:83007 [3] NCCL INFO Channel 19 : 19[400000] -> 18[300000] via P2P/IPC/read
ip-0A230412:82795:83004 [7] NCCL INFO Channel 14 : 23[e00000] -> 22[d00000] via P2P/IPC/read
ip-0A230412:82795:83004 [7] NCCL INFO Channel 15 : 23[e00000] -> 22[d00000] via P2P/IPC/read
ip-0A230412:82791:83002 [5] NCCL INFO Connected all trees
ip-0A230412:82795:83004 [7] NCCL INFO Channel 22 : 23[e00000] -> 22[d00000] via P2P/IPC/read
ip-0A230412:82794:83005 [4] NCCL INFO Connected all trees
ip-0A230412:82795:83004 [7] NCCL INFO Channel 23 : 23[e00000] -> 22[d00000] via P2P/IPC/read
ip-0A230412:82790:83007 [3] NCCL INFO Connected all trees
ip-0A230412:82792:83003 [2] NCCL INFO Connected all trees
ip-0A230412:82798:83006 [0] NCCL INFO Connected all trees
ip-0A230412:82806:83008 [1] NCCL INFO Connected all trees
ip-0A230412:82797:83009 [6] NCCL INFO Connected all trees
ip-0A230412:82795:83004 [7] NCCL INFO Connected all trees
ip-0A230412:82798:83006 [0] NCCL INFO CollNet 00 : 16 [receive] via COLLNET/SHARP/0/GDRDMA
ip-0A230412:82798:83177 [0] NCCL INFO NCCL_SHARP_GROUP_SIZE_THRESH set by environment to 3.
ip-0A230414:69340:69711 [0] NCCL INFO NCCL_SHARP_GROUP_SIZE_THRESH set by environment to 3.
ip-0A230414:69342:69540 [1] NCCL INFO CollNet 01 : 25 [receive] via COLLNET/SHARP/1/GDRDMA
ip-0A230417:73006:73381 [0] NCCL INFO NCCL_SHARP_GROUP_SIZE_THRESH set by environment to 3.
ip-0A23040D:23641:24022 [0] NCCL INFO NCCL_SHARP_GROUP_SIZE_THRESH set by environment to 3.
ip-0A23040D:23637:23853 [1] NCCL INFO CollNet 01 : 1 [receive] via COLLNET/SHARP/1/GDRDMA
ip-0A23040F:88488:88696 [1] NCCL INFO CollNet 01 : 9 [receive] via COLLNET/SHARP/1/GDRDMA
ip-0A230417:73005:73207 [1] NCCL INFO CollNet 01 : 33 [receive] via COLLNET/SHARP/1/GDRDMA
ip-0A230406:29422:29796 [0] NCCL INFO NCCL_SHARP_GROUP_SIZE_THRESH set by environment to 3.
ip-0A23040F:88482:88856 [0] NCCL INFO NCCL_SHARP_GROUP_SIZE_THRESH set by environment to 3.
ip-0A230408:47132:47508 [0] NCCL INFO NCCL_SHARP_GROUP_SIZE_THRESH set by environment to 3.
ip-0A230406:29430:29629 [1] NCCL INFO CollNet 01 : 41 [receive] via COLLNET/SHARP/1/GDRDMA
ip-0A230408:47135:47335 [1] NCCL INFO CollNet 01 : 49 [receive] via COLLNET/SHARP/1/GDRDMA
ip-0A230412:82806:83008 [1] NCCL INFO CollNet 01 : 17 [receive] via COLLNET/SHARP/1/GDRDMA
[ip-0A23040D:0:23641 - context.c:584] INFO job (ID: 2524862926646781406) resource request quota: ( osts:0 user_data_per_ost:0 max_groups:0 max_qps:1 max_group_channels:1, num_trees:1)
[ip-0A23040D:0:23641 unique id 0] ERROR No Aggregation Manager (sharp_am) detected in sharp_create_job.

[ip-0A23040D:0:23641 - context.c:601] ERROR sharp_create_job failed: No Aggregation Manager (sharp_am) detected(-52)
ip-0A230414:69340:69711 [0] NCCL INFO Sharp rank 3/7 initialized on mlx5_ib0:1

ip-0A230414:69340:69711 [0] sharp_plugin.c:288 NCCL WARN NET/IB :SHARP coll init error: Cannot create SHArP job(-11)

ip-0A230414:69340:69711 [0] NCCL INFO include/coll_net.h:21 -> 3
ip-0A230408:47132:47508 [0] NCCL INFO Sharp rank 6/7 initialized on mlx5_ib0:1

ip-0A230408:47132:47508 [0] sharp_plugin.c:288 NCCL WARN NET/IB :SHARP coll init error: Cannot create SHArP job(-11)

ip-0A230408:47132:47508 [0] NCCL INFO include/coll_net.h:21 -> 3
ip-0A230414:69340:69541 [0] NCCL INFO transport.cc:222 -> 2
ip-0A230408:47132:47336 [0] NCCL INFO transport.cc:222 -> 2
ip-0A230412:82798:83177 [0] NCCL INFO Sharp rank 2/7 initialized on mlx5_ib0:1

ip-0A230412:82798:83177 [0] sharp_plugin.c:288 NCCL WARN NET/IB :SHARP coll init error: Cannot create SHArP job(-11)

ip-0A230412:82798:83177 [0] NCCL INFO include/coll_net.h:21 -> 3
ip-0A230406:29422:29796 [0] NCCL INFO Sharp rank 5/7 initialized on mlx5_ib0:1

ip-0A230406:29422:29796 [0] sharp_plugin.c:288 NCCL WARN NET/IB :SHARP coll init error: Cannot create SHArP job(-11)

ip-0A230406:29422:29796 [0] NCCL INFO include/coll_net.h:21 -> 3
ip-0A230417:73006:73381 [0] NCCL INFO Sharp rank 4/7 initialized on mlx5_ib0:1

ip-0A230417:73006:73381 [0] sharp_plugin.c:288 NCCL WARN NET/IB :SHARP coll init error: Cannot create SHArP job(-11)

ip-0A230417:73006:73381 [0] NCCL INFO include/coll_net.h:21 -> 3
ip-0A23040F:88482:88856 [0] NCCL INFO Sharp rank 1/7 initialized on mlx5_ib0:1

ip-0A23040F:88482:88856 [0] sharp_plugin.c:288 NCCL WARN NET/IB :SHARP coll init error: Cannot create SHArP job(-11)

ip-0A23040F:88482:88856 [0] NCCL INFO include/coll_net.h:21 -> 3
ip-0A230412:82798:83006 [0] NCCL INFO transport.cc:222 -> 2
ip-0A230406:29422:29628 [0] NCCL INFO transport.cc:222 -> 2
ip-0A230417:73006:73212 [0] NCCL INFO transport.cc:222 -> 2
ip-0A23040F:88482:88695 [0] NCCL INFO transport.cc:222 -> 2
ip-0A23040D:23641:24022 [0] NCCL INFO Sharp rank 0/7 initialized on mlx5_ib0:1

ip-0A23040D:23641:24022 [0] sharp_plugin.c:288 NCCL WARN NET/IB :SHARP coll init error: Cannot create SHArP job(-11)

ip-0A23040D:23641:24022 [0] NCCL INFO include/coll_net.h:21 -> 3
ip-0A23040D:23641:23852 [0] NCCL INFO transport.cc:222 -> 2
ip-0A23040D:23637:24021 [1] NCCL INFO NCCL_SHARP_GROUP_SIZE_THRESH set by environment to 3.
ip-0A23040D:23643:23855 [2] NCCL INFO CollNet 02 : 2 [receive] via COLLNET/SHARP/2/GDRDMA
ip-0A23040F:88488:88859 [1] NCCL INFO NCCL_SHARP_GROUP_SIZE_THRESH set by environment to 3.
ip-0A230412:82806:83179 [1] NCCL INFO NCCL_SHARP_GROUP_SIZE_THRESH set by environment to 3.
ip-0A23040F:88484:88693 [2] NCCL INFO CollNet 02 : 10 [receive] via COLLNET/SHARP/2/GDRDMA
ip-0A230412:82792:83003 [2] NCCL INFO CollNet 02 : 18 [receive] via COLLNET/SHARP/2/GDRDMA
ip-0A230414:69342:69706 [1] NCCL INFO NCCL_SHARP_GROUP_SIZE_THRESH set by environment to 3.
ip-0A230414:69336:69542 [2] NCCL INFO CollNet 02 : 26 [receive] via COLLNET/SHARP/2/GDRDMA
ip-0A230417:73005:73383 [1] NCCL INFO NCCL_SHARP_GROUP_SIZE_THRESH set by environment to 3.
ip-0A230417:73001:73208 [2] NCCL INFO CollNet 02 : 34 [receive] via COLLNET/SHARP/2/GDRDMA
ip-0A230406:29430:29802 [1] NCCL INFO NCCL_SHARP_GROUP_SIZE_THRESH set by environment to 3.
ip-0A230406:29425:29631 [2] NCCL INFO CollNet 02 : 42 [receive] via COLLNET/SHARP/2/GDRDMA
ip-0A230408:47135:47509 [1] NCCL INFO NCCL_SHARP_GROUP_SIZE_THRESH set by environment to 3.
ip-0A230408:47139:47342 [2] NCCL INFO CollNet 02 : 50 [receive] via COLLNET/SHARP/2/GDRDMA
[ip-0A23040D:0:23637 - context.c:584] INFO job (ID: 2524863482924001059) resource request quota: ( osts:0 user_data_per_ost:0 max_groups:0 max_qps:1 max_group_channels:1, num_trees:1)
[ip-0A23040D:0:23637 unique id 0] ERROR No Aggregation Manager (sharp_am) detected in sharp_create_job.

[ip-0A23040D:0:23637 - context.c:601] ERROR sharp_create_job failed: No Aggregation Manager (sharp_am) detected(-52)
ip-0A230412:82806:83179 [1] NCCL INFO Sharp rank 2/7 initialized on mlx5_ib1:1

ip-0A230412:82806:83179 [1] sharp_plugin.c:288 NCCL WARN NET/IB :SHARP coll init error: Cannot create SHArP job(-11)

ip-0A230412:82806:83179 [1] NCCL INFO include/coll_net.h:21 -> 3
ip-0A230414:69342:69706 [1] NCCL INFO Sharp rank 3/7 initialized on mlx5_ib1:1

ip-0A230414:69342:69706 [1] sharp_plugin.c:288 NCCL WARN NET/IB :SHARP coll init error: Cannot create SHArP job(-11)

ip-0A230414:69342:69706 [1] NCCL INFO include/coll_net.h:21 -> 3
ip-0A230408:47135:47509 [1] NCCL INFO Sharp rank 6/7 initialized on mlx5_ib1:1

ip-0A230408:47135:47509 [1] sharp_plugin.c:288 NCCL WARN NET/IB :SHARP coll init error: Cannot create SHArP job(-11)

ip-0A230408:47135:47509 [1] NCCL INFO include/coll_net.h:21 -> 3
ip-0A230417:73005:73383 [1] NCCL INFO Sharp rank 4/7 initialized on mlx5_ib1:1

ip-0A230417:73005:73383 [1] sharp_plugin.c:288 NCCL WARN NET/IB :SHARP coll init error: Cannot create SHArP job(-11)

ip-0A230417:73005:73383 [1] NCCL INFO include/coll_net.h:21 -> 3
ip-0A230406:29430:29802 [1] NCCL INFO Sharp rank 5/7 initialized on mlx5_ib1:1

ip-0A230406:29430:29802 [1] sharp_plugin.c:288 NCCL WARN NET/IB :SHARP coll init error: Cannot create SHArP job(-11)

ip-0A230406:29430:29802 [1] NCCL INFO include/coll_net.h:21 -> 3
ip-0A23040F:88488:88859 [1] NCCL INFO Sharp rank 1/7 initialized on mlx5_ib1:1

ip-0A23040F:88488:88859 [1] sharp_plugin.c:288 NCCL WARN NET/IB :SHARP coll init error: Cannot create SHArP job(-11)

ip-0A23040F:88488:88859 [1] NCCL INFO include/coll_net.h:21 -> 3
ip-0A230412:82806:83008 [1] NCCL INFO transport.cc:222 -> 2
ip-0A230417:73005:73207 [1] NCCL INFO transport.cc:222 -> 2
ip-0A230414:69342:69540 [1] NCCL INFO transport.cc:222 -> 2
ip-0A23040F:88488:88696 [1] NCCL INFO transport.cc:222 -> 2
ip-0A230406:29430:29629 [1] NCCL INFO transport.cc:222 -> 2
ip-0A230408:47135:47335 [1] NCCL INFO transport.cc:222 -> 2
ip-0A23040D:23637:24021 [1] NCCL INFO Sharp rank 0/7 initialized on mlx5_ib1:1

ip-0A23040D:23637:24021 [1] sharp_plugin.c:288 NCCL WARN NET/IB :SHARP coll init error: Cannot create SHArP job(-11)

ip-0A23040D:23637:24021 [1] NCCL INFO include/coll_net.h:21 -> 3
ip-0A23040D:23637:23853 [1] NCCL INFO transport.cc:222 -> 2
ip-0A23040D:23643:24016 [2] NCCL INFO NCCL_SHARP_GROUP_SIZE_THRESH set by environment to 3.
ip-0A23040D:23638:23854 [3] NCCL INFO CollNet 03 : 3 [receive] via COLLNET/SHARP/3/GDRDMA
ip-0A23040F:88484:88855 [2] NCCL INFO NCCL_SHARP_GROUP_SIZE_THRESH set by environment to 3.
ip-0A23040F:88483:88694 [3] NCCL INFO CollNet 03 : 11 [receive] via COLLNET/SHARP/3/GDRDMA
ip-0A230412:82792:83172 [2] NCCL INFO NCCL_SHARP_GROUP_SIZE_THRESH set by environment to 3.
ip-0A230414:69336:69708 [2] NCCL INFO NCCL_SHARP_GROUP_SIZE_THRESH set by environment to 3.
ip-0A230412:82790:83007 [3] NCCL INFO CollNet 03 : 19 [receive] via COLLNET/SHARP/3/GDRDMA
ip-0A230414:69338:69543 [3] NCCL INFO CollNet 03 : 27 [receive] via COLLNET/SHARP/3/GDRDMA
ip-0A230417:73001:73376 [2] NCCL INFO NCCL_SHARP_GROUP_SIZE_THRESH set by environment to 3.
ip-0A230417:73007:73213 [3] NCCL INFO CollNet 03 : 35 [receive] via COLLNET/SHARP/3/GDRDMA
ip-0A230406:29425:29799 [2] NCCL INFO NCCL_SHARP_GROUP_SIZE_THRESH set by environment to 3.
ip-0A230406:29426:29630 [3] NCCL INFO CollNet 03 : 43 [receive] via COLLNET/SHARP/3/GDRDMA
ip-0A230408:47139:47506 [2] NCCL INFO NCCL_SHARP_GROUP_SIZE_THRESH set by environment to 3.
ip-0A230408:47138:47341 [3] NCCL INFO CollNet 03 : 51 [receive] via COLLNET/SHARP/3/GDRDMA
[ip-0A23040D:0:23643 - context.c:584] INFO job (ID: 2524863448345837569) resource request quota: ( osts:0 user_data_per_ost:0 max_groups:0 max_qps:1 max_group_channels:1, num_trees:1)
[ip-0A23040D:0:23643 unique id 0] ERROR No Aggregation Manager (sharp_am) detected in sharp_create_job.

[ip-0A23040D:0:23643 - context.c:601] ERROR sharp_create_job failed: No Aggregation Manager (sharp_am) detected(-52)
ip-0A230412:82792:83172 [2] NCCL INFO Sharp rank 2/7 initialized on mlx5_ib2:1

ip-0A230412:82792:83172 [2] sharp_plugin.c:288 NCCL WARN NET/IB :SHARP coll init error: Cannot create SHArP job(-11)

ip-0A230412:82792:83172 [2] NCCL INFO include/coll_net.h:21 -> 3
ip-0A230414:69336:69708 [2] NCCL INFO Sharp rank 3/7 initialized on mlx5_ib2:1

ip-0A230414:69336:69708 [2] sharp_plugin.c:288 NCCL WARN NET/IB :SHARP coll init error: Cannot create SHArP job(-11)

ip-0A230414:69336:69708 [2] NCCL INFO include/coll_net.h:21 -> 3
ip-0A230417:73001:73376 [2] NCCL INFO Sharp rank 4/7 initialized on mlx5_ib2:1

ip-0A230417:73001:73376 [2] sharp_plugin.c:288 NCCL WARN NET/IB :SHARP coll init error: Cannot create SHArP job(-11)

ip-0A230417:73001:73376 [2] NCCL INFO include/coll_net.h:21 -> 3
ip-0A230406:29425:29799 [2] NCCL INFO Sharp rank 5/7 initialized on mlx5_ib2:1

ip-0A230406:29425:29799 [2] sharp_plugin.c:288 NCCL WARN NET/IB :SHARP coll init error: Cannot create SHArP job(-11)

ip-0A230406:29425:29799 [2] NCCL INFO include/coll_net.h:21 -> 3
ip-0A23040F:88484:88855 [2] NCCL INFO Sharp rank 1/7 initialized on mlx5_ib2:1

ip-0A23040F:88484:88855 [2] sharp_plugin.c:288 NCCL WARN NET/IB :SHARP coll init error: Cannot create SHArP job(-11)

ip-0A23040F:88484:88855 [2] NCCL INFO include/coll_net.h:21 -> 3
ip-0A230408:47139:47506 [2] NCCL INFO Sharp rank 6/7 initialized on mlx5_ib2:1

ip-0A230408:47139:47506 [2] sharp_plugin.c:288 NCCL WARN NET/IB :SHARP coll init error: Cannot create SHArP job(-11)

ip-0A230408:47139:47506 [2] NCCL INFO include/coll_net.h:21 -> 3
ip-0A230412:82792:83003 [2] NCCL INFO transport.cc:222 -> 2
ip-0A230414:69336:69542 [2] NCCL INFO transport.cc:222 -> 2
ip-0A230406:29425:29631 [2] NCCL INFO transport.cc:222 -> 2
ip-0A230417:73001:73208 [2] NCCL INFO transport.cc:222 -> 2
ip-0A23040F:88484:88693 [2] NCCL INFO transport.cc:222 -> 2
ip-0A230408:47139:47342 [2] NCCL INFO transport.cc:222 -> 2
ip-0A23040D:23643:24016 [2] NCCL INFO Sharp rank 0/7 initialized on mlx5_ib2:1

ip-0A23040D:23643:24016 [2] sharp_plugin.c:288 NCCL WARN NET/IB :SHARP coll init error: Cannot create SHArP job(-11)

ip-0A23040D:23643:24016 [2] NCCL INFO include/coll_net.h:21 -> 3
ip-0A23040D:23643:23855 [2] NCCL INFO transport.cc:222 -> 2
ip-0A23040D:23638:24019 [3] NCCL INFO NCCL_SHARP_GROUP_SIZE_THRESH set by environment to 3.
ip-0A23040D:23636:23848 [4] NCCL INFO CollNet 04 : 4 [receive] via COLLNET/SHARP/4/GDRDMA
ip-0A23040F:88483:88857 [3] NCCL INFO NCCL_SHARP_GROUP_SIZE_THRESH set by environment to 3.
ip-0A23040F:88481:88700 [4] NCCL INFO CollNet 04 : 12 [receive] via COLLNET/SHARP/4/GDRDMA
ip-0A230412:82790:83176 [3] NCCL INFO NCCL_SHARP_GROUP_SIZE_THRESH set by environment to 3.
ip-0A230414:69338:69712 [3] NCCL INFO NCCL_SHARP_GROUP_SIZE_THRESH set by environment to 3.
ip-0A230412:82794:83005 [4] NCCL INFO CollNet 04 : 20 [receive] via COLLNET/SHARP/4/GDRDMA
ip-0A230414:69343:69544 [4] NCCL INFO CollNet 04 : 28 [receive] via COLLNET/SHARP/4/GDRDMA
ip-0A230417:73007:73384 [3] NCCL INFO NCCL_SHARP_GROUP_SIZE_THRESH set by environment to 3.
ip-0A230406:29426:29795 [3] NCCL INFO NCCL_SHARP_GROUP_SIZE_THRESH set by environment to 3.
ip-0A230417:73000:73209 [4] NCCL INFO CollNet 04 : 36 [receive] via COLLNET/SHARP/4/GDRDMA
ip-0A230406:29429:29626 [4] NCCL INFO CollNet 04 : 44 [receive] via COLLNET/SHARP/4/GDRDMA
ip-0A230408:47138:47504 [3] NCCL INFO NCCL_SHARP_GROUP_SIZE_THRESH set by environment to 3.
ip-0A230408:47134:47337 [4] NCCL INFO CollNet 04 : 52 [receive] via COLLNET/SHARP/4/GDRDMA
[ip-0A23040D:0:23638 - context.c:584] INFO job (ID: 2524863384976970133) resource request quota: ( osts:0 user_data_per_ost:0 max_groups:0 max_qps:1 max_group_channels:1, num_trees:1)
[ip-0A23040D:0:23638 unique id 0] ERROR No Aggregation Manager (sharp_am) detected in sharp_create_job.

[ip-0A23040D:0:23638 - context.c:601] ERROR sharp_create_job failed: No Aggregation Manager (sharp_am) detected(-52)
ip-0A230417:73007:73384 [3] NCCL INFO Sharp rank 4/7 initialized on mlx5_ib3:1

ip-0A230417:73007:73384 [3] sharp_plugin.c:288 NCCL WARN NET/IB :SHARP coll init error: Cannot create SHArP job(-11)

ip-0A230417:73007:73384 [3] NCCL INFO include/coll_net.h:21 -> 3
ip-0A230406:29426:29795 [3] NCCL INFO Sharp rank 5/7 initialized on mlx5_ib3:1

ip-0A230406:29426:29795 [3] sharp_plugin.c:288 NCCL WARN NET/IB :SHARP coll init error: Cannot create SHArP job(-11)

ip-0A230406:29426:29795 [3] NCCL INFO include/coll_net.h:21 -> 3
ip-0A23040F:88483:88857 [3] NCCL INFO Sharp rank 1/7 initialized on mlx5_ib3:1

ip-0A23040F:88483:88857 [3] sharp_plugin.c:288 NCCL WARN NET/IB :SHARP coll init error: Cannot create SHArP job(-11)

ip-0A23040F:88483:88857 [3] NCCL INFO include/coll_net.h:21 -> 3
ip-0A230412:82790:83176 [3] NCCL INFO Sharp rank 2/7 initialized on mlx5_ib3:1

ip-0A230412:82790:83176 [3] sharp_plugin.c:288 NCCL WARN NET/IB :SHARP coll init error: Cannot create SHArP job(-11)

ip-0A230412:82790:83176 [3] NCCL INFO include/coll_net.h:21 -> 3
ip-0A230408:47138:47504 [3] NCCL INFO Sharp rank 6/7 initialized on mlx5_ib3:1

ip-0A230408:47138:47504 [3] sharp_plugin.c:288 NCCL WARN NET/IB :SHARP coll init error: Cannot create SHArP job(-11)

ip-0A230408:47138:47504 [3] NCCL INFO include/coll_net.h:21 -> 3
ip-0A230414:69338:69712 [3] NCCL INFO Sharp rank 3/7 initialized on mlx5_ib3:1

ip-0A230414:69338:69712 [3] sharp_plugin.c:288 NCCL WARN NET/IB :SHARP coll init error: Cannot create SHArP job(-11)

ip-0A230414:69338:69712 [3] NCCL INFO include/coll_net.h:21 -> 3
ip-0A230412:82790:83007 [3] NCCL INFO transport.cc:222 -> 2
ip-0A230406:29426:29630 [3] NCCL INFO transport.cc:222 -> 2
ip-0A230417:73007:73213 [3] NCCL INFO transport.cc:222 -> 2
ip-0A230414:69338:69543 [3] NCCL INFO transport.cc:222 -> 2
ip-0A23040F:88483:88694 [3] NCCL INFO transport.cc:222 -> 2
ip-0A230408:47138:47341 [3] NCCL INFO transport.cc:222 -> 2
ip-0A23040D:23638:24019 [3] NCCL INFO Sharp rank 0/7 initialized on mlx5_ib3:1

ip-0A23040D:23638:24019 [3] sharp_plugin.c:288 NCCL WARN NET/IB :SHARP coll init error: Cannot create SHArP job(-11)

ip-0A23040D:23638:24019 [3] NCCL INFO include/coll_net.h:21 -> 3
ip-0A23040D:23638:23854 [3] NCCL INFO transport.cc:222 -> 2
ip-0A23040D:23636:24015 [4] NCCL INFO NCCL_SHARP_GROUP_SIZE_THRESH set by environment to 3.
ip-0A23040D:23642:23849 [5] NCCL INFO CollNet 05 : 5 [receive] via COLLNET/SHARP/5/GDRDMA
ip-0A23040F:88481:88858 [4] NCCL INFO NCCL_SHARP_GROUP_SIZE_THRESH set by environment to 3.
ip-0A230412:82794:83173 [4] NCCL INFO NCCL_SHARP_GROUP_SIZE_THRESH set by environment to 3.
ip-0A230414:69343:69713 [4] NCCL INFO NCCL_SHARP_GROUP_SIZE_THRESH set by environment to 3.
ip-0A230412:82791:83002 [5] NCCL INFO CollNet 05 : 21 [receive] via COLLNET/SHARP/5/GDRDMA
ip-0A230414:69341:69545 [5] NCCL INFO CollNet 05 : 29 [receive] via COLLNET/SHARP/5/GDRDMA
ip-0A23040F:88487:88699 [5] NCCL INFO CollNet 05 : 13 [receive] via COLLNET/SHARP/5/GDRDMA
ip-0A230417:73000:73382 [4] NCCL INFO NCCL_SHARP_GROUP_SIZE_THRESH set by environment to 3.
ip-0A230417:73002:73206 [5] NCCL INFO CollNet 05 : 37 [receive] via COLLNET/SHARP/5/GDRDMA
ip-0A230406:29429:29800 [4] NCCL INFO NCCL_SHARP_GROUP_SIZE_THRESH set by environment to 3.
ip-0A230406:29424:29632 [5] NCCL INFO CollNet 05 : 45 [receive] via COLLNET/SHARP/5/GDRDMA
ip-0A230408:47134:47511 [4] NCCL INFO NCCL_SHARP_GROUP_SIZE_THRESH set by environment to 3.
ip-0A230408:47137:47339 [5] NCCL INFO CollNet 05 : 53 [receive] via COLLNET/SHARP/5/GDRDMA
[ip-0A23040D:0:23636 - context.c:584] INFO job (ID: 2524863446188540472) resource request quota: ( osts:0 user_data_per_ost:0 max_groups:0 max_qps:1 max_group_channels:1, num_trees:1)
[ip-0A23040D:0:23636 unique id 0] ERROR No Aggregation Manager (sharp_am) detected in sharp_create_job.

[ip-0A23040D:0:23636 - context.c:601] ERROR sharp_create_job failed: No Aggregation Manager (sharp_am) detected(-52)
ip-0A230412:82794:83173 [4] NCCL INFO Sharp rank 2/7 initialized on mlx5_ib4:1

ip-0A230412:82794:83173 [4] sharp_plugin.c:288 NCCL WARN NET/IB :SHARP coll init error: Cannot create SHArP job(-11)

ip-0A230412:82794:83173 [4] NCCL INFO include/coll_net.h:21 -> 3
ip-0A230408:47134:47511 [4] NCCL INFO Sharp rank 6/7 initialized on mlx5_ib4:1

ip-0A230408:47134:47511 [4] sharp_plugin.c:288 NCCL WARN NET/IB :SHARP coll init error: Cannot create SHArP job(-11)

ip-0A230408:47134:47511 [4] NCCL INFO include/coll_net.h:21 -> 3
ip-0A230406:29429:29800 [4] NCCL INFO Sharp rank 5/7 initialized on mlx5_ib4:1

ip-0A230406:29429:29800 [4] sharp_plugin.c:288 NCCL WARN NET/IB :SHARP coll init error: Cannot create SHArP job(-11)

ip-0A230406:29429:29800 [4] NCCL INFO include/coll_net.h:21 -> 3
ip-0A230417:73000:73382 [4] NCCL INFO Sharp rank 4/7 initialized on mlx5_ib4:1

ip-0A230417:73000:73382 [4] sharp_plugin.c:288 NCCL WARN NET/IB :SHARP coll init error: Cannot create SHArP job(-11)

ip-0A230417:73000:73382 [4] NCCL INFO include/coll_net.h:21 -> 3
ip-0A23040F:88481:88858 [4] NCCL INFO Sharp rank 1/7 initialized on mlx5_ib4:1

ip-0A23040F:88481:88858 [4] sharp_plugin.c:288 NCCL WARN NET/IB :SHARP coll init error: Cannot create SHArP job(-11)

ip-0A23040F:88481:88858 [4] NCCL INFO include/coll_net.h:21 -> 3
ip-0A230414:69343:69713 [4] NCCL INFO Sharp rank 3/7 initialized on mlx5_ib4:1

ip-0A230414:69343:69713 [4] sharp_plugin.c:288 NCCL WARN NET/IB :SHARP coll init error: Cannot create SHArP job(-11)

ip-0A230414:69343:69713 [4] NCCL INFO include/coll_net.h:21 -> 3
ip-0A230412:82794:83005 [4] NCCL INFO transport.cc:222 -> 2
ip-0A230406:29429:29626 [4] NCCL INFO transport.cc:222 -> 2
ip-0A230408:47134:47337 [4] NCCL INFO transport.cc:222 -> 2
ip-0A230417:73000:73209 [4] NCCL INFO transport.cc:222 -> 2
ip-0A23040F:88481:88700 [4] NCCL INFO transport.cc:222 -> 2
ip-0A230414:69343:69544 [4] NCCL INFO transport.cc:222 -> 2
ip-0A23040D:23636:24015 [4] NCCL INFO Sharp rank 0/7 initialized on mlx5_ib4:1

ip-0A23040D:23636:24015 [4] sharp_plugin.c:288 NCCL WARN NET/IB :SHARP coll init error: Cannot create SHArP job(-11)

ip-0A23040D:23636:24015 [4] NCCL INFO include/coll_net.h:21 -> 3
ip-0A23040D:23636:23848 [4] NCCL INFO transport.cc:222 -> 2
ip-0A23040D:23642:24017 [5] NCCL INFO NCCL_SHARP_GROUP_SIZE_THRESH set by environment to 3.
ip-0A23040D:23639:23851 [6] NCCL INFO CollNet 06 : 6 [receive] via COLLNET/SHARP/6/GDRDMA
ip-0A23040F:88487:88860 [5] NCCL INFO NCCL_SHARP_GROUP_SIZE_THRESH set by environment to 3.
ip-0A230412:82791:83174 [5] NCCL INFO NCCL_SHARP_GROUP_SIZE_THRESH set by environment to 3.
ip-0A23040F:88485:88697 [6] NCCL INFO CollNet 06 : 14 [receive] via COLLNET/SHARP/6/GDRDMA
ip-0A230414:69341:69707 [5] NCCL INFO NCCL_SHARP_GROUP_SIZE_THRESH set by environment to 3.
ip-0A230412:82797:83009 [6] NCCL INFO CollNet 06 : 22 [receive] via COLLNET/SHARP/6/GDRDMA
ip-0A230414:69337:69546 [6] NCCL INFO CollNet 06 : 30 [receive] via COLLNET/SHARP/6/GDRDMA
ip-0A230417:73002:73378 [5] NCCL INFO NCCL_SHARP_GROUP_SIZE_THRESH set by environment to 3.
ip-0A230417:73003:73210 [6] NCCL INFO CollNet 06 : 38 [receive] via COLLNET/SHARP/6/GDRDMA
ip-0A230406:29424:29797 [5] NCCL INFO NCCL_SHARP_GROUP_SIZE_THRESH set by environment to 3.
ip-0A230406:29428:29633 [6] NCCL INFO CollNet 06 : 46 [receive] via COLLNET/SHARP/6/GDRDMA
ip-0A230408:47137:47510 [5] NCCL INFO NCCL_SHARP_GROUP_SIZE_THRESH set by environment to 3.
ip-0A230408:47133:47340 [6] NCCL INFO CollNet 06 : 54 [receive] via COLLNET/SHARP/6/GDRDMA
[ip-0A23040D:0:23642 - context.c:584] INFO job (ID: 2524862657546378517) resource request quota: ( osts:0 user_data_per_ost:0 max_groups:0 max_qps:1 max_group_channels:1, num_trees:1)
[ip-0A23040D:0:23642 unique id 0] ERROR No Aggregation Manager (sharp_am) detected in sharp_create_job.

[ip-0A23040D:0:23642 - context.c:601] ERROR sharp_create_job failed: No Aggregation Manager (sharp_am) detected(-52)
ip-0A230417:73002:73378 [5] NCCL INFO Sharp rank 4/7 initialized on mlx5_ib5:1

ip-0A230417:73002:73378 [5] sharp_plugin.c:288 NCCL WARN NET/IB :SHARP coll init error: Cannot create SHArP job(-11)

ip-0A230417:73002:73378 [5] NCCL INFO include/coll_net.h:21 -> 3
ip-0A230406:29424:29797 [5] NCCL INFO Sharp rank 5/7 initialized on mlx5_ib5:1

ip-0A230406:29424:29797 [5] sharp_plugin.c:288 NCCL WARN NET/IB :SHARP coll init error: Cannot create SHArP job(-11)

ip-0A230406:29424:29797 [5] NCCL INFO include/coll_net.h:21 -> 3
ip-0A23040F:88487:88860 [5] NCCL INFO Sharp rank 1/7 initialized on mlx5_ib5:1

ip-0A23040F:88487:88860 [5] sharp_plugin.c:288 NCCL WARN NET/IB :SHARP coll init error: Cannot create SHArP job(-11)

ip-0A23040F:88487:88860 [5] NCCL INFO include/coll_net.h:21 -> 3
ip-0A230414:69341:69707 [5] NCCL INFO Sharp rank 3/7 initialized on mlx5_ib5:1

ip-0A230414:69341:69707 [5] sharp_plugin.c:288 NCCL WARN NET/IB :SHARP coll init error: Cannot create SHArP job(-11)

ip-0A230414:69341:69707 [5] NCCL INFO include/coll_net.h:21 -> 3
ip-0A230408:47137:47510 [5] NCCL INFO Sharp rank 6/7 initialized on mlx5_ib5:1

ip-0A230408:47137:47510 [5] sharp_plugin.c:288 NCCL WARN NET/IB :SHARP coll init error: Cannot create SHArP job(-11)

ip-0A230408:47137:47510 [5] NCCL INFO include/coll_net.h:21 -> 3
ip-0A230412:82791:83174 [5] NCCL INFO Sharp rank 2/7 initialized on mlx5_ib5:1

ip-0A230412:82791:83174 [5] sharp_plugin.c:288 NCCL WARN NET/IB :SHARP coll init error: Cannot create SHArP job(-11)

ip-0A230412:82791:83174 [5] NCCL INFO include/coll_net.h:21 -> 3
ip-0A230406:29424:29632 [5] NCCL INFO transport.cc:222 -> 2
ip-0A230417:73002:73206 [5] NCCL INFO transport.cc:222 -> 2
ip-0A230414:69341:69545 [5] NCCL INFO transport.cc:222 -> 2
ip-0A23040F:88487:88699 [5] NCCL INFO transport.cc:222 -> 2
ip-0A230408:47137:47339 [5] NCCL INFO transport.cc:222 -> 2
ip-0A230412:82791:83002 [5] NCCL INFO transport.cc:222 -> 2
ip-0A23040D:23642:24017 [5] NCCL INFO Sharp rank 0/7 initialized on mlx5_ib5:1

ip-0A23040D:23642:24017 [5] sharp_plugin.c:288 NCCL WARN NET/IB :SHARP coll init error: Cannot create SHArP job(-11)

ip-0A23040D:23642:24017 [5] NCCL INFO include/coll_net.h:21 -> 3
ip-0A23040D:23642:23849 [5] NCCL INFO transport.cc:222 -> 2
ip-0A23040D:23639:24018 [6] NCCL INFO NCCL_SHARP_GROUP_SIZE_THRESH set by environment to 3.
ip-0A23040D:23640:23850 [7] NCCL INFO CollNet 07 : 7 [receive] via COLLNET/SHARP/7/GDRDMA
ip-0A23040F:88485:88854 [6] NCCL INFO NCCL_SHARP_GROUP_SIZE_THRESH set by environment to 3.
ip-0A23040F:88486:88698 [7] NCCL INFO CollNet 07 : 15 [receive] via COLLNET/SHARP/7/GDRDMA
ip-0A230412:82797:83171 [6] NCCL INFO NCCL_SHARP_GROUP_SIZE_THRESH set by environment to 3.
ip-0A230414:69337:69710 [6] NCCL INFO NCCL_SHARP_GROUP_SIZE_THRESH set by environment to 3.
ip-0A230412:82795:83004 [7] NCCL INFO CollNet 07 : 23 [receive] via COLLNET/SHARP/7/GDRDMA
ip-0A230414:69339:69547 [7] NCCL INFO CollNet 07 : 31 [receive] via COLLNET/SHARP/7/GDRDMA
ip-0A230417:73003:73380 [6] NCCL INFO NCCL_SHARP_GROUP_SIZE_THRESH set by environment to 3.
ip-0A230406:29428:29798 [6] NCCL INFO NCCL_SHARP_GROUP_SIZE_THRESH set by environment to 3.
ip-0A230417:73004:73211 [7] NCCL INFO CollNet 07 : 39 [receive] via COLLNET/SHARP/7/GDRDMA
ip-0A230406:29423:29627 [7] NCCL INFO CollNet 07 : 47 [receive] via COLLNET/SHARP/7/GDRDMA
ip-0A230408:47133:47505 [6] NCCL INFO NCCL_SHARP_GROUP_SIZE_THRESH set by environment to 3.
ip-0A230408:47136:47338 [7] NCCL INFO CollNet 07 : 55 [receive] via COLLNET/SHARP/7/GDRDMA
[ip-0A23040D:0:23639 - context.c:584] INFO job (ID: 2524862971461053312) resource request quota: ( osts:0 user_data_per_ost:0 max_groups:0 max_qps:1 max_group_channels:1, num_trees:1)
[ip-0A23040D:0:23639 unique id 0] ERROR No Aggregation Manager (sharp_am) detected in sharp_create_job.

[ip-0A23040D:0:23639 - context.c:601] ERROR sharp_create_job failed: No Aggregation Manager (sharp_am) detected(-52)
ip-0A230417:73003:73380 [6] NCCL INFO Sharp rank 4/7 initialized on mlx5_ib6:1

ip-0A230417:73003:73380 [6] sharp_plugin.c:288 NCCL WARN NET/IB :SHARP coll init error: Cannot create SHArP job(-11)

ip-0A230417:73003:73380 [6] NCCL INFO include/coll_net.h:21 -> 3
ip-0A230406:29428:29798 [6] NCCL INFO Sharp rank 5/7 initialized on mlx5_ib6:1

ip-0A230406:29428:29798 [6] sharp_plugin.c:288 NCCL WARN NET/IB :SHARP coll init error: Cannot create SHArP job(-11)

ip-0A230406:29428:29798 [6] NCCL INFO include/coll_net.h:21 -> 3
ip-0A230412:82797:83171 [6] NCCL INFO Sharp rank 2/7 initialized on mlx5_ib6:1

ip-0A230412:82797:83171 [6] sharp_plugin.c:288 NCCL WARN NET/IB :SHARP coll init error: Cannot create SHArP job(-11)

ip-0A230412:82797:83171 [6] NCCL INFO include/coll_net.h:21 -> 3
ip-0A230414:69337:69710 [6] NCCL INFO Sharp rank 3/7 initialized on mlx5_ib6:1

ip-0A230414:69337:69710 [6] sharp_plugin.c:288 NCCL WARN NET/IB :SHARP coll init error: Cannot create SHArP job(-11)

ip-0A230414:69337:69710 [6] NCCL INFO include/coll_net.h:21 -> 3
ip-0A23040F:88485:88854 [6] NCCL INFO Sharp rank 1/7 initialized on mlx5_ib6:1

ip-0A23040F:88485:88854 [6] sharp_plugin.c:288 NCCL WARN NET/IB :SHARP coll init error: Cannot create SHArP job(-11)

ip-0A23040F:88485:88854 [6] NCCL INFO include/coll_net.h:21 -> 3
ip-0A230408:47133:47505 [6] NCCL INFO Sharp rank 6/7 initialized on mlx5_ib6:1

ip-0A230408:47133:47505 [6] sharp_plugin.c:288 NCCL WARN NET/IB :SHARP coll init error: Cannot create SHArP job(-11)

ip-0A230408:47133:47505 [6] NCCL INFO include/coll_net.h:21 -> 3
ip-0A230412:82797:83009 [6] NCCL INFO transport.cc:222 -> 2
ip-0A230417:73003:73210 [6] NCCL INFO transport.cc:222 -> 2
ip-0A230406:29428:29633 [6] NCCL INFO transport.cc:222 -> 2
ip-0A230414:69337:69546 [6] NCCL INFO transport.cc:222 -> 2
ip-0A23040F:88485:88697 [6] NCCL INFO transport.cc:222 -> 2
ip-0A230408:47133:47340 [6] NCCL INFO transport.cc:222 -> 2
ip-0A23040D:23639:24018 [6] NCCL INFO Sharp rank 0/7 initialized on mlx5_ib6:1

ip-0A23040D:23639:24018 [6] sharp_plugin.c:288 NCCL WARN NET/IB :SHARP coll init error: Cannot create SHArP job(-11)

ip-0A23040D:23639:24018 [6] NCCL INFO include/coll_net.h:21 -> 3
ip-0A23040D:23639:23851 [6] NCCL INFO transport.cc:222 -> 2
ip-0A23040D:23640:24020 [7] NCCL INFO NCCL_SHARP_GROUP_SIZE_THRESH set by environment to 3.
ip-0A23040F:88486:88853 [7] NCCL INFO NCCL_SHARP_GROUP_SIZE_THRESH set by environment to 3.
ip-0A230412:82795:83178 [7] NCCL INFO NCCL_SHARP_GROUP_SIZE_THRESH set by environment to 3.
ip-0A230414:69339:69709 [7] NCCL INFO NCCL_SHARP_GROUP_SIZE_THRESH set by environment to 3.
ip-0A230417:73004:73379 [7] NCCL INFO NCCL_SHARP_GROUP_SIZE_THRESH set by environment to 3.
ip-0A230406:29423:29801 [7] NCCL INFO NCCL_SHARP_GROUP_SIZE_THRESH set by environment to 3.
ip-0A230408:47136:47507 [7] NCCL INFO NCCL_SHARP_GROUP_SIZE_THRESH set by environment to 3.
[ip-0A23040D:0:23640 - context.c:584] INFO job (ID: 2524863346060245903) resource request quota: ( osts:0 user_data_per_ost:0 max_groups:0 max_qps:1 max_group_channels:1, num_trees:1)
[ip-0A23040D:0:23640 unique id 0] ERROR No Aggregation Manager (sharp_am) detected in sharp_create_job.

[ip-0A23040D:0:23640 - context.c:601] ERROR sharp_create_job failed: No Aggregation Manager (sharp_am) detected(-52)
ip-0A230412:82795:83178 [7] NCCL INFO Sharp rank 2/7 initialized on mlx5_ib7:1

ip-0A230412:82795:83178 [7] sharp_plugin.c:288 NCCL WARN NET/IB :SHARP coll init error: Cannot create SHArP job(-11)

ip-0A230412:82795:83178 [7] NCCL INFO include/coll_net.h:21 -> 3
ip-0A230417:73004:73379 [7] NCCL INFO Sharp rank 4/7 initialized on mlx5_ib7:1

ip-0A230417:73004:73379 [7] sharp_plugin.c:288 NCCL WARN NET/IB :SHARP coll init error: Cannot create SHArP job(-11)

ip-0A230417:73004:73379 [7] NCCL INFO include/coll_net.h:21 -> 3
ip-0A230414:69339:69709 [7] NCCL INFO Sharp rank 3/7 initialized on mlx5_ib7:1

ip-0A230414:69339:69709 [7] sharp_plugin.c:288 NCCL WARN NET/IB :SHARP coll init error: Cannot create SHArP job(-11)

ip-0A230414:69339:69709 [7] NCCL INFO include/coll_net.h:21 -> 3
ip-0A230408:47136:47507 [7] NCCL INFO Sharp rank 6/7 initialized on mlx5_ib7:1

ip-0A230408:47136:47507 [7] sharp_plugin.c:288 NCCL WARN NET/IB :SHARP coll init error: Cannot create SHArP job(-11)

ip-0A230408:47136:47507 [7] NCCL INFO include/coll_net.h:21 -> 3
ip-0A23040F:88486:88853 [7] NCCL INFO Sharp rank 1/7 initialized on mlx5_ib7:1

ip-0A23040F:88486:88853 [7] sharp_plugin.c:288 NCCL WARN NET/IB :SHARP coll init error: Cannot create SHArP job(-11)

ip-0A23040F:88486:88853 [7] NCCL INFO include/coll_net.h:21 -> 3
ip-0A230412:82795:83004 [7] NCCL INFO transport.cc:222 -> 2
ip-0A230406:29423:29801 [7] NCCL INFO Sharp rank 5/7 initialized on mlx5_ib7:1

ip-0A230406:29423:29801 [7] sharp_plugin.c:288 NCCL WARN NET/IB :SHARP coll init error: Cannot create SHArP job(-11)

ip-0A230406:29423:29801 [7] NCCL INFO include/coll_net.h:21 -> 3
ip-0A230414:69339:69547 [7] NCCL INFO transport.cc:222 -> 2
ip-0A230408:47136:47338 [7] NCCL INFO transport.cc:222 -> 2
ip-0A230417:73004:73211 [7] NCCL INFO transport.cc:222 -> 2
ip-0A23040F:88486:88698 [7] NCCL INFO transport.cc:222 -> 2
ip-0A230406:29423:29627 [7] NCCL INFO transport.cc:222 -> 2
ip-0A230412:82795:83004 [7] NCCL INFO init.cc:765 -> 2
ip-0A230417:73004:73211 [7] NCCL INFO init.cc:765 -> 2
ip-0A230417:73004:73211 [7] NCCL INFO threadThresholds 8/8/64 | 448/8/64 | 8/8/512

ip-0A230412:82798:83006 [0] transport.cc:253 NCCL WARN Cannot initialize CollNet, using point-to-point network instead
ip-0A23040F:88486:88698 [7] NCCL INFO init.cc:765 -> 2
ip-0A23040F:88486:88698 [7] NCCL INFO threadThresholds 8/8/64 | 448/8/64 | 8/8/512

ip-0A230408:47132:47336 [0] transport.cc:253 NCCL WARN Cannot initialize CollNet, using point-to-point network instead
ip-0A230408:47132:47336 [0] NCCL INFO init.cc:765 -> 2
ip-0A230408:47132:47336 [0] NCCL INFO threadThresholds 8/8/64 | 448/8/64 | 8/8/512
ip-0A230412:82795:83004 [7] NCCL INFO threadThresholds 8/8/64 | 448/8/64 | 8/8/512
ip-0A230406:29423:29627 [7] NCCL INFO init.cc:765 -> 2
ip-0A230406:29423:29627 [7] NCCL INFO threadThresholds 8/8/64 | 448/8/64 | 8/8/512
ip-0A230412:82798:83006 [0] NCCL INFO init.cc:765 -> 2
ip-0A230412:82806:83008 [1] NCCL INFO init.cc:765 -> 2
ip-0A230412:82798:83006 [0] NCCL INFO threadThresholds 8/8/64 | 448/8/64 | 8/8/512
ip-0A230414:69339:69547 [7] NCCL INFO init.cc:765 -> 2
ip-0A230412:82792:83003 [2] NCCL INFO init.cc:765 -> 2
ip-0A230412:82790:83007 [3] NCCL INFO init.cc:765 -> 2
ip-0A230412:82794:83005 [4] NCCL INFO init.cc:765 -> 2
ip-0A230412:82797:83009 [6] NCCL INFO init.cc:765 -> 2
ip-0A230412:82797:83009 [6] NCCL INFO threadThresholds 8/8/64 | 448/8/64 | 8/8/512
ip-0A230412:82806:83008 [1] NCCL INFO threadThresholds 8/8/64 | 448/8/64 | 8/8/512
ip-0A230412:82792:83003 [2] NCCL INFO threadThresholds 8/8/64 | 448/8/64 | 8/8/512
ip-0A230412:82790:83007 [3] NCCL INFO threadThresholds 8/8/64 | 448/8/64 | 8/8/512
ip-0A230412:82794:83005 [4] NCCL INFO threadThresholds 8/8/64 | 448/8/64 | 8/8/512
ip-0A230412:82791:83002 [5] NCCL INFO init.cc:765 -> 2
ip-0A230412:82791:83002 [5] NCCL INFO threadThresholds 8/8/64 | 448/8/64 | 8/8/512

ip-0A23040F:88482:88695 [0] transport.cc:253 NCCL WARN Cannot initialize CollNet, using point-to-point network instead
ip-0A23040F:88482:88695 [0] NCCL INFO init.cc:765 -> 2
ip-0A230408:47135:47335 [1] NCCL INFO init.cc:765 -> 2
ip-0A230408:47135:47335 [1] NCCL INFO threadThresholds 8/8/64 | 448/8/64 | 8/8/512
ip-0A23040F:88488:88696 [1] NCCL INFO init.cc:765 -> 2
ip-0A23040F:88488:88696 [1] NCCL INFO threadThresholds 8/8/64 | 448/8/64 | 8/8/512
ip-0A230408:47133:47340 [6] NCCL INFO init.cc:765 -> 2
ip-0A230408:47133:47340 [6] NCCL INFO threadThresholds 8/8/64 | 448/8/64 | 8/8/512
ip-0A23040F:88484:88693 [2] NCCL INFO init.cc:765 -> 2
ip-0A23040F:88484:88693 [2] NCCL INFO threadThresholds 8/8/64 | 448/8/64 | 8/8/512
ip-0A230408:47136:47338 [7] NCCL INFO init.cc:765 -> 2
ip-0A230408:47136:47338 [7] NCCL INFO threadThresholds 8/8/64 | 448/8/64 | 8/8/512
ip-0A23040F:88483:88694 [3] NCCL INFO init.cc:765 -> 2
ip-0A23040F:88483:88694 [3] NCCL INFO threadThresholds 8/8/64 | 448/8/64 | 8/8/512
ip-0A230408:47139:47342 [2] NCCL INFO init.cc:765 -> 2
ip-0A230408:47139:47342 [2] NCCL INFO threadThresholds 8/8/64 | 448/8/64 | 8/8/512
ip-0A23040F:88481:88700 [4] NCCL INFO init.cc:765 -> 2
ip-0A23040F:88481:88700 [4] NCCL INFO threadThresholds 8/8/64 | 448/8/64 | 8/8/512
ip-0A230408:47138:47341 [3] NCCL INFO init.cc:765 -> 2
ip-0A230408:47138:47341 [3] NCCL INFO threadThresholds 8/8/64 | 448/8/64 | 8/8/512
ip-0A23040F:88487:88699 [5] NCCL INFO init.cc:765 -> 2
ip-0A23040F:88487:88699 [5] NCCL INFO threadThresholds 8/8/64 | 448/8/64 | 8/8/512
ip-0A230408:47134:47337 [4] NCCL INFO init.cc:765 -> 2
ip-0A230408:47134:47337 [4] NCCL INFO threadThresholds 8/8/64 | 448/8/64 | 8/8/512
ip-0A23040F:88485:88697 [6] NCCL INFO init.cc:765 -> 2
ip-0A23040F:88485:88697 [6] NCCL INFO threadThresholds 8/8/64 | 448/8/64 | 8/8/512
ip-0A230408:47137:47339 [5] NCCL INFO init.cc:765 -> 2
ip-0A230408:47137:47339 [5] NCCL INFO threadThresholds 8/8/64 | 448/8/64 | 8/8/512
ip-0A23040F:88482:88695 [0] NCCL INFO threadThresholds 8/8/64 | 448/8/64 | 8/8/512
ip-0A230414:69339:69547 [7] NCCL INFO threadThresholds 8/8/64 | 448/8/64 | 8/8/512
ip-0A230414:69336:69542 [2] NCCL INFO init.cc:765 -> 2

ip-0A230414:69340:69541 [0] transport.cc:253 NCCL WARN Cannot initialize CollNet, using point-to-point network instead
ip-0A230414:69340:69541 [0] NCCL INFO init.cc:765 -> 2
ip-0A230414:69338:69543 [3] NCCL INFO init.cc:765 -> 2
ip-0A230414:69336:69542 [2] NCCL INFO threadThresholds 8/8/64 | 448/8/64 | 8/8/512
ip-0A230414:69343:69544 [4] NCCL INFO init.cc:765 -> 2
ip-0A230414:69340:69541 [0] NCCL INFO threadThresholds 8/8/64 | 448/8/64 | 8/8/512
ip-0A230414:69342:69540 [1] NCCL INFO init.cc:765 -> 2
ip-0A230414:69338:69543 [3] NCCL INFO threadThresholds 8/8/64 | 448/8/64 | 8/8/512
ip-0A230414:69341:69545 [5] NCCL INFO init.cc:765 -> 2
ip-0A230414:69341:69545 [5] NCCL INFO threadThresholds 8/8/64 | 448/8/64 | 8/8/512
ip-0A230414:69337:69546 [6] NCCL INFO init.cc:765 -> 2
ip-0A230414:69337:69546 [6] NCCL INFO threadThresholds 8/8/64 | 448/8/64 | 8/8/512
ip-0A230414:69342:69540 [1] NCCL INFO threadThresholds 8/8/64 | 448/8/64 | 8/8/512
ip-0A230414:69343:69544 [4] NCCL INFO threadThresholds 8/8/64 | 448/8/64 | 8/8/512

ip-0A230417:73006:73212 [0] transport.cc:253 NCCL WARN Cannot initialize CollNet, using point-to-point network instead
ip-0A230417:73000:73209 [4] NCCL INFO init.cc:765 -> 2
ip-0A230417:73006:73212 [0] NCCL INFO init.cc:765 -> 2
