ip-0A230417:1432:1652 [3] NCCL INFO Channel 02 : 35[400000] -> 34[300000] via P2P/IPC/read
ip-0A230417:1437:1653 [1] NCCL INFO Channel 09 : 33[200000] -> 32[100000] via P2P/IPC/read
ip-0A230417:1431:1647 [5] NCCL INFO Channel 21 : 37[c00000] -> 36[b00000] via P2P/IPC/read
ip-0A230417:1433:1651 [7] NCCL INFO Channel 14 : 39[e00000] -> 32[100000] via P2P/IPC/read
ip-0A230417:1432:1652 [3] NCCL INFO Channel 03 : 35[400000] -> 34[300000] via P2P/IPC/read
ip-0A230417:1437:1653 [1] NCCL INFO Channel 16 : 33[200000] -> 32[100000] via P2P/IPC/read
ip-0A230417:1433:1651 [7] NCCL INFO Channel 18 : 39[e00000] -> 32[100000] via P2P/IPC/read
ip-0A230417:1432:1652 [3] NCCL INFO Channel 10 : 35[400000] -> 34[300000] via P2P/IPC/read
ip-0A230414:95548:95756 [4] NCCL INFO Channel 13/0 : 28[b00000] -> 21[c00000] [send] via NET/IBext/5/GDRDMA
ip-0A230417:1437:1653 [1] NCCL INFO Channel 17 : 33[200000] -> 32[100000] via P2P/IPC/read
ip-0A230417:1433:1651 [7] NCCL INFO Channel 19 : 39[e00000] -> 32[100000] via P2P/IPC/read
ip-0A230417:1432:1652 [3] NCCL INFO Channel 11 : 35[400000] -> 34[300000] via P2P/IPC/read
ip-0A230417:1433:1651 [7] NCCL INFO Channel 20 : 39[e00000] -> 32[100000] via P2P/IPC/read
ip-0A230417:1432:1652 [3] NCCL INFO Channel 18 : 35[400000] -> 34[300000] via P2P/IPC/read
ip-0A230417:1433:1651 [7] NCCL INFO Channel 21 : 39[e00000] -> 32[100000] via P2P/IPC/read
ip-0A230417:1432:1652 [3] NCCL INFO Channel 19 : 35[400000] -> 34[300000] via P2P/IPC/read
ip-0A230417:1433:1651 [7] NCCL INFO Channel 22 : 39[e00000] -> 32[100000] via P2P/IPC/read
ip-0A230417:1431:1647 [5] NCCL INFO Connected all trees
ip-0A230417:1430:1648 [4] NCCL INFO Connected all trees
ip-0A230417:1432:1652 [3] NCCL INFO Connected all trees
ip-0A230417:1434:1649 [2] NCCL INFO Connected all trees
ip-0A230417:1433:1651 [7] NCCL INFO Channel 06 : 39[e00000] -> 38[d00000] via P2P/IPC/read
ip-0A230417:1433:1651 [7] NCCL INFO Channel 07 : 39[e00000] -> 38[d00000] via P2P/IPC/read
ip-0A230417:1433:1651 [7] NCCL INFO Channel 14 : 39[e00000] -> 38[d00000] via P2P/IPC/read
ip-0A230417:1433:1651 [7] NCCL INFO Channel 15 : 39[e00000] -> 38[d00000] via P2P/IPC/read
ip-0A230417:1433:1651 [7] NCCL INFO Channel 22 : 39[e00000] -> 38[d00000] via P2P/IPC/read
ip-0A230417:1433:1651 [7] NCCL INFO Channel 23 : 39[e00000] -> 38[d00000] via P2P/IPC/read
ip-0A230417:1438:1650 [0] NCCL INFO Connected all trees
ip-0A230417:1437:1653 [1] NCCL INFO Connected all trees
ip-0A230417:1433:1651 [7] NCCL INFO Connected all trees
ip-0A230417:1435:1646 [6] NCCL INFO Connected all trees
ip-0A230417:1438:1650 [0] NCCL INFO CollNet 00 : 32 [receive] via COLLNET/SHARP/0/GDRDMA
ip-0A230412:11631:11836 [6] NCCL INFO Channel 07 : 22[d00000] -> 16[100000] via P2P/IPC/read
ip-0A230412:11631:11836 [6] NCCL INFO Channel 15 : 22[d00000] -> 16[100000] via P2P/IPC/read
ip-0A23040F:17668:17888 [3] NCCL INFO Channel 02 : 11[400000] -> 10[300000] via P2P/IPC/read
ip-0A23040F:17668:17888 [3] NCCL INFO Channel 03 : 11[400000] -> 10[300000] via P2P/IPC/read
ip-0A23040F:17668:17888 [3] NCCL INFO Channel 10 : 11[400000] -> 10[300000] via P2P/IPC/read
ip-0A23040F:17668:17888 [3] NCCL INFO Channel 11 : 11[400000] -> 10[300000] via P2P/IPC/read
ip-0A23040F:17668:17888 [3] NCCL INFO Channel 18 : 11[400000] -> 10[300000] via P2P/IPC/read
ip-0A23040F:17668:17888 [3] NCCL INFO Channel 19 : 11[400000] -> 10[300000] via P2P/IPC/read
ip-0A23040F:17668:17888 [3] NCCL INFO Connected all trees
ip-0A23040F:17670:17884 [2] NCCL INFO Connected all trees
ip-0A230412:11631:11836 [6] NCCL INFO Channel 23 : 22[d00000] -> 16[100000] via P2P/IPC/read
ip-0A230414:95551:95754 [3] NCCL INFO Channel 02 : 27[400000] -> 26[300000] via P2P/IPC/read
ip-0A230414:95551:95754 [3] NCCL INFO Channel 03 : 27[400000] -> 26[300000] via P2P/IPC/read
ip-0A230414:95551:95754 [3] NCCL INFO Channel 10 : 27[400000] -> 26[300000] via P2P/IPC/read
ip-0A230414:95551:95754 [3] NCCL INFO Channel 11 : 27[400000] -> 26[300000] via P2P/IPC/read
ip-0A230414:95550:95753 [1] NCCL INFO Channel 00 : 25[200000] -> 24[100000] via P2P/IPC/read
ip-0A230414:95551:95754 [3] NCCL INFO Channel 18 : 27[400000] -> 26[300000] via P2P/IPC/read
ip-0A230414:95550:95753 [1] NCCL INFO Channel 01 : 25[200000] -> 24[100000] via P2P/IPC/read
ip-0A230414:95551:95754 [3] NCCL INFO Channel 19 : 27[400000] -> 26[300000] via P2P/IPC/read
ip-0A230414:95550:95753 [1] NCCL INFO Channel 08 : 25[200000] -> 24[100000] via P2P/IPC/read
ip-0A230414:95550:95753 [1] NCCL INFO Channel 09 : 25[200000] -> 24[100000] via P2P/IPC/read
ip-0A230414:95550:95753 [1] NCCL INFO Channel 16 : 25[200000] -> 24[100000] via P2P/IPC/read
ip-0A230414:95550:95753 [1] NCCL INFO Channel 17 : 25[200000] -> 24[100000] via P2P/IPC/read
ip-0A230412:11632:11829 [5] NCCL INFO Channel 04/0 : 21[c00000] -> 12[b00000] [send] via NET/IBext/4/GDRDMA
ip-0A230412:11632:11829 [5] NCCL INFO Channel 20/0 : 21[c00000] -> 12[b00000] [send] via NET/IBext/4/GDRDMA
ip-0A230412:11625:11830 [7] NCCL INFO Channel 15/0 : 30[d00000] -> 23[e00000] [receive] via NET/IBext/7/GDRDMA
ip-0A230412:11625:11830 [7] NCCL INFO Channel 02 : 23[e00000] -> 16[100000] via P2P/IPC/read
ip-0A230412:11625:11830 [7] NCCL INFO Channel 03 : 23[e00000] -> 16[100000] via P2P/IPC/read
ip-0A230412:11626:11831 [0] NCCL INFO Channel 01/0 : 16[100000] -> 9[200000] [send] via NET/IBext/1/GDRDMA
ip-0A230412:11626:11831 [0] NCCL INFO Channel 17/0 : 16[100000] -> 9[200000] [send] via NET/IBext/1/GDRDMA
ip-0A230412:11625:11830 [7] NCCL INFO Channel 04 : 23[e00000] -> 16[100000] via P2P/IPC/read
ip-0A230412:11625:11830 [7] NCCL INFO Channel 05 : 23[e00000] -> 16[100000] via P2P/IPC/read
ip-0A230412:11623:11835 [4] NCCL INFO Channel 05/0 : 20[b00000] -> 13[c00000] [send] via NET/IBext/5/GDRDMA
ip-0A230412:11623:11835 [4] NCCL INFO Channel 21/0 : 20[b00000] -> 13[c00000] [send] via NET/IBext/5/GDRDMA
ip-0A230412:11625:11830 [7] NCCL INFO Channel 06 : 23[e00000] -> 16[100000] via P2P/IPC/read
ip-0A230412:11625:11830 [7] NCCL INFO Channel 10 : 23[e00000] -> 16[100000] via P2P/IPC/read
ip-0A230412:11627:11834 [3] NCCL INFO Channel 11/0 : 26[300000] -> 19[400000] [receive] via NET/IBext/3/GDRDMA
ip-0A230412:11625:11830 [7] NCCL INFO Channel 11 : 23[e00000] -> 16[100000] via P2P/IPC/read
ip-0A230414:95547:95757 [2] NCCL INFO Connected all trees
ip-0A230414:95551:95754 [3] NCCL INFO Connected all trees
ip-0A230412:11625:11830 [7] NCCL INFO Channel 12 : 23[e00000] -> 16[100000] via P2P/IPC/read
ip-0A230412:11629:11832 [1] NCCL INFO Channel 09/0 : 24[100000] -> 17[200000] [receive] via NET/IBext/1/GDRDMA
ip-0A230412:11625:11830 [7] NCCL INFO Channel 13 : 23[e00000] -> 16[100000] via P2P/IPC/read
ip-0A230412:11625:11830 [7] NCCL INFO Channel 14 : 23[e00000] -> 16[100000] via P2P/IPC/read
ip-0A230412:11632:11829 [5] NCCL INFO Channel 05/0 : 29[c00000] -> 21[c00000] [receive] via NET/IBext/5/GDRDMA
ip-0A230412:11632:11829 [5] NCCL INFO Channel 21/0 : 29[c00000] -> 21[c00000] [receive] via NET/IBext/5/GDRDMA
ip-0A230412:11625:11830 [7] NCCL INFO Channel 18 : 23[e00000] -> 16[100000] via P2P/IPC/read
ip-0A230412:11625:11830 [7] NCCL INFO Channel 19 : 23[e00000] -> 16[100000] via P2P/IPC/read
ip-0A230412:11625:11830 [7] NCCL INFO Channel 20 : 23[e00000] -> 16[100000] via P2P/IPC/read
ip-0A23040F:17673:17882 [5] NCCL INFO Channel 04 : 13[c00000] -> 12[b00000] via P2P/IPC/read
ip-0A23040F:17673:17882 [5] NCCL INFO Channel 05 : 13[c00000] -> 12[b00000] via P2P/IPC/read
ip-0A23040F:17673:17882 [5] NCCL INFO Channel 12 : 13[c00000] -> 12[b00000] via P2P/IPC/read
ip-0A23040F:17673:17882 [5] NCCL INFO Channel 13 : 13[c00000] -> 12[b00000] via P2P/IPC/read
ip-0A23040F:17673:17882 [5] NCCL INFO Channel 20 : 13[c00000] -> 12[b00000] via P2P/IPC/read
ip-0A23040F:17673:17882 [5] NCCL INFO Channel 21 : 13[c00000] -> 12[b00000] via P2P/IPC/read
ip-0A23040F:17673:17882 [5] NCCL INFO Connected all trees
ip-0A23040F:17671:17887 [4] NCCL INFO Connected all trees
ip-0A230412:11625:11830 [7] NCCL INFO Channel 21 : 23[e00000] -> 16[100000] via P2P/IPC/read
ip-0A230412:11629:11832 [1] NCCL INFO Channel 00 : 17[200000] -> 16[100000] via P2P/IPC/read
ip-0A230412:11629:11832 [1] NCCL INFO Channel 01 : 17[200000] -> 16[100000] via P2P/IPC/read
ip-0A230412:11625:11830 [7] NCCL INFO Channel 22 : 23[e00000] -> 16[100000] via P2P/IPC/read
ip-0A230412:11627:11834 [3] NCCL INFO Channel 02 : 19[400000] -> 18[300000] via P2P/IPC/read
ip-0A230412:11629:11832 [1] NCCL INFO Channel 08 : 17[200000] -> 16[100000] via P2P/IPC/read
ip-0A230412:11627:11834 [3] NCCL INFO Channel 03 : 19[400000] -> 18[300000] via P2P/IPC/read
ip-0A230412:11629:11832 [1] NCCL INFO Channel 09 : 17[200000] -> 16[100000] via P2P/IPC/read
ip-0A230412:11627:11834 [3] NCCL INFO Channel 10 : 19[400000] -> 18[300000] via P2P/IPC/read
ip-0A230412:11629:11832 [1] NCCL INFO Channel 16 : 17[200000] -> 16[100000] via P2P/IPC/read
ip-0A230414:95546:95755 [5] NCCL INFO Channel 04 : 29[c00000] -> 28[b00000] via P2P/IPC/read
ip-0A230412:11627:11834 [3] NCCL INFO Channel 11 : 19[400000] -> 18[300000] via P2P/IPC/read
ip-0A230412:11629:11832 [1] NCCL INFO Channel 17 : 17[200000] -> 16[100000] via P2P/IPC/read
ip-0A230412:11627:11834 [3] NCCL INFO Channel 18 : 19[400000] -> 18[300000] via P2P/IPC/read
ip-0A230414:95546:95755 [5] NCCL INFO Channel 05 : 29[c00000] -> 28[b00000] via P2P/IPC/read
ip-0A230414:95546:95755 [5] NCCL INFO Channel 12 : 29[c00000] -> 28[b00000] via P2P/IPC/read
ip-0A230412:11627:11834 [3] NCCL INFO Channel 19 : 19[400000] -> 18[300000] via P2P/IPC/read
ip-0A230414:95546:95755 [5] NCCL INFO Channel 13 : 29[c00000] -> 28[b00000] via P2P/IPC/read
ip-0A230414:95549:95759 [6] NCCL INFO Channel 07 : 30[d00000] -> 24[100000] via P2P/IPC/read
ip-0A230414:95546:95755 [5] NCCL INFO Channel 20 : 29[c00000] -> 28[b00000] via P2P/IPC/read
ip-0A230414:95549:95759 [6] NCCL INFO Channel 15 : 30[d00000] -> 24[100000] via P2P/IPC/read
ip-0A230414:95546:95755 [5] NCCL INFO Channel 21 : 29[c00000] -> 28[b00000] via P2P/IPC/read
ip-0A230414:95549:95759 [6] NCCL INFO Channel 23 : 30[d00000] -> 24[100000] via P2P/IPC/read
ip-0A230414:95549:95759 [6] NCCL INFO Connected all trees
ip-0A230414:95553:95752 [7] NCCL INFO Connected all trees
ip-0A230414:95554:95758 [0] NCCL INFO Connected all trees
ip-0A230414:95550:95753 [1] NCCL INFO Connected all trees
ip-0A230414:95554:95758 [0] NCCL INFO CollNet 00 : 24 [receive] via COLLNET/SHARP/0/GDRDMA
ip-0A230412:11632:11829 [5] NCCL INFO Channel 13/0 : 28[b00000] -> 21[c00000] [receive] via NET/IBext/5/GDRDMA
ip-0A23040F:17672:17889 [1] NCCL INFO Channel 00 : 9[200000] -> 8[100000] via P2P/IPC/read
ip-0A23040F:17672:17889 [1] NCCL INFO Channel 01 : 9[200000] -> 8[100000] via P2P/IPC/read
ip-0A23040F:17672:17889 [1] NCCL INFO Channel 08 : 9[200000] -> 8[100000] via P2P/IPC/read
ip-0A23040F:17672:17889 [1] NCCL INFO Channel 09 : 9[200000] -> 8[100000] via P2P/IPC/read
ip-0A23040F:17672:17889 [1] NCCL INFO Channel 16 : 9[200000] -> 8[100000] via P2P/IPC/read
ip-0A23040F:17672:17889 [1] NCCL INFO Channel 17 : 9[200000] -> 8[100000] via P2P/IPC/read
ip-0A23040F:17672:17889 [1] NCCL INFO Connected all trees
ip-0A23040F:17674:17883 [0] NCCL INFO Connected all trees
ip-0A23040F:17674:17883 [0] NCCL INFO CollNet 00 : 8 [receive] via COLLNET/SHARP/0/GDRDMA
ip-0A230414:95548:95756 [4] NCCL INFO Connected all trees
ip-0A230414:95546:95755 [5] NCCL INFO Connected all trees
ip-0A230412:11627:11834 [3] NCCL INFO Connected all trees
ip-0A230412:11624:11833 [2] NCCL INFO Connected all trees
ip-0A230412:11632:11829 [5] NCCL INFO Channel 04 : 21[c00000] -> 20[b00000] via P2P/IPC/read
ip-0A230412:11632:11829 [5] NCCL INFO Channel 05 : 21[c00000] -> 20[b00000] via P2P/IPC/read
ip-0A230412:11625:11830 [7] NCCL INFO Channel 06 : 23[e00000] -> 22[d00000] via P2P/IPC/read
ip-0A230412:11632:11829 [5] NCCL INFO Channel 12 : 21[c00000] -> 20[b00000] via P2P/IPC/read
ip-0A230412:11625:11830 [7] NCCL INFO Channel 07 : 23[e00000] -> 22[d00000] via P2P/IPC/read
ip-0A230412:11632:11829 [5] NCCL INFO Channel 13 : 21[c00000] -> 20[b00000] via P2P/IPC/read
ip-0A230412:11625:11830 [7] NCCL INFO Channel 14 : 23[e00000] -> 22[d00000] via P2P/IPC/read
ip-0A230412:11632:11829 [5] NCCL INFO Channel 20 : 21[c00000] -> 20[b00000] via P2P/IPC/read
ip-0A230412:11625:11830 [7] NCCL INFO Channel 15 : 23[e00000] -> 22[d00000] via P2P/IPC/read
ip-0A230412:11632:11829 [5] NCCL INFO Channel 21 : 21[c00000] -> 20[b00000] via P2P/IPC/read
ip-0A230412:11625:11830 [7] NCCL INFO Channel 22 : 23[e00000] -> 22[d00000] via P2P/IPC/read
ip-0A230412:11625:11830 [7] NCCL INFO Channel 23 : 23[e00000] -> 22[d00000] via P2P/IPC/read
ip-0A230412:11632:11829 [5] NCCL INFO Connected all trees
ip-0A230412:11623:11835 [4] NCCL INFO Connected all trees
ip-0A230412:11626:11831 [0] NCCL INFO Connected all trees
ip-0A230412:11629:11832 [1] NCCL INFO Connected all trees
ip-0A230412:11625:11830 [7] NCCL INFO Connected all trees
ip-0A230412:11631:11836 [6] NCCL INFO Connected all trees
ip-0A230412:11626:11831 [0] NCCL INFO CollNet 00 : 16 [receive] via COLLNET/SHARP/0/GDRDMA
ip-0A230412:11626:12003 [0] NCCL INFO NCCL_SHARP_GROUP_SIZE_THRESH set by environment to 3.
ip-0A230412:11629:11832 [1] NCCL INFO CollNet 01 : 17 [receive] via COLLNET/SHARP/1/GDRDMA
ip-0A230414:95554:95922 [0] NCCL INFO NCCL_SHARP_GROUP_SIZE_THRESH set by environment to 3.
ip-0A230414:95550:95753 [1] NCCL INFO CollNet 01 : 25 [receive] via COLLNET/SHARP/1/GDRDMA
ip-0A230417:1438:1808 [0] NCCL INFO NCCL_SHARP_GROUP_SIZE_THRESH set by environment to 3.
ip-0A230406:54244:54622 [0] NCCL INFO NCCL_SHARP_GROUP_SIZE_THRESH set by environment to 3.
ip-0A230417:1437:1653 [1] NCCL INFO CollNet 01 : 33 [receive] via COLLNET/SHARP/1/GDRDMA
ip-0A23040D:50481:50856 [0] NCCL INFO NCCL_SHARP_GROUP_SIZE_THRESH set by environment to 3.
ip-0A23040D:50484:50684 [1] NCCL INFO CollNet 01 : 1 [receive] via COLLNET/SHARP/1/GDRDMA
ip-0A230406:54243:54450 [1] NCCL INFO CollNet 01 : 41 [receive] via COLLNET/SHARP/1/GDRDMA
ip-0A230408:72000:72372 [0] NCCL INFO NCCL_SHARP_GROUP_SIZE_THRESH set by environment to 3.
ip-0A23040F:17674:18054 [0] NCCL INFO NCCL_SHARP_GROUP_SIZE_THRESH set by environment to 3.
ip-0A230408:72025:72204 [1] NCCL INFO CollNet 01 : 49 [receive] via COLLNET/SHARP/1/GDRDMA
ip-0A23040F:17672:17889 [1] NCCL INFO CollNet 01 : 9 [receive] via COLLNET/SHARP/1/GDRDMA
[ip-0A23040D:0:50481 - context.c:584] INFO job (ID: 2524862485819750042) resource request quota: ( osts:0 user_data_per_ost:0 max_groups:0 max_qps:1 max_group_channels:1, num_trees:1)
[ip-0A23040D:0:50481 unique id 0] ERROR No Aggregation Manager (sharp_am) detected in sharp_create_job.

[ip-0A23040D:0:50481 - context.c:601] ERROR sharp_create_job failed: No Aggregation Manager (sharp_am) detected(-52)
ip-0A230408:72000:72372 [0] NCCL INFO Sharp rank 6/7 initialized on mlx5_ib0:1

ip-0A230408:72000:72372 [0] sharp_plugin.c:288 NCCL WARN NET/IB :SHARP coll init error: Cannot create SHArP job(-11)

ip-0A230408:72000:72372 [0] NCCL INFO include/coll_net.h:21 -> 3
ip-0A230414:95554:95922 [0] NCCL INFO Sharp rank 3/7 initialized on mlx5_ib0:1

ip-0A230414:95554:95922 [0] sharp_plugin.c:288 NCCL WARN NET/IB :SHARP coll init error: Cannot create SHArP job(-11)

ip-0A230414:95554:95922 [0] NCCL INFO include/coll_net.h:21 -> 3
ip-0A230414:95554:95758 [0] NCCL INFO transport.cc:222 -> 2
ip-0A230408:72000:72208 [0] NCCL INFO transport.cc:222 -> 2
ip-0A230406:54244:54622 [0] NCCL INFO Sharp rank 5/7 initialized on mlx5_ib0:1

ip-0A230406:54244:54622 [0] sharp_plugin.c:288 NCCL WARN NET/IB :SHARP coll init error: Cannot create SHArP job(-11)

ip-0A230406:54244:54622 [0] NCCL INFO include/coll_net.h:21 -> 3
ip-0A230417:1438:1808 [0] NCCL INFO Sharp rank 4/7 initialized on mlx5_ib0:1

ip-0A230417:1438:1808 [0] sharp_plugin.c:288 NCCL WARN NET/IB :SHARP coll init error: Cannot create SHArP job(-11)

ip-0A230417:1438:1808 [0] NCCL INFO include/coll_net.h:21 -> 3
ip-0A230412:11626:12003 [0] NCCL INFO Sharp rank 2/7 initialized on mlx5_ib0:1

ip-0A230412:11626:12003 [0] sharp_plugin.c:288 NCCL WARN NET/IB :SHARP coll init error: Cannot create SHArP job(-11)

ip-0A230412:11626:12003 [0] NCCL INFO include/coll_net.h:21 -> 3
ip-0A23040F:17674:18054 [0] NCCL INFO Sharp rank 1/7 initialized on mlx5_ib0:1

ip-0A23040F:17674:18054 [0] sharp_plugin.c:288 NCCL WARN NET/IB :SHARP coll init error: Cannot create SHArP job(-11)

ip-0A23040F:17674:18054 [0] NCCL INFO include/coll_net.h:21 -> 3
ip-0A230406:54244:54453 [0] NCCL INFO transport.cc:222 -> 2
ip-0A230417:1438:1650 [0] NCCL INFO transport.cc:222 -> 2
ip-0A230412:11626:11831 [0] NCCL INFO transport.cc:222 -> 2
ip-0A23040F:17674:17883 [0] NCCL INFO transport.cc:222 -> 2
ip-0A23040D:50481:50856 [0] NCCL INFO Sharp rank 0/7 initialized on mlx5_ib0:1

ip-0A23040D:50481:50856 [0] sharp_plugin.c:288 NCCL WARN NET/IB :SHARP coll init error: Cannot create SHArP job(-11)

ip-0A23040D:50481:50856 [0] NCCL INFO include/coll_net.h:21 -> 3
ip-0A23040D:50481:50688 [0] NCCL INFO transport.cc:222 -> 2
ip-0A23040D:50484:50855 [1] NCCL INFO NCCL_SHARP_GROUP_SIZE_THRESH set by environment to 3.
ip-0A23040D:50478:50689 [2] NCCL INFO CollNet 02 : 2 [receive] via COLLNET/SHARP/2/GDRDMA
ip-0A23040F:17672:18051 [1] NCCL INFO NCCL_SHARP_GROUP_SIZE_THRESH set by environment to 3.
ip-0A23040F:17670:17884 [2] NCCL INFO CollNet 02 : 10 [receive] via COLLNET/SHARP/2/GDRDMA
ip-0A230412:11629:12001 [1] NCCL INFO NCCL_SHARP_GROUP_SIZE_THRESH set by environment to 3.
ip-0A230414:95550:95920 [1] NCCL INFO NCCL_SHARP_GROUP_SIZE_THRESH set by environment to 3.
ip-0A230414:95547:95757 [2] NCCL INFO CollNet 02 : 26 [receive] via COLLNET/SHARP/2/GDRDMA
ip-0A230417:1437:1811 [1] NCCL INFO NCCL_SHARP_GROUP_SIZE_THRESH set by environment to 3.
ip-0A230406:54243:54618 [1] NCCL INFO NCCL_SHARP_GROUP_SIZE_THRESH set by environment to 3.
ip-0A230417:1434:1649 [2] NCCL INFO CollNet 02 : 34 [receive] via COLLNET/SHARP/2/GDRDMA
ip-0A230406:54249:54454 [2] NCCL INFO CollNet 02 : 42 [receive] via COLLNET/SHARP/2/GDRDMA
ip-0A230408:72025:72369 [1] NCCL INFO NCCL_SHARP_GROUP_SIZE_THRESH set by environment to 3.
ip-0A230408:71997:72209 [2] NCCL INFO CollNet 02 : 50 [receive] via COLLNET/SHARP/2/GDRDMA
ip-0A230412:11624:11833 [2] NCCL INFO CollNet 02 : 18 [receive] via COLLNET/SHARP/2/GDRDMA
[ip-0A23040D:0:50484 - context.c:584] INFO job (ID: 2524863171922160116) resource request quota: ( osts:0 user_data_per_ost:0 max_groups:0 max_qps:1 max_group_channels:1, num_trees:1)
[ip-0A23040D:0:50484 unique id 0] ERROR No Aggregation Manager (sharp_am) detected in sharp_create_job.

[ip-0A23040D:0:50484 - context.c:601] ERROR sharp_create_job failed: No Aggregation Manager (sharp_am) detected(-52)
ip-0A230417:1437:1811 [1] NCCL INFO Sharp rank 4/7 initialized on mlx5_ib1:1

ip-0A230417:1437:1811 [1] sharp_plugin.c:288 NCCL WARN NET/IB :SHARP coll init error: Cannot create SHArP job(-11)

ip-0A230417:1437:1811 [1] NCCL INFO include/coll_net.h:21 -> 3
ip-0A23040F:17672:18051 [1] NCCL INFO Sharp rank 1/7 initialized on mlx5_ib1:1

ip-0A23040F:17672:18051 [1] sharp_plugin.c:288 NCCL WARN NET/IB :SHARP coll init error: Cannot create SHArP job(-11)

ip-0A23040F:17672:18051 [1] NCCL INFO include/coll_net.h:21 -> 3
ip-0A230414:95550:95920 [1] NCCL INFO Sharp rank 3/7 initialized on mlx5_ib1:1

ip-0A230414:95550:95920 [1] sharp_plugin.c:288 NCCL WARN NET/IB :SHARP coll init error: Cannot create SHArP job(-11)

ip-0A230414:95550:95920 [1] NCCL INFO include/coll_net.h:21 -> 3
ip-0A230406:54243:54618 [1] NCCL INFO Sharp rank 5/7 initialized on mlx5_ib1:1

ip-0A230406:54243:54618 [1] sharp_plugin.c:288 NCCL WARN NET/IB :SHARP coll init error: Cannot create SHArP job(-11)

ip-0A230406:54243:54618 [1] NCCL INFO include/coll_net.h:21 -> 3
ip-0A230412:11629:12001 [1] NCCL INFO Sharp rank 2/7 initialized on mlx5_ib1:1

ip-0A230412:11629:12001 [1] sharp_plugin.c:288 NCCL WARN NET/IB :SHARP coll init error: Cannot create SHArP job(-11)

ip-0A230412:11629:12001 [1] NCCL INFO include/coll_net.h:21 -> 3
ip-0A230408:72025:72369 [1] NCCL INFO Sharp rank 6/7 initialized on mlx5_ib1:1

ip-0A230408:72025:72369 [1] sharp_plugin.c:288 NCCL WARN NET/IB :SHARP coll init error: Cannot create SHArP job(-11)

ip-0A230408:72025:72369 [1] NCCL INFO include/coll_net.h:21 -> 3
ip-0A23040F:17672:17889 [1] NCCL INFO transport.cc:222 -> 2
ip-0A230417:1437:1653 [1] NCCL INFO transport.cc:222 -> 2
ip-0A230414:95550:95753 [1] NCCL INFO transport.cc:222 -> 2
ip-0A230406:54243:54450 [1] NCCL INFO transport.cc:222 -> 2
ip-0A230412:11629:11832 [1] NCCL INFO transport.cc:222 -> 2
ip-0A230408:72025:72204 [1] NCCL INFO transport.cc:222 -> 2
ip-0A23040D:50484:50855 [1] NCCL INFO Sharp rank 0/7 initialized on mlx5_ib1:1

ip-0A23040D:50484:50855 [1] sharp_plugin.c:288 NCCL WARN NET/IB :SHARP coll init error: Cannot create SHArP job(-11)

ip-0A23040D:50484:50855 [1] NCCL INFO include/coll_net.h:21 -> 3
ip-0A23040D:50484:50684 [1] NCCL INFO transport.cc:222 -> 2
ip-0A23040D:50478:50854 [2] NCCL INFO NCCL_SHARP_GROUP_SIZE_THRESH set by environment to 3.
ip-0A23040D:50485:50683 [3] NCCL INFO CollNet 03 : 3 [receive] via COLLNET/SHARP/3/GDRDMA
ip-0A23040F:17670:18052 [2] NCCL INFO NCCL_SHARP_GROUP_SIZE_THRESH set by environment to 3.
ip-0A23040F:17668:17888 [3] NCCL INFO CollNet 03 : 11 [receive] via COLLNET/SHARP/3/GDRDMA
ip-0A230412:11624:12002 [2] NCCL INFO NCCL_SHARP_GROUP_SIZE_THRESH set by environment to 3.
ip-0A230412:11627:11834 [3] NCCL INFO CollNet 03 : 19 [receive] via COLLNET/SHARP/3/GDRDMA
ip-0A230414:95547:95924 [2] NCCL INFO NCCL_SHARP_GROUP_SIZE_THRESH set by environment to 3.
ip-0A230414:95551:95754 [3] NCCL INFO CollNet 03 : 27 [receive] via COLLNET/SHARP/3/GDRDMA
ip-0A230406:54249:54617 [2] NCCL INFO NCCL_SHARP_GROUP_SIZE_THRESH set by environment to 3.
ip-0A230417:1434:1809 [2] NCCL INFO NCCL_SHARP_GROUP_SIZE_THRESH set by environment to 3.
ip-0A230406:54245:54455 [3] NCCL INFO CollNet 03 : 43 [receive] via COLLNET/SHARP/3/GDRDMA
ip-0A230417:1432:1652 [3] NCCL INFO CollNet 03 : 35 [receive] via COLLNET/SHARP/3/GDRDMA
ip-0A230408:71997:72370 [2] NCCL INFO NCCL_SHARP_GROUP_SIZE_THRESH set by environment to 3.
ip-0A230408:71996:72203 [3] NCCL INFO CollNet 03 : 51 [receive] via COLLNET/SHARP/3/GDRDMA
[ip-0A23040D:0:50478 - context.c:584] INFO job (ID: 2524863144081862079) resource request quota: ( osts:0 user_data_per_ost:0 max_groups:0 max_qps:1 max_group_channels:1, num_trees:1)
[ip-0A23040D:0:50478 unique id 0] ERROR No Aggregation Manager (sharp_am) detected in sharp_create_job.

[ip-0A23040D:0:50478 - context.c:601] ERROR sharp_create_job failed: No Aggregation Manager (sharp_am) detected(-52)
ip-0A230406:54249:54617 [2] NCCL INFO Sharp rank 5/7 initialized on mlx5_ib2:1
ip-0A23040F:17670:18052 [2] NCCL INFO Sharp rank 1/7 initialized on mlx5_ib2:1

ip-0A23040F:17670:18052 [2] sharp_plugin.c:288 NCCL WARN NET/IB :SHARP coll init error: Cannot create SHArP job(-11)

ip-0A23040F:17670:18052 [2] NCCL INFO include/coll_net.h:21 -> 3
ip-0A230417:1434:1809 [2] NCCL INFO Sharp rank 4/7 initialized on mlx5_ib2:1

ip-0A230417:1434:1809 [2] sharp_plugin.c:288 NCCL WARN NET/IB :SHARP coll init error: Cannot create SHArP job(-11)

ip-0A230417:1434:1809 [2] NCCL INFO include/coll_net.h:21 -> 3
ip-0A230408:71997:72370 [2] NCCL INFO Sharp rank 6/7 initialized on mlx5_ib2:1

ip-0A230408:71997:72370 [2] sharp_plugin.c:288 NCCL WARN NET/IB :SHARP coll init error: Cannot create SHArP job(-11)

ip-0A230408:71997:72370 [2] NCCL INFO include/coll_net.h:21 -> 3
ip-0A230412:11624:12002 [2] NCCL INFO Sharp rank 2/7 initialized on mlx5_ib2:1

ip-0A230412:11624:12002 [2] sharp_plugin.c:288 NCCL WARN NET/IB :SHARP coll init error: Cannot create SHArP job(-11)

ip-0A230412:11624:12002 [2] NCCL INFO include/coll_net.h:21 -> 3
ip-0A230414:95547:95924 [2] NCCL INFO Sharp rank 3/7 initialized on mlx5_ib2:1

ip-0A230414:95547:95924 [2] sharp_plugin.c:288 NCCL WARN NET/IB :SHARP coll init error: Cannot create SHArP job(-11)

ip-0A230414:95547:95924 [2] NCCL INFO include/coll_net.h:21 -> 3

ip-0A230406:54249:54617 [2] sharp_plugin.c:288 NCCL WARN NET/IB :SHARP coll init error: Cannot create SHArP job(-11)

ip-0A23040F:17670:17884 [2] NCCL INFO transport.cc:222 -> 2
ip-0A230406:54249:54617 [2] NCCL INFO include/coll_net.h:21 -> 3
ip-0A230406:54249:54454 [2] NCCL INFO transport.cc:222 -> 2
ip-0A230417:1434:1649 [2] NCCL INFO transport.cc:222 -> 2
ip-0A230408:71997:72209 [2] NCCL INFO transport.cc:222 -> 2
ip-0A230412:11624:11833 [2] NCCL INFO transport.cc:222 -> 2
ip-0A230414:95547:95757 [2] NCCL INFO transport.cc:222 -> 2
ip-0A23040D:50478:50854 [2] NCCL INFO Sharp rank 0/7 initialized on mlx5_ib2:1

ip-0A23040D:50478:50854 [2] sharp_plugin.c:288 NCCL WARN NET/IB :SHARP coll init error: Cannot create SHArP job(-11)

ip-0A23040D:50478:50854 [2] NCCL INFO include/coll_net.h:21 -> 3
ip-0A23040D:50478:50689 [2] NCCL INFO transport.cc:222 -> 2
ip-0A23040D:50485:50851 [3] NCCL INFO NCCL_SHARP_GROUP_SIZE_THRESH set by environment to 3.
ip-0A23040D:50482:50685 [4] NCCL INFO CollNet 04 : 4 [receive] via COLLNET/SHARP/4/GDRDMA
ip-0A23040F:17668:18053 [3] NCCL INFO NCCL_SHARP_GROUP_SIZE_THRESH set by environment to 3.
ip-0A23040F:17671:17887 [4] NCCL INFO CollNet 04 : 12 [receive] via COLLNET/SHARP/4/GDRDMA
ip-0A230412:11627:12004 [3] NCCL INFO NCCL_SHARP_GROUP_SIZE_THRESH set by environment to 3.
ip-0A230412:11623:11835 [4] NCCL INFO CollNet 04 : 20 [receive] via COLLNET/SHARP/4/GDRDMA
ip-0A230414:95551:95925 [3] NCCL INFO NCCL_SHARP_GROUP_SIZE_THRESH set by environment to 3.
ip-0A230414:95548:95756 [4] NCCL INFO CollNet 04 : 28 [receive] via COLLNET/SHARP/4/GDRDMA
ip-0A230417:1432:1805 [3] NCCL INFO NCCL_SHARP_GROUP_SIZE_THRESH set by environment to 3.
ip-0A230417:1430:1648 [4] NCCL INFO CollNet 04 : 36 [receive] via COLLNET/SHARP/4/GDRDMA
ip-0A230406:54245:54615 [3] NCCL INFO NCCL_SHARP_GROUP_SIZE_THRESH set by environment to 3.
ip-0A230408:71996:72374 [3] NCCL INFO NCCL_SHARP_GROUP_SIZE_THRESH set by environment to 3.
ip-0A230406:54247:54452 [4] NCCL INFO CollNet 04 : 44 [receive] via COLLNET/SHARP/4/GDRDMA
ip-0A230408:72002:72207 [4] NCCL INFO CollNet 04 : 52 [receive] via COLLNET/SHARP/4/GDRDMA
[ip-0A23040D:0:50485 - context.c:584] INFO job (ID: 2524863280992848705) resource request quota: ( osts:0 user_data_per_ost:0 max_groups:0 max_qps:1 max_group_channels:1, num_trees:1)
[ip-0A23040D:0:50485 unique id 0] ERROR No Aggregation Manager (sharp_am) detected in sharp_create_job.

[ip-0A23040D:0:50485 - context.c:601] ERROR sharp_create_job failed: No Aggregation Manager (sharp_am) detected(-52)
ip-0A230408:71996:72374 [3] NCCL INFO Sharp rank 6/7 initialized on mlx5_ib3:1

ip-0A230408:71996:72374 [3] sharp_plugin.c:288 NCCL WARN NET/IB :SHARP coll init error: Cannot create SHArP job(-11)

ip-0A230408:71996:72374 [3] NCCL INFO include/coll_net.h:21 -> 3
ip-0A230406:54245:54615 [3] NCCL INFO Sharp rank 5/7 initialized on mlx5_ib3:1

ip-0A230406:54245:54615 [3] sharp_plugin.c:288 NCCL WARN NET/IB :SHARP coll init error: Cannot create SHArP job(-11)

ip-0A230406:54245:54615 [3] NCCL INFO include/coll_net.h:21 -> 3
ip-0A230417:1432:1805 [3] NCCL INFO Sharp rank 4/7 initialized on mlx5_ib3:1

ip-0A230417:1432:1805 [3] sharp_plugin.c:288 NCCL WARN NET/IB :SHARP coll init error: Cannot create SHArP job(-11)

ip-0A230417:1432:1805 [3] NCCL INFO include/coll_net.h:21 -> 3
ip-0A23040F:17668:18053 [3] NCCL INFO Sharp rank 1/7 initialized on mlx5_ib3:1

ip-0A23040F:17668:18053 [3] sharp_plugin.c:288 NCCL WARN NET/IB :SHARP coll init error: Cannot create SHArP job(-11)

ip-0A23040F:17668:18053 [3] NCCL INFO include/coll_net.h:21 -> 3
ip-0A230414:95551:95925 [3] NCCL INFO Sharp rank 3/7 initialized on mlx5_ib3:1

ip-0A230414:95551:95925 [3] sharp_plugin.c:288 NCCL WARN NET/IB :SHARP coll init error: Cannot create SHArP job(-11)

ip-0A230414:95551:95925 [3] NCCL INFO include/coll_net.h:21 -> 3
ip-0A230412:11627:12004 [3] NCCL INFO Sharp rank 2/7 initialized on mlx5_ib3:1

ip-0A230412:11627:12004 [3] sharp_plugin.c:288 NCCL WARN NET/IB :SHARP coll init error: Cannot create SHArP job(-11)

ip-0A230412:11627:12004 [3] NCCL INFO include/coll_net.h:21 -> 3
ip-0A230408:71996:72203 [3] NCCL INFO transport.cc:222 -> 2
ip-0A230406:54245:54455 [3] NCCL INFO transport.cc:222 -> 2
ip-0A23040F:17668:17888 [3] NCCL INFO transport.cc:222 -> 2
ip-0A230414:95551:95754 [3] NCCL INFO transport.cc:222 -> 2
ip-0A230412:11627:11834 [3] NCCL INFO transport.cc:222 -> 2
ip-0A230417:1432:1652 [3] NCCL INFO transport.cc:222 -> 2
ip-0A23040D:50485:50851 [3] NCCL INFO Sharp rank 0/7 initialized on mlx5_ib3:1

ip-0A23040D:50485:50851 [3] sharp_plugin.c:288 NCCL WARN NET/IB :SHARP coll init error: Cannot create SHArP job(-11)

ip-0A23040D:50485:50851 [3] NCCL INFO include/coll_net.h:21 -> 3
ip-0A23040D:50485:50683 [3] NCCL INFO transport.cc:222 -> 2
ip-0A23040D:50482:50858 [4] NCCL INFO NCCL_SHARP_GROUP_SIZE_THRESH set by environment to 3.
ip-0A23040D:50480:50690 [5] NCCL INFO CollNet 05 : 5 [receive] via COLLNET/SHARP/5/GDRDMA
ip-0A23040F:17671:18055 [4] NCCL INFO NCCL_SHARP_GROUP_SIZE_THRESH set by environment to 3.
ip-0A23040F:17673:17882 [5] NCCL INFO CollNet 05 : 13 [receive] via COLLNET/SHARP/5/GDRDMA
ip-0A230412:11623:11998 [4] NCCL INFO NCCL_SHARP_GROUP_SIZE_THRESH set by environment to 3.
ip-0A230412:11632:11829 [5] NCCL INFO CollNet 05 : 21 [receive] via COLLNET/SHARP/5/GDRDMA
ip-0A230417:1430:1807 [4] NCCL INFO NCCL_SHARP_GROUP_SIZE_THRESH set by environment to 3.
ip-0A230414:95548:95918 [4] NCCL INFO NCCL_SHARP_GROUP_SIZE_THRESH set by environment to 3.
ip-0A230406:54247:54619 [4] NCCL INFO NCCL_SHARP_GROUP_SIZE_THRESH set by environment to 3.
ip-0A230414:95546:95755 [5] NCCL INFO CollNet 05 : 29 [receive] via COLLNET/SHARP/5/GDRDMA
ip-0A230406:54246:54456 [5] NCCL INFO CollNet 05 : 45 [receive] via COLLNET/SHARP/5/GDRDMA
ip-0A230417:1431:1647 [5] NCCL INFO CollNet 05 : 37 [receive] via COLLNET/SHARP/5/GDRDMA
ip-0A230408:72002:72375 [4] NCCL INFO NCCL_SHARP_GROUP_SIZE_THRESH set by environment to 3.
ip-0A230408:71999:72205 [5] NCCL INFO CollNet 05 : 53 [receive] via COLLNET/SHARP/5/GDRDMA
[ip-0A23040D:0:50482 - context.c:584] INFO job (ID: 2524862802558433695) resource request quota: ( osts:0 user_data_per_ost:0 max_groups:0 max_qps:1 max_group_channels:1, num_trees:1)
[ip-0A23040D:0:50482 unique id 0] ERROR No Aggregation Manager (sharp_am) detected in sharp_create_job.

[ip-0A23040D:0:50482 - context.c:601] ERROR sharp_create_job failed: No Aggregation Manager (sharp_am) detected(-52)
ip-0A230408:72002:72375 [4] NCCL INFO Sharp rank 6/7 initialized on mlx5_ib4:1

ip-0A230408:72002:72375 [4] sharp_plugin.c:288 NCCL WARN NET/IB :SHARP coll init error: Cannot create SHArP job(-11)

ip-0A230408:72002:72375 [4] NCCL INFO include/coll_net.h:21 -> 3
ip-0A230414:95548:95918 [4] NCCL INFO Sharp rank 3/7 initialized on mlx5_ib4:1

ip-0A230414:95548:95918 [4] sharp_plugin.c:288 NCCL WARN NET/IB :SHARP coll init error: Cannot create SHArP job(-11)

ip-0A230414:95548:95918 [4] NCCL INFO include/coll_net.h:21 -> 3
ip-0A230406:54247:54619 [4] NCCL INFO Sharp rank 5/7 initialized on mlx5_ib4:1

ip-0A230406:54247:54619 [4] sharp_plugin.c:288 NCCL WARN NET/IB :SHARP coll init error: Cannot create SHArP job(-11)

ip-0A230406:54247:54619 [4] NCCL INFO include/coll_net.h:21 -> 3
ip-0A230417:1430:1807 [4] NCCL INFO Sharp rank 4/7 initialized on mlx5_ib4:1

ip-0A230417:1430:1807 [4] sharp_plugin.c:288 NCCL WARN NET/IB :SHARP coll init error: Cannot create SHArP job(-11)

ip-0A230417:1430:1807 [4] NCCL INFO include/coll_net.h:21 -> 3
ip-0A230408:72002:72207 [4] NCCL INFO transport.cc:222 -> 2
ip-0A230412:11623:11998 [4] NCCL INFO Sharp rank 2/7 initialized on mlx5_ib4:1

ip-0A230412:11623:11998 [4] sharp_plugin.c:288 NCCL WARN NET/IB :SHARP coll init error: Cannot create SHArP job(-11)

ip-0A230412:11623:11998 [4] NCCL INFO include/coll_net.h:21 -> 3
ip-0A23040F:17671:18055 [4] NCCL INFO Sharp rank 1/7 initialized on mlx5_ib4:1

ip-0A23040F:17671:18055 [4] sharp_plugin.c:288 NCCL WARN NET/IB :SHARP coll init error: Cannot create SHArP job(-11)

ip-0A23040F:17671:18055 [4] NCCL INFO include/coll_net.h:21 -> 3
ip-0A230414:95548:95756 [4] NCCL INFO transport.cc:222 -> 2
ip-0A230406:54247:54452 [4] NCCL INFO transport.cc:222 -> 2
ip-0A230417:1430:1648 [4] NCCL INFO transport.cc:222 -> 2
ip-0A230412:11623:11835 [4] NCCL INFO transport.cc:222 -> 2
ip-0A23040F:17671:17887 [4] NCCL INFO transport.cc:222 -> 2
ip-0A23040D:50482:50858 [4] NCCL INFO Sharp rank 0/7 initialized on mlx5_ib4:1

ip-0A23040D:50482:50858 [4] sharp_plugin.c:288 NCCL WARN NET/IB :SHARP coll init error: Cannot create SHArP job(-11)

ip-0A23040D:50482:50858 [4] NCCL INFO include/coll_net.h:21 -> 3
ip-0A23040D:50482:50685 [4] NCCL INFO transport.cc:222 -> 2
ip-0A23040D:50480:50853 [5] NCCL INFO NCCL_SHARP_GROUP_SIZE_THRESH set by environment to 3.
ip-0A23040D:50483:50687 [6] NCCL INFO CollNet 06 : 6 [receive] via COLLNET/SHARP/6/GDRDMA
ip-0A23040F:17673:18048 [5] NCCL INFO NCCL_SHARP_GROUP_SIZE_THRESH set by environment to 3.
ip-0A23040F:17669:17886 [6] NCCL INFO CollNet 06 : 14 [receive] via COLLNET/SHARP/6/GDRDMA
ip-0A230412:11632:11997 [5] NCCL INFO NCCL_SHARP_GROUP_SIZE_THRESH set by environment to 3.
ip-0A230412:11631:11836 [6] NCCL INFO CollNet 06 : 22 [receive] via COLLNET/SHARP/6/GDRDMA
ip-0A230414:95546:95923 [5] NCCL INFO NCCL_SHARP_GROUP_SIZE_THRESH set by environment to 3.
ip-0A230417:1431:1810 [5] NCCL INFO NCCL_SHARP_GROUP_SIZE_THRESH set by environment to 3.
ip-0A230414:95549:95759 [6] NCCL INFO CollNet 06 : 30 [receive] via COLLNET/SHARP/6/GDRDMA
ip-0A230417:1435:1646 [6] NCCL INFO CollNet 06 : 38 [receive] via COLLNET/SHARP/6/GDRDMA
ip-0A230406:54246:54621 [5] NCCL INFO NCCL_SHARP_GROUP_SIZE_THRESH set by environment to 3.
ip-0A230408:71999:72376 [5] NCCL INFO NCCL_SHARP_GROUP_SIZE_THRESH set by environment to 3.
ip-0A230408:72001:72210 [6] NCCL INFO CollNet 06 : 54 [receive] via COLLNET/SHARP/6/GDRDMA
ip-0A230406:54248:54449 [6] NCCL INFO CollNet 06 : 46 [receive] via COLLNET/SHARP/6/GDRDMA
[ip-0A23040D:0:50480 - context.c:584] INFO job (ID: 2524863140949939874) resource request quota: ( osts:0 user_data_per_ost:0 max_groups:0 max_qps:1 max_group_channels:1, num_trees:1)
[ip-0A23040D:0:50480 unique id 0] ERROR No Aggregation Manager (sharp_am) detected in sharp_create_job.

[ip-0A23040D:0:50480 - context.c:601] ERROR sharp_create_job failed: No Aggregation Manager (sharp_am) detected(-52)
ip-0A230408:71999:72376 [5] NCCL INFO Sharp rank 6/7 initialized on mlx5_ib5:1

ip-0A230408:71999:72376 [5] sharp_plugin.c:288 NCCL WARN NET/IB :SHARP coll init error: Cannot create SHArP job(-11)

ip-0A230408:71999:72376 [5] NCCL INFO include/coll_net.h:21 -> 3
ip-0A230406:54246:54621 [5] NCCL INFO Sharp rank 5/7 initialized on mlx5_ib5:1

ip-0A230406:54246:54621 [5] sharp_plugin.c:288 NCCL WARN NET/IB :SHARP coll init error: Cannot create SHArP job(-11)

ip-0A230406:54246:54621 [5] NCCL INFO include/coll_net.h:21 -> 3
ip-0A230417:1431:1810 [5] NCCL INFO Sharp rank 4/7 initialized on mlx5_ib5:1

ip-0A230417:1431:1810 [5] sharp_plugin.c:288 NCCL WARN NET/IB :SHARP coll init error: Cannot create SHArP job(-11)

ip-0A230417:1431:1810 [5] NCCL INFO include/coll_net.h:21 -> 3
ip-0A230414:95546:95923 [5] NCCL INFO Sharp rank 3/7 initialized on mlx5_ib5:1

ip-0A230414:95546:95923 [5] sharp_plugin.c:288 NCCL WARN NET/IB :SHARP coll init error: Cannot create SHArP job(-11)

ip-0A230414:95546:95923 [5] NCCL INFO include/coll_net.h:21 -> 3
ip-0A23040F:17673:18048 [5] NCCL INFO Sharp rank 1/7 initialized on mlx5_ib5:1

ip-0A23040F:17673:18048 [5] sharp_plugin.c:288 NCCL WARN NET/IB :SHARP coll init error: Cannot create SHArP job(-11)

ip-0A23040F:17673:18048 [5] NCCL INFO include/coll_net.h:21 -> 3
ip-0A230412:11632:11997 [5] NCCL INFO Sharp rank 2/7 initialized on mlx5_ib5:1

ip-0A230412:11632:11997 [5] sharp_plugin.c:288 NCCL WARN NET/IB :SHARP coll init error: Cannot create SHArP job(-11)

ip-0A230412:11632:11997 [5] NCCL INFO include/coll_net.h:21 -> 3
ip-0A230408:71999:72205 [5] NCCL INFO transport.cc:222 -> 2
ip-0A230406:54246:54456 [5] NCCL INFO transport.cc:222 -> 2
ip-0A230417:1431:1647 [5] NCCL INFO transport.cc:222 -> 2
ip-0A230414:95546:95755 [5] NCCL INFO transport.cc:222 -> 2
ip-0A230412:11632:11829 [5] NCCL INFO transport.cc:222 -> 2
ip-0A23040F:17673:17882 [5] NCCL INFO transport.cc:222 -> 2
ip-0A23040D:50480:50853 [5] NCCL INFO Sharp rank 0/7 initialized on mlx5_ib5:1

ip-0A23040D:50480:50853 [5] sharp_plugin.c:288 NCCL WARN NET/IB :SHARP coll init error: Cannot create SHArP job(-11)

ip-0A23040D:50480:50853 [5] NCCL INFO include/coll_net.h:21 -> 3
ip-0A23040D:50480:50690 [5] NCCL INFO transport.cc:222 -> 2
ip-0A23040D:50483:50857 [6] NCCL INFO NCCL_SHARP_GROUP_SIZE_THRESH set by environment to 3.
ip-0A23040D:50479:50686 [7] NCCL INFO CollNet 07 : 7 [receive] via COLLNET/SHARP/7/GDRDMA
ip-0A23040F:17669:18049 [6] NCCL INFO NCCL_SHARP_GROUP_SIZE_THRESH set by environment to 3.
ip-0A23040F:17675:17885 [7] NCCL INFO CollNet 07 : 15 [receive] via COLLNET/SHARP/7/GDRDMA
ip-0A230412:11631:12000 [6] NCCL INFO NCCL_SHARP_GROUP_SIZE_THRESH set by environment to 3.
ip-0A230414:95549:95919 [6] NCCL INFO NCCL_SHARP_GROUP_SIZE_THRESH set by environment to 3.
ip-0A230412:11625:11830 [7] NCCL INFO CollNet 07 : 23 [receive] via COLLNET/SHARP/7/GDRDMA
ip-0A230414:95553:95752 [7] NCCL INFO CollNet 07 : 31 [receive] via COLLNET/SHARP/7/GDRDMA
ip-0A230417:1435:1812 [6] NCCL INFO NCCL_SHARP_GROUP_SIZE_THRESH set by environment to 3.
ip-0A230417:1433:1651 [7] NCCL INFO CollNet 07 : 39 [receive] via COLLNET/SHARP/7/GDRDMA
ip-0A230406:54248:54616 [6] NCCL INFO NCCL_SHARP_GROUP_SIZE_THRESH set by environment to 3.
ip-0A230406:54250:54451 [7] NCCL INFO CollNet 07 : 47 [receive] via COLLNET/SHARP/7/GDRDMA
ip-0A230408:72001:72373 [6] NCCL INFO NCCL_SHARP_GROUP_SIZE_THRESH set by environment to 3.
ip-0A230408:72003:72206 [7] NCCL INFO CollNet 07 : 55 [receive] via COLLNET/SHARP/7/GDRDMA
[ip-0A23040D:0:50483 - context.c:584] INFO job (ID: 2524862583963188584) resource request quota: ( osts:0 user_data_per_ost:0 max_groups:0 max_qps:1 max_group_channels:1, num_trees:1)
[ip-0A23040D:0:50483 unique id 0] ERROR No Aggregation Manager (sharp_am) detected in sharp_create_job.

[ip-0A23040D:0:50483 - context.c:601] ERROR sharp_create_job failed: No Aggregation Manager (sharp_am) detected(-52)
ip-0A230408:72001:72373 [6] NCCL INFO Sharp rank 6/7 initialized on mlx5_ib6:1

ip-0A230408:72001:72373 [6] sharp_plugin.c:288 NCCL WARN NET/IB :SHARP coll init error: Cannot create SHArP job(-11)

ip-0A230408:72001:72373 [6] NCCL INFO include/coll_net.h:21 -> 3
ip-0A230406:54248:54616 [6] NCCL INFO Sharp rank 5/7 initialized on mlx5_ib6:1

ip-0A230406:54248:54616 [6] sharp_plugin.c:288 NCCL WARN NET/IB :SHARP coll init error: Cannot create SHArP job(-11)

ip-0A230406:54248:54616 [6] NCCL INFO include/coll_net.h:21 -> 3
ip-0A230417:1435:1812 [6] NCCL INFO Sharp rank 4/7 initialized on mlx5_ib6:1

ip-0A230417:1435:1812 [6] sharp_plugin.c:288 NCCL WARN NET/IB :SHARP coll init error: Cannot create SHArP job(-11)

ip-0A230417:1435:1812 [6] NCCL INFO include/coll_net.h:21 -> 3
ip-0A230414:95549:95919 [6] NCCL INFO Sharp rank 3/7 initialized on mlx5_ib6:1

ip-0A230414:95549:95919 [6] sharp_plugin.c:288 NCCL WARN NET/IB :SHARP coll init error: Cannot create SHArP job(-11)

ip-0A230414:95549:95919 [6] NCCL INFO include/coll_net.h:21 -> 3
ip-0A230412:11631:12000 [6] NCCL INFO Sharp rank 2/7 initialized on mlx5_ib6:1

ip-0A230412:11631:12000 [6] sharp_plugin.c:288 NCCL WARN NET/IB :SHARP coll init error: Cannot create SHArP job(-11)

ip-0A230412:11631:12000 [6] NCCL INFO include/coll_net.h:21 -> 3
ip-0A23040F:17669:18049 [6] NCCL INFO Sharp rank 1/7 initialized on mlx5_ib6:1

ip-0A23040F:17669:18049 [6] sharp_plugin.c:288 NCCL WARN NET/IB :SHARP coll init error: Cannot create SHArP job(-11)

ip-0A23040F:17669:18049 [6] NCCL INFO include/coll_net.h:21 -> 3
ip-0A230408:72001:72210 [6] NCCL INFO transport.cc:222 -> 2
ip-0A230406:54248:54449 [6] NCCL INFO transport.cc:222 -> 2
ip-0A230417:1435:1646 [6] NCCL INFO transport.cc:222 -> 2
ip-0A230414:95549:95759 [6] NCCL INFO transport.cc:222 -> 2
ip-0A230412:11631:11836 [6] NCCL INFO transport.cc:222 -> 2
ip-0A23040F:17669:17886 [6] NCCL INFO transport.cc:222 -> 2
ip-0A23040D:50483:50857 [6] NCCL INFO Sharp rank 0/7 initialized on mlx5_ib6:1

ip-0A23040D:50483:50857 [6] sharp_plugin.c:288 NCCL WARN NET/IB :SHARP coll init error: Cannot create SHArP job(-11)

ip-0A23040D:50483:50857 [6] NCCL INFO include/coll_net.h:21 -> 3
ip-0A23040D:50483:50687 [6] NCCL INFO transport.cc:222 -> 2
ip-0A23040D:50479:50852 [7] NCCL INFO NCCL_SHARP_GROUP_SIZE_THRESH set by environment to 3.
ip-0A23040F:17675:18050 [7] NCCL INFO NCCL_SHARP_GROUP_SIZE_THRESH set by environment to 3.
ip-0A230412:11625:11999 [7] NCCL INFO NCCL_SHARP_GROUP_SIZE_THRESH set by environment to 3.
ip-0A230414:95553:95921 [7] NCCL INFO NCCL_SHARP_GROUP_SIZE_THRESH set by environment to 3.
ip-0A230417:1433:1806 [7] NCCL INFO NCCL_SHARP_GROUP_SIZE_THRESH set by environment to 3.
ip-0A230406:54250:54620 [7] NCCL INFO NCCL_SHARP_GROUP_SIZE_THRESH set by environment to 3.
ip-0A230408:72003:72371 [7] NCCL INFO NCCL_SHARP_GROUP_SIZE_THRESH set by environment to 3.
[ip-0A23040D:0:50479 - context.c:584] INFO job (ID: 2524862484006095244) resource request quota: ( osts:0 user_data_per_ost:0 max_groups:0 max_qps:1 max_group_channels:1, num_trees:1)
[ip-0A23040D:0:50479 unique id 0] ERROR No Aggregation Manager (sharp_am) detected in sharp_create_job.

[ip-0A23040D:0:50479 - context.c:601] ERROR sharp_create_job failed: No Aggregation Manager (sharp_am) detected(-52)
ip-0A230417:1433:1806 [7] NCCL INFO Sharp rank 4/7 initialized on mlx5_ib7:1

ip-0A230417:1433:1806 [7] sharp_plugin.c:288 NCCL WARN NET/IB :SHARP coll init error: Cannot create SHArP job(-11)

ip-0A230417:1433:1806 [7] NCCL INFO include/coll_net.h:21 -> 3
ip-0A230412:11625:11999 [7] NCCL INFO Sharp rank 2/7 initialized on mlx5_ib7:1

ip-0A230412:11625:11999 [7] sharp_plugin.c:288 NCCL WARN NET/IB :SHARP coll init error: Cannot create SHArP job(-11)

ip-0A230412:11625:11999 [7] NCCL INFO include/coll_net.h:21 -> 3
ip-0A230414:95553:95921 [7] NCCL INFO Sharp rank 3/7 initialized on mlx5_ib7:1

ip-0A230414:95553:95921 [7] sharp_plugin.c:288 NCCL WARN NET/IB :SHARP coll init error: Cannot create SHArP job(-11)

ip-0A230414:95553:95921 [7] NCCL INFO include/coll_net.h:21 -> 3
ip-0A230408:72003:72371 [7] NCCL INFO Sharp rank 6/7 initialized on mlx5_ib7:1

ip-0A230408:72003:72371 [7] sharp_plugin.c:288 NCCL WARN NET/IB :SHARP coll init error: Cannot create SHArP job(-11)

ip-0A230408:72003:72371 [7] NCCL INFO include/coll_net.h:21 -> 3
ip-0A230406:54250:54620 [7] NCCL INFO Sharp rank 5/7 initialized on mlx5_ib7:1

ip-0A230406:54250:54620 [7] sharp_plugin.c:288 NCCL WARN NET/IB :SHARP coll init error: Cannot create SHArP job(-11)

ip-0A230406:54250:54620 [7] NCCL INFO include/coll_net.h:21 -> 3
ip-0A23040F:17675:18050 [7] NCCL INFO Sharp rank 1/7 initialized on mlx5_ib7:1

ip-0A23040F:17675:18050 [7] sharp_plugin.c:288 NCCL WARN NET/IB :SHARP coll init error: Cannot create SHArP job(-11)

ip-0A23040F:17675:18050 [7] NCCL INFO include/coll_net.h:21 -> 3
ip-0A230417:1433:1651 [7] NCCL INFO transport.cc:222 -> 2
ip-0A230412:11625:11830 [7] NCCL INFO transport.cc:222 -> 2
ip-0A230406:54250:54451 [7] NCCL INFO transport.cc:222 -> 2
ip-0A23040F:17675:17885 [7] NCCL INFO transport.cc:222 -> 2
ip-0A230414:95553:95752 [7] NCCL INFO transport.cc:222 -> 2
ip-0A230408:72003:72206 [7] NCCL INFO transport.cc:222 -> 2
ip-0A230406:54250:54451 [7] NCCL INFO init.cc:765 -> 2
ip-0A230414:95553:95752 [7] NCCL INFO init.cc:765 -> 2
ip-0A230414:95553:95752 [7] NCCL INFO threadThresholds 8/8/64 | 448/8/64 | 8/8/512
ip-0A230408:72003:72206 [7] NCCL INFO init.cc:765 -> 2
ip-0A230417:1433:1651 [7] NCCL INFO init.cc:765 -> 2
ip-0A230417:1433:1651 [7] NCCL INFO threadThresholds 8/8/64 | 448/8/64 | 8/8/512
ip-0A230408:72001:72210 [6] NCCL INFO init.cc:765 -> 2
ip-0A230408:72003:72206 [7] NCCL INFO threadThresholds 8/8/64 | 448/8/64 | 8/8/512
ip-0A230408:72001:72210 [6] NCCL INFO threadThresholds 8/8/64 | 448/8/64 | 8/8/512

ip-0A230408:72000:72208 [0] transport.cc:253 NCCL WARN Cannot initialize CollNet, using point-to-point network instead
ip-0A230408:72000:72208 [0] NCCL INFO init.cc:765 -> 2
ip-0A230408:72025:72204 [1] NCCL INFO init.cc:765 -> 2
ip-0A230408:72000:72208 [0] NCCL INFO threadThresholds 8/8/64 | 448/8/64 | 8/8/512
ip-0A230408:72025:72204 [1] NCCL INFO threadThresholds 8/8/64 | 448/8/64 | 8/8/512
ip-0A230408:71997:72209 [2] NCCL INFO init.cc:765 -> 2
ip-0A230408:72002:72207 [4] NCCL INFO init.cc:765 -> 2
ip-0A230408:72002:72207 [4] NCCL INFO threadThresholds 8/8/64 | 448/8/64 | 8/8/512
ip-0A230408:71999:72205 [5] NCCL INFO init.cc:765 -> 2
ip-0A230406:54250:54451 [7] NCCL INFO threadThresholds 8/8/64 | 448/8/64 | 8/8/512

ip-0A230406:54244:54453 [0] transport.cc:253 NCCL WARN Cannot initialize CollNet, using point-to-point network instead
ip-0A230406:54243:54450 [1] NCCL INFO init.cc:765 -> 2
ip-0A230406:54244:54453 [0] NCCL INFO init.cc:765 -> 2
ip-0A230406:54249:54454 [2] NCCL INFO init.cc:765 -> 2
ip-0A230406:54244:54453 [0] NCCL INFO threadThresholds 8/8/64 | 448/8/64 | 8/8/512
ip-0A230414:95547:95757 [2] NCCL INFO init.cc:765 -> 2
ip-0A230406:54243:54450 [1] NCCL INFO threadThresholds 8/8/64 | 448/8/64 | 8/8/512
ip-0A230414:95546:95755 [5] NCCL INFO init.cc:765 -> 2
ip-0A230406:54245:54455 [3] NCCL INFO init.cc:765 -> 2

ip-0A230414:95554:95758 [0] transport.cc:253 NCCL WARN Cannot initialize CollNet, using point-to-point network instead
ip-0A230414:95554:95758 [0] NCCL INFO init.cc:765 -> 2
ip-0A230414:95554:95758 [0] NCCL INFO threadThresholds 8/8/64 | 448/8/64 | 8/8/512
ip-0A230406:54248:54449 [6] NCCL INFO init.cc:765 -> 2
ip-0A230406:54248:54449 [6] NCCL INFO threadThresholds 8/8/64 | 448/8/64 | 8/8/512
ip-0A230414:95547:95757 [2] NCCL INFO threadThresholds 8/8/64 | 448/8/64 | 8/8/512
ip-0A230406:54249:54454 [2] NCCL INFO threadThresholds 8/8/64 | 448/8/64 | 8/8/512
ip-0A23040F:17675:17885 [7] NCCL INFO init.cc:765 -> 2
ip-0A23040F:17675:17885 [7] NCCL INFO threadThresholds 8/8/64 | 448/8/64 | 8/8/512
ip-0A230414:95551:95754 [3] NCCL INFO init.cc:765 -> 2
ip-0A230414:95551:95754 [3] NCCL INFO threadThresholds 8/8/64 | 448/8/64 | 8/8/512
ip-0A230406:54245:54455 [3] NCCL INFO threadThresholds 8/8/64 | 448/8/64 | 8/8/512

ip-0A230417:1438:1650 [0] transport.cc:253 NCCL WARN Cannot initialize CollNet, using point-to-point network instead
ip-0A230417:1438:1650 [0] NCCL INFO init.cc:765 -> 2
ip-0A230414:95548:95756 [4] NCCL INFO init.cc:765 -> 2
ip-0A230414:95548:95756 [4] NCCL INFO threadThresholds 8/8/64 | 448/8/64 | 8/8/512
ip-0A230406:54247:54452 [4] NCCL INFO init.cc:765 -> 2
ip-0A230406:54247:54452 [4] NCCL INFO threadThresholds 8/8/64 | 448/8/64 | 8/8/512
ip-0A230417:1430:1648 [4] NCCL INFO init.cc:765 -> 2
ip-0A230414:95546:95755 [5] NCCL INFO threadThresholds 8/8/64 | 448/8/64 | 8/8/512
ip-0A230406:54246:54456 [5] NCCL INFO init.cc:765 -> 2
ip-0A230406:54246:54456 [5] NCCL INFO threadThresholds 8/8/64 | 448/8/64 | 8/8/512
ip-0A230417:1435:1646 [6] NCCL INFO init.cc:765 -> 2
ip-0A230414:95549:95759 [6] NCCL INFO init.cc:765 -> 2
ip-0A230414:95549:95759 [6] NCCL INFO threadThresholds 8/8/64 | 448/8/64 | 8/8/512
ip-0A230417:1438:1650 [0] NCCL INFO threadThresholds 8/8/64 | 448/8/64 | 8/8/512
ip-0A230414:95550:95753 [1] NCCL INFO init.cc:765 -> 2
ip-0A230414:95550:95753 [1] NCCL INFO threadThresholds 8/8/64 | 448/8/64 | 8/8/512
ip-0A230408:71997:72209 [2] NCCL INFO threadThresholds 8/8/64 | 448/8/64 | 8/8/512
ip-0A230417:1437:1653 [1] NCCL INFO init.cc:765 -> 2
ip-0A230417:1437:1653 [1] NCCL INFO threadThresholds 8/8/64 | 448/8/64 | 8/8/512
ip-0A230408:71996:72203 [3] NCCL INFO init.cc:765 -> 2
ip-0A230417:1434:1649 [2] NCCL INFO init.cc:765 -> 2
ip-0A230417:1434:1649 [2] NCCL INFO threadThresholds 8/8/64 | 448/8/64 | 8/8/512
ip-0A230408:71999:72205 [5] NCCL INFO threadThresholds 8/8/64 | 448/8/64 | 8/8/512
ip-0A230417:1432:1652 [3] NCCL INFO init.cc:765 -> 2
ip-0A230417:1432:1652 [3] NCCL INFO threadThresholds 8/8/64 | 448/8/64 | 8/8/512
ip-0A230408:71996:72203 [3] NCCL INFO threadThresholds 8/8/64 | 448/8/64 | 8/8/512
ip-0A230417:1430:1648 [4] NCCL INFO threadThresholds 8/8/64 | 448/8/64 | 8/8/512
ip-0A230417:1431:1647 [5] NCCL INFO init.cc:765 -> 2
ip-0A230417:1431:1647 [5] NCCL INFO threadThresholds 8/8/64 | 448/8/64 | 8/8/512
ip-0A230417:1435:1646 [6] NCCL INFO threadThresholds 8/8/64 | 448/8/64 | 8/8/512

ip-0A23040F:17674:17883 [0] transport.cc:253 NCCL WARN Cannot initialize CollNet, using point-to-point network instead
ip-0A23040F:17674:17883 [0] NCCL INFO init.cc:765 -> 2
ip-0A23040F:17674:17883 [0] NCCL INFO threadThresholds 8/8/64 | 448/8/64 | 8/8/512
ip-0A23040F:17672:17889 [1] NCCL INFO init.cc:765 -> 2
ip-0A23040F:17672:17889 [1] NCCL INFO threadThresholds 8/8/64 | 448/8/64 | 8/8/512
ip-0A23040F:17670:17884 [2] NCCL INFO init.cc:765 -> 2
ip-0A23040F:17670:17884 [2] NCCL INFO threadThresholds 8/8/64 | 448/8/64 | 8/8/512
ip-0A23040F:17668:17888 [3] NCCL INFO init.cc:765 -> 2
ip-0A23040F:17668:17888 [3] NCCL INFO threadThresholds 8/8/64 | 448/8/64 | 8/8/512
ip-0A23040F:17673:17882 [5] NCCL INFO init.cc:765 -> 2
ip-0A23040F:17673:17882 [5] NCCL INFO threadThresholds 8/8/64 | 448/8/64 | 8/8/512
ip-0A23040F:17669:17886 [6] NCCL INFO init.cc:765 -> 2
ip-0A23040F:17669:17886 [6] NCCL INFO threadThresholds 8/8/64 | 448/8/64 | 8/8/512
ip-0A23040F:17671:17887 [4] NCCL INFO init.cc:765 -> 2
ip-0A23040F:17671:17887 [4] NCCL INFO threadThresholds 8/8/64 | 448/8/64 | 8/8/512
ip-0A230412:11625:11830 [7] NCCL INFO init.cc:765 -> 2
ip-0A230412:11631:11836 [6] NCCL INFO init.cc:765 -> 2
ip-0A230412:11625:11830 [7] NCCL INFO threadThresholds 8/8/64 | 448/8/64 | 8/8/512

ip-0A230412:11626:11831 [0] transport.cc:253 NCCL WARN Cannot initialize CollNet, using point-to-point network instead
