ip-0A230414:41212:41413 [4] NCCL INFO Channel 13/0 : 28[b00000] -> 21[c00000] [send] via NET/IBext/5/GDRDMA
ip-0A230417:44208:44424 [1] NCCL INFO Channel 01 : 33[200000] -> 32[100000] via P2P/IPC/read
ip-0A230417:44212:44423 [7] NCCL INFO Channel 14 : 39[e00000] -> 32[100000] via P2P/IPC/read
ip-0A230417:44207:44429 [3] NCCL INFO Channel 10 : 35[400000] -> 34[300000] via P2P/IPC/read
ip-0A230412:53927:54136 [7] NCCL INFO Channel 06 : 23[e00000] -> 16[100000] via P2P/IPC/read
ip-0A230412:53926:54134 [6] NCCL INFO Channel 07/0 : 22[d00000] -> 15[e00000] [send] via NET/IBext/7/GDRDMA
ip-0A230412:53926:54134 [6] NCCL INFO Channel 23/0 : 22[d00000] -> 15[e00000] [send] via NET/IBext/7/GDRDMA
ip-0A230417:44208:44424 [1] NCCL INFO Channel 08 : 33[200000] -> 32[100000] via P2P/IPC/read
ip-0A230417:44212:44423 [7] NCCL INFO Channel 18 : 39[e00000] -> 32[100000] via P2P/IPC/read
ip-0A230412:53927:54136 [7] NCCL INFO Channel 10 : 23[e00000] -> 16[100000] via P2P/IPC/read
ip-0A230417:44207:44429 [3] NCCL INFO Channel 11 : 35[400000] -> 34[300000] via P2P/IPC/read
ip-0A230417:44208:44424 [1] NCCL INFO Channel 09 : 33[200000] -> 32[100000] via P2P/IPC/read
ip-0A230414:41211:41415 [0] NCCL INFO Channel 09/0 : 24[100000] -> 17[200000] [send] via NET/IBext/1/GDRDMA
ip-0A230414:41213:41416 [7] NCCL INFO Channel 06 : 31[e00000] -> 30[d00000] via P2P/IPC/read
ip-0A230414:41213:41416 [7] NCCL INFO Channel 07 : 31[e00000] -> 30[d00000] via P2P/IPC/read
ip-0A230414:41213:41416 [7] NCCL INFO Channel 14 : 31[e00000] -> 30[d00000] via P2P/IPC/read
ip-0A230414:41213:41416 [7] NCCL INFO Channel 15 : 31[e00000] -> 30[d00000] via P2P/IPC/read
ip-0A230412:53927:54136 [7] NCCL INFO Channel 11 : 23[e00000] -> 16[100000] via P2P/IPC/read
ip-0A230414:41213:41416 [7] NCCL INFO Channel 22 : 31[e00000] -> 30[d00000] via P2P/IPC/read
ip-0A230414:41213:41416 [7] NCCL INFO Channel 23 : 31[e00000] -> 30[d00000] via P2P/IPC/read
ip-0A230417:44212:44423 [7] NCCL INFO Channel 19 : 39[e00000] -> 32[100000] via P2P/IPC/read
ip-0A230417:44207:44429 [3] NCCL INFO Channel 18 : 35[400000] -> 34[300000] via P2P/IPC/read
ip-0A230417:44211:44430 [2] NCCL INFO Channel 10/0 : 34[300000] -> 26[300000] [send] via NET/IBext/2/GDRDMA
ip-0A230417:44208:44424 [1] NCCL INFO Channel 16 : 33[200000] -> 32[100000] via P2P/IPC/read
ip-0A230417:44212:44423 [7] NCCL INFO Channel 20 : 39[e00000] -> 32[100000] via P2P/IPC/read
ip-0A230417:44207:44429 [3] NCCL INFO Channel 19 : 35[400000] -> 34[300000] via P2P/IPC/read
ip-0A230412:53927:54136 [7] NCCL INFO Channel 12 : 23[e00000] -> 16[100000] via P2P/IPC/read
ip-0A230417:44208:44424 [1] NCCL INFO Channel 17 : 33[200000] -> 32[100000] via P2P/IPC/read
ip-0A230417:44212:44423 [7] NCCL INFO Channel 21 : 39[e00000] -> 32[100000] via P2P/IPC/read
ip-0A230417:44212:44423 [7] NCCL INFO Channel 22 : 39[e00000] -> 32[100000] via P2P/IPC/read
ip-0A230417:44215:44428 [4] NCCL INFO Connected all trees
ip-0A230417:44214:44426 [5] NCCL INFO Connected all trees
ip-0A230417:44211:44430 [2] NCCL INFO Connected all trees
ip-0A230417:44207:44429 [3] NCCL INFO Connected all trees
ip-0A230417:44212:44423 [7] NCCL INFO Channel 06 : 39[e00000] -> 38[d00000] via P2P/IPC/read
ip-0A230417:44212:44423 [7] NCCL INFO Channel 07 : 39[e00000] -> 38[d00000] via P2P/IPC/read
ip-0A230417:44212:44423 [7] NCCL INFO Channel 14 : 39[e00000] -> 38[d00000] via P2P/IPC/read
ip-0A230417:44212:44423 [7] NCCL INFO Channel 15 : 39[e00000] -> 38[d00000] via P2P/IPC/read
ip-0A230417:44212:44423 [7] NCCL INFO Channel 22 : 39[e00000] -> 38[d00000] via P2P/IPC/read
ip-0A230417:44212:44423 [7] NCCL INFO Channel 23 : 39[e00000] -> 38[d00000] via P2P/IPC/read
ip-0A230417:44213:44427 [0] NCCL INFO Connected all trees
ip-0A230417:44212:44423 [7] NCCL INFO Connected all trees
ip-0A230417:44209:44425 [6] NCCL INFO Connected all trees
ip-0A230417:44208:44424 [1] NCCL INFO Connected all trees
ip-0A230412:53927:54136 [7] NCCL INFO Channel 13 : 23[e00000] -> 16[100000] via P2P/IPC/read
ip-0A230417:44213:44427 [0] NCCL INFO CollNet 00 : 32 [receive] via COLLNET/SHARP/0/GDRDMA
ip-0A230412:53927:54136 [7] NCCL INFO Channel 14 : 23[e00000] -> 16[100000] via P2P/IPC/read
ip-0A230412:53930:54138 [5] NCCL INFO Channel 13/0 : 28[b00000] -> 21[c00000] [receive] via NET/IBext/5/GDRDMA
ip-0A230412:53927:54136 [7] NCCL INFO Channel 18 : 23[e00000] -> 16[100000] via P2P/IPC/read
ip-0A230412:53927:54136 [7] NCCL INFO Channel 19 : 23[e00000] -> 16[100000] via P2P/IPC/read
ip-0A230412:53924:54131 [3] NCCL INFO Channel 02/0 : 19[400000] -> 10[300000] [send] via NET/IBext/2/GDRDMA
ip-0A230412:53924:54131 [3] NCCL INFO Channel 18/0 : 19[400000] -> 10[300000] [send] via NET/IBext/2/GDRDMA
ip-0A230412:53927:54136 [7] NCCL INFO Channel 20 : 23[e00000] -> 16[100000] via P2P/IPC/read
ip-0A230414:41206:41418 [2] NCCL INFO Channel 11/0 : 26[300000] -> 19[400000] [send] via NET/IBext/3/GDRDMA
ip-0A230414:41212:41413 [4] NCCL INFO Connected all trees
ip-0A230414:41208:41412 [5] NCCL INFO Connected all trees
ip-0A230412:53927:54136 [7] NCCL INFO Channel 21 : 23[e00000] -> 16[100000] via P2P/IPC/read
ip-0A230412:53928:54135 [4] NCCL INFO Channel 05/0 : 20[b00000] -> 13[c00000] [send] via NET/IBext/5/GDRDMA
ip-0A230412:53928:54135 [4] NCCL INFO Channel 21/0 : 20[b00000] -> 13[c00000] [send] via NET/IBext/5/GDRDMA
ip-0A230412:53927:54136 [7] NCCL INFO Channel 22 : 23[e00000] -> 16[100000] via P2P/IPC/read
ip-0A230412:53923:54133 [1] NCCL INFO Channel 01/0 : 25[200000] -> 17[200000] [receive] via NET/IBext/1/GDRDMA
ip-0A230412:53923:54133 [1] NCCL INFO Channel 17/0 : 25[200000] -> 17[200000] [receive] via NET/IBext/1/GDRDMA
ip-0A230414:41207:41411 [6] NCCL INFO Channel 07 : 30[d00000] -> 24[100000] via P2P/IPC/read
ip-0A230412:53930:54138 [5] NCCL INFO Channel 04 : 21[c00000] -> 20[b00000] via P2P/IPC/read
ip-0A230414:41207:41411 [6] NCCL INFO Channel 15 : 30[d00000] -> 24[100000] via P2P/IPC/read
ip-0A230414:41207:41411 [6] NCCL INFO Channel 23 : 30[d00000] -> 24[100000] via P2P/IPC/read
ip-0A230412:53930:54138 [5] NCCL INFO Channel 05 : 21[c00000] -> 20[b00000] via P2P/IPC/read
ip-0A230412:53926:54134 [6] NCCL INFO Channel 07 : 22[d00000] -> 16[100000] via P2P/IPC/read
ip-0A23040F:60409:60624 [7] NCCL INFO Channel 06 : 15[e00000] -> 14[d00000] via P2P/IPC/read
ip-0A23040F:60409:60624 [7] NCCL INFO Channel 07 : 15[e00000] -> 14[d00000] via P2P/IPC/read
ip-0A23040F:60409:60624 [7] NCCL INFO Channel 14 : 15[e00000] -> 14[d00000] via P2P/IPC/read
ip-0A23040F:60409:60624 [7] NCCL INFO Channel 15 : 15[e00000] -> 14[d00000] via P2P/IPC/read
ip-0A23040F:60409:60624 [7] NCCL INFO Channel 22 : 15[e00000] -> 14[d00000] via P2P/IPC/read
ip-0A23040F:60409:60624 [7] NCCL INFO Channel 23 : 15[e00000] -> 14[d00000] via P2P/IPC/read
ip-0A23040F:60409:60624 [7] NCCL INFO Connected all trees
ip-0A23040F:60410:60619 [6] NCCL INFO Connected all trees
ip-0A230412:53930:54138 [5] NCCL INFO Channel 12 : 21[c00000] -> 20[b00000] via P2P/IPC/read
ip-0A230412:53926:54134 [6] NCCL INFO Channel 15 : 22[d00000] -> 16[100000] via P2P/IPC/read
ip-0A230414:41210:41414 [1] NCCL INFO Channel 00 : 25[200000] -> 24[100000] via P2P/IPC/read
ip-0A230414:41210:41414 [1] NCCL INFO Channel 01 : 25[200000] -> 24[100000] via P2P/IPC/read
ip-0A230414:41210:41414 [1] NCCL INFO Channel 08 : 25[200000] -> 24[100000] via P2P/IPC/read
ip-0A230414:41210:41414 [1] NCCL INFO Channel 09 : 25[200000] -> 24[100000] via P2P/IPC/read
ip-0A230414:41210:41414 [1] NCCL INFO Channel 16 : 25[200000] -> 24[100000] via P2P/IPC/read
ip-0A230414:41210:41414 [1] NCCL INFO Channel 17 : 25[200000] -> 24[100000] via P2P/IPC/read
ip-0A230412:53930:54138 [5] NCCL INFO Channel 13 : 21[c00000] -> 20[b00000] via P2P/IPC/read
ip-0A230412:53926:54134 [6] NCCL INFO Channel 23 : 22[d00000] -> 16[100000] via P2P/IPC/read
ip-0A230412:53930:54138 [5] NCCL INFO Channel 20 : 21[c00000] -> 20[b00000] via P2P/IPC/read
ip-0A230412:53930:54138 [5] NCCL INFO Channel 21 : 21[c00000] -> 20[b00000] via P2P/IPC/read
ip-0A23040F:60401:60621 [5] NCCL INFO Channel 04 : 13[c00000] -> 12[b00000] via P2P/IPC/read
ip-0A23040F:60401:60621 [5] NCCL INFO Channel 05 : 13[c00000] -> 12[b00000] via P2P/IPC/read
ip-0A23040F:60401:60621 [5] NCCL INFO Channel 12 : 13[c00000] -> 12[b00000] via P2P/IPC/read
ip-0A23040F:60401:60621 [5] NCCL INFO Channel 13 : 13[c00000] -> 12[b00000] via P2P/IPC/read
ip-0A23040F:60401:60621 [5] NCCL INFO Channel 20 : 13[c00000] -> 12[b00000] via P2P/IPC/read
ip-0A23040F:60401:60621 [5] NCCL INFO Channel 21 : 13[c00000] -> 12[b00000] via P2P/IPC/read
ip-0A23040F:60401:60621 [5] NCCL INFO Connected all trees
ip-0A23040F:60405:60622 [4] NCCL INFO Connected all trees
ip-0A230412:53924:54131 [3] NCCL INFO Channel 03/0 : 27[400000] -> 19[400000] [receive] via NET/IBext/3/GDRDMA
ip-0A230412:53924:54131 [3] NCCL INFO Channel 19/0 : 27[400000] -> 19[400000] [receive] via NET/IBext/3/GDRDMA
ip-0A230412:53925:54132 [2] NCCL INFO Channel 03/0 : 18[300000] -> 11[400000] [send] via NET/IBext/3/GDRDMA
ip-0A230412:53925:54132 [2] NCCL INFO Channel 19/0 : 18[300000] -> 11[400000] [send] via NET/IBext/3/GDRDMA
ip-0A230412:53923:54133 [1] NCCL INFO Channel 09/0 : 24[100000] -> 17[200000] [receive] via NET/IBext/1/GDRDMA
ip-0A230414:41209:41417 [3] NCCL INFO Channel 02 : 27[400000] -> 26[300000] via P2P/IPC/read
ip-0A230414:41209:41417 [3] NCCL INFO Channel 03 : 27[400000] -> 26[300000] via P2P/IPC/read
ip-0A230414:41209:41417 [3] NCCL INFO Channel 10 : 27[400000] -> 26[300000] via P2P/IPC/read
ip-0A230414:41209:41417 [3] NCCL INFO Channel 11 : 27[400000] -> 26[300000] via P2P/IPC/read
ip-0A230414:41209:41417 [3] NCCL INFO Channel 18 : 27[400000] -> 26[300000] via P2P/IPC/read
ip-0A230414:41209:41417 [3] NCCL INFO Channel 19 : 27[400000] -> 26[300000] via P2P/IPC/read
ip-0A230414:41211:41415 [0] NCCL INFO Connected all trees
ip-0A230414:41210:41414 [1] NCCL INFO Connected all trees
ip-0A230414:41207:41411 [6] NCCL INFO Connected all trees
ip-0A230414:41213:41416 [7] NCCL INFO Connected all trees
ip-0A230414:41211:41415 [0] NCCL INFO CollNet 00 : 24 [receive] via COLLNET/SHARP/0/GDRDMA
ip-0A23040F:60407:60620 [3] NCCL INFO Channel 02 : 11[400000] -> 10[300000] via P2P/IPC/read
ip-0A23040F:60407:60620 [3] NCCL INFO Channel 03 : 11[400000] -> 10[300000] via P2P/IPC/read
ip-0A23040F:60407:60620 [3] NCCL INFO Channel 10 : 11[400000] -> 10[300000] via P2P/IPC/read
ip-0A23040F:60407:60620 [3] NCCL INFO Channel 11 : 11[400000] -> 10[300000] via P2P/IPC/read
ip-0A23040F:60407:60620 [3] NCCL INFO Channel 18 : 11[400000] -> 10[300000] via P2P/IPC/read
ip-0A23040F:60407:60620 [3] NCCL INFO Channel 19 : 11[400000] -> 10[300000] via P2P/IPC/read
ip-0A23040F:60407:60620 [3] NCCL INFO Connected all trees
ip-0A23040F:60408:60626 [2] NCCL INFO Connected all trees
ip-0A230412:53923:54133 [1] NCCL INFO Channel 00 : 17[200000] -> 16[100000] via P2P/IPC/read
ip-0A230412:53928:54135 [4] NCCL INFO Connected all trees
ip-0A230412:53930:54138 [5] NCCL INFO Connected all trees
ip-0A230412:53923:54133 [1] NCCL INFO Channel 01 : 17[200000] -> 16[100000] via P2P/IPC/read
ip-0A230412:53922:54137 [0] NCCL INFO Channel 01/0 : 16[100000] -> 9[200000] [send] via NET/IBext/1/GDRDMA
ip-0A230412:53922:54137 [0] NCCL INFO Channel 17/0 : 16[100000] -> 9[200000] [send] via NET/IBext/1/GDRDMA
ip-0A230412:53923:54133 [1] NCCL INFO Channel 08 : 17[200000] -> 16[100000] via P2P/IPC/read
ip-0A230412:53923:54133 [1] NCCL INFO Channel 09 : 17[200000] -> 16[100000] via P2P/IPC/read
ip-0A230412:53924:54131 [3] NCCL INFO Channel 11/0 : 26[300000] -> 19[400000] [receive] via NET/IBext/3/GDRDMA
ip-0A230412:53923:54133 [1] NCCL INFO Channel 16 : 17[200000] -> 16[100000] via P2P/IPC/read
ip-0A230412:53923:54133 [1] NCCL INFO Channel 17 : 17[200000] -> 16[100000] via P2P/IPC/read
ip-0A230414:41206:41418 [2] NCCL INFO Connected all trees
ip-0A230414:41209:41417 [3] NCCL INFO Connected all trees
ip-0A230412:53924:54131 [3] NCCL INFO Channel 02 : 19[400000] -> 18[300000] via P2P/IPC/read
ip-0A230412:53924:54131 [3] NCCL INFO Channel 03 : 19[400000] -> 18[300000] via P2P/IPC/read
ip-0A230412:53924:54131 [3] NCCL INFO Channel 10 : 19[400000] -> 18[300000] via P2P/IPC/read
ip-0A230412:53924:54131 [3] NCCL INFO Channel 11 : 19[400000] -> 18[300000] via P2P/IPC/read
ip-0A230412:53924:54131 [3] NCCL INFO Channel 18 : 19[400000] -> 18[300000] via P2P/IPC/read
ip-0A230412:53924:54131 [3] NCCL INFO Channel 19 : 19[400000] -> 18[300000] via P2P/IPC/read
ip-0A23040F:60406:60623 [1] NCCL INFO Channel 00 : 9[200000] -> 8[100000] via P2P/IPC/read
ip-0A23040F:60406:60623 [1] NCCL INFO Channel 01 : 9[200000] -> 8[100000] via P2P/IPC/read
ip-0A23040F:60406:60623 [1] NCCL INFO Channel 08 : 9[200000] -> 8[100000] via P2P/IPC/read
ip-0A23040F:60406:60623 [1] NCCL INFO Channel 09 : 9[200000] -> 8[100000] via P2P/IPC/read
ip-0A23040F:60406:60623 [1] NCCL INFO Channel 16 : 9[200000] -> 8[100000] via P2P/IPC/read
ip-0A23040F:60406:60623 [1] NCCL INFO Channel 17 : 9[200000] -> 8[100000] via P2P/IPC/read
ip-0A23040F:60406:60623 [1] NCCL INFO Connected all trees
ip-0A23040F:60402:60625 [0] NCCL INFO Connected all trees
ip-0A23040F:60402:60625 [0] NCCL INFO CollNet 00 : 8 [receive] via COLLNET/SHARP/0/GDRDMA
ip-0A230412:53927:54136 [7] NCCL INFO Channel 06 : 23[e00000] -> 22[d00000] via P2P/IPC/read
ip-0A230412:53924:54131 [3] NCCL INFO Connected all trees
ip-0A230412:53925:54132 [2] NCCL INFO Connected all trees
ip-0A230412:53927:54136 [7] NCCL INFO Channel 07 : 23[e00000] -> 22[d00000] via P2P/IPC/read
ip-0A230412:53927:54136 [7] NCCL INFO Channel 14 : 23[e00000] -> 22[d00000] via P2P/IPC/read
ip-0A230412:53927:54136 [7] NCCL INFO Channel 15 : 23[e00000] -> 22[d00000] via P2P/IPC/read
ip-0A230412:53927:54136 [7] NCCL INFO Channel 22 : 23[e00000] -> 22[d00000] via P2P/IPC/read
ip-0A230412:53927:54136 [7] NCCL INFO Channel 23 : 23[e00000] -> 22[d00000] via P2P/IPC/read
ip-0A230412:53922:54137 [0] NCCL INFO Connected all trees
ip-0A230412:53923:54133 [1] NCCL INFO Connected all trees
ip-0A230412:53927:54136 [7] NCCL INFO Connected all trees
ip-0A230412:53926:54134 [6] NCCL INFO Connected all trees
ip-0A230412:53922:54137 [0] NCCL INFO CollNet 00 : 16 [receive] via COLLNET/SHARP/0/GDRDMA
ip-0A230412:53922:54303 [0] NCCL INFO NCCL_SHARP_GROUP_SIZE_THRESH set by environment to 3.
ip-0A230412:53923:54133 [1] NCCL INFO CollNet 01 : 17 [receive] via COLLNET/SHARP/1/GDRDMA
ip-0A230414:41211:41578 [0] NCCL INFO NCCL_SHARP_GROUP_SIZE_THRESH set by environment to 3.
ip-0A230417:44213:44584 [0] NCCL INFO NCCL_SHARP_GROUP_SIZE_THRESH set by environment to 3.
ip-0A230414:41210:41414 [1] NCCL INFO CollNet 01 : 25 [receive] via COLLNET/SHARP/1/GDRDMA
ip-0A230417:44208:44424 [1] NCCL INFO CollNet 01 : 33 [receive] via COLLNET/SHARP/1/GDRDMA
ip-0A230406:94580:94955 [0] NCCL INFO NCCL_SHARP_GROUP_SIZE_THRESH set by environment to 3.
ip-0A230408:14958:15334 [0] NCCL INFO NCCL_SHARP_GROUP_SIZE_THRESH set by environment to 3.
ip-0A23040D:93800:94181 [0] NCCL INFO NCCL_SHARP_GROUP_SIZE_THRESH set by environment to 3.
ip-0A23040D:93803:94021 [1] NCCL INFO CollNet 01 : 1 [receive] via COLLNET/SHARP/1/GDRDMA
ip-0A230406:94581:94791 [1] NCCL INFO CollNet 01 : 41 [receive] via COLLNET/SHARP/1/GDRDMA
ip-0A23040F:60406:60623 [1] NCCL INFO CollNet 01 : 9 [receive] via COLLNET/SHARP/1/GDRDMA
ip-0A230408:14957:15167 [1] NCCL INFO CollNet 01 : 49 [receive] via COLLNET/SHARP/1/GDRDMA
ip-0A23040F:60402:60775 [0] NCCL INFO NCCL_SHARP_GROUP_SIZE_THRESH set by environment to 3.
[ip-0A23040D:0:93800 - context.c:584] INFO job (ID: 2524863170645695324) resource request quota: ( osts:0 user_data_per_ost:0 max_groups:0 max_qps:1 max_group_channels:1, num_trees:1)
[ip-0A23040D:0:93800 unique id 0] ERROR No Aggregation Manager (sharp_am) detected in sharp_create_job.

[ip-0A23040D:0:93800 - context.c:601] ERROR sharp_create_job failed: No Aggregation Manager (sharp_am) detected(-52)
ip-0A230408:14958:15334 [0] NCCL INFO Sharp rank 6/7 initialized on mlx5_ib0:1

ip-0A230408:14958:15334 [0] sharp_plugin.c:288 NCCL WARN NET/IB :SHARP coll init error: Cannot create SHArP job(-11)

ip-0A230408:14958:15334 [0] NCCL INFO include/coll_net.h:21 -> 3
ip-0A230414:41211:41578 [0] NCCL INFO Sharp rank 3/7 initialized on mlx5_ib0:1

ip-0A230414:41211:41578 [0] sharp_plugin.c:288 NCCL WARN NET/IB :SHARP coll init error: Cannot create SHArP job(-11)

ip-0A230414:41211:41578 [0] NCCL INFO include/coll_net.h:21 -> 3
ip-0A230408:14958:15164 [0] NCCL INFO transport.cc:222 -> 2
ip-0A230414:41211:41415 [0] NCCL INFO transport.cc:222 -> 2
ip-0A23040F:60402:60775 [0] NCCL INFO Sharp rank 1/7 initialized on mlx5_ib0:1

ip-0A23040F:60402:60775 [0] sharp_plugin.c:288 NCCL WARN NET/IB :SHARP coll init error: Cannot create SHArP job(-11)

ip-0A23040F:60402:60775 [0] NCCL INFO include/coll_net.h:21 -> 3
ip-0A230406:94580:94955 [0] NCCL INFO Sharp rank 5/7 initialized on mlx5_ib0:1

ip-0A230406:94580:94955 [0] sharp_plugin.c:288 NCCL WARN NET/IB :SHARP coll init error: Cannot create SHArP job(-11)

ip-0A230406:94580:94955 [0] NCCL INFO include/coll_net.h:21 -> 3
ip-0A230412:53922:54303 [0] NCCL INFO Sharp rank 2/7 initialized on mlx5_ib0:1

ip-0A230412:53922:54303 [0] sharp_plugin.c:288 NCCL WARN NET/IB :SHARP coll init error: Cannot create SHArP job(-11)

ip-0A230412:53922:54303 [0] NCCL INFO include/coll_net.h:21 -> 3
ip-0A230417:44213:44584 [0] NCCL INFO Sharp rank 4/7 initialized on mlx5_ib0:1

ip-0A230417:44213:44584 [0] sharp_plugin.c:288 NCCL WARN NET/IB :SHARP coll init error: Cannot create SHArP job(-11)

ip-0A230417:44213:44584 [0] NCCL INFO include/coll_net.h:21 -> 3
ip-0A23040F:60402:60625 [0] NCCL INFO transport.cc:222 -> 2
ip-0A230406:94580:94790 [0] NCCL INFO transport.cc:222 -> 2
ip-0A230417:44213:44427 [0] NCCL INFO transport.cc:222 -> 2
ip-0A230412:53922:54137 [0] NCCL INFO transport.cc:222 -> 2
ip-0A23040D:93800:94181 [0] NCCL INFO Sharp rank 0/7 initialized on mlx5_ib0:1

ip-0A23040D:93800:94181 [0] sharp_plugin.c:288 NCCL WARN NET/IB :SHARP coll init error: Cannot create SHArP job(-11)

ip-0A23040D:93800:94181 [0] NCCL INFO include/coll_net.h:21 -> 3
ip-0A23040D:93800:94020 [0] NCCL INFO transport.cc:222 -> 2
ip-0A23040D:93803:94187 [1] NCCL INFO NCCL_SHARP_GROUP_SIZE_THRESH set by environment to 3.
ip-0A23040D:93799:94014 [2] NCCL INFO CollNet 02 : 2 [receive] via COLLNET/SHARP/2/GDRDMA
ip-0A23040F:60406:60777 [1] NCCL INFO NCCL_SHARP_GROUP_SIZE_THRESH set by environment to 3.
ip-0A230412:53923:54298 [1] NCCL INFO NCCL_SHARP_GROUP_SIZE_THRESH set by environment to 3.
ip-0A23040F:60408:60626 [2] NCCL INFO CollNet 02 : 10 [receive] via COLLNET/SHARP/2/GDRDMA
ip-0A230414:41210:41580 [1] NCCL INFO NCCL_SHARP_GROUP_SIZE_THRESH set by environment to 3.
ip-0A230414:41206:41418 [2] NCCL INFO CollNet 02 : 26 [receive] via COLLNET/SHARP/2/GDRDMA
ip-0A230417:44208:44578 [1] NCCL INFO NCCL_SHARP_GROUP_SIZE_THRESH set by environment to 3.
ip-0A230417:44211:44430 [2] NCCL INFO CollNet 02 : 34 [receive] via COLLNET/SHARP/2/GDRDMA
ip-0A230406:94581:94959 [1] NCCL INFO NCCL_SHARP_GROUP_SIZE_THRESH set by environment to 3.
ip-0A230408:14957:15333 [1] NCCL INFO NCCL_SHARP_GROUP_SIZE_THRESH set by environment to 3.
ip-0A230406:94582:94786 [2] NCCL INFO CollNet 02 : 42 [receive] via COLLNET/SHARP/2/GDRDMA
ip-0A230408:14961:15168 [2] NCCL INFO CollNet 02 : 50 [receive] via COLLNET/SHARP/2/GDRDMA
ip-0A230412:53925:54132 [2] NCCL INFO CollNet 02 : 18 [receive] via COLLNET/SHARP/2/GDRDMA
[ip-0A23040D:0:93803 - context.c:584] INFO job (ID: 2524863040959854420) resource request quota: ( osts:0 user_data_per_ost:0 max_groups:0 max_qps:1 max_group_channels:1, num_trees:1)
[ip-0A23040D:0:93803 unique id 0] ERROR No Aggregation Manager (sharp_am) detected in sharp_create_job.

[ip-0A23040D:0:93803 - context.c:601] ERROR sharp_create_job failed: No Aggregation Manager (sharp_am) detected(-52)
ip-0A23040F:60406:60777 [1] NCCL INFO Sharp rank 1/7 initialized on mlx5_ib1:1

ip-0A23040F:60406:60777 [1] sharp_plugin.c:288 NCCL WARN NET/IB :SHARP coll init error: Cannot create SHArP job(-11)

ip-0A23040F:60406:60777 [1] NCCL INFO include/coll_net.h:21 -> 3
ip-0A230406:94581:94959 [1] NCCL INFO Sharp rank 5/7 initialized on mlx5_ib1:1

ip-0A230406:94581:94959 [1] sharp_plugin.c:288 NCCL WARN NET/IB :SHARP coll init error: Cannot create SHArP job(-11)

ip-0A230406:94581:94959 [1] NCCL INFO include/coll_net.h:21 -> 3
ip-0A230417:44208:44578 [1] NCCL INFO Sharp rank 4/7 initialized on mlx5_ib1:1

ip-0A230417:44208:44578 [1] sharp_plugin.c:288 NCCL WARN NET/IB :SHARP coll init error: Cannot create SHArP job(-11)

ip-0A230417:44208:44578 [1] NCCL INFO include/coll_net.h:21 -> 3
ip-0A230414:41210:41580 [1] NCCL INFO Sharp rank 3/7 initialized on mlx5_ib1:1

ip-0A230414:41210:41580 [1] sharp_plugin.c:288 NCCL WARN NET/IB :SHARP coll init error: Cannot create SHArP job(-11)

ip-0A230414:41210:41580 [1] NCCL INFO include/coll_net.h:21 -> 3
ip-0A230412:53923:54298 [1] NCCL INFO Sharp rank 2/7 initialized on mlx5_ib1:1

ip-0A230412:53923:54298 [1] sharp_plugin.c:288 NCCL WARN NET/IB :SHARP coll init error: Cannot create SHArP job(-11)

ip-0A230412:53923:54298 [1] NCCL INFO include/coll_net.h:21 -> 3
ip-0A230408:14957:15333 [1] NCCL INFO Sharp rank 6/7 initialized on mlx5_ib1:1

ip-0A230408:14957:15333 [1] sharp_plugin.c:288 NCCL WARN NET/IB :SHARP coll init error: Cannot create SHArP job(-11)

ip-0A230408:14957:15333 [1] NCCL INFO include/coll_net.h:21 -> 3
ip-0A23040F:60406:60623 [1] NCCL INFO transport.cc:222 -> 2
ip-0A230406:94581:94791 [1] NCCL INFO transport.cc:222 -> 2
ip-0A230412:53923:54133 [1] NCCL INFO transport.cc:222 -> 2
ip-0A230417:44208:44424 [1] NCCL INFO transport.cc:222 -> 2
ip-0A230414:41210:41414 [1] NCCL INFO transport.cc:222 -> 2
ip-0A230408:14957:15167 [1] NCCL INFO transport.cc:222 -> 2
ip-0A23040D:93803:94187 [1] NCCL INFO Sharp rank 0/7 initialized on mlx5_ib1:1

ip-0A23040D:93803:94187 [1] sharp_plugin.c:288 NCCL WARN NET/IB :SHARP coll init error: Cannot create SHArP job(-11)

ip-0A23040D:93803:94187 [1] NCCL INFO include/coll_net.h:21 -> 3
ip-0A23040D:93803:94021 [1] NCCL INFO transport.cc:222 -> 2
ip-0A23040D:93799:94184 [2] NCCL INFO NCCL_SHARP_GROUP_SIZE_THRESH set by environment to 3.
ip-0A23040D:93797:94019 [3] NCCL INFO CollNet 03 : 3 [receive] via COLLNET/SHARP/3/GDRDMA
ip-0A23040F:60408:60781 [2] NCCL INFO NCCL_SHARP_GROUP_SIZE_THRESH set by environment to 3.
ip-0A23040F:60407:60620 [3] NCCL INFO CollNet 03 : 11 [receive] via COLLNET/SHARP/3/GDRDMA
ip-0A230412:53925:54301 [2] NCCL INFO NCCL_SHARP_GROUP_SIZE_THRESH set by environment to 3.
ip-0A230412:53924:54131 [3] NCCL INFO CollNet 03 : 19 [receive] via COLLNET/SHARP/3/GDRDMA
ip-0A230417:44211:44579 [2] NCCL INFO NCCL_SHARP_GROUP_SIZE_THRESH set by environment to 3.
ip-0A230414:41206:41583 [2] NCCL INFO NCCL_SHARP_GROUP_SIZE_THRESH set by environment to 3.
ip-0A230414:41209:41417 [3] NCCL INFO CollNet 03 : 27 [receive] via COLLNET/SHARP/3/GDRDMA
ip-0A230406:94582:94960 [2] NCCL INFO NCCL_SHARP_GROUP_SIZE_THRESH set by environment to 3.
ip-0A230417:44207:44429 [3] NCCL INFO CollNet 03 : 35 [receive] via COLLNET/SHARP/3/GDRDMA
ip-0A230406:94587:94792 [3] NCCL INFO CollNet 03 : 43 [receive] via COLLNET/SHARP/3/GDRDMA
ip-0A230408:14961:15330 [2] NCCL INFO NCCL_SHARP_GROUP_SIZE_THRESH set by environment to 3.
ip-0A230408:14956:15169 [3] NCCL INFO CollNet 03 : 51 [receive] via COLLNET/SHARP/3/GDRDMA
[ip-0A23040D:0:93799 - context.c:584] INFO job (ID: 2524863280495292114) resource request quota: ( osts:0 user_data_per_ost:0 max_groups:0 max_qps:1 max_group_channels:1, num_trees:1)
[ip-0A23040D:0:93799 unique id 0] ERROR No Aggregation Manager (sharp_am) detected in sharp_create_job.

[ip-0A23040D:0:93799 - context.c:601] ERROR sharp_create_job failed: No Aggregation Manager (sharp_am) detected(-52)
ip-0A230417:44211:44579 [2] NCCL INFO Sharp rank 4/7 initialized on mlx5_ib2:1

ip-0A230417:44211:44579 [2] sharp_plugin.c:288 NCCL WARN NET/IB :SHARP coll init error: Cannot create SHArP job(-11)

ip-0A230417:44211:44579 [2] NCCL INFO include/coll_net.h:21 -> 3
ip-0A230406:94582:94960 [2] NCCL INFO Sharp rank 5/7 initialized on mlx5_ib2:1

ip-0A230406:94582:94960 [2] sharp_plugin.c:288 NCCL WARN NET/IB :SHARP coll init error: Cannot create SHArP job(-11)

ip-0A230406:94582:94960 [2] NCCL INFO include/coll_net.h:21 -> 3
ip-0A230412:53925:54301 [2] NCCL INFO Sharp rank 2/7 initialized on mlx5_ib2:1

ip-0A230412:53925:54301 [2] sharp_plugin.c:288 NCCL WARN NET/IB :SHARP coll init error: Cannot create SHArP job(-11)

ip-0A230412:53925:54301 [2] NCCL INFO include/coll_net.h:21 -> 3
ip-0A230414:41206:41583 [2] NCCL INFO Sharp rank 3/7 initialized on mlx5_ib2:1

ip-0A230414:41206:41583 [2] sharp_plugin.c:288 NCCL WARN NET/IB :SHARP coll init error: Cannot create SHArP job(-11)

ip-0A230414:41206:41583 [2] NCCL INFO include/coll_net.h:21 -> 3
ip-0A23040F:60408:60781 [2] NCCL INFO Sharp rank 1/7 initialized on mlx5_ib2:1

ip-0A23040F:60408:60781 [2] sharp_plugin.c:288 NCCL WARN NET/IB :SHARP coll init error: Cannot create SHArP job(-11)

ip-0A23040F:60408:60781 [2] NCCL INFO include/coll_net.h:21 -> 3
ip-0A230408:14961:15330 [2] NCCL INFO Sharp rank 6/7 initialized on mlx5_ib2:1

ip-0A230408:14961:15330 [2] sharp_plugin.c:288 NCCL WARN NET/IB :SHARP coll init error: Cannot create SHArP job(-11)

ip-0A230408:14961:15330 [2] NCCL INFO include/coll_net.h:21 -> 3
ip-0A23040F:60408:60626 [2] NCCL INFO transport.cc:222 -> 2
ip-0A230417:44211:44430 [2] NCCL INFO transport.cc:222 -> 2
ip-0A230406:94582:94786 [2] NCCL INFO transport.cc:222 -> 2
ip-0A230412:53925:54132 [2] NCCL INFO transport.cc:222 -> 2
ip-0A230414:41206:41418 [2] NCCL INFO transport.cc:222 -> 2
ip-0A230408:14961:15168 [2] NCCL INFO transport.cc:222 -> 2
ip-0A23040D:93799:94184 [2] NCCL INFO Sharp rank 0/7 initialized on mlx5_ib2:1

ip-0A23040D:93799:94184 [2] sharp_plugin.c:288 NCCL WARN NET/IB :SHARP coll init error: Cannot create SHArP job(-11)

ip-0A23040D:93799:94184 [2] NCCL INFO include/coll_net.h:21 -> 3
ip-0A23040D:93799:94014 [2] NCCL INFO transport.cc:222 -> 2
ip-0A23040D:93797:94188 [3] NCCL INFO NCCL_SHARP_GROUP_SIZE_THRESH set by environment to 3.
ip-0A23040D:93823:94018 [4] NCCL INFO CollNet 04 : 4 [receive] via COLLNET/SHARP/4/GDRDMA
ip-0A23040F:60407:60780 [3] NCCL INFO NCCL_SHARP_GROUP_SIZE_THRESH set by environment to 3.
ip-0A23040F:60405:60622 [4] NCCL INFO CollNet 04 : 12 [receive] via COLLNET/SHARP/4/GDRDMA
ip-0A230412:53924:54299 [3] NCCL INFO NCCL_SHARP_GROUP_SIZE_THRESH set by environment to 3.
ip-0A230412:53928:54135 [4] NCCL INFO CollNet 04 : 20 [receive] via COLLNET/SHARP/4/GDRDMA
ip-0A230414:41209:41584 [3] NCCL INFO NCCL_SHARP_GROUP_SIZE_THRESH set by environment to 3.
ip-0A230414:41212:41413 [4] NCCL INFO CollNet 04 : 28 [receive] via COLLNET/SHARP/4/GDRDMA
ip-0A230417:44207:44581 [3] NCCL INFO NCCL_SHARP_GROUP_SIZE_THRESH set by environment to 3.
ip-0A230417:44215:44428 [4] NCCL INFO CollNet 04 : 36 [receive] via COLLNET/SHARP/4/GDRDMA
ip-0A230406:94587:94957 [3] NCCL INFO NCCL_SHARP_GROUP_SIZE_THRESH set by environment to 3.
ip-0A230406:94585:94793 [4] NCCL INFO CollNet 04 : 44 [receive] via COLLNET/SHARP/4/GDRDMA
ip-0A230408:14956:15336 [3] NCCL INFO NCCL_SHARP_GROUP_SIZE_THRESH set by environment to 3.
ip-0A230408:14962:15165 [4] NCCL INFO CollNet 04 : 52 [receive] via COLLNET/SHARP/4/GDRDMA
[ip-0A23040D:0:93797 - context.c:584] INFO job (ID: 2524862758569766420) resource request quota: ( osts:0 user_data_per_ost:0 max_groups:0 max_qps:1 max_group_channels:1, num_trees:1)
[ip-0A23040D:0:93797 unique id 0] ERROR No Aggregation Manager (sharp_am) detected in sharp_create_job.

[ip-0A23040D:0:93797 - context.c:601] ERROR sharp_create_job failed: No Aggregation Manager (sharp_am) detected(-52)
ip-0A230412:53924:54299 [3] NCCL INFO Sharp rank 2/7 initialized on mlx5_ib3:1

ip-0A230412:53924:54299 [3] sharp_plugin.c:288 NCCL WARN NET/IB :SHARP coll init error: Cannot create SHArP job(-11)

ip-0A230412:53924:54299 [3] NCCL INFO include/coll_net.h:21 -> 3
ip-0A230408:14956:15336 [3] NCCL INFO Sharp rank 6/7 initialized on mlx5_ib3:1

ip-0A230408:14956:15336 [3] sharp_plugin.c:288 NCCL WARN NET/IB :SHARP coll init error: Cannot create SHArP job(-11)

ip-0A230408:14956:15336 [3] NCCL INFO include/coll_net.h:21 -> 3
ip-0A230417:44207:44581 [3] NCCL INFO Sharp rank 4/7 initialized on mlx5_ib3:1

ip-0A230417:44207:44581 [3] sharp_plugin.c:288 NCCL WARN NET/IB :SHARP coll init error: Cannot create SHArP job(-11)

ip-0A230417:44207:44581 [3] NCCL INFO include/coll_net.h:21 -> 3
ip-0A230406:94587:94957 [3] NCCL INFO Sharp rank 5/7 initialized on mlx5_ib3:1

ip-0A230406:94587:94957 [3] sharp_plugin.c:288 NCCL WARN NET/IB :SHARP coll init error: Cannot create SHArP job(-11)

ip-0A230406:94587:94957 [3] NCCL INFO include/coll_net.h:21 -> 3
ip-0A230414:41209:41584 [3] NCCL INFO Sharp rank 3/7 initialized on mlx5_ib3:1

ip-0A230414:41209:41584 [3] sharp_plugin.c:288 NCCL WARN NET/IB :SHARP coll init error: Cannot create SHArP job(-11)

ip-0A230414:41209:41584 [3] NCCL INFO include/coll_net.h:21 -> 3
ip-0A23040F:60407:60780 [3] NCCL INFO Sharp rank 1/7 initialized on mlx5_ib3:1

ip-0A23040F:60407:60780 [3] sharp_plugin.c:288 NCCL WARN NET/IB :SHARP coll init error: Cannot create SHArP job(-11)

ip-0A23040F:60407:60780 [3] NCCL INFO include/coll_net.h:21 -> 3
ip-0A230412:53924:54131 [3] NCCL INFO transport.cc:222 -> 2
ip-0A23040F:60407:60620 [3] NCCL INFO transport.cc:222 -> 2
ip-0A230417:44207:44429 [3] NCCL INFO transport.cc:222 -> 2
ip-0A230406:94587:94792 [3] NCCL INFO transport.cc:222 -> 2
ip-0A230414:41209:41417 [3] NCCL INFO transport.cc:222 -> 2
ip-0A230408:14956:15169 [3] NCCL INFO transport.cc:222 -> 2
ip-0A23040D:93797:94188 [3] NCCL INFO Sharp rank 0/7 initialized on mlx5_ib3:1

ip-0A23040D:93797:94188 [3] sharp_plugin.c:288 NCCL WARN NET/IB :SHARP coll init error: Cannot create SHArP job(-11)

ip-0A23040D:93797:94188 [3] NCCL INFO include/coll_net.h:21 -> 3
ip-0A23040D:93797:94019 [3] NCCL INFO transport.cc:222 -> 2
ip-0A23040D:93823:94185 [4] NCCL INFO NCCL_SHARP_GROUP_SIZE_THRESH set by environment to 3.
ip-0A23040D:93798:94015 [5] NCCL INFO CollNet 05 : 5 [receive] via COLLNET/SHARP/5/GDRDMA
ip-0A23040F:60405:60776 [4] NCCL INFO NCCL_SHARP_GROUP_SIZE_THRESH set by environment to 3.
ip-0A23040F:60401:60621 [5] NCCL INFO CollNet 05 : 13 [receive] via COLLNET/SHARP/5/GDRDMA
ip-0A230412:53928:54302 [4] NCCL INFO NCCL_SHARP_GROUP_SIZE_THRESH set by environment to 3.
ip-0A230412:53930:54138 [5] NCCL INFO CollNet 05 : 21 [receive] via COLLNET/SHARP/5/GDRDMA
ip-0A230414:41212:41582 [4] NCCL INFO NCCL_SHARP_GROUP_SIZE_THRESH set by environment to 3.
ip-0A230414:41208:41412 [5] NCCL INFO CollNet 05 : 29 [receive] via COLLNET/SHARP/5/GDRDMA
ip-0A230417:44215:44585 [4] NCCL INFO NCCL_SHARP_GROUP_SIZE_THRESH set by environment to 3.
ip-0A230417:44214:44426 [5] NCCL INFO CollNet 05 : 37 [receive] via COLLNET/SHARP/5/GDRDMA
ip-0A230406:94585:94958 [4] NCCL INFO NCCL_SHARP_GROUP_SIZE_THRESH set by environment to 3.
ip-0A230406:94583:94789 [5] NCCL INFO CollNet 05 : 45 [receive] via COLLNET/SHARP/5/GDRDMA
ip-0A230408:14962:15335 [4] NCCL INFO NCCL_SHARP_GROUP_SIZE_THRESH set by environment to 3.
ip-0A230408:14955:15163 [5] NCCL INFO CollNet 05 : 53 [receive] via COLLNET/SHARP/5/GDRDMA
[ip-0A23040D:0:93823 - context.c:584] INFO job (ID: 2524863036757129576) resource request quota: ( osts:0 user_data_per_ost:0 max_groups:0 max_qps:1 max_group_channels:1, num_trees:1)
[ip-0A23040D:0:93823 unique id 0] ERROR No Aggregation Manager (sharp_am) detected in sharp_create_job.

[ip-0A23040D:0:93823 - context.c:601] ERROR sharp_create_job failed: No Aggregation Manager (sharp_am) detected(-52)
ip-0A23040F:60405:60776 [4] NCCL INFO Sharp rank 1/7 initialized on mlx5_ib4:1

ip-0A23040F:60405:60776 [4] sharp_plugin.c:288 NCCL WARN NET/IB :SHARP coll init error: Cannot create SHArP job(-11)

ip-0A23040F:60405:60776 [4] NCCL INFO include/coll_net.h:21 -> 3
ip-0A230414:41212:41582 [4] NCCL INFO Sharp rank 3/7 initialized on mlx5_ib4:1

ip-0A230414:41212:41582 [4] sharp_plugin.c:288 NCCL WARN NET/IB :SHARP coll init error: Cannot create SHArP job(-11)

ip-0A230414:41212:41582 [4] NCCL INFO include/coll_net.h:21 -> 3
ip-0A230417:44215:44585 [4] NCCL INFO Sharp rank 4/7 initialized on mlx5_ib4:1

ip-0A230417:44215:44585 [4] sharp_plugin.c:288 NCCL WARN NET/IB :SHARP coll init error: Cannot create SHArP job(-11)

ip-0A230417:44215:44585 [4] NCCL INFO include/coll_net.h:21 -> 3
ip-0A230408:14962:15335 [4] NCCL INFO Sharp rank 6/7 initialized on mlx5_ib4:1

ip-0A230408:14962:15335 [4] sharp_plugin.c:288 NCCL WARN NET/IB :SHARP coll init error: Cannot create SHArP job(-11)

ip-0A230408:14962:15335 [4] NCCL INFO include/coll_net.h:21 -> 3
ip-0A230406:94585:94958 [4] NCCL INFO Sharp rank 5/7 initialized on mlx5_ib4:1

ip-0A230406:94585:94958 [4] sharp_plugin.c:288 NCCL WARN NET/IB :SHARP coll init error: Cannot create SHArP job(-11)

ip-0A230406:94585:94958 [4] NCCL INFO include/coll_net.h:21 -> 3
ip-0A230412:53928:54302 [4] NCCL INFO Sharp rank 2/7 initialized on mlx5_ib4:1

ip-0A230412:53928:54302 [4] sharp_plugin.c:288 NCCL WARN NET/IB :SHARP coll init error: Cannot create SHArP job(-11)

ip-0A230412:53928:54302 [4] NCCL INFO include/coll_net.h:21 -> 3
ip-0A23040F:60405:60622 [4] NCCL INFO transport.cc:222 -> 2
ip-0A230408:14962:15165 [4] NCCL INFO transport.cc:222 -> 2
ip-0A230417:44215:44428 [4] NCCL INFO transport.cc:222 -> 2
ip-0A230414:41212:41413 [4] NCCL INFO transport.cc:222 -> 2
ip-0A230412:53928:54135 [4] NCCL INFO transport.cc:222 -> 2
ip-0A230406:94585:94793 [4] NCCL INFO transport.cc:222 -> 2
ip-0A23040D:93823:94185 [4] NCCL INFO Sharp rank 0/7 initialized on mlx5_ib4:1

ip-0A23040D:93823:94185 [4] sharp_plugin.c:288 NCCL WARN NET/IB :SHARP coll init error: Cannot create SHArP job(-11)

ip-0A23040D:93823:94185 [4] NCCL INFO include/coll_net.h:21 -> 3
ip-0A23040D:93823:94018 [4] NCCL INFO transport.cc:222 -> 2
ip-0A23040D:93798:94182 [5] NCCL INFO NCCL_SHARP_GROUP_SIZE_THRESH set by environment to 3.
ip-0A23040D:93801:94016 [6] NCCL INFO CollNet 06 : 6 [receive] via COLLNET/SHARP/6/GDRDMA
ip-0A23040F:60401:60779 [5] NCCL INFO NCCL_SHARP_GROUP_SIZE_THRESH set by environment to 3.
ip-0A23040F:60410:60619 [6] NCCL INFO CollNet 06 : 14 [receive] via COLLNET/SHARP/6/GDRDMA
ip-0A230412:53930:54300 [5] NCCL INFO NCCL_SHARP_GROUP_SIZE_THRESH set by environment to 3.
ip-0A230414:41208:41581 [5] NCCL INFO NCCL_SHARP_GROUP_SIZE_THRESH set by environment to 3.
ip-0A230412:53926:54134 [6] NCCL INFO CollNet 06 : 22 [receive] via COLLNET/SHARP/6/GDRDMA
ip-0A230414:41207:41411 [6] NCCL INFO CollNet 06 : 30 [receive] via COLLNET/SHARP/6/GDRDMA
ip-0A230417:44214:44582 [5] NCCL INFO NCCL_SHARP_GROUP_SIZE_THRESH set by environment to 3.
ip-0A230417:44209:44425 [6] NCCL INFO CollNet 06 : 38 [receive] via COLLNET/SHARP/6/GDRDMA
ip-0A230406:94583:94956 [5] NCCL INFO NCCL_SHARP_GROUP_SIZE_THRESH set by environment to 3.
ip-0A230406:94586:94787 [6] NCCL INFO CollNet 06 : 46 [receive] via COLLNET/SHARP/6/GDRDMA
ip-0A230408:14955:15332 [5] NCCL INFO NCCL_SHARP_GROUP_SIZE_THRESH set by environment to 3.
ip-0A230408:14963:15166 [6] NCCL INFO CollNet 06 : 54 [receive] via COLLNET/SHARP/6/GDRDMA
[ip-0A23040D:0:93798 - context.c:584] INFO job (ID: 2524863173038986807) resource request quota: ( osts:0 user_data_per_ost:0 max_groups:0 max_qps:1 max_group_channels:1, num_trees:1)
[ip-0A23040D:0:93798 unique id 0] ERROR No Aggregation Manager (sharp_am) detected in sharp_create_job.

[ip-0A23040D:0:93798 - context.c:601] ERROR sharp_create_job failed: No Aggregation Manager (sharp_am) detected(-52)
ip-0A230408:14955:15332 [5] NCCL INFO Sharp rank 6/7 initialized on mlx5_ib5:1

ip-0A230408:14955:15332 [5] sharp_plugin.c:288 NCCL WARN NET/IB :SHARP coll init error: Cannot create SHArP job(-11)

ip-0A230408:14955:15332 [5] NCCL INFO include/coll_net.h:21 -> 3
ip-0A23040F:60401:60779 [5] NCCL INFO Sharp rank 1/7 initialized on mlx5_ib5:1

ip-0A23040F:60401:60779 [5] sharp_plugin.c:288 NCCL WARN NET/IB :SHARP coll init error: Cannot create SHArP job(-11)

ip-0A23040F:60401:60779 [5] NCCL INFO include/coll_net.h:21 -> 3
ip-0A230414:41208:41581 [5] NCCL INFO Sharp rank 3/7 initialized on mlx5_ib5:1

ip-0A230414:41208:41581 [5] sharp_plugin.c:288 NCCL WARN NET/IB :SHARP coll init error: Cannot create SHArP job(-11)

ip-0A230414:41208:41581 [5] NCCL INFO include/coll_net.h:21 -> 3
ip-0A230417:44214:44582 [5] NCCL INFO Sharp rank 4/7 initialized on mlx5_ib5:1

ip-0A230417:44214:44582 [5] sharp_plugin.c:288 NCCL WARN NET/IB :SHARP coll init error: Cannot create SHArP job(-11)

ip-0A230417:44214:44582 [5] NCCL INFO include/coll_net.h:21 -> 3
ip-0A230406:94583:94956 [5] NCCL INFO Sharp rank 5/7 initialized on mlx5_ib5:1

ip-0A230406:94583:94956 [5] sharp_plugin.c:288 NCCL WARN NET/IB :SHARP coll init error: Cannot create SHArP job(-11)

ip-0A230406:94583:94956 [5] NCCL INFO include/coll_net.h:21 -> 3
ip-0A230412:53930:54300 [5] NCCL INFO Sharp rank 2/7 initialized on mlx5_ib5:1

ip-0A230412:53930:54300 [5] sharp_plugin.c:288 NCCL WARN NET/IB :SHARP coll init error: Cannot create SHArP job(-11)

ip-0A230412:53930:54300 [5] NCCL INFO include/coll_net.h:21 -> 3
ip-0A23040F:60401:60621 [5] NCCL INFO transport.cc:222 -> 2
ip-0A230408:14955:15163 [5] NCCL INFO transport.cc:222 -> 2
ip-0A230417:44214:44426 [5] NCCL INFO transport.cc:222 -> 2
ip-0A230412:53930:54138 [5] NCCL INFO transport.cc:222 -> 2
ip-0A230406:94583:94789 [5] NCCL INFO transport.cc:222 -> 2
ip-0A230414:41208:41412 [5] NCCL INFO transport.cc:222 -> 2
ip-0A23040D:93798:94182 [5] NCCL INFO Sharp rank 0/7 initialized on mlx5_ib5:1

ip-0A23040D:93798:94182 [5] sharp_plugin.c:288 NCCL WARN NET/IB :SHARP coll init error: Cannot create SHArP job(-11)

ip-0A23040D:93798:94182 [5] NCCL INFO include/coll_net.h:21 -> 3
ip-0A23040D:93798:94015 [5] NCCL INFO transport.cc:222 -> 2
ip-0A23040D:93801:94186 [6] NCCL INFO NCCL_SHARP_GROUP_SIZE_THRESH set by environment to 3.
ip-0A23040D:93805:94017 [7] NCCL INFO CollNet 07 : 7 [receive] via COLLNET/SHARP/7/GDRDMA
ip-0A23040F:60410:60778 [6] NCCL INFO NCCL_SHARP_GROUP_SIZE_THRESH set by environment to 3.
ip-0A23040F:60409:60624 [7] NCCL INFO CollNet 07 : 15 [receive] via COLLNET/SHARP/7/GDRDMA
ip-0A230412:53926:54296 [6] NCCL INFO NCCL_SHARP_GROUP_SIZE_THRESH set by environment to 3.
ip-0A230412:53927:54136 [7] NCCL INFO CollNet 07 : 23 [receive] via COLLNET/SHARP/7/GDRDMA
ip-0A230414:41207:41577 [6] NCCL INFO NCCL_SHARP_GROUP_SIZE_THRESH set by environment to 3.
ip-0A230414:41213:41416 [7] NCCL INFO CollNet 07 : 31 [receive] via COLLNET/SHARP/7/GDRDMA
ip-0A230417:44209:44583 [6] NCCL INFO NCCL_SHARP_GROUP_SIZE_THRESH set by environment to 3.
ip-0A230417:44212:44423 [7] NCCL INFO CollNet 07 : 39 [receive] via COLLNET/SHARP/7/GDRDMA
ip-0A230406:94586:94962 [6] NCCL INFO NCCL_SHARP_GROUP_SIZE_THRESH set by environment to 3.
ip-0A230408:14963:15337 [6] NCCL INFO NCCL_SHARP_GROUP_SIZE_THRESH set by environment to 3.
ip-0A230406:94598:94788 [7] NCCL INFO CollNet 07 : 47 [receive] via COLLNET/SHARP/7/GDRDMA
ip-0A230408:14959:15162 [7] NCCL INFO CollNet 07 : 55 [receive] via COLLNET/SHARP/7/GDRDMA
[ip-0A23040D:0:93801 - context.c:584] INFO job (ID: 2524863147015197615) resource request quota: ( osts:0 user_data_per_ost:0 max_groups:0 max_qps:1 max_group_channels:1, num_trees:1)
[ip-0A23040D:0:93801 unique id 0] ERROR No Aggregation Manager (sharp_am) detected in sharp_create_job.

[ip-0A23040D:0:93801 - context.c:601] ERROR sharp_create_job failed: No Aggregation Manager (sharp_am) detected(-52)
ip-0A230408:14963:15337 [6] NCCL INFO Sharp rank 6/7 initialized on mlx5_ib6:1

ip-0A230408:14963:15337 [6] sharp_plugin.c:288 NCCL WARN NET/IB :SHARP coll init error: Cannot create SHArP job(-11)

ip-0A230408:14963:15337 [6] NCCL INFO include/coll_net.h:21 -> 3
ip-0A230417:44209:44583 [6] NCCL INFO Sharp rank 4/7 initialized on mlx5_ib6:1

ip-0A230417:44209:44583 [6] sharp_plugin.c:288 NCCL WARN NET/IB :SHARP coll init error: Cannot create SHArP job(-11)

ip-0A230417:44209:44583 [6] NCCL INFO include/coll_net.h:21 -> 3
ip-0A230406:94586:94962 [6] NCCL INFO Sharp rank 5/7 initialized on mlx5_ib6:1

ip-0A230406:94586:94962 [6] sharp_plugin.c:288 NCCL WARN NET/IB :SHARP coll init error: Cannot create SHArP job(-11)

ip-0A230406:94586:94962 [6] NCCL INFO include/coll_net.h:21 -> 3
ip-0A230414:41207:41577 [6] NCCL INFO Sharp rank 3/7 initialized on mlx5_ib6:1

ip-0A230414:41207:41577 [6] sharp_plugin.c:288 NCCL WARN NET/IB :SHARP coll init error: Cannot create SHArP job(-11)

ip-0A230414:41207:41577 [6] NCCL INFO include/coll_net.h:21 -> 3
ip-0A230412:53926:54296 [6] NCCL INFO Sharp rank 2/7 initialized on mlx5_ib6:1

ip-0A230412:53926:54296 [6] sharp_plugin.c:288 NCCL WARN NET/IB :SHARP coll init error: Cannot create SHArP job(-11)

ip-0A230412:53926:54296 [6] NCCL INFO include/coll_net.h:21 -> 3
ip-0A23040F:60410:60778 [6] NCCL INFO Sharp rank 1/7 initialized on mlx5_ib6:1

ip-0A23040F:60410:60778 [6] sharp_plugin.c:288 NCCL WARN NET/IB :SHARP coll init error: Cannot create SHArP job(-11)

ip-0A23040F:60410:60778 [6] NCCL INFO include/coll_net.h:21 -> 3
ip-0A230408:14963:15166 [6] NCCL INFO transport.cc:222 -> 2
ip-0A230412:53926:54134 [6] NCCL INFO transport.cc:222 -> 2
ip-0A230417:44209:44425 [6] NCCL INFO transport.cc:222 -> 2
ip-0A23040F:60410:60619 [6] NCCL INFO transport.cc:222 -> 2
ip-0A230406:94586:94787 [6] NCCL INFO transport.cc:222 -> 2
ip-0A230414:41207:41411 [6] NCCL INFO transport.cc:222 -> 2
ip-0A23040D:93801:94186 [6] NCCL INFO Sharp rank 0/7 initialized on mlx5_ib6:1

ip-0A23040D:93801:94186 [6] sharp_plugin.c:288 NCCL WARN NET/IB :SHARP coll init error: Cannot create SHArP job(-11)

ip-0A23040D:93801:94186 [6] NCCL INFO include/coll_net.h:21 -> 3
ip-0A23040D:93801:94016 [6] NCCL INFO transport.cc:222 -> 2
ip-0A23040D:93805:94183 [7] NCCL INFO NCCL_SHARP_GROUP_SIZE_THRESH set by environment to 3.
ip-0A23040F:60409:60782 [7] NCCL INFO NCCL_SHARP_GROUP_SIZE_THRESH set by environment to 3.
ip-0A230412:53927:54297 [7] NCCL INFO NCCL_SHARP_GROUP_SIZE_THRESH set by environment to 3.
ip-0A230414:41213:41579 [7] NCCL INFO NCCL_SHARP_GROUP_SIZE_THRESH set by environment to 3.
ip-0A230417:44212:44580 [7] NCCL INFO NCCL_SHARP_GROUP_SIZE_THRESH set by environment to 3.
ip-0A230406:94598:94961 [7] NCCL INFO NCCL_SHARP_GROUP_SIZE_THRESH set by environment to 3.
ip-0A230408:14959:15331 [7] NCCL INFO NCCL_SHARP_GROUP_SIZE_THRESH set by environment to 3.
[ip-0A23040D:0:93805 - context.c:584] INFO job (ID: 2524863375822639269) resource request quota: ( osts:0 user_data_per_ost:0 max_groups:0 max_qps:1 max_group_channels:1, num_trees:1)
[ip-0A23040D:0:93805 unique id 0] ERROR No Aggregation Manager (sharp_am) detected in sharp_create_job.

[ip-0A23040D:0:93805 - context.c:601] ERROR sharp_create_job failed: No Aggregation Manager (sharp_am) detected(-52)
ip-0A230414:41213:41579 [7] NCCL INFO Sharp rank 3/7 initialized on mlx5_ib7:1

ip-0A230414:41213:41579 [7] sharp_plugin.c:288 NCCL WARN NET/IB :SHARP coll init error: Cannot create SHArP job(-11)

ip-0A230414:41213:41579 [7] NCCL INFO include/coll_net.h:21 -> 3
ip-0A230408:14959:15331 [7] NCCL INFO Sharp rank 6/7 initialized on mlx5_ib7:1

ip-0A230408:14959:15331 [7] sharp_plugin.c:288 NCCL WARN NET/IB :SHARP coll init error: Cannot create SHArP job(-11)

ip-0A230408:14959:15331 [7] NCCL INFO include/coll_net.h:21 -> 3
ip-0A230406:94598:94961 [7] NCCL INFO Sharp rank 5/7 initialized on mlx5_ib7:1

ip-0A230406:94598:94961 [7] sharp_plugin.c:288 NCCL WARN NET/IB :SHARP coll init error: Cannot create SHArP job(-11)

ip-0A230406:94598:94961 [7] NCCL INFO include/coll_net.h:21 -> 3
ip-0A230412:53927:54297 [7] NCCL INFO Sharp rank 2/7 initialized on mlx5_ib7:1

ip-0A230412:53927:54297 [7] sharp_plugin.c:288 NCCL WARN NET/IB :SHARP coll init error: Cannot create SHArP job(-11)

ip-0A230412:53927:54297 [7] NCCL INFO include/coll_net.h:21 -> 3
ip-0A23040F:60409:60782 [7] NCCL INFO Sharp rank 1/7 initialized on mlx5_ib7:1

ip-0A23040F:60409:60782 [7] sharp_plugin.c:288 NCCL WARN NET/IB :SHARP coll init error: Cannot create SHArP job(-11)

ip-0A23040F:60409:60782 [7] NCCL INFO include/coll_net.h:21 -> 3
ip-0A23040F:60409:60624 [7] NCCL INFO transport.cc:222 -> 2
ip-0A230417:44212:44580 [7] NCCL INFO Sharp rank 4/7 initialized on mlx5_ib7:1

ip-0A230417:44212:44580 [7] sharp_plugin.c:288 NCCL WARN NET/IB :SHARP coll init error: Cannot create SHArP job(-11)

ip-0A230417:44212:44580 [7] NCCL INFO include/coll_net.h:21 -> 3
ip-0A230417:44212:44423 [7] NCCL INFO transport.cc:222 -> 2
ip-0A230412:53927:54136 [7] NCCL INFO transport.cc:222 -> 2
ip-0A230408:14959:15162 [7] NCCL INFO transport.cc:222 -> 2
ip-0A230406:94598:94788 [7] NCCL INFO transport.cc:222 -> 2
ip-0A230414:41213:41416 [7] NCCL INFO transport.cc:222 -> 2
ip-0A230408:14959:15162 [7] NCCL INFO init.cc:765 -> 2
ip-0A230417:44209:44425 [6] NCCL INFO init.cc:765 -> 2
ip-0A230412:53925:54132 [2] NCCL INFO init.cc:765 -> 2
ip-0A23040F:60409:60624 [7] NCCL INFO init.cc:765 -> 2
ip-0A23040F:60409:60624 [7] NCCL INFO threadThresholds 8/8/64 | 448/8/64 | 8/8/512
ip-0A230414:41213:41416 [7] NCCL INFO init.cc:765 -> 2
ip-0A230414:41213:41416 [7] NCCL INFO threadThresholds 8/8/64 | 448/8/64 | 8/8/512

ip-0A230414:41211:41415 [0] transport.cc:253 NCCL WARN Cannot initialize CollNet, using point-to-point network instead
ip-0A230414:41211:41415 [0] NCCL INFO init.cc:765 -> 2
ip-0A230414:41211:41415 [0] NCCL INFO threadThresholds 8/8/64 | 448/8/64 | 8/8/512
ip-0A230414:41210:41414 [1] NCCL INFO init.cc:765 -> 2
ip-0A230414:41210:41414 [1] NCCL INFO threadThresholds 8/8/64 | 448/8/64 | 8/8/512
ip-0A230414:41206:41418 [2] NCCL INFO init.cc:765 -> 2
ip-0A230414:41206:41418 [2] NCCL INFO threadThresholds 8/8/64 | 448/8/64 | 8/8/512
ip-0A230408:14959:15162 [7] NCCL INFO threadThresholds 8/8/64 | 448/8/64 | 8/8/512

ip-0A230408:14958:15164 [0] transport.cc:253 NCCL WARN Cannot initialize CollNet, using point-to-point network instead
ip-0A230408:14958:15164 [0] NCCL INFO init.cc:765 -> 2
ip-0A230408:14957:15167 [1] NCCL INFO init.cc:765 -> 2
ip-0A230412:53924:54131 [3] NCCL INFO init.cc:765 -> 2
ip-0A230412:53924:54131 [3] NCCL INFO threadThresholds 8/8/64 | 448/8/64 | 8/8/512
ip-0A23040F:60410:60619 [6] NCCL INFO init.cc:765 -> 2
ip-0A230408:14961:15168 [2] NCCL INFO init.cc:765 -> 2
ip-0A230417:44212:44423 [7] NCCL INFO init.cc:765 -> 2
ip-0A230417:44212:44423 [7] NCCL INFO threadThresholds 8/8/64 | 448/8/64 | 8/8/512
ip-0A230406:94598:94788 [7] NCCL INFO init.cc:765 -> 2
ip-0A230412:53928:54135 [4] NCCL INFO init.cc:765 -> 2
ip-0A230412:53928:54135 [4] NCCL INFO threadThresholds 8/8/64 | 448/8/64 | 8/8/512

ip-0A23040F:60402:60625 [0] transport.cc:253 NCCL WARN Cannot initialize CollNet, using point-to-point network instead
ip-0A23040F:60402:60625 [0] NCCL INFO init.cc:765 -> 2
ip-0A230408:14956:15169 [3] NCCL INFO init.cc:765 -> 2
ip-0A230412:53927:54136 [7] NCCL INFO init.cc:765 -> 2
ip-0A230412:53927:54136 [7] NCCL INFO threadThresholds 8/8/64 | 448/8/64 | 8/8/512
ip-0A23040F:60408:60626 [2] NCCL INFO init.cc:765 -> 2
ip-0A230408:14962:15165 [4] NCCL INFO init.cc:765 -> 2
ip-0A230408:14962:15165 [4] NCCL INFO threadThresholds 8/8/64 | 448/8/64 | 8/8/512

ip-0A230412:53922:54137 [0] transport.cc:253 NCCL WARN Cannot initialize CollNet, using point-to-point network instead
ip-0A230412:53922:54137 [0] NCCL INFO init.cc:765 -> 2
ip-0A23040F:60410:60619 [6] NCCL INFO threadThresholds 8/8/64 | 448/8/64 | 8/8/512
ip-0A230408:14958:15164 [0] NCCL INFO threadThresholds 8/8/64 | 448/8/64 | 8/8/512
ip-0A230412:53923:54133 [1] NCCL INFO init.cc:765 -> 2
ip-0A230412:53923:54133 [1] NCCL INFO threadThresholds 8/8/64 | 448/8/64 | 8/8/512
ip-0A23040F:60402:60625 [0] NCCL INFO threadThresholds 8/8/64 | 448/8/64 | 8/8/512
ip-0A230408:14957:15167 [1] NCCL INFO threadThresholds 8/8/64 | 448/8/64 | 8/8/512
ip-0A230412:53925:54132 [2] NCCL INFO threadThresholds 8/8/64 | 448/8/64 | 8/8/512
ip-0A23040F:60406:60623 [1] NCCL INFO init.cc:765 -> 2
ip-0A23040F:60406:60623 [1] NCCL INFO threadThresholds 8/8/64 | 448/8/64 | 8/8/512
ip-0A230408:14961:15168 [2] NCCL INFO threadThresholds 8/8/64 | 448/8/64 | 8/8/512
ip-0A230412:53930:54138 [5] NCCL INFO init.cc:765 -> 2
ip-0A230412:53930:54138 [5] NCCL INFO threadThresholds 8/8/64 | 448/8/64 | 8/8/512
ip-0A23040F:60408:60626 [2] NCCL INFO threadThresholds 8/8/64 | 448/8/64 | 8/8/512
ip-0A230408:14956:15169 [3] NCCL INFO threadThresholds 8/8/64 | 448/8/64 | 8/8/512
ip-0A230412:53926:54134 [6] NCCL INFO init.cc:765 -> 2
ip-0A230412:53926:54134 [6] NCCL INFO threadThresholds 8/8/64 | 448/8/64 | 8/8/512
ip-0A23040F:60407:60620 [3] NCCL INFO init.cc:765 -> 2
ip-0A230408:14955:15163 [5] NCCL INFO init.cc:765 -> 2
ip-0A230408:14955:15163 [5] NCCL INFO threadThresholds 8/8/64 | 448/8/64 | 8/8/512
ip-0A230412:53922:54137 [0] NCCL INFO threadThresholds 8/8/64 | 448/8/64 | 8/8/512
ip-0A23040F:60405:60622 [4] NCCL INFO init.cc:765 -> 2
ip-0A23040F:60405:60622 [4] NCCL INFO threadThresholds 8/8/64 | 448/8/64 | 8/8/512
ip-0A230408:14963:15166 [6] NCCL INFO init.cc:765 -> 2
ip-0A230408:14963:15166 [6] NCCL INFO threadThresholds 8/8/64 | 448/8/64 | 8/8/512
ip-0A23040F:60407:60620 [3] NCCL INFO threadThresholds 8/8/64 | 448/8/64 | 8/8/512
ip-0A23040F:60401:60621 [5] NCCL INFO init.cc:765 -> 2
ip-0A23040F:60401:60621 [5] NCCL INFO threadThresholds 8/8/64 | 448/8/64 | 8/8/512
ip-0A230406:94598:94788 [7] NCCL INFO threadThresholds 8/8/64 | 448/8/64 | 8/8/512

ip-0A230406:94580:94790 [0] transport.cc:253 NCCL WARN Cannot initialize CollNet, using point-to-point network instead
ip-0A230406:94580:94790 [0] NCCL INFO init.cc:765 -> 2
ip-0A230406:94582:94786 [2] NCCL INFO init.cc:765 -> 2
ip-0A230406:94582:94786 [2] NCCL INFO threadThresholds 8/8/64 | 448/8/64 | 8/8/512
ip-0A230406:94587:94792 [3] NCCL INFO init.cc:765 -> 2
ip-0A230406:94585:94793 [4] NCCL INFO init.cc:765 -> 2
ip-0A230406:94585:94793 [4] NCCL INFO threadThresholds 8/8/64 | 448/8/64 | 8/8/512
