ip-0A230406:4662:4920 [7] NCCL INFO Channel 23 : 47[e00000] -> 46[d00000] via P2P/IPC/read
ip-0A230406:4662:4920 [7] NCCL INFO Connected all trees
ip-0A230406:4657:4924 [6] NCCL INFO Connected all trees
ip-0A230417:51887:52085 [6] NCCL INFO Connected all trees
ip-0A230417:51880:52086 [7] NCCL INFO Connected all trees
ip-0A230417:51881:52088 [1] NCCL INFO Channel 00 : 33[200000] -> 32[100000] via P2P/IPC/read
ip-0A230417:51881:52088 [1] NCCL INFO Channel 01 : 33[200000] -> 32[100000] via P2P/IPC/read
ip-0A230417:51881:52088 [1] NCCL INFO Channel 08 : 33[200000] -> 32[100000] via P2P/IPC/read
ip-0A230417:51881:52088 [1] NCCL INFO Channel 09 : 33[200000] -> 32[100000] via P2P/IPC/read
ip-0A230417:51881:52088 [1] NCCL INFO Channel 16 : 33[200000] -> 32[100000] via P2P/IPC/read
ip-0A230417:51881:52088 [1] NCCL INFO Channel 17 : 33[200000] -> 32[100000] via P2P/IPC/read
ip-0A230417:51881:52088 [1] NCCL INFO Connected all trees
ip-0A230417:51883:52084 [0] NCCL INFO Connected all trees
ip-0A230417:51883:52084 [0] NCCL INFO CollNet 00 : 32 [receive] via COLLNET/SHARP/0/GDRDMA
ip-0A230412:61529:61748 [0] NCCL INFO Channel 00/0 : 24[100000] -> 16[100000] [receive] via NET/IBext/0/GDRDMA
ip-0A230412:61529:61748 [0] NCCL INFO Channel 16/0 : 24[100000] -> 16[100000] [receive] via NET/IBext/0/GDRDMA
ip-0A230414:48836:49039 [0] NCCL INFO Channel 09/0 : 24[100000] -> 17[200000] [send] via NET/IBext/1/GDRDMA
ip-0A230414:48835:49042 [7] NCCL INFO Channel 06 : 31[e00000] -> 30[d00000] via P2P/IPC/read
ip-0A230414:48835:49042 [7] NCCL INFO Channel 07 : 31[e00000] -> 30[d00000] via P2P/IPC/read
ip-0A230414:48835:49042 [7] NCCL INFO Channel 14 : 31[e00000] -> 30[d00000] via P2P/IPC/read
ip-0A230414:48835:49042 [7] NCCL INFO Channel 15 : 31[e00000] -> 30[d00000] via P2P/IPC/read
ip-0A230414:48835:49042 [7] NCCL INFO Channel 22 : 31[e00000] -> 30[d00000] via P2P/IPC/read
ip-0A230414:48835:49042 [7] NCCL INFO Channel 23 : 31[e00000] -> 30[d00000] via P2P/IPC/read
ip-0A230412:61530:61745 [5] NCCL INFO Channel 04 : 21[c00000] -> 20[b00000] via P2P/IPC/read
ip-0A230412:61530:61745 [5] NCCL INFO Channel 05 : 21[c00000] -> 20[b00000] via P2P/IPC/read
ip-0A230412:61527:61750 [7] NCCL INFO Channel 15/0 : 30[d00000] -> 23[e00000] [receive] via NET/IBext/7/GDRDMA
ip-0A230412:61527:61750 [7] NCCL INFO Channel 02 : 23[e00000] -> 16[100000] via P2P/IPC/read
ip-0A230412:61530:61745 [5] NCCL INFO Channel 12 : 21[c00000] -> 20[b00000] via P2P/IPC/read
ip-0A23040F:68170:68369 [7] NCCL INFO Channel 06 : 15[e00000] -> 14[d00000] via P2P/IPC/read
ip-0A23040F:68170:68369 [7] NCCL INFO Channel 07 : 15[e00000] -> 14[d00000] via P2P/IPC/read
ip-0A23040F:68170:68369 [7] NCCL INFO Channel 14 : 15[e00000] -> 14[d00000] via P2P/IPC/read
ip-0A23040F:68170:68369 [7] NCCL INFO Channel 15 : 15[e00000] -> 14[d00000] via P2P/IPC/read
ip-0A23040F:68170:68369 [7] NCCL INFO Channel 22 : 15[e00000] -> 14[d00000] via P2P/IPC/read
ip-0A23040F:68170:68369 [7] NCCL INFO Channel 23 : 15[e00000] -> 14[d00000] via P2P/IPC/read
ip-0A23040F:68170:68369 [7] NCCL INFO Connected all trees
ip-0A23040F:68166:68373 [6] NCCL INFO Connected all trees
ip-0A230412:61527:61750 [7] NCCL INFO Channel 03 : 23[e00000] -> 16[100000] via P2P/IPC/read
ip-0A230412:61530:61745 [5] NCCL INFO Channel 13 : 21[c00000] -> 20[b00000] via P2P/IPC/read
ip-0A230412:61527:61750 [7] NCCL INFO Channel 04 : 23[e00000] -> 16[100000] via P2P/IPC/read
ip-0A230412:61530:61745 [5] NCCL INFO Channel 20 : 21[c00000] -> 20[b00000] via P2P/IPC/read
ip-0A230412:61526:61744 [6] NCCL INFO Channel 07 : 22[d00000] -> 16[100000] via P2P/IPC/read
ip-0A230412:61527:61750 [7] NCCL INFO Channel 05 : 23[e00000] -> 16[100000] via P2P/IPC/read
ip-0A230412:61525:61743 [3] NCCL INFO Channel 02/0 : 19[400000] -> 10[300000] [send] via NET/IBext/2/GDRDMA
ip-0A230412:61525:61743 [3] NCCL INFO Channel 18/0 : 19[400000] -> 10[300000] [send] via NET/IBext/2/GDRDMA
ip-0A230412:61530:61745 [5] NCCL INFO Channel 21 : 21[c00000] -> 20[b00000] via P2P/IPC/read
ip-0A230412:61526:61744 [6] NCCL INFO Channel 15 : 22[d00000] -> 16[100000] via P2P/IPC/read
ip-0A230412:61527:61750 [7] NCCL INFO Channel 06 : 23[e00000] -> 16[100000] via P2P/IPC/read
ip-0A230412:61526:61744 [6] NCCL INFO Channel 23 : 22[d00000] -> 16[100000] via P2P/IPC/read
ip-0A230412:61527:61750 [7] NCCL INFO Channel 10 : 23[e00000] -> 16[100000] via P2P/IPC/read
ip-0A230412:61528:61749 [1] NCCL INFO Channel 01/0 : 25[200000] -> 17[200000] [receive] via NET/IBext/1/GDRDMA
ip-0A230412:61528:61749 [1] NCCL INFO Channel 17/0 : 25[200000] -> 17[200000] [receive] via NET/IBext/1/GDRDMA
ip-0A230412:61527:61750 [7] NCCL INFO Channel 11 : 23[e00000] -> 16[100000] via P2P/IPC/read
ip-0A230412:61527:61750 [7] NCCL INFO Channel 12 : 23[e00000] -> 16[100000] via P2P/IPC/read
ip-0A230414:48834:49038 [1] NCCL INFO Channel 00 : 25[200000] -> 24[100000] via P2P/IPC/read
ip-0A230414:48834:49038 [1] NCCL INFO Channel 01 : 25[200000] -> 24[100000] via P2P/IPC/read
ip-0A230414:48834:49038 [1] NCCL INFO Channel 08 : 25[200000] -> 24[100000] via P2P/IPC/read
ip-0A230414:48834:49038 [1] NCCL INFO Channel 09 : 25[200000] -> 24[100000] via P2P/IPC/read
ip-0A230414:48834:49038 [1] NCCL INFO Channel 16 : 25[200000] -> 24[100000] via P2P/IPC/read
ip-0A230414:48834:49038 [1] NCCL INFO Channel 17 : 25[200000] -> 24[100000] via P2P/IPC/read
ip-0A230412:61532:61747 [2] NCCL INFO Channel 03/0 : 18[300000] -> 11[400000] [send] via NET/IBext/3/GDRDMA
ip-0A230412:61532:61747 [2] NCCL INFO Channel 19/0 : 18[300000] -> 11[400000] [send] via NET/IBext/3/GDRDMA
ip-0A230412:61530:61745 [5] NCCL INFO Connected all trees
ip-0A230412:61531:61746 [4] NCCL INFO Connected all trees
ip-0A230412:61527:61750 [7] NCCL INFO Channel 13 : 23[e00000] -> 16[100000] via P2P/IPC/read
ip-0A230412:61527:61750 [7] NCCL INFO Channel 14 : 23[e00000] -> 16[100000] via P2P/IPC/read
ip-0A230412:61527:61750 [7] NCCL INFO Channel 18 : 23[e00000] -> 16[100000] via P2P/IPC/read
ip-0A230412:61527:61750 [7] NCCL INFO Channel 19 : 23[e00000] -> 16[100000] via P2P/IPC/read
ip-0A230412:61527:61750 [7] NCCL INFO Channel 20 : 23[e00000] -> 16[100000] via P2P/IPC/read
ip-0A230412:61527:61750 [7] NCCL INFO Channel 21 : 23[e00000] -> 16[100000] via P2P/IPC/read
ip-0A230412:61525:61743 [3] NCCL INFO Channel 03/0 : 27[400000] -> 19[400000] [receive] via NET/IBext/3/GDRDMA
ip-0A230412:61525:61743 [3] NCCL INFO Channel 19/0 : 27[400000] -> 19[400000] [receive] via NET/IBext/3/GDRDMA
ip-0A230412:61527:61750 [7] NCCL INFO Channel 22 : 23[e00000] -> 16[100000] via P2P/IPC/read
ip-0A23040F:68171:68376 [3] NCCL INFO Channel 02 : 11[400000] -> 10[300000] via P2P/IPC/read
ip-0A23040F:68171:68376 [3] NCCL INFO Channel 03 : 11[400000] -> 10[300000] via P2P/IPC/read
ip-0A23040F:68171:68376 [3] NCCL INFO Channel 10 : 11[400000] -> 10[300000] via P2P/IPC/read
ip-0A23040F:68171:68376 [3] NCCL INFO Channel 11 : 11[400000] -> 10[300000] via P2P/IPC/read
ip-0A23040F:68171:68376 [3] NCCL INFO Channel 18 : 11[400000] -> 10[300000] via P2P/IPC/read
ip-0A23040F:68171:68376 [3] NCCL INFO Channel 19 : 11[400000] -> 10[300000] via P2P/IPC/read
ip-0A23040F:68171:68376 [3] NCCL INFO Connected all trees
ip-0A23040F:68164:68370 [2] NCCL INFO Connected all trees
ip-0A230414:48833:49036 [6] NCCL INFO Channel 07 : 30[d00000] -> 24[100000] via P2P/IPC/read
ip-0A230414:48833:49036 [6] NCCL INFO Channel 15 : 30[d00000] -> 24[100000] via P2P/IPC/read
ip-0A230414:48833:49036 [6] NCCL INFO Channel 23 : 30[d00000] -> 24[100000] via P2P/IPC/read
ip-0A230412:61528:61749 [1] NCCL INFO Channel 09/0 : 24[100000] -> 17[200000] [receive] via NET/IBext/1/GDRDMA
ip-0A230414:48830:49043 [3] NCCL INFO Channel 02 : 27[400000] -> 26[300000] via P2P/IPC/read
ip-0A230414:48830:49043 [3] NCCL INFO Channel 03 : 27[400000] -> 26[300000] via P2P/IPC/read
ip-0A230414:48830:49043 [3] NCCL INFO Channel 10 : 27[400000] -> 26[300000] via P2P/IPC/read
ip-0A230414:48830:49043 [3] NCCL INFO Channel 11 : 27[400000] -> 26[300000] via P2P/IPC/read
ip-0A230414:48830:49043 [3] NCCL INFO Channel 18 : 27[400000] -> 26[300000] via P2P/IPC/read
ip-0A230414:48830:49043 [3] NCCL INFO Channel 19 : 27[400000] -> 26[300000] via P2P/IPC/read
ip-0A230414:48836:49039 [0] NCCL INFO Connected all trees
ip-0A230414:48834:49038 [1] NCCL INFO Connected all trees
ip-0A230414:48833:49036 [6] NCCL INFO Connected all trees
ip-0A230414:48835:49042 [7] NCCL INFO Connected all trees
ip-0A230414:48836:49039 [0] NCCL INFO CollNet 00 : 24 [receive] via COLLNET/SHARP/0/GDRDMA
ip-0A230412:61528:61749 [1] NCCL INFO Channel 00 : 17[200000] -> 16[100000] via P2P/IPC/read
ip-0A230412:61528:61749 [1] NCCL INFO Channel 01 : 17[200000] -> 16[100000] via P2P/IPC/read
ip-0A230412:61528:61749 [1] NCCL INFO Channel 08 : 17[200000] -> 16[100000] via P2P/IPC/read
ip-0A230412:61528:61749 [1] NCCL INFO Channel 09 : 17[200000] -> 16[100000] via P2P/IPC/read
ip-0A230412:61528:61749 [1] NCCL INFO Channel 16 : 17[200000] -> 16[100000] via P2P/IPC/read
ip-0A230412:61528:61749 [1] NCCL INFO Channel 17 : 17[200000] -> 16[100000] via P2P/IPC/read
ip-0A230412:61529:61748 [0] NCCL INFO Channel 01/0 : 16[100000] -> 9[200000] [send] via NET/IBext/1/GDRDMA
ip-0A230412:61525:61743 [3] NCCL INFO Channel 11/0 : 26[300000] -> 19[400000] [receive] via NET/IBext/3/GDRDMA
ip-0A230412:61529:61748 [0] NCCL INFO Channel 17/0 : 16[100000] -> 9[200000] [send] via NET/IBext/1/GDRDMA
ip-0A230414:48831:49041 [2] NCCL INFO Connected all trees
ip-0A230414:48830:49043 [3] NCCL INFO Connected all trees
ip-0A230412:61525:61743 [3] NCCL INFO Channel 02 : 19[400000] -> 18[300000] via P2P/IPC/read
ip-0A23040F:68167:68374 [1] NCCL INFO Channel 00 : 9[200000] -> 8[100000] via P2P/IPC/read
ip-0A23040F:68167:68374 [1] NCCL INFO Channel 01 : 9[200000] -> 8[100000] via P2P/IPC/read
ip-0A23040F:68167:68374 [1] NCCL INFO Channel 08 : 9[200000] -> 8[100000] via P2P/IPC/read
ip-0A23040F:68167:68374 [1] NCCL INFO Channel 09 : 9[200000] -> 8[100000] via P2P/IPC/read
ip-0A23040F:68167:68374 [1] NCCL INFO Channel 16 : 9[200000] -> 8[100000] via P2P/IPC/read
ip-0A23040F:68167:68374 [1] NCCL INFO Channel 17 : 9[200000] -> 8[100000] via P2P/IPC/read
ip-0A23040F:68167:68374 [1] NCCL INFO Connected all trees
ip-0A23040F:68168:68375 [0] NCCL INFO Connected all trees
ip-0A23040F:68168:68375 [0] NCCL INFO CollNet 00 : 8 [receive] via COLLNET/SHARP/0/GDRDMA
ip-0A230412:61525:61743 [3] NCCL INFO Channel 03 : 19[400000] -> 18[300000] via P2P/IPC/read
ip-0A230412:61525:61743 [3] NCCL INFO Channel 10 : 19[400000] -> 18[300000] via P2P/IPC/read
ip-0A230412:61525:61743 [3] NCCL INFO Channel 11 : 19[400000] -> 18[300000] via P2P/IPC/read
ip-0A230412:61525:61743 [3] NCCL INFO Channel 18 : 19[400000] -> 18[300000] via P2P/IPC/read
ip-0A230412:61527:61750 [7] NCCL INFO Channel 06 : 23[e00000] -> 22[d00000] via P2P/IPC/read
ip-0A230412:61525:61743 [3] NCCL INFO Channel 19 : 19[400000] -> 18[300000] via P2P/IPC/read
ip-0A230412:61527:61750 [7] NCCL INFO Channel 07 : 23[e00000] -> 22[d00000] via P2P/IPC/read
ip-0A230412:61527:61750 [7] NCCL INFO Channel 14 : 23[e00000] -> 22[d00000] via P2P/IPC/read
ip-0A230412:61527:61750 [7] NCCL INFO Channel 15 : 23[e00000] -> 22[d00000] via P2P/IPC/read
ip-0A230412:61527:61750 [7] NCCL INFO Channel 22 : 23[e00000] -> 22[d00000] via P2P/IPC/read
ip-0A230412:61527:61750 [7] NCCL INFO Channel 23 : 23[e00000] -> 22[d00000] via P2P/IPC/read
ip-0A230412:61525:61743 [3] NCCL INFO Connected all trees
ip-0A230412:61532:61747 [2] NCCL INFO Connected all trees
ip-0A230412:61529:61748 [0] NCCL INFO Connected all trees
ip-0A230412:61528:61749 [1] NCCL INFO Connected all trees
ip-0A230412:61527:61750 [7] NCCL INFO Connected all trees
ip-0A230412:61526:61744 [6] NCCL INFO Connected all trees
ip-0A230412:61529:61748 [0] NCCL INFO CollNet 00 : 16 [receive] via COLLNET/SHARP/0/GDRDMA
ip-0A230412:61529:61902 [0] NCCL INFO NCCL_SHARP_GROUP_SIZE_THRESH set by environment to 3.
ip-0A230412:61528:61749 [1] NCCL INFO CollNet 01 : 17 [receive] via COLLNET/SHARP/1/GDRDMA
ip-0A230414:48836:49202 [0] NCCL INFO NCCL_SHARP_GROUP_SIZE_THRESH set by environment to 3.
ip-0A230414:48834:49038 [1] NCCL INFO CollNet 01 : 25 [receive] via COLLNET/SHARP/1/GDRDMA
ip-0A230417:51883:52254 [0] NCCL INFO NCCL_SHARP_GROUP_SIZE_THRESH set by environment to 3.
ip-0A230406:4664:5094 [0] NCCL INFO NCCL_SHARP_GROUP_SIZE_THRESH set by environment to 3.
ip-0A230417:51881:52088 [1] NCCL INFO CollNet 01 : 33 [receive] via COLLNET/SHARP/1/GDRDMA
ip-0A230408:22615:22999 [0] NCCL INFO NCCL_SHARP_GROUP_SIZE_THRESH set by environment to 3.
ip-0A23040D:4055:4265 [1] NCCL INFO CollNet 01 : 1 [receive] via COLLNET/SHARP/1/GDRDMA
ip-0A23040D:4062:4446 [0] NCCL INFO NCCL_SHARP_GROUP_SIZE_THRESH set by environment to 3.
ip-0A230406:4659:4909 [1] NCCL INFO CollNet 01 : 41 [receive] via COLLNET/SHARP/1/GDRDMA
ip-0A23040F:68167:68374 [1] NCCL INFO CollNet 01 : 9 [receive] via COLLNET/SHARP/1/GDRDMA
ip-0A230408:22624:22838 [1] NCCL INFO CollNet 01 : 49 [receive] via COLLNET/SHARP/1/GDRDMA
ip-0A23040F:68168:68542 [0] NCCL INFO NCCL_SHARP_GROUP_SIZE_THRESH set by environment to 3.
[ip-0A23040D:0:4062 - context.c:584] INFO job (ID: 2524863030473778240) resource request quota: ( osts:0 user_data_per_ost:0 max_groups:0 max_qps:1 max_group_channels:1, num_trees:1)
[ip-0A23040D:0:4062 unique id 0] ERROR No Aggregation Manager (sharp_am) detected in sharp_create_job.

[ip-0A23040D:0:4062 - context.c:601] ERROR sharp_create_job failed: No Aggregation Manager (sharp_am) detected(-52)
ip-0A230414:48836:49202 [0] NCCL INFO Sharp rank 3/7 initialized on mlx5_ib0:1

ip-0A230414:48836:49202 [0] sharp_plugin.c:288 NCCL WARN NET/IB :SHARP coll init error: Cannot create SHArP job(-11)

ip-0A230414:48836:49202 [0] NCCL INFO include/coll_net.h:21 -> 3
ip-0A230408:22615:22999 [0] NCCL INFO Sharp rank 6/7 initialized on mlx5_ib0:1

ip-0A230408:22615:22999 [0] sharp_plugin.c:288 NCCL WARN NET/IB :SHARP coll init error: Cannot create SHArP job(-11)

ip-0A230408:22615:22999 [0] NCCL INFO include/coll_net.h:21 -> 3
ip-0A230414:48836:49039 [0] NCCL INFO transport.cc:222 -> 2
ip-0A230412:61529:61902 [0] NCCL INFO Sharp rank 2/7 initialized on mlx5_ib0:1

ip-0A230412:61529:61902 [0] sharp_plugin.c:288 NCCL WARN NET/IB :SHARP coll init error: Cannot create SHArP job(-11)

ip-0A230412:61529:61902 [0] NCCL INFO include/coll_net.h:21 -> 3
ip-0A230408:22615:22837 [0] NCCL INFO transport.cc:222 -> 2
ip-0A230417:51883:52254 [0] NCCL INFO Sharp rank 4/7 initialized on mlx5_ib0:1

ip-0A230417:51883:52254 [0] sharp_plugin.c:288 NCCL WARN NET/IB :SHARP coll init error: Cannot create SHArP job(-11)

ip-0A230417:51883:52254 [0] NCCL INFO include/coll_net.h:21 -> 3
ip-0A230406:4664:5094 [0] NCCL INFO Sharp rank 5/7 initialized on mlx5_ib0:1

ip-0A230406:4664:5094 [0] sharp_plugin.c:288 NCCL WARN NET/IB :SHARP coll init error: Cannot create SHArP job(-11)

ip-0A230406:4664:5094 [0] NCCL INFO include/coll_net.h:21 -> 3
ip-0A23040F:68168:68542 [0] NCCL INFO Sharp rank 1/7 initialized on mlx5_ib0:1

ip-0A23040F:68168:68542 [0] sharp_plugin.c:288 NCCL WARN NET/IB :SHARP coll init error: Cannot create SHArP job(-11)

ip-0A23040F:68168:68542 [0] NCCL INFO include/coll_net.h:21 -> 3
ip-0A230412:61529:61748 [0] NCCL INFO transport.cc:222 -> 2
ip-0A230406:4664:4910 [0] NCCL INFO transport.cc:222 -> 2
ip-0A230417:51883:52084 [0] NCCL INFO transport.cc:222 -> 2
ip-0A23040F:68168:68375 [0] NCCL INFO transport.cc:222 -> 2
ip-0A23040D:4062:4446 [0] NCCL INFO Sharp rank 0/7 initialized on mlx5_ib0:1

ip-0A23040D:4062:4446 [0] sharp_plugin.c:288 NCCL WARN NET/IB :SHARP coll init error: Cannot create SHArP job(-11)

ip-0A23040D:4062:4446 [0] NCCL INFO include/coll_net.h:21 -> 3
ip-0A23040D:4062:4268 [0] NCCL INFO transport.cc:222 -> 2
ip-0A23040D:4055:4440 [1] NCCL INFO NCCL_SHARP_GROUP_SIZE_THRESH set by environment to 3.
ip-0A23040D:4060:4269 [2] NCCL INFO CollNet 02 : 2 [receive] via COLLNET/SHARP/2/GDRDMA
ip-0A23040F:68167:68536 [1] NCCL INFO NCCL_SHARP_GROUP_SIZE_THRESH set by environment to 3.
ip-0A23040F:68164:68370 [2] NCCL INFO CollNet 02 : 10 [receive] via COLLNET/SHARP/2/GDRDMA
ip-0A230412:61528:61905 [1] NCCL INFO NCCL_SHARP_GROUP_SIZE_THRESH set by environment to 3.
ip-0A230412:61532:61747 [2] NCCL INFO CollNet 02 : 18 [receive] via COLLNET/SHARP/2/GDRDMA
ip-0A230414:48834:49201 [1] NCCL INFO NCCL_SHARP_GROUP_SIZE_THRESH set by environment to 3.
ip-0A230414:48831:49041 [2] NCCL INFO CollNet 02 : 26 [receive] via COLLNET/SHARP/2/GDRDMA
ip-0A230417:51881:52255 [1] NCCL INFO NCCL_SHARP_GROUP_SIZE_THRESH set by environment to 3.
ip-0A230406:4659:5091 [1] NCCL INFO NCCL_SHARP_GROUP_SIZE_THRESH set by environment to 3.
ip-0A230417:51886:52090 [2] NCCL INFO CollNet 02 : 34 [receive] via COLLNET/SHARP/2/GDRDMA
ip-0A230406:4660:4922 [2] NCCL INFO CollNet 02 : 42 [receive] via COLLNET/SHARP/2/GDRDMA
ip-0A230408:22624:22996 [1] NCCL INFO NCCL_SHARP_GROUP_SIZE_THRESH set by environment to 3.
ip-0A230408:22620:22835 [2] NCCL INFO CollNet 02 : 50 [receive] via COLLNET/SHARP/2/GDRDMA
[ip-0A23040D:0:4055 - context.c:584] INFO job (ID: 2524862515378933371) resource request quota: ( osts:0 user_data_per_ost:0 max_groups:0 max_qps:1 max_group_channels:1, num_trees:1)
[ip-0A23040D:0:4055 unique id 0] ERROR No Aggregation Manager (sharp_am) detected in sharp_create_job.

[ip-0A23040D:0:4055 - context.c:601] ERROR sharp_create_job failed: No Aggregation Manager (sharp_am) detected(-52)
ip-0A230408:22624:22996 [1] NCCL INFO Sharp rank 6/7 initialized on mlx5_ib1:1

ip-0A230408:22624:22996 [1] sharp_plugin.c:288 NCCL WARN NET/IB :SHARP coll init error: Cannot create SHArP job(-11)

ip-0A230408:22624:22996 [1] NCCL INFO include/coll_net.h:21 -> 3
ip-0A230406:4659:5091 [1] NCCL INFO Sharp rank 5/7 initialized on mlx5_ib1:1

ip-0A230406:4659:5091 [1] sharp_plugin.c:288 NCCL WARN NET/IB :SHARP coll init error: Cannot create SHArP job(-11)

ip-0A230406:4659:5091 [1] NCCL INFO include/coll_net.h:21 -> 3
ip-0A230414:48834:49201 [1] NCCL INFO Sharp rank 3/7 initialized on mlx5_ib1:1

ip-0A230414:48834:49201 [1] sharp_plugin.c:288 NCCL WARN NET/IB :SHARP coll init error: Cannot create SHArP job(-11)

ip-0A230414:48834:49201 [1] NCCL INFO include/coll_net.h:21 -> 3
ip-0A230417:51881:52255 [1] NCCL INFO Sharp rank 4/7 initialized on mlx5_ib1:1

ip-0A230417:51881:52255 [1] sharp_plugin.c:288 NCCL WARN NET/IB :SHARP coll init error: Cannot create SHArP job(-11)

ip-0A230417:51881:52255 [1] NCCL INFO include/coll_net.h:21 -> 3
ip-0A230412:61528:61905 [1] NCCL INFO Sharp rank 2/7 initialized on mlx5_ib1:1

ip-0A230412:61528:61905 [1] sharp_plugin.c:288 NCCL WARN NET/IB :SHARP coll init error: Cannot create SHArP job(-11)

ip-0A230412:61528:61905 [1] NCCL INFO include/coll_net.h:21 -> 3
ip-0A23040F:68167:68536 [1] NCCL INFO Sharp rank 1/7 initialized on mlx5_ib1:1

ip-0A23040F:68167:68536 [1] sharp_plugin.c:288 NCCL WARN NET/IB :SHARP coll init error: Cannot create SHArP job(-11)

ip-0A23040F:68167:68536 [1] NCCL INFO include/coll_net.h:21 -> 3
ip-0A230408:22624:22838 [1] NCCL INFO transport.cc:222 -> 2
ip-0A230414:48834:49038 [1] NCCL INFO transport.cc:222 -> 2
ip-0A230412:61528:61749 [1] NCCL INFO transport.cc:222 -> 2
ip-0A230417:51881:52088 [1] NCCL INFO transport.cc:222 -> 2
ip-0A230406:4659:4909 [1] NCCL INFO transport.cc:222 -> 2
ip-0A23040F:68167:68374 [1] NCCL INFO transport.cc:222 -> 2
ip-0A23040D:4055:4440 [1] NCCL INFO Sharp rank 0/7 initialized on mlx5_ib1:1

ip-0A23040D:4055:4440 [1] sharp_plugin.c:288 NCCL WARN NET/IB :SHARP coll init error: Cannot create SHArP job(-11)

ip-0A23040D:4055:4440 [1] NCCL INFO include/coll_net.h:21 -> 3
ip-0A23040D:4055:4265 [1] NCCL INFO transport.cc:222 -> 2
ip-0A23040D:4060:4442 [2] NCCL INFO NCCL_SHARP_GROUP_SIZE_THRESH set by environment to 3.
ip-0A23040D:4056:4270 [3] NCCL INFO CollNet 03 : 3 [receive] via COLLNET/SHARP/3/GDRDMA
ip-0A23040F:68164:68537 [2] NCCL INFO NCCL_SHARP_GROUP_SIZE_THRESH set by environment to 3.
ip-0A23040F:68171:68376 [3] NCCL INFO CollNet 03 : 11 [receive] via COLLNET/SHARP/3/GDRDMA
ip-0A230412:61532:61903 [2] NCCL INFO NCCL_SHARP_GROUP_SIZE_THRESH set by environment to 3.
ip-0A230412:61525:61743 [3] NCCL INFO CollNet 03 : 19 [receive] via COLLNET/SHARP/3/GDRDMA
ip-0A230414:48831:49206 [2] NCCL INFO NCCL_SHARP_GROUP_SIZE_THRESH set by environment to 3.
ip-0A230414:48830:49043 [3] NCCL INFO CollNet 03 : 27 [receive] via COLLNET/SHARP/3/GDRDMA
ip-0A230417:51886:52251 [2] NCCL INFO NCCL_SHARP_GROUP_SIZE_THRESH set by environment to 3.
ip-0A230417:51882:52089 [3] NCCL INFO CollNet 03 : 35 [receive] via COLLNET/SHARP/3/GDRDMA
ip-0A230406:4660:5098 [2] NCCL INFO NCCL_SHARP_GROUP_SIZE_THRESH set by environment to 3.
ip-0A230406:4661:4921 [3] NCCL INFO CollNet 03 : 43 [receive] via COLLNET/SHARP/3/GDRDMA
ip-0A230408:22620:22995 [2] NCCL INFO NCCL_SHARP_GROUP_SIZE_THRESH set by environment to 3.
ip-0A230408:22623:22834 [3] NCCL INFO CollNet 03 : 51 [receive] via COLLNET/SHARP/3/GDRDMA
[ip-0A23040D:0:4060 - context.c:584] INFO job (ID: 2524862754291669278) resource request quota: ( osts:0 user_data_per_ost:0 max_groups:0 max_qps:1 max_group_channels:1, num_trees:1)
[ip-0A23040D:0:4060 unique id 0] ERROR No Aggregation Manager (sharp_am) detected in sharp_create_job.

[ip-0A23040D:0:4060 - context.c:601] ERROR sharp_create_job failed: No Aggregation Manager (sharp_am) detected(-52)
ip-0A230406:4660:5098 [2] NCCL INFO Sharp rank 5/7 initialized on mlx5_ib2:1

ip-0A230406:4660:5098 [2] sharp_plugin.c:288 NCCL WARN NET/IB :SHARP coll init error: Cannot create SHArP job(-11)

ip-0A230406:4660:5098 [2] NCCL INFO include/coll_net.h:21 -> 3
ip-0A230414:48831:49206 [2] NCCL INFO Sharp rank 3/7 initialized on mlx5_ib2:1

ip-0A230414:48831:49206 [2] sharp_plugin.c:288 NCCL WARN NET/IB :SHARP coll init error: Cannot create SHArP job(-11)

ip-0A230414:48831:49206 [2] NCCL INFO include/coll_net.h:21 -> 3
ip-0A230412:61532:61903 [2] NCCL INFO Sharp rank 2/7 initialized on mlx5_ib2:1

ip-0A230412:61532:61903 [2] sharp_plugin.c:288 NCCL WARN NET/IB :SHARP coll init error: Cannot create SHArP job(-11)

ip-0A230412:61532:61903 [2] NCCL INFO include/coll_net.h:21 -> 3
ip-0A230417:51886:52251 [2] NCCL INFO Sharp rank 4/7 initialized on mlx5_ib2:1

ip-0A230417:51886:52251 [2] sharp_plugin.c:288 NCCL WARN NET/IB :SHARP coll init error: Cannot create SHArP job(-11)

ip-0A230417:51886:52251 [2] NCCL INFO include/coll_net.h:21 -> 3
ip-0A23040F:68164:68537 [2] NCCL INFO Sharp rank 1/7 initialized on mlx5_ib2:1

ip-0A23040F:68164:68537 [2] sharp_plugin.c:288 NCCL WARN NET/IB :SHARP coll init error: Cannot create SHArP job(-11)

ip-0A23040F:68164:68537 [2] NCCL INFO include/coll_net.h:21 -> 3
ip-0A230408:22620:22995 [2] NCCL INFO Sharp rank 6/7 initialized on mlx5_ib2:1

ip-0A230408:22620:22995 [2] sharp_plugin.c:288 NCCL WARN NET/IB :SHARP coll init error: Cannot create SHArP job(-11)

ip-0A230408:22620:22995 [2] NCCL INFO include/coll_net.h:21 -> 3
ip-0A230406:4660:4922 [2] NCCL INFO transport.cc:222 -> 2
ip-0A230412:61532:61747 [2] NCCL INFO transport.cc:222 -> 2
ip-0A230417:51886:52090 [2] NCCL INFO transport.cc:222 -> 2
ip-0A23040F:68164:68370 [2] NCCL INFO transport.cc:222 -> 2
ip-0A230414:48831:49041 [2] NCCL INFO transport.cc:222 -> 2
ip-0A230408:22620:22835 [2] NCCL INFO transport.cc:222 -> 2
ip-0A23040D:4060:4442 [2] NCCL INFO Sharp rank 0/7 initialized on mlx5_ib2:1

ip-0A23040D:4060:4442 [2] sharp_plugin.c:288 NCCL WARN NET/IB :SHARP coll init error: Cannot create SHArP job(-11)

ip-0A23040D:4060:4442 [2] NCCL INFO include/coll_net.h:21 -> 3
ip-0A23040D:4060:4269 [2] NCCL INFO transport.cc:222 -> 2
ip-0A23040D:4056:4439 [3] NCCL INFO NCCL_SHARP_GROUP_SIZE_THRESH set by environment to 3.
ip-0A23040D:4059:4263 [4] NCCL INFO CollNet 04 : 4 [receive] via COLLNET/SHARP/4/GDRDMA
ip-0A23040F:68171:68539 [3] NCCL INFO NCCL_SHARP_GROUP_SIZE_THRESH set by environment to 3.
ip-0A23040F:68165:68371 [4] NCCL INFO CollNet 04 : 12 [receive] via COLLNET/SHARP/4/GDRDMA
ip-0A230412:61525:61898 [3] NCCL INFO NCCL_SHARP_GROUP_SIZE_THRESH set by environment to 3.
ip-0A230414:48830:49208 [3] NCCL INFO NCCL_SHARP_GROUP_SIZE_THRESH set by environment to 3.
ip-0A230412:61531:61746 [4] NCCL INFO CollNet 04 : 20 [receive] via COLLNET/SHARP/4/GDRDMA
ip-0A230417:51882:52250 [3] NCCL INFO NCCL_SHARP_GROUP_SIZE_THRESH set by environment to 3.
ip-0A230414:48832:49040 [4] NCCL INFO CollNet 04 : 28 [receive] via COLLNET/SHARP/4/GDRDMA
ip-0A230406:4661:5096 [3] NCCL INFO NCCL_SHARP_GROUP_SIZE_THRESH set by environment to 3.
ip-0A230417:51884:52083 [4] NCCL INFO CollNet 04 : 36 [receive] via COLLNET/SHARP/4/GDRDMA
ip-0A230406:4658:4923 [4] NCCL INFO CollNet 04 : 44 [receive] via COLLNET/SHARP/4/GDRDMA
ip-0A230408:22623:22994 [3] NCCL INFO NCCL_SHARP_GROUP_SIZE_THRESH set by environment to 3.
ip-0A230408:22618:22832 [4] NCCL INFO CollNet 04 : 52 [receive] via COLLNET/SHARP/4/GDRDMA
[ip-0A23040D:0:4056 - context.c:584] INFO job (ID: 2524862560329920372) resource request quota: ( osts:0 user_data_per_ost:0 max_groups:0 max_qps:1 max_group_channels:1, num_trees:1)
[ip-0A23040D:0:4056 unique id 0] ERROR No Aggregation Manager (sharp_am) detected in sharp_create_job.

[ip-0A23040D:0:4056 - context.c:601] ERROR sharp_create_job failed: No Aggregation Manager (sharp_am) detected(-52)
ip-0A230408:22623:22994 [3] NCCL INFO Sharp rank 6/7 initialized on mlx5_ib3:1

ip-0A230408:22623:22994 [3] sharp_plugin.c:288 NCCL WARN NET/IB :SHARP coll init error: Cannot create SHArP job(-11)

ip-0A230408:22623:22994 [3] NCCL INFO include/coll_net.h:21 -> 3
ip-0A230406:4661:5096 [3] NCCL INFO Sharp rank 5/7 initialized on mlx5_ib3:1

ip-0A230406:4661:5096 [3] sharp_plugin.c:288 NCCL WARN NET/IB :SHARP coll init error: Cannot create SHArP job(-11)

ip-0A230406:4661:5096 [3] NCCL INFO include/coll_net.h:21 -> 3
ip-0A230412:61525:61898 [3] NCCL INFO Sharp rank 2/7 initialized on mlx5_ib3:1

ip-0A230412:61525:61898 [3] sharp_plugin.c:288 NCCL WARN NET/IB :SHARP coll init error: Cannot create SHArP job(-11)

ip-0A230412:61525:61898 [3] NCCL INFO include/coll_net.h:21 -> 3
ip-0A230417:51882:52250 [3] NCCL INFO Sharp rank 4/7 initialized on mlx5_ib3:1

ip-0A230417:51882:52250 [3] sharp_plugin.c:288 NCCL WARN NET/IB :SHARP coll init error: Cannot create SHArP job(-11)

ip-0A230417:51882:52250 [3] NCCL INFO include/coll_net.h:21 -> 3
ip-0A23040F:68171:68539 [3] NCCL INFO Sharp rank 1/7 initialized on mlx5_ib3:1

ip-0A23040F:68171:68539 [3] sharp_plugin.c:288 NCCL WARN NET/IB :SHARP coll init error: Cannot create SHArP job(-11)

ip-0A23040F:68171:68539 [3] NCCL INFO include/coll_net.h:21 -> 3
ip-0A230414:48830:49208 [3] NCCL INFO Sharp rank 3/7 initialized on mlx5_ib3:1

ip-0A230414:48830:49208 [3] sharp_plugin.c:288 NCCL WARN NET/IB :SHARP coll init error: Cannot create SHArP job(-11)

ip-0A230414:48830:49208 [3] NCCL INFO include/coll_net.h:21 -> 3
ip-0A230408:22623:22834 [3] NCCL INFO transport.cc:222 -> 2
ip-0A230414:48830:49043 [3] NCCL INFO transport.cc:222 -> 2
ip-0A230412:61525:61743 [3] NCCL INFO transport.cc:222 -> 2
ip-0A230417:51882:52089 [3] NCCL INFO transport.cc:222 -> 2
ip-0A23040F:68171:68376 [3] NCCL INFO transport.cc:222 -> 2
ip-0A230406:4661:4921 [3] NCCL INFO transport.cc:222 -> 2
ip-0A23040D:4056:4439 [3] NCCL INFO Sharp rank 0/7 initialized on mlx5_ib3:1

ip-0A23040D:4056:4439 [3] sharp_plugin.c:288 NCCL WARN NET/IB :SHARP coll init error: Cannot create SHArP job(-11)

ip-0A23040D:4056:4439 [3] NCCL INFO include/coll_net.h:21 -> 3
ip-0A23040D:4056:4270 [3] NCCL INFO transport.cc:222 -> 2
ip-0A23040D:4059:4441 [4] NCCL INFO NCCL_SHARP_GROUP_SIZE_THRESH set by environment to 3.
ip-0A23040D:4058:4267 [5] NCCL INFO CollNet 05 : 5 [receive] via COLLNET/SHARP/5/GDRDMA
ip-0A23040F:68165:68541 [4] NCCL INFO NCCL_SHARP_GROUP_SIZE_THRESH set by environment to 3.
ip-0A230412:61531:61900 [4] NCCL INFO NCCL_SHARP_GROUP_SIZE_THRESH set by environment to 3.
ip-0A23040F:68169:68372 [5] NCCL INFO CollNet 05 : 13 [receive] via COLLNET/SHARP/5/GDRDMA
ip-0A230414:48832:49203 [4] NCCL INFO NCCL_SHARP_GROUP_SIZE_THRESH set by environment to 3.
ip-0A230412:61530:61745 [5] NCCL INFO CollNet 05 : 21 [receive] via COLLNET/SHARP/5/GDRDMA
ip-0A230417:51884:52256 [4] NCCL INFO NCCL_SHARP_GROUP_SIZE_THRESH set by environment to 3.
ip-0A230417:51879:52087 [5] NCCL INFO CollNet 05 : 37 [receive] via COLLNET/SHARP/5/GDRDMA
ip-0A230406:4658:5092 [4] NCCL INFO NCCL_SHARP_GROUP_SIZE_THRESH set by environment to 3.
ip-0A230408:22618:23000 [4] NCCL INFO NCCL_SHARP_GROUP_SIZE_THRESH set by environment to 3.
ip-0A230406:4663:4911 [5] NCCL INFO CollNet 05 : 45 [receive] via COLLNET/SHARP/5/GDRDMA
ip-0A230408:22619:22836 [5] NCCL INFO CollNet 05 : 53 [receive] via COLLNET/SHARP/5/GDRDMA
ip-0A230414:48837:49037 [5] NCCL INFO CollNet 05 : 29 [receive] via COLLNET/SHARP/5/GDRDMA
[ip-0A23040D:0:4059 - context.c:584] INFO job (ID: 2524863450695217075) resource request quota: ( osts:0 user_data_per_ost:0 max_groups:0 max_qps:1 max_group_channels:1, num_trees:1)
[ip-0A23040D:0:4059 unique id 0] ERROR No Aggregation Manager (sharp_am) detected in sharp_create_job.

[ip-0A23040D:0:4059 - context.c:601] ERROR sharp_create_job failed: No Aggregation Manager (sharp_am) detected(-52)
ip-0A230417:51884:52256 [4] NCCL INFO Sharp rank 4/7 initialized on mlx5_ib4:1

ip-0A230417:51884:52256 [4] sharp_plugin.c:288 NCCL WARN NET/IB :SHARP coll init error: Cannot create SHArP job(-11)

ip-0A230417:51884:52256 [4] NCCL INFO include/coll_net.h:21 -> 3
ip-0A23040F:68165:68541 [4] NCCL INFO Sharp rank 1/7 initialized on mlx5_ib4:1

ip-0A23040F:68165:68541 [4] sharp_plugin.c:288 NCCL WARN NET/IB :SHARP coll init error: Cannot create SHArP job(-11)

ip-0A23040F:68165:68541 [4] NCCL INFO include/coll_net.h:21 -> 3
ip-0A230408:22618:23000 [4] NCCL INFO Sharp rank 6/7 initialized on mlx5_ib4:1

ip-0A230408:22618:23000 [4] sharp_plugin.c:288 NCCL WARN NET/IB :SHARP coll init error: Cannot create SHArP job(-11)

ip-0A230408:22618:23000 [4] NCCL INFO include/coll_net.h:21 -> 3
ip-0A230406:4658:5092 [4] NCCL INFO Sharp rank 5/7 initialized on mlx5_ib4:1

ip-0A230406:4658:5092 [4] sharp_plugin.c:288 NCCL WARN NET/IB :SHARP coll init error: Cannot create SHArP job(-11)

ip-0A230406:4658:5092 [4] NCCL INFO include/coll_net.h:21 -> 3
ip-0A230412:61531:61900 [4] NCCL INFO Sharp rank 2/7 initialized on mlx5_ib4:1

ip-0A230412:61531:61900 [4] sharp_plugin.c:288 NCCL WARN NET/IB :SHARP coll init error: Cannot create SHArP job(-11)

ip-0A230412:61531:61900 [4] NCCL INFO include/coll_net.h:21 -> 3
ip-0A230414:48832:49203 [4] NCCL INFO Sharp rank 3/7 initialized on mlx5_ib4:1

ip-0A230414:48832:49203 [4] sharp_plugin.c:288 NCCL WARN NET/IB :SHARP coll init error: Cannot create SHArP job(-11)

ip-0A230414:48832:49203 [4] NCCL INFO include/coll_net.h:21 -> 3
ip-0A230408:22618:22832 [4] NCCL INFO transport.cc:222 -> 2
ip-0A230417:51884:52083 [4] NCCL INFO transport.cc:222 -> 2
ip-0A23040F:68165:68371 [4] NCCL INFO transport.cc:222 -> 2
ip-0A230412:61531:61746 [4] NCCL INFO transport.cc:222 -> 2
ip-0A230406:4658:4923 [4] NCCL INFO transport.cc:222 -> 2
ip-0A230414:48832:49040 [4] NCCL INFO transport.cc:222 -> 2
ip-0A23040D:4059:4441 [4] NCCL INFO Sharp rank 0/7 initialized on mlx5_ib4:1

ip-0A23040D:4059:4441 [4] sharp_plugin.c:288 NCCL WARN NET/IB :SHARP coll init error: Cannot create SHArP job(-11)

ip-0A23040D:4059:4441 [4] NCCL INFO include/coll_net.h:21 -> 3
ip-0A23040D:4059:4263 [4] NCCL INFO transport.cc:222 -> 2
ip-0A23040D:4058:4443 [5] NCCL INFO NCCL_SHARP_GROUP_SIZE_THRESH set by environment to 3.
ip-0A23040D:4061:4264 [6] NCCL INFO CollNet 06 : 6 [receive] via COLLNET/SHARP/6/GDRDMA
ip-0A23040F:68169:68540 [5] NCCL INFO NCCL_SHARP_GROUP_SIZE_THRESH set by environment to 3.
ip-0A230412:61530:61899 [5] NCCL INFO NCCL_SHARP_GROUP_SIZE_THRESH set by environment to 3.
ip-0A23040F:68166:68373 [6] NCCL INFO CollNet 06 : 14 [receive] via COLLNET/SHARP/6/GDRDMA
ip-0A230414:48837:49204 [5] NCCL INFO NCCL_SHARP_GROUP_SIZE_THRESH set by environment to 3.
ip-0A230412:61526:61744 [6] NCCL INFO CollNet 06 : 22 [receive] via COLLNET/SHARP/6/GDRDMA
ip-0A230414:48833:49036 [6] NCCL INFO CollNet 06 : 30 [receive] via COLLNET/SHARP/6/GDRDMA
ip-0A230417:51879:52252 [5] NCCL INFO NCCL_SHARP_GROUP_SIZE_THRESH set by environment to 3.
ip-0A230417:51887:52085 [6] NCCL INFO CollNet 06 : 38 [receive] via COLLNET/SHARP/6/GDRDMA
ip-0A230406:4663:5097 [5] NCCL INFO NCCL_SHARP_GROUP_SIZE_THRESH set by environment to 3.
ip-0A230406:4657:4924 [6] NCCL INFO CollNet 06 : 46 [receive] via COLLNET/SHARP/6/GDRDMA
ip-0A230408:22619:22997 [5] NCCL INFO NCCL_SHARP_GROUP_SIZE_THRESH set by environment to 3.
ip-0A230408:22621:22839 [6] NCCL INFO CollNet 06 : 54 [receive] via COLLNET/SHARP/6/GDRDMA
[ip-0A23040D:0:4058 - context.c:584] INFO job (ID: 2524863071859708837) resource request quota: ( osts:0 user_data_per_ost:0 max_groups:0 max_qps:1 max_group_channels:1, num_trees:1)
[ip-0A23040D:0:4058 unique id 0] ERROR No Aggregation Manager (sharp_am) detected in sharp_create_job.

[ip-0A23040D:0:4058 - context.c:601] ERROR sharp_create_job failed: No Aggregation Manager (sharp_am) detected(-52)
ip-0A230414:48837:49204 [5] NCCL INFO Sharp rank 3/7 initialized on mlx5_ib5:1

ip-0A230414:48837:49204 [5] sharp_plugin.c:288 NCCL WARN NET/IB :SHARP coll init error: Cannot create SHArP job(-11)

ip-0A230414:48837:49204 [5] NCCL INFO include/coll_net.h:21 -> 3
ip-0A230408:22619:22997 [5] NCCL INFO Sharp rank 6/7 initialized on mlx5_ib5:1

ip-0A230408:22619:22997 [5] sharp_plugin.c:288 NCCL WARN NET/IB :SHARP coll init error: Cannot create SHArP job(-11)

ip-0A230408:22619:22997 [5] NCCL INFO include/coll_net.h:21 -> 3
ip-0A230412:61530:61899 [5] NCCL INFO Sharp rank 2/7 initialized on mlx5_ib5:1

ip-0A230412:61530:61899 [5] sharp_plugin.c:288 NCCL WARN NET/IB :SHARP coll init error: Cannot create SHArP job(-11)

ip-0A230412:61530:61899 [5] NCCL INFO include/coll_net.h:21 -> 3
ip-0A23040F:68169:68540 [5] NCCL INFO Sharp rank 1/7 initialized on mlx5_ib5:1

ip-0A23040F:68169:68540 [5] sharp_plugin.c:288 NCCL WARN NET/IB :SHARP coll init error: Cannot create SHArP job(-11)

ip-0A23040F:68169:68540 [5] NCCL INFO include/coll_net.h:21 -> 3
ip-0A230406:4663:5097 [5] NCCL INFO Sharp rank 5/7 initialized on mlx5_ib5:1

ip-0A230406:4663:5097 [5] sharp_plugin.c:288 NCCL WARN NET/IB :SHARP coll init error: Cannot create SHArP job(-11)

ip-0A230406:4663:5097 [5] NCCL INFO include/coll_net.h:21 -> 3
ip-0A230417:51879:52252 [5] NCCL INFO Sharp rank 4/7 initialized on mlx5_ib5:1

ip-0A230417:51879:52252 [5] sharp_plugin.c:288 NCCL WARN NET/IB :SHARP coll init error: Cannot create SHArP job(-11)

ip-0A230417:51879:52252 [5] NCCL INFO include/coll_net.h:21 -> 3
ip-0A230414:48837:49037 [5] NCCL INFO transport.cc:222 -> 2
ip-0A230408:22619:22836 [5] NCCL INFO transport.cc:222 -> 2
ip-0A230412:61530:61745 [5] NCCL INFO transport.cc:222 -> 2
ip-0A230406:4663:4911 [5] NCCL INFO transport.cc:222 -> 2
ip-0A230417:51879:52087 [5] NCCL INFO transport.cc:222 -> 2
ip-0A23040F:68169:68372 [5] NCCL INFO transport.cc:222 -> 2
ip-0A23040D:4058:4443 [5] NCCL INFO Sharp rank 0/7 initialized on mlx5_ib5:1

ip-0A23040D:4058:4443 [5] sharp_plugin.c:288 NCCL WARN NET/IB :SHARP coll init error: Cannot create SHArP job(-11)

ip-0A23040D:4058:4443 [5] NCCL INFO include/coll_net.h:21 -> 3
ip-0A23040D:4058:4267 [5] NCCL INFO transport.cc:222 -> 2
ip-0A23040D:4061:4444 [6] NCCL INFO NCCL_SHARP_GROUP_SIZE_THRESH set by environment to 3.
ip-0A23040D:4057:4266 [7] NCCL INFO CollNet 07 : 7 [receive] via COLLNET/SHARP/7/GDRDMA
ip-0A23040F:68166:68538 [6] NCCL INFO NCCL_SHARP_GROUP_SIZE_THRESH set by environment to 3.
ip-0A23040F:68170:68369 [7] NCCL INFO CollNet 07 : 15 [receive] via COLLNET/SHARP/7/GDRDMA
ip-0A230412:61526:61904 [6] NCCL INFO NCCL_SHARP_GROUP_SIZE_THRESH set by environment to 3.
ip-0A230414:48833:49207 [6] NCCL INFO NCCL_SHARP_GROUP_SIZE_THRESH set by environment to 3.
ip-0A230412:61527:61750 [7] NCCL INFO CollNet 07 : 23 [receive] via COLLNET/SHARP/7/GDRDMA
ip-0A230414:48835:49042 [7] NCCL INFO CollNet 07 : 31 [receive] via COLLNET/SHARP/7/GDRDMA
ip-0A230417:51887:52253 [6] NCCL INFO NCCL_SHARP_GROUP_SIZE_THRESH set by environment to 3.
ip-0A230406:4657:5093 [6] NCCL INFO NCCL_SHARP_GROUP_SIZE_THRESH set by environment to 3.
ip-0A230417:51880:52086 [7] NCCL INFO CollNet 07 : 39 [receive] via COLLNET/SHARP/7/GDRDMA
ip-0A230406:4662:4920 [7] NCCL INFO CollNet 07 : 47 [receive] via COLLNET/SHARP/7/GDRDMA
ip-0A230408:22621:22998 [6] NCCL INFO NCCL_SHARP_GROUP_SIZE_THRESH set by environment to 3.
ip-0A230408:22616:22833 [7] NCCL INFO CollNet 07 : 55 [receive] via COLLNET/SHARP/7/GDRDMA
[ip-0A23040D:0:4061 - context.c:584] INFO job (ID: 2524862860052460057) resource request quota: ( osts:0 user_data_per_ost:0 max_groups:0 max_qps:1 max_group_channels:1, num_trees:1)
[ip-0A23040D:0:4061 unique id 0] ERROR No Aggregation Manager (sharp_am) detected in sharp_create_job.

[ip-0A23040D:0:4061 - context.c:601] ERROR sharp_create_job failed: No Aggregation Manager (sharp_am) detected(-52)
ip-0A230408:22621:22998 [6] NCCL INFO Sharp rank 6/7 initialized on mlx5_ib6:1

ip-0A230408:22621:22998 [6] sharp_plugin.c:288 NCCL WARN NET/IB :SHARP coll init error: Cannot create SHArP job(-11)

ip-0A230408:22621:22998 [6] NCCL INFO include/coll_net.h:21 -> 3
ip-0A230406:4657:5093 [6] NCCL INFO Sharp rank 5/7 initialized on mlx5_ib6:1

ip-0A230406:4657:5093 [6] sharp_plugin.c:288 NCCL WARN NET/IB :SHARP coll init error: Cannot create SHArP job(-11)

ip-0A230406:4657:5093 [6] NCCL INFO include/coll_net.h:21 -> 3
ip-0A230414:48833:49207 [6] NCCL INFO Sharp rank 3/7 initialized on mlx5_ib6:1

ip-0A230414:48833:49207 [6] sharp_plugin.c:288 NCCL WARN NET/IB :SHARP coll init error: Cannot create SHArP job(-11)

ip-0A230414:48833:49207 [6] NCCL INFO include/coll_net.h:21 -> 3
ip-0A230412:61526:61904 [6] NCCL INFO Sharp rank 2/7 initialized on mlx5_ib6:1

ip-0A230412:61526:61904 [6] sharp_plugin.c:288 NCCL WARN NET/IB :SHARP coll init error: Cannot create SHArP job(-11)

ip-0A230412:61526:61904 [6] NCCL INFO include/coll_net.h:21 -> 3
ip-0A230417:51887:52253 [6] NCCL INFO Sharp rank 4/7 initialized on mlx5_ib6:1

ip-0A230417:51887:52253 [6] sharp_plugin.c:288 NCCL WARN NET/IB :SHARP coll init error: Cannot create SHArP job(-11)

ip-0A230417:51887:52253 [6] NCCL INFO include/coll_net.h:21 -> 3
ip-0A23040F:68166:68538 [6] NCCL INFO Sharp rank 1/7 initialized on mlx5_ib6:1

ip-0A23040F:68166:68538 [6] sharp_plugin.c:288 NCCL WARN NET/IB :SHARP coll init error: Cannot create SHArP job(-11)

ip-0A23040F:68166:68538 [6] NCCL INFO include/coll_net.h:21 -> 3
ip-0A230414:48833:49036 [6] NCCL INFO transport.cc:222 -> 2
ip-0A230408:22621:22839 [6] NCCL INFO transport.cc:222 -> 2
ip-0A230406:4657:4924 [6] NCCL INFO transport.cc:222 -> 2
ip-0A230412:61526:61744 [6] NCCL INFO transport.cc:222 -> 2
ip-0A230417:51887:52085 [6] NCCL INFO transport.cc:222 -> 2
ip-0A23040F:68166:68373 [6] NCCL INFO transport.cc:222 -> 2
ip-0A23040D:4061:4444 [6] NCCL INFO Sharp rank 0/7 initialized on mlx5_ib6:1

ip-0A23040D:4061:4444 [6] sharp_plugin.c:288 NCCL WARN NET/IB :SHARP coll init error: Cannot create SHArP job(-11)

ip-0A23040D:4061:4444 [6] NCCL INFO include/coll_net.h:21 -> 3
ip-0A23040D:4061:4264 [6] NCCL INFO transport.cc:222 -> 2
ip-0A23040D:4057:4445 [7] NCCL INFO NCCL_SHARP_GROUP_SIZE_THRESH set by environment to 3.
ip-0A23040F:68170:68535 [7] NCCL INFO NCCL_SHARP_GROUP_SIZE_THRESH set by environment to 3.
ip-0A230412:61527:61901 [7] NCCL INFO NCCL_SHARP_GROUP_SIZE_THRESH set by environment to 3.
ip-0A230414:48835:49209 [7] NCCL INFO NCCL_SHARP_GROUP_SIZE_THRESH set by environment to 3.
ip-0A230417:51880:52249 [7] NCCL INFO NCCL_SHARP_GROUP_SIZE_THRESH set by environment to 3.
ip-0A230406:4662:5095 [7] NCCL INFO NCCL_SHARP_GROUP_SIZE_THRESH set by environment to 3.
ip-0A230408:22616:23001 [7] NCCL INFO NCCL_SHARP_GROUP_SIZE_THRESH set by environment to 3.
[ip-0A23040D:0:4057 - context.c:584] INFO job (ID: 2524862559004479049) resource request quota: ( osts:0 user_data_per_ost:0 max_groups:0 max_qps:1 max_group_channels:1, num_trees:1)
[ip-0A23040D:0:4057 unique id 0] ERROR No Aggregation Manager (sharp_am) detected in sharp_create_job.

[ip-0A23040D:0:4057 - context.c:601] ERROR sharp_create_job failed: No Aggregation Manager (sharp_am) detected(-52)
ip-0A230417:51880:52249 [7] NCCL INFO Sharp rank 4/7 initialized on mlx5_ib7:1

ip-0A230417:51880:52249 [7] sharp_plugin.c:288 NCCL WARN NET/IB :SHARP coll init error: Cannot create SHArP job(-11)

ip-0A230417:51880:52249 [7] NCCL INFO include/coll_net.h:21 -> 3
ip-0A23040F:68170:68535 [7] NCCL INFO Sharp rank 1/7 initialized on mlx5_ib7:1

ip-0A23040F:68170:68535 [7] sharp_plugin.c:288 NCCL WARN NET/IB :SHARP coll init error: Cannot create SHArP job(-11)

ip-0A23040F:68170:68535 [7] NCCL INFO include/coll_net.h:21 -> 3
ip-0A230408:22616:23001 [7] NCCL INFO Sharp rank 6/7 initialized on mlx5_ib7:1

ip-0A230408:22616:23001 [7] sharp_plugin.c:288 NCCL WARN NET/IB :SHARP coll init error: Cannot create SHArP job(-11)

ip-0A230408:22616:23001 [7] NCCL INFO include/coll_net.h:21 -> 3
ip-0A230406:4662:5095 [7] NCCL INFO Sharp rank 5/7 initialized on mlx5_ib7:1

ip-0A230406:4662:5095 [7] sharp_plugin.c:288 NCCL WARN NET/IB :SHARP coll init error: Cannot create SHArP job(-11)

ip-0A230406:4662:5095 [7] NCCL INFO include/coll_net.h:21 -> 3
ip-0A230412:61527:61901 [7] NCCL INFO Sharp rank 2/7 initialized on mlx5_ib7:1

ip-0A230412:61527:61901 [7] sharp_plugin.c:288 NCCL WARN NET/IB :SHARP coll init error: Cannot create SHArP job(-11)

ip-0A230412:61527:61901 [7] NCCL INFO include/coll_net.h:21 -> 3
ip-0A230414:48835:49209 [7] NCCL INFO Sharp rank 3/7 initialized on mlx5_ib7:1

ip-0A230414:48835:49209 [7] sharp_plugin.c:288 NCCL WARN NET/IB :SHARP coll init error: Cannot create SHArP job(-11)

ip-0A230414:48835:49209 [7] NCCL INFO include/coll_net.h:21 -> 3
ip-0A23040F:68170:68369 [7] NCCL INFO transport.cc:222 -> 2
ip-0A230417:51880:52086 [7] NCCL INFO transport.cc:222 -> 2
ip-0A230408:22616:22833 [7] NCCL INFO transport.cc:222 -> 2
ip-0A230406:4662:4920 [7] NCCL INFO transport.cc:222 -> 2
ip-0A23040F:68170:68369 [7] NCCL INFO init.cc:765 -> 2
ip-0A23040F:68170:68369 [7] NCCL INFO threadThresholds 8/8/64 | 448/8/64 | 8/8/512
ip-0A230414:48835:49042 [7] NCCL INFO transport.cc:222 -> 2
ip-0A230412:61527:61750 [7] NCCL INFO transport.cc:222 -> 2
ip-0A230417:51880:52086 [7] NCCL INFO init.cc:765 -> 2
ip-0A230417:51880:52086 [7] NCCL INFO threadThresholds 8/8/64 | 448/8/64 | 8/8/512
ip-0A230408:22620:22835 [2] NCCL INFO init.cc:765 -> 2

ip-0A23040F:68168:68375 [0] transport.cc:253 NCCL WARN Cannot initialize CollNet, using point-to-point network instead
ip-0A23040F:68168:68375 [0] NCCL INFO init.cc:765 -> 2
ip-0A23040F:68168:68375 [0] NCCL INFO threadThresholds 8/8/64 | 448/8/64 | 8/8/512
ip-0A23040F:68167:68374 [1] NCCL INFO init.cc:765 -> 2
ip-0A23040F:68167:68374 [1] NCCL INFO threadThresholds 8/8/64 | 448/8/64 | 8/8/512
ip-0A23040F:68164:68370 [2] NCCL INFO init.cc:765 -> 2
ip-0A23040F:68164:68370 [2] NCCL INFO threadThresholds 8/8/64 | 448/8/64 | 8/8/512
ip-0A230406:4660:4922 [2] NCCL INFO init.cc:765 -> 2
ip-0A23040F:68171:68376 [3] NCCL INFO init.cc:765 -> 2
ip-0A23040F:68171:68376 [3] NCCL INFO threadThresholds 8/8/64 | 448/8/64 | 8/8/512
ip-0A23040F:68165:68371 [4] NCCL INFO init.cc:765 -> 2
ip-0A23040F:68165:68371 [4] NCCL INFO threadThresholds 8/8/64 | 448/8/64 | 8/8/512
ip-0A23040F:68169:68372 [5] NCCL INFO init.cc:765 -> 2
ip-0A23040F:68169:68372 [5] NCCL INFO threadThresholds 8/8/64 | 448/8/64 | 8/8/512
ip-0A23040F:68166:68373 [6] NCCL INFO init.cc:765 -> 2
ip-0A23040F:68166:68373 [6] NCCL INFO threadThresholds 8/8/64 | 448/8/64 | 8/8/512
ip-0A230408:22616:22833 [7] NCCL INFO init.cc:765 -> 2
ip-0A230408:22616:22833 [7] NCCL INFO threadThresholds 8/8/64 | 448/8/64 | 8/8/512

ip-0A230417:51883:52084 [0] transport.cc:253 NCCL WARN Cannot initialize CollNet, using point-to-point network instead
ip-0A230417:51883:52084 [0] NCCL INFO init.cc:765 -> 2

ip-0A230408:22615:22837 [0] transport.cc:253 NCCL WARN Cannot initialize CollNet, using point-to-point network instead
ip-0A230408:22615:22837 [0] NCCL INFO init.cc:765 -> 2
ip-0A230417:51886:52090 [2] NCCL INFO init.cc:765 -> 2
ip-0A230417:51886:52090 [2] NCCL INFO threadThresholds 8/8/64 | 448/8/64 | 8/8/512
ip-0A230408:22620:22835 [2] NCCL INFO threadThresholds 8/8/64 | 448/8/64 | 8/8/512
ip-0A230417:51882:52089 [3] NCCL INFO init.cc:765 -> 2
ip-0A230408:22623:22834 [3] NCCL INFO init.cc:765 -> 2
ip-0A230417:51879:52087 [5] NCCL INFO init.cc:765 -> 2
ip-0A230408:22619:22836 [5] NCCL INFO init.cc:765 -> 2
ip-0A230408:22619:22836 [5] NCCL INFO threadThresholds 8/8/64 | 448/8/64 | 8/8/512
ip-0A230417:51887:52085 [6] NCCL INFO init.cc:765 -> 2
ip-0A230417:51887:52085 [6] NCCL INFO threadThresholds 8/8/64 | 448/8/64 | 8/8/512
ip-0A230408:22615:22837 [0] NCCL INFO threadThresholds 8/8/64 | 448/8/64 | 8/8/512
ip-0A230417:51883:52084 [0] NCCL INFO threadThresholds 8/8/64 | 448/8/64 | 8/8/512
ip-0A230408:22624:22838 [1] NCCL INFO init.cc:765 -> 2
ip-0A230408:22624:22838 [1] NCCL INFO threadThresholds 8/8/64 | 448/8/64 | 8/8/512
ip-0A230417:51881:52088 [1] NCCL INFO init.cc:765 -> 2
ip-0A230417:51881:52088 [1] NCCL INFO threadThresholds 8/8/64 | 448/8/64 | 8/8/512
ip-0A230408:22623:22834 [3] NCCL INFO threadThresholds 8/8/64 | 448/8/64 | 8/8/512
ip-0A230417:51882:52089 [3] NCCL INFO threadThresholds 8/8/64 | 448/8/64 | 8/8/512
ip-0A230408:22618:22832 [4] NCCL INFO init.cc:765 -> 2
ip-0A230408:22618:22832 [4] NCCL INFO threadThresholds 8/8/64 | 448/8/64 | 8/8/512
ip-0A230417:51884:52083 [4] NCCL INFO init.cc:765 -> 2
ip-0A230417:51884:52083 [4] NCCL INFO threadThresholds 8/8/64 | 448/8/64 | 8/8/512
ip-0A230408:22621:22839 [6] NCCL INFO init.cc:765 -> 2
ip-0A230408:22621:22839 [6] NCCL INFO threadThresholds 8/8/64 | 448/8/64 | 8/8/512
ip-0A230417:51879:52087 [5] NCCL INFO threadThresholds 8/8/64 | 448/8/64 | 8/8/512
ip-0A230414:48835:49042 [7] NCCL INFO init.cc:765 -> 2
ip-0A230414:48835:49042 [7] NCCL INFO threadThresholds 8/8/64 | 448/8/64 | 8/8/512

ip-0A230414:48836:49039 [0] transport.cc:253 NCCL WARN Cannot initialize CollNet, using point-to-point network instead
ip-0A230414:48836:49039 [0] NCCL INFO init.cc:765 -> 2
ip-0A230414:48836:49039 [0] NCCL INFO threadThresholds 8/8/64 | 448/8/64 | 8/8/512
ip-0A230414:48834:49038 [1] NCCL INFO init.cc:765 -> 2
ip-0A230414:48834:49038 [1] NCCL INFO threadThresholds 8/8/64 | 448/8/64 | 8/8/512
ip-0A230414:48831:49041 [2] NCCL INFO init.cc:765 -> 2
ip-0A230414:48831:49041 [2] NCCL INFO threadThresholds 8/8/64 | 448/8/64 | 8/8/512
ip-0A230414:48830:49043 [3] NCCL INFO init.cc:765 -> 2
ip-0A230414:48830:49043 [3] NCCL INFO threadThresholds 8/8/64 | 448/8/64 | 8/8/512
ip-0A230414:48832:49040 [4] NCCL INFO init.cc:765 -> 2
ip-0A230414:48832:49040 [4] NCCL INFO threadThresholds 8/8/64 | 448/8/64 | 8/8/512
ip-0A230414:48837:49037 [5] NCCL INFO init.cc:765 -> 2
ip-0A230414:48837:49037 [5] NCCL INFO threadThresholds 8/8/64 | 448/8/64 | 8/8/512
ip-0A230414:48833:49036 [6] NCCL INFO init.cc:765 -> 2
ip-0A230414:48833:49036 [6] NCCL INFO threadThresholds 8/8/64 | 448/8/64 | 8/8/512
ip-0A230412:61527:61750 [7] NCCL INFO init.cc:765 -> 2
ip-0A230412:61527:61750 [7] NCCL INFO threadThresholds 8/8/64 | 448/8/64 | 8/8/512
ip-0A230412:61532:61747 [2] NCCL INFO init.cc:765 -> 2

ip-0A230412:61529:61748 [0] transport.cc:253 NCCL WARN Cannot initialize CollNet, using point-to-point network instead
ip-0A230412:61529:61748 [0] NCCL INFO init.cc:765 -> 2
ip-0A230412:61528:61749 [1] NCCL INFO init.cc:765 -> 2
ip-0A230412:61528:61749 [1] NCCL INFO threadThresholds 8/8/64 | 448/8/64 | 8/8/512
ip-0A230412:61529:61748 [0] NCCL INFO threadThresholds 8/8/64 | 448/8/64 | 8/8/512
ip-0A230412:61532:61747 [2] NCCL INFO threadThresholds 8/8/64 | 448/8/64 | 8/8/512
ip-0A230412:61530:61745 [5] NCCL INFO init.cc:765 -> 2
ip-0A230412:61526:61744 [6] NCCL INFO init.cc:765 -> 2
ip-0A230412:61526:61744 [6] NCCL INFO threadThresholds 8/8/64 | 448/8/64 | 8/8/512
ip-0A230412:61525:61743 [3] NCCL INFO init.cc:765 -> 2
ip-0A230412:61525:61743 [3] NCCL INFO threadThresholds 8/8/64 | 448/8/64 | 8/8/512
ip-0A230412:61531:61746 [4] NCCL INFO init.cc:765 -> 2
ip-0A230412:61531:61746 [4] NCCL INFO threadThresholds 8/8/64 | 448/8/64 | 8/8/512
ip-0A230412:61530:61745 [5] NCCL INFO threadThresholds 8/8/64 | 448/8/64 | 8/8/512
ip-0A230406:4662:4920 [7] NCCL INFO init.cc:765 -> 2
ip-0A230406:4662:4920 [7] NCCL INFO threadThresholds 8/8/64 | 448/8/64 | 8/8/512

ip-0A230406:4664:4910 [0] transport.cc:253 NCCL WARN Cannot initialize CollNet, using point-to-point network instead
ip-0A230406:4664:4910 [0] NCCL INFO init.cc:765 -> 2
ip-0A230406:4664:4910 [0] NCCL INFO threadThresholds 8/8/64 | 448/8/64 | 8/8/512
ip-0A230406:4659:4909 [1] NCCL INFO init.cc:765 -> 2
ip-0A230406:4660:4922 [2] NCCL INFO threadThresholds 8/8/64 | 448/8/64 | 8/8/512
ip-0A230406:4661:4921 [3] NCCL INFO init.cc:765 -> 2
ip-0A230406:4661:4921 [3] NCCL INFO threadThresholds 8/8/64 | 448/8/64 | 8/8/512
ip-0A230406:4658:4923 [4] NCCL INFO init.cc:765 -> 2
ip-0A230406:4658:4923 [4] NCCL INFO threadThresholds 8/8/64 | 448/8/64 | 8/8/512
ip-0A230406:4663:4911 [5] NCCL INFO init.cc:765 -> 2
ip-0A230406:4663:4911 [5] NCCL INFO threadThresholds 8/8/64 | 448/8/64 | 8/8/512
ip-0A230406:4657:4924 [6] NCCL INFO init.cc:765 -> 2
ip-0A230406:4657:4924 [6] NCCL INFO threadThresholds 8/8/64 | 448/8/64 | 8/8/512
ip-0A230406:4659:4909 [1] NCCL INFO threadThresholds 8/8/64 | 448/8/64 | 8/8/512
ip-0A230417:51883:52084 [0] NCCL INFO 24 coll channels, 32 p2p channels, 2 p2p channels per peer
ip-0A230412:61529:61748 [0] NCCL INFO 24 coll channels, 32 p2p channels, 2 p2p channels per peer
ip-0A230406:4664:4910 [0] NCCL INFO 24 coll channels, 32 p2p channels, 2 p2p channels per peer
ip-0A230417:51880:52086 [7] NCCL INFO 24 coll channels, 32 p2p channels, 2 p2p channels per peer
ip-0A230412:61527:61750 [7] NCCL INFO 24 coll channels, 32 p2p channels, 2 p2p channels per peer
