ip-0A230417:6610:6825 [7] NCCL INFO Connected all trees
ip-0A230417:6612:6826 [6] NCCL INFO Connected all trees
ip-0A230412:16361:16568 [5] NCCL INFO Channel 05/0 : 29[c00000] -> 21[c00000] [receive] via NET/IBext/5/GDRDMA
ip-0A230412:16361:16568 [5] NCCL INFO Channel 21/0 : 29[c00000] -> 21[c00000] [receive] via NET/IBext/5/GDRDMA
ip-0A230412:16367:16570 [1] NCCL INFO Channel 09/0 : 24[100000] -> 17[200000] [receive] via NET/IBext/1/GDRDMA
ip-0A230414:2660:2900 [6] NCCL INFO Channel 15/0 : 30[d00000] -> 23[e00000] [send] via NET/IBext/7/GDRDMA
ip-0A230414:2658:2899 [4] NCCL INFO Channel 13/0 : 28[b00000] -> 21[c00000] [send] via NET/IBext/5/GDRDMA
ip-0A230412:16362:16567 [6] NCCL INFO Channel 07/0 : 22[d00000] -> 15[e00000] [send] via NET/IBext/7/GDRDMA
ip-0A230412:16362:16567 [6] NCCL INFO Channel 23/0 : 22[d00000] -> 15[e00000] [send] via NET/IBext/7/GDRDMA
ip-0A230412:16363:16564 [4] NCCL INFO Channel 05/0 : 20[b00000] -> 13[c00000] [send] via NET/IBext/5/GDRDMA
ip-0A230412:16363:16564 [4] NCCL INFO Channel 21/0 : 20[b00000] -> 13[c00000] [send] via NET/IBext/5/GDRDMA
ip-0A230414:2662:2901 [7] NCCL INFO Channel 02 : 31[e00000] -> 24[100000] via P2P/IPC/read
ip-0A230414:2662:2901 [7] NCCL INFO Channel 03 : 31[e00000] -> 24[100000] via P2P/IPC/read
ip-0A230412:16360:16566 [3] NCCL INFO Channel 11/0 : 26[300000] -> 19[400000] [receive] via NET/IBext/3/GDRDMA
ip-0A230414:2662:2901 [7] NCCL INFO Channel 04 : 31[e00000] -> 24[100000] via P2P/IPC/read
ip-0A230414:2662:2901 [7] NCCL INFO Channel 05 : 31[e00000] -> 24[100000] via P2P/IPC/read
ip-0A230414:2663:2897 [3] NCCL INFO Channel 02 : 27[400000] -> 26[300000] via P2P/IPC/read
ip-0A230414:2662:2901 [7] NCCL INFO Channel 06 : 31[e00000] -> 24[100000] via P2P/IPC/read
ip-0A230414:2659:2898 [5] NCCL INFO Channel 04 : 29[c00000] -> 28[b00000] via P2P/IPC/read
ip-0A230414:2663:2897 [3] NCCL INFO Channel 03 : 27[400000] -> 26[300000] via P2P/IPC/read
ip-0A230414:2662:2901 [7] NCCL INFO Channel 10 : 31[e00000] -> 24[100000] via P2P/IPC/read
ip-0A230414:2659:2898 [5] NCCL INFO Channel 05 : 29[c00000] -> 28[b00000] via P2P/IPC/read
ip-0A230414:2663:2897 [3] NCCL INFO Channel 10 : 27[400000] -> 26[300000] via P2P/IPC/read
ip-0A230414:2662:2901 [7] NCCL INFO Channel 11 : 31[e00000] -> 24[100000] via P2P/IPC/read
ip-0A230414:2659:2898 [5] NCCL INFO Channel 12 : 29[c00000] -> 28[b00000] via P2P/IPC/read
ip-0A230414:2663:2897 [3] NCCL INFO Channel 11 : 27[400000] -> 26[300000] via P2P/IPC/read
ip-0A230414:2662:2901 [7] NCCL INFO Channel 12 : 31[e00000] -> 24[100000] via P2P/IPC/read
ip-0A230414:2659:2898 [5] NCCL INFO Channel 13 : 29[c00000] -> 28[b00000] via P2P/IPC/read
ip-0A230414:2663:2897 [3] NCCL INFO Channel 18 : 27[400000] -> 26[300000] via P2P/IPC/read
ip-0A230414:2662:2901 [7] NCCL INFO Channel 13 : 31[e00000] -> 24[100000] via P2P/IPC/read
ip-0A230414:2659:2898 [5] NCCL INFO Channel 20 : 29[c00000] -> 28[b00000] via P2P/IPC/read
ip-0A230414:2663:2897 [3] NCCL INFO Channel 19 : 27[400000] -> 26[300000] via P2P/IPC/read
ip-0A230414:2662:2901 [7] NCCL INFO Channel 14 : 31[e00000] -> 24[100000] via P2P/IPC/read
ip-0A230414:2659:2898 [5] NCCL INFO Channel 21 : 29[c00000] -> 28[b00000] via P2P/IPC/read
ip-0A230414:2662:2901 [7] NCCL INFO Channel 18 : 31[e00000] -> 24[100000] via P2P/IPC/read
ip-0A230414:2662:2901 [7] NCCL INFO Channel 19 : 31[e00000] -> 24[100000] via P2P/IPC/read
ip-0A230414:2662:2901 [7] NCCL INFO Channel 20 : 31[e00000] -> 24[100000] via P2P/IPC/read
ip-0A230414:2662:2901 [7] NCCL INFO Channel 21 : 31[e00000] -> 24[100000] via P2P/IPC/read
ip-0A230414:2662:2901 [7] NCCL INFO Channel 22 : 31[e00000] -> 24[100000] via P2P/IPC/read
ip-0A230414:2663:2897 [3] NCCL INFO Connected all trees
ip-0A230414:2657:2902 [2] NCCL INFO Connected all trees
ip-0A230412:16364:16571 [7] NCCL INFO Channel 15/0 : 30[d00000] -> 23[e00000] [receive] via NET/IBext/7/GDRDMA
ip-0A230412:16364:16571 [7] NCCL INFO Channel 02 : 23[e00000] -> 16[100000] via P2P/IPC/read
ip-0A230414:2662:2901 [7] NCCL INFO Channel 06 : 31[e00000] -> 30[d00000] via P2P/IPC/read
ip-0A230414:2662:2901 [7] NCCL INFO Channel 07 : 31[e00000] -> 30[d00000] via P2P/IPC/read
ip-0A230414:2662:2901 [7] NCCL INFO Channel 14 : 31[e00000] -> 30[d00000] via P2P/IPC/read
ip-0A230414:2662:2901 [7] NCCL INFO Channel 15 : 31[e00000] -> 30[d00000] via P2P/IPC/read
ip-0A230414:2662:2901 [7] NCCL INFO Channel 22 : 31[e00000] -> 30[d00000] via P2P/IPC/read
ip-0A230414:2662:2901 [7] NCCL INFO Channel 23 : 31[e00000] -> 30[d00000] via P2P/IPC/read
ip-0A230412:16364:16571 [7] NCCL INFO Channel 03 : 23[e00000] -> 16[100000] via P2P/IPC/read
ip-0A23040F:22508:22703 [7] NCCL INFO Channel 06 : 15[e00000] -> 14[d00000] via P2P/IPC/read
ip-0A23040F:22508:22703 [7] NCCL INFO Channel 07 : 15[e00000] -> 14[d00000] via P2P/IPC/read
ip-0A23040F:22508:22703 [7] NCCL INFO Channel 14 : 15[e00000] -> 14[d00000] via P2P/IPC/read
ip-0A23040F:22508:22703 [7] NCCL INFO Channel 15 : 15[e00000] -> 14[d00000] via P2P/IPC/read
ip-0A23040F:22508:22703 [7] NCCL INFO Channel 22 : 15[e00000] -> 14[d00000] via P2P/IPC/read
ip-0A23040F:22508:22703 [7] NCCL INFO Channel 23 : 15[e00000] -> 14[d00000] via P2P/IPC/read
ip-0A23040F:22508:22703 [7] NCCL INFO Connected all trees
ip-0A23040F:22485:22699 [6] NCCL INFO Connected all trees
ip-0A230412:16364:16571 [7] NCCL INFO Channel 04 : 23[e00000] -> 16[100000] via P2P/IPC/read
ip-0A230412:16364:16571 [7] NCCL INFO Channel 05 : 23[e00000] -> 16[100000] via P2P/IPC/read
ip-0A230412:16364:16571 [7] NCCL INFO Channel 06 : 23[e00000] -> 16[100000] via P2P/IPC/read
ip-0A230412:16367:16570 [1] NCCL INFO Channel 00 : 17[200000] -> 16[100000] via P2P/IPC/read
ip-0A230412:16364:16571 [7] NCCL INFO Channel 10 : 23[e00000] -> 16[100000] via P2P/IPC/read
ip-0A230412:16367:16570 [1] NCCL INFO Channel 01 : 17[200000] -> 16[100000] via P2P/IPC/read
ip-0A230412:16361:16568 [5] NCCL INFO Channel 13/0 : 28[b00000] -> 21[c00000] [receive] via NET/IBext/5/GDRDMA
ip-0A230412:16364:16571 [7] NCCL INFO Channel 11 : 23[e00000] -> 16[100000] via P2P/IPC/read
ip-0A230412:16367:16570 [1] NCCL INFO Channel 08 : 17[200000] -> 16[100000] via P2P/IPC/read
ip-0A230412:16362:16567 [6] NCCL INFO Channel 07 : 22[d00000] -> 16[100000] via P2P/IPC/read
ip-0A23040F:22482:22698 [5] NCCL INFO Channel 04 : 13[c00000] -> 12[b00000] via P2P/IPC/read
ip-0A23040F:22482:22698 [5] NCCL INFO Channel 05 : 13[c00000] -> 12[b00000] via P2P/IPC/read
ip-0A23040F:22482:22698 [5] NCCL INFO Channel 12 : 13[c00000] -> 12[b00000] via P2P/IPC/read
ip-0A23040F:22482:22698 [5] NCCL INFO Channel 13 : 13[c00000] -> 12[b00000] via P2P/IPC/read
ip-0A23040F:22482:22698 [5] NCCL INFO Channel 20 : 13[c00000] -> 12[b00000] via P2P/IPC/read
ip-0A23040F:22482:22698 [5] NCCL INFO Channel 21 : 13[c00000] -> 12[b00000] via P2P/IPC/read
ip-0A23040F:22482:22698 [5] NCCL INFO Connected all trees
ip-0A23040F:22481:22704 [4] NCCL INFO Connected all trees
ip-0A230412:16364:16571 [7] NCCL INFO Channel 12 : 23[e00000] -> 16[100000] via P2P/IPC/read
ip-0A230414:2658:2899 [4] NCCL INFO Connected all trees
ip-0A230414:2659:2898 [5] NCCL INFO Connected all trees
ip-0A230412:16367:16570 [1] NCCL INFO Channel 09 : 17[200000] -> 16[100000] via P2P/IPC/read
ip-0A230412:16360:16566 [3] NCCL INFO Channel 02 : 19[400000] -> 18[300000] via P2P/IPC/read
ip-0A230412:16362:16567 [6] NCCL INFO Channel 15 : 22[d00000] -> 16[100000] via P2P/IPC/read
ip-0A230412:16364:16571 [7] NCCL INFO Channel 13 : 23[e00000] -> 16[100000] via P2P/IPC/read
ip-0A230412:16367:16570 [1] NCCL INFO Channel 16 : 17[200000] -> 16[100000] via P2P/IPC/read
ip-0A230412:16360:16566 [3] NCCL INFO Channel 03 : 19[400000] -> 18[300000] via P2P/IPC/read
ip-0A230412:16362:16567 [6] NCCL INFO Channel 23 : 22[d00000] -> 16[100000] via P2P/IPC/read
ip-0A230412:16364:16571 [7] NCCL INFO Channel 14 : 23[e00000] -> 16[100000] via P2P/IPC/read
ip-0A230412:16367:16570 [1] NCCL INFO Channel 17 : 17[200000] -> 16[100000] via P2P/IPC/read
ip-0A230412:16360:16566 [3] NCCL INFO Channel 10 : 19[400000] -> 18[300000] via P2P/IPC/read
ip-0A230412:16364:16571 [7] NCCL INFO Channel 18 : 23[e00000] -> 16[100000] via P2P/IPC/read
ip-0A230412:16360:16566 [3] NCCL INFO Channel 11 : 19[400000] -> 18[300000] via P2P/IPC/read
ip-0A230412:16364:16571 [7] NCCL INFO Channel 19 : 23[e00000] -> 16[100000] via P2P/IPC/read
ip-0A230412:16361:16568 [5] NCCL INFO Channel 04 : 21[c00000] -> 20[b00000] via P2P/IPC/read
ip-0A230412:16360:16566 [3] NCCL INFO Channel 18 : 19[400000] -> 18[300000] via P2P/IPC/read
ip-0A230412:16364:16571 [7] NCCL INFO Channel 20 : 23[e00000] -> 16[100000] via P2P/IPC/read
ip-0A230412:16361:16568 [5] NCCL INFO Channel 05 : 21[c00000] -> 20[b00000] via P2P/IPC/read
ip-0A230412:16360:16566 [3] NCCL INFO Channel 19 : 19[400000] -> 18[300000] via P2P/IPC/read
ip-0A230412:16364:16571 [7] NCCL INFO Channel 21 : 23[e00000] -> 16[100000] via P2P/IPC/read
ip-0A230412:16361:16568 [5] NCCL INFO Channel 12 : 21[c00000] -> 20[b00000] via P2P/IPC/read
ip-0A230412:16364:16571 [7] NCCL INFO Channel 22 : 23[e00000] -> 16[100000] via P2P/IPC/read
ip-0A230412:16361:16568 [5] NCCL INFO Channel 13 : 21[c00000] -> 20[b00000] via P2P/IPC/read
ip-0A230412:16361:16568 [5] NCCL INFO Channel 20 : 21[c00000] -> 20[b00000] via P2P/IPC/read
ip-0A230412:16361:16568 [5] NCCL INFO Channel 21 : 21[c00000] -> 20[b00000] via P2P/IPC/read
ip-0A230412:16360:16566 [3] NCCL INFO Connected all trees
ip-0A230412:16366:16569 [2] NCCL INFO Connected all trees
ip-0A230412:16361:16568 [5] NCCL INFO Connected all trees
ip-0A230412:16363:16564 [4] NCCL INFO Connected all trees
ip-0A230414:2660:2900 [6] NCCL INFO Channel 07 : 30[d00000] -> 24[100000] via P2P/IPC/read
ip-0A230414:2660:2900 [6] NCCL INFO Channel 15 : 30[d00000] -> 24[100000] via P2P/IPC/read
ip-0A230414:2660:2900 [6] NCCL INFO Channel 23 : 30[d00000] -> 24[100000] via P2P/IPC/read
ip-0A230414:2660:2900 [6] NCCL INFO Connected all trees
ip-0A230414:2662:2901 [7] NCCL INFO Connected all trees
ip-0A230414:2656:2896 [0] NCCL INFO Connected all trees
ip-0A230414:2664:2895 [1] NCCL INFO Connected all trees
ip-0A230414:2656:2896 [0] NCCL INFO CollNet 00 : 24 [receive] via COLLNET/SHARP/0/GDRDMA
ip-0A230412:16364:16571 [7] NCCL INFO Channel 06 : 23[e00000] -> 22[d00000] via P2P/IPC/read
ip-0A230412:16364:16571 [7] NCCL INFO Channel 07 : 23[e00000] -> 22[d00000] via P2P/IPC/read
ip-0A230412:16364:16571 [7] NCCL INFO Channel 14 : 23[e00000] -> 22[d00000] via P2P/IPC/read
ip-0A230412:16364:16571 [7] NCCL INFO Channel 15 : 23[e00000] -> 22[d00000] via P2P/IPC/read
ip-0A230412:16364:16571 [7] NCCL INFO Channel 22 : 23[e00000] -> 22[d00000] via P2P/IPC/read
ip-0A230412:16364:16571 [7] NCCL INFO Channel 23 : 23[e00000] -> 22[d00000] via P2P/IPC/read
ip-0A230412:16365:16565 [0] NCCL INFO Connected all trees
ip-0A230412:16367:16570 [1] NCCL INFO Connected all trees
ip-0A230412:16364:16571 [7] NCCL INFO Connected all trees
ip-0A230412:16362:16567 [6] NCCL INFO Connected all trees
ip-0A230412:16365:16565 [0] NCCL INFO CollNet 00 : 16 [receive] via COLLNET/SHARP/0/GDRDMA
ip-0A23040F:22479:22702 [1] NCCL INFO Channel 00 : 9[200000] -> 8[100000] via P2P/IPC/read
ip-0A23040F:22479:22702 [1] NCCL INFO Channel 01 : 9[200000] -> 8[100000] via P2P/IPC/read
ip-0A23040F:22479:22702 [1] NCCL INFO Channel 08 : 9[200000] -> 8[100000] via P2P/IPC/read
ip-0A23040F:22479:22702 [1] NCCL INFO Channel 09 : 9[200000] -> 8[100000] via P2P/IPC/read
ip-0A23040F:22479:22702 [1] NCCL INFO Channel 16 : 9[200000] -> 8[100000] via P2P/IPC/read
ip-0A23040F:22479:22702 [1] NCCL INFO Channel 17 : 9[200000] -> 8[100000] via P2P/IPC/read
ip-0A23040F:22479:22702 [1] NCCL INFO Connected all trees
ip-0A23040F:22503:22701 [0] NCCL INFO Connected all trees
ip-0A23040F:22503:22701 [0] NCCL INFO CollNet 00 : 8 [receive] via COLLNET/SHARP/0/GDRDMA
ip-0A230412:16365:16735 [0] NCCL INFO NCCL_SHARP_GROUP_SIZE_THRESH set by environment to 3.
ip-0A230414:2656:3181 [0] NCCL INFO NCCL_SHARP_GROUP_SIZE_THRESH set by environment to 3.
ip-0A230406:59071:59448 [0] NCCL INFO NCCL_SHARP_GROUP_SIZE_THRESH set by environment to 3.
ip-0A230414:2664:2895 [1] NCCL INFO CollNet 01 : 25 [receive] via COLLNET/SHARP/1/GDRDMA
ip-0A23040D:55350:55732 [0] NCCL INFO NCCL_SHARP_GROUP_SIZE_THRESH set by environment to 3.
ip-0A23040D:55352:55560 [1] NCCL INFO CollNet 01 : 1 [receive] via COLLNET/SHARP/1/GDRDMA
ip-0A230417:6616:6988 [0] NCCL INFO NCCL_SHARP_GROUP_SIZE_THRESH set by environment to 3.
ip-0A230406:59072:59276 [1] NCCL INFO CollNet 01 : 41 [receive] via COLLNET/SHARP/1/GDRDMA
ip-0A230408:76853:77235 [0] NCCL INFO NCCL_SHARP_GROUP_SIZE_THRESH set by environment to 3.
ip-0A230408:76856:77061 [1] NCCL INFO CollNet 01 : 49 [receive] via COLLNET/SHARP/1/GDRDMA
ip-0A23040F:22503:22869 [0] NCCL INFO NCCL_SHARP_GROUP_SIZE_THRESH set by environment to 3.
ip-0A230412:16367:16570 [1] NCCL INFO CollNet 01 : 17 [receive] via COLLNET/SHARP/1/GDRDMA
ip-0A230417:6614:6832 [1] NCCL INFO CollNet 01 : 33 [receive] via COLLNET/SHARP/1/GDRDMA
ip-0A23040F:22479:22702 [1] NCCL INFO CollNet 01 : 9 [receive] via COLLNET/SHARP/1/GDRDMA
[ip-0A23040D:0:55350 - context.c:584] INFO job (ID: 2524863045222304538) resource request quota: ( osts:0 user_data_per_ost:0 max_groups:0 max_qps:1 max_group_channels:1, num_trees:1)
[ip-0A23040D:0:55350 unique id 0] ERROR No Aggregation Manager (sharp_am) detected in sharp_create_job.

[ip-0A23040D:0:55350 - context.c:601] ERROR sharp_create_job failed: No Aggregation Manager (sharp_am) detected(-52)
ip-0A230408:76853:77235 [0] NCCL INFO Sharp rank 6/7 initialized on mlx5_ib0:1

ip-0A230408:76853:77235 [0] sharp_plugin.c:288 NCCL WARN NET/IB :SHARP coll init error: Cannot create SHArP job(-11)

ip-0A230408:76853:77235 [0] NCCL INFO include/coll_net.h:21 -> 3
ip-0A230414:2656:3181 [0] NCCL INFO Sharp rank 3/7 initialized on mlx5_ib0:1

ip-0A230414:2656:3181 [0] sharp_plugin.c:288 NCCL WARN NET/IB :SHARP coll init error: Cannot create SHArP job(-11)

ip-0A230414:2656:3181 [0] NCCL INFO include/coll_net.h:21 -> 3
ip-0A230414:2656:2896 [0] NCCL INFO transport.cc:222 -> 2
ip-0A230408:76853:77064 [0] NCCL INFO transport.cc:222 -> 2
ip-0A230406:59071:59448 [0] NCCL INFO Sharp rank 5/7 initialized on mlx5_ib0:1

ip-0A230406:59071:59448 [0] sharp_plugin.c:288 NCCL WARN NET/IB :SHARP coll init error: Cannot create SHArP job(-11)

ip-0A230406:59071:59448 [0] NCCL INFO include/coll_net.h:21 -> 3
ip-0A230417:6616:6988 [0] NCCL INFO Sharp rank 4/7 initialized on mlx5_ib0:1

ip-0A230417:6616:6988 [0] sharp_plugin.c:288 NCCL WARN NET/IB :SHARP coll init error: Cannot create SHArP job(-11)

ip-0A230417:6616:6988 [0] NCCL INFO include/coll_net.h:21 -> 3
ip-0A230412:16365:16735 [0] NCCL INFO Sharp rank 2/7 initialized on mlx5_ib0:1

ip-0A230412:16365:16735 [0] sharp_plugin.c:288 NCCL WARN NET/IB :SHARP coll init error: Cannot create SHArP job(-11)

ip-0A230412:16365:16735 [0] NCCL INFO include/coll_net.h:21 -> 3
ip-0A23040F:22503:22869 [0] NCCL INFO Sharp rank 1/7 initialized on mlx5_ib0:1

ip-0A23040F:22503:22869 [0] sharp_plugin.c:288 NCCL WARN NET/IB :SHARP coll init error: Cannot create SHArP job(-11)

ip-0A23040F:22503:22869 [0] NCCL INFO include/coll_net.h:21 -> 3
ip-0A230417:6616:6831 [0] NCCL INFO transport.cc:222 -> 2
ip-0A230406:59071:59274 [0] NCCL INFO transport.cc:222 -> 2
ip-0A230412:16365:16565 [0] NCCL INFO transport.cc:222 -> 2
ip-0A23040F:22503:22701 [0] NCCL INFO transport.cc:222 -> 2
ip-0A23040D:55350:55732 [0] NCCL INFO Sharp rank 0/7 initialized on mlx5_ib0:1

ip-0A23040D:55350:55732 [0] sharp_plugin.c:288 NCCL WARN NET/IB :SHARP coll init error: Cannot create SHArP job(-11)

ip-0A23040D:55350:55732 [0] NCCL INFO include/coll_net.h:21 -> 3
ip-0A23040D:55350:55555 [0] NCCL INFO transport.cc:222 -> 2
ip-0A23040D:55352:55728 [1] NCCL INFO NCCL_SHARP_GROUP_SIZE_THRESH set by environment to 3.
ip-0A23040D:55354:55556 [2] NCCL INFO CollNet 02 : 2 [receive] via COLLNET/SHARP/2/GDRDMA
ip-0A23040F:22479:22873 [1] NCCL INFO NCCL_SHARP_GROUP_SIZE_THRESH set by environment to 3.
ip-0A23040F:22483:22700 [2] NCCL INFO CollNet 02 : 10 [receive] via COLLNET/SHARP/2/GDRDMA
ip-0A230412:16367:16739 [1] NCCL INFO NCCL_SHARP_GROUP_SIZE_THRESH set by environment to 3.
ip-0A230414:2664:3180 [1] NCCL INFO NCCL_SHARP_GROUP_SIZE_THRESH set by environment to 3.
ip-0A230414:2657:2902 [2] NCCL INFO CollNet 02 : 26 [receive] via COLLNET/SHARP/2/GDRDMA
ip-0A230417:6614:6991 [1] NCCL INFO NCCL_SHARP_GROUP_SIZE_THRESH set by environment to 3.
ip-0A230417:6611:6827 [2] NCCL INFO CollNet 02 : 34 [receive] via COLLNET/SHARP/2/GDRDMA
ip-0A230406:59072:59444 [1] NCCL INFO NCCL_SHARP_GROUP_SIZE_THRESH set by environment to 3.
ip-0A230406:59068:59273 [2] NCCL INFO CollNet 02 : 42 [receive] via COLLNET/SHARP/2/GDRDMA
ip-0A230408:76856:77234 [1] NCCL INFO NCCL_SHARP_GROUP_SIZE_THRESH set by environment to 3.
ip-0A230408:76858:77062 [2] NCCL INFO CollNet 02 : 50 [receive] via COLLNET/SHARP/2/GDRDMA
ip-0A230412:16366:16569 [2] NCCL INFO CollNet 02 : 18 [receive] via COLLNET/SHARP/2/GDRDMA
[ip-0A23040D:0:55352 - context.c:584] INFO job (ID: 2524862622952184227) resource request quota: ( osts:0 user_data_per_ost:0 max_groups:0 max_qps:1 max_group_channels:1, num_trees:1)
[ip-0A23040D:0:55352 unique id 0] ERROR No Aggregation Manager (sharp_am) detected in sharp_create_job.

[ip-0A23040D:0:55352 - context.c:601] ERROR sharp_create_job failed: No Aggregation Manager (sharp_am) detected(-52)
ip-0A230406:59072:59444 [1] NCCL INFO Sharp rank 5/7 initialized on mlx5_ib1:1

ip-0A230406:59072:59444 [1] sharp_plugin.c:288 NCCL WARN NET/IB :SHARP coll init error: Cannot create SHArP job(-11)

ip-0A230406:59072:59444 [1] NCCL INFO include/coll_net.h:21 -> 3
ip-0A230408:76856:77234 [1] NCCL INFO Sharp rank 6/7 initialized on mlx5_ib1:1

ip-0A230408:76856:77234 [1] sharp_plugin.c:288 NCCL WARN NET/IB :SHARP coll init error: Cannot create SHArP job(-11)

ip-0A230408:76856:77234 [1] NCCL INFO include/coll_net.h:21 -> 3
ip-0A230417:6614:6991 [1] NCCL INFO Sharp rank 4/7 initialized on mlx5_ib1:1

ip-0A230417:6614:6991 [1] sharp_plugin.c:288 NCCL WARN NET/IB :SHARP coll init error: Cannot create SHArP job(-11)

ip-0A230417:6614:6991 [1] NCCL INFO include/coll_net.h:21 -> 3
ip-0A23040F:22479:22873 [1] NCCL INFO Sharp rank 1/7 initialized on mlx5_ib1:1

ip-0A23040F:22479:22873 [1] sharp_plugin.c:288 NCCL WARN NET/IB :SHARP coll init error: Cannot create SHArP job(-11)

ip-0A23040F:22479:22873 [1] NCCL INFO include/coll_net.h:21 -> 3
ip-0A230414:2664:3180 [1] NCCL INFO Sharp rank 3/7 initialized on mlx5_ib1:1

ip-0A230414:2664:3180 [1] sharp_plugin.c:288 NCCL WARN NET/IB :SHARP coll init error: Cannot create SHArP job(-11)

ip-0A230414:2664:3180 [1] NCCL INFO include/coll_net.h:21 -> 3
ip-0A230412:16367:16739 [1] NCCL INFO Sharp rank 2/7 initialized on mlx5_ib1:1

ip-0A230412:16367:16739 [1] sharp_plugin.c:288 NCCL WARN NET/IB :SHARP coll init error: Cannot create SHArP job(-11)

ip-0A230412:16367:16739 [1] NCCL INFO include/coll_net.h:21 -> 3
ip-0A230406:59072:59276 [1] NCCL INFO transport.cc:222 -> 2
ip-0A230408:76856:77061 [1] NCCL INFO transport.cc:222 -> 2
ip-0A230412:16367:16570 [1] NCCL INFO transport.cc:222 -> 2
ip-0A230417:6614:6832 [1] NCCL INFO transport.cc:222 -> 2
ip-0A230414:2664:2895 [1] NCCL INFO transport.cc:222 -> 2
ip-0A23040F:22479:22702 [1] NCCL INFO transport.cc:222 -> 2
ip-0A23040D:55352:55728 [1] NCCL INFO Sharp rank 0/7 initialized on mlx5_ib1:1

ip-0A23040D:55352:55728 [1] sharp_plugin.c:288 NCCL WARN NET/IB :SHARP coll init error: Cannot create SHArP job(-11)

ip-0A23040D:55352:55728 [1] NCCL INFO include/coll_net.h:21 -> 3
ip-0A23040D:55352:55560 [1] NCCL INFO transport.cc:222 -> 2
ip-0A23040D:55354:55729 [2] NCCL INFO NCCL_SHARP_GROUP_SIZE_THRESH set by environment to 3.
ip-0A23040D:55356:55554 [3] NCCL INFO CollNet 03 : 3 [receive] via COLLNET/SHARP/3/GDRDMA
ip-0A23040F:22483:22871 [2] NCCL INFO NCCL_SHARP_GROUP_SIZE_THRESH set by environment to 3.
ip-0A23040F:22480:22697 [3] NCCL INFO CollNet 03 : 11 [receive] via COLLNET/SHARP/3/GDRDMA
ip-0A230412:16366:16733 [2] NCCL INFO NCCL_SHARP_GROUP_SIZE_THRESH set by environment to 3.
ip-0A230412:16360:16566 [3] NCCL INFO CollNet 03 : 19 [receive] via COLLNET/SHARP/3/GDRDMA
ip-0A230414:2657:3184 [2] NCCL INFO NCCL_SHARP_GROUP_SIZE_THRESH set by environment to 3.
ip-0A230414:2663:2897 [3] NCCL INFO CollNet 03 : 27 [receive] via COLLNET/SHARP/3/GDRDMA
ip-0A230417:6611:6987 [2] NCCL INFO NCCL_SHARP_GROUP_SIZE_THRESH set by environment to 3.
ip-0A230417:6615:6828 [3] NCCL INFO CollNet 03 : 35 [receive] via COLLNET/SHARP/3/GDRDMA
ip-0A230406:59068:59443 [2] NCCL INFO NCCL_SHARP_GROUP_SIZE_THRESH set by environment to 3.
ip-0A230406:59074:59275 [3] NCCL INFO CollNet 03 : 43 [receive] via COLLNET/SHARP/3/GDRDMA
ip-0A230408:76858:77230 [2] NCCL INFO NCCL_SHARP_GROUP_SIZE_THRESH set by environment to 3.
ip-0A230408:76854:77058 [3] NCCL INFO CollNet 03 : 51 [receive] via COLLNET/SHARP/3/GDRDMA
[ip-0A23040D:0:55354 - context.c:584] INFO job (ID: 2524862451417016371) resource request quota: ( osts:0 user_data_per_ost:0 max_groups:0 max_qps:1 max_group_channels:1, num_trees:1)
[ip-0A23040D:0:55354 unique id 0] ERROR No Aggregation Manager (sharp_am) detected in sharp_create_job.

[ip-0A23040D:0:55354 - context.c:601] ERROR sharp_create_job failed: No Aggregation Manager (sharp_am) detected(-52)
ip-0A230417:6611:6987 [2] NCCL INFO Sharp rank 4/7 initialized on mlx5_ib2:1

ip-0A230417:6611:6987 [2] sharp_plugin.c:288 NCCL WARN NET/IB :SHARP coll init error: Cannot create SHArP job(-11)

ip-0A230417:6611:6987 [2] NCCL INFO include/coll_net.h:21 -> 3
ip-0A23040F:22483:22871 [2] NCCL INFO Sharp rank 1/7 initialized on mlx5_ib2:1

ip-0A23040F:22483:22871 [2] sharp_plugin.c:288 NCCL WARN NET/IB :SHARP coll init error: Cannot create SHArP job(-11)

ip-0A23040F:22483:22871 [2] NCCL INFO include/coll_net.h:21 -> 3
ip-0A230412:16366:16733 [2] NCCL INFO Sharp rank 2/7 initialized on mlx5_ib2:1

ip-0A230412:16366:16733 [2] sharp_plugin.c:288 NCCL WARN NET/IB :SHARP coll init error: Cannot create SHArP job(-11)

ip-0A230412:16366:16733 [2] NCCL INFO include/coll_net.h:21 -> 3
ip-0A230408:76858:77230 [2] NCCL INFO Sharp rank 6/7 initialized on mlx5_ib2:1

ip-0A230408:76858:77230 [2] sharp_plugin.c:288 NCCL WARN NET/IB :SHARP coll init error: Cannot create SHArP job(-11)

ip-0A230408:76858:77230 [2] NCCL INFO include/coll_net.h:21 -> 3
ip-0A230414:2657:3184 [2] NCCL INFO Sharp rank 3/7 initialized on mlx5_ib2:1

ip-0A230414:2657:3184 [2] sharp_plugin.c:288 NCCL WARN NET/IB :SHARP coll init error: Cannot create SHArP job(-11)

ip-0A230414:2657:3184 [2] NCCL INFO include/coll_net.h:21 -> 3
ip-0A230406:59068:59443 [2] NCCL INFO Sharp rank 5/7 initialized on mlx5_ib2:1

ip-0A230406:59068:59443 [2] sharp_plugin.c:288 NCCL WARN NET/IB :SHARP coll init error: Cannot create SHArP job(-11)

ip-0A230406:59068:59443 [2] NCCL INFO include/coll_net.h:21 -> 3
ip-0A230408:76858:77062 [2] NCCL INFO transport.cc:222 -> 2
ip-0A230417:6611:6827 [2] NCCL INFO transport.cc:222 -> 2
ip-0A230412:16366:16569 [2] NCCL INFO transport.cc:222 -> 2
ip-0A23040F:22483:22700 [2] NCCL INFO transport.cc:222 -> 2
ip-0A230406:59068:59273 [2] NCCL INFO transport.cc:222 -> 2
ip-0A230414:2657:2902 [2] NCCL INFO transport.cc:222 -> 2
ip-0A23040D:55354:55729 [2] NCCL INFO Sharp rank 0/7 initialized on mlx5_ib2:1

ip-0A23040D:55354:55729 [2] sharp_plugin.c:288 NCCL WARN NET/IB :SHARP coll init error: Cannot create SHArP job(-11)

ip-0A23040D:55354:55729 [2] NCCL INFO include/coll_net.h:21 -> 3
ip-0A23040D:55354:55556 [2] NCCL INFO transport.cc:222 -> 2
ip-0A23040D:55356:55731 [3] NCCL INFO NCCL_SHARP_GROUP_SIZE_THRESH set by environment to 3.
ip-0A23040D:55349:55559 [4] NCCL INFO CollNet 04 : 4 [receive] via COLLNET/SHARP/4/GDRDMA
ip-0A23040F:22480:22872 [3] NCCL INFO NCCL_SHARP_GROUP_SIZE_THRESH set by environment to 3.
ip-0A23040F:22481:22704 [4] NCCL INFO CollNet 04 : 12 [receive] via COLLNET/SHARP/4/GDRDMA
ip-0A230412:16360:16734 [3] NCCL INFO NCCL_SHARP_GROUP_SIZE_THRESH set by environment to 3.
ip-0A230412:16363:16564 [4] NCCL INFO CollNet 04 : 20 [receive] via COLLNET/SHARP/4/GDRDMA
ip-0A230414:2663:3182 [3] NCCL INFO NCCL_SHARP_GROUP_SIZE_THRESH set by environment to 3.
ip-0A230414:2658:2899 [4] NCCL INFO CollNet 04 : 28 [receive] via COLLNET/SHARP/4/GDRDMA
ip-0A230406:59074:59446 [3] NCCL INFO NCCL_SHARP_GROUP_SIZE_THRESH set by environment to 3.
ip-0A230417:6615:6986 [3] NCCL INFO NCCL_SHARP_GROUP_SIZE_THRESH set by environment to 3.
ip-0A230408:76854:77232 [3] NCCL INFO NCCL_SHARP_GROUP_SIZE_THRESH set by environment to 3.
ip-0A230406:59070:59277 [4] NCCL INFO CollNet 04 : 44 [receive] via COLLNET/SHARP/4/GDRDMA
ip-0A230417:6617:6830 [4] NCCL INFO CollNet 04 : 36 [receive] via COLLNET/SHARP/4/GDRDMA
ip-0A230408:76851:77060 [4] NCCL INFO CollNet 04 : 52 [receive] via COLLNET/SHARP/4/GDRDMA
[ip-0A23040D:0:55356 - context.c:584] INFO job (ID: 2524863445836613186) resource request quota: ( osts:0 user_data_per_ost:0 max_groups:0 max_qps:1 max_group_channels:1, num_trees:1)
[ip-0A23040D:0:55356 unique id 0] ERROR No Aggregation Manager (sharp_am) detected in sharp_create_job.

[ip-0A23040D:0:55356 - context.c:601] ERROR sharp_create_job failed: No Aggregation Manager (sharp_am) detected(-52)
ip-0A230414:2663:3182 [3] NCCL INFO Sharp rank 3/7 initialized on mlx5_ib3:1

ip-0A230414:2663:3182 [3] sharp_plugin.c:288 NCCL WARN NET/IB :SHARP coll init error: Cannot create SHArP job(-11)

ip-0A230414:2663:3182 [3] NCCL INFO include/coll_net.h:21 -> 3
ip-0A230406:59074:59446 [3] NCCL INFO Sharp rank 5/7 initialized on mlx5_ib3:1

ip-0A230406:59074:59446 [3] sharp_plugin.c:288 NCCL WARN NET/IB :SHARP coll init error: Cannot create SHArP job(-11)

ip-0A230406:59074:59446 [3] NCCL INFO include/coll_net.h:21 -> 3
ip-0A230417:6615:6986 [3] NCCL INFO Sharp rank 4/7 initialized on mlx5_ib3:1

ip-0A230417:6615:6986 [3] sharp_plugin.c:288 NCCL WARN NET/IB :SHARP coll init error: Cannot create SHArP job(-11)

ip-0A230417:6615:6986 [3] NCCL INFO include/coll_net.h:21 -> 3
ip-0A23040F:22480:22872 [3] NCCL INFO Sharp rank 1/7 initialized on mlx5_ib3:1

ip-0A23040F:22480:22872 [3] sharp_plugin.c:288 NCCL WARN NET/IB :SHARP coll init error: Cannot create SHArP job(-11)

ip-0A23040F:22480:22872 [3] NCCL INFO include/coll_net.h:21 -> 3
ip-0A230412:16360:16734 [3] NCCL INFO Sharp rank 2/7 initialized on mlx5_ib3:1

ip-0A230412:16360:16734 [3] sharp_plugin.c:288 NCCL WARN NET/IB :SHARP coll init error: Cannot create SHArP job(-11)

ip-0A230412:16360:16734 [3] NCCL INFO include/coll_net.h:21 -> 3
ip-0A230408:76854:77232 [3] NCCL INFO Sharp rank 6/7 initialized on mlx5_ib3:1

ip-0A230408:76854:77232 [3] sharp_plugin.c:288 NCCL WARN NET/IB :SHARP coll init error: Cannot create SHArP job(-11)

ip-0A230408:76854:77232 [3] NCCL INFO include/coll_net.h:21 -> 3
ip-0A230414:2663:2897 [3] NCCL INFO transport.cc:222 -> 2
ip-0A230408:76854:77058 [3] NCCL INFO transport.cc:222 -> 2
ip-0A230417:6615:6828 [3] NCCL INFO transport.cc:222 -> 2
ip-0A230412:16360:16566 [3] NCCL INFO transport.cc:222 -> 2
ip-0A230406:59074:59275 [3] NCCL INFO transport.cc:222 -> 2
ip-0A23040F:22480:22697 [3] NCCL INFO transport.cc:222 -> 2
ip-0A23040D:55356:55731 [3] NCCL INFO Sharp rank 0/7 initialized on mlx5_ib3:1

ip-0A23040D:55356:55731 [3] sharp_plugin.c:288 NCCL WARN NET/IB :SHARP coll init error: Cannot create SHArP job(-11)

ip-0A23040D:55356:55731 [3] NCCL INFO include/coll_net.h:21 -> 3
ip-0A23040D:55356:55554 [3] NCCL INFO transport.cc:222 -> 2
ip-0A23040D:55349:55726 [4] NCCL INFO NCCL_SHARP_GROUP_SIZE_THRESH set by environment to 3.
ip-0A23040D:55351:55557 [5] NCCL INFO CollNet 05 : 5 [receive] via COLLNET/SHARP/5/GDRDMA
ip-0A23040F:22481:22875 [4] NCCL INFO NCCL_SHARP_GROUP_SIZE_THRESH set by environment to 3.
ip-0A23040F:22482:22698 [5] NCCL INFO CollNet 05 : 13 [receive] via COLLNET/SHARP/5/GDRDMA
ip-0A230412:16363:16737 [4] NCCL INFO NCCL_SHARP_GROUP_SIZE_THRESH set by environment to 3.
ip-0A230414:2658:3185 [4] NCCL INFO NCCL_SHARP_GROUP_SIZE_THRESH set by environment to 3.
ip-0A230412:16361:16568 [5] NCCL INFO CollNet 05 : 21 [receive] via COLLNET/SHARP/5/GDRDMA
ip-0A230417:6617:6990 [4] NCCL INFO NCCL_SHARP_GROUP_SIZE_THRESH set by environment to 3.
ip-0A230414:2659:2898 [5] NCCL INFO CollNet 05 : 29 [receive] via COLLNET/SHARP/5/GDRDMA
ip-0A230417:6613:6829 [5] NCCL INFO CollNet 05 : 37 [receive] via COLLNET/SHARP/5/GDRDMA
ip-0A230406:59070:59447 [4] NCCL INFO NCCL_SHARP_GROUP_SIZE_THRESH set by environment to 3.
ip-0A230406:59069:59279 [5] NCCL INFO CollNet 05 : 45 [receive] via COLLNET/SHARP/5/GDRDMA
ip-0A230408:76851:77233 [4] NCCL INFO NCCL_SHARP_GROUP_SIZE_THRESH set by environment to 3.
ip-0A230408:76855:77063 [5] NCCL INFO CollNet 05 : 53 [receive] via COLLNET/SHARP/5/GDRDMA
[ip-0A23040D:0:55349 - context.c:584] INFO job (ID: 2524863312107153965) resource request quota: ( osts:0 user_data_per_ost:0 max_groups:0 max_qps:1 max_group_channels:1, num_trees:1)
[ip-0A23040D:0:55349 unique id 0] ERROR No Aggregation Manager (sharp_am) detected in sharp_create_job.

[ip-0A23040D:0:55349 - context.c:601] ERROR sharp_create_job failed: No Aggregation Manager (sharp_am) detected(-52)
ip-0A230408:76851:77233 [4] NCCL INFO Sharp rank 6/7 initialized on mlx5_ib4:1

ip-0A230408:76851:77233 [4] sharp_plugin.c:288 NCCL WARN NET/IB :SHARP coll init error: Cannot create SHArP job(-11)

ip-0A230408:76851:77233 [4] NCCL INFO include/coll_net.h:21 -> 3
ip-0A230406:59070:59447 [4] NCCL INFO Sharp rank 5/7 initialized on mlx5_ib4:1

ip-0A230406:59070:59447 [4] sharp_plugin.c:288 NCCL WARN NET/IB :SHARP coll init error: Cannot create SHArP job(-11)

ip-0A230406:59070:59447 [4] NCCL INFO include/coll_net.h:21 -> 3
ip-0A230417:6617:6990 [4] NCCL INFO Sharp rank 4/7 initialized on mlx5_ib4:1

ip-0A230417:6617:6990 [4] sharp_plugin.c:288 NCCL WARN NET/IB :SHARP coll init error: Cannot create SHArP job(-11)

ip-0A230417:6617:6990 [4] NCCL INFO include/coll_net.h:21 -> 3
ip-0A23040F:22481:22875 [4] NCCL INFO Sharp rank 1/7 initialized on mlx5_ib4:1

ip-0A23040F:22481:22875 [4] sharp_plugin.c:288 NCCL WARN NET/IB :SHARP coll init error: Cannot create SHArP job(-11)

ip-0A23040F:22481:22875 [4] NCCL INFO include/coll_net.h:21 -> 3
ip-0A230414:2658:3185 [4] NCCL INFO Sharp rank 3/7 initialized on mlx5_ib4:1

ip-0A230414:2658:3185 [4] sharp_plugin.c:288 NCCL WARN NET/IB :SHARP coll init error: Cannot create SHArP job(-11)

ip-0A230414:2658:3185 [4] NCCL INFO include/coll_net.h:21 -> 3
ip-0A230412:16363:16737 [4] NCCL INFO Sharp rank 2/7 initialized on mlx5_ib4:1

ip-0A230412:16363:16737 [4] sharp_plugin.c:288 NCCL WARN NET/IB :SHARP coll init error: Cannot create SHArP job(-11)

ip-0A230412:16363:16737 [4] NCCL INFO include/coll_net.h:21 -> 3
ip-0A230408:76851:77060 [4] NCCL INFO transport.cc:222 -> 2
ip-0A230417:6617:6830 [4] NCCL INFO transport.cc:222 -> 2
ip-0A23040F:22481:22704 [4] NCCL INFO transport.cc:222 -> 2
ip-0A230414:2658:2899 [4] NCCL INFO transport.cc:222 -> 2
ip-0A230412:16363:16564 [4] NCCL INFO transport.cc:222 -> 2
ip-0A230406:59070:59277 [4] NCCL INFO transport.cc:222 -> 2
ip-0A23040D:55349:55726 [4] NCCL INFO Sharp rank 0/7 initialized on mlx5_ib4:1

ip-0A23040D:55349:55726 [4] sharp_plugin.c:288 NCCL WARN NET/IB :SHARP coll init error: Cannot create SHArP job(-11)

ip-0A23040D:55349:55726 [4] NCCL INFO include/coll_net.h:21 -> 3
ip-0A23040D:55349:55559 [4] NCCL INFO transport.cc:222 -> 2
ip-0A23040D:55351:55724 [5] NCCL INFO NCCL_SHARP_GROUP_SIZE_THRESH set by environment to 3.
ip-0A23040D:55374:55558 [6] NCCL INFO CollNet 06 : 6 [receive] via COLLNET/SHARP/6/GDRDMA
ip-0A23040F:22482:22876 [5] NCCL INFO NCCL_SHARP_GROUP_SIZE_THRESH set by environment to 3.
ip-0A23040F:22485:22699 [6] NCCL INFO CollNet 06 : 14 [receive] via COLLNET/SHARP/6/GDRDMA
ip-0A230412:16361:16738 [5] NCCL INFO NCCL_SHARP_GROUP_SIZE_THRESH set by environment to 3.
ip-0A230412:16362:16567 [6] NCCL INFO CollNet 06 : 22 [receive] via COLLNET/SHARP/6/GDRDMA
ip-0A230414:2659:3183 [5] NCCL INFO NCCL_SHARP_GROUP_SIZE_THRESH set by environment to 3.
ip-0A230414:2660:2900 [6] NCCL INFO CollNet 06 : 30 [receive] via COLLNET/SHARP/6/GDRDMA
ip-0A230417:6613:6992 [5] NCCL INFO NCCL_SHARP_GROUP_SIZE_THRESH set by environment to 3.
ip-0A230406:59069:59449 [5] NCCL INFO NCCL_SHARP_GROUP_SIZE_THRESH set by environment to 3.
ip-0A230417:6612:6826 [6] NCCL INFO CollNet 06 : 38 [receive] via COLLNET/SHARP/6/GDRDMA
ip-0A230408:76855:77236 [5] NCCL INFO NCCL_SHARP_GROUP_SIZE_THRESH set by environment to 3.
ip-0A230406:59067:59278 [6] NCCL INFO CollNet 06 : 46 [receive] via COLLNET/SHARP/6/GDRDMA
ip-0A230408:76852:77059 [6] NCCL INFO CollNet 06 : 54 [receive] via COLLNET/SHARP/6/GDRDMA
[ip-0A23040D:0:55351 - context.c:584] INFO job (ID: 2524863201087557407) resource request quota: ( osts:0 user_data_per_ost:0 max_groups:0 max_qps:1 max_group_channels:1, num_trees:1)
[ip-0A23040D:0:55351 unique id 0] ERROR No Aggregation Manager (sharp_am) detected in sharp_create_job.

[ip-0A23040D:0:55351 - context.c:601] ERROR sharp_create_job failed: No Aggregation Manager (sharp_am) detected(-52)
ip-0A230414:2659:3183 [5] NCCL INFO Sharp rank 3/7 initialized on mlx5_ib5:1

ip-0A230414:2659:3183 [5] sharp_plugin.c:288 NCCL WARN NET/IB :SHARP coll init error: Cannot create SHArP job(-11)

ip-0A230414:2659:3183 [5] NCCL INFO include/coll_net.h:21 -> 3
ip-0A230406:59069:59449 [5] NCCL INFO Sharp rank 5/7 initialized on mlx5_ib5:1

ip-0A230406:59069:59449 [5] sharp_plugin.c:288 NCCL WARN NET/IB :SHARP coll init error: Cannot create SHArP job(-11)

ip-0A230406:59069:59449 [5] NCCL INFO include/coll_net.h:21 -> 3
ip-0A230408:76855:77236 [5] NCCL INFO Sharp rank 6/7 initialized on mlx5_ib5:1

ip-0A230408:76855:77236 [5] sharp_plugin.c:288 NCCL WARN NET/IB :SHARP coll init error: Cannot create SHArP job(-11)

ip-0A23040F:22482:22876 [5] NCCL INFO Sharp rank 1/7 initialized on mlx5_ib5:1

ip-0A23040F:22482:22876 [5] sharp_plugin.c:288 NCCL WARN NET/IB :SHARP coll init error: Cannot create SHArP job(-11)

ip-0A23040F:22482:22876 [5] NCCL INFO include/coll_net.h:21 -> 3
ip-0A230417:6613:6992 [5] NCCL INFO Sharp rank 4/7 initialized on mlx5_ib5:1

ip-0A230417:6613:6992 [5] sharp_plugin.c:288 NCCL WARN NET/IB :SHARP coll init error: Cannot create SHArP job(-11)

ip-0A230417:6613:6992 [5] NCCL INFO include/coll_net.h:21 -> 3
ip-0A230412:16361:16738 [5] NCCL INFO Sharp rank 2/7 initialized on mlx5_ib5:1

ip-0A230412:16361:16738 [5] sharp_plugin.c:288 NCCL WARN NET/IB :SHARP coll init error: Cannot create SHArP job(-11)

ip-0A230412:16361:16738 [5] NCCL INFO include/coll_net.h:21 -> 3
ip-0A230414:2659:2898 [5] NCCL INFO transport.cc:222 -> 2
ip-0A230412:16361:16568 [5] NCCL INFO transport.cc:222 -> 2
ip-0A230408:76855:77236 [5] NCCL INFO include/coll_net.h:21 -> 3
ip-0A230408:76855:77063 [5] NCCL INFO transport.cc:222 -> 2
ip-0A230406:59069:59279 [5] NCCL INFO transport.cc:222 -> 2
ip-0A230417:6613:6829 [5] NCCL INFO transport.cc:222 -> 2
ip-0A23040F:22482:22698 [5] NCCL INFO transport.cc:222 -> 2
ip-0A23040D:55351:55724 [5] NCCL INFO Sharp rank 0/7 initialized on mlx5_ib5:1

ip-0A23040D:55351:55724 [5] sharp_plugin.c:288 NCCL WARN NET/IB :SHARP coll init error: Cannot create SHArP job(-11)

ip-0A23040D:55351:55724 [5] NCCL INFO include/coll_net.h:21 -> 3
ip-0A23040D:55351:55557 [5] NCCL INFO transport.cc:222 -> 2
ip-0A23040D:55374:55727 [6] NCCL INFO NCCL_SHARP_GROUP_SIZE_THRESH set by environment to 3.
ip-0A23040D:55353:55561 [7] NCCL INFO CollNet 07 : 7 [receive] via COLLNET/SHARP/7/GDRDMA
ip-0A23040F:22485:22870 [6] NCCL INFO NCCL_SHARP_GROUP_SIZE_THRESH set by environment to 3.
ip-0A230412:16362:16736 [6] NCCL INFO NCCL_SHARP_GROUP_SIZE_THRESH set by environment to 3.
ip-0A230414:2660:3186 [6] NCCL INFO NCCL_SHARP_GROUP_SIZE_THRESH set by environment to 3.
ip-0A230412:16364:16571 [7] NCCL INFO CollNet 07 : 23 [receive] via COLLNET/SHARP/7/GDRDMA
ip-0A23040F:22508:22703 [7] NCCL INFO CollNet 07 : 15 [receive] via COLLNET/SHARP/7/GDRDMA
ip-0A230414:2662:2901 [7] NCCL INFO CollNet 07 : 31 [receive] via COLLNET/SHARP/7/GDRDMA
ip-0A230417:6612:6993 [6] NCCL INFO NCCL_SHARP_GROUP_SIZE_THRESH set by environment to 3.
ip-0A230406:59067:59442 [6] NCCL INFO NCCL_SHARP_GROUP_SIZE_THRESH set by environment to 3.
ip-0A230417:6610:6825 [7] NCCL INFO CollNet 07 : 39 [receive] via COLLNET/SHARP/7/GDRDMA
ip-0A230406:59073:59280 [7] NCCL INFO CollNet 07 : 47 [receive] via COLLNET/SHARP/7/GDRDMA
ip-0A230408:76852:77231 [6] NCCL INFO NCCL_SHARP_GROUP_SIZE_THRESH set by environment to 3.
ip-0A230408:76850:77057 [7] NCCL INFO CollNet 07 : 55 [receive] via COLLNET/SHARP/7/GDRDMA
[ip-0A23040D:0:55374 - context.c:584] INFO job (ID: 2524863102448428144) resource request quota: ( osts:0 user_data_per_ost:0 max_groups:0 max_qps:1 max_group_channels:1, num_trees:1)
[ip-0A23040D:0:55374 unique id 0] ERROR No Aggregation Manager (sharp_am) detected in sharp_create_job.

[ip-0A23040D:0:55374 - context.c:601] ERROR sharp_create_job failed: No Aggregation Manager (sharp_am) detected(-52)
ip-0A230408:76852:77231 [6] NCCL INFO Sharp rank 6/7 initialized on mlx5_ib6:1

ip-0A230408:76852:77231 [6] sharp_plugin.c:288 NCCL WARN NET/IB :SHARP coll init error: Cannot create SHArP job(-11)

ip-0A230408:76852:77231 [6] NCCL INFO include/coll_net.h:21 -> 3
ip-0A230406:59067:59442 [6] NCCL INFO Sharp rank 5/7 initialized on mlx5_ib6:1

ip-0A230406:59067:59442 [6] sharp_plugin.c:288 NCCL WARN NET/IB :SHARP coll init error: Cannot create SHArP job(-11)

ip-0A230406:59067:59442 [6] NCCL INFO include/coll_net.h:21 -> 3
ip-0A230417:6612:6993 [6] NCCL INFO Sharp rank 4/7 initialized on mlx5_ib6:1

ip-0A230417:6612:6993 [6] sharp_plugin.c:288 NCCL WARN NET/IB :SHARP coll init error: Cannot create SHArP job(-11)

ip-0A230417:6612:6993 [6] NCCL INFO include/coll_net.h:21 -> 3
ip-0A23040F:22485:22870 [6] NCCL INFO Sharp rank 1/7 initialized on mlx5_ib6:1

ip-0A23040F:22485:22870 [6] sharp_plugin.c:288 NCCL WARN NET/IB :SHARP coll init error: Cannot create SHArP job(-11)

ip-0A23040F:22485:22870 [6] NCCL INFO include/coll_net.h:21 -> 3
ip-0A230414:2660:3186 [6] NCCL INFO Sharp rank 3/7 initialized on mlx5_ib6:1

ip-0A230414:2660:3186 [6] sharp_plugin.c:288 NCCL WARN NET/IB :SHARP coll init error: Cannot create SHArP job(-11)

ip-0A230414:2660:3186 [6] NCCL INFO include/coll_net.h:21 -> 3
ip-0A230412:16362:16736 [6] NCCL INFO Sharp rank 2/7 initialized on mlx5_ib6:1

ip-0A230412:16362:16736 [6] sharp_plugin.c:288 NCCL WARN NET/IB :SHARP coll init error: Cannot create SHArP job(-11)

ip-0A230412:16362:16736 [6] NCCL INFO include/coll_net.h:21 -> 3
ip-0A230406:59067:59278 [6] NCCL INFO transport.cc:222 -> 2
ip-0A230408:76852:77059 [6] NCCL INFO transport.cc:222 -> 2
ip-0A230417:6612:6826 [6] NCCL INFO transport.cc:222 -> 2
ip-0A23040F:22485:22699 [6] NCCL INFO transport.cc:222 -> 2
ip-0A230414:2660:2900 [6] NCCL INFO transport.cc:222 -> 2
ip-0A230412:16362:16567 [6] NCCL INFO transport.cc:222 -> 2
ip-0A23040D:55374:55727 [6] NCCL INFO Sharp rank 0/7 initialized on mlx5_ib6:1

ip-0A23040D:55374:55727 [6] sharp_plugin.c:288 NCCL WARN NET/IB :SHARP coll init error: Cannot create SHArP job(-11)

ip-0A23040D:55374:55727 [6] NCCL INFO include/coll_net.h:21 -> 3
ip-0A23040D:55374:55558 [6] NCCL INFO transport.cc:222 -> 2
ip-0A23040D:55353:55730 [7] NCCL INFO NCCL_SHARP_GROUP_SIZE_THRESH set by environment to 3.
ip-0A23040F:22508:22874 [7] NCCL INFO NCCL_SHARP_GROUP_SIZE_THRESH set by environment to 3.
ip-0A230412:16364:16740 [7] NCCL INFO NCCL_SHARP_GROUP_SIZE_THRESH set by environment to 3.
ip-0A230414:2662:3187 [7] NCCL INFO NCCL_SHARP_GROUP_SIZE_THRESH set by environment to 3.
ip-0A230417:6610:6989 [7] NCCL INFO NCCL_SHARP_GROUP_SIZE_THRESH set by environment to 3.
ip-0A230406:59073:59445 [7] NCCL INFO NCCL_SHARP_GROUP_SIZE_THRESH set by environment to 3.
ip-0A230408:76850:77237 [7] NCCL INFO NCCL_SHARP_GROUP_SIZE_THRESH set by environment to 3.
[ip-0A23040D:0:55353 - context.c:584] INFO job (ID: 2524863373860820776) resource request quota: ( osts:0 user_data_per_ost:0 max_groups:0 max_qps:1 max_group_channels:1, num_trees:1)
[ip-0A23040D:0:55353 unique id 0] ERROR No Aggregation Manager (sharp_am) detected in sharp_create_job.

[ip-0A23040D:0:55353 - context.c:601] ERROR sharp_create_job failed: No Aggregation Manager (sharp_am) detected(-52)
ip-0A230408:76850:77237 [7] NCCL INFO Sharp rank 6/7 initialized on mlx5_ib7:1

ip-0A230408:76850:77237 [7] sharp_plugin.c:288 NCCL WARN NET/IB :SHARP coll init error: Cannot create SHArP job(-11)

ip-0A230408:76850:77237 [7] NCCL INFO include/coll_net.h:21 -> 3
ip-0A230414:2662:3187 [7] NCCL INFO Sharp rank 3/7 initialized on mlx5_ib7:1

ip-0A230414:2662:3187 [7] sharp_plugin.c:288 NCCL WARN NET/IB :SHARP coll init error: Cannot create SHArP job(-11)

ip-0A230414:2662:3187 [7] NCCL INFO include/coll_net.h:21 -> 3
ip-0A230406:59073:59445 [7] NCCL INFO Sharp rank 5/7 initialized on mlx5_ib7:1

ip-0A230406:59073:59445 [7] sharp_plugin.c:288 NCCL WARN NET/IB :SHARP coll init error: Cannot create SHArP job(-11)

ip-0A230406:59073:59445 [7] NCCL INFO include/coll_net.h:21 -> 3
ip-0A230417:6610:6989 [7] NCCL INFO Sharp rank 4/7 initialized on mlx5_ib7:1

ip-0A230417:6610:6989 [7] sharp_plugin.c:288 NCCL WARN NET/IB :SHARP coll init error: Cannot create SHArP job(-11)

ip-0A230417:6610:6989 [7] NCCL INFO include/coll_net.h:21 -> 3
ip-0A23040F:22508:22874 [7] NCCL INFO Sharp rank 1/7 initialized on mlx5_ib7:1

ip-0A23040F:22508:22874 [7] sharp_plugin.c:288 NCCL WARN NET/IB :SHARP coll init error: Cannot create SHArP job(-11)

ip-0A230412:16364:16740 [7] NCCL INFO Sharp rank 2/7 initialized on mlx5_ib7:1

ip-0A230412:16364:16740 [7] sharp_plugin.c:288 NCCL WARN NET/IB :SHARP coll init error: Cannot create SHArP job(-11)

ip-0A230412:16364:16740 [7] NCCL INFO include/coll_net.h:21 -> 3
ip-0A230408:76850:77057 [7] NCCL INFO transport.cc:222 -> 2
ip-0A230417:6610:6825 [7] NCCL INFO transport.cc:222 -> 2
ip-0A230414:2662:2901 [7] NCCL INFO transport.cc:222 -> 2
ip-0A230406:59073:59280 [7] NCCL INFO transport.cc:222 -> 2
ip-0A230412:16364:16571 [7] NCCL INFO transport.cc:222 -> 2
ip-0A23040F:22508:22874 [7] NCCL INFO include/coll_net.h:21 -> 3
ip-0A23040F:22508:22703 [7] NCCL INFO transport.cc:222 -> 2
ip-0A230414:2663:2897 [3] NCCL INFO init.cc:765 -> 2
ip-0A230414:2663:2897 [3] NCCL INFO threadThresholds 8/8/64 | 448/8/64 | 8/8/512
ip-0A230408:76852:77059 [6] NCCL INFO init.cc:765 -> 2
ip-0A230417:6610:6825 [7] NCCL INFO init.cc:765 -> 2
ip-0A230417:6610:6825 [7] NCCL INFO threadThresholds 8/8/64 | 448/8/64 | 8/8/512
ip-0A230406:59073:59280 [7] NCCL INFO init.cc:765 -> 2
ip-0A230406:59073:59280 [7] NCCL INFO threadThresholds 8/8/64 | 448/8/64 | 8/8/512
ip-0A230414:2658:2899 [4] NCCL INFO init.cc:765 -> 2
ip-0A230414:2658:2899 [4] NCCL INFO threadThresholds 8/8/64 | 448/8/64 | 8/8/512
ip-0A230414:2659:2898 [5] NCCL INFO init.cc:765 -> 2
ip-0A230414:2659:2898 [5] NCCL INFO threadThresholds 8/8/64 | 448/8/64 | 8/8/512
ip-0A230414:2662:2901 [7] NCCL INFO init.cc:765 -> 2
ip-0A230414:2662:2901 [7] NCCL INFO threadThresholds 8/8/64 | 448/8/64 | 8/8/512

ip-0A230414:2656:2896 [0] transport.cc:253 NCCL WARN Cannot initialize CollNet, using point-to-point network instead
ip-0A230414:2656:2896 [0] NCCL INFO init.cc:765 -> 2
ip-0A230414:2656:2896 [0] NCCL INFO threadThresholds 8/8/64 | 448/8/64 | 8/8/512
ip-0A230414:2664:2895 [1] NCCL INFO init.cc:765 -> 2
ip-0A230414:2664:2895 [1] NCCL INFO threadThresholds 8/8/64 | 448/8/64 | 8/8/512
ip-0A230414:2657:2902 [2] NCCL INFO init.cc:765 -> 2
ip-0A230414:2657:2902 [2] NCCL INFO threadThresholds 8/8/64 | 448/8/64 | 8/8/512
ip-0A230414:2660:2900 [6] NCCL INFO init.cc:765 -> 2
ip-0A230414:2660:2900 [6] NCCL INFO threadThresholds 8/8/64 | 448/8/64 | 8/8/512
ip-0A230408:76851:77060 [4] NCCL INFO init.cc:765 -> 2
ip-0A230408:76852:77059 [6] NCCL INFO threadThresholds 8/8/64 | 448/8/64 | 8/8/512

ip-0A230417:6616:6831 [0] transport.cc:253 NCCL WARN Cannot initialize CollNet, using point-to-point network instead
ip-0A230417:6616:6831 [0] NCCL INFO init.cc:765 -> 2
ip-0A230412:16362:16567 [6] NCCL INFO init.cc:765 -> 2
ip-0A230412:16362:16567 [6] NCCL INFO threadThresholds 8/8/64 | 448/8/64 | 8/8/512
ip-0A230408:76854:77058 [3] NCCL INFO init.cc:765 -> 2
ip-0A230417:6614:6832 [1] NCCL INFO init.cc:765 -> 2
ip-0A230408:76855:77063 [5] NCCL INFO init.cc:765 -> 2
ip-0A230408:76855:77063 [5] NCCL INFO threadThresholds 8/8/64 | 448/8/64 | 8/8/512
ip-0A230417:6611:6827 [2] NCCL INFO init.cc:765 -> 2
ip-0A230408:76850:77057 [7] NCCL INFO init.cc:765 -> 2
ip-0A230408:76850:77057 [7] NCCL INFO threadThresholds 8/8/64 | 448/8/64 | 8/8/512
ip-0A230417:6612:6826 [6] NCCL INFO init.cc:765 -> 2
ip-0A230417:6612:6826 [6] NCCL INFO threadThresholds 8/8/64 | 448/8/64 | 8/8/512
ip-0A230408:76856:77061 [1] NCCL INFO init.cc:765 -> 2
ip-0A230408:76856:77061 [1] NCCL INFO threadThresholds 8/8/64 | 448/8/64 | 8/8/512
ip-0A230417:6616:6831 [0] NCCL INFO threadThresholds 8/8/64 | 448/8/64 | 8/8/512
ip-0A230408:76858:77062 [2] NCCL INFO init.cc:765 -> 2
ip-0A230408:76858:77062 [2] NCCL INFO threadThresholds 8/8/64 | 448/8/64 | 8/8/512
ip-0A230417:6614:6832 [1] NCCL INFO threadThresholds 8/8/64 | 448/8/64 | 8/8/512
ip-0A230408:76854:77058 [3] NCCL INFO threadThresholds 8/8/64 | 448/8/64 | 8/8/512
ip-0A230417:6611:6827 [2] NCCL INFO threadThresholds 8/8/64 | 448/8/64 | 8/8/512

ip-0A230406:59071:59274 [0] transport.cc:253 NCCL WARN Cannot initialize CollNet, using point-to-point network instead
ip-0A230408:76851:77060 [4] NCCL INFO threadThresholds 8/8/64 | 448/8/64 | 8/8/512
ip-0A230417:6615:6828 [3] NCCL INFO init.cc:765 -> 2
ip-0A230417:6615:6828 [3] NCCL INFO threadThresholds 8/8/64 | 448/8/64 | 8/8/512
ip-0A230406:59074:59275 [3] NCCL INFO init.cc:765 -> 2

ip-0A230408:76853:77064 [0] transport.cc:253 NCCL WARN Cannot initialize CollNet, using point-to-point network instead
ip-0A230408:76853:77064 [0] NCCL INFO init.cc:765 -> 2
ip-0A230417:6617:6830 [4] NCCL INFO init.cc:765 -> 2
ip-0A230417:6617:6830 [4] NCCL INFO threadThresholds 8/8/64 | 448/8/64 | 8/8/512
ip-0A230406:59070:59277 [4] NCCL INFO init.cc:765 -> 2
ip-0A230406:59070:59277 [4] NCCL INFO threadThresholds 8/8/64 | 448/8/64 | 8/8/512
ip-0A230408:76853:77064 [0] NCCL INFO threadThresholds 8/8/64 | 448/8/64 | 8/8/512
ip-0A230417:6613:6829 [5] NCCL INFO init.cc:765 -> 2
ip-0A230417:6613:6829 [5] NCCL INFO threadThresholds 8/8/64 | 448/8/64 | 8/8/512
ip-0A230406:59069:59279 [5] NCCL INFO init.cc:765 -> 2
ip-0A230406:59069:59279 [5] NCCL INFO threadThresholds 8/8/64 | 448/8/64 | 8/8/512
ip-0A230406:59071:59274 [0] NCCL INFO init.cc:765 -> 2
ip-0A230406:59071:59274 [0] NCCL INFO threadThresholds 8/8/64 | 448/8/64 | 8/8/512
ip-0A230406:59072:59276 [1] NCCL INFO init.cc:765 -> 2
ip-0A230406:59072:59276 [1] NCCL INFO threadThresholds 8/8/64 | 448/8/64 | 8/8/512
ip-0A230406:59068:59273 [2] NCCL INFO init.cc:765 -> 2
ip-0A230406:59068:59273 [2] NCCL INFO threadThresholds 8/8/64 | 448/8/64 | 8/8/512
ip-0A230406:59074:59275 [3] NCCL INFO threadThresholds 8/8/64 | 448/8/64 | 8/8/512
ip-0A230406:59067:59278 [6] NCCL INFO init.cc:765 -> 2
ip-0A230406:59067:59278 [6] NCCL INFO threadThresholds 8/8/64 | 448/8/64 | 8/8/512
ip-0A230412:16364:16571 [7] NCCL INFO init.cc:765 -> 2
ip-0A230412:16364:16571 [7] NCCL INFO threadThresholds 8/8/64 | 448/8/64 | 8/8/512

ip-0A230412:16365:16565 [0] transport.cc:253 NCCL WARN Cannot initialize CollNet, using point-to-point network instead
ip-0A230412:16365:16565 [0] NCCL INFO init.cc:765 -> 2
ip-0A230412:16367:16570 [1] NCCL INFO init.cc:765 -> 2
ip-0A230412:16367:16570 [1] NCCL INFO threadThresholds 8/8/64 | 448/8/64 | 8/8/512
ip-0A230412:16366:16569 [2] NCCL INFO init.cc:765 -> 2
ip-0A230412:16366:16569 [2] NCCL INFO threadThresholds 8/8/64 | 448/8/64 | 8/8/512
ip-0A230412:16365:16565 [0] NCCL INFO threadThresholds 8/8/64 | 448/8/64 | 8/8/512
ip-0A230412:16360:16566 [3] NCCL INFO init.cc:765 -> 2
ip-0A230412:16360:16566 [3] NCCL INFO threadThresholds 8/8/64 | 448/8/64 | 8/8/512
ip-0A230412:16363:16564 [4] NCCL INFO init.cc:765 -> 2
ip-0A230412:16363:16564 [4] NCCL INFO threadThresholds 8/8/64 | 448/8/64 | 8/8/512
ip-0A230412:16361:16568 [5] NCCL INFO init.cc:765 -> 2
ip-0A230412:16361:16568 [5] NCCL INFO threadThresholds 8/8/64 | 448/8/64 | 8/8/512
ip-0A23040F:22508:22703 [7] NCCL INFO init.cc:765 -> 2
ip-0A23040F:22508:22703 [7] NCCL INFO threadThresholds 8/8/64 | 448/8/64 | 8/8/512

ip-0A23040F:22503:22701 [0] transport.cc:253 NCCL WARN Cannot initialize CollNet, using point-to-point network instead
ip-0A23040F:22503:22701 [0] NCCL INFO init.cc:765 -> 2
ip-0A23040F:22479:22702 [1] NCCL INFO init.cc:765 -> 2
ip-0A23040F:22483:22700 [2] NCCL INFO init.cc:765 -> 2
ip-0A23040F:22503:22701 [0] NCCL INFO threadThresholds 8/8/64 | 448/8/64 | 8/8/512
ip-0A23040F:22479:22702 [1] NCCL INFO threadThresholds 8/8/64 | 448/8/64 | 8/8/512
ip-0A23040F:22483:22700 [2] NCCL INFO threadThresholds 8/8/64 | 448/8/64 | 8/8/512
ip-0A23040F:22485:22699 [6] NCCL INFO init.cc:765 -> 2
ip-0A23040F:22480:22697 [3] NCCL INFO init.cc:765 -> 2
ip-0A23040F:22481:22704 [4] NCCL INFO init.cc:765 -> 2
ip-0A23040F:22482:22698 [5] NCCL INFO init.cc:765 -> 2
ip-0A23040F:22485:22699 [6] NCCL INFO threadThresholds 8/8/64 | 448/8/64 | 8/8/512
ip-0A23040F:22480:22697 [3] NCCL INFO threadThresholds 8/8/64 | 448/8/64 | 8/8/512
ip-0A23040F:22481:22704 [4] NCCL INFO threadThresholds 8/8/64 | 448/8/64 | 8/8/512
ip-0A23040F:22482:22698 [5] NCCL INFO threadThresholds 8/8/64 | 448/8/64 | 8/8/512
ip-0A230417:6616:6831 [0] NCCL INFO 24 coll channels, 32 p2p channels, 2 p2p channels per peer
ip-0A230414:2656:2896 [0] NCCL INFO 24 coll channels, 32 p2p channels, 2 p2p channels per peer
ip-0A230406:59071:59274 [0] NCCL INFO 24 coll channels, 32 p2p channels, 2 p2p channels per peer
ip-0A23040F:22503:22701 [0] NCCL INFO 24 coll channels, 32 p2p channels, 2 p2p channels per peer
ip-0A230408:76853:77064 [0] NCCL INFO 24 coll channels, 32 p2p channels, 2 p2p channels per peer
