ip-0A23040D:83532:83747 [5] NCCL INFO Trees [0] 6/-1/-1->5->4 [1] 6/-1/-1->5->4 [2] 6/-1/-1->5->4 [3] 6/-1/-1->5->4 [4] 6/-1/-1->5->4 [5] 4/37/-1->5->-1 [6] -1/-1/-1->5->4 [7] -1/-1/-1->5->4 [8] 6/-1/-1->5->4 [9] 6/-1/-1->5->4 [10] 6/-1/-1->5->4 [11] 6/-1/-1->5->4 [12] 6/52/-1->5->4 [13] 4/-1/-1->5->45 [14] -1/-1/-1->5->4 [15] -1/-1/-1->5->4 [16] 6/-1/-1->5->4 [17] 6/-1/-1->5->4 [18] 6/-1/-1->5->4 [19] 6/-1/-1->5->4 [20] 6/-1/-1->5->4 [21] 4/37/-1->5->-1 [22] -1/-1/-1->5->4 [23] -1/-1/-1->5->4
ip-0A230417:34196:34413 [3] NCCL INFO Trees [0] 36/-1/-1->35->34 [1] 36/-1/-1->35->34 [2] 36/18/-1->35->34 [3] 34/51/-1->35->3 [4] -1/-1/-1->35->34 [5] -1/-1/-1->35->34 [6] 36/-1/-1->35->34 [7] 36/-1/-1->35->34 [8] 36/-1/-1->35->34 [9] 36/-1/-1->35->34 [10] 36/-1/-1->35->34 [11] 34/-1/-1->35->27 [12] -1/-1/-1->35->34 [13] -1/-1/-1->35->34 [14] 36/-1/-1->35->34 [15] 36/-1/-1->35->34 [16] 36/-1/-1->35->34 [17] 36/-1/-1->35->34 [18] 36/18/-1->35->34 [19] 34/51/-1->35->3 [20] -1/-1/-1->35->34 [21] -1/-1/-1->35->34 [22] 36/-1/-1->35->34 [23] 36/-1/-1->35->34
ip-0A230417:34191:34407 [4] NCCL INFO Trees [0] 37/-1/-1->36->35 [1] 37/-1/-1->36->35 [2] 37/-1/-1->36->35 [3] 37/-1/-1->36->34 [4] 37/52/-1->36->4 [5] 38/21/-1->36->37 [6] 37/-1/-1->36->35 [7] 37/-1/-1->36->35 [8] 37/-1/-1->36->35 [9] 37/-1/-1->36->35 [10] 37/-1/-1->36->35 [11] 37/-1/-1->36->34 [12] 37/-1/-1->36->28 [13] 38/-1/-1->36->37 [14] 37/-1/-1->36->35 [15] 37/-1/-1->36->35 [16] 37/-1/-1->36->35 [17] 37/-1/-1->36->35 [18] 37/-1/-1->36->35 [19] 37/-1/-1->36->34 [20] 37/52/-1->36->4 [21] 38/21/-1->36->37 [22] 37/-1/-1->36->35 [23] 37/-1/-1->36->35
ip-0A230406:85277:85479 [3] NCCL INFO Trees [0] 44/-1/-1->43->42 [1] 44/-1/-1->43->42 [2] 44/-1/-1->43->42 [3] 42/-1/-1->43->50 [4] -1/-1/-1->43->42 [5] -1/-1/-1->43->42 [6] 44/-1/-1->43->42 [7] 44/-1/-1->43->42 [8] 44/-1/-1->43->42 [9] 44/-1/-1->43->42 [10] 44/26/-1->43->42 [11] 42/3/-1->43->11 [12] -1/-1/-1->43->42 [13] -1/-1/-1->43->42 [14] 44/-1/-1->43->42 [15] 44/-1/-1->43->42 [16] 44/-1/-1->43->42 [17] 44/-1/-1->43->42 [18] 44/-1/-1->43->42 [19] 42/-1/-1->43->50 [20] -1/-1/-1->43->42 [21] -1/-1/-1->43->42 [22] 44/-1/-1->43->42 [23] 44/-1/-1->43->42
ip-0A230417:34190:34408 [5] NCCL INFO Trees [0] 38/-1/-1->37->36 [1] 38/-1/-1->37->36 [2] 38/-1/-1->37->36 [3] 38/-1/-1->37->36 [4] 38/20/-1->37->36 [5] 36/53/-1->37->5 [6] -1/-1/-1->37->36 [7] -1/-1/-1->37->36 [8] 38/-1/-1->37->36 [9] 38/-1/-1->37->36 [10] 38/-1/-1->37->36 [11] 38/-1/-1->37->36 [12] 38/-1/-1->37->36 [13] 36/-1/-1->37->29 [14] -1/-1/-1->37->36 [15] -1/-1/-1->37->36 [16] 38/-1/-1->37->36 [17] 38/-1/-1->37->36 [18] 38/-1/-1->37->36 [19] 38/-1/-1->37->36 [20] 38/20/-1->37->36 [21] 36/53/-1->37->5 [22] -1/-1/-1->37->36 [23] -1/-1/-1->37->36
ip-0A230412:43917:44121 [3] NCCL INFO Trees [0] 20/-1/-1->19->18 [1] 20/-1/-1->19->18 [2] 20/10/-1->19->18 [3] 18/27/-1->19->34 [4] -1/-1/-1->19->18 [5] -1/-1/-1->19->18 [6] 20/-1/-1->19->18 [7] 20/-1/-1->19->18 [8] 20/-1/-1->19->18 [9] 20/-1/-1->19->18 [10] 20/-1/-1->19->18 [11] 18/-1/-1->19->26 [12] -1/-1/-1->19->18 [13] -1/-1/-1->19->18 [14] 20/-1/-1->19->18 [15] 20/-1/-1->19->18 [16] 20/-1/-1->19->18 [17] 20/-1/-1->19->18 [18] 20/10/-1->19->18 [19] 18/27/-1->19->34 [20] -1/-1/-1->19->18 [21] -1/-1/-1->19->18 [22] 20/-1/-1->19->18 [23] 20/-1/-1->19->18
ip-0A230406:85274:85480 [4] NCCL INFO Trees [0] 45/-1/-1->44->43 [1] 45/-1/-1->44->43 [2] 45/-1/-1->44->43 [3] 45/-1/-1->44->42 [4] 45/-1/-1->44->53 [5] 46/-1/-1->44->45 [6] 45/-1/-1->44->43 [7] 45/-1/-1->44->43 [8] 45/-1/-1->44->43 [9] 45/-1/-1->44->43 [10] 45/-1/-1->44->43 [11] 45/-1/-1->44->42 [12] 45/4/-1->44->12 [13] 46/29/-1->44->45 [14] 45/-1/-1->44->43 [15] 45/-1/-1->44->43 [16] 45/-1/-1->44->43 [17] 45/-1/-1->44->43 [18] 45/-1/-1->44->43 [19] 45/-1/-1->44->42 [20] 45/-1/-1->44->53 [21] 46/-1/-1->44->45 [22] 45/-1/-1->44->43 [23] 45/-1/-1->44->43
ip-0A230417:34193:34409 [6] NCCL INFO Trees [0] 39/-1/-1->38->37 [1] 39/-1/-1->38->37 [2] 39/-1/-1->38->37 [3] 39/-1/-1->38->37 [4] 39/-1/-1->38->37 [5] 39/-1/-1->38->36 [6] 39/54/-1->38->6 [7] 32/23/-1->38->39 [8] 39/-1/-1->38->37 [9] 39/-1/-1->38->37 [10] 39/-1/-1->38->37 [11] 39/-1/-1->38->37 [12] 39/-1/-1->38->37 [13] 39/-1/-1->38->36 [14] 39/-1/-1->38->30 [15] 32/-1/-1->38->39 [16] 39/-1/-1->38->37 [17] 39/-1/-1->38->37 [18] 39/-1/-1->38->37 [19] 39/-1/-1->38->37 [20] 39/-1/-1->38->37 [21] 39/-1/-1->38->36 [22] 39/54/-1->38->6 [23] 32/23/-1->38->39
ip-0A230412:43921:44117 [1] NCCL INFO Trees [0] 18/8/-1->17->16 [1] 16/25/-1->17->32 [2] -1/-1/-1->17->16 [3] -1/-1/-1->17->16 [4] 18/-1/-1->17->16 [5] 18/-1/-1->17->16 [6] 18/-1/-1->17->16 [7] 18/-1/-1->17->16 [8] 18/-1/-1->17->16 [9] 16/-1/-1->17->24 [10] -1/-1/-1->17->16 [11] -1/-1/-1->17->16 [12] 18/-1/-1->17->16 [13] 18/-1/-1->17->16 [14] 18/-1/-1->17->16 [15] 18/-1/-1->17->16 [16] 18/8/-1->17->16 [17] 16/25/-1->17->32 [18] -1/-1/-1->17->16 [19] -1/-1/-1->17->16 [20] 18/-1/-1->17->16 [21] 18/-1/-1->17->16 [22] 18/-1/-1->17->16 [23] 18/-1/-1->17->16
ip-0A230406:85275:85483 [5] NCCL INFO Trees [0] 46/-1/-1->45->44 [1] 46/-1/-1->45->44 [2] 46/-1/-1->45->44 [3] 46/-1/-1->45->44 [4] 46/-1/-1->45->44 [5] 44/-1/-1->45->52 [6] -1/-1/-1->45->44 [7] -1/-1/-1->45->44 [8] 46/-1/-1->45->44 [9] 46/-1/-1->45->44 [10] 46/-1/-1->45->44 [11] 46/-1/-1->45->44 [12] 46/28/-1->45->44 [13] 44/5/-1->45->13 [14] -1/-1/-1->45->44 [15] -1/-1/-1->45->44 [16] 46/-1/-1->45->44 [17] 46/-1/-1->45->44 [18] 46/-1/-1->45->44 [19] 46/-1/-1->45->44 [20] 46/-1/-1->45->44 [21] 44/-1/-1->45->52 [22] -1/-1/-1->45->44 [23] -1/-1/-1->45->44
ip-0A230417:34189:34411 [7] NCCL INFO Trees [0] -1/-1/-1->39->38 [1] -1/-1/-1->39->38 [2] 32/-1/-1->39->38 [3] 32/-1/-1->39->38 [4] 32/-1/-1->39->38 [5] 32/-1/-1->39->38 [6] 32/22/-1->39->38 [7] 38/55/-1->39->7 [8] -1/-1/-1->39->38 [9] -1/-1/-1->39->38 [10] 32/-1/-1->39->38 [11] 32/-1/-1->39->38 [12] 32/-1/-1->39->38 [13] 32/-1/-1->39->38 [14] 32/-1/-1->39->38 [15] 38/-1/-1->39->31 [16] -1/-1/-1->39->38 [17] -1/-1/-1->39->38 [18] 32/-1/-1->39->38 [19] 32/-1/-1->39->38 [20] 32/-1/-1->39->38 [21] 32/-1/-1->39->38 [22] 32/22/-1->39->38 [23] 38/55/-1->39->7
ip-0A23040F:50344:50552 [6] NCCL INFO Trees [0] 15/-1/-1->14->13 [1] 15/-1/-1->14->13 [2] 15/-1/-1->14->13 [3] 15/-1/-1->14->13 [4] 15/-1/-1->14->13 [5] 15/-1/-1->14->12 [6] 15/-1/-1->14->23 [7] 8/-1/-1->14->15 [8] 15/-1/-1->14->13 [9] 15/-1/-1->14->13 [10] 15/-1/-1->14->13 [11] 15/-1/-1->14->13 [12] 15/-1/-1->14->13 [13] 15/-1/-1->14->12 [14] 15/46/-1->14->-1 [15] 8/-1/-1->14->15 [16] 15/-1/-1->14->13 [17] 15/-1/-1->14->13 [18] 15/-1/-1->14->13 [19] 15/-1/-1->14->13 [20] 15/-1/-1->14->13 [21] 15/-1/-1->14->12 [22] 15/-1/-1->14->23 [23] 8/-1/-1->14->15
ip-0A23040F:50342:50554 [5] NCCL INFO Trees [0] 14/-1/-1->13->12 [1] 14/-1/-1->13->12 [2] 14/-1/-1->13->12 [3] 14/-1/-1->13->12 [4] 14/-1/-1->13->12 [5] 12/-1/-1->13->20 [6] -1/-1/-1->13->12 [7] -1/-1/-1->13->12 [8] 14/-1/-1->13->12 [9] 14/-1/-1->13->12 [10] 14/-1/-1->13->12 [11] 14/-1/-1->13->12 [12] 14/-1/-1->13->12 [13] 12/45/-1->13->-1 [14] -1/-1/-1->13->12 [15] -1/-1/-1->13->12 [16] 14/-1/-1->13->12 [17] 14/-1/-1->13->12 [18] 14/-1/-1->13->12 [19] 14/-1/-1->13->12 [20] 14/-1/-1->13->12 [21] 12/-1/-1->13->20 [22] -1/-1/-1->13->12 [23] -1/-1/-1->13->12
ip-0A23040F:50340:50555 [1] NCCL INFO Trees [0] 10/-1/-1->9->8 [1] 8/-1/-1->9->16 [2] -1/-1/-1->9->8 [3] -1/-1/-1->9->8 [4] 10/-1/-1->9->8 [5] 10/-1/-1->9->8 [6] 10/-1/-1->9->8 [7] 10/-1/-1->9->8 [8] 10/-1/-1->9->8 [9] 8/41/-1->9->-1 [10] -1/-1/-1->9->8 [11] -1/-1/-1->9->8 [12] 10/-1/-1->9->8 [13] 10/-1/-1->9->8 [14] 10/-1/-1->9->8 [15] 10/-1/-1->9->8 [16] 10/-1/-1->9->8 [17] 8/-1/-1->9->16 [18] -1/-1/-1->9->8 [19] -1/-1/-1->9->8 [20] 10/-1/-1->9->8 [21] 10/-1/-1->9->8 [22] 10/-1/-1->9->8 [23] 10/-1/-1->9->8
ip-0A23040F:50339:50556 [2] NCCL INFO Trees [0] 11/-1/-1->10->9 [1] 11/-1/-1->10->8 [2] 11/-1/-1->10->19 [3] 12/-1/-1->10->11 [4] 11/-1/-1->10->9 [5] 11/-1/-1->10->9 [6] 11/-1/-1->10->9 [7] 11/-1/-1->10->9 [8] 11/-1/-1->10->9 [9] 11/-1/-1->10->8 [10] 11/42/-1->10->-1 [11] 12/-1/-1->10->11 [12] 11/-1/-1->10->9 [13] 11/-1/-1->10->9 [14] 11/-1/-1->10->9 [15] 11/-1/-1->10->9 [16] 11/-1/-1->10->9 [17] 11/-1/-1->10->8 [18] 11/-1/-1->10->19 [19] 12/-1/-1->10->11 [20] 11/-1/-1->10->9 [21] 11/-1/-1->10->9 [22] 11/-1/-1->10->9 [23] 11/-1/-1->10->9
ip-0A230408:5614:5813 [1] NCCL INFO Trees [0] 50/40/-1->49->48 [1] 48/-1/-1->49->33 [2] -1/-1/-1->49->48 [3] -1/-1/-1->49->48 [4] 50/-1/-1->49->48 [5] 50/-1/-1->49->48 [6] 50/-1/-1->49->48 [7] 50/-1/-1->49->48 [8] 50/-1/-1->49->48 [9] 48/-1/-1->49->0 [10] -1/-1/-1->49->48 [11] -1/-1/-1->49->48 [12] 50/-1/-1->49->48 [13] 50/-1/-1->49->48 [14] 50/-1/-1->49->48 [15] 50/-1/-1->49->48 [16] 50/40/-1->49->48 [17] 48/-1/-1->49->33 [18] -1/-1/-1->49->48 [19] -1/-1/-1->49->48 [20] 50/-1/-1->49->48 [21] 50/-1/-1->49->48 [22] 50/-1/-1->49->48 [23] 50/-1/-1->49->48
ip-0A230408:5619:5818 [2] NCCL INFO Trees [0] 51/-1/-1->50->49 [1] 51/-1/-1->50->48 [2] 51/-1/-1->50->34 [3] 52/43/-1->50->51 [4] 51/-1/-1->50->49 [5] 51/-1/-1->50->49 [6] 51/-1/-1->50->49 [7] 51/-1/-1->50->49 [8] 51/-1/-1->50->49 [9] 51/-1/-1->50->48 [10] 51/-1/-1->50->3 [11] 52/-1/-1->50->51 [12] 51/-1/-1->50->49 [13] 51/-1/-1->50->49 [14] 51/-1/-1->50->49 [15] 51/-1/-1->50->49 [16] 51/-1/-1->50->49 [17] 51/-1/-1->50->48 [18] 51/-1/-1->50->34 [19] 52/43/-1->50->51 [20] 51/-1/-1->50->49 [21] 51/-1/-1->50->49 [22] 51/-1/-1->50->49 [23] 51/-1/-1->50->49
ip-0A230406:85303:85486 [6] NCCL INFO Trees [0] 47/-1/-1->46->45 [1] 47/-1/-1->46->45 [2] 47/-1/-1->46->45 [3] 47/-1/-1->46->45 [4] 47/-1/-1->46->45 [5] 47/-1/-1->46->44 [6] 47/-1/-1->46->55 [7] 40/-1/-1->46->47 [8] 47/-1/-1->46->45 [9] 47/-1/-1->46->45 [10] 47/-1/-1->46->45 [11] 47/-1/-1->46->45 [12] 47/-1/-1->46->45 [13] 47/-1/-1->46->44 [14] 47/6/-1->46->14 [15] 40/31/-1->46->47 [16] 47/-1/-1->46->45 [17] 47/-1/-1->46->45 [18] 47/-1/-1->46->45 [19] 47/-1/-1->46->45 [20] 47/-1/-1->46->45 [21] 47/-1/-1->46->44 [22] 47/-1/-1->46->55 [23] 40/-1/-1->46->47
ip-0A230408:5607:5816 [4] NCCL INFO Trees [0] 53/-1/-1->52->51 [1] 53/-1/-1->52->51 [2] 53/-1/-1->52->51 [3] 53/-1/-1->52->50 [4] 53/-1/-1->52->36 [5] 54/45/-1->52->53 [6] 53/-1/-1->52->51 [7] 53/-1/-1->52->51 [8] 53/-1/-1->52->51 [9] 53/-1/-1->52->51 [10] 53/-1/-1->52->51 [11] 53/-1/-1->52->50 [12] 53/-1/-1->52->5 [13] 54/-1/-1->52->53 [14] 53/-1/-1->52->51 [15] 53/-1/-1->52->51 [16] 53/-1/-1->52->51 [17] 53/-1/-1->52->51 [18] 53/-1/-1->52->51 [19] 53/-1/-1->52->50 [20] 53/-1/-1->52->36 [21] 54/45/-1->52->53 [22] 53/-1/-1->52->51 [23] 53/-1/-1->52->51
ip-0A230406:85279:85482 [7] NCCL INFO Trees [0] -1/-1/-1->47->46 [1] -1/-1/-1->47->46 [2] 40/-1/-1->47->46 [3] 40/-1/-1->47->46 [4] 40/-1/-1->47->46 [5] 40/-1/-1->47->46 [6] 40/-1/-1->47->46 [7] 46/-1/-1->47->54 [8] -1/-1/-1->47->46 [9] -1/-1/-1->47->46 [10] 40/-1/-1->47->46 [11] 40/-1/-1->47->46 [12] 40/-1/-1->47->46 [13] 40/-1/-1->47->46 [14] 40/30/-1->47->46 [15] 46/7/-1->47->15 [16] -1/-1/-1->47->46 [17] -1/-1/-1->47->46 [18] 40/-1/-1->47->46 [19] 40/-1/-1->47->46 [20] 40/-1/-1->47->46 [21] 40/-1/-1->47->46 [22] 40/-1/-1->47->46 [23] 46/-1/-1->47->54
ip-0A230408:5609:5815 [5] NCCL INFO Trees [0] 54/-1/-1->53->52 [1] 54/-1/-1->53->52 [2] 54/-1/-1->53->52 [3] 54/-1/-1->53->52 [4] 54/44/-1->53->52 [5] 52/-1/-1->53->37 [6] -1/-1/-1->53->52 [7] -1/-1/-1->53->52 [8] 54/-1/-1->53->52 [9] 54/-1/-1->53->52 [10] 54/-1/-1->53->52 [11] 54/-1/-1->53->52 [12] 54/-1/-1->53->52 [13] 52/-1/-1->53->4 [14] -1/-1/-1->53->52 [15] -1/-1/-1->53->52 [16] 54/-1/-1->53->52 [17] 54/-1/-1->53->52 [18] 54/-1/-1->53->52 [19] 54/-1/-1->53->52 [20] 54/44/-1->53->52 [21] 52/-1/-1->53->37 [22] -1/-1/-1->53->52 [23] -1/-1/-1->53->52
ip-0A230406:85280:85481 [0] NCCL INFO Trees [0] 41/-1/-1->40->49 [1] 42/-1/-1->40->41 [2] 41/-1/-1->40->47 [3] 41/-1/-1->40->47 [4] 41/-1/-1->40->47 [5] 41/-1/-1->40->47 [6] 41/-1/-1->40->47 [7] 41/-1/-1->40->46 [8] 41/0/-1->40->8 [9] 42/25/-1->40->41 [10] 41/-1/-1->40->47 [11] 41/-1/-1->40->47 [12] 41/-1/-1->40->47 [13] 41/-1/-1->40->47 [14] 41/-1/-1->40->47 [15] 41/-1/-1->40->46 [16] 41/-1/-1->40->49 [17] 42/-1/-1->40->41 [18] 41/-1/-1->40->47 [19] 41/-1/-1->40->47 [20] 41/-1/-1->40->47 [21] 41/-1/-1->40->47 [22] 41/-1/-1->40->47 [23] 41/-1/-1->40->46
ip-0A230408:5623:5817 [6] NCCL INFO Trees [0] 55/-1/-1->54->53 [1] 55/-1/-1->54->53 [2] 55/-1/-1->54->53 [3] 55/-1/-1->54->53 [4] 55/-1/-1->54->53 [5] 55/-1/-1->54->52 [6] 55/-1/-1->54->38 [7] 48/47/-1->54->55 [8] 55/-1/-1->54->53 [9] 55/-1/-1->54->53 [10] 55/-1/-1->54->53 [11] 55/-1/-1->54->53 [12] 55/-1/-1->54->53 [13] 55/-1/-1->54->52 [14] 55/-1/-1->54->7 [15] 48/-1/-1->54->55 [16] 55/-1/-1->54->53 [17] 55/-1/-1->54->53 [18] 55/-1/-1->54->53 [19] 55/-1/-1->54->53 [20] 55/-1/-1->54->53 [21] 55/-1/-1->54->52 [22] 55/-1/-1->54->38 [23] 48/47/-1->54->55
ip-0A230406:85276:85484 [1] NCCL INFO Trees [0] 42/-1/-1->41->40 [1] 40/-1/-1->41->48 [2] -1/-1/-1->41->40 [3] -1/-1/-1->41->40 [4] 42/-1/-1->41->40 [5] 42/-1/-1->41->40 [6] 42/-1/-1->41->40 [7] 42/-1/-1->41->40 [8] 42/24/-1->41->40 [9] 40/1/-1->41->9 [10] -1/-1/-1->41->40 [11] -1/-1/-1->41->40 [12] 42/-1/-1->41->40 [13] 42/-1/-1->41->40 [14] 42/-1/-1->41->40 [15] 42/-1/-1->41->40 [16] 42/-1/-1->41->40 [17] 40/-1/-1->41->48 [18] -1/-1/-1->41->40 [19] -1/-1/-1->41->40 [20] 42/-1/-1->41->40 [21] 42/-1/-1->41->40 [22] 42/-1/-1->41->40 [23] 42/-1/-1->41->40
ip-0A23040F:50336:50557 [3] NCCL INFO Trees [0] 12/-1/-1->11->10 [1] 12/-1/-1->11->10 [2] 12/-1/-1->11->10 [3] 10/-1/-1->11->18 [4] -1/-1/-1->11->10 [5] -1/-1/-1->11->10 [6] 12/-1/-1->11->10 [7] 12/-1/-1->11->10 [8] 12/-1/-1->11->10 [9] 12/-1/-1->11->10 [10] 12/-1/-1->11->10 [11] 10/43/-1->11->-1 [12] -1/-1/-1->11->10 [13] -1/-1/-1->11->10 [14] 12/-1/-1->11->10 [15] 12/-1/-1->11->10 [16] 12/-1/-1->11->10 [17] 12/-1/-1->11->10 [18] 12/-1/-1->11->10 [19] 10/-1/-1->11->18 [20] -1/-1/-1->11->10 [21] -1/-1/-1->11->10 [22] 12/-1/-1->11->10 [23] 12/-1/-1->11->10
ip-0A230406:85278:85485 [2] NCCL INFO Trees [0] 43/-1/-1->42->41 [1] 43/-1/-1->42->40 [2] 43/-1/-1->42->51 [3] 44/-1/-1->42->43 [4] 43/-1/-1->42->41 [5] 43/-1/-1->42->41 [6] 43/-1/-1->42->41 [7] 43/-1/-1->42->41 [8] 43/-1/-1->42->41 [9] 43/-1/-1->42->40 [10] 43/2/-1->42->10 [11] 44/27/-1->42->43 [12] 43/-1/-1->42->41 [13] 43/-1/-1->42->41 [14] 43/-1/-1->42->41 [15] 43/-1/-1->42->41 [16] 43/-1/-1->42->41 [17] 43/-1/-1->42->40 [18] 43/-1/-1->42->51 [19] 44/-1/-1->42->43 [20] 43/-1/-1->42->41 [21] 43/-1/-1->42->41 [22] 43/-1/-1->42->41 [23] 43/-1/-1->42->41
ip-0A23040F:50337:50551 [4] NCCL INFO Trees [0] 13/-1/-1->12->11 [1] 13/-1/-1->12->11 [2] 13/-1/-1->12->11 [3] 13/-1/-1->12->10 [4] 13/-1/-1->12->21 [5] 14/-1/-1->12->13 [6] 13/-1/-1->12->11 [7] 13/-1/-1->12->11 [8] 13/-1/-1->12->11 [9] 13/-1/-1->12->11 [10] 13/-1/-1->12->11 [11] 13/-1/-1->12->10 [12] 13/44/-1->12->-1 [13] 14/-1/-1->12->13 [14] 13/-1/-1->12->11 [15] 13/-1/-1->12->11 [16] 13/-1/-1->12->11 [17] 13/-1/-1->12->11 [18] 13/-1/-1->12->11 [19] 13/-1/-1->12->10 [20] 13/-1/-1->12->21 [21] 14/-1/-1->12->13 [22] 13/-1/-1->12->11 [23] 13/-1/-1->12->11
ip-0A23040F:50343:50553 [0] NCCL INFO Trees [0] 9/-1/-1->8->17 [1] 10/-1/-1->8->9 [2] 9/-1/-1->8->15 [3] 9/-1/-1->8->15 [4] 9/-1/-1->8->15 [5] 9/-1/-1->8->15 [6] 9/-1/-1->8->15 [7] 9/-1/-1->8->14 [8] 9/40/-1->8->-1 [9] 10/-1/-1->8->9 [10] 9/-1/-1->8->15 [11] 9/-1/-1->8->15 [12] 9/-1/-1->8->15 [13] 9/-1/-1->8->15 [14] 9/-1/-1->8->15 [15] 9/-1/-1->8->14 [16] 9/-1/-1->8->17 [17] 10/-1/-1->8->9 [18] 9/-1/-1->8->15 [19] 9/-1/-1->8->15 [20] 9/-1/-1->8->15 [21] 9/-1/-1->8->15 [22] 9/-1/-1->8->15 [23] 9/-1/-1->8->14
ip-0A230412:43916:44123 [2] NCCL INFO Trees [0] 19/-1/-1->18->17 [1] 19/-1/-1->18->16 [2] 19/26/-1->18->35 [3] 20/11/-1->18->19 [4] 19/-1/-1->18->17 [5] 19/-1/-1->18->17 [6] 19/-1/-1->18->17 [7] 19/-1/-1->18->17 [8] 19/-1/-1->18->17 [9] 19/-1/-1->18->16 [10] 19/-1/-1->18->27 [11] 20/-1/-1->18->19 [12] 19/-1/-1->18->17 [13] 19/-1/-1->18->17 [14] 19/-1/-1->18->17 [15] 19/-1/-1->18->17 [16] 19/-1/-1->18->17 [17] 19/-1/-1->18->16 [18] 19/26/-1->18->35 [19] 20/11/-1->18->19 [20] 19/-1/-1->18->17 [21] 19/-1/-1->18->17 [22] 19/-1/-1->18->17 [23] 19/-1/-1->18->17
ip-0A230412:43913:44122 [0] NCCL INFO Trees [0] 17/24/-1->16->33 [1] 18/9/-1->16->17 [2] 17/-1/-1->16->23 [3] 17/-1/-1->16->23 [4] 17/-1/-1->16->23 [5] 17/-1/-1->16->23 [6] 17/-1/-1->16->23 [7] 17/-1/-1->16->22 [8] 17/-1/-1->16->25 [9] 18/-1/-1->16->17 [10] 17/-1/-1->16->23 [11] 17/-1/-1->16->23 [12] 17/-1/-1->16->23 [13] 17/-1/-1->16->23 [14] 17/-1/-1->16->23 [15] 17/-1/-1->16->22 [16] 17/24/-1->16->33 [17] 18/9/-1->16->17 [18] 17/-1/-1->16->23 [19] 17/-1/-1->16->23 [20] 17/-1/-1->16->23 [21] 17/-1/-1->16->23 [22] 17/-1/-1->16->23 [23] 17/-1/-1->16->22
ip-0A230408:5611:5820 [3] NCCL INFO Trees [0] 52/-1/-1->51->50 [1] 52/-1/-1->51->50 [2] 52/42/-1->51->50 [3] 50/-1/-1->51->35 [4] -1/-1/-1->51->50 [5] -1/-1/-1->51->50 [6] 52/-1/-1->51->50 [7] 52/-1/-1->51->50 [8] 52/-1/-1->51->50 [9] 52/-1/-1->51->50 [10] 52/-1/-1->51->50 [11] 50/-1/-1->51->2 [12] -1/-1/-1->51->50 [13] -1/-1/-1->51->50 [14] 52/-1/-1->51->50 [15] 52/-1/-1->51->50 [16] 52/-1/-1->51->50 [17] 52/-1/-1->51->50 [18] 52/42/-1->51->50 [19] 50/-1/-1->51->35 [20] -1/-1/-1->51->50 [21] -1/-1/-1->51->50 [22] 52/-1/-1->51->50 [23] 52/-1/-1->51->50
ip-0A230408:5610:5814 [7] NCCL INFO Trees [0] -1/-1/-1->55->54 [1] -1/-1/-1->55->54 [2] 48/-1/-1->55->54 [3] 48/-1/-1->55->54 [4] 48/-1/-1->55->54 [5] 48/-1/-1->55->54 [6] 48/46/-1->55->54 [7] 54/-1/-1->55->39 [8] -1/-1/-1->55->54 [9] -1/-1/-1->55->54 [10] 48/-1/-1->55->54 [11] 48/-1/-1->55->54 [12] 48/-1/-1->55->54 [13] 48/-1/-1->55->54 [14] 48/-1/-1->55->54 [15] 54/-1/-1->55->6 [16] -1/-1/-1->55->54 [17] -1/-1/-1->55->54 [18] 48/-1/-1->55->54 [19] 48/-1/-1->55->54 [20] 48/-1/-1->55->54 [21] 48/-1/-1->55->54 [22] 48/46/-1->55->54 [23] 54/-1/-1->55->39
ip-0A23040D:83531:83750 [0] NCCL INFO Channel 00/24 :    0   7   6   5   4   3   2   1   8  15  14  13  12  11  10   9  16  23  22  21
ip-0A23040D:83531:83750 [0] NCCL INFO Channel 01/24 :    0   9  15  14  13  12  11  10   8  17  23  22  21  20  19  18  16  25  31  30
ip-0A23040D:83531:83750 [0] NCCL INFO Channel 02/24 :    0   7   6   5   4   3  10   9   8  15  14  13  12  11  18  17  16  23  22  21
ip-0A23040D:83531:83750 [0] NCCL INFO Channel 03/24 :    0   7   6   5   4   2  11   9   8  15  14  13  12  10  19  17  16  23  22  21
ip-0A23040D:83531:83750 [0] NCCL INFO Channel 04/24 :    0   7   6   5  12  11  10   9   8  15  14  13  20  19  18  17  16  23  22  21
ip-0A23040D:83558:83748 [4] NCCL INFO Trees [0] 5/-1/-1->4->3 [1] 5/-1/-1->4->3 [2] 5/-1/-1->4->3 [3] 5/-1/-1->4->2 [4] 5/36/-1->4->-1 [5] 6/-1/-1->4->5 [6] 5/-1/-1->4->3 [7] 5/-1/-1->4->3 [8] 5/-1/-1->4->3 [9] 5/-1/-1->4->3 [10] 5/-1/-1->4->3 [11] 5/-1/-1->4->2 [12] 5/-1/-1->4->44 [13] 6/53/-1->4->5 [14] 5/-1/-1->4->3 [15] 5/-1/-1->4->3 [16] 5/-1/-1->4->3 [17] 5/-1/-1->4->3 [18] 5/-1/-1->4->3 [19] 5/-1/-1->4->2 [20] 5/36/-1->4->-1 [21] 6/-1/-1->4->5 [22] 5/-1/-1->4->3 [23] 5/-1/-1->4->3
ip-0A23040D:83531:83750 [0] NCCL INFO Channel 05/24 :    0   7   6   4  13  11  10   9   8  15  14  12  21  19  18  17  16  23  22  20
ip-0A23040D:83531:83750 [0] NCCL INFO Channel 06/24 :    0   7  14  13  12  11  10   9   8  15  22  21  20  19  18  17  16  23  30  29
ip-0A23040D:83529:83746 [1] NCCL INFO Trees [0] 2/-1/-1->1->0 [1] 0/33/-1->1->-1 [2] -1/-1/-1->1->0 [3] -1/-1/-1->1->0 [4] 2/-1/-1->1->0 [5] 2/-1/-1->1->0 [6] 2/-1/-1->1->0 [7] 2/-1/-1->1->0 [8] 2/48/-1->1->0 [9] 0/-1/-1->1->41 [10] -1/-1/-1->1->0 [11] -1/-1/-1->1->0 [12] 2/-1/-1->1->0 [13] 2/-1/-1->1->0 [14] 2/-1/-1->1->0 [15] 2/-1/-1->1->0 [16] 2/-1/-1->1->0 [17] 0/33/-1->1->-1 [18] -1/-1/-1->1->0 [19] -1/-1/-1->1->0 [20] 2/-1/-1->1->0 [21] 2/-1/-1->1->0 [22] 2/-1/-1->1->0 [23] 2/-1/-1->1->0
ip-0A23040D:83531:83750 [0] NCCL INFO Channel 07/24 :    0   6  15  13  12  11  10   9   8  14  23  21  20  19  18  17  16  22  31  29
ip-0A23040D:83531:83750 [0] NCCL INFO Channel 08/24 :    0   7   6   5   4   3   2   1   8  15  14  13  12  11  10   9  16  23  22  21
ip-0A23040D:83531:83750 [0] NCCL INFO Channel 09/24 :    0   9  15  14  13  12  11  10   8  17  23  22  21  20  19  18  16  25  31  30
ip-0A23040D:83534:83749 [3] NCCL INFO Trees [0] 4/-1/-1->3->2 [1] 4/-1/-1->3->2 [2] 4/-1/-1->3->2 [3] 2/35/-1->3->-1 [4] -1/-1/-1->3->2 [5] -1/-1/-1->3->2 [6] 4/-1/-1->3->2 [7] 4/-1/-1->3->2 [8] 4/-1/-1->3->2 [9] 4/-1/-1->3->2 [10] 4/50/-1->3->2 [11] 2/-1/-1->3->43 [12] -1/-1/-1->3->2 [13] -1/-1/-1->3->2 [14] 4/-1/-1->3->2 [15] 4/-1/-1->3->2 [16] 4/-1/-1->3->2 [17] 4/-1/-1->3->2 [18] 4/-1/-1->3->2 [19] 2/35/-1->3->-1 [20] -1/-1/-1->3->2 [21] -1/-1/-1->3->2 [22] 4/-1/-1->3->2 [23] 4/-1/-1->3->2
ip-0A23040D:83531:83750 [0] NCCL INFO Channel 10/24 :    0   7   6   5   4   3  10   9   8  15  14  13  12  11  18  17  16  23  22  21
ip-0A23040D:83531:83750 [0] NCCL INFO Channel 11/24 :    0   7   6   5   4   2  11   9   8  15  14  13  12  10  19  17  16  23  22  21
ip-0A23040D:83531:83750 [0] NCCL INFO Channel 12/24 :    0   7   6   5  12  11  10   9   8  15  14  13  20  19  18  17  16  23  22  21
ip-0A23040D:83531:83750 [0] NCCL INFO Channel 13/24 :    0   7   6   4  13  11  10   9   8  15  14  12  21  19  18  17  16  23  22  20
ip-0A23040D:83533:83751 [2] NCCL INFO Trees [0] 3/-1/-1->2->1 [1] 3/-1/-1->2->0 [2] 3/34/-1->2->-1 [3] 4/-1/-1->2->3 [4] 3/-1/-1->2->1 [5] 3/-1/-1->2->1 [6] 3/-1/-1->2->1 [7] 3/-1/-1->2->1 [8] 3/-1/-1->2->1 [9] 3/-1/-1->2->0 [10] 3/-1/-1->2->42 [11] 4/51/-1->2->3 [12] 3/-1/-1->2->1 [13] 3/-1/-1->2->1 [14] 3/-1/-1->2->1 [15] 3/-1/-1->2->1 [16] 3/-1/-1->2->1 [17] 3/-1/-1->2->0 [18] 3/34/-1->2->-1 [19] 4/-1/-1->2->3 [20] 3/-1/-1->2->1 [21] 3/-1/-1->2->1 [22] 3/-1/-1->2->1 [23] 3/-1/-1->2->1
ip-0A23040D:83531:83750 [0] NCCL INFO Channel 14/24 :    0   7  14  13  12  11  10   9   8  15  22  21  20  19  18  17  16  23  30  29
ip-0A23040D:83531:83750 [0] NCCL INFO Channel 15/24 :    0   6  15  13  12  11  10   9   8  14  23  21  20  19  18  17  16  22  31  29
ip-0A23040D:83531:83750 [0] NCCL INFO Channel 16/24 :    0   7   6   5   4   3   2   1   8  15  14  13  12  11  10   9  16  23  22  21
ip-0A23040D:83531:83750 [0] NCCL INFO Channel 17/24 :    0   9  15  14  13  12  11  10   8  17  23  22  21  20  19  18  16  25  31  30
ip-0A23040D:83531:83750 [0] NCCL INFO Channel 18/24 :    0   7   6   5   4   3  10   9   8  15  14  13  12  11  18  17  16  23  22  21
ip-0A23040D:83531:83750 [0] NCCL INFO Channel 19/24 :    0   7   6   5   4   2  11   9   8  15  14  13  12  10  19  17  16  23  22  21
ip-0A23040D:83531:83750 [0] NCCL INFO Channel 20/24 :    0   7   6   5  12  11  10   9   8  15  14  13  20  19  18  17  16  23  22  21
ip-0A23040D:83531:83750 [0] NCCL INFO Channel 21/24 :    0   7   6   4  13  11  10   9   8  15  14  12  21  19  18  17  16  23  22  20
ip-0A23040D:83531:83750 [0] NCCL INFO Channel 22/24 :    0   7  14  13  12  11  10   9   8  15  22  21  20  19  18  17  16  23  30  29
ip-0A23040D:83531:83750 [0] NCCL INFO Channel 23/24 :    0   6  15  13  12  11  10   9   8  14  23  21  20  19  18  17  16  22  31  29
ip-0A23040D:83531:83750 [0] NCCL INFO Trees [0] 1/32/-1->0->-1 [1] 2/-1/-1->0->1 [2] 1/-1/-1->0->7 [3] 1/-1/-1->0->7 [4] 1/-1/-1->0->7 [5] 1/-1/-1->0->7 [6] 1/-1/-1->0->7 [7] 1/-1/-1->0->6 [8] 1/-1/-1->0->40 [9] 2/49/-1->0->1 [10] 1/-1/-1->0->7 [11] 1/-1/-1->0->7 [12] 1/-1/-1->0->7 [13] 1/-1/-1->0->7 [14] 1/-1/-1->0->7 [15] 1/-1/-1->0->6 [16] 1/32/-1->0->-1 [17] 2/-1/-1->0->1 [18] 1/-1/-1->0->7 [19] 1/-1/-1->0->7 [20] 1/-1/-1->0->7 [21] 1/-1/-1->0->7 [22] 1/-1/-1->0->7 [23] 1/-1/-1->0->6
ip-0A23040D:83531:83750 [0] NCCL INFO Channel 07 : 0[100000] -> 6[d00000] via P2P/IPC/read
ip-0A230414:30501:30711 [0] NCCL INFO Channel 07 : 24[100000] -> 30[d00000] via P2P/IPC/read
ip-0A230417:34192:34406 [0] NCCL INFO Channel 07 : 32[100000] -> 38[d00000] via P2P/IPC/read
ip-0A230406:85280:85481 [0] NCCL INFO Channel 07 : 40[100000] -> 46[d00000] via P2P/IPC/read
ip-0A230412:43913:44122 [0] NCCL INFO Channel 07 : 16[100000] -> 22[d00000] via P2P/IPC/read
ip-0A23040F:50343:50553 [0] NCCL INFO Channel 07 : 8[100000] -> 14[d00000] via P2P/IPC/read
ip-0A230408:5608:5819 [0] NCCL INFO Channel 07 : 48[100000] -> 54[d00000] via P2P/IPC/read
ip-0A230414:30501:30711 [0] NCCL INFO Channel 15 : 24[100000] -> 30[d00000] via P2P/IPC/read
ip-0A230417:34192:34406 [0] NCCL INFO Channel 15 : 32[100000] -> 38[d00000] via P2P/IPC/read
ip-0A230406:85280:85481 [0] NCCL INFO Channel 15 : 40[100000] -> 46[d00000] via P2P/IPC/read
ip-0A230412:43913:44122 [0] NCCL INFO Channel 15 : 16[100000] -> 22[d00000] via P2P/IPC/read
ip-0A230408:5608:5819 [0] NCCL INFO Channel 15 : 48[100000] -> 54[d00000] via P2P/IPC/read
ip-0A23040F:50343:50553 [0] NCCL INFO Channel 15 : 8[100000] -> 14[d00000] via P2P/IPC/read
ip-0A230414:30501:30711 [0] NCCL INFO Channel 23 : 24[100000] -> 30[d00000] via P2P/IPC/read
ip-0A230417:34192:34406 [0] NCCL INFO Channel 23 : 32[100000] -> 38[d00000] via P2P/IPC/read
ip-0A230406:85280:85481 [0] NCCL INFO Channel 23 : 40[100000] -> 46[d00000] via P2P/IPC/read
ip-0A230412:43913:44122 [0] NCCL INFO Channel 23 : 16[100000] -> 22[d00000] via P2P/IPC/read
ip-0A230408:5608:5819 [0] NCCL INFO Channel 23 : 48[100000] -> 54[d00000] via P2P/IPC/read
ip-0A23040F:50343:50553 [0] NCCL INFO Channel 23 : 8[100000] -> 14[d00000] via P2P/IPC/read
ip-0A230414:30506:30710 [1] NCCL INFO Channel 01 : 25[200000] -> 31[e00000] via P2P/IPC/read
ip-0A230412:43918:44120 [5] NCCL INFO Channel 04/0 : 21[c00000] -> 28[b00000] [send] via NET/IBext/4/GDRDMA
ip-0A230414:30507:30707 [5] NCCL INFO Channel 04/0 : 29[c00000] -> 36[b00000] [send] via NET/IBext/4/GDRDMA
ip-0A230414:30507:30707 [5] NCCL INFO Channel 12/0 : 29[c00000] -> 36[b00000] [send] via NET/IBext/4/GDRDMA
ip-0A230414:30507:30707 [5] NCCL INFO Channel 20/0 : 29[c00000] -> 36[b00000] [send] via NET/IBext/4/GDRDMA
ip-0A230412:43918:44120 [5] NCCL INFO Channel 12/0 : 21[c00000] -> 28[b00000] [send] via NET/IBext/4/GDRDMA
ip-0A230412:43918:44120 [5] NCCL INFO Channel 20/0 : 21[c00000] -> 28[b00000] [send] via NET/IBext/4/GDRDMA
ip-0A230414:30502:30708 [4] NCCL INFO Channel 04/0 : 21[c00000] -> 28[b00000] [receive] via NET/IBext/4/GDRDMA
ip-0A230408:5614:5813 [1] NCCL INFO Channel 01 : 49[200000] -> 55[e00000] via P2P/IPC/read
ip-0A230414:30502:30708 [4] NCCL INFO Channel 12/0 : 21[c00000] -> 28[b00000] [receive] via NET/IBext/4/GDRDMA
ip-0A230414:30502:30708 [4] NCCL INFO Channel 20/0 : 21[c00000] -> 28[b00000] [receive] via NET/IBext/4/GDRDMA
ip-0A230417:34196:34413 [3] NCCL INFO Channel 02/0 : 35[400000] -> 42[300000] [send] via NET/IBext/2/GDRDMA
ip-0A230417:34196:34413 [3] NCCL INFO Channel 10/0 : 35[400000] -> 42[300000] [send] via NET/IBext/2/GDRDMA
ip-0A230417:34196:34413 [3] NCCL INFO Channel 18/0 : 35[400000] -> 42[300000] [send] via NET/IBext/2/GDRDMA
ip-0A230417:34195:34412 [2] NCCL INFO Channel 02/0 : 27[400000] -> 34[300000] [receive] via NET/IBext/2/GDRDMA
ip-0A230406:85275:85483 [5] NCCL INFO Channel 04/0 : 45[c00000] -> 52[b00000] [send] via NET/IBext/4/GDRDMA
ip-0A230417:34195:34412 [2] NCCL INFO Channel 10/0 : 27[400000] -> 34[300000] [receive] via NET/IBext/2/GDRDMA
ip-0A230417:34195:34412 [2] NCCL INFO Channel 18/0 : 27[400000] -> 34[300000] [receive] via NET/IBext/2/GDRDMA
ip-0A230406:85275:85483 [5] NCCL INFO Channel 12/0 : 45[c00000] -> 52[b00000] [send] via NET/IBext/4/GDRDMA
ip-0A230406:85275:85483 [5] NCCL INFO Channel 20/0 : 45[c00000] -> 52[b00000] [send] via NET/IBext/4/GDRDMA
ip-0A230406:85276:85484 [1] NCCL INFO Channel 01 : 41[200000] -> 47[e00000] via P2P/IPC/read
ip-0A230414:30506:30710 [1] NCCL INFO Channel 09 : 25[200000] -> 31[e00000] via P2P/IPC/read
ip-0A230417:34194:34410 [1] NCCL INFO Channel 01 : 33[200000] -> 39[e00000] via P2P/IPC/read
ip-0A230412:43921:44117 [1] NCCL INFO Channel 01 : 17[200000] -> 23[e00000] via P2P/IPC/read
ip-0A230412:43914:44118 [4] NCCL INFO Channel 04/0 : 13[c00000] -> 20[b00000] [receive] via NET/IBext/4/GDRDMA
ip-0A230406:85274:85480 [4] NCCL INFO Channel 04/0 : 37[c00000] -> 44[b00000] [receive] via NET/IBext/4/GDRDMA
ip-0A230412:43914:44118 [4] NCCL INFO Channel 12/0 : 13[c00000] -> 20[b00000] [receive] via NET/IBext/4/GDRDMA
ip-0A230412:43914:44118 [4] NCCL INFO Channel 20/0 : 13[c00000] -> 20[b00000] [receive] via NET/IBext/4/GDRDMA
ip-0A230406:85274:85480 [4] NCCL INFO Channel 12/0 : 37[c00000] -> 44[b00000] [receive] via NET/IBext/4/GDRDMA
ip-0A230406:85274:85480 [4] NCCL INFO Channel 20/0 : 37[c00000] -> 44[b00000] [receive] via NET/IBext/4/GDRDMA
ip-0A230417:34190:34408 [5] NCCL INFO Channel 04/0 : 37[c00000] -> 44[b00000] [send] via NET/IBext/4/GDRDMA
ip-0A230417:34190:34408 [5] NCCL INFO Channel 12/0 : 37[c00000] -> 44[b00000] [send] via NET/IBext/4/GDRDMA
ip-0A230417:34190:34408 [5] NCCL INFO Channel 20/0 : 37[c00000] -> 44[b00000] [send] via NET/IBext/4/GDRDMA
ip-0A230406:85277:85479 [3] NCCL INFO Channel 02/0 : 43[400000] -> 50[300000] [send] via NET/IBext/2/GDRDMA
ip-0A230408:5619:5818 [2] NCCL INFO Channel 02/0 : 43[400000] -> 50[300000] [receive] via NET/IBext/2/GDRDMA
ip-0A230414:30503:30712 [2] NCCL INFO Channel 02/0 : 19[400000] -> 26[300000] [receive] via NET/IBext/2/GDRDMA
ip-0A230406:85277:85479 [3] NCCL INFO Channel 10/0 : 43[400000] -> 50[300000] [send] via NET/IBext/2/GDRDMA
ip-0A230412:43917:44121 [3] NCCL INFO Channel 02/0 : 19[400000] -> 26[300000] [send] via NET/IBext/2/GDRDMA
ip-0A230406:85276:85484 [1] NCCL INFO Channel 09 : 41[200000] -> 47[e00000] via P2P/IPC/read
ip-0A230406:85277:85479 [3] NCCL INFO Channel 18/0 : 43[400000] -> 50[300000] [send] via NET/IBext/2/GDRDMA
ip-0A230414:30504:30705 [3] NCCL INFO Channel 02/0 : 27[400000] -> 34[300000] [send] via NET/IBext/2/GDRDMA
ip-0A230414:30506:30710 [1] NCCL INFO Channel 17 : 25[200000] -> 31[e00000] via P2P/IPC/read
ip-0A230408:5619:5818 [2] NCCL INFO Channel 10/0 : 43[400000] -> 50[300000] [receive] via NET/IBext/2/GDRDMA
ip-0A230414:30503:30712 [2] NCCL INFO Channel 10/0 : 19[400000] -> 26[300000] [receive] via NET/IBext/2/GDRDMA
ip-0A230408:5619:5818 [2] NCCL INFO Channel 18/0 : 43[400000] -> 50[300000] [receive] via NET/IBext/2/GDRDMA
ip-0A230414:30504:30705 [3] NCCL INFO Channel 10/0 : 27[400000] -> 34[300000] [send] via NET/IBext/2/GDRDMA
ip-0A230417:34191:34407 [4] NCCL INFO Channel 04/0 : 29[c00000] -> 36[b00000] [receive] via NET/IBext/4/GDRDMA
ip-0A230412:43917:44121 [3] NCCL INFO Channel 10/0 : 19[400000] -> 26[300000] [send] via NET/IBext/2/GDRDMA
ip-0A230412:43917:44121 [3] NCCL INFO Channel 18/0 : 19[400000] -> 26[300000] [send] via NET/IBext/2/GDRDMA
ip-0A230412:43916:44123 [2] NCCL INFO Channel 02/0 : 11[400000] -> 18[300000] [receive] via NET/IBext/2/GDRDMA
ip-0A230408:5614:5813 [1] NCCL INFO Channel 09 : 49[200000] -> 55[e00000] via P2P/IPC/read
ip-0A230414:30503:30712 [2] NCCL INFO Channel 18/0 : 19[400000] -> 26[300000] [receive] via NET/IBext/2/GDRDMA
ip-0A230417:34191:34407 [4] NCCL INFO Channel 12/0 : 29[c00000] -> 36[b00000] [receive] via NET/IBext/4/GDRDMA
ip-0A230408:5609:5815 [5] NCCL INFO Channel 04/0 : 53[c00000] -> 4[b00000] [send] via NET/IBext/4/GDRDMA
ip-0A230414:30504:30705 [3] NCCL INFO Channel 18/0 : 27[400000] -> 34[300000] [send] via NET/IBext/2/GDRDMA
ip-0A230417:34194:34410 [1] NCCL INFO Channel 09 : 33[200000] -> 39[e00000] via P2P/IPC/read
ip-0A230417:34191:34407 [4] NCCL INFO Channel 20/0 : 29[c00000] -> 36[b00000] [receive] via NET/IBext/4/GDRDMA
ip-0A230412:43921:44117 [1] NCCL INFO Channel 09 : 17[200000] -> 23[e00000] via P2P/IPC/read
ip-0A230412:43916:44123 [2] NCCL INFO Channel 10/0 : 11[400000] -> 18[300000] [receive] via NET/IBext/2/GDRDMA
ip-0A230412:43916:44123 [2] NCCL INFO Channel 18/0 : 11[400000] -> 18[300000] [receive] via NET/IBext/2/GDRDMA
ip-0A230408:5609:5815 [5] NCCL INFO Channel 12/0 : 53[c00000] -> 4[b00000] [send] via NET/IBext/4/GDRDMA
ip-0A230408:5609:5815 [5] NCCL INFO Channel 20/0 : 53[c00000] -> 4[b00000] [send] via NET/IBext/4/GDRDMA
ip-0A230406:85278:85485 [2] NCCL INFO Channel 02/0 : 35[400000] -> 42[300000] [receive] via NET/IBext/2/GDRDMA
ip-0A23040F:50342:50554 [5] NCCL INFO Channel 04/0 : 13[c00000] -> 20[b00000] [send] via NET/IBext/4/GDRDMA
ip-0A230408:5607:5816 [4] NCCL INFO Channel 04/0 : 45[c00000] -> 52[b00000] [receive] via NET/IBext/4/GDRDMA
ip-0A230406:85278:85485 [2] NCCL INFO Channel 10/0 : 35[400000] -> 42[300000] [receive] via NET/IBext/2/GDRDMA
ip-0A230406:85278:85485 [2] NCCL INFO Channel 18/0 : 35[400000] -> 42[300000] [receive] via NET/IBext/2/GDRDMA
ip-0A23040F:50342:50554 [5] NCCL INFO Channel 12/0 : 13[c00000] -> 20[b00000] [send] via NET/IBext/4/GDRDMA
ip-0A23040F:50342:50554 [5] NCCL INFO Channel 20/0 : 13[c00000] -> 20[b00000] [send] via NET/IBext/4/GDRDMA
ip-0A230408:5607:5816 [4] NCCL INFO Channel 12/0 : 45[c00000] -> 52[b00000] [receive] via NET/IBext/4/GDRDMA
ip-0A230408:5607:5816 [4] NCCL INFO Channel 20/0 : 45[c00000] -> 52[b00000] [receive] via NET/IBext/4/GDRDMA
ip-0A230406:85276:85484 [1] NCCL INFO Channel 17 : 41[200000] -> 47[e00000] via P2P/IPC/read
ip-0A23040F:50340:50555 [1] NCCL INFO Channel 01 : 9[200000] -> 15[e00000] via P2P/IPC/read
ip-0A23040F:50337:50551 [4] NCCL INFO Channel 04/0 : 5[c00000] -> 12[b00000] [receive] via NET/IBext/4/GDRDMA
ip-0A230408:5614:5813 [1] NCCL INFO Channel 17 : 49[200000] -> 55[e00000] via P2P/IPC/read
ip-0A230417:34194:34410 [1] NCCL INFO Channel 17 : 33[200000] -> 39[e00000] via P2P/IPC/read
ip-0A23040F:50337:50551 [4] NCCL INFO Channel 12/0 : 5[c00000] -> 12[b00000] [receive] via NET/IBext/4/GDRDMA
ip-0A23040F:50337:50551 [4] NCCL INFO Channel 20/0 : 5[c00000] -> 12[b00000] [receive] via NET/IBext/4/GDRDMA
ip-0A230408:5611:5820 [3] NCCL INFO Channel 02/0 : 51[400000] -> 2[300000] [send] via NET/IBext/2/GDRDMA
ip-0A230408:5611:5820 [3] NCCL INFO Channel 10/0 : 51[400000] -> 2[300000] [send] via NET/IBext/2/GDRDMA
ip-0A230408:5611:5820 [3] NCCL INFO Channel 18/0 : 51[400000] -> 2[300000] [send] via NET/IBext/2/GDRDMA
ip-0A230412:43921:44117 [1] NCCL INFO Channel 17 : 17[200000] -> 23[e00000] via P2P/IPC/read
ip-0A23040F:50336:50557 [3] NCCL INFO Channel 02/0 : 11[400000] -> 18[300000] [send] via NET/IBext/2/GDRDMA
ip-0A23040F:50336:50557 [3] NCCL INFO Channel 10/0 : 11[400000] -> 18[300000] [send] via NET/IBext/2/GDRDMA
ip-0A23040F:50336:50557 [3] NCCL INFO Channel 18/0 : 11[400000] -> 18[300000] [send] via NET/IBext/2/GDRDMA
ip-0A23040F:50340:50555 [1] NCCL INFO Channel 09 : 9[200000] -> 15[e00000] via P2P/IPC/read
ip-0A23040F:50339:50556 [2] NCCL INFO Channel 02/0 : 3[400000] -> 10[300000] [receive] via NET/IBext/2/GDRDMA
ip-0A23040F:50339:50556 [2] NCCL INFO Channel 10/0 : 3[400000] -> 10[300000] [receive] via NET/IBext/2/GDRDMA
ip-0A23040F:50339:50556 [2] NCCL INFO Channel 18/0 : 3[400000] -> 10[300000] [receive] via NET/IBext/2/GDRDMA
ip-0A23040F:50340:50555 [1] NCCL INFO Channel 17 : 9[200000] -> 15[e00000] via P2P/IPC/read
ip-0A23040D:83531:83750 [0] NCCL INFO Channel 15 : 0[100000] -> 6[d00000] via P2P/IPC/read
ip-0A23040D:83531:83750 [0] NCCL INFO Channel 23 : 0[100000] -> 6[d00000] via P2P/IPC/read
ip-0A23040D:83529:83746 [1] NCCL INFO Channel 01 : 1[200000] -> 7[e00000] via P2P/IPC/read
ip-0A23040D:83532:83747 [5] NCCL INFO Channel 04/0 : 5[c00000] -> 12[b00000] [send] via NET/IBext/4/GDRDMA
ip-0A23040D:83532:83747 [5] NCCL INFO Channel 12/0 : 5[c00000] -> 12[b00000] [send] via NET/IBext/4/GDRDMA
ip-0A23040D:83532:83747 [5] NCCL INFO Channel 20/0 : 5[c00000] -> 12[b00000] [send] via NET/IBext/4/GDRDMA
ip-0A23040D:83529:83746 [1] NCCL INFO Channel 09 : 1[200000] -> 7[e00000] via P2P/IPC/read
ip-0A23040D:83534:83749 [3] NCCL INFO Channel 02/0 : 3[400000] -> 10[300000] [send] via NET/IBext/2/GDRDMA
ip-0A23040D:83534:83749 [3] NCCL INFO Channel 10/0 : 3[400000] -> 10[300000] [send] via NET/IBext/2/GDRDMA
ip-0A23040D:83534:83749 [3] NCCL INFO Channel 18/0 : 3[400000] -> 10[300000] [send] via NET/IBext/2/GDRDMA
ip-0A23040D:83558:83748 [4] NCCL INFO Channel 04/0 : 53[c00000] -> 4[b00000] [receive] via NET/IBext/4/GDRDMA
ip-0A23040D:83558:83748 [4] NCCL INFO Channel 12/0 : 53[c00000] -> 4[b00000] [receive] via NET/IBext/4/GDRDMA
ip-0A23040D:83558:83748 [4] NCCL INFO Channel 20/0 : 53[c00000] -> 4[b00000] [receive] via NET/IBext/4/GDRDMA
ip-0A23040D:83533:83751 [2] NCCL INFO Channel 02/0 : 51[400000] -> 2[300000] [receive] via NET/IBext/2/GDRDMA
ip-0A23040D:83533:83751 [2] NCCL INFO Channel 10/0 : 51[400000] -> 2[300000] [receive] via NET/IBext/2/GDRDMA
ip-0A23040D:83533:83751 [2] NCCL INFO Channel 18/0 : 51[400000] -> 2[300000] [receive] via NET/IBext/2/GDRDMA
ip-0A23040D:83529:83746 [1] NCCL INFO Channel 17 : 1[200000] -> 7[e00000] via P2P/IPC/read
ip-0A23040D:83528:83744 [6] NCCL INFO Channel 06/0 : 55[e00000] -> 6[d00000] [receive] via NET/IBext/6/GDRDMA
ip-0A23040D:83528:83744 [6] NCCL INFO Channel 14/0 : 55[e00000] -> 6[d00000] [receive] via NET/IBext/6/GDRDMA
ip-0A23040D:83528:83744 [6] NCCL INFO Channel 22/0 : 55[e00000] -> 6[d00000] [receive] via NET/IBext/6/GDRDMA
ip-0A230406:85303:85486 [6] NCCL INFO Channel 06/0 : 39[e00000] -> 46[d00000] [receive] via NET/IBext/6/GDRDMA
ip-0A230406:85280:85481 [0] NCCL INFO Channel 00/0 : 33[200000] -> 40[100000] [receive] via NET/IBext/0/GDRDMA
ip-0A23040D:83531:83750 [0] NCCL INFO Channel 00/0 : 49[200000] -> 0[100000] [receive] via NET/IBext/0/GDRDMA
ip-0A230406:85280:85481 [0] NCCL INFO Channel 08/0 : 33[200000] -> 40[100000] [receive] via NET/IBext/0/GDRDMA
ip-0A230406:85280:85481 [0] NCCL INFO Channel 16/0 : 33[200000] -> 40[100000] [receive] via NET/IBext/0/GDRDMA
ip-0A230406:85280:85481 [0] NCCL INFO Channel 00 : 40[100000] -> 47[e00000] via P2P/IPC/read
ip-0A23040D:83531:83750 [0] NCCL INFO Channel 08/0 : 49[200000] -> 0[100000] [receive] via NET/IBext/0/GDRDMA
ip-0A23040D:83531:83750 [0] NCCL INFO Channel 16/0 : 49[200000] -> 0[100000] [receive] via NET/IBext/0/GDRDMA
ip-0A23040D:83531:83750 [0] NCCL INFO Channel 00 : 0[100000] -> 7[e00000] via P2P/IPC/read
ip-0A23040D:83529:83746 [1] NCCL INFO Channel 00/0 : 1[200000] -> 8[100000] [send] via NET/IBext/0/GDRDMA
ip-0A23040D:83529:83746 [1] NCCL INFO Channel 08/0 : 1[200000] -> 8[100000] [send] via NET/IBext/0/GDRDMA
ip-0A23040D:83529:83746 [1] NCCL INFO Channel 16/0 : 1[200000] -> 8[100000] [send] via NET/IBext/0/GDRDMA
ip-0A230406:85303:85486 [6] NCCL INFO Channel 14/0 : 39[e00000] -> 46[d00000] [receive] via NET/IBext/6/GDRDMA
ip-0A230406:85303:85486 [6] NCCL INFO Channel 22/0 : 39[e00000] -> 46[d00000] [receive] via NET/IBext/6/GDRDMA
ip-0A230414:30508:30706 [6] NCCL INFO Channel 06/0 : 23[e00000] -> 30[d00000] [receive] via NET/IBext/6/GDRDMA
ip-0A230414:30508:30706 [6] NCCL INFO Channel 14/0 : 23[e00000] -> 30[d00000] [receive] via NET/IBext/6/GDRDMA
ip-0A230414:30508:30706 [6] NCCL INFO Channel 22/0 : 23[e00000] -> 30[d00000] [receive] via NET/IBext/6/GDRDMA
ip-0A230414:30501:30711 [0] NCCL INFO Channel 00/0 : 17[200000] -> 24[100000] [receive] via NET/IBext/0/GDRDMA
ip-0A230414:30501:30711 [0] NCCL INFO Channel 08/0 : 17[200000] -> 24[100000] [receive] via NET/IBext/0/GDRDMA
ip-0A230414:30501:30711 [0] NCCL INFO Channel 16/0 : 17[200000] -> 24[100000] [receive] via NET/IBext/0/GDRDMA
ip-0A230414:30501:30711 [0] NCCL INFO Channel 00 : 24[100000] -> 31[e00000] via P2P/IPC/read
ip-0A230417:34193:34409 [6] NCCL INFO Channel 06/0 : 31[e00000] -> 38[d00000] [receive] via NET/IBext/6/GDRDMA
ip-0A230417:34193:34409 [6] NCCL INFO Channel 14/0 : 31[e00000] -> 38[d00000] [receive] via NET/IBext/6/GDRDMA
ip-0A230417:34193:34409 [6] NCCL INFO Channel 22/0 : 31[e00000] -> 38[d00000] [receive] via NET/IBext/6/GDRDMA
ip-0A230417:34192:34406 [0] NCCL INFO Channel 00/0 : 25[200000] -> 32[100000] [receive] via NET/IBext/0/GDRDMA
ip-0A230417:34192:34406 [0] NCCL INFO Channel 08/0 : 25[200000] -> 32[100000] [receive] via NET/IBext/0/GDRDMA
ip-0A230417:34192:34406 [0] NCCL INFO Channel 16/0 : 25[200000] -> 32[100000] [receive] via NET/IBext/0/GDRDMA
ip-0A230417:34192:34406 [0] NCCL INFO Channel 00 : 32[100000] -> 39[e00000] via P2P/IPC/read
ip-0A230406:85276:85484 [1] NCCL INFO Channel 00/0 : 41[200000] -> 48[100000] [send] via NET/IBext/0/GDRDMA
ip-0A230406:85276:85484 [1] NCCL INFO Channel 08/0 : 41[200000] -> 48[100000] [send] via NET/IBext/0/GDRDMA
ip-0A230406:85276:85484 [1] NCCL INFO Channel 16/0 : 41[200000] -> 48[100000] [send] via NET/IBext/0/GDRDMA
ip-0A230412:43915:44119 [6] NCCL INFO Channel 06/0 : 15[e00000] -> 22[d00000] [receive] via NET/IBext/6/GDRDMA
ip-0A230412:43915:44119 [6] NCCL INFO Channel 14/0 : 15[e00000] -> 22[d00000] [receive] via NET/IBext/6/GDRDMA
ip-0A230412:43915:44119 [6] NCCL INFO Channel 22/0 : 15[e00000] -> 22[d00000] [receive] via NET/IBext/6/GDRDMA
ip-0A230406:85280:85481 [0] NCCL INFO Channel 02 : 40[100000] -> 47[e00000] via P2P/IPC/read
ip-0A230412:43913:44122 [0] NCCL INFO Channel 00/0 : 9[200000] -> 16[100000] [receive] via NET/IBext/0/GDRDMA
ip-0A230412:43913:44122 [0] NCCL INFO Channel 08/0 : 9[200000] -> 16[100000] [receive] via NET/IBext/0/GDRDMA
ip-0A230412:43913:44122 [0] NCCL INFO Channel 16/0 : 9[200000] -> 16[100000] [receive] via NET/IBext/0/GDRDMA
ip-0A230412:43913:44122 [0] NCCL INFO Channel 00 : 16[100000] -> 23[e00000] via P2P/IPC/read
ip-0A230414:30506:30710 [1] NCCL INFO Channel 00/0 : 25[200000] -> 32[100000] [send] via NET/IBext/0/GDRDMA
ip-0A230414:30506:30710 [1] NCCL INFO Channel 08/0 : 25[200000] -> 32[100000] [send] via NET/IBext/0/GDRDMA
ip-0A230414:30506:30710 [1] NCCL INFO Channel 16/0 : 25[200000] -> 32[100000] [send] via NET/IBext/0/GDRDMA
ip-0A23040F:50344:50552 [6] NCCL INFO Channel 06/0 : 7[e00000] -> 14[d00000] [receive] via NET/IBext/6/GDRDMA
ip-0A23040F:50344:50552 [6] NCCL INFO Channel 14/0 : 7[e00000] -> 14[d00000] [receive] via NET/IBext/6/GDRDMA
ip-0A23040F:50344:50552 [6] NCCL INFO Channel 22/0 : 7[e00000] -> 14[d00000] [receive] via NET/IBext/6/GDRDMA
ip-0A23040F:50343:50553 [0] NCCL INFO Channel 00/0 : 1[200000] -> 8[100000] [receive] via NET/IBext/0/GDRDMA
ip-0A23040F:50343:50553 [0] NCCL INFO Channel 08/0 : 1[200000] -> 8[100000] [receive] via NET/IBext/0/GDRDMA
ip-0A23040F:50343:50553 [0] NCCL INFO Channel 16/0 : 1[200000] -> 8[100000] [receive] via NET/IBext/0/GDRDMA
ip-0A23040F:50343:50553 [0] NCCL INFO Channel 00 : 8[100000] -> 15[e00000] via P2P/IPC/read
ip-0A23040D:83531:83750 [0] NCCL INFO Channel 02 : 0[100000] -> 7[e00000] via P2P/IPC/read
ip-0A230417:34194:34410 [1] NCCL INFO Channel 00/0 : 33[200000] -> 40[100000] [send] via NET/IBext/0/GDRDMA
ip-0A230417:34194:34410 [1] NCCL INFO Channel 08/0 : 33[200000] -> 40[100000] [send] via NET/IBext/0/GDRDMA
ip-0A230417:34194:34410 [1] NCCL INFO Channel 16/0 : 33[200000] -> 40[100000] [send] via NET/IBext/0/GDRDMA
ip-0A230412:43921:44117 [1] NCCL INFO Channel 00/0 : 17[200000] -> 24[100000] [send] via NET/IBext/0/GDRDMA
ip-0A230412:43921:44117 [1] NCCL INFO Channel 08/0 : 17[200000] -> 24[100000] [send] via NET/IBext/0/GDRDMA
ip-0A230412:43921:44117 [1] NCCL INFO Channel 16/0 : 17[200000] -> 24[100000] [send] via NET/IBext/0/GDRDMA
ip-0A230408:5623:5817 [6] NCCL INFO Channel 06/0 : 47[e00000] -> 54[d00000] [receive] via NET/IBext/6/GDRDMA
ip-0A230408:5623:5817 [6] NCCL INFO Channel 14/0 : 47[e00000] -> 54[d00000] [receive] via NET/IBext/6/GDRDMA
ip-0A230408:5623:5817 [6] NCCL INFO Channel 22/0 : 47[e00000] -> 54[d00000] [receive] via NET/IBext/6/GDRDMA
ip-0A230408:5608:5819 [0] NCCL INFO Channel 00/0 : 41[200000] -> 48[100000] [receive] via NET/IBext/0/GDRDMA
ip-0A230408:5608:5819 [0] NCCL INFO Channel 08/0 : 41[200000] -> 48[100000] [receive] via NET/IBext/0/GDRDMA
ip-0A230412:43913:44122 [0] NCCL INFO Channel 02 : 16[100000] -> 23[e00000] via P2P/IPC/read
ip-0A230408:5608:5819 [0] NCCL INFO Channel 16/0 : 41[200000] -> 48[100000] [receive] via NET/IBext/0/GDRDMA
ip-0A230408:5608:5819 [0] NCCL INFO Channel 00 : 48[100000] -> 55[e00000] via P2P/IPC/read
ip-0A230417:34192:34406 [0] NCCL INFO Channel 02 : 32[100000] -> 39[e00000] via P2P/IPC/read
ip-0A230414:30501:30711 [0] NCCL INFO Channel 02 : 24[100000] -> 31[e00000] via P2P/IPC/read
ip-0A230406:85280:85481 [0] NCCL INFO Channel 03 : 40[100000] -> 47[e00000] via P2P/IPC/read
ip-0A230408:5614:5813 [1] NCCL INFO Channel 00/0 : 49[200000] -> 0[100000] [send] via NET/IBext/0/GDRDMA
ip-0A230408:5614:5813 [1] NCCL INFO Channel 08/0 : 49[200000] -> 0[100000] [send] via NET/IBext/0/GDRDMA
ip-0A230408:5614:5813 [1] NCCL INFO Channel 16/0 : 49[200000] -> 0[100000] [send] via NET/IBext/0/GDRDMA
ip-0A23040D:83531:83750 [0] NCCL INFO Channel 03 : 0[100000] -> 7[e00000] via P2P/IPC/read
ip-0A230406:85280:85481 [0] NCCL INFO Channel 04 : 40[100000] -> 47[e00000] via P2P/IPC/read
ip-0A230417:34192:34406 [0] NCCL INFO Channel 03 : 32[100000] -> 39[e00000] via P2P/IPC/read
ip-0A23040F:50343:50553 [0] NCCL INFO Channel 02 : 8[100000] -> 15[e00000] via P2P/IPC/read
ip-0A230412:43913:44122 [0] NCCL INFO Channel 03 : 16[100000] -> 23[e00000] via P2P/IPC/read
ip-0A230408:5608:5819 [0] NCCL INFO Channel 02 : 48[100000] -> 55[e00000] via P2P/IPC/read
ip-0A23040D:83531:83750 [0] NCCL INFO Channel 04 : 0[100000] -> 7[e00000] via P2P/IPC/read
ip-0A230406:85280:85481 [0] NCCL INFO Channel 05 : 40[100000] -> 47[e00000] via P2P/IPC/read
ip-0A23040F:50340:50555 [1] NCCL INFO Channel 00/0 : 9[200000] -> 16[100000] [send] via NET/IBext/0/GDRDMA
ip-0A23040F:50340:50555 [1] NCCL INFO Channel 08/0 : 9[200000] -> 16[100000] [send] via NET/IBext/0/GDRDMA
ip-0A23040F:50340:50555 [1] NCCL INFO Channel 16/0 : 9[200000] -> 16[100000] [send] via NET/IBext/0/GDRDMA
ip-0A230414:30501:30711 [0] NCCL INFO Channel 03 : 24[100000] -> 31[e00000] via P2P/IPC/read
ip-0A230412:43913:44122 [0] NCCL INFO Channel 04 : 16[100000] -> 23[e00000] via P2P/IPC/read
ip-0A230417:34192:34406 [0] NCCL INFO Channel 04 : 32[100000] -> 39[e00000] via P2P/IPC/read
ip-0A23040D:83531:83750 [0] NCCL INFO Channel 05 : 0[100000] -> 7[e00000] via P2P/IPC/read
ip-0A23040F:50343:50553 [0] NCCL INFO Channel 03 : 8[100000] -> 15[e00000] via P2P/IPC/read
ip-0A230408:5608:5819 [0] NCCL INFO Channel 03 : 48[100000] -> 55[e00000] via P2P/IPC/read
ip-0A230412:43913:44122 [0] NCCL INFO Channel 05 : 16[100000] -> 23[e00000] via P2P/IPC/read
ip-0A230406:85280:85481 [0] NCCL INFO Channel 06 : 40[100000] -> 47[e00000] via P2P/IPC/read
ip-0A230414:30501:30711 [0] NCCL INFO Channel 04 : 24[100000] -> 31[e00000] via P2P/IPC/read
ip-0A23040D:83531:83750 [0] NCCL INFO Channel 06 : 0[100000] -> 7[e00000] via P2P/IPC/read
ip-0A230408:5608:5819 [0] NCCL INFO Channel 04 : 48[100000] -> 55[e00000] via P2P/IPC/read
ip-0A230417:34192:34406 [0] NCCL INFO Channel 05 : 32[100000] -> 39[e00000] via P2P/IPC/read
ip-0A230412:43913:44122 [0] NCCL INFO Channel 06 : 16[100000] -> 23[e00000] via P2P/IPC/read
ip-0A230406:85280:85481 [0] NCCL INFO Channel 08 : 40[100000] -> 47[e00000] via P2P/IPC/read
ip-0A23040D:83531:83750 [0] NCCL INFO Channel 08 : 0[100000] -> 7[e00000] via P2P/IPC/read
ip-0A23040F:50343:50553 [0] NCCL INFO Channel 04 : 8[100000] -> 15[e00000] via P2P/IPC/read
ip-0A230414:30501:30711 [0] NCCL INFO Channel 05 : 24[100000] -> 31[e00000] via P2P/IPC/read
ip-0A230412:43913:44122 [0] NCCL INFO Channel 08 : 16[100000] -> 23[e00000] via P2P/IPC/read
ip-0A230417:34192:34406 [0] NCCL INFO Channel 06 : 32[100000] -> 39[e00000] via P2P/IPC/read
ip-0A230408:5608:5819 [0] NCCL INFO Channel 05 : 48[100000] -> 55[e00000] via P2P/IPC/read
ip-0A230406:85280:85481 [0] NCCL INFO Channel 10 : 40[100000] -> 47[e00000] via P2P/IPC/read
ip-0A230412:43913:44122 [0] NCCL INFO Channel 10 : 16[100000] -> 23[e00000] via P2P/IPC/read
ip-0A230417:34192:34406 [0] NCCL INFO Channel 08 : 32[100000] -> 39[e00000] via P2P/IPC/read
ip-0A23040D:83531:83750 [0] NCCL INFO Channel 10 : 0[100000] -> 7[e00000] via P2P/IPC/read
ip-0A230406:85280:85481 [0] NCCL INFO Channel 11 : 40[100000] -> 47[e00000] via P2P/IPC/read
ip-0A230414:30501:30711 [0] NCCL INFO Channel 06 : 24[100000] -> 31[e00000] via P2P/IPC/read
ip-0A230412:43913:44122 [0] NCCL INFO Channel 11 : 16[100000] -> 23[e00000] via P2P/IPC/read
ip-0A23040F:50343:50553 [0] NCCL INFO Channel 05 : 8[100000] -> 15[e00000] via P2P/IPC/read
ip-0A230408:5608:5819 [0] NCCL INFO Channel 06 : 48[100000] -> 55[e00000] via P2P/IPC/read
ip-0A230406:85280:85481 [0] NCCL INFO Channel 12 : 40[100000] -> 47[e00000] via P2P/IPC/read
ip-0A23040D:83531:83750 [0] NCCL INFO Channel 11 : 0[100000] -> 7[e00000] via P2P/IPC/read
ip-0A230412:43913:44122 [0] NCCL INFO Channel 12 : 16[100000] -> 23[e00000] via P2P/IPC/read
ip-0A230417:34192:34406 [0] NCCL INFO Channel 10 : 32[100000] -> 39[e00000] via P2P/IPC/read
ip-0A23040D:83531:83750 [0] NCCL INFO Channel 12 : 0[100000] -> 7[e00000] via P2P/IPC/read
ip-0A230414:30501:30711 [0] NCCL INFO Channel 08 : 24[100000] -> 31[e00000] via P2P/IPC/read
ip-0A230412:43913:44122 [0] NCCL INFO Channel 13 : 16[100000] -> 23[e00000] via P2P/IPC/read
ip-0A23040F:50343:50553 [0] NCCL INFO Channel 06 : 8[100000] -> 15[e00000] via P2P/IPC/read
ip-0A230406:85280:85481 [0] NCCL INFO Channel 13 : 40[100000] -> 47[e00000] via P2P/IPC/read
ip-0A230408:5608:5819 [0] NCCL INFO Channel 08 : 48[100000] -> 55[e00000] via P2P/IPC/read
ip-0A230412:43918:44120 [5] NCCL INFO Channel 05/0 : 12[b00000] -> 21[c00000] [receive] via NET/IBext/5/GDRDMA
ip-0A230412:43918:44120 [5] NCCL INFO Channel 13/0 : 12[b00000] -> 21[c00000] [receive] via NET/IBext/5/GDRDMA
ip-0A230412:43918:44120 [5] NCCL INFO Channel 21/0 : 12[b00000] -> 21[c00000] [receive] via NET/IBext/5/GDRDMA
ip-0A230417:34192:34406 [0] NCCL INFO Channel 11 : 32[100000] -> 39[e00000] via P2P/IPC/read
ip-0A230412:43913:44122 [0] NCCL INFO Channel 14 : 16[100000] -> 23[e00000] via P2P/IPC/read
ip-0A23040D:83531:83750 [0] NCCL INFO Channel 13 : 0[100000] -> 7[e00000] via P2P/IPC/read
ip-0A230414:30501:30711 [0] NCCL INFO Channel 10 : 24[100000] -> 31[e00000] via P2P/IPC/read
ip-0A230406:85280:85481 [0] NCCL INFO Channel 14 : 40[100000] -> 47[e00000] via P2P/IPC/read
ip-0A230408:5608:5819 [0] NCCL INFO Channel 10 : 48[100000] -> 55[e00000] via P2P/IPC/read
ip-0A23040F:50343:50553 [0] NCCL INFO Channel 08 : 8[100000] -> 15[e00000] via P2P/IPC/read
ip-0A23040D:83531:83750 [0] NCCL INFO Channel 14 : 0[100000] -> 7[e00000] via P2P/IPC/read
