ip-0A230417:8074:8279 [7] NCCL INFO Channel 15 : 39[e00000] -> 38[d00000] via P2P/IPC/read
ip-0A230417:8074:8279 [7] NCCL INFO Channel 22 : 39[e00000] -> 38[d00000] via P2P/IPC/read
ip-0A230417:8074:8279 [7] NCCL INFO Channel 23 : 39[e00000] -> 38[d00000] via P2P/IPC/read
ip-0A230417:8072:8273 [0] NCCL INFO Connected all trees
ip-0A230417:8073:8275 [1] NCCL INFO Connected all trees
ip-0A230417:8074:8279 [7] NCCL INFO Connected all trees
ip-0A230417:8070:8276 [6] NCCL INFO Connected all trees
ip-0A230417:8072:8273 [0] NCCL INFO CollNet 00 : 32 [receive] via COLLNET/SHARP/0/GDRDMA
ip-0A230414:4278:4491 [7] NCCL INFO Channel 02 : 31[e00000] -> 24[100000] via P2P/IPC/read
ip-0A230412:17819:18025 [1] NCCL INFO Channel 00/0 : 17[200000] -> 8[100000] [send] via NET/IBext/0/GDRDMA
ip-0A230412:17819:18025 [1] NCCL INFO Channel 16/0 : 17[200000] -> 8[100000] [send] via NET/IBext/0/GDRDMA
ip-0A230414:4278:4491 [7] NCCL INFO Channel 03 : 31[e00000] -> 24[100000] via P2P/IPC/read
ip-0A230414:4278:4491 [7] NCCL INFO Channel 04 : 31[e00000] -> 24[100000] via P2P/IPC/read
ip-0A230414:4278:4491 [7] NCCL INFO Channel 05 : 31[e00000] -> 24[100000] via P2P/IPC/read
ip-0A230414:4278:4491 [7] NCCL INFO Channel 06 : 31[e00000] -> 24[100000] via P2P/IPC/read
ip-0A230414:4282:4495 [5] NCCL INFO Channel 04 : 29[c00000] -> 28[b00000] via P2P/IPC/read
ip-0A230414:4278:4491 [7] NCCL INFO Channel 10 : 31[e00000] -> 24[100000] via P2P/IPC/read
ip-0A230414:4282:4495 [5] NCCL INFO Channel 05 : 29[c00000] -> 28[b00000] via P2P/IPC/read
ip-0A230414:4278:4491 [7] NCCL INFO Channel 11 : 31[e00000] -> 24[100000] via P2P/IPC/read
ip-0A230414:4282:4495 [5] NCCL INFO Channel 12 : 29[c00000] -> 28[b00000] via P2P/IPC/read
ip-0A230414:4278:4491 [7] NCCL INFO Channel 12 : 31[e00000] -> 24[100000] via P2P/IPC/read
ip-0A230414:4282:4495 [5] NCCL INFO Channel 13 : 29[c00000] -> 28[b00000] via P2P/IPC/read
ip-0A230414:4278:4491 [7] NCCL INFO Channel 13 : 31[e00000] -> 24[100000] via P2P/IPC/read
ip-0A230414:4282:4495 [5] NCCL INFO Channel 20 : 29[c00000] -> 28[b00000] via P2P/IPC/read
ip-0A230414:4278:4491 [7] NCCL INFO Channel 14 : 31[e00000] -> 24[100000] via P2P/IPC/read
ip-0A230414:4282:4495 [5] NCCL INFO Channel 21 : 29[c00000] -> 28[b00000] via P2P/IPC/read
ip-0A230414:4278:4491 [7] NCCL INFO Channel 18 : 31[e00000] -> 24[100000] via P2P/IPC/read
ip-0A230414:4278:4491 [7] NCCL INFO Channel 19 : 31[e00000] -> 24[100000] via P2P/IPC/read
ip-0A230414:4278:4491 [7] NCCL INFO Channel 20 : 31[e00000] -> 24[100000] via P2P/IPC/read
ip-0A230414:4307:4490 [2] NCCL INFO Connected all trees
ip-0A230414:4280:4497 [3] NCCL INFO Connected all trees
ip-0A230414:4278:4491 [7] NCCL INFO Channel 21 : 31[e00000] -> 24[100000] via P2P/IPC/read
ip-0A230414:4278:4491 [7] NCCL INFO Channel 22 : 31[e00000] -> 24[100000] via P2P/IPC/read
ip-0A230414:4281:4496 [0] NCCL INFO Channel 09/0 : 24[100000] -> 17[200000] [send] via NET/IBext/1/GDRDMA
ip-0A230414:4278:4491 [7] NCCL INFO Channel 06 : 31[e00000] -> 30[d00000] via P2P/IPC/read
ip-0A230414:4278:4491 [7] NCCL INFO Channel 07 : 31[e00000] -> 30[d00000] via P2P/IPC/read
ip-0A230414:4278:4491 [7] NCCL INFO Channel 14 : 31[e00000] -> 30[d00000] via P2P/IPC/read
ip-0A230414:4278:4491 [7] NCCL INFO Channel 15 : 31[e00000] -> 30[d00000] via P2P/IPC/read
ip-0A230414:4278:4491 [7] NCCL INFO Channel 22 : 31[e00000] -> 30[d00000] via P2P/IPC/read
ip-0A230414:4278:4491 [7] NCCL INFO Channel 23 : 31[e00000] -> 30[d00000] via P2P/IPC/read
ip-0A230412:17817:18022 [5] NCCL INFO Channel 13/0 : 28[b00000] -> 21[c00000] [receive] via NET/IBext/5/GDRDMA
ip-0A230412:17816:18027 [3] NCCL INFO Channel 02 : 19[400000] -> 18[300000] via P2P/IPC/read
ip-0A230414:4284:4492 [4] NCCL INFO Connected all trees
ip-0A230414:4282:4495 [5] NCCL INFO Connected all trees
ip-0A230412:17816:18027 [3] NCCL INFO Channel 03 : 19[400000] -> 18[300000] via P2P/IPC/read
ip-0A230412:17815:18020 [7] NCCL INFO Channel 15/0 : 30[d00000] -> 23[e00000] [receive] via NET/IBext/7/GDRDMA
ip-0A230412:17815:18020 [7] NCCL INFO Channel 02 : 23[e00000] -> 16[100000] via P2P/IPC/read
ip-0A230412:17816:18027 [3] NCCL INFO Channel 10 : 19[400000] -> 18[300000] via P2P/IPC/read
ip-0A230412:17815:18020 [7] NCCL INFO Channel 03 : 23[e00000] -> 16[100000] via P2P/IPC/read
ip-0A230412:17816:18027 [3] NCCL INFO Channel 11 : 19[400000] -> 18[300000] via P2P/IPC/read
ip-0A230412:17815:18020 [7] NCCL INFO Channel 04 : 23[e00000] -> 16[100000] via P2P/IPC/read
ip-0A230412:17816:18027 [3] NCCL INFO Channel 18 : 19[400000] -> 18[300000] via P2P/IPC/read
ip-0A230412:17822:18024 [6] NCCL INFO Channel 07 : 22[d00000] -> 16[100000] via P2P/IPC/read
ip-0A230412:17815:18020 [7] NCCL INFO Channel 05 : 23[e00000] -> 16[100000] via P2P/IPC/read
ip-0A230412:17816:18027 [3] NCCL INFO Channel 19 : 19[400000] -> 18[300000] via P2P/IPC/read
ip-0A230412:17822:18024 [6] NCCL INFO Channel 15 : 22[d00000] -> 16[100000] via P2P/IPC/read
ip-0A23040F:24032:24243 [7] NCCL INFO Channel 06 : 15[e00000] -> 14[d00000] via P2P/IPC/read
ip-0A23040F:24032:24243 [7] NCCL INFO Channel 07 : 15[e00000] -> 14[d00000] via P2P/IPC/read
ip-0A23040F:24032:24243 [7] NCCL INFO Channel 14 : 15[e00000] -> 14[d00000] via P2P/IPC/read
ip-0A230412:17815:18020 [7] NCCL INFO Channel 06 : 23[e00000] -> 16[100000] via P2P/IPC/read
ip-0A23040F:24032:24243 [7] NCCL INFO Channel 15 : 15[e00000] -> 14[d00000] via P2P/IPC/read
ip-0A23040F:24032:24243 [7] NCCL INFO Channel 22 : 15[e00000] -> 14[d00000] via P2P/IPC/read
ip-0A23040F:24032:24243 [7] NCCL INFO Channel 23 : 15[e00000] -> 14[d00000] via P2P/IPC/read
ip-0A23040F:24032:24243 [7] NCCL INFO Connected all trees
ip-0A23040F:24031:24244 [6] NCCL INFO Connected all trees
ip-0A230412:17822:18024 [6] NCCL INFO Channel 23 : 22[d00000] -> 16[100000] via P2P/IPC/read
ip-0A230412:17819:18025 [1] NCCL INFO Channel 01/0 : 25[200000] -> 17[200000] [receive] via NET/IBext/1/GDRDMA
ip-0A230412:17819:18025 [1] NCCL INFO Channel 17/0 : 25[200000] -> 17[200000] [receive] via NET/IBext/1/GDRDMA
ip-0A230412:17815:18020 [7] NCCL INFO Channel 10 : 23[e00000] -> 16[100000] via P2P/IPC/read
ip-0A230412:17817:18022 [5] NCCL INFO Channel 04 : 21[c00000] -> 20[b00000] via P2P/IPC/read
ip-0A230412:17815:18020 [7] NCCL INFO Channel 11 : 23[e00000] -> 16[100000] via P2P/IPC/read
ip-0A230412:17817:18022 [5] NCCL INFO Channel 05 : 21[c00000] -> 20[b00000] via P2P/IPC/read
ip-0A230412:17815:18020 [7] NCCL INFO Channel 12 : 23[e00000] -> 16[100000] via P2P/IPC/read
ip-0A230412:17817:18022 [5] NCCL INFO Channel 12 : 21[c00000] -> 20[b00000] via P2P/IPC/read
ip-0A230412:17816:18027 [3] NCCL INFO Connected all trees
ip-0A230412:17820:18023 [2] NCCL INFO Connected all trees
ip-0A230412:17815:18020 [7] NCCL INFO Channel 13 : 23[e00000] -> 16[100000] via P2P/IPC/read
ip-0A230412:17817:18022 [5] NCCL INFO Channel 13 : 21[c00000] -> 20[b00000] via P2P/IPC/read
ip-0A230412:17815:18020 [7] NCCL INFO Channel 14 : 23[e00000] -> 16[100000] via P2P/IPC/read
ip-0A230414:4283:4494 [1] NCCL INFO Channel 00 : 25[200000] -> 24[100000] via P2P/IPC/read
ip-0A230414:4283:4494 [1] NCCL INFO Channel 01 : 25[200000] -> 24[100000] via P2P/IPC/read
ip-0A230414:4283:4494 [1] NCCL INFO Channel 08 : 25[200000] -> 24[100000] via P2P/IPC/read
ip-0A230414:4283:4494 [1] NCCL INFO Channel 09 : 25[200000] -> 24[100000] via P2P/IPC/read
ip-0A230414:4283:4494 [1] NCCL INFO Channel 16 : 25[200000] -> 24[100000] via P2P/IPC/read
ip-0A230414:4283:4494 [1] NCCL INFO Channel 17 : 25[200000] -> 24[100000] via P2P/IPC/read
ip-0A230412:17817:18022 [5] NCCL INFO Channel 20 : 21[c00000] -> 20[b00000] via P2P/IPC/read
ip-0A230412:17815:18020 [7] NCCL INFO Channel 18 : 23[e00000] -> 16[100000] via P2P/IPC/read
ip-0A230412:17817:18022 [5] NCCL INFO Channel 21 : 21[c00000] -> 20[b00000] via P2P/IPC/read
ip-0A230412:17815:18020 [7] NCCL INFO Channel 19 : 23[e00000] -> 16[100000] via P2P/IPC/read
ip-0A230412:17815:18020 [7] NCCL INFO Channel 20 : 23[e00000] -> 16[100000] via P2P/IPC/read
ip-0A230412:17815:18020 [7] NCCL INFO Channel 21 : 23[e00000] -> 16[100000] via P2P/IPC/read
ip-0A230412:17815:18020 [7] NCCL INFO Channel 22 : 23[e00000] -> 16[100000] via P2P/IPC/read
ip-0A230412:17817:18022 [5] NCCL INFO Connected all trees
ip-0A230412:17818:18026 [4] NCCL INFO Connected all trees
ip-0A230412:17821:18021 [0] NCCL INFO Channel 01/0 : 16[100000] -> 9[200000] [send] via NET/IBext/1/GDRDMA
ip-0A230412:17819:18025 [1] NCCL INFO Channel 09/0 : 24[100000] -> 17[200000] [receive] via NET/IBext/1/GDRDMA
ip-0A230412:17821:18021 [0] NCCL INFO Channel 17/0 : 16[100000] -> 9[200000] [send] via NET/IBext/1/GDRDMA
ip-0A230414:4279:4493 [6] NCCL INFO Channel 07 : 30[d00000] -> 24[100000] via P2P/IPC/read
ip-0A230414:4279:4493 [6] NCCL INFO Channel 15 : 30[d00000] -> 24[100000] via P2P/IPC/read
ip-0A230414:4279:4493 [6] NCCL INFO Channel 23 : 30[d00000] -> 24[100000] via P2P/IPC/read
ip-0A230414:4279:4493 [6] NCCL INFO Connected all trees
ip-0A230414:4278:4491 [7] NCCL INFO Connected all trees
ip-0A230414:4281:4496 [0] NCCL INFO Connected all trees
ip-0A230414:4283:4494 [1] NCCL INFO Connected all trees
ip-0A230414:4281:4496 [0] NCCL INFO CollNet 00 : 24 [receive] via COLLNET/SHARP/0/GDRDMA
ip-0A23040F:24033:24242 [1] NCCL INFO Channel 00 : 9[200000] -> 8[100000] via P2P/IPC/read
ip-0A23040F:24033:24242 [1] NCCL INFO Channel 01 : 9[200000] -> 8[100000] via P2P/IPC/read
ip-0A23040F:24033:24242 [1] NCCL INFO Channel 08 : 9[200000] -> 8[100000] via P2P/IPC/read
ip-0A23040F:24033:24242 [1] NCCL INFO Channel 09 : 9[200000] -> 8[100000] via P2P/IPC/read
ip-0A23040F:24033:24242 [1] NCCL INFO Channel 16 : 9[200000] -> 8[100000] via P2P/IPC/read
ip-0A23040F:24033:24242 [1] NCCL INFO Channel 17 : 9[200000] -> 8[100000] via P2P/IPC/read
ip-0A23040F:24033:24242 [1] NCCL INFO Connected all trees
ip-0A23040F:24029:24248 [0] NCCL INFO Connected all trees
ip-0A23040F:24029:24248 [0] NCCL INFO CollNet 00 : 8 [receive] via COLLNET/SHARP/0/GDRDMA
ip-0A230412:17819:18025 [1] NCCL INFO Channel 00 : 17[200000] -> 16[100000] via P2P/IPC/read
ip-0A230412:17819:18025 [1] NCCL INFO Channel 01 : 17[200000] -> 16[100000] via P2P/IPC/read
ip-0A230412:17819:18025 [1] NCCL INFO Channel 08 : 17[200000] -> 16[100000] via P2P/IPC/read
ip-0A230412:17819:18025 [1] NCCL INFO Channel 09 : 17[200000] -> 16[100000] via P2P/IPC/read
ip-0A230412:17819:18025 [1] NCCL INFO Channel 16 : 17[200000] -> 16[100000] via P2P/IPC/read
ip-0A230412:17819:18025 [1] NCCL INFO Channel 17 : 17[200000] -> 16[100000] via P2P/IPC/read
ip-0A230412:17815:18020 [7] NCCL INFO Channel 06 : 23[e00000] -> 22[d00000] via P2P/IPC/read
ip-0A230412:17815:18020 [7] NCCL INFO Channel 07 : 23[e00000] -> 22[d00000] via P2P/IPC/read
ip-0A230412:17815:18020 [7] NCCL INFO Channel 14 : 23[e00000] -> 22[d00000] via P2P/IPC/read
ip-0A230412:17815:18020 [7] NCCL INFO Channel 15 : 23[e00000] -> 22[d00000] via P2P/IPC/read
ip-0A230412:17815:18020 [7] NCCL INFO Channel 22 : 23[e00000] -> 22[d00000] via P2P/IPC/read
ip-0A230412:17815:18020 [7] NCCL INFO Channel 23 : 23[e00000] -> 22[d00000] via P2P/IPC/read
ip-0A230412:17821:18021 [0] NCCL INFO Connected all trees
ip-0A230412:17819:18025 [1] NCCL INFO Connected all trees
ip-0A230412:17822:18024 [6] NCCL INFO Connected all trees
ip-0A230412:17815:18020 [7] NCCL INFO Connected all trees
ip-0A230412:17821:18021 [0] NCCL INFO CollNet 00 : 16 [receive] via COLLNET/SHARP/0/GDRDMA
ip-0A230412:17821:18194 [0] NCCL INFO NCCL_SHARP_GROUP_SIZE_THRESH set by environment to 3.
ip-0A230412:17819:18025 [1] NCCL INFO CollNet 01 : 17 [receive] via COLLNET/SHARP/1/GDRDMA
ip-0A230414:4281:4693 [0] NCCL INFO NCCL_SHARP_GROUP_SIZE_THRESH set by environment to 3.
ip-0A230414:4283:4494 [1] NCCL INFO CollNet 01 : 25 [receive] via COLLNET/SHARP/1/GDRDMA
ip-0A230417:8072:8444 [0] NCCL INFO NCCL_SHARP_GROUP_SIZE_THRESH set by environment to 3.
ip-0A230417:8073:8275 [1] NCCL INFO CollNet 01 : 33 [receive] via COLLNET/SHARP/1/GDRDMA
ip-0A230406:60513:60892 [0] NCCL INFO NCCL_SHARP_GROUP_SIZE_THRESH set by environment to 3.
ip-0A23040D:56836:57209 [0] NCCL INFO NCCL_SHARP_GROUP_SIZE_THRESH set by environment to 3.
ip-0A230408:78301:78684 [0] NCCL INFO NCCL_SHARP_GROUP_SIZE_THRESH set by environment to 3.
ip-0A23040D:56828:57049 [1] NCCL INFO CollNet 01 : 1 [receive] via COLLNET/SHARP/1/GDRDMA
ip-0A230406:60514:60717 [1] NCCL INFO CollNet 01 : 41 [receive] via COLLNET/SHARP/1/GDRDMA
ip-0A230408:78303:78512 [1] NCCL INFO CollNet 01 : 49 [receive] via COLLNET/SHARP/1/GDRDMA
ip-0A23040F:24029:24404 [0] NCCL INFO NCCL_SHARP_GROUP_SIZE_THRESH set by environment to 3.
ip-0A23040F:24033:24242 [1] NCCL INFO CollNet 01 : 9 [receive] via COLLNET/SHARP/1/GDRDMA
[ip-0A23040D:0:56836 - context.c:584] INFO job (ID: 2524862937025242589) resource request quota: ( osts:0 user_data_per_ost:0 max_groups:0 max_qps:1 max_group_channels:1, num_trees:1)
[ip-0A23040D:0:56836 unique id 0] ERROR No Aggregation Manager (sharp_am) detected in sharp_create_job.

[ip-0A23040D:0:56836 - context.c:601] ERROR sharp_create_job failed: No Aggregation Manager (sharp_am) detected(-52)
ip-0A230408:78301:78684 [0] NCCL INFO Sharp rank 6/7 initialized on mlx5_ib0:1

ip-0A230408:78301:78684 [0] sharp_plugin.c:288 NCCL WARN NET/IB :SHARP coll init error: Cannot create SHArP job(-11)

ip-0A230414:4281:4693 [0] NCCL INFO Sharp rank 3/7 initialized on mlx5_ib0:1

ip-0A230414:4281:4693 [0] sharp_plugin.c:288 NCCL WARN NET/IB :SHARP coll init error: Cannot create SHArP job(-11)

ip-0A230414:4281:4693 [0] NCCL INFO include/coll_net.h:21 -> 3
ip-0A230414:4281:4496 [0] NCCL INFO transport.cc:222 -> 2
ip-0A230408:78301:78684 [0] NCCL INFO include/coll_net.h:21 -> 3
ip-0A230408:78301:78517 [0] NCCL INFO transport.cc:222 -> 2
ip-0A230406:60513:60892 [0] NCCL INFO Sharp rank 5/7 initialized on mlx5_ib0:1

ip-0A230406:60513:60892 [0] sharp_plugin.c:288 NCCL WARN NET/IB :SHARP coll init error: Cannot create SHArP job(-11)

ip-0A230406:60513:60892 [0] NCCL INFO include/coll_net.h:21 -> 3
ip-0A230412:17821:18194 [0] NCCL INFO Sharp rank 2/7 initialized on mlx5_ib0:1

ip-0A230412:17821:18194 [0] sharp_plugin.c:288 NCCL WARN NET/IB :SHARP coll init error: Cannot create SHArP job(-11)

ip-0A230412:17821:18194 [0] NCCL INFO include/coll_net.h:21 -> 3
ip-0A230417:8072:8444 [0] NCCL INFO Sharp rank 4/7 initialized on mlx5_ib0:1

ip-0A230417:8072:8444 [0] sharp_plugin.c:288 NCCL WARN NET/IB :SHARP coll init error: Cannot create SHArP job(-11)

ip-0A230417:8072:8444 [0] NCCL INFO include/coll_net.h:21 -> 3
ip-0A230406:60513:60716 [0] NCCL INFO transport.cc:222 -> 2
ip-0A23040F:24029:24404 [0] NCCL INFO Sharp rank 1/7 initialized on mlx5_ib0:1

ip-0A23040F:24029:24404 [0] sharp_plugin.c:288 NCCL WARN NET/IB :SHARP coll init error: Cannot create SHArP job(-11)

ip-0A23040F:24029:24404 [0] NCCL INFO include/coll_net.h:21 -> 3
ip-0A230417:8072:8273 [0] NCCL INFO transport.cc:222 -> 2
ip-0A230412:17821:18021 [0] NCCL INFO transport.cc:222 -> 2
ip-0A23040F:24029:24248 [0] NCCL INFO transport.cc:222 -> 2
ip-0A23040D:56836:57209 [0] NCCL INFO Sharp rank 0/7 initialized on mlx5_ib0:1

ip-0A23040D:56836:57209 [0] sharp_plugin.c:288 NCCL WARN NET/IB :SHARP coll init error: Cannot create SHArP job(-11)

ip-0A23040D:56836:57209 [0] NCCL INFO include/coll_net.h:21 -> 3
ip-0A23040D:56836:57048 [0] NCCL INFO transport.cc:222 -> 2
ip-0A23040D:56828:57204 [1] NCCL INFO NCCL_SHARP_GROUP_SIZE_THRESH set by environment to 3.
ip-0A23040D:56831:57051 [2] NCCL INFO CollNet 02 : 2 [receive] via COLLNET/SHARP/2/GDRDMA
ip-0A23040F:24033:24407 [1] NCCL INFO NCCL_SHARP_GROUP_SIZE_THRESH set by environment to 3.
ip-0A23040F:24030:24246 [2] NCCL INFO CollNet 02 : 10 [receive] via COLLNET/SHARP/2/GDRDMA
ip-0A230412:17819:18188 [1] NCCL INFO NCCL_SHARP_GROUP_SIZE_THRESH set by environment to 3.
ip-0A230412:17820:18023 [2] NCCL INFO CollNet 02 : 18 [receive] via COLLNET/SHARP/2/GDRDMA
ip-0A230414:4283:4674 [1] NCCL INFO NCCL_SHARP_GROUP_SIZE_THRESH set by environment to 3.
ip-0A230417:8073:8447 [1] NCCL INFO NCCL_SHARP_GROUP_SIZE_THRESH set by environment to 3.
ip-0A230414:4307:4490 [2] NCCL INFO CollNet 02 : 26 [receive] via COLLNET/SHARP/2/GDRDMA
ip-0A230417:8069:8277 [2] NCCL INFO CollNet 02 : 34 [receive] via COLLNET/SHARP/2/GDRDMA
ip-0A230406:60514:60895 [1] NCCL INFO NCCL_SHARP_GROUP_SIZE_THRESH set by environment to 3.
ip-0A230406:60511:60719 [2] NCCL INFO CollNet 02 : 42 [receive] via COLLNET/SHARP/2/GDRDMA
ip-0A230408:78309:78519 [2] NCCL INFO CollNet 02 : 50 [receive] via COLLNET/SHARP/2/GDRDMA
ip-0A230408:78303:78678 [1] NCCL INFO NCCL_SHARP_GROUP_SIZE_THRESH set by environment to 3.
[ip-0A23040D:0:56828 - context.c:584] INFO job (ID: 2524862836677605461) resource request quota: ( osts:0 user_data_per_ost:0 max_groups:0 max_qps:1 max_group_channels:1, num_trees:1)
[ip-0A23040D:0:56828 unique id 0] ERROR No Aggregation Manager (sharp_am) detected in sharp_create_job.

[ip-0A23040D:0:56828 - context.c:601] ERROR sharp_create_job failed: No Aggregation Manager (sharp_am) detected(-52)
ip-0A23040F:24033:24407 [1] NCCL INFO Sharp rank 1/7 initialized on mlx5_ib1:1

ip-0A23040F:24033:24407 [1] sharp_plugin.c:288 NCCL WARN NET/IB :SHARP coll init error: Cannot create SHArP job(-11)

ip-0A23040F:24033:24407 [1] NCCL INFO include/coll_net.h:21 -> 3
ip-0A230414:4283:4674 [1] NCCL INFO Sharp rank 3/7 initialized on mlx5_ib1:1

ip-0A230414:4283:4674 [1] sharp_plugin.c:288 NCCL WARN NET/IB :SHARP coll init error: Cannot create SHArP job(-11)

ip-0A230414:4283:4674 [1] NCCL INFO include/coll_net.h:21 -> 3
ip-0A230406:60514:60895 [1] NCCL INFO Sharp rank 5/7 initialized on mlx5_ib1:1

ip-0A230406:60514:60895 [1] sharp_plugin.c:288 NCCL WARN NET/IB :SHARP coll init error: Cannot create SHArP job(-11)

ip-0A230406:60514:60895 [1] NCCL INFO include/coll_net.h:21 -> 3
ip-0A230412:17819:18188 [1] NCCL INFO Sharp rank 2/7 initialized on mlx5_ib1:1

ip-0A230412:17819:18188 [1] sharp_plugin.c:288 NCCL WARN NET/IB :SHARP coll init error: Cannot create SHArP job(-11)

ip-0A230412:17819:18188 [1] NCCL INFO include/coll_net.h:21 -> 3
ip-0A230408:78303:78678 [1] NCCL INFO Sharp rank 6/7 initialized on mlx5_ib1:1

ip-0A230408:78303:78678 [1] sharp_plugin.c:288 NCCL WARN NET/IB :SHARP coll init error: Cannot create SHArP job(-11)

ip-0A230408:78303:78678 [1] NCCL INFO include/coll_net.h:21 -> 3
ip-0A230417:8073:8447 [1] NCCL INFO Sharp rank 4/7 initialized on mlx5_ib1:1

ip-0A230417:8073:8447 [1] sharp_plugin.c:288 NCCL WARN NET/IB :SHARP coll init error: Cannot create SHArP job(-11)

ip-0A230417:8073:8447 [1] NCCL INFO include/coll_net.h:21 -> 3
ip-0A230414:4283:4494 [1] NCCL INFO transport.cc:222 -> 2
ip-0A230406:60514:60717 [1] NCCL INFO transport.cc:222 -> 2
ip-0A23040F:24033:24242 [1] NCCL INFO transport.cc:222 -> 2
ip-0A230412:17819:18025 [1] NCCL INFO transport.cc:222 -> 2
ip-0A230408:78303:78512 [1] NCCL INFO transport.cc:222 -> 2
ip-0A230417:8073:8275 [1] NCCL INFO transport.cc:222 -> 2
ip-0A23040D:56828:57204 [1] NCCL INFO Sharp rank 0/7 initialized on mlx5_ib1:1

ip-0A23040D:56828:57204 [1] sharp_plugin.c:288 NCCL WARN NET/IB :SHARP coll init error: Cannot create SHArP job(-11)

ip-0A23040D:56828:57204 [1] NCCL INFO include/coll_net.h:21 -> 3
ip-0A23040D:56828:57049 [1] NCCL INFO transport.cc:222 -> 2
ip-0A23040D:56831:57208 [2] NCCL INFO NCCL_SHARP_GROUP_SIZE_THRESH set by environment to 3.
ip-0A23040F:24030:24401 [2] NCCL INFO NCCL_SHARP_GROUP_SIZE_THRESH set by environment to 3.
ip-0A23040F:24028:24247 [3] NCCL INFO CollNet 03 : 11 [receive] via COLLNET/SHARP/3/GDRDMA
ip-0A230412:17820:18193 [2] NCCL INFO NCCL_SHARP_GROUP_SIZE_THRESH set by environment to 3.
ip-0A230412:17816:18027 [3] NCCL INFO CollNet 03 : 19 [receive] via COLLNET/SHARP/3/GDRDMA
ip-0A230414:4307:4689 [2] NCCL INFO NCCL_SHARP_GROUP_SIZE_THRESH set by environment to 3.
ip-0A230414:4280:4497 [3] NCCL INFO CollNet 03 : 27 [receive] via COLLNET/SHARP/3/GDRDMA
ip-0A230417:8069:8448 [2] NCCL INFO NCCL_SHARP_GROUP_SIZE_THRESH set by environment to 3.
ip-0A230417:8071:8278 [3] NCCL INFO CollNet 03 : 35 [receive] via COLLNET/SHARP/3/GDRDMA
ip-0A230406:60511:60891 [2] NCCL INFO NCCL_SHARP_GROUP_SIZE_THRESH set by environment to 3.
ip-0A230408:78309:78683 [2] NCCL INFO NCCL_SHARP_GROUP_SIZE_THRESH set by environment to 3.
ip-0A230406:60512:60718 [3] NCCL INFO CollNet 03 : 43 [receive] via COLLNET/SHARP/3/GDRDMA
ip-0A23040D:56830:57044 [3] NCCL INFO CollNet 03 : 3 [receive] via COLLNET/SHARP/3/GDRDMA
ip-0A230408:78305:78514 [3] NCCL INFO CollNet 03 : 51 [receive] via COLLNET/SHARP/3/GDRDMA
[ip-0A23040D:0:56831 - context.c:584] INFO job (ID: 2524862525520362542) resource request quota: ( osts:0 user_data_per_ost:0 max_groups:0 max_qps:1 max_group_channels:1, num_trees:1)
[ip-0A23040D:0:56831 unique id 0] ERROR No Aggregation Manager (sharp_am) detected in sharp_create_job.

[ip-0A23040D:0:56831 - context.c:601] ERROR sharp_create_job failed: No Aggregation Manager (sharp_am) detected(-52)
ip-0A230406:60511:60891 [2] NCCL INFO Sharp rank 5/7 initialized on mlx5_ib2:1

ip-0A230406:60511:60891 [2] sharp_plugin.c:288 NCCL WARN NET/IB :SHARP coll init error: Cannot create SHArP job(-11)

ip-0A230406:60511:60891 [2] NCCL INFO include/coll_net.h:21 -> 3
ip-0A230417:8069:8448 [2] NCCL INFO Sharp rank 4/7 initialized on mlx5_ib2:1

ip-0A230417:8069:8448 [2] sharp_plugin.c:288 NCCL WARN NET/IB :SHARP coll init error: Cannot create SHArP job(-11)

ip-0A230417:8069:8448 [2] NCCL INFO include/coll_net.h:21 -> 3
ip-0A230412:17820:18193 [2] NCCL INFO Sharp rank 2/7 initialized on mlx5_ib2:1

ip-0A230412:17820:18193 [2] sharp_plugin.c:288 NCCL WARN NET/IB :SHARP coll init error: Cannot create SHArP job(-11)

ip-0A230412:17820:18193 [2] NCCL INFO include/coll_net.h:21 -> 3
ip-0A230408:78309:78683 [2] NCCL INFO Sharp rank 6/7 initialized on mlx5_ib2:1

ip-0A230408:78309:78683 [2] sharp_plugin.c:288 NCCL WARN NET/IB :SHARP coll init error: Cannot create SHArP job(-11)

ip-0A230414:4307:4689 [2] NCCL INFO Sharp rank 3/7 initialized on mlx5_ib2:1

ip-0A230414:4307:4689 [2] sharp_plugin.c:288 NCCL WARN NET/IB :SHARP coll init error: Cannot create SHArP job(-11)

ip-0A230414:4307:4689 [2] NCCL INFO include/coll_net.h:21 -> 3
ip-0A23040F:24030:24401 [2] NCCL INFO Sharp rank 1/7 initialized on mlx5_ib2:1

ip-0A23040F:24030:24401 [2] sharp_plugin.c:288 NCCL WARN NET/IB :SHARP coll init error: Cannot create SHArP job(-11)

ip-0A23040F:24030:24401 [2] NCCL INFO include/coll_net.h:21 -> 3
ip-0A230406:60511:60719 [2] NCCL INFO transport.cc:222 -> 2
ip-0A230417:8069:8277 [2] NCCL INFO transport.cc:222 -> 2
ip-0A230414:4307:4490 [2] NCCL INFO transport.cc:222 -> 2
ip-0A23040F:24030:24246 [2] NCCL INFO transport.cc:222 -> 2
ip-0A230412:17820:18023 [2] NCCL INFO transport.cc:222 -> 2
ip-0A230408:78309:78683 [2] NCCL INFO include/coll_net.h:21 -> 3
ip-0A230408:78309:78519 [2] NCCL INFO transport.cc:222 -> 2
ip-0A23040D:56831:57208 [2] NCCL INFO Sharp rank 0/7 initialized on mlx5_ib2:1

ip-0A23040D:56831:57208 [2] sharp_plugin.c:288 NCCL WARN NET/IB :SHARP coll init error: Cannot create SHArP job(-11)

ip-0A23040D:56831:57208 [2] NCCL INFO include/coll_net.h:21 -> 3
ip-0A23040D:56831:57051 [2] NCCL INFO transport.cc:222 -> 2
ip-0A23040D:56830:57206 [3] NCCL INFO NCCL_SHARP_GROUP_SIZE_THRESH set by environment to 3.
ip-0A23040D:56832:57046 [4] NCCL INFO CollNet 04 : 4 [receive] via COLLNET/SHARP/4/GDRDMA
ip-0A23040F:24028:24406 [3] NCCL INFO NCCL_SHARP_GROUP_SIZE_THRESH set by environment to 3.
ip-0A23040F:24034:24241 [4] NCCL INFO CollNet 04 : 12 [receive] via COLLNET/SHARP/4/GDRDMA
ip-0A230412:17816:18195 [3] NCCL INFO NCCL_SHARP_GROUP_SIZE_THRESH set by environment to 3.
ip-0A230412:17818:18026 [4] NCCL INFO CollNet 04 : 20 [receive] via COLLNET/SHARP/4/GDRDMA
ip-0A230414:4280:4662 [3] NCCL INFO NCCL_SHARP_GROUP_SIZE_THRESH set by environment to 3.
ip-0A230414:4284:4492 [4] NCCL INFO CollNet 04 : 28 [receive] via COLLNET/SHARP/4/GDRDMA
ip-0A230417:8071:8443 [3] NCCL INFO NCCL_SHARP_GROUP_SIZE_THRESH set by environment to 3.
ip-0A230417:8075:8272 [4] NCCL INFO CollNet 04 : 36 [receive] via COLLNET/SHARP/4/GDRDMA
ip-0A230406:60512:60894 [3] NCCL INFO NCCL_SHARP_GROUP_SIZE_THRESH set by environment to 3.
ip-0A230406:60516:60715 [4] NCCL INFO CollNet 04 : 44 [receive] via COLLNET/SHARP/4/GDRDMA
ip-0A230408:78305:78685 [3] NCCL INFO NCCL_SHARP_GROUP_SIZE_THRESH set by environment to 3.
ip-0A230408:78302:78516 [4] NCCL INFO CollNet 04 : 52 [receive] via COLLNET/SHARP/4/GDRDMA
[ip-0A23040D:0:56830 - context.c:584] INFO job (ID: 2524862966736284402) resource request quota: ( osts:0 user_data_per_ost:0 max_groups:0 max_qps:1 max_group_channels:1, num_trees:1)
[ip-0A23040D:0:56830 unique id 0] ERROR No Aggregation Manager (sharp_am) detected in sharp_create_job.

[ip-0A23040D:0:56830 - context.c:601] ERROR sharp_create_job failed: No Aggregation Manager (sharp_am) detected(-52)
ip-0A230414:4280:4662 [3] NCCL INFO Sharp rank 3/7 initialized on mlx5_ib3:1

ip-0A230414:4280:4662 [3] sharp_plugin.c:288 NCCL WARN NET/IB :SHARP coll init error: Cannot create SHArP job(-11)

ip-0A230414:4280:4662 [3] NCCL INFO include/coll_net.h:21 -> 3
ip-0A230406:60512:60894 [3] NCCL INFO Sharp rank 5/7 initialized on mlx5_ib3:1

ip-0A230406:60512:60894 [3] sharp_plugin.c:288 NCCL WARN NET/IB :SHARP coll init error: Cannot create SHArP job(-11)

ip-0A230406:60512:60894 [3] NCCL INFO include/coll_net.h:21 -> 3
ip-0A23040F:24028:24406 [3] NCCL INFO Sharp rank 1/7 initialized on mlx5_ib3:1

ip-0A23040F:24028:24406 [3] sharp_plugin.c:288 NCCL WARN NET/IB :SHARP coll init error: Cannot create SHArP job(-11)

ip-0A23040F:24028:24406 [3] NCCL INFO include/coll_net.h:21 -> 3
ip-0A230412:17816:18195 [3] NCCL INFO Sharp rank 2/7 initialized on mlx5_ib3:1

ip-0A230412:17816:18195 [3] sharp_plugin.c:288 NCCL WARN NET/IB :SHARP coll init error: Cannot create SHArP job(-11)

ip-0A230412:17816:18195 [3] NCCL INFO include/coll_net.h:21 -> 3
ip-0A230408:78305:78685 [3] NCCL INFO Sharp rank 6/7 initialized on mlx5_ib3:1

ip-0A230408:78305:78685 [3] sharp_plugin.c:288 NCCL WARN NET/IB :SHARP coll init error: Cannot create SHArP job(-11)

ip-0A230408:78305:78685 [3] NCCL INFO include/coll_net.h:21 -> 3
ip-0A230414:4280:4497 [3] NCCL INFO transport.cc:222 -> 2
ip-0A230406:60512:60718 [3] NCCL INFO transport.cc:222 -> 2
ip-0A23040F:24028:24247 [3] NCCL INFO transport.cc:222 -> 2
ip-0A230408:78305:78514 [3] NCCL INFO transport.cc:222 -> 2
ip-0A230417:8071:8443 [3] NCCL INFO Sharp rank 4/7 initialized on mlx5_ib3:1

ip-0A230417:8071:8443 [3] sharp_plugin.c:288 NCCL WARN NET/IB :SHARP coll init error: Cannot create SHArP job(-11)

ip-0A230417:8071:8443 [3] NCCL INFO include/coll_net.h:21 -> 3
ip-0A230412:17816:18027 [3] NCCL INFO transport.cc:222 -> 2
ip-0A230417:8071:8278 [3] NCCL INFO transport.cc:222 -> 2
ip-0A23040D:56830:57206 [3] NCCL INFO Sharp rank 0/7 initialized on mlx5_ib3:1

ip-0A23040D:56830:57206 [3] sharp_plugin.c:288 NCCL WARN NET/IB :SHARP coll init error: Cannot create SHArP job(-11)

ip-0A23040D:56830:57206 [3] NCCL INFO include/coll_net.h:21 -> 3
ip-0A23040D:56830:57044 [3] NCCL INFO transport.cc:222 -> 2
ip-0A23040D:56832:57205 [4] NCCL INFO NCCL_SHARP_GROUP_SIZE_THRESH set by environment to 3.
ip-0A23040D:56829:57047 [5] NCCL INFO CollNet 05 : 5 [receive] via COLLNET/SHARP/5/GDRDMA
ip-0A23040F:24034:24405 [4] NCCL INFO NCCL_SHARP_GROUP_SIZE_THRESH set by environment to 3.
ip-0A23040F:24027:24245 [5] NCCL INFO CollNet 05 : 13 [receive] via COLLNET/SHARP/5/GDRDMA
ip-0A230412:17818:18191 [4] NCCL INFO NCCL_SHARP_GROUP_SIZE_THRESH set by environment to 3.
ip-0A230414:4284:4661 [4] NCCL INFO NCCL_SHARP_GROUP_SIZE_THRESH set by environment to 3.
ip-0A230412:17817:18022 [5] NCCL INFO CollNet 05 : 21 [receive] via COLLNET/SHARP/5/GDRDMA
ip-0A230417:8075:8446 [4] NCCL INFO NCCL_SHARP_GROUP_SIZE_THRESH set by environment to 3.
ip-0A230414:4282:4495 [5] NCCL INFO CollNet 05 : 29 [receive] via COLLNET/SHARP/5/GDRDMA
ip-0A230417:8068:8274 [5] NCCL INFO CollNet 05 : 37 [receive] via COLLNET/SHARP/5/GDRDMA
ip-0A230406:60516:60888 [4] NCCL INFO NCCL_SHARP_GROUP_SIZE_THRESH set by environment to 3.
ip-0A230406:60517:60721 [5] NCCL INFO CollNet 05 : 45 [receive] via COLLNET/SHARP/5/GDRDMA
ip-0A230408:78302:78681 [4] NCCL INFO NCCL_SHARP_GROUP_SIZE_THRESH set by environment to 3.
ip-0A230408:78306:78513 [5] NCCL INFO CollNet 05 : 53 [receive] via COLLNET/SHARP/5/GDRDMA
[ip-0A23040D:0:56832 - context.c:584] INFO job (ID: 2524863137164565417) resource request quota: ( osts:0 user_data_per_ost:0 max_groups:0 max_qps:1 max_group_channels:1, num_trees:1)
[ip-0A23040D:0:56832 unique id 0] ERROR No Aggregation Manager (sharp_am) detected in sharp_create_job.

[ip-0A23040D:0:56832 - context.c:601] ERROR sharp_create_job failed: No Aggregation Manager (sharp_am) detected(-52)
ip-0A230406:60516:60888 [4] NCCL INFO Sharp rank 5/7 initialized on mlx5_ib4:1

ip-0A230406:60516:60888 [4] sharp_plugin.c:288 NCCL WARN NET/IB :SHARP coll init error: Cannot create SHArP job(-11)

ip-0A230406:60516:60888 [4] NCCL INFO include/coll_net.h:21 -> 3
ip-0A23040F:24034:24405 [4] NCCL INFO Sharp rank 1/7 initialized on mlx5_ib4:1

ip-0A23040F:24034:24405 [4] sharp_plugin.c:288 NCCL WARN NET/IB :SHARP coll init error: Cannot create SHArP job(-11)

ip-0A23040F:24034:24405 [4] NCCL INFO include/coll_net.h:21 -> 3
ip-0A230408:78302:78681 [4] NCCL INFO Sharp rank 6/7 initialized on mlx5_ib4:1

ip-0A230408:78302:78681 [4] sharp_plugin.c:288 NCCL WARN NET/IB :SHARP coll init error: Cannot create SHArP job(-11)

ip-0A230408:78302:78681 [4] NCCL INFO include/coll_net.h:21 -> 3
ip-0A230417:8075:8446 [4] NCCL INFO Sharp rank 4/7 initialized on mlx5_ib4:1

ip-0A230417:8075:8446 [4] sharp_plugin.c:288 NCCL WARN NET/IB :SHARP coll init error: Cannot create SHArP job(-11)

ip-0A230417:8075:8446 [4] NCCL INFO include/coll_net.h:21 -> 3
ip-0A230412:17818:18191 [4] NCCL INFO Sharp rank 2/7 initialized on mlx5_ib4:1

ip-0A230412:17818:18191 [4] sharp_plugin.c:288 NCCL WARN NET/IB :SHARP coll init error: Cannot create SHArP job(-11)

ip-0A230412:17818:18191 [4] NCCL INFO include/coll_net.h:21 -> 3
ip-0A230414:4284:4661 [4] NCCL INFO Sharp rank 3/7 initialized on mlx5_ib4:1

ip-0A230414:4284:4661 [4] sharp_plugin.c:288 NCCL WARN NET/IB :SHARP coll init error: Cannot create SHArP job(-11)

ip-0A230414:4284:4661 [4] NCCL INFO include/coll_net.h:21 -> 3
ip-0A230406:60516:60715 [4] NCCL INFO transport.cc:222 -> 2
ip-0A23040F:24034:24241 [4] NCCL INFO transport.cc:222 -> 2
ip-0A230408:78302:78516 [4] NCCL INFO transport.cc:222 -> 2
ip-0A230417:8075:8272 [4] NCCL INFO transport.cc:222 -> 2
ip-0A230414:4284:4492 [4] NCCL INFO transport.cc:222 -> 2
ip-0A230412:17818:18026 [4] NCCL INFO transport.cc:222 -> 2
ip-0A23040D:56832:57205 [4] NCCL INFO Sharp rank 0/7 initialized on mlx5_ib4:1

ip-0A23040D:56832:57205 [4] sharp_plugin.c:288 NCCL WARN NET/IB :SHARP coll init error: Cannot create SHArP job(-11)

ip-0A23040D:56832:57205 [4] NCCL INFO include/coll_net.h:21 -> 3
ip-0A23040D:56832:57046 [4] NCCL INFO transport.cc:222 -> 2
ip-0A23040D:56829:57210 [5] NCCL INFO NCCL_SHARP_GROUP_SIZE_THRESH set by environment to 3.
ip-0A23040D:56835:57050 [6] NCCL INFO CollNet 06 : 6 [receive] via COLLNET/SHARP/6/GDRDMA
ip-0A23040F:24027:24403 [5] NCCL INFO NCCL_SHARP_GROUP_SIZE_THRESH set by environment to 3.
ip-0A230412:17817:18192 [5] NCCL INFO NCCL_SHARP_GROUP_SIZE_THRESH set by environment to 3.
ip-0A23040F:24031:24244 [6] NCCL INFO CollNet 06 : 14 [receive] via COLLNET/SHARP/6/GDRDMA
ip-0A230412:17822:18024 [6] NCCL INFO CollNet 06 : 22 [receive] via COLLNET/SHARP/6/GDRDMA
ip-0A230414:4282:4691 [5] NCCL INFO NCCL_SHARP_GROUP_SIZE_THRESH set by environment to 3.
ip-0A230414:4279:4493 [6] NCCL INFO CollNet 06 : 30 [receive] via COLLNET/SHARP/6/GDRDMA
ip-0A230417:8068:8441 [5] NCCL INFO NCCL_SHARP_GROUP_SIZE_THRESH set by environment to 3.
ip-0A230417:8070:8276 [6] NCCL INFO CollNet 06 : 38 [receive] via COLLNET/SHARP/6/GDRDMA
ip-0A230406:60517:60893 [5] NCCL INFO NCCL_SHARP_GROUP_SIZE_THRESH set by environment to 3.
ip-0A230408:78306:78680 [5] NCCL INFO NCCL_SHARP_GROUP_SIZE_THRESH set by environment to 3.
ip-0A230406:60515:60714 [6] NCCL INFO CollNet 06 : 46 [receive] via COLLNET/SHARP/6/GDRDMA
ip-0A230408:78304:78518 [6] NCCL INFO CollNet 06 : 54 [receive] via COLLNET/SHARP/6/GDRDMA
[ip-0A23040D:0:56829 - context.c:584] INFO job (ID: 2524863275391297368) resource request quota: ( osts:0 user_data_per_ost:0 max_groups:0 max_qps:1 max_group_channels:1, num_trees:1)
[ip-0A23040D:0:56829 unique id 0] ERROR No Aggregation Manager (sharp_am) detected in sharp_create_job.

[ip-0A23040D:0:56829 - context.c:601] ERROR sharp_create_job failed: No Aggregation Manager (sharp_am) detected(-52)
ip-0A230406:60517:60893 [5] NCCL INFO Sharp rank 5/7 initialized on mlx5_ib5:1

ip-0A230406:60517:60893 [5] sharp_plugin.c:288 NCCL WARN NET/IB :SHARP coll init error: Cannot create SHArP job(-11)

ip-0A230406:60517:60893 [5] NCCL INFO include/coll_net.h:21 -> 3
ip-0A230412:17817:18192 [5] NCCL INFO Sharp rank 2/7 initialized on mlx5_ib5:1

ip-0A230412:17817:18192 [5] sharp_plugin.c:288 NCCL WARN NET/IB :SHARP coll init error: Cannot create SHArP job(-11)

ip-0A230412:17817:18192 [5] NCCL INFO include/coll_net.h:21 -> 3
ip-0A230408:78306:78680 [5] NCCL INFO Sharp rank 6/7 initialized on mlx5_ib5:1

ip-0A230408:78306:78680 [5] sharp_plugin.c:288 NCCL WARN NET/IB :SHARP coll init error: Cannot create SHArP job(-11)

ip-0A230408:78306:78680 [5] NCCL INFO include/coll_net.h:21 -> 3
ip-0A230414:4282:4691 [5] NCCL INFO Sharp rank 3/7 initialized on mlx5_ib5:1

ip-0A230414:4282:4691 [5] sharp_plugin.c:288 NCCL WARN NET/IB :SHARP coll init error: Cannot create SHArP job(-11)

ip-0A230414:4282:4691 [5] NCCL INFO include/coll_net.h:21 -> 3
ip-0A23040F:24027:24403 [5] NCCL INFO Sharp rank 1/7 initialized on mlx5_ib5:1

ip-0A23040F:24027:24403 [5] sharp_plugin.c:288 NCCL WARN NET/IB :SHARP coll init error: Cannot create SHArP job(-11)

ip-0A23040F:24027:24403 [5] NCCL INFO include/coll_net.h:21 -> 3
ip-0A230417:8068:8441 [5] NCCL INFO Sharp rank 4/7 initialized on mlx5_ib5:1

ip-0A230417:8068:8441 [5] sharp_plugin.c:288 NCCL WARN NET/IB :SHARP coll init error: Cannot create SHArP job(-11)

ip-0A230417:8068:8441 [5] NCCL INFO include/coll_net.h:21 -> 3
ip-0A230406:60517:60721 [5] NCCL INFO transport.cc:222 -> 2
ip-0A230408:78306:78513 [5] NCCL INFO transport.cc:222 -> 2
ip-0A230417:8068:8274 [5] NCCL INFO transport.cc:222 -> 2
ip-0A23040F:24027:24245 [5] NCCL INFO transport.cc:222 -> 2
ip-0A230412:17817:18022 [5] NCCL INFO transport.cc:222 -> 2
ip-0A230414:4282:4495 [5] NCCL INFO transport.cc:222 -> 2
ip-0A23040D:56829:57210 [5] NCCL INFO Sharp rank 0/7 initialized on mlx5_ib5:1

ip-0A23040D:56829:57210 [5] sharp_plugin.c:288 NCCL WARN NET/IB :SHARP coll init error: Cannot create SHArP job(-11)

ip-0A23040D:56829:57210 [5] NCCL INFO include/coll_net.h:21 -> 3
ip-0A23040D:56829:57047 [5] NCCL INFO transport.cc:222 -> 2
ip-0A23040D:56835:57211 [6] NCCL INFO NCCL_SHARP_GROUP_SIZE_THRESH set by environment to 3.
ip-0A23040D:56833:57045 [7] NCCL INFO CollNet 07 : 7 [receive] via COLLNET/SHARP/7/GDRDMA
ip-0A23040F:24031:24402 [6] NCCL INFO NCCL_SHARP_GROUP_SIZE_THRESH set by environment to 3.
ip-0A23040F:24032:24243 [7] NCCL INFO CollNet 07 : 15 [receive] via COLLNET/SHARP/7/GDRDMA
ip-0A230412:17822:18189 [6] NCCL INFO NCCL_SHARP_GROUP_SIZE_THRESH set by environment to 3.
ip-0A230412:17815:18020 [7] NCCL INFO CollNet 07 : 23 [receive] via COLLNET/SHARP/7/GDRDMA
ip-0A230414:4279:4688 [6] NCCL INFO NCCL_SHARP_GROUP_SIZE_THRESH set by environment to 3.
ip-0A230414:4278:4491 [7] NCCL INFO CollNet 07 : 31 [receive] via COLLNET/SHARP/7/GDRDMA
ip-0A230417:8070:8445 [6] NCCL INFO NCCL_SHARP_GROUP_SIZE_THRESH set by environment to 3.
ip-0A230417:8074:8279 [7] NCCL INFO CollNet 07 : 39 [receive] via COLLNET/SHARP/7/GDRDMA
ip-0A230406:60515:60890 [6] NCCL INFO NCCL_SHARP_GROUP_SIZE_THRESH set by environment to 3.
ip-0A230406:60518:60720 [7] NCCL INFO CollNet 07 : 47 [receive] via COLLNET/SHARP/7/GDRDMA
ip-0A230408:78304:78679 [6] NCCL INFO NCCL_SHARP_GROUP_SIZE_THRESH set by environment to 3.
ip-0A230408:78307:78515 [7] NCCL INFO CollNet 07 : 55 [receive] via COLLNET/SHARP/7/GDRDMA
[ip-0A23040D:0:56835 - context.c:584] INFO job (ID: 2524863476737122563) resource request quota: ( osts:0 user_data_per_ost:0 max_groups:0 max_qps:1 max_group_channels:1, num_trees:1)
[ip-0A23040D:0:56835 unique id 0] ERROR No Aggregation Manager (sharp_am) detected in sharp_create_job.

[ip-0A23040D:0:56835 - context.c:601] ERROR sharp_create_job failed: No Aggregation Manager (sharp_am) detected(-52)
ip-0A23040F:24031:24402 [6] NCCL INFO Sharp rank 1/7 initialized on mlx5_ib6:1

ip-0A23040F:24031:24402 [6] sharp_plugin.c:288 NCCL WARN NET/IB :SHARP coll init error: Cannot create SHArP job(-11)

ip-0A23040F:24031:24402 [6] NCCL INFO include/coll_net.h:21 -> 3
ip-0A230406:60515:60890 [6] NCCL INFO Sharp rank 5/7 initialized on mlx5_ib6:1

ip-0A230406:60515:60890 [6] sharp_plugin.c:288 NCCL WARN NET/IB :SHARP coll init error: Cannot create SHArP job(-11)

ip-0A230406:60515:60890 [6] NCCL INFO include/coll_net.h:21 -> 3
ip-0A230408:78304:78679 [6] NCCL INFO Sharp rank 6/7 initialized on mlx5_ib6:1

ip-0A230408:78304:78679 [6] sharp_plugin.c:288 NCCL WARN NET/IB :SHARP coll init error: Cannot create SHArP job(-11)

ip-0A230408:78304:78679 [6] NCCL INFO include/coll_net.h:21 -> 3
ip-0A230414:4279:4688 [6] NCCL INFO Sharp rank 3/7 initialized on mlx5_ib6:1

ip-0A230414:4279:4688 [6] sharp_plugin.c:288 NCCL WARN NET/IB :SHARP coll init error: Cannot create SHArP job(-11)

ip-0A230414:4279:4688 [6] NCCL INFO include/coll_net.h:21 -> 3
ip-0A230412:17822:18189 [6] NCCL INFO Sharp rank 2/7 initialized on mlx5_ib6:1

ip-0A230412:17822:18189 [6] sharp_plugin.c:288 NCCL WARN NET/IB :SHARP coll init error: Cannot create SHArP job(-11)

ip-0A230412:17822:18189 [6] NCCL INFO include/coll_net.h:21 -> 3
ip-0A230417:8070:8445 [6] NCCL INFO Sharp rank 4/7 initialized on mlx5_ib6:1

ip-0A230417:8070:8445 [6] sharp_plugin.c:288 NCCL WARN NET/IB :SHARP coll init error: Cannot create SHArP job(-11)

ip-0A230417:8070:8445 [6] NCCL INFO include/coll_net.h:21 -> 3
ip-0A23040F:24031:24244 [6] NCCL INFO transport.cc:222 -> 2
ip-0A230406:60515:60714 [6] NCCL INFO transport.cc:222 -> 2
ip-0A230412:17822:18024 [6] NCCL INFO transport.cc:222 -> 2
ip-0A230408:78304:78518 [6] NCCL INFO transport.cc:222 -> 2
ip-0A230417:8070:8276 [6] NCCL INFO transport.cc:222 -> 2
ip-0A230414:4279:4493 [6] NCCL INFO transport.cc:222 -> 2
ip-0A23040D:56835:57211 [6] NCCL INFO Sharp rank 0/7 initialized on mlx5_ib6:1

ip-0A23040D:56835:57211 [6] sharp_plugin.c:288 NCCL WARN NET/IB :SHARP coll init error: Cannot create SHArP job(-11)

ip-0A23040D:56835:57211 [6] NCCL INFO include/coll_net.h:21 -> 3
ip-0A23040D:56835:57050 [6] NCCL INFO transport.cc:222 -> 2
ip-0A23040D:56833:57207 [7] NCCL INFO NCCL_SHARP_GROUP_SIZE_THRESH set by environment to 3.
ip-0A23040F:24032:24408 [7] NCCL INFO NCCL_SHARP_GROUP_SIZE_THRESH set by environment to 3.
ip-0A230412:17815:18190 [7] NCCL INFO NCCL_SHARP_GROUP_SIZE_THRESH set by environment to 3.
ip-0A230414:4278:4692 [7] NCCL INFO NCCL_SHARP_GROUP_SIZE_THRESH set by environment to 3.
ip-0A230417:8074:8442 [7] NCCL INFO NCCL_SHARP_GROUP_SIZE_THRESH set by environment to 3.
ip-0A230406:60518:60889 [7] NCCL INFO NCCL_SHARP_GROUP_SIZE_THRESH set by environment to 3.
ip-0A230408:78307:78682 [7] NCCL INFO NCCL_SHARP_GROUP_SIZE_THRESH set by environment to 3.
[ip-0A23040D:0:56833 - context.c:584] INFO job (ID: 2524862622233744800) resource request quota: ( osts:0 user_data_per_ost:0 max_groups:0 max_qps:1 max_group_channels:1, num_trees:1)
[ip-0A23040D:0:56833 unique id 0] ERROR No Aggregation Manager (sharp_am) detected in sharp_create_job.

[ip-0A23040D:0:56833 - context.c:601] ERROR sharp_create_job failed: No Aggregation Manager (sharp_am) detected(-52)
ip-0A230414:4278:4692 [7] NCCL INFO Sharp rank 3/7 initialized on mlx5_ib7:1

ip-0A230414:4278:4692 [7] sharp_plugin.c:288 NCCL WARN NET/IB :SHARP coll init error: Cannot create SHArP job(-11)

ip-0A230414:4278:4692 [7] NCCL INFO include/coll_net.h:21 -> 3
ip-0A230406:60518:60889 [7] NCCL INFO Sharp rank 5/7 initialized on mlx5_ib7:1

ip-0A230406:60518:60889 [7] sharp_plugin.c:288 NCCL WARN NET/IB :SHARP coll init error: Cannot create SHArP job(-11)

ip-0A230406:60518:60889 [7] NCCL INFO include/coll_net.h:21 -> 3
ip-0A230408:78307:78682 [7] NCCL INFO Sharp rank 6/7 initialized on mlx5_ib7:1

ip-0A230408:78307:78682 [7] sharp_plugin.c:288 NCCL WARN NET/IB :SHARP coll init error: Cannot create SHArP job(-11)

ip-0A230408:78307:78682 [7] NCCL INFO include/coll_net.h:21 -> 3
ip-0A230417:8074:8442 [7] NCCL INFO Sharp rank 4/7 initialized on mlx5_ib7:1

ip-0A230417:8074:8442 [7] sharp_plugin.c:288 NCCL WARN NET/IB :SHARP coll init error: Cannot create SHArP job(-11)

ip-0A230417:8074:8442 [7] NCCL INFO include/coll_net.h:21 -> 3
ip-0A230417:8074:8279 [7] NCCL INFO transport.cc:222 -> 2
ip-0A230412:17815:18190 [7] NCCL INFO Sharp rank 2/7 initialized on mlx5_ib7:1

ip-0A230412:17815:18190 [7] sharp_plugin.c:288 NCCL WARN NET/IB :SHARP coll init error: Cannot create SHArP job(-11)

ip-0A230412:17815:18190 [7] NCCL INFO include/coll_net.h:21 -> 3
ip-0A23040F:24032:24408 [7] NCCL INFO Sharp rank 1/7 initialized on mlx5_ib7:1

ip-0A23040F:24032:24408 [7] sharp_plugin.c:288 NCCL WARN NET/IB :SHARP coll init error: Cannot create SHArP job(-11)

ip-0A23040F:24032:24408 [7] NCCL INFO include/coll_net.h:21 -> 3
ip-0A230414:4278:4491 [7] NCCL INFO transport.cc:222 -> 2
ip-0A230408:78307:78515 [7] NCCL INFO transport.cc:222 -> 2
ip-0A230406:60518:60720 [7] NCCL INFO transport.cc:222 -> 2
ip-0A230412:17815:18020 [7] NCCL INFO transport.cc:222 -> 2
ip-0A23040F:24032:24243 [7] NCCL INFO transport.cc:222 -> 2
ip-0A230417:8074:8279 [7] NCCL INFO init.cc:765 -> 2
ip-0A230417:8074:8279 [7] NCCL INFO threadThresholds 8/8/64 | 448/8/64 | 8/8/512
ip-0A230408:78307:78515 [7] NCCL INFO init.cc:765 -> 2
ip-0A230408:78307:78515 [7] NCCL INFO threadThresholds 8/8/64 | 448/8/64 | 8/8/512
ip-0A230414:4307:4490 [2] NCCL INFO init.cc:765 -> 2
ip-0A230414:4307:4490 [2] NCCL INFO threadThresholds 8/8/64 | 448/8/64 | 8/8/512
ip-0A23040F:24032:24243 [7] NCCL INFO init.cc:765 -> 2
ip-0A23040F:24032:24243 [7] NCCL INFO threadThresholds 8/8/64 | 448/8/64 | 8/8/512

ip-0A230417:8072:8273 [0] transport.cc:253 NCCL WARN Cannot initialize CollNet, using point-to-point network instead
ip-0A230417:8072:8273 [0] NCCL INFO init.cc:765 -> 2
ip-0A230412:17822:18024 [6] NCCL INFO init.cc:765 -> 2
ip-0A230417:8073:8275 [1] NCCL INFO init.cc:765 -> 2
ip-0A230417:8069:8277 [2] NCCL INFO init.cc:765 -> 2
ip-0A230417:8069:8277 [2] NCCL INFO threadThresholds 8/8/64 | 448/8/64 | 8/8/512

ip-0A230408:78301:78517 [0] transport.cc:253 NCCL WARN Cannot initialize CollNet, using point-to-point network instead
ip-0A230408:78301:78517 [0] NCCL INFO init.cc:765 -> 2
ip-0A230417:8072:8273 [0] NCCL INFO threadThresholds 8/8/64 | 448/8/64 | 8/8/512
ip-0A230408:78303:78512 [1] NCCL INFO init.cc:765 -> 2
ip-0A230408:78303:78512 [1] NCCL INFO threadThresholds 8/8/64 | 448/8/64 | 8/8/512
ip-0A230417:8073:8275 [1] NCCL INFO threadThresholds 8/8/64 | 448/8/64 | 8/8/512
ip-0A230408:78309:78519 [2] NCCL INFO init.cc:765 -> 2
ip-0A230408:78309:78519 [2] NCCL INFO threadThresholds 8/8/64 | 448/8/64 | 8/8/512
ip-0A230417:8071:8278 [3] NCCL INFO init.cc:765 -> 2
ip-0A230417:8071:8278 [3] NCCL INFO threadThresholds 8/8/64 | 448/8/64 | 8/8/512
ip-0A230408:78306:78513 [5] NCCL INFO init.cc:765 -> 2
ip-0A230408:78306:78513 [5] NCCL INFO threadThresholds 8/8/64 | 448/8/64 | 8/8/512
ip-0A230417:8075:8272 [4] NCCL INFO init.cc:765 -> 2
ip-0A230417:8075:8272 [4] NCCL INFO threadThresholds 8/8/64 | 448/8/64 | 8/8/512
ip-0A230408:78301:78517 [0] NCCL INFO threadThresholds 8/8/64 | 448/8/64 | 8/8/512
ip-0A230417:8068:8274 [5] NCCL INFO init.cc:765 -> 2
ip-0A230417:8068:8274 [5] NCCL INFO threadThresholds 8/8/64 | 448/8/64 | 8/8/512
ip-0A230408:78305:78514 [3] NCCL INFO init.cc:765 -> 2
ip-0A230417:8070:8276 [6] NCCL INFO init.cc:765 -> 2
ip-0A230417:8070:8276 [6] NCCL INFO threadThresholds 8/8/64 | 448/8/64 | 8/8/512
ip-0A230408:78302:78516 [4] NCCL INFO init.cc:765 -> 2
ip-0A230408:78302:78516 [4] NCCL INFO threadThresholds 8/8/64 | 448/8/64 | 8/8/512
ip-0A230408:78304:78518 [6] NCCL INFO init.cc:765 -> 2
ip-0A230408:78304:78518 [6] NCCL INFO threadThresholds 8/8/64 | 448/8/64 | 8/8/512
ip-0A230408:78305:78514 [3] NCCL INFO threadThresholds 8/8/64 | 448/8/64 | 8/8/512
ip-0A23040F:24030:24246 [2] NCCL INFO init.cc:765 -> 2
ip-0A23040F:24034:24241 [4] NCCL INFO init.cc:765 -> 2
ip-0A23040F:24031:24244 [6] NCCL INFO init.cc:765 -> 2

ip-0A23040F:24029:24248 [0] transport.cc:253 NCCL WARN Cannot initialize CollNet, using point-to-point network instead
ip-0A23040F:24029:24248 [0] NCCL INFO init.cc:765 -> 2
ip-0A23040F:24029:24248 [0] NCCL INFO threadThresholds 8/8/64 | 448/8/64 | 8/8/512
ip-0A23040F:24033:24242 [1] NCCL INFO init.cc:765 -> 2
ip-0A23040F:24033:24242 [1] NCCL INFO threadThresholds 8/8/64 | 448/8/64 | 8/8/512
ip-0A230412:17815:18020 [7] NCCL INFO init.cc:765 -> 2
ip-0A230412:17815:18020 [7] NCCL INFO threadThresholds 8/8/64 | 448/8/64 | 8/8/512
ip-0A23040F:24030:24246 [2] NCCL INFO threadThresholds 8/8/64 | 448/8/64 | 8/8/512

ip-0A230412:17821:18021 [0] transport.cc:253 NCCL WARN Cannot initialize CollNet, using point-to-point network instead
ip-0A230412:17821:18021 [0] NCCL INFO init.cc:765 -> 2
ip-0A230412:17821:18021 [0] NCCL INFO threadThresholds 8/8/64 | 448/8/64 | 8/8/512
ip-0A23040F:24028:24247 [3] NCCL INFO init.cc:765 -> 2
ip-0A23040F:24028:24247 [3] NCCL INFO threadThresholds 8/8/64 | 448/8/64 | 8/8/512
ip-0A230412:17819:18025 [1] NCCL INFO init.cc:765 -> 2
ip-0A230412:17819:18025 [1] NCCL INFO threadThresholds 8/8/64 | 448/8/64 | 8/8/512
ip-0A23040F:24034:24241 [4] NCCL INFO threadThresholds 8/8/64 | 448/8/64 | 8/8/512
ip-0A230412:17820:18023 [2] NCCL INFO init.cc:765 -> 2
ip-0A230412:17820:18023 [2] NCCL INFO threadThresholds 8/8/64 | 448/8/64 | 8/8/512
ip-0A23040F:24027:24245 [5] NCCL INFO init.cc:765 -> 2
ip-0A23040F:24027:24245 [5] NCCL INFO threadThresholds 8/8/64 | 448/8/64 | 8/8/512
ip-0A230412:17816:18027 [3] NCCL INFO init.cc:765 -> 2
ip-0A230412:17816:18027 [3] NCCL INFO threadThresholds 8/8/64 | 448/8/64 | 8/8/512
ip-0A23040F:24031:24244 [6] NCCL INFO threadThresholds 8/8/64 | 448/8/64 | 8/8/512
ip-0A230412:17818:18026 [4] NCCL INFO init.cc:765 -> 2
ip-0A230412:17818:18026 [4] NCCL INFO threadThresholds 8/8/64 | 448/8/64 | 8/8/512
ip-0A230412:17817:18022 [5] NCCL INFO init.cc:765 -> 2
ip-0A230412:17817:18022 [5] NCCL INFO threadThresholds 8/8/64 | 448/8/64 | 8/8/512
ip-0A230412:17822:18024 [6] NCCL INFO threadThresholds 8/8/64 | 448/8/64 | 8/8/512
ip-0A230406:60518:60720 [7] NCCL INFO init.cc:765 -> 2
ip-0A230406:60518:60720 [7] NCCL INFO threadThresholds 8/8/64 | 448/8/64 | 8/8/512
ip-0A230414:4278:4491 [7] NCCL INFO init.cc:765 -> 2
ip-0A230414:4278:4491 [7] NCCL INFO threadThresholds 8/8/64 | 448/8/64 | 8/8/512

ip-0A230414:4281:4496 [0] transport.cc:253 NCCL WARN Cannot initialize CollNet, using point-to-point network instead
ip-0A230414:4281:4496 [0] NCCL INFO init.cc:765 -> 2
ip-0A230414:4281:4496 [0] NCCL INFO threadThresholds 8/8/64 | 448/8/64 | 8/8/512
ip-0A230414:4283:4494 [1] NCCL INFO init.cc:765 -> 2
ip-0A230414:4280:4497 [3] NCCL INFO init.cc:765 -> 2
ip-0A230414:4280:4497 [3] NCCL INFO threadThresholds 8/8/64 | 448/8/64 | 8/8/512
ip-0A230414:4284:4492 [4] NCCL INFO init.cc:765 -> 2
ip-0A230414:4284:4492 [4] NCCL INFO threadThresholds 8/8/64 | 448/8/64 | 8/8/512
ip-0A230414:4282:4495 [5] NCCL INFO init.cc:765 -> 2
ip-0A230414:4282:4495 [5] NCCL INFO threadThresholds 8/8/64 | 448/8/64 | 8/8/512
ip-0A230414:4279:4493 [6] NCCL INFO init.cc:765 -> 2
ip-0A230414:4279:4493 [6] NCCL INFO threadThresholds 8/8/64 | 448/8/64 | 8/8/512
ip-0A230414:4283:4494 [1] NCCL INFO threadThresholds 8/8/64 | 448/8/64 | 8/8/512

ip-0A230406:60513:60716 [0] transport.cc:253 NCCL WARN Cannot initialize CollNet, using point-to-point network instead
ip-0A230406:60513:60716 [0] NCCL INFO init.cc:765 -> 2
ip-0A230406:60514:60717 [1] NCCL INFO init.cc:765 -> 2
ip-0A230406:60511:60719 [2] NCCL INFO init.cc:765 -> 2
ip-0A230406:60513:60716 [0] NCCL INFO threadThresholds 8/8/64 | 448/8/64 | 8/8/512
ip-0A230406:60514:60717 [1] NCCL INFO threadThresholds 8/8/64 | 448/8/64 | 8/8/512
ip-0A230406:60516:60715 [4] NCCL INFO init.cc:765 -> 2
ip-0A230406:60511:60719 [2] NCCL INFO threadThresholds 8/8/64 | 448/8/64 | 8/8/512
ip-0A230406:60512:60718 [3] NCCL INFO init.cc:765 -> 2
ip-0A230406:60516:60715 [4] NCCL INFO threadThresholds 8/8/64 | 448/8/64 | 8/8/512
ip-0A230406:60517:60721 [5] NCCL INFO init.cc:765 -> 2
ip-0A230406:60512:60718 [3] NCCL INFO threadThresholds 8/8/64 | 448/8/64 | 8/8/512
ip-0A230406:60517:60721 [5] NCCL INFO threadThresholds 8/8/64 | 448/8/64 | 8/8/512
ip-0A230406:60515:60714 [6] NCCL INFO init.cc:765 -> 2
ip-0A230406:60515:60714 [6] NCCL INFO threadThresholds 8/8/64 | 448/8/64 | 8/8/512
ip-0A230408:78301:78517 [0] NCCL INFO 24 coll channels, 32 p2p channels, 2 p2p channels per peer
ip-0A230412:17821:18021 [0] NCCL INFO 24 coll channels, 32 p2p channels, 2 p2p channels per peer
ip-0A230408:78307:78515 [7] NCCL INFO 24 coll channels, 32 p2p channels, 2 p2p channels per peer
ip-0A230406:60513:60716 [0] NCCL INFO 24 coll channels, 32 p2p channels, 2 p2p channels per peer
ip-0A230408:78303:78512 [1] NCCL INFO 24 coll channels, 32 p2p channels, 2 p2p channels per peer
ip-0A230408:78304:78518 [6] NCCL INFO 24 coll channels, 32 p2p channels, 2 p2p channels per peer
ip-0A230408:78309:78519 [2] NCCL INFO 24 coll channels, 32 p2p channels, 2 p2p channels per peer
ip-0A230408:78305:78514 [3] NCCL INFO 24 coll channels, 32 p2p channels, 2 p2p channels per peer
ip-0A230408:78302:78516 [4] NCCL INFO 24 coll channels, 32 p2p channels, 2 p2p channels per peer
