ip-0A23040D:90605:90803 [0] NCCL INFO Channel 09/24 :    0   9  15  14  13  12  11  10   8  17  23  22  21  20  19  18  16  25  31  30
ip-0A23040D:90605:90803 [0] NCCL INFO Channel 10/24 :    0   7   6   5   4   3  10   9   8  15  14  13  12  11  18  17  16  23  22  21
ip-0A23040D:90605:90803 [0] NCCL INFO Channel 11/24 :    0   7   6   5   4   2  11   9   8  15  14  13  12  10  19  17  16  23  22  21
ip-0A23040D:90605:90803 [0] NCCL INFO Channel 12/24 :    0   7   6   5  12  11  10   9   8  15  14  13  20  19  18  17  16  23  22  21
ip-0A230408:11855:12067 [2] NCCL INFO Trees [0] 51/-1/-1->50->49 [1] 51/-1/-1->50->48 [2] 51/-1/-1->50->34 [3] 52/43/-1->50->51 [4] 51/-1/-1->50->49 [5] 51/-1/-1->50->49 [6] 51/-1/-1->50->49 [7] 51/-1/-1->50->49 [8] 51/-1/-1->50->49 [9] 51/-1/-1->50->48 [10] 51/-1/-1->50->3 [11] 52/-1/-1->50->51 [12] 51/-1/-1->50->49 [13] 51/-1/-1->50->49 [14] 51/-1/-1->50->49 [15] 51/-1/-1->50->49 [16] 51/-1/-1->50->49 [17] 51/-1/-1->50->48 [18] 51/-1/-1->50->34 [19] 52/43/-1->50->51 [20] 51/-1/-1->50->49 [21] 51/-1/-1->50->49 [22] 51/-1/-1->50->49 [23] 51/-1/-1->50->49
ip-0A230408:11859:12069 [3] NCCL INFO Trees [0] 52/-1/-1->51->50 [1] 52/-1/-1->51->50 [2] 52/42/-1->51->50 [3] 50/-1/-1->51->35 [4] -1/-1/-1->51->50 [5] -1/-1/-1->51->50 [6] 52/-1/-1->51->50 [7] 52/-1/-1->51->50 [8] 52/-1/-1->51->50 [9] 52/-1/-1->51->50 [10] 52/-1/-1->51->50 [11] 50/-1/-1->51->2 [12] -1/-1/-1->51->50 [13] -1/-1/-1->51->50 [14] 52/-1/-1->51->50 [15] 52/-1/-1->51->50 [16] 52/-1/-1->51->50 [17] 52/-1/-1->51->50 [18] 52/42/-1->51->50 [19] 50/-1/-1->51->35 [20] -1/-1/-1->51->50 [21] -1/-1/-1->51->50 [22] 52/-1/-1->51->50 [23] 52/-1/-1->51->50
ip-0A230408:11858:12068 [4] NCCL INFO Trees [0] 53/-1/-1->52->51 [1] 53/-1/-1->52->51 [2] 53/-1/-1->52->51 [3] 53/-1/-1->52->50 [4] 53/-1/-1->52->36 [5] 54/45/-1->52->53 [6] 53/-1/-1->52->51 [7] 53/-1/-1->52->51 [8] 53/-1/-1->52->51 [9] 53/-1/-1->52->51 [10] 53/-1/-1->52->51 [11] 53/-1/-1->52->50 [12] 53/-1/-1->52->5 [13] 54/-1/-1->52->53 [14] 53/-1/-1->52->51 [15] 53/-1/-1->52->51 [16] 53/-1/-1->52->51 [17] 53/-1/-1->52->51 [18] 53/-1/-1->52->51 [19] 53/-1/-1->52->50 [20] 53/-1/-1->52->36 [21] 54/45/-1->52->53 [22] 53/-1/-1->52->51 [23] 53/-1/-1->52->51
ip-0A230408:11857:12070 [5] NCCL INFO Trees [0] 54/-1/-1->53->52 [1] 54/-1/-1->53->52 [2] 54/-1/-1->53->52 [3] 54/-1/-1->53->52 [4] 54/44/-1->53->52 [5] 52/-1/-1->53->37 [6] -1/-1/-1->53->52 [7] -1/-1/-1->53->52 [8] 54/-1/-1->53->52 [9] 54/-1/-1->53->52 [10] 54/-1/-1->53->52 [11] 54/-1/-1->53->52 [12] 54/-1/-1->53->52 [13] 52/-1/-1->53->4 [14] -1/-1/-1->53->52 [15] -1/-1/-1->53->52 [16] 54/-1/-1->53->52 [17] 54/-1/-1->53->52 [18] 54/-1/-1->53->52 [19] 54/-1/-1->53->52 [20] 54/44/-1->53->52 [21] 52/-1/-1->53->37 [22] -1/-1/-1->53->52 [23] -1/-1/-1->53->52
ip-0A230408:11862:12065 [6] NCCL INFO Trees [0] 55/-1/-1->54->53 [1] 55/-1/-1->54->53 [2] 55/-1/-1->54->53 [3] 55/-1/-1->54->53 [4] 55/-1/-1->54->53 [5] 55/-1/-1->54->52 [6] 55/-1/-1->54->38 [7] 48/47/-1->54->55 [8] 55/-1/-1->54->53 [9] 55/-1/-1->54->53 [10] 55/-1/-1->54->53 [11] 55/-1/-1->54->53 [12] 55/-1/-1->54->53 [13] 55/-1/-1->54->52 [14] 55/-1/-1->54->7 [15] 48/-1/-1->54->55 [16] 55/-1/-1->54->53 [17] 55/-1/-1->54->53 [18] 55/-1/-1->54->53 [19] 55/-1/-1->54->53 [20] 55/-1/-1->54->53 [21] 55/-1/-1->54->52 [22] 55/-1/-1->54->38 [23] 48/47/-1->54->55
ip-0A230408:11856:12072 [7] NCCL INFO Trees [0] -1/-1/-1->55->54 [1] -1/-1/-1->55->54 [2] 48/-1/-1->55->54 [3] 48/-1/-1->55->54 [4] 48/-1/-1->55->54 [5] 48/-1/-1->55->54 [6] 48/46/-1->55->54 [7] 54/-1/-1->55->39 [8] -1/-1/-1->55->54 [9] -1/-1/-1->55->54 [10] 48/-1/-1->55->54 [11] 48/-1/-1->55->54 [12] 48/-1/-1->55->54 [13] 48/-1/-1->55->54 [14] 48/-1/-1->55->54 [15] 54/-1/-1->55->6 [16] -1/-1/-1->55->54 [17] -1/-1/-1->55->54 [18] 48/-1/-1->55->54 [19] 48/-1/-1->55->54 [20] 48/-1/-1->55->54 [21] 48/-1/-1->55->54 [22] 48/46/-1->55->54 [23] 54/-1/-1->55->39
ip-0A230414:38088:38291 [5] NCCL INFO Trees [0] 30/-1/-1->29->28 [1] 30/-1/-1->29->28 [2] 30/-1/-1->29->28 [3] 30/-1/-1->29->28 [4] 30/-1/-1->29->28 [5] 28/-1/-1->29->21 [6] -1/-1/-1->29->28 [7] -1/-1/-1->29->28 [8] 30/-1/-1->29->28 [9] 30/-1/-1->29->28 [10] 30/-1/-1->29->28 [11] 30/-1/-1->29->28 [12] 30/20/-1->29->28 [13] 28/37/-1->29->44 [14] -1/-1/-1->29->28 [15] -1/-1/-1->29->28 [16] 30/-1/-1->29->28 [17] 30/-1/-1->29->28 [18] 30/-1/-1->29->28 [19] 30/-1/-1->29->28 [20] 30/-1/-1->29->28 [21] 28/-1/-1->29->21 [22] -1/-1/-1->29->28 [23] -1/-1/-1->29->28
ip-0A230417:41098:41304 [1] NCCL INFO Trees [0] 34/16/-1->33->32 [1] 32/49/-1->33->1 [2] -1/-1/-1->33->32 [3] -1/-1/-1->33->32 [4] 34/-1/-1->33->32 [5] 34/-1/-1->33->32 [6] 34/-1/-1->33->32 [7] 34/-1/-1->33->32 [8] 34/-1/-1->33->32 [9] 32/-1/-1->33->25 [10] -1/-1/-1->33->32 [11] -1/-1/-1->33->32 [12] 34/-1/-1->33->32 [13] 34/-1/-1->33->32 [14] 34/-1/-1->33->32 [15] 34/-1/-1->33->32 [16] 34/16/-1->33->32 [17] 32/49/-1->33->1 [18] -1/-1/-1->33->32 [19] -1/-1/-1->33->32 [20] 34/-1/-1->33->32 [21] 34/-1/-1->33->32 [22] 34/-1/-1->33->32 [23] 34/-1/-1->33->32
ip-0A230414:38085:38290 [7] NCCL INFO Trees [0] -1/-1/-1->31->30 [1] -1/-1/-1->31->30 [2] 24/-1/-1->31->30 [3] 24/-1/-1->31->30 [4] 24/-1/-1->31->30 [5] 24/-1/-1->31->30 [6] 24/-1/-1->31->30 [7] 30/-1/-1->31->23 [8] -1/-1/-1->31->30 [9] -1/-1/-1->31->30 [10] 24/-1/-1->31->30 [11] 24/-1/-1->31->30 [12] 24/-1/-1->31->30 [13] 24/-1/-1->31->30 [14] 24/22/-1->31->30 [15] 30/39/-1->31->46 [16] -1/-1/-1->31->30 [17] -1/-1/-1->31->30 [18] 24/-1/-1->31->30 [19] 24/-1/-1->31->30 [20] 24/-1/-1->31->30 [21] 24/-1/-1->31->30 [22] 24/-1/-1->31->30 [23] 30/-1/-1->31->23
ip-0A230414:38083:38292 [6] NCCL INFO Trees [0] 31/-1/-1->30->29 [1] 31/-1/-1->30->29 [2] 31/-1/-1->30->29 [3] 31/-1/-1->30->29 [4] 31/-1/-1->30->29 [5] 31/-1/-1->30->28 [6] 31/-1/-1->30->22 [7] 24/-1/-1->30->31 [8] 31/-1/-1->30->29 [9] 31/-1/-1->30->29 [10] 31/-1/-1->30->29 [11] 31/-1/-1->30->29 [12] 31/-1/-1->30->29 [13] 31/-1/-1->30->28 [14] 31/38/-1->30->47 [15] 24/23/-1->30->31 [16] 31/-1/-1->30->29 [17] 31/-1/-1->30->29 [18] 31/-1/-1->30->29 [19] 31/-1/-1->30->29 [20] 31/-1/-1->30->29 [21] 31/-1/-1->30->28 [22] 31/-1/-1->30->22 [23] 24/-1/-1->30->31
ip-0A230414:38084:38294 [2] NCCL INFO Trees [0] 27/-1/-1->26->25 [1] 27/-1/-1->26->24 [2] 27/-1/-1->26->18 [3] 28/-1/-1->26->27 [4] 27/-1/-1->26->25 [5] 27/-1/-1->26->25 [6] 27/-1/-1->26->25 [7] 27/-1/-1->26->25 [8] 27/-1/-1->26->25 [9] 27/-1/-1->26->24 [10] 27/34/-1->26->43 [11] 28/19/-1->26->27 [12] 27/-1/-1->26->25 [13] 27/-1/-1->26->25 [14] 27/-1/-1->26->25 [15] 27/-1/-1->26->25 [16] 27/-1/-1->26->25 [17] 27/-1/-1->26->24 [18] 27/-1/-1->26->18 [19] 28/-1/-1->26->27 [20] 27/-1/-1->26->25 [21] 27/-1/-1->26->25 [22] 27/-1/-1->26->25 [23] 27/-1/-1->26->25
ip-0A230414:38082:38288 [3] NCCL INFO Trees [0] 28/-1/-1->27->26 [1] 28/-1/-1->27->26 [2] 28/-1/-1->27->26 [3] 26/-1/-1->27->19 [4] -1/-1/-1->27->26 [5] -1/-1/-1->27->26 [6] 28/-1/-1->27->26 [7] 28/-1/-1->27->26 [8] 28/-1/-1->27->26 [9] 28/-1/-1->27->26 [10] 28/18/-1->27->26 [11] 26/35/-1->27->42 [12] -1/-1/-1->27->26 [13] -1/-1/-1->27->26 [14] 28/-1/-1->27->26 [15] 28/-1/-1->27->26 [16] 28/-1/-1->27->26 [17] 28/-1/-1->27->26 [18] 28/-1/-1->27->26 [19] 26/-1/-1->27->19 [20] -1/-1/-1->27->26 [21] -1/-1/-1->27->26 [22] 28/-1/-1->27->26 [23] 28/-1/-1->27->26
ip-0A23040F:57282:57492 [0] NCCL INFO Trees [0] 9/-1/-1->8->17 [1] 10/-1/-1->8->9 [2] 9/-1/-1->8->15 [3] 9/-1/-1->8->15 [4] 9/-1/-1->8->15 [5] 9/-1/-1->8->15 [6] 9/-1/-1->8->15 [7] 9/-1/-1->8->14 [8] 9/40/-1->8->-1 [9] 10/-1/-1->8->9 [10] 9/-1/-1->8->15 [11] 9/-1/-1->8->15 [12] 9/-1/-1->8->15 [13] 9/-1/-1->8->15 [14] 9/-1/-1->8->15 [15] 9/-1/-1->8->14 [16] 9/-1/-1->8->17 [17] 10/-1/-1->8->9 [18] 9/-1/-1->8->15 [19] 9/-1/-1->8->15 [20] 9/-1/-1->8->15 [21] 9/-1/-1->8->15 [22] 9/-1/-1->8->15 [23] 9/-1/-1->8->14
ip-0A230412:50815:51024 [3] NCCL INFO Trees [0] 20/-1/-1->19->18 [1] 20/-1/-1->19->18 [2] 20/10/-1->19->18 [3] 18/27/-1->19->34 [4] -1/-1/-1->19->18 [5] -1/-1/-1->19->18 [6] 20/-1/-1->19->18 [7] 20/-1/-1->19->18 [8] 20/-1/-1->19->18 [9] 20/-1/-1->19->18 [10] 20/-1/-1->19->18 [11] 18/-1/-1->19->26 [12] -1/-1/-1->19->18 [13] -1/-1/-1->19->18 [14] 20/-1/-1->19->18 [15] 20/-1/-1->19->18 [16] 20/-1/-1->19->18 [17] 20/-1/-1->19->18 [18] 20/10/-1->19->18 [19] 18/27/-1->19->34 [20] -1/-1/-1->19->18 [21] -1/-1/-1->19->18 [22] 20/-1/-1->19->18 [23] 20/-1/-1->19->18
ip-0A230414:38087:38293 [4] NCCL INFO Trees [0] 29/-1/-1->28->27 [1] 29/-1/-1->28->27 [2] 29/-1/-1->28->27 [3] 29/-1/-1->28->26 [4] 29/-1/-1->28->20 [5] 30/-1/-1->28->29 [6] 29/-1/-1->28->27 [7] 29/-1/-1->28->27 [8] 29/-1/-1->28->27 [9] 29/-1/-1->28->27 [10] 29/-1/-1->28->27 [11] 29/-1/-1->28->26 [12] 29/36/-1->28->45 [13] 30/21/-1->28->29 [14] 29/-1/-1->28->27 [15] 29/-1/-1->28->27 [16] 29/-1/-1->28->27 [17] 29/-1/-1->28->27 [18] 29/-1/-1->28->27 [19] 29/-1/-1->28->26 [20] 29/-1/-1->28->20 [21] 30/-1/-1->28->29 [22] 29/-1/-1->28->27 [23] 29/-1/-1->28->27
ip-0A23040F:57281:57485 [6] NCCL INFO Trees [0] 15/-1/-1->14->13 [1] 15/-1/-1->14->13 [2] 15/-1/-1->14->13 [3] 15/-1/-1->14->13 [4] 15/-1/-1->14->13 [5] 15/-1/-1->14->12 [6] 15/-1/-1->14->23 [7] 8/-1/-1->14->15 [8] 15/-1/-1->14->13 [9] 15/-1/-1->14->13 [10] 15/-1/-1->14->13 [11] 15/-1/-1->14->13 [12] 15/-1/-1->14->13 [13] 15/-1/-1->14->12 [14] 15/46/-1->14->-1 [15] 8/-1/-1->14->15 [16] 15/-1/-1->14->13 [17] 15/-1/-1->14->13 [18] 15/-1/-1->14->13 [19] 15/-1/-1->14->13 [20] 15/-1/-1->14->13 [21] 15/-1/-1->14->12 [22] 15/-1/-1->14->23 [23] 8/-1/-1->14->15
ip-0A230412:50812:51028 [4] NCCL INFO Trees [0] 21/-1/-1->20->19 [1] 21/-1/-1->20->19 [2] 21/-1/-1->20->19 [3] 21/-1/-1->20->18 [4] 21/28/-1->20->37 [5] 22/13/-1->20->21 [6] 21/-1/-1->20->19 [7] 21/-1/-1->20->19 [8] 21/-1/-1->20->19 [9] 21/-1/-1->20->19 [10] 21/-1/-1->20->19 [11] 21/-1/-1->20->18 [12] 21/-1/-1->20->29 [13] 22/-1/-1->20->21 [14] 21/-1/-1->20->19 [15] 21/-1/-1->20->19 [16] 21/-1/-1->20->19 [17] 21/-1/-1->20->19 [18] 21/-1/-1->20->19 [19] 21/-1/-1->20->18 [20] 21/28/-1->20->37 [21] 22/13/-1->20->21 [22] 21/-1/-1->20->19 [23] 21/-1/-1->20->19
ip-0A230417:41103:41305 [0] NCCL INFO Trees [0] 33/48/-1->32->0 [1] 34/17/-1->32->33 [2] 33/-1/-1->32->39 [3] 33/-1/-1->32->39 [4] 33/-1/-1->32->39 [5] 33/-1/-1->32->39 [6] 33/-1/-1->32->39 [7] 33/-1/-1->32->38 [8] 33/-1/-1->32->24 [9] 34/-1/-1->32->33 [10] 33/-1/-1->32->39 [11] 33/-1/-1->32->39 [12] 33/-1/-1->32->39 [13] 33/-1/-1->32->39 [14] 33/-1/-1->32->39 [15] 33/-1/-1->32->38 [16] 33/48/-1->32->0 [17] 34/17/-1->32->33 [18] 33/-1/-1->32->39 [19] 33/-1/-1->32->39 [20] 33/-1/-1->32->39 [21] 33/-1/-1->32->39 [22] 33/-1/-1->32->39 [23] 33/-1/-1->32->38
ip-0A230414:38086:38289 [0] NCCL INFO Trees [0] 25/-1/-1->24->16 [1] 26/-1/-1->24->25 [2] 25/-1/-1->24->31 [3] 25/-1/-1->24->31 [4] 25/-1/-1->24->31 [5] 25/-1/-1->24->31 [6] 25/-1/-1->24->31 [7] 25/-1/-1->24->30 [8] 25/32/-1->24->41 [9] 26/17/-1->24->25 [10] 25/-1/-1->24->31 [11] 25/-1/-1->24->31 [12] 25/-1/-1->24->31 [13] 25/-1/-1->24->31 [14] 25/-1/-1->24->31 [15] 25/-1/-1->24->30 [16] 25/-1/-1->24->16 [17] 26/-1/-1->24->25 [18] 25/-1/-1->24->31 [19] 25/-1/-1->24->31 [20] 25/-1/-1->24->31 [21] 25/-1/-1->24->31 [22] 25/-1/-1->24->31 [23] 25/-1/-1->24->30
ip-0A23040F:57301:57490 [7] NCCL INFO Trees [0] -1/-1/-1->15->14 [1] -1/-1/-1->15->14 [2] 8/-1/-1->15->14 [3] 8/-1/-1->15->14 [4] 8/-1/-1->15->14 [5] 8/-1/-1->15->14 [6] 8/-1/-1->15->14 [7] 14/-1/-1->15->22 [8] -1/-1/-1->15->14 [9] -1/-1/-1->15->14 [10] 8/-1/-1->15->14 [11] 8/-1/-1->15->14 [12] 8/-1/-1->15->14 [13] 8/-1/-1->15->14 [14] 8/-1/-1->15->14 [15] 14/47/-1->15->-1 [16] -1/-1/-1->15->14 [17] -1/-1/-1->15->14 [18] 8/-1/-1->15->14 [19] 8/-1/-1->15->14 [20] 8/-1/-1->15->14 [21] 8/-1/-1->15->14 [22] 8/-1/-1->15->14 [23] 14/-1/-1->15->22
ip-0A230412:50814:51023 [5] NCCL INFO Trees [0] 22/-1/-1->21->20 [1] 22/-1/-1->21->20 [2] 22/-1/-1->21->20 [3] 22/-1/-1->21->20 [4] 22/12/-1->21->20 [5] 20/29/-1->21->36 [6] -1/-1/-1->21->20 [7] -1/-1/-1->21->20 [8] 22/-1/-1->21->20 [9] 22/-1/-1->21->20 [10] 22/-1/-1->21->20 [11] 22/-1/-1->21->20 [12] 22/-1/-1->21->20 [13] 20/-1/-1->21->28 [14] -1/-1/-1->21->20 [15] -1/-1/-1->21->20 [16] 22/-1/-1->21->20 [17] 22/-1/-1->21->20 [18] 22/-1/-1->21->20 [19] 22/-1/-1->21->20 [20] 22/12/-1->21->20 [21] 20/29/-1->21->36 [22] -1/-1/-1->21->20 [23] -1/-1/-1->21->20
ip-0A230414:38089:38295 [1] NCCL INFO Trees [0] 26/-1/-1->25->24 [1] 24/-1/-1->25->17 [2] -1/-1/-1->25->24 [3] -1/-1/-1->25->24 [4] 26/-1/-1->25->24 [5] 26/-1/-1->25->24 [6] 26/-1/-1->25->24 [7] 26/-1/-1->25->24 [8] 26/16/-1->25->24 [9] 24/33/-1->25->40 [10] -1/-1/-1->25->24 [11] -1/-1/-1->25->24 [12] 26/-1/-1->25->24 [13] 26/-1/-1->25->24 [14] 26/-1/-1->25->24 [15] 26/-1/-1->25->24 [16] 26/-1/-1->25->24 [17] 24/-1/-1->25->17 [18] -1/-1/-1->25->24 [19] -1/-1/-1->25->24 [20] 26/-1/-1->25->24 [21] 26/-1/-1->25->24 [22] 26/-1/-1->25->24 [23] 26/-1/-1->25->24
ip-0A23040F:57278:57486 [1] NCCL INFO Trees [0] 10/-1/-1->9->8 [1] 8/-1/-1->9->16 [2] -1/-1/-1->9->8 [3] -1/-1/-1->9->8 [4] 10/-1/-1->9->8 [5] 10/-1/-1->9->8 [6] 10/-1/-1->9->8 [7] 10/-1/-1->9->8 [8] 10/-1/-1->9->8 [9] 8/41/-1->9->-1 [10] -1/-1/-1->9->8 [11] -1/-1/-1->9->8 [12] 10/-1/-1->9->8 [13] 10/-1/-1->9->8 [14] 10/-1/-1->9->8 [15] 10/-1/-1->9->8 [16] 10/-1/-1->9->8 [17] 8/-1/-1->9->16 [18] -1/-1/-1->9->8 [19] -1/-1/-1->9->8 [20] 10/-1/-1->9->8 [21] 10/-1/-1->9->8 [22] 10/-1/-1->9->8 [23] 10/-1/-1->9->8
ip-0A230412:50809:51026 [6] NCCL INFO Trees [0] 23/-1/-1->22->21 [1] 23/-1/-1->22->21 [2] 23/-1/-1->22->21 [3] 23/-1/-1->22->21 [4] 23/-1/-1->22->21 [5] 23/-1/-1->22->20 [6] 23/30/-1->22->39 [7] 16/15/-1->22->23 [8] 23/-1/-1->22->21 [9] 23/-1/-1->22->21 [10] 23/-1/-1->22->21 [11] 23/-1/-1->22->21 [12] 23/-1/-1->22->21 [13] 23/-1/-1->22->20 [14] 23/-1/-1->22->31 [15] 16/-1/-1->22->23 [16] 23/-1/-1->22->21 [17] 23/-1/-1->22->21 [18] 23/-1/-1->22->21 [19] 23/-1/-1->22->21 [20] 23/-1/-1->22->21 [21] 23/-1/-1->22->20 [22] 23/30/-1->22->39 [23] 16/15/-1->22->23
ip-0A23040F:57280:57489 [2] NCCL INFO Trees [0] 11/-1/-1->10->9 [1] 11/-1/-1->10->8 [2] 11/-1/-1->10->19 [3] 12/-1/-1->10->11 [4] 11/-1/-1->10->9 [5] 11/-1/-1->10->9 [6] 11/-1/-1->10->9 [7] 11/-1/-1->10->9 [8] 11/-1/-1->10->9 [9] 11/-1/-1->10->8 [10] 11/42/-1->10->-1 [11] 12/-1/-1->10->11 [12] 11/-1/-1->10->9 [13] 11/-1/-1->10->9 [14] 11/-1/-1->10->9 [15] 11/-1/-1->10->9 [16] 11/-1/-1->10->9 [17] 11/-1/-1->10->8 [18] 11/-1/-1->10->19 [19] 12/-1/-1->10->11 [20] 11/-1/-1->10->9 [21] 11/-1/-1->10->9 [22] 11/-1/-1->10->9 [23] 11/-1/-1->10->9
ip-0A230412:50811:51021 [7] NCCL INFO Trees [0] -1/-1/-1->23->22 [1] -1/-1/-1->23->22 [2] 16/-1/-1->23->22 [3] 16/-1/-1->23->22 [4] 16/-1/-1->23->22 [5] 16/-1/-1->23->22 [6] 16/14/-1->23->22 [7] 22/31/-1->23->38 [8] -1/-1/-1->23->22 [9] -1/-1/-1->23->22 [10] 16/-1/-1->23->22 [11] 16/-1/-1->23->22 [12] 16/-1/-1->23->22 [13] 16/-1/-1->23->22 [14] 16/-1/-1->23->22 [15] 22/-1/-1->23->30 [16] -1/-1/-1->23->22 [17] -1/-1/-1->23->22 [18] 16/-1/-1->23->22 [19] 16/-1/-1->23->22 [20] 16/-1/-1->23->22 [21] 16/-1/-1->23->22 [22] 16/14/-1->23->22 [23] 22/31/-1->23->38
ip-0A23040F:57286:57491 [3] NCCL INFO Trees [0] 12/-1/-1->11->10 [1] 12/-1/-1->11->10 [2] 12/-1/-1->11->10 [3] 10/-1/-1->11->18 [4] -1/-1/-1->11->10 [5] -1/-1/-1->11->10 [6] 12/-1/-1->11->10 [7] 12/-1/-1->11->10 [8] 12/-1/-1->11->10 [9] 12/-1/-1->11->10 [10] 12/-1/-1->11->10 [11] 10/43/-1->11->-1 [12] -1/-1/-1->11->10 [13] -1/-1/-1->11->10 [14] 12/-1/-1->11->10 [15] 12/-1/-1->11->10 [16] 12/-1/-1->11->10 [17] 12/-1/-1->11->10 [18] 12/-1/-1->11->10 [19] 10/-1/-1->11->18 [20] -1/-1/-1->11->10 [21] -1/-1/-1->11->10 [22] 12/-1/-1->11->10 [23] 12/-1/-1->11->10
ip-0A23040F:57284:57487 [4] NCCL INFO Trees [0] 13/-1/-1->12->11 [1] 13/-1/-1->12->11 [2] 13/-1/-1->12->11 [3] 13/-1/-1->12->10 [4] 13/-1/-1->12->21 [5] 14/-1/-1->12->13 [6] 13/-1/-1->12->11 [7] 13/-1/-1->12->11 [8] 13/-1/-1->12->11 [9] 13/-1/-1->12->11 [10] 13/-1/-1->12->11 [11] 13/-1/-1->12->10 [12] 13/44/-1->12->-1 [13] 14/-1/-1->12->13 [14] 13/-1/-1->12->11 [15] 13/-1/-1->12->11 [16] 13/-1/-1->12->11 [17] 13/-1/-1->12->11 [18] 13/-1/-1->12->11 [19] 13/-1/-1->12->10 [20] 13/-1/-1->12->21 [21] 14/-1/-1->12->13 [22] 13/-1/-1->12->11 [23] 13/-1/-1->12->11
ip-0A230412:50810:51027 [2] NCCL INFO Trees [0] 19/-1/-1->18->17 [1] 19/-1/-1->18->16 [2] 19/26/-1->18->35 [3] 20/11/-1->18->19 [4] 19/-1/-1->18->17 [5] 19/-1/-1->18->17 [6] 19/-1/-1->18->17 [7] 19/-1/-1->18->17 [8] 19/-1/-1->18->17 [9] 19/-1/-1->18->16 [10] 19/-1/-1->18->27 [11] 20/-1/-1->18->19 [12] 19/-1/-1->18->17 [13] 19/-1/-1->18->17 [14] 19/-1/-1->18->17 [15] 19/-1/-1->18->17 [16] 19/-1/-1->18->17 [17] 19/-1/-1->18->16 [18] 19/26/-1->18->35 [19] 20/11/-1->18->19 [20] 19/-1/-1->18->17 [21] 19/-1/-1->18->17 [22] 19/-1/-1->18->17 [23] 19/-1/-1->18->17
ip-0A23040F:57279:57488 [5] NCCL INFO Trees [0] 14/-1/-1->13->12 [1] 14/-1/-1->13->12 [2] 14/-1/-1->13->12 [3] 14/-1/-1->13->12 [4] 14/-1/-1->13->12 [5] 12/-1/-1->13->20 [6] -1/-1/-1->13->12 [7] -1/-1/-1->13->12 [8] 14/-1/-1->13->12 [9] 14/-1/-1->13->12 [10] 14/-1/-1->13->12 [11] 14/-1/-1->13->12 [12] 14/-1/-1->13->12 [13] 12/45/-1->13->-1 [14] -1/-1/-1->13->12 [15] -1/-1/-1->13->12 [16] 14/-1/-1->13->12 [17] 14/-1/-1->13->12 [18] 14/-1/-1->13->12 [19] 14/-1/-1->13->12 [20] 14/-1/-1->13->12 [21] 12/-1/-1->13->20 [22] -1/-1/-1->13->12 [23] -1/-1/-1->13->12
ip-0A230412:50808:51022 [0] NCCL INFO Trees [0] 17/24/-1->16->33 [1] 18/9/-1->16->17 [2] 17/-1/-1->16->23 [3] 17/-1/-1->16->23 [4] 17/-1/-1->16->23 [5] 17/-1/-1->16->23 [6] 17/-1/-1->16->23 [7] 17/-1/-1->16->22 [8] 17/-1/-1->16->25 [9] 18/-1/-1->16->17 [10] 17/-1/-1->16->23 [11] 17/-1/-1->16->23 [12] 17/-1/-1->16->23 [13] 17/-1/-1->16->23 [14] 17/-1/-1->16->23 [15] 17/-1/-1->16->22 [16] 17/24/-1->16->33 [17] 18/9/-1->16->17 [18] 17/-1/-1->16->23 [19] 17/-1/-1->16->23 [20] 17/-1/-1->16->23 [21] 17/-1/-1->16->23 [22] 17/-1/-1->16->23 [23] 17/-1/-1->16->22
ip-0A230412:50813:51025 [1] NCCL INFO Trees [0] 18/8/-1->17->16 [1] 16/25/-1->17->32 [2] -1/-1/-1->17->16 [3] -1/-1/-1->17->16 [4] 18/-1/-1->17->16 [5] 18/-1/-1->17->16 [6] 18/-1/-1->17->16 [7] 18/-1/-1->17->16 [8] 18/-1/-1->17->16 [9] 16/-1/-1->17->24 [10] -1/-1/-1->17->16 [11] -1/-1/-1->17->16 [12] 18/-1/-1->17->16 [13] 18/-1/-1->17->16 [14] 18/-1/-1->17->16 [15] 18/-1/-1->17->16 [16] 18/8/-1->17->16 [17] 16/25/-1->17->32 [18] -1/-1/-1->17->16 [19] -1/-1/-1->17->16 [20] 18/-1/-1->17->16 [21] 18/-1/-1->17->16 [22] 18/-1/-1->17->16 [23] 18/-1/-1->17->16
ip-0A23040D:90600:90802 [1] NCCL INFO Trees [0] 2/-1/-1->1->0 [1] 0/33/-1->1->-1 [2] -1/-1/-1->1->0 [3] -1/-1/-1->1->0 [4] 2/-1/-1->1->0 [5] 2/-1/-1->1->0 [6] 2/-1/-1->1->0 [7] 2/-1/-1->1->0 [8] 2/48/-1->1->0 [9] 0/-1/-1->1->41 [10] -1/-1/-1->1->0 [11] -1/-1/-1->1->0 [12] 2/-1/-1->1->0 [13] 2/-1/-1->1->0 [14] 2/-1/-1->1->0 [15] 2/-1/-1->1->0 [16] 2/-1/-1->1->0 [17] 0/33/-1->1->-1 [18] -1/-1/-1->1->0 [19] -1/-1/-1->1->0 [20] 2/-1/-1->1->0 [21] 2/-1/-1->1->0 [22] 2/-1/-1->1->0 [23] 2/-1/-1->1->0
ip-0A23040D:90605:90803 [0] NCCL INFO Channel 13/24 :    0   7   6   4  13  11  10   9   8  15  14  12  21  19  18  17  16  23  22  20
ip-0A23040D:90605:90803 [0] NCCL INFO Channel 14/24 :    0   7  14  13  12  11  10   9   8  15  22  21  20  19  18  17  16  23  30  29
ip-0A23040D:90605:90803 [0] NCCL INFO Channel 15/24 :    0   6  15  13  12  11  10   9   8  14  23  21  20  19  18  17  16  22  31  29
ip-0A23040D:90605:90803 [0] NCCL INFO Channel 16/24 :    0   7   6   5   4   3   2   1   8  15  14  13  12  11  10   9  16  23  22  21
ip-0A23040D:90601:90809 [3] NCCL INFO Trees [0] 4/-1/-1->3->2 [1] 4/-1/-1->3->2 [2] 4/-1/-1->3->2 [3] 2/35/-1->3->-1 [4] -1/-1/-1->3->2 [5] -1/-1/-1->3->2 [6] 4/-1/-1->3->2 [7] 4/-1/-1->3->2 [8] 4/-1/-1->3->2 [9] 4/-1/-1->3->2 [10] 4/50/-1->3->2 [11] 2/-1/-1->3->43 [12] -1/-1/-1->3->2 [13] -1/-1/-1->3->2 [14] 4/-1/-1->3->2 [15] 4/-1/-1->3->2 [16] 4/-1/-1->3->2 [17] 4/-1/-1->3->2 [18] 4/-1/-1->3->2 [19] 2/35/-1->3->-1 [20] -1/-1/-1->3->2 [21] -1/-1/-1->3->2 [22] 4/-1/-1->3->2 [23] 4/-1/-1->3->2
ip-0A23040D:90599:90807 [4] NCCL INFO Trees [0] 5/-1/-1->4->3 [1] 5/-1/-1->4->3 [2] 5/-1/-1->4->3 [3] 5/-1/-1->4->2 [4] 5/36/-1->4->-1 [5] 6/-1/-1->4->5 [6] 5/-1/-1->4->3 [7] 5/-1/-1->4->3 [8] 5/-1/-1->4->3 [9] 5/-1/-1->4->3 [10] 5/-1/-1->4->3 [11] 5/-1/-1->4->2 [12] 5/-1/-1->4->44 [13] 6/53/-1->4->5 [14] 5/-1/-1->4->3 [15] 5/-1/-1->4->3 [16] 5/-1/-1->4->3 [17] 5/-1/-1->4->3 [18] 5/-1/-1->4->3 [19] 5/-1/-1->4->2 [20] 5/36/-1->4->-1 [21] 6/-1/-1->4->5 [22] 5/-1/-1->4->3 [23] 5/-1/-1->4->3
ip-0A23040D:90605:90803 [0] NCCL INFO Channel 17/24 :    0   9  15  14  13  12  11  10   8  17  23  22  21  20  19  18  16  25  31  30
ip-0A23040D:90605:90803 [0] NCCL INFO Channel 18/24 :    0   7   6   5   4   3  10   9   8  15  14  13  12  11  18  17  16  23  22  21
ip-0A23040D:90605:90803 [0] NCCL INFO Channel 19/24 :    0   7   6   5   4   2  11   9   8  15  14  13  12  10  19  17  16  23  22  21
ip-0A23040D:90605:90803 [0] NCCL INFO Channel 20/24 :    0   7   6   5  12  11  10   9   8  15  14  13  20  19  18  17  16  23  22  21
ip-0A23040D:90605:90803 [0] NCCL INFO Channel 21/24 :    0   7   6   4  13  11  10   9   8  15  14  12  21  19  18  17  16  23  22  20
ip-0A23040D:90605:90803 [0] NCCL INFO Channel 22/24 :    0   7  14  13  12  11  10   9   8  15  22  21  20  19  18  17  16  23  30  29
ip-0A23040D:90605:90803 [0] NCCL INFO Channel 23/24 :    0   6  15  13  12  11  10   9   8  14  23  21  20  19  18  17  16  22  31  29
ip-0A23040D:90605:90803 [0] NCCL INFO Trees [0] 1/32/-1->0->-1 [1] 2/-1/-1->0->1 [2] 1/-1/-1->0->7 [3] 1/-1/-1->0->7 [4] 1/-1/-1->0->7 [5] 1/-1/-1->0->7 [6] 1/-1/-1->0->7 [7] 1/-1/-1->0->6 [8] 1/-1/-1->0->40 [9] 2/49/-1->0->1 [10] 1/-1/-1->0->7 [11] 1/-1/-1->0->7 [12] 1/-1/-1->0->7 [13] 1/-1/-1->0->7 [14] 1/-1/-1->0->7 [15] 1/-1/-1->0->6 [16] 1/32/-1->0->-1 [17] 2/-1/-1->0->1 [18] 1/-1/-1->0->7 [19] 1/-1/-1->0->7 [20] 1/-1/-1->0->7 [21] 1/-1/-1->0->7 [22] 1/-1/-1->0->7 [23] 1/-1/-1->0->6
ip-0A23040D:90602:90805 [6] NCCL INFO Trees [0] 7/-1/-1->6->5 [1] 7/-1/-1->6->5 [2] 7/-1/-1->6->5 [3] 7/-1/-1->6->5 [4] 7/-1/-1->6->5 [5] 7/-1/-1->6->4 [6] 7/38/-1->6->-1 [7] 0/-1/-1->6->7 [8] 7/-1/-1->6->5 [9] 7/-1/-1->6->5 [10] 7/-1/-1->6->5 [11] 7/-1/-1->6->5 [12] 7/-1/-1->6->5 [13] 7/-1/-1->6->4 [14] 7/-1/-1->6->46 [15] 0/55/-1->6->7 [16] 7/-1/-1->6->5 [17] 7/-1/-1->6->5 [18] 7/-1/-1->6->5 [19] 7/-1/-1->6->5 [20] 7/-1/-1->6->5 [21] 7/-1/-1->6->4 [22] 7/38/-1->6->-1 [23] 0/-1/-1->6->7
ip-0A23040D:90598:90804 [7] NCCL INFO Trees [0] -1/-1/-1->7->6 [1] -1/-1/-1->7->6 [2] 0/-1/-1->7->6 [3] 0/-1/-1->7->6 [4] 0/-1/-1->7->6 [5] 0/-1/-1->7->6 [6] 0/-1/-1->7->6 [7] 6/39/-1->7->-1 [8] -1/-1/-1->7->6 [9] -1/-1/-1->7->6 [10] 0/-1/-1->7->6 [11] 0/-1/-1->7->6 [12] 0/-1/-1->7->6 [13] 0/-1/-1->7->6 [14] 0/54/-1->7->6 [15] 6/-1/-1->7->47 [16] -1/-1/-1->7->6 [17] -1/-1/-1->7->6 [18] 0/-1/-1->7->6 [19] 0/-1/-1->7->6 [20] 0/-1/-1->7->6 [21] 0/-1/-1->7->6 [22] 0/-1/-1->7->6 [23] 6/39/-1->7->-1
ip-0A23040D:90604:90806 [5] NCCL INFO Trees [0] 6/-1/-1->5->4 [1] 6/-1/-1->5->4 [2] 6/-1/-1->5->4 [3] 6/-1/-1->5->4 [4] 6/-1/-1->5->4 [5] 4/37/-1->5->-1 [6] -1/-1/-1->5->4 [7] -1/-1/-1->5->4 [8] 6/-1/-1->5->4 [9] 6/-1/-1->5->4 [10] 6/-1/-1->5->4 [11] 6/-1/-1->5->4 [12] 6/52/-1->5->4 [13] 4/-1/-1->5->45 [14] -1/-1/-1->5->4 [15] -1/-1/-1->5->4 [16] 6/-1/-1->5->4 [17] 6/-1/-1->5->4 [18] 6/-1/-1->5->4 [19] 6/-1/-1->5->4 [20] 6/-1/-1->5->4 [21] 4/37/-1->5->-1 [22] -1/-1/-1->5->4 [23] -1/-1/-1->5->4
ip-0A230408:11861:12071 [0] NCCL INFO Channel 07 : 48[100000] -> 54[d00000] via P2P/IPC/read
ip-0A230414:38086:38289 [0] NCCL INFO Channel 07 : 24[100000] -> 30[d00000] via P2P/IPC/read
ip-0A230417:41103:41305 [0] NCCL INFO Channel 07 : 32[100000] -> 38[d00000] via P2P/IPC/read
ip-0A230406:91481:91688 [0] NCCL INFO Channel 07 : 40[100000] -> 46[d00000] via P2P/IPC/read
ip-0A23040F:57282:57492 [0] NCCL INFO Channel 07 : 8[100000] -> 14[d00000] via P2P/IPC/read
ip-0A230412:50808:51022 [0] NCCL INFO Channel 07 : 16[100000] -> 22[d00000] via P2P/IPC/read
ip-0A230417:41103:41305 [0] NCCL INFO Channel 15 : 32[100000] -> 38[d00000] via P2P/IPC/read
ip-0A230414:38086:38289 [0] NCCL INFO Channel 15 : 24[100000] -> 30[d00000] via P2P/IPC/read
ip-0A230406:91481:91688 [0] NCCL INFO Channel 15 : 40[100000] -> 46[d00000] via P2P/IPC/read
ip-0A23040F:57282:57492 [0] NCCL INFO Channel 15 : 8[100000] -> 14[d00000] via P2P/IPC/read
ip-0A230408:11861:12071 [0] NCCL INFO Channel 15 : 48[100000] -> 54[d00000] via P2P/IPC/read
ip-0A230412:50808:51022 [0] NCCL INFO Channel 15 : 16[100000] -> 22[d00000] via P2P/IPC/read
ip-0A230417:41103:41305 [0] NCCL INFO Channel 23 : 32[100000] -> 38[d00000] via P2P/IPC/read
ip-0A230414:38086:38289 [0] NCCL INFO Channel 23 : 24[100000] -> 30[d00000] via P2P/IPC/read
ip-0A230406:91481:91688 [0] NCCL INFO Channel 23 : 40[100000] -> 46[d00000] via P2P/IPC/read
ip-0A23040F:57282:57492 [0] NCCL INFO Channel 23 : 8[100000] -> 14[d00000] via P2P/IPC/read
ip-0A230412:50808:51022 [0] NCCL INFO Channel 23 : 16[100000] -> 22[d00000] via P2P/IPC/read
ip-0A230408:11861:12071 [0] NCCL INFO Channel 23 : 48[100000] -> 54[d00000] via P2P/IPC/read
ip-0A230408:11860:12066 [1] NCCL INFO Channel 01 : 49[200000] -> 55[e00000] via P2P/IPC/read
ip-0A230417:41099:41307 [2] NCCL INFO Channel 02/0 : 27[400000] -> 34[300000] [receive] via NET/IBext/2/GDRDMA
ip-0A230417:41099:41307 [2] NCCL INFO Channel 10/0 : 27[400000] -> 34[300000] [receive] via NET/IBext/2/GDRDMA
ip-0A230417:41099:41307 [2] NCCL INFO Channel 18/0 : 27[400000] -> 34[300000] [receive] via NET/IBext/2/GDRDMA
ip-0A230417:41101:41308 [3] NCCL INFO Channel 02/0 : 35[400000] -> 42[300000] [send] via NET/IBext/2/GDRDMA
ip-0A230417:41101:41308 [3] NCCL INFO Channel 10/0 : 35[400000] -> 42[300000] [send] via NET/IBext/2/GDRDMA
ip-0A230417:41101:41308 [3] NCCL INFO Channel 18/0 : 35[400000] -> 42[300000] [send] via NET/IBext/2/GDRDMA
ip-0A230417:41098:41304 [1] NCCL INFO Channel 01 : 33[200000] -> 39[e00000] via P2P/IPC/read
ip-0A230414:38089:38295 [1] NCCL INFO Channel 01 : 25[200000] -> 31[e00000] via P2P/IPC/read
ip-0A23040F:57279:57488 [5] NCCL INFO Channel 04/0 : 13[c00000] -> 20[b00000] [send] via NET/IBext/4/GDRDMA
ip-0A230412:50812:51028 [4] NCCL INFO Channel 04/0 : 13[c00000] -> 20[b00000] [receive] via NET/IBext/4/GDRDMA
ip-0A230414:38088:38291 [5] NCCL INFO Channel 04/0 : 29[c00000] -> 36[b00000] [send] via NET/IBext/4/GDRDMA
ip-0A230414:38088:38291 [5] NCCL INFO Channel 12/0 : 29[c00000] -> 36[b00000] [send] via NET/IBext/4/GDRDMA
ip-0A230414:38088:38291 [5] NCCL INFO Channel 20/0 : 29[c00000] -> 36[b00000] [send] via NET/IBext/4/GDRDMA
ip-0A230412:50812:51028 [4] NCCL INFO Channel 12/0 : 13[c00000] -> 20[b00000] [receive] via NET/IBext/4/GDRDMA
ip-0A23040F:57278:57486 [1] NCCL INFO Channel 01 : 9[200000] -> 15[e00000] via P2P/IPC/read
ip-0A230412:50812:51028 [4] NCCL INFO Channel 20/0 : 13[c00000] -> 20[b00000] [receive] via NET/IBext/4/GDRDMA
ip-0A23040F:57279:57488 [5] NCCL INFO Channel 12/0 : 13[c00000] -> 20[b00000] [send] via NET/IBext/4/GDRDMA
ip-0A23040F:57279:57488 [5] NCCL INFO Channel 20/0 : 13[c00000] -> 20[b00000] [send] via NET/IBext/4/GDRDMA
ip-0A230417:41104:41309 [5] NCCL INFO Channel 04/0 : 37[c00000] -> 44[b00000] [send] via NET/IBext/4/GDRDMA
ip-0A230417:41104:41309 [5] NCCL INFO Channel 12/0 : 37[c00000] -> 44[b00000] [send] via NET/IBext/4/GDRDMA
ip-0A230417:41104:41309 [5] NCCL INFO Channel 20/0 : 37[c00000] -> 44[b00000] [send] via NET/IBext/4/GDRDMA
ip-0A230406:91487:91693 [1] NCCL INFO Channel 01 : 41[200000] -> 47[e00000] via P2P/IPC/read
ip-0A230412:50814:51023 [5] NCCL INFO Channel 04/0 : 21[c00000] -> 28[b00000] [send] via NET/IBext/4/GDRDMA
ip-0A230406:91484:91692 [4] NCCL INFO Channel 04/0 : 37[c00000] -> 44[b00000] [receive] via NET/IBext/4/GDRDMA
ip-0A230406:91484:91692 [4] NCCL INFO Channel 12/0 : 37[c00000] -> 44[b00000] [receive] via NET/IBext/4/GDRDMA
ip-0A230412:50814:51023 [5] NCCL INFO Channel 12/0 : 21[c00000] -> 28[b00000] [send] via NET/IBext/4/GDRDMA
ip-0A230412:50814:51023 [5] NCCL INFO Channel 20/0 : 21[c00000] -> 28[b00000] [send] via NET/IBext/4/GDRDMA
ip-0A230406:91484:91692 [4] NCCL INFO Channel 20/0 : 37[c00000] -> 44[b00000] [receive] via NET/IBext/4/GDRDMA
ip-0A230406:91482:91690 [5] NCCL INFO Channel 04/0 : 45[c00000] -> 52[b00000] [send] via NET/IBext/4/GDRDMA
ip-0A230417:41102:41306 [4] NCCL INFO Channel 04/0 : 29[c00000] -> 36[b00000] [receive] via NET/IBext/4/GDRDMA
ip-0A230406:91482:91690 [5] NCCL INFO Channel 12/0 : 45[c00000] -> 52[b00000] [send] via NET/IBext/4/GDRDMA
ip-0A230406:91482:91690 [5] NCCL INFO Channel 20/0 : 45[c00000] -> 52[b00000] [send] via NET/IBext/4/GDRDMA
ip-0A230412:50813:51025 [1] NCCL INFO Channel 01 : 17[200000] -> 23[e00000] via P2P/IPC/read
ip-0A230408:11855:12067 [2] NCCL INFO Channel 02/0 : 43[400000] -> 50[300000] [receive] via NET/IBext/2/GDRDMA
ip-0A230417:41102:41306 [4] NCCL INFO Channel 12/0 : 29[c00000] -> 36[b00000] [receive] via NET/IBext/4/GDRDMA
ip-0A230417:41098:41304 [1] NCCL INFO Channel 09 : 33[200000] -> 39[e00000] via P2P/IPC/read
ip-0A230417:41102:41306 [4] NCCL INFO Channel 20/0 : 29[c00000] -> 36[b00000] [receive] via NET/IBext/4/GDRDMA
ip-0A23040F:57284:57487 [4] NCCL INFO Channel 04/0 : 5[c00000] -> 12[b00000] [receive] via NET/IBext/4/GDRDMA
ip-0A230412:50815:51024 [3] NCCL INFO Channel 02/0 : 19[400000] -> 26[300000] [send] via NET/IBext/2/GDRDMA
ip-0A230408:11855:12067 [2] NCCL INFO Channel 10/0 : 43[400000] -> 50[300000] [receive] via NET/IBext/2/GDRDMA
ip-0A230408:11855:12067 [2] NCCL INFO Channel 18/0 : 43[400000] -> 50[300000] [receive] via NET/IBext/2/GDRDMA
ip-0A230414:38084:38294 [2] NCCL INFO Channel 02/0 : 19[400000] -> 26[300000] [receive] via NET/IBext/2/GDRDMA
ip-0A23040F:57284:57487 [4] NCCL INFO Channel 12/0 : 5[c00000] -> 12[b00000] [receive] via NET/IBext/4/GDRDMA
ip-0A230412:50815:51024 [3] NCCL INFO Channel 10/0 : 19[400000] -> 26[300000] [send] via NET/IBext/2/GDRDMA
ip-0A23040F:57284:57487 [4] NCCL INFO Channel 20/0 : 5[c00000] -> 12[b00000] [receive] via NET/IBext/4/GDRDMA
ip-0A230412:50815:51024 [3] NCCL INFO Channel 18/0 : 19[400000] -> 26[300000] [send] via NET/IBext/2/GDRDMA
ip-0A230414:38084:38294 [2] NCCL INFO Channel 10/0 : 19[400000] -> 26[300000] [receive] via NET/IBext/2/GDRDMA
ip-0A230412:50810:51027 [2] NCCL INFO Channel 02/0 : 11[400000] -> 18[300000] [receive] via NET/IBext/2/GDRDMA
ip-0A230414:38084:38294 [2] NCCL INFO Channel 18/0 : 19[400000] -> 26[300000] [receive] via NET/IBext/2/GDRDMA
ip-0A230408:11860:12066 [1] NCCL INFO Channel 09 : 49[200000] -> 55[e00000] via P2P/IPC/read
ip-0A23040F:57278:57486 [1] NCCL INFO Channel 09 : 9[200000] -> 15[e00000] via P2P/IPC/read
ip-0A230414:38089:38295 [1] NCCL INFO Channel 09 : 25[200000] -> 31[e00000] via P2P/IPC/read
ip-0A230412:50810:51027 [2] NCCL INFO Channel 10/0 : 11[400000] -> 18[300000] [receive] via NET/IBext/2/GDRDMA
ip-0A230412:50810:51027 [2] NCCL INFO Channel 18/0 : 11[400000] -> 18[300000] [receive] via NET/IBext/2/GDRDMA
ip-0A230408:11858:12068 [4] NCCL INFO Channel 04/0 : 45[c00000] -> 52[b00000] [receive] via NET/IBext/4/GDRDMA
ip-0A230408:11858:12068 [4] NCCL INFO Channel 12/0 : 45[c00000] -> 52[b00000] [receive] via NET/IBext/4/GDRDMA
ip-0A230408:11858:12068 [4] NCCL INFO Channel 20/0 : 45[c00000] -> 52[b00000] [receive] via NET/IBext/4/GDRDMA
ip-0A230417:41098:41304 [1] NCCL INFO Channel 17 : 33[200000] -> 39[e00000] via P2P/IPC/read
ip-0A230406:91487:91693 [1] NCCL INFO Channel 09 : 41[200000] -> 47[e00000] via P2P/IPC/read
ip-0A230408:11860:12066 [1] NCCL INFO Channel 17 : 49[200000] -> 55[e00000] via P2P/IPC/read
ip-0A230414:38087:38293 [4] NCCL INFO Channel 04/0 : 21[c00000] -> 28[b00000] [receive] via NET/IBext/4/GDRDMA
ip-0A230412:50813:51025 [1] NCCL INFO Channel 09 : 17[200000] -> 23[e00000] via P2P/IPC/read
ip-0A230414:38087:38293 [4] NCCL INFO Channel 12/0 : 21[c00000] -> 28[b00000] [receive] via NET/IBext/4/GDRDMA
ip-0A230414:38087:38293 [4] NCCL INFO Channel 20/0 : 21[c00000] -> 28[b00000] [receive] via NET/IBext/4/GDRDMA
ip-0A23040F:57280:57489 [2] NCCL INFO Channel 02/0 : 3[400000] -> 10[300000] [receive] via NET/IBext/2/GDRDMA
ip-0A230408:11859:12069 [3] NCCL INFO Channel 02/0 : 51[400000] -> 2[300000] [send] via NET/IBext/2/GDRDMA
ip-0A23040F:57286:57491 [3] NCCL INFO Channel 02/0 : 11[400000] -> 18[300000] [send] via NET/IBext/2/GDRDMA
ip-0A230408:11859:12069 [3] NCCL INFO Channel 10/0 : 51[400000] -> 2[300000] [send] via NET/IBext/2/GDRDMA
ip-0A23040F:57280:57489 [2] NCCL INFO Channel 10/0 : 3[400000] -> 10[300000] [receive] via NET/IBext/2/GDRDMA
ip-0A230408:11859:12069 [3] NCCL INFO Channel 18/0 : 51[400000] -> 2[300000] [send] via NET/IBext/2/GDRDMA
ip-0A23040F:57286:57491 [3] NCCL INFO Channel 10/0 : 11[400000] -> 18[300000] [send] via NET/IBext/2/GDRDMA
ip-0A230408:11857:12070 [5] NCCL INFO Channel 04/0 : 53[c00000] -> 4[b00000] [send] via NET/IBext/4/GDRDMA
ip-0A23040F:57280:57489 [2] NCCL INFO Channel 18/0 : 3[400000] -> 10[300000] [receive] via NET/IBext/2/GDRDMA
ip-0A230406:91486:91687 [2] NCCL INFO Channel 02/0 : 35[400000] -> 42[300000] [receive] via NET/IBext/2/GDRDMA
ip-0A23040F:57286:57491 [3] NCCL INFO Channel 18/0 : 11[400000] -> 18[300000] [send] via NET/IBext/2/GDRDMA
ip-0A23040F:57278:57486 [1] NCCL INFO Channel 17 : 9[200000] -> 15[e00000] via P2P/IPC/read
ip-0A230414:38089:38295 [1] NCCL INFO Channel 17 : 25[200000] -> 31[e00000] via P2P/IPC/read
ip-0A230408:11857:12070 [5] NCCL INFO Channel 12/0 : 53[c00000] -> 4[b00000] [send] via NET/IBext/4/GDRDMA
ip-0A230408:11857:12070 [5] NCCL INFO Channel 20/0 : 53[c00000] -> 4[b00000] [send] via NET/IBext/4/GDRDMA
ip-0A230406:91486:91687 [2] NCCL INFO Channel 10/0 : 35[400000] -> 42[300000] [receive] via NET/IBext/2/GDRDMA
ip-0A230406:91486:91687 [2] NCCL INFO Channel 18/0 : 35[400000] -> 42[300000] [receive] via NET/IBext/2/GDRDMA
ip-0A230414:38082:38288 [3] NCCL INFO Channel 02/0 : 27[400000] -> 34[300000] [send] via NET/IBext/2/GDRDMA
ip-0A230414:38082:38288 [3] NCCL INFO Channel 10/0 : 27[400000] -> 34[300000] [send] via NET/IBext/2/GDRDMA
ip-0A230414:38082:38288 [3] NCCL INFO Channel 18/0 : 27[400000] -> 34[300000] [send] via NET/IBext/2/GDRDMA
ip-0A230406:91485:91691 [3] NCCL INFO Channel 02/0 : 43[400000] -> 50[300000] [send] via NET/IBext/2/GDRDMA
ip-0A230406:91485:91691 [3] NCCL INFO Channel 10/0 : 43[400000] -> 50[300000] [send] via NET/IBext/2/GDRDMA
ip-0A230406:91485:91691 [3] NCCL INFO Channel 18/0 : 43[400000] -> 50[300000] [send] via NET/IBext/2/GDRDMA
ip-0A230406:91487:91693 [1] NCCL INFO Channel 17 : 41[200000] -> 47[e00000] via P2P/IPC/read
ip-0A230412:50813:51025 [1] NCCL INFO Channel 17 : 17[200000] -> 23[e00000] via P2P/IPC/read
ip-0A23040D:90605:90803 [0] NCCL INFO Channel 07 : 0[100000] -> 6[d00000] via P2P/IPC/read
ip-0A23040D:90605:90803 [0] NCCL INFO Channel 15 : 0[100000] -> 6[d00000] via P2P/IPC/read
ip-0A23040D:90605:90803 [0] NCCL INFO Channel 23 : 0[100000] -> 6[d00000] via P2P/IPC/read
ip-0A23040D:90600:90802 [1] NCCL INFO Channel 01 : 1[200000] -> 7[e00000] via P2P/IPC/read
ip-0A23040D:90603:90808 [2] NCCL INFO Channel 02/0 : 51[400000] -> 2[300000] [receive] via NET/IBext/2/GDRDMA
ip-0A23040D:90603:90808 [2] NCCL INFO Channel 10/0 : 51[400000] -> 2[300000] [receive] via NET/IBext/2/GDRDMA
ip-0A23040D:90603:90808 [2] NCCL INFO Channel 18/0 : 51[400000] -> 2[300000] [receive] via NET/IBext/2/GDRDMA
ip-0A23040D:90601:90809 [3] NCCL INFO Channel 02/0 : 3[400000] -> 10[300000] [send] via NET/IBext/2/GDRDMA
ip-0A23040D:90601:90809 [3] NCCL INFO Channel 10/0 : 3[400000] -> 10[300000] [send] via NET/IBext/2/GDRDMA
ip-0A23040D:90601:90809 [3] NCCL INFO Channel 18/0 : 3[400000] -> 10[300000] [send] via NET/IBext/2/GDRDMA
ip-0A23040D:90600:90802 [1] NCCL INFO Channel 09 : 1[200000] -> 7[e00000] via P2P/IPC/read
ip-0A23040D:90599:90807 [4] NCCL INFO Channel 04/0 : 53[c00000] -> 4[b00000] [receive] via NET/IBext/4/GDRDMA
ip-0A23040D:90599:90807 [4] NCCL INFO Channel 12/0 : 53[c00000] -> 4[b00000] [receive] via NET/IBext/4/GDRDMA
ip-0A23040D:90599:90807 [4] NCCL INFO Channel 20/0 : 53[c00000] -> 4[b00000] [receive] via NET/IBext/4/GDRDMA
ip-0A23040D:90604:90806 [5] NCCL INFO Channel 04/0 : 5[c00000] -> 12[b00000] [send] via NET/IBext/4/GDRDMA
ip-0A23040D:90604:90806 [5] NCCL INFO Channel 12/0 : 5[c00000] -> 12[b00000] [send] via NET/IBext/4/GDRDMA
ip-0A23040D:90604:90806 [5] NCCL INFO Channel 20/0 : 5[c00000] -> 12[b00000] [send] via NET/IBext/4/GDRDMA
ip-0A23040D:90600:90802 [1] NCCL INFO Channel 17 : 1[200000] -> 7[e00000] via P2P/IPC/read
ip-0A230408:11862:12065 [6] NCCL INFO Channel 06/0 : 47[e00000] -> 54[d00000] [receive] via NET/IBext/6/GDRDMA
ip-0A230408:11862:12065 [6] NCCL INFO Channel 14/0 : 47[e00000] -> 54[d00000] [receive] via NET/IBext/6/GDRDMA
ip-0A230408:11862:12065 [6] NCCL INFO Channel 22/0 : 47[e00000] -> 54[d00000] [receive] via NET/IBext/6/GDRDMA
ip-0A230408:11861:12071 [0] NCCL INFO Channel 00/0 : 41[200000] -> 48[100000] [receive] via NET/IBext/0/GDRDMA
ip-0A230408:11861:12071 [0] NCCL INFO Channel 08/0 : 41[200000] -> 48[100000] [receive] via NET/IBext/0/GDRDMA
ip-0A230408:11861:12071 [0] NCCL INFO Channel 16/0 : 41[200000] -> 48[100000] [receive] via NET/IBext/0/GDRDMA
ip-0A230408:11861:12071 [0] NCCL INFO Channel 00 : 48[100000] -> 55[e00000] via P2P/IPC/read
ip-0A230408:11860:12066 [1] NCCL INFO Channel 00/0 : 49[200000] -> 0[100000] [send] via NET/IBext/0/GDRDMA
ip-0A230408:11860:12066 [1] NCCL INFO Channel 08/0 : 49[200000] -> 0[100000] [send] via NET/IBext/0/GDRDMA
ip-0A230408:11860:12066 [1] NCCL INFO Channel 16/0 : 49[200000] -> 0[100000] [send] via NET/IBext/0/GDRDMA
ip-0A230412:50809:51026 [6] NCCL INFO Channel 06/0 : 15[e00000] -> 22[d00000] [receive] via NET/IBext/6/GDRDMA
ip-0A230412:50809:51026 [6] NCCL INFO Channel 14/0 : 15[e00000] -> 22[d00000] [receive] via NET/IBext/6/GDRDMA
ip-0A230412:50809:51026 [6] NCCL INFO Channel 22/0 : 15[e00000] -> 22[d00000] [receive] via NET/IBext/6/GDRDMA
ip-0A230414:38083:38292 [6] NCCL INFO Channel 06/0 : 23[e00000] -> 30[d00000] [receive] via NET/IBext/6/GDRDMA
ip-0A230414:38083:38292 [6] NCCL INFO Channel 14/0 : 23[e00000] -> 30[d00000] [receive] via NET/IBext/6/GDRDMA
ip-0A230414:38083:38292 [6] NCCL INFO Channel 22/0 : 23[e00000] -> 30[d00000] [receive] via NET/IBext/6/GDRDMA
ip-0A230406:91483:91694 [6] NCCL INFO Channel 06/0 : 39[e00000] -> 46[d00000] [receive] via NET/IBext/6/GDRDMA
ip-0A230406:91483:91694 [6] NCCL INFO Channel 14/0 : 39[e00000] -> 46[d00000] [receive] via NET/IBext/6/GDRDMA
ip-0A230406:91483:91694 [6] NCCL INFO Channel 22/0 : 39[e00000] -> 46[d00000] [receive] via NET/IBext/6/GDRDMA
ip-0A230414:38086:38289 [0] NCCL INFO Channel 00/0 : 17[200000] -> 24[100000] [receive] via NET/IBext/0/GDRDMA
ip-0A230417:41100:41310 [6] NCCL INFO Channel 06/0 : 31[e00000] -> 38[d00000] [receive] via NET/IBext/6/GDRDMA
ip-0A230417:41100:41310 [6] NCCL INFO Channel 14/0 : 31[e00000] -> 38[d00000] [receive] via NET/IBext/6/GDRDMA
ip-0A230417:41100:41310 [6] NCCL INFO Channel 22/0 : 31[e00000] -> 38[d00000] [receive] via NET/IBext/6/GDRDMA
ip-0A230412:50808:51022 [0] NCCL INFO Channel 00/0 : 9[200000] -> 16[100000] [receive] via NET/IBext/0/GDRDMA
ip-0A230412:50808:51022 [0] NCCL INFO Channel 08/0 : 9[200000] -> 16[100000] [receive] via NET/IBext/0/GDRDMA
ip-0A230412:50808:51022 [0] NCCL INFO Channel 16/0 : 9[200000] -> 16[100000] [receive] via NET/IBext/0/GDRDMA
ip-0A230412:50808:51022 [0] NCCL INFO Channel 00 : 16[100000] -> 23[e00000] via P2P/IPC/read
ip-0A230406:91481:91688 [0] NCCL INFO Channel 00/0 : 33[200000] -> 40[100000] [receive] via NET/IBext/0/GDRDMA
ip-0A230414:38086:38289 [0] NCCL INFO Channel 08/0 : 17[200000] -> 24[100000] [receive] via NET/IBext/0/GDRDMA
ip-0A230414:38086:38289 [0] NCCL INFO Channel 16/0 : 17[200000] -> 24[100000] [receive] via NET/IBext/0/GDRDMA
ip-0A230414:38086:38289 [0] NCCL INFO Channel 00 : 24[100000] -> 31[e00000] via P2P/IPC/read
ip-0A230406:91481:91688 [0] NCCL INFO Channel 08/0 : 33[200000] -> 40[100000] [receive] via NET/IBext/0/GDRDMA
ip-0A230406:91481:91688 [0] NCCL INFO Channel 16/0 : 33[200000] -> 40[100000] [receive] via NET/IBext/0/GDRDMA
ip-0A230406:91481:91688 [0] NCCL INFO Channel 00 : 40[100000] -> 47[e00000] via P2P/IPC/read
ip-0A230412:50813:51025 [1] NCCL INFO Channel 00/0 : 17[200000] -> 24[100000] [send] via NET/IBext/0/GDRDMA
ip-0A230412:50813:51025 [1] NCCL INFO Channel 08/0 : 17[200000] -> 24[100000] [send] via NET/IBext/0/GDRDMA
ip-0A230412:50813:51025 [1] NCCL INFO Channel 16/0 : 17[200000] -> 24[100000] [send] via NET/IBext/0/GDRDMA
ip-0A230417:41103:41305 [0] NCCL INFO Channel 00/0 : 25[200000] -> 32[100000] [receive] via NET/IBext/0/GDRDMA
ip-0A230406:91487:91693 [1] NCCL INFO Channel 00/0 : 41[200000] -> 48[100000] [send] via NET/IBext/0/GDRDMA
ip-0A230406:91487:91693 [1] NCCL INFO Channel 08/0 : 41[200000] -> 48[100000] [send] via NET/IBext/0/GDRDMA
ip-0A230406:91487:91693 [1] NCCL INFO Channel 16/0 : 41[200000] -> 48[100000] [send] via NET/IBext/0/GDRDMA
ip-0A230417:41103:41305 [0] NCCL INFO Channel 08/0 : 25[200000] -> 32[100000] [receive] via NET/IBext/0/GDRDMA
ip-0A230417:41103:41305 [0] NCCL INFO Channel 16/0 : 25[200000] -> 32[100000] [receive] via NET/IBext/0/GDRDMA
ip-0A230417:41103:41305 [0] NCCL INFO Channel 00 : 32[100000] -> 39[e00000] via P2P/IPC/read
ip-0A230414:38089:38295 [1] NCCL INFO Channel 00/0 : 25[200000] -> 32[100000] [send] via NET/IBext/0/GDRDMA
ip-0A230414:38089:38295 [1] NCCL INFO Channel 08/0 : 25[200000] -> 32[100000] [send] via NET/IBext/0/GDRDMA
ip-0A230414:38089:38295 [1] NCCL INFO Channel 16/0 : 25[200000] -> 32[100000] [send] via NET/IBext/0/GDRDMA
ip-0A23040F:57281:57485 [6] NCCL INFO Channel 06/0 : 7[e00000] -> 14[d00000] [receive] via NET/IBext/6/GDRDMA
ip-0A23040F:57281:57485 [6] NCCL INFO Channel 14/0 : 7[e00000] -> 14[d00000] [receive] via NET/IBext/6/GDRDMA
ip-0A23040F:57281:57485 [6] NCCL INFO Channel 22/0 : 7[e00000] -> 14[d00000] [receive] via NET/IBext/6/GDRDMA
ip-0A23040F:57282:57492 [0] NCCL INFO Channel 00/0 : 1[200000] -> 8[100000] [receive] via NET/IBext/0/GDRDMA
ip-0A23040F:57282:57492 [0] NCCL INFO Channel 08/0 : 1[200000] -> 8[100000] [receive] via NET/IBext/0/GDRDMA
ip-0A23040F:57282:57492 [0] NCCL INFO Channel 16/0 : 1[200000] -> 8[100000] [receive] via NET/IBext/0/GDRDMA
ip-0A23040F:57282:57492 [0] NCCL INFO Channel 00 : 8[100000] -> 15[e00000] via P2P/IPC/read
ip-0A230412:50808:51022 [0] NCCL INFO Channel 02 : 16[100000] -> 23[e00000] via P2P/IPC/read
ip-0A230408:11861:12071 [0] NCCL INFO Channel 02 : 48[100000] -> 55[e00000] via P2P/IPC/read
ip-0A23040D:90602:90805 [6] NCCL INFO Channel 06/0 : 55[e00000] -> 6[d00000] [receive] via NET/IBext/6/GDRDMA
ip-0A23040D:90602:90805 [6] NCCL INFO Channel 14/0 : 55[e00000] -> 6[d00000] [receive] via NET/IBext/6/GDRDMA
ip-0A23040D:90602:90805 [6] NCCL INFO Channel 22/0 : 55[e00000] -> 6[d00000] [receive] via NET/IBext/6/GDRDMA
ip-0A23040D:90605:90803 [0] NCCL INFO Channel 00/0 : 49[200000] -> 0[100000] [receive] via NET/IBext/0/GDRDMA
ip-0A23040D:90605:90803 [0] NCCL INFO Channel 08/0 : 49[200000] -> 0[100000] [receive] via NET/IBext/0/GDRDMA
ip-0A23040D:90605:90803 [0] NCCL INFO Channel 16/0 : 49[200000] -> 0[100000] [receive] via NET/IBext/0/GDRDMA
ip-0A23040D:90605:90803 [0] NCCL INFO Channel 00 : 0[100000] -> 7[e00000] via P2P/IPC/read
ip-0A230417:41098:41304 [1] NCCL INFO Channel 00/0 : 33[200000] -> 40[100000] [send] via NET/IBext/0/GDRDMA
ip-0A230417:41098:41304 [1] NCCL INFO Channel 08/0 : 33[200000] -> 40[100000] [send] via NET/IBext/0/GDRDMA
ip-0A230417:41098:41304 [1] NCCL INFO Channel 16/0 : 33[200000] -> 40[100000] [send] via NET/IBext/0/GDRDMA
ip-0A23040F:57278:57486 [1] NCCL INFO Channel 00/0 : 9[200000] -> 16[100000] [send] via NET/IBext/0/GDRDMA
ip-0A23040F:57278:57486 [1] NCCL INFO Channel 08/0 : 9[200000] -> 16[100000] [send] via NET/IBext/0/GDRDMA
ip-0A23040F:57278:57486 [1] NCCL INFO Channel 16/0 : 9[200000] -> 16[100000] [send] via NET/IBext/0/GDRDMA
ip-0A23040D:90600:90802 [1] NCCL INFO Channel 00/0 : 1[200000] -> 8[100000] [send] via NET/IBext/0/GDRDMA
ip-0A23040D:90600:90802 [1] NCCL INFO Channel 08/0 : 1[200000] -> 8[100000] [send] via NET/IBext/0/GDRDMA
ip-0A23040D:90600:90802 [1] NCCL INFO Channel 16/0 : 1[200000] -> 8[100000] [send] via NET/IBext/0/GDRDMA
ip-0A230414:38086:38289 [0] NCCL INFO Channel 02 : 24[100000] -> 31[e00000] via P2P/IPC/read
ip-0A230406:91481:91688 [0] NCCL INFO Channel 02 : 40[100000] -> 47[e00000] via P2P/IPC/read
ip-0A23040F:57282:57492 [0] NCCL INFO Channel 02 : 8[100000] -> 15[e00000] via P2P/IPC/read
ip-0A230417:41103:41305 [0] NCCL INFO Channel 02 : 32[100000] -> 39[e00000] via P2P/IPC/read
ip-0A230408:11861:12071 [0] NCCL INFO Channel 03 : 48[100000] -> 55[e00000] via P2P/IPC/read
ip-0A23040D:90605:90803 [0] NCCL INFO Channel 02 : 0[100000] -> 7[e00000] via P2P/IPC/read
ip-0A230412:50808:51022 [0] NCCL INFO Channel 03 : 16[100000] -> 23[e00000] via P2P/IPC/read
ip-0A230406:91481:91688 [0] NCCL INFO Channel 03 : 40[100000] -> 47[e00000] via P2P/IPC/read
ip-0A23040F:57282:57492 [0] NCCL INFO Channel 03 : 8[100000] -> 15[e00000] via P2P/IPC/read
ip-0A230414:38086:38289 [0] NCCL INFO Channel 03 : 24[100000] -> 31[e00000] via P2P/IPC/read
ip-0A230408:11861:12071 [0] NCCL INFO Channel 04 : 48[100000] -> 55[e00000] via P2P/IPC/read
ip-0A23040D:90605:90803 [0] NCCL INFO Channel 03 : 0[100000] -> 7[e00000] via P2P/IPC/read
ip-0A230417:41103:41305 [0] NCCL INFO Channel 03 : 32[100000] -> 39[e00000] via P2P/IPC/read
ip-0A230412:50808:51022 [0] NCCL INFO Channel 04 : 16[100000] -> 23[e00000] via P2P/IPC/read
ip-0A230406:91481:91688 [0] NCCL INFO Channel 04 : 40[100000] -> 47[e00000] via P2P/IPC/read
ip-0A23040F:57282:57492 [0] NCCL INFO Channel 04 : 8[100000] -> 15[e00000] via P2P/IPC/read
ip-0A230414:38086:38289 [0] NCCL INFO Channel 04 : 24[100000] -> 31[e00000] via P2P/IPC/read
ip-0A230412:50808:51022 [0] NCCL INFO Channel 05 : 16[100000] -> 23[e00000] via P2P/IPC/read
ip-0A23040D:90605:90803 [0] NCCL INFO Channel 04 : 0[100000] -> 7[e00000] via P2P/IPC/read
ip-0A230408:11861:12071 [0] NCCL INFO Channel 05 : 48[100000] -> 55[e00000] via P2P/IPC/read
ip-0A23040F:57282:57492 [0] NCCL INFO Channel 05 : 8[100000] -> 15[e00000] via P2P/IPC/read
ip-0A230414:38086:38289 [0] NCCL INFO Channel 05 : 24[100000] -> 31[e00000] via P2P/IPC/read
ip-0A230417:41103:41305 [0] NCCL INFO Channel 04 : 32[100000] -> 39[e00000] via P2P/IPC/read
ip-0A230406:91481:91688 [0] NCCL INFO Channel 05 : 40[100000] -> 47[e00000] via P2P/IPC/read
ip-0A230412:50808:51022 [0] NCCL INFO Channel 06 : 16[100000] -> 23[e00000] via P2P/IPC/read
ip-0A23040D:90605:90803 [0] NCCL INFO Channel 05 : 0[100000] -> 7[e00000] via P2P/IPC/read
ip-0A230408:11861:12071 [0] NCCL INFO Channel 06 : 48[100000] -> 55[e00000] via P2P/IPC/read
ip-0A230414:38086:38289 [0] NCCL INFO Channel 06 : 24[100000] -> 31[e00000] via P2P/IPC/read
ip-0A23040F:57282:57492 [0] NCCL INFO Channel 06 : 8[100000] -> 15[e00000] via P2P/IPC/read
ip-0A230412:50808:51022 [0] NCCL INFO Channel 08 : 16[100000] -> 23[e00000] via P2P/IPC/read
ip-0A230406:91481:91688 [0] NCCL INFO Channel 06 : 40[100000] -> 47[e00000] via P2P/IPC/read
ip-0A230417:41103:41305 [0] NCCL INFO Channel 05 : 32[100000] -> 39[e00000] via P2P/IPC/read
ip-0A23040D:90605:90803 [0] NCCL INFO Channel 06 : 0[100000] -> 7[e00000] via P2P/IPC/read
ip-0A23040F:57282:57492 [0] NCCL INFO Channel 08 : 8[100000] -> 15[e00000] via P2P/IPC/read
ip-0A230408:11861:12071 [0] NCCL INFO Channel 08 : 48[100000] -> 55[e00000] via P2P/IPC/read
ip-0A230414:38086:38289 [0] NCCL INFO Channel 08 : 24[100000] -> 31[e00000] via P2P/IPC/read
ip-0A230412:50808:51022 [0] NCCL INFO Channel 10 : 16[100000] -> 23[e00000] via P2P/IPC/read
ip-0A230406:91481:91688 [0] NCCL INFO Channel 08 : 40[100000] -> 47[e00000] via P2P/IPC/read
ip-0A230417:41103:41305 [0] NCCL INFO Channel 06 : 32[100000] -> 39[e00000] via P2P/IPC/read
ip-0A23040F:57282:57492 [0] NCCL INFO Channel 10 : 8[100000] -> 15[e00000] via P2P/IPC/read
ip-0A230414:38086:38289 [0] NCCL INFO Channel 10 : 24[100000] -> 31[e00000] via P2P/IPC/read
ip-0A23040D:90605:90803 [0] NCCL INFO Channel 08 : 0[100000] -> 7[e00000] via P2P/IPC/read
ip-0A230408:11861:12071 [0] NCCL INFO Channel 10 : 48[100000] -> 55[e00000] via P2P/IPC/read
ip-0A230412:50808:51022 [0] NCCL INFO Channel 11 : 16[100000] -> 23[e00000] via P2P/IPC/read
ip-0A230406:91481:91688 [0] NCCL INFO Channel 10 : 40[100000] -> 47[e00000] via P2P/IPC/read
ip-0A230417:41103:41305 [0] NCCL INFO Channel 08 : 32[100000] -> 39[e00000] via P2P/IPC/read
ip-0A230414:38086:38289 [0] NCCL INFO Channel 11 : 24[100000] -> 31[e00000] via P2P/IPC/read
ip-0A23040F:57282:57492 [0] NCCL INFO Channel 11 : 8[100000] -> 15[e00000] via P2P/IPC/read
ip-0A23040D:90605:90803 [0] NCCL INFO Channel 10 : 0[100000] -> 7[e00000] via P2P/IPC/read
ip-0A230408:11861:12071 [0] NCCL INFO Channel 11 : 48[100000] -> 55[e00000] via P2P/IPC/read
ip-0A230412:50808:51022 [0] NCCL INFO Channel 12 : 16[100000] -> 23[e00000] via P2P/IPC/read
ip-0A230406:91481:91688 [0] NCCL INFO Channel 11 : 40[100000] -> 47[e00000] via P2P/IPC/read
ip-0A230414:38086:38289 [0] NCCL INFO Channel 12 : 24[100000] -> 31[e00000] via P2P/IPC/read
ip-0A23040F:57282:57492 [0] NCCL INFO Channel 12 : 8[100000] -> 15[e00000] via P2P/IPC/read
ip-0A23040D:90605:90803 [0] NCCL INFO Channel 11 : 0[100000] -> 7[e00000] via P2P/IPC/read
ip-0A230417:41103:41305 [0] NCCL INFO Channel 10 : 32[100000] -> 39[e00000] via P2P/IPC/read
ip-0A230412:50808:51022 [0] NCCL INFO Channel 13 : 16[100000] -> 23[e00000] via P2P/IPC/read
ip-0A230406:91481:91688 [0] NCCL INFO Channel 12 : 40[100000] -> 47[e00000] via P2P/IPC/read
ip-0A230408:11861:12071 [0] NCCL INFO Channel 12 : 48[100000] -> 55[e00000] via P2P/IPC/read
ip-0A23040F:57282:57492 [0] NCCL INFO Channel 13 : 8[100000] -> 15[e00000] via P2P/IPC/read
ip-0A230414:38086:38289 [0] NCCL INFO Channel 13 : 24[100000] -> 31[e00000] via P2P/IPC/read
ip-0A23040D:90605:90803 [0] NCCL INFO Channel 12 : 0[100000] -> 7[e00000] via P2P/IPC/read
ip-0A230412:50808:51022 [0] NCCL INFO Channel 14 : 16[100000] -> 23[e00000] via P2P/IPC/read
