ip-0A230414:33523:33729 [7] NCCL INFO Channel 10 : 31[e00000] -> 24[100000] via P2P/IPC/read
ip-0A230414:33529:33732 [3] NCCL INFO Channel 03 : 27[400000] -> 26[300000] via P2P/IPC/read
ip-0A230414:33523:33729 [7] NCCL INFO Channel 11 : 31[e00000] -> 24[100000] via P2P/IPC/read
ip-0A230414:33523:33729 [7] NCCL INFO Channel 12 : 31[e00000] -> 24[100000] via P2P/IPC/read
ip-0A230414:33529:33732 [3] NCCL INFO Channel 10 : 27[400000] -> 26[300000] via P2P/IPC/read
ip-0A230414:33523:33729 [7] NCCL INFO Channel 13 : 31[e00000] -> 24[100000] via P2P/IPC/read
ip-0A230414:33529:33732 [3] NCCL INFO Channel 11 : 27[400000] -> 26[300000] via P2P/IPC/read
ip-0A230414:33523:33729 [7] NCCL INFO Channel 14 : 31[e00000] -> 24[100000] via P2P/IPC/read
ip-0A230414:33529:33732 [3] NCCL INFO Channel 18 : 27[400000] -> 26[300000] via P2P/IPC/read
ip-0A230414:33523:33729 [7] NCCL INFO Channel 18 : 31[e00000] -> 24[100000] via P2P/IPC/read
ip-0A230414:33529:33732 [3] NCCL INFO Channel 19 : 27[400000] -> 26[300000] via P2P/IPC/read
ip-0A230414:33523:33729 [7] NCCL INFO Channel 19 : 31[e00000] -> 24[100000] via P2P/IPC/read
ip-0A230414:33523:33729 [7] NCCL INFO Channel 20 : 31[e00000] -> 24[100000] via P2P/IPC/read
ip-0A230414:33523:33729 [7] NCCL INFO Channel 21 : 31[e00000] -> 24[100000] via P2P/IPC/read
ip-0A230414:33523:33729 [7] NCCL INFO Channel 22 : 31[e00000] -> 24[100000] via P2P/IPC/read
ip-0A230414:33523:33729 [7] NCCL INFO Channel 06 : 31[e00000] -> 30[d00000] via P2P/IPC/read
ip-0A230414:33523:33729 [7] NCCL INFO Channel 07 : 31[e00000] -> 30[d00000] via P2P/IPC/read
ip-0A230414:33523:33729 [7] NCCL INFO Channel 14 : 31[e00000] -> 30[d00000] via P2P/IPC/read
ip-0A230414:33523:33729 [7] NCCL INFO Channel 15 : 31[e00000] -> 30[d00000] via P2P/IPC/read
ip-0A230414:33523:33729 [7] NCCL INFO Channel 22 : 31[e00000] -> 30[d00000] via P2P/IPC/read
ip-0A230414:33523:33729 [7] NCCL INFO Channel 23 : 31[e00000] -> 30[d00000] via P2P/IPC/read
ip-0A230412:46938:47146 [1] NCCL INFO Channel 00/0 : 17[200000] -> 8[100000] [send] via NET/IBext/0/GDRDMA
ip-0A230412:46938:47146 [1] NCCL INFO Channel 16/0 : 17[200000] -> 8[100000] [send] via NET/IBext/0/GDRDMA
ip-0A230412:46939:47145 [5] NCCL INFO Channel 05/0 : 29[c00000] -> 21[c00000] [receive] via NET/IBext/5/GDRDMA
ip-0A230412:46939:47145 [5] NCCL INFO Channel 21/0 : 29[c00000] -> 21[c00000] [receive] via NET/IBext/5/GDRDMA
ip-0A230412:46940:47144 [2] NCCL INFO Channel 03/0 : 18[300000] -> 11[400000] [send] via NET/IBext/3/GDRDMA
ip-0A230412:46940:47144 [2] NCCL INFO Channel 19/0 : 18[300000] -> 11[400000] [send] via NET/IBext/3/GDRDMA
ip-0A230414:33525:33728 [5] NCCL INFO Channel 04 : 29[c00000] -> 28[b00000] via P2P/IPC/read
ip-0A230414:33525:33728 [5] NCCL INFO Channel 05 : 29[c00000] -> 28[b00000] via P2P/IPC/read
ip-0A230414:33525:33728 [5] NCCL INFO Channel 12 : 29[c00000] -> 28[b00000] via P2P/IPC/read
ip-0A230414:33525:33728 [5] NCCL INFO Channel 13 : 29[c00000] -> 28[b00000] via P2P/IPC/read
ip-0A230414:33525:33728 [5] NCCL INFO Channel 20 : 29[c00000] -> 28[b00000] via P2P/IPC/read
ip-0A230414:33525:33728 [5] NCCL INFO Channel 21 : 29[c00000] -> 28[b00000] via P2P/IPC/read
ip-0A230412:46942:47142 [6] NCCL INFO Channel 07/0 : 22[d00000] -> 15[e00000] [send] via NET/IBext/7/GDRDMA
ip-0A230412:46942:47142 [6] NCCL INFO Channel 23/0 : 22[d00000] -> 15[e00000] [send] via NET/IBext/7/GDRDMA
ip-0A230412:46943:47147 [7] NCCL INFO Channel 15/0 : 30[d00000] -> 23[e00000] [receive] via NET/IBext/7/GDRDMA
ip-0A230412:46943:47147 [7] NCCL INFO Channel 02 : 23[e00000] -> 16[100000] via P2P/IPC/read
ip-0A230412:46941:47143 [3] NCCL INFO Channel 11/0 : 26[300000] -> 19[400000] [receive] via NET/IBext/3/GDRDMA
ip-0A230412:46943:47147 [7] NCCL INFO Channel 03 : 23[e00000] -> 16[100000] via P2P/IPC/read
ip-0A230412:46943:47147 [7] NCCL INFO Channel 04 : 23[e00000] -> 16[100000] via P2P/IPC/read
ip-0A230414:33522:33731 [2] NCCL INFO Connected all trees
ip-0A230414:33529:33732 [3] NCCL INFO Connected all trees
ip-0A230412:46943:47147 [7] NCCL INFO Channel 05 : 23[e00000] -> 16[100000] via P2P/IPC/read
ip-0A230412:46944:47141 [0] NCCL INFO Channel 01/0 : 16[100000] -> 9[200000] [send] via NET/IBext/1/GDRDMA
ip-0A230412:46945:47148 [4] NCCL INFO Channel 05/0 : 20[b00000] -> 13[c00000] [send] via NET/IBext/5/GDRDMA
ip-0A230412:46944:47141 [0] NCCL INFO Channel 17/0 : 16[100000] -> 9[200000] [send] via NET/IBext/1/GDRDMA
ip-0A230412:46945:47148 [4] NCCL INFO Channel 21/0 : 20[b00000] -> 13[c00000] [send] via NET/IBext/5/GDRDMA
ip-0A230412:46943:47147 [7] NCCL INFO Channel 06 : 23[e00000] -> 16[100000] via P2P/IPC/read
ip-0A230412:46943:47147 [7] NCCL INFO Channel 10 : 23[e00000] -> 16[100000] via P2P/IPC/read
ip-0A230412:46943:47147 [7] NCCL INFO Channel 11 : 23[e00000] -> 16[100000] via P2P/IPC/read
ip-0A230412:46941:47143 [3] NCCL INFO Channel 02 : 19[400000] -> 18[300000] via P2P/IPC/read
ip-0A230412:46943:47147 [7] NCCL INFO Channel 12 : 23[e00000] -> 16[100000] via P2P/IPC/read
ip-0A230412:46941:47143 [3] NCCL INFO Channel 03 : 19[400000] -> 18[300000] via P2P/IPC/read
ip-0A230412:46943:47147 [7] NCCL INFO Channel 13 : 23[e00000] -> 16[100000] via P2P/IPC/read
ip-0A230412:46938:47146 [1] NCCL INFO Channel 01/0 : 25[200000] -> 17[200000] [receive] via NET/IBext/1/GDRDMA
ip-0A230412:46938:47146 [1] NCCL INFO Channel 17/0 : 25[200000] -> 17[200000] [receive] via NET/IBext/1/GDRDMA
ip-0A230412:46941:47143 [3] NCCL INFO Channel 10 : 19[400000] -> 18[300000] via P2P/IPC/read
ip-0A23040F:53391:53602 [3] NCCL INFO Channel 02 : 11[400000] -> 10[300000] via P2P/IPC/read
ip-0A23040F:53391:53602 [3] NCCL INFO Channel 03 : 11[400000] -> 10[300000] via P2P/IPC/read
ip-0A23040F:53391:53602 [3] NCCL INFO Channel 10 : 11[400000] -> 10[300000] via P2P/IPC/read
ip-0A23040F:53391:53602 [3] NCCL INFO Channel 11 : 11[400000] -> 10[300000] via P2P/IPC/read
ip-0A23040F:53391:53602 [3] NCCL INFO Channel 18 : 11[400000] -> 10[300000] via P2P/IPC/read
ip-0A23040F:53391:53602 [3] NCCL INFO Channel 19 : 11[400000] -> 10[300000] via P2P/IPC/read
ip-0A23040F:53391:53602 [3] NCCL INFO Connected all trees
ip-0A23040F:53397:53601 [2] NCCL INFO Connected all trees
ip-0A230412:46943:47147 [7] NCCL INFO Channel 14 : 23[e00000] -> 16[100000] via P2P/IPC/read
ip-0A230412:46941:47143 [3] NCCL INFO Channel 11 : 19[400000] -> 18[300000] via P2P/IPC/read
ip-0A230412:46943:47147 [7] NCCL INFO Channel 18 : 23[e00000] -> 16[100000] via P2P/IPC/read
ip-0A230412:46939:47145 [5] NCCL INFO Channel 13/0 : 28[b00000] -> 21[c00000] [receive] via NET/IBext/5/GDRDMA
ip-0A230412:46941:47143 [3] NCCL INFO Channel 18 : 19[400000] -> 18[300000] via P2P/IPC/read
ip-0A230414:33528:33734 [1] NCCL INFO Channel 00 : 25[200000] -> 24[100000] via P2P/IPC/read
ip-0A230412:46943:47147 [7] NCCL INFO Channel 19 : 23[e00000] -> 16[100000] via P2P/IPC/read
ip-0A230414:33528:33734 [1] NCCL INFO Channel 01 : 25[200000] -> 24[100000] via P2P/IPC/read
ip-0A230412:46941:47143 [3] NCCL INFO Channel 19 : 19[400000] -> 18[300000] via P2P/IPC/read
ip-0A230414:33528:33734 [1] NCCL INFO Channel 08 : 25[200000] -> 24[100000] via P2P/IPC/read
ip-0A23040F:53393:53595 [7] NCCL INFO Channel 06 : 15[e00000] -> 14[d00000] via P2P/IPC/read
ip-0A230412:46943:47147 [7] NCCL INFO Channel 20 : 23[e00000] -> 16[100000] via P2P/IPC/read
ip-0A230414:33528:33734 [1] NCCL INFO Channel 09 : 25[200000] -> 24[100000] via P2P/IPC/read
ip-0A230414:33528:33734 [1] NCCL INFO Channel 16 : 25[200000] -> 24[100000] via P2P/IPC/read
ip-0A230414:33528:33734 [1] NCCL INFO Channel 17 : 25[200000] -> 24[100000] via P2P/IPC/read
ip-0A230414:33526:33733 [4] NCCL INFO Connected all trees
ip-0A230414:33525:33728 [5] NCCL INFO Connected all trees
ip-0A23040F:53393:53595 [7] NCCL INFO Channel 07 : 15[e00000] -> 14[d00000] via P2P/IPC/read
ip-0A230412:46943:47147 [7] NCCL INFO Channel 21 : 23[e00000] -> 16[100000] via P2P/IPC/read
ip-0A23040F:53393:53595 [7] NCCL INFO Channel 14 : 15[e00000] -> 14[d00000] via P2P/IPC/read
ip-0A23040F:53393:53595 [7] NCCL INFO Channel 15 : 15[e00000] -> 14[d00000] via P2P/IPC/read
ip-0A230412:46943:47147 [7] NCCL INFO Channel 22 : 23[e00000] -> 16[100000] via P2P/IPC/read
ip-0A23040F:53393:53595 [7] NCCL INFO Channel 22 : 15[e00000] -> 14[d00000] via P2P/IPC/read
ip-0A23040F:53396:53600 [5] NCCL INFO Channel 04 : 13[c00000] -> 12[b00000] via P2P/IPC/read
ip-0A23040F:53393:53595 [7] NCCL INFO Channel 23 : 15[e00000] -> 14[d00000] via P2P/IPC/read
ip-0A23040F:53396:53600 [5] NCCL INFO Channel 05 : 13[c00000] -> 12[b00000] via P2P/IPC/read
ip-0A23040F:53396:53600 [5] NCCL INFO Channel 12 : 13[c00000] -> 12[b00000] via P2P/IPC/read
ip-0A23040F:53396:53600 [5] NCCL INFO Channel 13 : 13[c00000] -> 12[b00000] via P2P/IPC/read
ip-0A23040F:53396:53600 [5] NCCL INFO Channel 20 : 13[c00000] -> 12[b00000] via P2P/IPC/read
ip-0A23040F:53396:53600 [5] NCCL INFO Channel 21 : 13[c00000] -> 12[b00000] via P2P/IPC/read
ip-0A23040F:53393:53595 [7] NCCL INFO Connected all trees
ip-0A23040F:53398:53596 [6] NCCL INFO Connected all trees
ip-0A23040F:53396:53600 [5] NCCL INFO Connected all trees
ip-0A23040F:53392:53597 [4] NCCL INFO Connected all trees
ip-0A230412:46942:47142 [6] NCCL INFO Channel 07 : 22[d00000] -> 16[100000] via P2P/IPC/read
ip-0A230414:33524:33735 [6] NCCL INFO Channel 07 : 30[d00000] -> 24[100000] via P2P/IPC/read
ip-0A230414:33524:33735 [6] NCCL INFO Channel 15 : 30[d00000] -> 24[100000] via P2P/IPC/read
ip-0A230414:33524:33735 [6] NCCL INFO Channel 23 : 30[d00000] -> 24[100000] via P2P/IPC/read
ip-0A230412:46942:47142 [6] NCCL INFO Channel 15 : 22[d00000] -> 16[100000] via P2P/IPC/read
ip-0A230412:46939:47145 [5] NCCL INFO Channel 04 : 21[c00000] -> 20[b00000] via P2P/IPC/read
ip-0A230412:46942:47142 [6] NCCL INFO Channel 23 : 22[d00000] -> 16[100000] via P2P/IPC/read
ip-0A230412:46939:47145 [5] NCCL INFO Channel 05 : 21[c00000] -> 20[b00000] via P2P/IPC/read
ip-0A230412:46939:47145 [5] NCCL INFO Channel 12 : 21[c00000] -> 20[b00000] via P2P/IPC/read
ip-0A230412:46939:47145 [5] NCCL INFO Channel 13 : 21[c00000] -> 20[b00000] via P2P/IPC/read
ip-0A230412:46940:47144 [2] NCCL INFO Connected all trees
ip-0A230412:46941:47143 [3] NCCL INFO Connected all trees
ip-0A230412:46938:47146 [1] NCCL INFO Channel 09/0 : 24[100000] -> 17[200000] [receive] via NET/IBext/1/GDRDMA
ip-0A230412:46939:47145 [5] NCCL INFO Channel 20 : 21[c00000] -> 20[b00000] via P2P/IPC/read
ip-0A23040F:53394:53598 [1] NCCL INFO Channel 00 : 9[200000] -> 8[100000] via P2P/IPC/read
ip-0A23040F:53394:53598 [1] NCCL INFO Channel 01 : 9[200000] -> 8[100000] via P2P/IPC/read
ip-0A23040F:53394:53598 [1] NCCL INFO Channel 08 : 9[200000] -> 8[100000] via P2P/IPC/read
ip-0A23040F:53394:53598 [1] NCCL INFO Channel 09 : 9[200000] -> 8[100000] via P2P/IPC/read
ip-0A23040F:53394:53598 [1] NCCL INFO Channel 16 : 9[200000] -> 8[100000] via P2P/IPC/read
ip-0A23040F:53394:53598 [1] NCCL INFO Channel 17 : 9[200000] -> 8[100000] via P2P/IPC/read
ip-0A23040F:53394:53598 [1] NCCL INFO Connected all trees
ip-0A23040F:53390:53599 [0] NCCL INFO Connected all trees
ip-0A23040F:53390:53599 [0] NCCL INFO CollNet 00 : 8 [receive] via COLLNET/SHARP/0/GDRDMA
ip-0A230414:33530:33730 [0] NCCL INFO Connected all trees
ip-0A230414:33528:33734 [1] NCCL INFO Connected all trees
ip-0A230414:33524:33735 [6] NCCL INFO Connected all trees
ip-0A230414:33523:33729 [7] NCCL INFO Connected all trees
ip-0A230412:46939:47145 [5] NCCL INFO Channel 21 : 21[c00000] -> 20[b00000] via P2P/IPC/read
ip-0A230414:33530:33730 [0] NCCL INFO CollNet 00 : 24 [receive] via COLLNET/SHARP/0/GDRDMA
ip-0A230412:46938:47146 [1] NCCL INFO Channel 00 : 17[200000] -> 16[100000] via P2P/IPC/read
ip-0A230412:46938:47146 [1] NCCL INFO Channel 01 : 17[200000] -> 16[100000] via P2P/IPC/read
ip-0A230412:46939:47145 [5] NCCL INFO Connected all trees
ip-0A230412:46945:47148 [4] NCCL INFO Connected all trees
ip-0A230412:46938:47146 [1] NCCL INFO Channel 08 : 17[200000] -> 16[100000] via P2P/IPC/read
ip-0A230412:46938:47146 [1] NCCL INFO Channel 09 : 17[200000] -> 16[100000] via P2P/IPC/read
ip-0A230412:46943:47147 [7] NCCL INFO Channel 06 : 23[e00000] -> 22[d00000] via P2P/IPC/read
ip-0A230412:46938:47146 [1] NCCL INFO Channel 16 : 17[200000] -> 16[100000] via P2P/IPC/read
ip-0A230412:46943:47147 [7] NCCL INFO Channel 07 : 23[e00000] -> 22[d00000] via P2P/IPC/read
ip-0A230412:46938:47146 [1] NCCL INFO Channel 17 : 17[200000] -> 16[100000] via P2P/IPC/read
ip-0A230412:46943:47147 [7] NCCL INFO Channel 14 : 23[e00000] -> 22[d00000] via P2P/IPC/read
ip-0A230412:46943:47147 [7] NCCL INFO Channel 15 : 23[e00000] -> 22[d00000] via P2P/IPC/read
ip-0A230412:46943:47147 [7] NCCL INFO Channel 22 : 23[e00000] -> 22[d00000] via P2P/IPC/read
ip-0A230412:46943:47147 [7] NCCL INFO Channel 23 : 23[e00000] -> 22[d00000] via P2P/IPC/read
ip-0A230412:46944:47141 [0] NCCL INFO Connected all trees
ip-0A230412:46938:47146 [1] NCCL INFO Connected all trees
ip-0A230412:46942:47142 [6] NCCL INFO Connected all trees
ip-0A230412:46943:47147 [7] NCCL INFO Connected all trees
ip-0A230412:46944:47141 [0] NCCL INFO CollNet 00 : 16 [receive] via COLLNET/SHARP/0/GDRDMA
ip-0A230412:46944:47308 [0] NCCL INFO NCCL_SHARP_GROUP_SIZE_THRESH set by environment to 3.
ip-0A230412:46938:47146 [1] NCCL INFO CollNet 01 : 17 [receive] via COLLNET/SHARP/1/GDRDMA
ip-0A230414:33530:33899 [0] NCCL INFO NCCL_SHARP_GROUP_SIZE_THRESH set by environment to 3.
ip-0A230414:33528:33734 [1] NCCL INFO CollNet 01 : 25 [receive] via COLLNET/SHARP/1/GDRDMA
ip-0A230417:37227:37612 [0] NCCL INFO NCCL_SHARP_GROUP_SIZE_THRESH set by environment to 3.
ip-0A230417:37233:37446 [1] NCCL INFO CollNet 01 : 33 [receive] via COLLNET/SHARP/1/GDRDMA
ip-0A230406:88290:88653 [0] NCCL INFO NCCL_SHARP_GROUP_SIZE_THRESH set by environment to 3.
ip-0A23040D:86657:87034 [0] NCCL INFO NCCL_SHARP_GROUP_SIZE_THRESH set by environment to 3.
ip-0A23040D:86660:86866 [1] NCCL INFO CollNet 01 : 1 [receive] via COLLNET/SHARP/1/GDRDMA
ip-0A230408:8645:9016 [0] NCCL INFO NCCL_SHARP_GROUP_SIZE_THRESH set by environment to 3.
ip-0A230406:88284:88488 [1] NCCL INFO CollNet 01 : 41 [receive] via COLLNET/SHARP/1/GDRDMA
ip-0A23040F:53394:53598 [1] NCCL INFO CollNet 01 : 9 [receive] via COLLNET/SHARP/1/GDRDMA
ip-0A230408:8666:8849 [1] NCCL INFO CollNet 01 : 49 [receive] via COLLNET/SHARP/1/GDRDMA
ip-0A23040F:53390:53763 [0] NCCL INFO NCCL_SHARP_GROUP_SIZE_THRESH set by environment to 3.
[ip-0A23040D:0:86657 - context.c:584] INFO job (ID: 2524862828592317239) resource request quota: ( osts:0 user_data_per_ost:0 max_groups:0 max_qps:1 max_group_channels:1, num_trees:1)
[ip-0A23040D:0:86657 unique id 0] ERROR No Aggregation Manager (sharp_am) detected in sharp_create_job.

[ip-0A23040D:0:86657 - context.c:601] ERROR sharp_create_job failed: No Aggregation Manager (sharp_am) detected(-52)
ip-0A230414:33530:33899 [0] NCCL INFO Sharp rank 3/7 initialized on mlx5_ib0:1

ip-0A230414:33530:33899 [0] sharp_plugin.c:288 NCCL WARN NET/IB :SHARP coll init error: Cannot create SHArP job(-11)

ip-0A230414:33530:33899 [0] NCCL INFO include/coll_net.h:21 -> 3
ip-0A230408:8645:9016 [0] NCCL INFO Sharp rank 6/7 initialized on mlx5_ib0:1

ip-0A230408:8645:9016 [0] sharp_plugin.c:288 NCCL WARN NET/IB :SHARP coll init error: Cannot create SHArP job(-11)

ip-0A230408:8645:9016 [0] NCCL INFO include/coll_net.h:21 -> 3
ip-0A230414:33530:33730 [0] NCCL INFO transport.cc:222 -> 2
ip-0A230408:8645:8847 [0] NCCL INFO transport.cc:222 -> 2
ip-0A230406:88290:88653 [0] NCCL INFO Sharp rank 5/7 initialized on mlx5_ib0:1

ip-0A230406:88290:88653 [0] sharp_plugin.c:288 NCCL WARN NET/IB :SHARP coll init error: Cannot create SHArP job(-11)

ip-0A230406:88290:88653 [0] NCCL INFO include/coll_net.h:21 -> 3
ip-0A230417:37227:37612 [0] NCCL INFO Sharp rank 4/7 initialized on mlx5_ib0:1

ip-0A230417:37227:37612 [0] sharp_plugin.c:288 NCCL WARN NET/IB :SHARP coll init error: Cannot create SHArP job(-11)

ip-0A230417:37227:37612 [0] NCCL INFO include/coll_net.h:21 -> 3
ip-0A230406:88290:88487 [0] NCCL INFO transport.cc:222 -> 2
ip-0A23040F:53390:53763 [0] NCCL INFO Sharp rank 1/7 initialized on mlx5_ib0:1

ip-0A23040F:53390:53763 [0] sharp_plugin.c:288 NCCL WARN NET/IB :SHARP coll init error: Cannot create SHArP job(-11)

ip-0A23040F:53390:53763 [0] NCCL INFO include/coll_net.h:21 -> 3
ip-0A230412:46944:47308 [0] NCCL INFO Sharp rank 2/7 initialized on mlx5_ib0:1

ip-0A230412:46944:47308 [0] sharp_plugin.c:288 NCCL WARN NET/IB :SHARP coll init error: Cannot create SHArP job(-11)

ip-0A230412:46944:47308 [0] NCCL INFO include/coll_net.h:21 -> 3
ip-0A230417:37227:37443 [0] NCCL INFO transport.cc:222 -> 2
ip-0A23040F:53390:53599 [0] NCCL INFO transport.cc:222 -> 2
ip-0A230412:46944:47141 [0] NCCL INFO transport.cc:222 -> 2
ip-0A23040D:86657:87034 [0] NCCL INFO Sharp rank 0/7 initialized on mlx5_ib0:1

ip-0A23040D:86657:87034 [0] sharp_plugin.c:288 NCCL WARN NET/IB :SHARP coll init error: Cannot create SHArP job(-11)

ip-0A23040D:86657:87034 [0] NCCL INFO include/coll_net.h:21 -> 3
ip-0A23040D:86657:86867 [0] NCCL INFO transport.cc:222 -> 2
ip-0A23040D:86660:87027 [1] NCCL INFO NCCL_SHARP_GROUP_SIZE_THRESH set by environment to 3.
ip-0A23040D:86662:86863 [2] NCCL INFO CollNet 02 : 2 [receive] via COLLNET/SHARP/2/GDRDMA
ip-0A23040F:53394:53767 [1] NCCL INFO NCCL_SHARP_GROUP_SIZE_THRESH set by environment to 3.
ip-0A230412:46938:47309 [1] NCCL INFO NCCL_SHARP_GROUP_SIZE_THRESH set by environment to 3.
ip-0A23040F:53397:53601 [2] NCCL INFO CollNet 02 : 10 [receive] via COLLNET/SHARP/2/GDRDMA
ip-0A230412:46940:47144 [2] NCCL INFO CollNet 02 : 18 [receive] via COLLNET/SHARP/2/GDRDMA
ip-0A230414:33528:33900 [1] NCCL INFO NCCL_SHARP_GROUP_SIZE_THRESH set by environment to 3.
ip-0A230414:33522:33731 [2] NCCL INFO CollNet 02 : 26 [receive] via COLLNET/SHARP/2/GDRDMA
ip-0A230417:37233:37611 [1] NCCL INFO NCCL_SHARP_GROUP_SIZE_THRESH set by environment to 3.
ip-0A230417:37234:37447 [2] NCCL INFO CollNet 02 : 34 [receive] via COLLNET/SHARP/2/GDRDMA
ip-0A230406:88284:88657 [1] NCCL INFO NCCL_SHARP_GROUP_SIZE_THRESH set by environment to 3.
ip-0A230408:8666:9020 [1] NCCL INFO NCCL_SHARP_GROUP_SIZE_THRESH set by environment to 3.
ip-0A230406:88287:88490 [2] NCCL INFO CollNet 02 : 42 [receive] via COLLNET/SHARP/2/GDRDMA
ip-0A230408:8647:8850 [2] NCCL INFO CollNet 02 : 50 [receive] via COLLNET/SHARP/2/GDRDMA
[ip-0A23040D:0:86660 - context.c:584] INFO job (ID: 2524862893316414083) resource request quota: ( osts:0 user_data_per_ost:0 max_groups:0 max_qps:1 max_group_channels:1, num_trees:1)
[ip-0A23040D:0:86660 unique id 0] ERROR No Aggregation Manager (sharp_am) detected in sharp_create_job.

[ip-0A23040D:0:86660 - context.c:601] ERROR sharp_create_job failed: No Aggregation Manager (sharp_am) detected(-52)
ip-0A230414:33528:33900 [1] NCCL INFO Sharp rank 3/7 initialized on mlx5_ib1:1

ip-0A230414:33528:33900 [1] sharp_plugin.c:288 NCCL WARN NET/IB :SHARP coll init error: Cannot create SHArP job(-11)

ip-0A230414:33528:33900 [1] NCCL INFO include/coll_net.h:21 -> 3
ip-0A230417:37233:37611 [1] NCCL INFO Sharp rank 4/7 initialized on mlx5_ib1:1

ip-0A230417:37233:37611 [1] sharp_plugin.c:288 NCCL WARN NET/IB :SHARP coll init error: Cannot create SHArP job(-11)

ip-0A230417:37233:37611 [1] NCCL INFO include/coll_net.h:21 -> 3
ip-0A230406:88284:88657 [1] NCCL INFO Sharp rank 5/7 initialized on mlx5_ib1:1

ip-0A230406:88284:88657 [1] sharp_plugin.c:288 NCCL WARN NET/IB :SHARP coll init error: Cannot create SHArP job(-11)

ip-0A230406:88284:88657 [1] NCCL INFO include/coll_net.h:21 -> 3
ip-0A23040F:53394:53767 [1] NCCL INFO Sharp rank 1/7 initialized on mlx5_ib1:1

ip-0A23040F:53394:53767 [1] sharp_plugin.c:288 NCCL WARN NET/IB :SHARP coll init error: Cannot create SHArP job(-11)

ip-0A23040F:53394:53767 [1] NCCL INFO include/coll_net.h:21 -> 3
ip-0A230408:8666:9020 [1] NCCL INFO Sharp rank 6/7 initialized on mlx5_ib1:1

ip-0A230408:8666:9020 [1] sharp_plugin.c:288 NCCL WARN NET/IB :SHARP coll init error: Cannot create SHArP job(-11)

ip-0A230408:8666:9020 [1] NCCL INFO include/coll_net.h:21 -> 3
ip-0A230412:46938:47309 [1] NCCL INFO Sharp rank 2/7 initialized on mlx5_ib1:1

ip-0A230412:46938:47309 [1] sharp_plugin.c:288 NCCL WARN NET/IB :SHARP coll init error: Cannot create SHArP job(-11)

ip-0A230412:46938:47309 [1] NCCL INFO include/coll_net.h:21 -> 3
ip-0A230414:33528:33734 [1] NCCL INFO transport.cc:222 -> 2
ip-0A230417:37233:37446 [1] NCCL INFO transport.cc:222 -> 2
ip-0A23040F:53394:53598 [1] NCCL INFO transport.cc:222 -> 2
ip-0A230408:8666:8849 [1] NCCL INFO transport.cc:222 -> 2
ip-0A230412:46938:47146 [1] NCCL INFO transport.cc:222 -> 2
ip-0A230406:88284:88488 [1] NCCL INFO transport.cc:222 -> 2
ip-0A23040D:86660:87027 [1] NCCL INFO Sharp rank 0/7 initialized on mlx5_ib1:1

ip-0A23040D:86660:87027 [1] sharp_plugin.c:288 NCCL WARN NET/IB :SHARP coll init error: Cannot create SHArP job(-11)

ip-0A23040D:86660:87027 [1] NCCL INFO include/coll_net.h:21 -> 3
ip-0A23040D:86660:86866 [1] NCCL INFO transport.cc:222 -> 2
ip-0A23040D:86662:87029 [2] NCCL INFO NCCL_SHARP_GROUP_SIZE_THRESH set by environment to 3.
ip-0A23040D:86655:86865 [3] NCCL INFO CollNet 03 : 3 [receive] via COLLNET/SHARP/3/GDRDMA
ip-0A23040F:53397:53764 [2] NCCL INFO NCCL_SHARP_GROUP_SIZE_THRESH set by environment to 3.
ip-0A23040F:53391:53602 [3] NCCL INFO CollNet 03 : 11 [receive] via COLLNET/SHARP/3/GDRDMA
ip-0A230412:46940:47311 [2] NCCL INFO NCCL_SHARP_GROUP_SIZE_THRESH set by environment to 3.
ip-0A230414:33522:33901 [2] NCCL INFO NCCL_SHARP_GROUP_SIZE_THRESH set by environment to 3.
ip-0A230417:37234:37609 [2] NCCL INFO NCCL_SHARP_GROUP_SIZE_THRESH set by environment to 3.
ip-0A230414:33529:33732 [3] NCCL INFO CollNet 03 : 27 [receive] via COLLNET/SHARP/3/GDRDMA
ip-0A230417:37229:37441 [3] NCCL INFO CollNet 03 : 35 [receive] via COLLNET/SHARP/3/GDRDMA
ip-0A230406:88287:88659 [2] NCCL INFO NCCL_SHARP_GROUP_SIZE_THRESH set by environment to 3.
ip-0A230406:88289:88493 [3] NCCL INFO CollNet 03 : 43 [receive] via COLLNET/SHARP/3/GDRDMA
ip-0A230408:8647:9014 [2] NCCL INFO NCCL_SHARP_GROUP_SIZE_THRESH set by environment to 3.
ip-0A230408:8642:8854 [3] NCCL INFO CollNet 03 : 51 [receive] via COLLNET/SHARP/3/GDRDMA
ip-0A230412:46941:47143 [3] NCCL INFO CollNet 03 : 19 [receive] via COLLNET/SHARP/3/GDRDMA
[ip-0A23040D:0:86662 - context.c:584] INFO job (ID: 2524862762797304380) resource request quota: ( osts:0 user_data_per_ost:0 max_groups:0 max_qps:1 max_group_channels:1, num_trees:1)
[ip-0A23040D:0:86662 unique id 0] ERROR No Aggregation Manager (sharp_am) detected in sharp_create_job.

[ip-0A23040D:0:86662 - context.c:601] ERROR sharp_create_job failed: No Aggregation Manager (sharp_am) detected(-52)
ip-0A23040F:53397:53764 [2] NCCL INFO Sharp rank 1/7 initialized on mlx5_ib2:1

ip-0A23040F:53397:53764 [2] sharp_plugin.c:288 NCCL WARN NET/IB :SHARP coll init error: Cannot create SHArP job(-11)

ip-0A23040F:53397:53764 [2] NCCL INFO include/coll_net.h:21 -> 3
ip-0A230408:8647:9014 [2] NCCL INFO Sharp rank 6/7 initialized on mlx5_ib2:1

ip-0A230408:8647:9014 [2] sharp_plugin.c:288 NCCL WARN NET/IB :SHARP coll init error: Cannot create SHArP job(-11)

ip-0A230408:8647:9014 [2] NCCL INFO include/coll_net.h:21 -> 3
ip-0A230414:33522:33901 [2] NCCL INFO Sharp rank 3/7 initialized on mlx5_ib2:1

ip-0A230414:33522:33901 [2] sharp_plugin.c:288 NCCL WARN NET/IB :SHARP coll init error: Cannot create SHArP job(-11)

ip-0A230414:33522:33901 [2] NCCL INFO include/coll_net.h:21 -> 3
ip-0A230417:37234:37609 [2] NCCL INFO Sharp rank 4/7 initialized on mlx5_ib2:1

ip-0A230417:37234:37609 [2] sharp_plugin.c:288 NCCL WARN NET/IB :SHARP coll init error: Cannot create SHArP job(-11)

ip-0A230417:37234:37609 [2] NCCL INFO include/coll_net.h:21 -> 3
ip-0A230406:88287:88659 [2] NCCL INFO Sharp rank 5/7 initialized on mlx5_ib2:1

ip-0A230406:88287:88659 [2] sharp_plugin.c:288 NCCL WARN NET/IB :SHARP coll init error: Cannot create SHArP job(-11)

ip-0A230406:88287:88659 [2] NCCL INFO include/coll_net.h:21 -> 3
ip-0A230412:46940:47311 [2] NCCL INFO Sharp rank 2/7 initialized on mlx5_ib2:1

ip-0A230412:46940:47311 [2] sharp_plugin.c:288 NCCL WARN NET/IB :SHARP coll init error: Cannot create SHArP job(-11)

ip-0A230412:46940:47311 [2] NCCL INFO include/coll_net.h:21 -> 3
ip-0A230417:37234:37447 [2] NCCL INFO transport.cc:222 -> 2
ip-0A230408:8647:8850 [2] NCCL INFO transport.cc:222 -> 2
ip-0A23040F:53397:53601 [2] NCCL INFO transport.cc:222 -> 2
ip-0A230414:33522:33731 [2] NCCL INFO transport.cc:222 -> 2
ip-0A230406:88287:88490 [2] NCCL INFO transport.cc:222 -> 2
ip-0A230412:46940:47144 [2] NCCL INFO transport.cc:222 -> 2
ip-0A23040D:86662:87029 [2] NCCL INFO Sharp rank 0/7 initialized on mlx5_ib2:1

ip-0A23040D:86662:87029 [2] sharp_plugin.c:288 NCCL WARN NET/IB :SHARP coll init error: Cannot create SHArP job(-11)

ip-0A23040D:86662:87029 [2] NCCL INFO include/coll_net.h:21 -> 3
ip-0A23040D:86662:86863 [2] NCCL INFO transport.cc:222 -> 2
ip-0A23040D:86655:87030 [3] NCCL INFO NCCL_SHARP_GROUP_SIZE_THRESH set by environment to 3.
ip-0A23040D:86659:86861 [4] NCCL INFO CollNet 04 : 4 [receive] via COLLNET/SHARP/4/GDRDMA
ip-0A23040F:53391:53761 [3] NCCL INFO NCCL_SHARP_GROUP_SIZE_THRESH set by environment to 3.
ip-0A23040F:53392:53597 [4] NCCL INFO CollNet 04 : 12 [receive] via COLLNET/SHARP/4/GDRDMA
ip-0A230412:46941:47307 [3] NCCL INFO NCCL_SHARP_GROUP_SIZE_THRESH set by environment to 3.
ip-0A230412:46945:47148 [4] NCCL INFO CollNet 04 : 20 [receive] via COLLNET/SHARP/4/GDRDMA
ip-0A230414:33529:33902 [3] NCCL INFO NCCL_SHARP_GROUP_SIZE_THRESH set by environment to 3.
ip-0A230414:33526:33733 [4] NCCL INFO CollNet 04 : 28 [receive] via COLLNET/SHARP/4/GDRDMA
ip-0A230417:37229:37607 [3] NCCL INFO NCCL_SHARP_GROUP_SIZE_THRESH set by environment to 3.
ip-0A230417:37230:37442 [4] NCCL INFO CollNet 04 : 36 [receive] via COLLNET/SHARP/4/GDRDMA
ip-0A230406:88289:88660 [3] NCCL INFO NCCL_SHARP_GROUP_SIZE_THRESH set by environment to 3.
ip-0A230406:88283:88491 [4] NCCL INFO CollNet 04 : 44 [receive] via COLLNET/SHARP/4/GDRDMA
ip-0A230408:8642:9019 [3] NCCL INFO NCCL_SHARP_GROUP_SIZE_THRESH set by environment to 3.
ip-0A230408:8646:8852 [4] NCCL INFO CollNet 04 : 52 [receive] via COLLNET/SHARP/4/GDRDMA
[ip-0A23040D:0:86655 - context.c:584] INFO job (ID: 2524863209849748964) resource request quota: ( osts:0 user_data_per_ost:0 max_groups:0 max_qps:1 max_group_channels:1, num_trees:1)
[ip-0A23040D:0:86655 unique id 0] ERROR No Aggregation Manager (sharp_am) detected in sharp_create_job.

[ip-0A23040D:0:86655 - context.c:601] ERROR sharp_create_job failed: No Aggregation Manager (sharp_am) detected(-52)
ip-0A23040F:53391:53761 [3] NCCL INFO Sharp rank 1/7 initialized on mlx5_ib3:1

ip-0A23040F:53391:53761 [3] sharp_plugin.c:288 NCCL WARN NET/IB :SHARP coll init error: Cannot create SHArP job(-11)

ip-0A23040F:53391:53761 [3] NCCL INFO include/coll_net.h:21 -> 3
ip-0A230414:33529:33902 [3] NCCL INFO Sharp rank 3/7 initialized on mlx5_ib3:1

ip-0A230414:33529:33902 [3] sharp_plugin.c:288 NCCL WARN NET/IB :SHARP coll init error: Cannot create SHArP job(-11)

ip-0A230414:33529:33902 [3] NCCL INFO include/coll_net.h:21 -> 3
ip-0A230412:46941:47307 [3] NCCL INFO Sharp rank 2/7 initialized on mlx5_ib3:1

ip-0A230412:46941:47307 [3] sharp_plugin.c:288 NCCL WARN NET/IB :SHARP coll init error: Cannot create SHArP job(-11)

ip-0A230412:46941:47307 [3] NCCL INFO include/coll_net.h:21 -> 3
ip-0A230417:37229:37607 [3] NCCL INFO Sharp rank 4/7 initialized on mlx5_ib3:1

ip-0A230417:37229:37607 [3] sharp_plugin.c:288 NCCL WARN NET/IB :SHARP coll init error: Cannot create SHArP job(-11)

ip-0A230417:37229:37607 [3] NCCL INFO include/coll_net.h:21 -> 3
ip-0A230408:8642:9019 [3] NCCL INFO Sharp rank 6/7 initialized on mlx5_ib3:1

ip-0A230408:8642:9019 [3] sharp_plugin.c:288 NCCL WARN NET/IB :SHARP coll init error: Cannot create SHArP job(-11)

ip-0A230408:8642:9019 [3] NCCL INFO include/coll_net.h:21 -> 3
ip-0A230406:88289:88660 [3] NCCL INFO Sharp rank 5/7 initialized on mlx5_ib3:1

ip-0A230406:88289:88660 [3] sharp_plugin.c:288 NCCL WARN NET/IB :SHARP coll init error: Cannot create SHArP job(-11)

ip-0A230406:88289:88660 [3] NCCL INFO include/coll_net.h:21 -> 3
ip-0A230414:33529:33732 [3] NCCL INFO transport.cc:222 -> 2
ip-0A230417:37229:37441 [3] NCCL INFO transport.cc:222 -> 2
ip-0A230408:8642:8854 [3] NCCL INFO transport.cc:222 -> 2
ip-0A23040F:53391:53602 [3] NCCL INFO transport.cc:222 -> 2
ip-0A230412:46941:47143 [3] NCCL INFO transport.cc:222 -> 2
ip-0A230406:88289:88493 [3] NCCL INFO transport.cc:222 -> 2
ip-0A23040D:86655:87030 [3] NCCL INFO Sharp rank 0/7 initialized on mlx5_ib3:1

ip-0A23040D:86655:87030 [3] sharp_plugin.c:288 NCCL WARN NET/IB :SHARP coll init error: Cannot create SHArP job(-11)

ip-0A23040D:86655:87030 [3] NCCL INFO include/coll_net.h:21 -> 3
ip-0A23040D:86655:86865 [3] NCCL INFO transport.cc:222 -> 2
ip-0A23040D:86659:87033 [4] NCCL INFO NCCL_SHARP_GROUP_SIZE_THRESH set by environment to 3.
ip-0A23040D:86658:86860 [5] NCCL INFO CollNet 05 : 5 [receive] via COLLNET/SHARP/5/GDRDMA
ip-0A23040F:53392:53762 [4] NCCL INFO NCCL_SHARP_GROUP_SIZE_THRESH set by environment to 3.
ip-0A23040F:53396:53600 [5] NCCL INFO CollNet 05 : 13 [receive] via COLLNET/SHARP/5/GDRDMA
ip-0A230412:46945:47313 [4] NCCL INFO NCCL_SHARP_GROUP_SIZE_THRESH set by environment to 3.
ip-0A230412:46939:47145 [5] NCCL INFO CollNet 05 : 21 [receive] via COLLNET/SHARP/5/GDRDMA
ip-0A230414:33526:33897 [4] NCCL INFO NCCL_SHARP_GROUP_SIZE_THRESH set by environment to 3.
ip-0A230414:33525:33728 [5] NCCL INFO CollNet 05 : 29 [receive] via COLLNET/SHARP/5/GDRDMA
ip-0A230417:37230:37613 [4] NCCL INFO NCCL_SHARP_GROUP_SIZE_THRESH set by environment to 3.
ip-0A230417:37231:37445 [5] NCCL INFO CollNet 05 : 37 [receive] via COLLNET/SHARP/5/GDRDMA
ip-0A230406:88283:88654 [4] NCCL INFO NCCL_SHARP_GROUP_SIZE_THRESH set by environment to 3.
ip-0A230406:88285:88492 [5] NCCL INFO CollNet 05 : 45 [receive] via COLLNET/SHARP/5/GDRDMA
ip-0A230408:8646:9015 [4] NCCL INFO NCCL_SHARP_GROUP_SIZE_THRESH set by environment to 3.
ip-0A230408:8649:8853 [5] NCCL INFO CollNet 05 : 53 [receive] via COLLNET/SHARP/5/GDRDMA
[ip-0A23040D:0:86659 - context.c:584] INFO job (ID: 2524863073413914073) resource request quota: ( osts:0 user_data_per_ost:0 max_groups:0 max_qps:1 max_group_channels:1, num_trees:1)
[ip-0A23040D:0:86659 unique id 0] ERROR No Aggregation Manager (sharp_am) detected in sharp_create_job.

[ip-0A23040D:0:86659 - context.c:601] ERROR sharp_create_job failed: No Aggregation Manager (sharp_am) detected(-52)
ip-0A230406:88283:88654 [4] NCCL INFO Sharp rank 5/7 initialized on mlx5_ib4:1

ip-0A230406:88283:88654 [4] sharp_plugin.c:288 NCCL WARN NET/IB :SHARP coll init error: Cannot create SHArP job(-11)

ip-0A230406:88283:88654 [4] NCCL INFO include/coll_net.h:21 -> 3
ip-0A23040F:53392:53762 [4] NCCL INFO Sharp rank 1/7 initialized on mlx5_ib4:1

ip-0A23040F:53392:53762 [4] sharp_plugin.c:288 NCCL WARN NET/IB :SHARP coll init error: Cannot create SHArP job(-11)

ip-0A23040F:53392:53762 [4] NCCL INFO include/coll_net.h:21 -> 3
ip-0A230408:8646:9015 [4] NCCL INFO Sharp rank 6/7 initialized on mlx5_ib4:1

ip-0A230408:8646:9015 [4] sharp_plugin.c:288 NCCL WARN NET/IB :SHARP coll init error: Cannot create SHArP job(-11)

ip-0A230408:8646:9015 [4] NCCL INFO include/coll_net.h:21 -> 3
ip-0A230412:46945:47313 [4] NCCL INFO Sharp rank 2/7 initialized on mlx5_ib4:1

ip-0A230412:46945:47313 [4] sharp_plugin.c:288 NCCL WARN NET/IB :SHARP coll init error: Cannot create SHArP job(-11)

ip-0A230412:46945:47313 [4] NCCL INFO include/coll_net.h:21 -> 3
ip-0A230414:33526:33897 [4] NCCL INFO Sharp rank 3/7 initialized on mlx5_ib4:1

ip-0A230414:33526:33897 [4] sharp_plugin.c:288 NCCL WARN NET/IB :SHARP coll init error: Cannot create SHArP job(-11)

ip-0A230414:33526:33897 [4] NCCL INFO include/coll_net.h:21 -> 3
ip-0A230417:37230:37613 [4] NCCL INFO Sharp rank 4/7 initialized on mlx5_ib4:1

ip-0A230417:37230:37613 [4] sharp_plugin.c:288 NCCL WARN NET/IB :SHARP coll init error: Cannot create SHArP job(-11)

ip-0A230417:37230:37613 [4] NCCL INFO include/coll_net.h:21 -> 3
ip-0A23040F:53392:53597 [4] NCCL INFO transport.cc:222 -> 2
ip-0A230406:88283:88491 [4] NCCL INFO transport.cc:222 -> 2
ip-0A230408:8646:8852 [4] NCCL INFO transport.cc:222 -> 2
ip-0A230414:33526:33733 [4] NCCL INFO transport.cc:222 -> 2
ip-0A230412:46945:47148 [4] NCCL INFO transport.cc:222 -> 2
ip-0A230417:37230:37442 [4] NCCL INFO transport.cc:222 -> 2
ip-0A23040D:86659:87033 [4] NCCL INFO Sharp rank 0/7 initialized on mlx5_ib4:1

ip-0A23040D:86659:87033 [4] sharp_plugin.c:288 NCCL WARN NET/IB :SHARP coll init error: Cannot create SHArP job(-11)

ip-0A23040D:86659:87033 [4] NCCL INFO include/coll_net.h:21 -> 3
ip-0A23040D:86659:86861 [4] NCCL INFO transport.cc:222 -> 2
ip-0A23040D:86658:87032 [5] NCCL INFO NCCL_SHARP_GROUP_SIZE_THRESH set by environment to 3.
ip-0A23040D:86661:86864 [6] NCCL INFO CollNet 06 : 6 [receive] via COLLNET/SHARP/6/GDRDMA
ip-0A23040F:53396:53768 [5] NCCL INFO NCCL_SHARP_GROUP_SIZE_THRESH set by environment to 3.
ip-0A23040F:53398:53596 [6] NCCL INFO CollNet 06 : 14 [receive] via COLLNET/SHARP/6/GDRDMA
ip-0A230412:46939:47314 [5] NCCL INFO NCCL_SHARP_GROUP_SIZE_THRESH set by environment to 3.
ip-0A230412:46942:47142 [6] NCCL INFO CollNet 06 : 22 [receive] via COLLNET/SHARP/6/GDRDMA
ip-0A230414:33525:33898 [5] NCCL INFO NCCL_SHARP_GROUP_SIZE_THRESH set by environment to 3.
ip-0A230417:37231:37614 [5] NCCL INFO NCCL_SHARP_GROUP_SIZE_THRESH set by environment to 3.
ip-0A230414:33524:33735 [6] NCCL INFO CollNet 06 : 30 [receive] via COLLNET/SHARP/6/GDRDMA
ip-0A230417:37232:37444 [6] NCCL INFO CollNet 06 : 38 [receive] via COLLNET/SHARP/6/GDRDMA
ip-0A230406:88285:88655 [5] NCCL INFO NCCL_SHARP_GROUP_SIZE_THRESH set by environment to 3.
ip-0A230406:88286:88489 [6] NCCL INFO CollNet 06 : 46 [receive] via COLLNET/SHARP/6/GDRDMA
ip-0A230408:8649:9018 [5] NCCL INFO NCCL_SHARP_GROUP_SIZE_THRESH set by environment to 3.
ip-0A230408:8643:8851 [6] NCCL INFO CollNet 06 : 54 [receive] via COLLNET/SHARP/6/GDRDMA
[ip-0A23040D:0:86658 - context.c:584] INFO job (ID: 2524863341709362657) resource request quota: ( osts:0 user_data_per_ost:0 max_groups:0 max_qps:1 max_group_channels:1, num_trees:1)
[ip-0A23040D:0:86658 unique id 0] ERROR No Aggregation Manager (sharp_am) detected in sharp_create_job.

[ip-0A23040D:0:86658 - context.c:601] ERROR sharp_create_job failed: No Aggregation Manager (sharp_am) detected(-52)
ip-0A230414:33525:33898 [5] NCCL INFO Sharp rank 3/7 initialized on mlx5_ib5:1

ip-0A230414:33525:33898 [5] sharp_plugin.c:288 NCCL WARN NET/IB :SHARP coll init error: Cannot create SHArP job(-11)

ip-0A230414:33525:33898 [5] NCCL INFO include/coll_net.h:21 -> 3
ip-0A230408:8649:9018 [5] NCCL INFO Sharp rank 6/7 initialized on mlx5_ib5:1

ip-0A230408:8649:9018 [5] sharp_plugin.c:288 NCCL WARN NET/IB :SHARP coll init error: Cannot create SHArP job(-11)

ip-0A230408:8649:9018 [5] NCCL INFO include/coll_net.h:21 -> 3
ip-0A230417:37231:37614 [5] NCCL INFO Sharp rank 4/7 initialized on mlx5_ib5:1

ip-0A230417:37231:37614 [5] sharp_plugin.c:288 NCCL WARN NET/IB :SHARP coll init error: Cannot create SHArP job(-11)

ip-0A230417:37231:37614 [5] NCCL INFO include/coll_net.h:21 -> 3
ip-0A230406:88285:88655 [5] NCCL INFO Sharp rank 5/7 initialized on mlx5_ib5:1

ip-0A230406:88285:88655 [5] sharp_plugin.c:288 NCCL WARN NET/IB :SHARP coll init error: Cannot create SHArP job(-11)

ip-0A230406:88285:88655 [5] NCCL INFO include/coll_net.h:21 -> 3
ip-0A23040F:53396:53768 [5] NCCL INFO Sharp rank 1/7 initialized on mlx5_ib5:1

ip-0A23040F:53396:53768 [5] sharp_plugin.c:288 NCCL WARN NET/IB :SHARP coll init error: Cannot create SHArP job(-11)

ip-0A23040F:53396:53768 [5] NCCL INFO include/coll_net.h:21 -> 3
ip-0A230412:46939:47314 [5] NCCL INFO Sharp rank 2/7 initialized on mlx5_ib5:1

ip-0A230412:46939:47314 [5] sharp_plugin.c:288 NCCL WARN NET/IB :SHARP coll init error: Cannot create SHArP job(-11)

ip-0A230412:46939:47314 [5] NCCL INFO include/coll_net.h:21 -> 3
ip-0A230408:8649:8853 [5] NCCL INFO transport.cc:222 -> 2
ip-0A230417:37231:37445 [5] NCCL INFO transport.cc:222 -> 2
ip-0A230406:88285:88492 [5] NCCL INFO transport.cc:222 -> 2
ip-0A23040F:53396:53600 [5] NCCL INFO transport.cc:222 -> 2
ip-0A230412:46939:47145 [5] NCCL INFO transport.cc:222 -> 2
ip-0A230414:33525:33728 [5] NCCL INFO transport.cc:222 -> 2
ip-0A23040D:86658:87032 [5] NCCL INFO Sharp rank 0/7 initialized on mlx5_ib5:1

ip-0A23040D:86658:87032 [5] sharp_plugin.c:288 NCCL WARN NET/IB :SHARP coll init error: Cannot create SHArP job(-11)

ip-0A23040D:86658:87032 [5] NCCL INFO include/coll_net.h:21 -> 3
ip-0A23040D:86658:86860 [5] NCCL INFO transport.cc:222 -> 2
ip-0A23040D:86661:87031 [6] NCCL INFO NCCL_SHARP_GROUP_SIZE_THRESH set by environment to 3.
ip-0A23040D:86656:86862 [7] NCCL INFO CollNet 07 : 7 [receive] via COLLNET/SHARP/7/GDRDMA
ip-0A23040F:53398:53766 [6] NCCL INFO NCCL_SHARP_GROUP_SIZE_THRESH set by environment to 3.
ip-0A23040F:53393:53595 [7] NCCL INFO CollNet 07 : 15 [receive] via COLLNET/SHARP/7/GDRDMA
ip-0A230412:46942:47312 [6] NCCL INFO NCCL_SHARP_GROUP_SIZE_THRESH set by environment to 3.
ip-0A230414:33524:33896 [6] NCCL INFO NCCL_SHARP_GROUP_SIZE_THRESH set by environment to 3.
ip-0A230412:46943:47147 [7] NCCL INFO CollNet 07 : 23 [receive] via COLLNET/SHARP/7/GDRDMA
ip-0A230414:33523:33729 [7] NCCL INFO CollNet 07 : 31 [receive] via COLLNET/SHARP/7/GDRDMA
ip-0A230417:37232:37608 [6] NCCL INFO NCCL_SHARP_GROUP_SIZE_THRESH set by environment to 3.
ip-0A230417:37228:37440 [7] NCCL INFO CollNet 07 : 39 [receive] via COLLNET/SHARP/7/GDRDMA
ip-0A230406:88286:88656 [6] NCCL INFO NCCL_SHARP_GROUP_SIZE_THRESH set by environment to 3.
ip-0A230406:88288:88494 [7] NCCL INFO CollNet 07 : 47 [receive] via COLLNET/SHARP/7/GDRDMA
ip-0A230408:8643:9017 [6] NCCL INFO NCCL_SHARP_GROUP_SIZE_THRESH set by environment to 3.
ip-0A230408:8644:8848 [7] NCCL INFO CollNet 07 : 55 [receive] via COLLNET/SHARP/7/GDRDMA
[ip-0A23040D:0:86661 - context.c:584] INFO job (ID: 2524862480264126922) resource request quota: ( osts:0 user_data_per_ost:0 max_groups:0 max_qps:1 max_group_channels:1, num_trees:1)
[ip-0A23040D:0:86661 unique id 0] ERROR No Aggregation Manager (sharp_am) detected in sharp_create_job.

[ip-0A23040D:0:86661 - context.c:601] ERROR sharp_create_job failed: No Aggregation Manager (sharp_am) detected(-52)
ip-0A230408:8643:9017 [6] NCCL INFO Sharp rank 6/7 initialized on mlx5_ib6:1

ip-0A230408:8643:9017 [6] sharp_plugin.c:288 NCCL WARN NET/IB :SHARP coll init error: Cannot create SHArP job(-11)

ip-0A230408:8643:9017 [6] NCCL INFO include/coll_net.h:21 -> 3
ip-0A230406:88286:88656 [6] NCCL INFO Sharp rank 5/7 initialized on mlx5_ib6:1

ip-0A230406:88286:88656 [6] sharp_plugin.c:288 NCCL WARN NET/IB :SHARP coll init error: Cannot create SHArP job(-11)

ip-0A230406:88286:88656 [6] NCCL INFO include/coll_net.h:21 -> 3
ip-0A23040F:53398:53766 [6] NCCL INFO Sharp rank 1/7 initialized on mlx5_ib6:1

ip-0A23040F:53398:53766 [6] sharp_plugin.c:288 NCCL WARN NET/IB :SHARP coll init error: Cannot create SHArP job(-11)

ip-0A23040F:53398:53766 [6] NCCL INFO include/coll_net.h:21 -> 3
ip-0A230414:33524:33896 [6] NCCL INFO Sharp rank 3/7 initialized on mlx5_ib6:1

ip-0A230414:33524:33896 [6] sharp_plugin.c:288 NCCL WARN NET/IB :SHARP coll init error: Cannot create SHArP job(-11)

ip-0A230414:33524:33896 [6] NCCL INFO include/coll_net.h:21 -> 3
ip-0A230412:46942:47312 [6] NCCL INFO Sharp rank 2/7 initialized on mlx5_ib6:1

ip-0A230412:46942:47312 [6] sharp_plugin.c:288 NCCL WARN NET/IB :SHARP coll init error: Cannot create SHArP job(-11)

ip-0A230412:46942:47312 [6] NCCL INFO include/coll_net.h:21 -> 3
ip-0A230417:37232:37608 [6] NCCL INFO Sharp rank 4/7 initialized on mlx5_ib6:1

ip-0A230417:37232:37608 [6] sharp_plugin.c:288 NCCL WARN NET/IB :SHARP coll init error: Cannot create SHArP job(-11)

ip-0A230417:37232:37608 [6] NCCL INFO include/coll_net.h:21 -> 3
ip-0A230408:8643:8851 [6] NCCL INFO transport.cc:222 -> 2
ip-0A230406:88286:88489 [6] NCCL INFO transport.cc:222 -> 2
ip-0A23040F:53398:53596 [6] NCCL INFO transport.cc:222 -> 2
ip-0A230414:33524:33735 [6] NCCL INFO transport.cc:222 -> 2
ip-0A230412:46942:47142 [6] NCCL INFO transport.cc:222 -> 2
ip-0A230417:37232:37444 [6] NCCL INFO transport.cc:222 -> 2
ip-0A23040D:86661:87031 [6] NCCL INFO Sharp rank 0/7 initialized on mlx5_ib6:1

ip-0A23040D:86661:87031 [6] sharp_plugin.c:288 NCCL WARN NET/IB :SHARP coll init error: Cannot create SHArP job(-11)

ip-0A23040D:86661:87031 [6] NCCL INFO include/coll_net.h:21 -> 3
ip-0A23040D:86661:86864 [6] NCCL INFO transport.cc:222 -> 2
ip-0A23040D:86656:87028 [7] NCCL INFO NCCL_SHARP_GROUP_SIZE_THRESH set by environment to 3.
ip-0A23040F:53393:53765 [7] NCCL INFO NCCL_SHARP_GROUP_SIZE_THRESH set by environment to 3.
ip-0A230412:46943:47310 [7] NCCL INFO NCCL_SHARP_GROUP_SIZE_THRESH set by environment to 3.
ip-0A230414:33523:33895 [7] NCCL INFO NCCL_SHARP_GROUP_SIZE_THRESH set by environment to 3.
ip-0A230417:37228:37610 [7] NCCL INFO NCCL_SHARP_GROUP_SIZE_THRESH set by environment to 3.
ip-0A230406:88288:88658 [7] NCCL INFO NCCL_SHARP_GROUP_SIZE_THRESH set by environment to 3.
ip-0A230408:8644:9021 [7] NCCL INFO NCCL_SHARP_GROUP_SIZE_THRESH set by environment to 3.
[ip-0A23040D:0:86656 - context.c:584] INFO job (ID: 2524862624717380143) resource request quota: ( osts:0 user_data_per_ost:0 max_groups:0 max_qps:1 max_group_channels:1, num_trees:1)
[ip-0A23040D:0:86656 unique id 0] ERROR No Aggregation Manager (sharp_am) detected in sharp_create_job.

[ip-0A23040D:0:86656 - context.c:601] ERROR sharp_create_job failed: No Aggregation Manager (sharp_am) detected(-52)
ip-0A230408:8644:9021 [7] NCCL INFO Sharp rank 6/7 initialized on mlx5_ib7:1

ip-0A230408:8644:9021 [7] sharp_plugin.c:288 NCCL WARN NET/IB :SHARP coll init error: Cannot create SHArP job(-11)

ip-0A230408:8644:9021 [7] NCCL INFO include/coll_net.h:21 -> 3
ip-0A23040F:53393:53765 [7] NCCL INFO Sharp rank 1/7 initialized on mlx5_ib7:1

ip-0A23040F:53393:53765 [7] sharp_plugin.c:288 NCCL WARN NET/IB :SHARP coll init error: Cannot create SHArP job(-11)

ip-0A23040F:53393:53765 [7] NCCL INFO include/coll_net.h:21 -> 3
ip-0A230414:33523:33895 [7] NCCL INFO Sharp rank 3/7 initialized on mlx5_ib7:1

ip-0A230414:33523:33895 [7] sharp_plugin.c:288 NCCL WARN NET/IB :SHARP coll init error: Cannot create SHArP job(-11)

ip-0A230414:33523:33895 [7] NCCL INFO include/coll_net.h:21 -> 3
ip-0A230412:46943:47310 [7] NCCL INFO Sharp rank 2/7 initialized on mlx5_ib7:1

ip-0A230412:46943:47310 [7] sharp_plugin.c:288 NCCL WARN NET/IB :SHARP coll init error: Cannot create SHArP job(-11)

ip-0A230412:46943:47310 [7] NCCL INFO include/coll_net.h:21 -> 3
ip-0A230417:37228:37610 [7] NCCL INFO Sharp rank 4/7 initialized on mlx5_ib7:1

ip-0A230417:37228:37610 [7] sharp_plugin.c:288 NCCL WARN NET/IB :SHARP coll init error: Cannot create SHArP job(-11)

ip-0A230417:37228:37610 [7] NCCL INFO include/coll_net.h:21 -> 3
ip-0A230406:88288:88658 [7] NCCL INFO Sharp rank 5/7 initialized on mlx5_ib7:1

ip-0A230406:88288:88658 [7] sharp_plugin.c:288 NCCL WARN NET/IB :SHARP coll init error: Cannot create SHArP job(-11)

ip-0A230406:88288:88658 [7] NCCL INFO include/coll_net.h:21 -> 3
ip-0A230408:8644:8848 [7] NCCL INFO transport.cc:222 -> 2
ip-0A230417:37228:37440 [7] NCCL INFO transport.cc:222 -> 2
ip-0A23040F:53393:53595 [7] NCCL INFO transport.cc:222 -> 2
ip-0A230412:46943:47147 [7] NCCL INFO transport.cc:222 -> 2
ip-0A230406:88288:88494 [7] NCCL INFO transport.cc:222 -> 2
ip-0A230414:33523:33729 [7] NCCL INFO transport.cc:222 -> 2
ip-0A23040F:53393:53595 [7] NCCL INFO init.cc:765 -> 2
ip-0A23040F:53393:53595 [7] NCCL INFO threadThresholds 8/8/64 | 448/8/64 | 8/8/512
ip-0A230408:8647:8850 [2] NCCL INFO init.cc:765 -> 2
ip-0A230414:33523:33729 [7] NCCL INFO init.cc:765 -> 2
ip-0A230414:33523:33729 [7] NCCL INFO threadThresholds 8/8/64 | 448/8/64 | 8/8/512

ip-0A23040F:53390:53599 [0] transport.cc:253 NCCL WARN Cannot initialize CollNet, using point-to-point network instead
ip-0A23040F:53394:53598 [1] NCCL INFO init.cc:765 -> 2
ip-0A23040F:53397:53601 [2] NCCL INFO init.cc:765 -> 2
ip-0A23040F:53397:53601 [2] NCCL INFO threadThresholds 8/8/64 | 448/8/64 | 8/8/512
ip-0A230408:8642:8854 [3] NCCL INFO init.cc:765 -> 2
ip-0A23040F:53391:53602 [3] NCCL INFO init.cc:765 -> 2
ip-0A23040F:53391:53602 [3] NCCL INFO threadThresholds 8/8/64 | 448/8/64 | 8/8/512
ip-0A230408:8646:8852 [4] NCCL INFO init.cc:765 -> 2
ip-0A230408:8646:8852 [4] NCCL INFO threadThresholds 8/8/64 | 448/8/64 | 8/8/512
ip-0A230412:46943:47147 [7] NCCL INFO init.cc:765 -> 2
ip-0A23040F:53398:53596 [6] NCCL INFO init.cc:765 -> 2
ip-0A23040F:53398:53596 [6] NCCL INFO threadThresholds 8/8/64 | 448/8/64 | 8/8/512
ip-0A230408:8649:8853 [5] NCCL INFO init.cc:765 -> 2
ip-0A23040F:53390:53599 [0] NCCL INFO init.cc:765 -> 2
ip-0A23040F:53390:53599 [0] NCCL INFO threadThresholds 8/8/64 | 448/8/64 | 8/8/512
ip-0A230408:8644:8848 [7] NCCL INFO init.cc:765 -> 2
ip-0A230408:8644:8848 [7] NCCL INFO threadThresholds 8/8/64 | 448/8/64 | 8/8/512
ip-0A23040F:53394:53598 [1] NCCL INFO threadThresholds 8/8/64 | 448/8/64 | 8/8/512

ip-0A230408:8645:8847 [0] transport.cc:253 NCCL WARN Cannot initialize CollNet, using point-to-point network instead
ip-0A230408:8645:8847 [0] NCCL INFO init.cc:765 -> 2
ip-0A230417:37232:37444 [6] NCCL INFO init.cc:765 -> 2
ip-0A230417:37232:37444 [6] NCCL INFO threadThresholds 8/8/64 | 448/8/64 | 8/8/512
ip-0A23040F:53392:53597 [4] NCCL INFO init.cc:765 -> 2
ip-0A23040F:53392:53597 [4] NCCL INFO threadThresholds 8/8/64 | 448/8/64 | 8/8/512
ip-0A230408:8666:8849 [1] NCCL INFO init.cc:765 -> 2
ip-0A230408:8666:8849 [1] NCCL INFO threadThresholds 8/8/64 | 448/8/64 | 8/8/512
ip-0A23040F:53396:53600 [5] NCCL INFO init.cc:765 -> 2
ip-0A23040F:53396:53600 [5] NCCL INFO threadThresholds 8/8/64 | 448/8/64 | 8/8/512
ip-0A230408:8647:8850 [2] NCCL INFO threadThresholds 8/8/64 | 448/8/64 | 8/8/512
ip-0A230408:8642:8854 [3] NCCL INFO threadThresholds 8/8/64 | 448/8/64 | 8/8/512
ip-0A230406:88288:88494 [7] NCCL INFO init.cc:765 -> 2
ip-0A230408:8649:8853 [5] NCCL INFO threadThresholds 8/8/64 | 448/8/64 | 8/8/512
ip-0A230408:8643:8851 [6] NCCL INFO init.cc:765 -> 2
ip-0A230408:8643:8851 [6] NCCL INFO threadThresholds 8/8/64 | 448/8/64 | 8/8/512
ip-0A230408:8645:8847 [0] NCCL INFO threadThresholds 8/8/64 | 448/8/64 | 8/8/512
ip-0A230412:46943:47147 [7] NCCL INFO threadThresholds 8/8/64 | 448/8/64 | 8/8/512

ip-0A230412:46944:47141 [0] transport.cc:253 NCCL WARN Cannot initialize CollNet, using point-to-point network instead
ip-0A230412:46944:47141 [0] NCCL INFO init.cc:765 -> 2
ip-0A230417:37228:37440 [7] NCCL INFO init.cc:765 -> 2
ip-0A230417:37228:37440 [7] NCCL INFO threadThresholds 8/8/64 | 448/8/64 | 8/8/512
ip-0A230412:46938:47146 [1] NCCL INFO init.cc:765 -> 2

ip-0A230417:37227:37443 [0] transport.cc:253 NCCL WARN Cannot initialize CollNet, using point-to-point network instead
ip-0A230417:37227:37443 [0] NCCL INFO init.cc:765 -> 2
ip-0A230417:37227:37443 [0] NCCL INFO threadThresholds 8/8/64 | 448/8/64 | 8/8/512
ip-0A230412:46940:47144 [2] NCCL INFO init.cc:765 -> 2
ip-0A230412:46940:47144 [2] NCCL INFO threadThresholds 8/8/64 | 448/8/64 | 8/8/512
ip-0A230417:37233:37446 [1] NCCL INFO init.cc:765 -> 2
ip-0A230417:37233:37446 [1] NCCL INFO threadThresholds 8/8/64 | 448/8/64 | 8/8/512
ip-0A230412:46941:47143 [3] NCCL INFO init.cc:765 -> 2
ip-0A230412:46941:47143 [3] NCCL INFO threadThresholds 8/8/64 | 448/8/64 | 8/8/512
ip-0A230417:37234:37447 [2] NCCL INFO init.cc:765 -> 2
ip-0A230417:37234:37447 [2] NCCL INFO threadThresholds 8/8/64 | 448/8/64 | 8/8/512
ip-0A230406:88287:88490 [2] NCCL INFO init.cc:765 -> 2
ip-0A230412:46945:47148 [4] NCCL INFO init.cc:765 -> 2
ip-0A230412:46945:47148 [4] NCCL INFO threadThresholds 8/8/64 | 448/8/64 | 8/8/512
ip-0A230417:37229:37441 [3] NCCL INFO init.cc:765 -> 2
ip-0A230417:37229:37441 [3] NCCL INFO threadThresholds 8/8/64 | 448/8/64 | 8/8/512

ip-0A230406:88290:88487 [0] transport.cc:253 NCCL WARN Cannot initialize CollNet, using point-to-point network instead
ip-0A230406:88290:88487 [0] NCCL INFO init.cc:765 -> 2
ip-0A230412:46939:47145 [5] NCCL INFO init.cc:765 -> 2
ip-0A230412:46939:47145 [5] NCCL INFO threadThresholds 8/8/64 | 448/8/64 | 8/8/512
ip-0A230417:37230:37442 [4] NCCL INFO init.cc:765 -> 2
ip-0A230417:37230:37442 [4] NCCL INFO threadThresholds 8/8/64 | 448/8/64 | 8/8/512
ip-0A230406:88284:88488 [1] NCCL INFO init.cc:765 -> 2
ip-0A230412:46942:47142 [6] NCCL INFO init.cc:765 -> 2
ip-0A230412:46942:47142 [6] NCCL INFO threadThresholds 8/8/64 | 448/8/64 | 8/8/512
ip-0A230417:37231:37445 [5] NCCL INFO init.cc:765 -> 2
ip-0A230417:37231:37445 [5] NCCL INFO threadThresholds 8/8/64 | 448/8/64 | 8/8/512
ip-0A230406:88287:88490 [2] NCCL INFO threadThresholds 8/8/64 | 448/8/64 | 8/8/512
ip-0A230412:46944:47141 [0] NCCL INFO threadThresholds 8/8/64 | 448/8/64 | 8/8/512
ip-0A230406:88288:88494 [7] NCCL INFO threadThresholds 8/8/64 | 448/8/64 | 8/8/512
ip-0A230412:46938:47146 [1] NCCL INFO threadThresholds 8/8/64 | 448/8/64 | 8/8/512
ip-0A230406:88290:88487 [0] NCCL INFO threadThresholds 8/8/64 | 448/8/64 | 8/8/512
ip-0A230406:88284:88488 [1] NCCL INFO threadThresholds 8/8/64 | 448/8/64 | 8/8/512
ip-0A230406:88289:88493 [3] NCCL INFO init.cc:765 -> 2
ip-0A230406:88285:88492 [5] NCCL INFO init.cc:765 -> 2
ip-0A230406:88286:88489 [6] NCCL INFO init.cc:765 -> 2
ip-0A230406:88283:88491 [4] NCCL INFO init.cc:765 -> 2
ip-0A230406:88285:88492 [5] NCCL INFO threadThresholds 8/8/64 | 448/8/64 | 8/8/512
ip-0A230406:88289:88493 [3] NCCL INFO threadThresholds 8/8/64 | 448/8/64 | 8/8/512
ip-0A230406:88283:88491 [4] NCCL INFO threadThresholds 8/8/64 | 448/8/64 | 8/8/512
ip-0A230406:88286:88489 [6] NCCL INFO threadThresholds 8/8/64 | 448/8/64 | 8/8/512

ip-0A230414:33530:33730 [0] transport.cc:253 NCCL WARN Cannot initialize CollNet, using point-to-point network instead
