+ echo 'Beginning trial 1 of 1'
Beginning trial 1 of 1
+ echo ':::DLPAL /mnt/resource_nvme/mlcommons/v2.0/sqsh_files/ssdv20.sqsh 146 1 hpc-pg0-2'
:::DLPAL /mnt/resource_nvme/mlcommons/v2.0/sqsh_files/ssdv20.sqsh 146 1 hpc-pg0-2
+ srun -N1 -n1 --container-name=single_stage_detector python -c '
import mlperf_log_utils
from mlperf_logging.mllog import constants
mlperf_log_utils.mlperf_submission_log(constants.SSD)'
:::MLLOG {"namespace": "", "time_ms": 1652475224113, "event_type": "POINT_IN_TIME", "key": "submission_benchmark", "value": "ssd", "metadata": {"file": "/workspace/ssd/mlperf_log_utils.py", "lineno": 29}}
:::MLLOG {"namespace": "", "time_ms": 1652475224119, "event_type": "POINT_IN_TIME", "key": "submission_org", "value": "NVIDIA", "metadata": {"file": "/workspace/ssd/mlperf_log_utils.py", "lineno": 30}}
:::MLLOG {"namespace": "", "time_ms": 1652475224120, "event_type": "POINT_IN_TIME", "key": "submission_division", "value": "closed", "metadata": {"file": "/workspace/ssd/mlperf_log_utils.py", "lineno": 31}}
:::MLLOG {"namespace": "", "time_ms": 1652475224120, "event_type": "POINT_IN_TIME", "key": "submission_status", "value": "onprem", "metadata": {"file": "/workspace/ssd/mlperf_log_utils.py", "lineno": 32}}
:::MLLOG {"namespace": "", "time_ms": 1652475224120, "event_type": "POINT_IN_TIME", "key": "submission_platform", "value": "1xSUBMISSION_PLATFORM_PLACEHOLDER", "metadata": {"file": "/workspace/ssd/mlperf_log_utils.py", "lineno": 33}}
+ '[' 1 -eq 1 ']'
+ srun --ntasks=1 bash -c 'echo -n '\''Clearing cache on '\'' && hostname && sync && sudo /sbin/sysctl vm.drop_caches=3'
Clearing cache on ip-0A23040D
vm.drop_caches = 3
+ srun --ntasks=1 --container-name=single_stage_detector python -c '
from mlperf_logging import mllog
from mlperf_logging.mllog.constants import CACHE_CLEAR
mllogger = mllog.get_mllogger()
mllogger.event(key=CACHE_CLEAR, value=True)'
:::MLLOG {"namespace": "", "time_ms": 1652475225432, "event_type": "POINT_IN_TIME", "key": "cache_clear", "value": true, "metadata": {"file": "<string>", "lineno": 5}}
+ srun --ntasks=8 --ntasks-per-node=8 --container-name=single_stage_detector --container-mounts=/mnt/resource_nvme/mlcommons/v2.0/bm_data/ssd_data:/datasets/open-images-v6,/mnt/resource_nvme/mlcommons/logs/ssd/1N-m13.205342:/results,/torch-home:/torch-home,/shared/data/mlcommons/training_results_v2.0/Azure-submission/benchmarks/ssd/implementations/mxnet/bind.sh:/bm_utils/bind.sh,/shared/data/mlcommons/training_results_v2.0/Azure-submission/benchmarks/ssd/implementations/mxnet/azure.sh:/bm_utils/azure.sh,/shared/data/mlcommons/training_results_v2.0/Azure-submission/benchmarks/ssd/implementations/mxnet/run_and_time.sh:/bm_utils/run_and_time.sh,/opt/microsoft:/opt/microsoft --container-workdir=/workspace/ssd /bm_utils/run_and_time.sh
STARTING TIMING RUN AT 2022-05-13 08:53:46 PM
STARTING TIMING RUN AT 2022-05-13 08:53:46 PM
STARTING TIMING RUN AT 2022-05-13 08:53:46 PM
STARTING TIMING RUN AT 2022-05-13 08:53:46 PM
STARTING TIMING RUN AT 2022-05-13 08:53:46 PM
DATASET_DIR: /datasets/open-images-v6 ----------------------------------- 
running benchmark
DATASET_DIR: /datasets/open-images-v6 ----------------------------------- 
running benchmark
DATASET_DIR: /datasets/open-images-v6 ----------------------------------- 
DATASET_DIR: /datasets/open-images-v6 ----------------------------------- 
running benchmark
running benchmark
DATASET_DIR: /datasets/open-images-v6 ----------------------------------- 
running benchmark
STARTING TIMING RUN AT 2022-05-13 08:53:46 PM
DATASET_DIR: /datasets/open-images-v6 ----------------------------------- 
running benchmark
STARTING TIMING RUN AT 2022-05-13 08:53:46 PM
DATASET_DIR: /datasets/open-images-v6 ----------------------------------- 
running benchmark
STARTING TIMING RUN AT 2022-05-13 08:53:46 PM
DATASET_DIR: /datasets/open-images-v6 ----------------------------------- 
running benchmark
num_gpus=8 num_sockets = 2 num_nodes=4 cores_per_socket=48
num_gpus=8 num_sockets = 2 num_nodes=4 cores_per_socket=48
num_gpus=8 num_sockets = 2 num_nodes=4 cores_per_socket=48
num_gpus=8 num_sockets = 2 num_nodes=4 cores_per_socket=48
num_gpus=8 num_sockets = 2 num_nodes=4 cores_per_socket=48
num_gpus=8 num_sockets = 2 num_nodes=4 cores_per_socket=48
num_gpus=8 num_sockets = 2 num_nodes=4 cores_per_socket=48
num_gpus=8 num_sockets = 2 num_nodes=4 cores_per_socket=48
/opt/conda/lib/python3.8/site-packages/torch/jit/annotations.py:296: UserWarning: TorchScript will treat type annotations of Tensor dtype-specific subtypes as if they are normal Tensors. dtype constraints are not enforced in compilation either.
  warnings.warn("TorchScript will treat type annotations of Tensor "
/opt/conda/lib/python3.8/site-packages/torch/jit/annotations.py:296: UserWarning: TorchScript will treat type annotations of Tensor dtype-specific subtypes as if they are normal Tensors. dtype constraints are not enforced in compilation either.
  warnings.warn("TorchScript will treat type annotations of Tensor "
/opt/conda/lib/python3.8/site-packages/torch/jit/annotations.py:296: UserWarning: TorchScript will treat type annotations of Tensor dtype-specific subtypes as if they are normal Tensors. dtype constraints are not enforced in compilation either.
  warnings.warn("TorchScript will treat type annotations of Tensor "
/opt/conda/lib/python3.8/site-packages/torch/jit/annotations.py:296: UserWarning: TorchScript will treat type annotations of Tensor dtype-specific subtypes as if they are normal Tensors. dtype constraints are not enforced in compilation either.
  warnings.warn("TorchScript will treat type annotations of Tensor "
/opt/conda/lib/python3.8/site-packages/torch/jit/annotations.py:296: UserWarning: TorchScript will treat type annotations of Tensor dtype-specific subtypes as if they are normal Tensors. dtype constraints are not enforced in compilation either.
  warnings.warn("TorchScript will treat type annotations of Tensor "
/opt/conda/lib/python3.8/site-packages/torch/jit/annotations.py:296: UserWarning: TorchScript will treat type annotations of Tensor dtype-specific subtypes as if they are normal Tensors. dtype constraints are not enforced in compilation either.
  warnings.warn("TorchScript will treat type annotations of Tensor "
/opt/conda/lib/python3.8/site-packages/torch/jit/annotations.py:296: UserWarning: TorchScript will treat type annotations of Tensor dtype-specific subtypes as if they are normal Tensors. dtype constraints are not enforced in compilation either.
  warnings.warn("TorchScript will treat type annotations of Tensor "
/opt/conda/lib/python3.8/site-packages/torch/jit/annotations.py:296: UserWarning: TorchScript will treat type annotations of Tensor dtype-specific subtypes as if they are normal Tensors. dtype constraints are not enforced in compilation either.
  warnings.warn("TorchScript will treat type annotations of Tensor "
[W init.cpp:651] Warning: Use _jit_set_fusion_strategy, bailout depth is deprecated. Setting to (STATIC, 20) (function operator())
| distributed init (rank 3): env://
[W init.cpp:651] Warning: Use _jit_set_fusion_strategy, bailout depth is deprecated. Setting to (STATIC, 20) (function operator())
[W init.cpp:651] Warning: Use _jit_set_fusion_strategy, bailout depth is deprecated. Setting to (STATIC, 20) (function operator())
| distributed init (rank 5): env://
| distributed init (rank 0): env://
[W init.cpp:651] Warning: Use _jit_set_fusion_strategy, bailout depth is deprecated. Setting to (STATIC, 20) (function operator())
[W init.cpp:651] Warning: Use _jit_set_fusion_strategy, bailout depth is deprecated. Setting to (STATIC, 20) (function operator())
[W init.cpp:651] Warning: Use _jit_set_fusion_strategy, bailout depth is deprecated. Setting to (STATIC, 20) (function operator())
| distributed init (rank 1): env://
[W init.cpp:651] Warning: Use _jit_set_fusion_strategy, bailout depth is deprecated. Setting to (STATIC, 20) (function operator())
[W init.cpp:651] Warning: Use _jit_set_fusion_strategy, bailout depth is deprecated. Setting to (STATIC, 20) (function operator())
| distributed init (rank 7): env://
| distributed init (rank 4): env://
| distributed init (rank 6): env://
| distributed init (rank 2): env://
ip-0A23040D:67842:67842 [0] NCCL INFO Bootstrap : Using eth0:10.35.4.13<0>
ip-0A23040D:67842:67842 [0] NCCL INFO NET/Plugin: Failed to find ncclNetPlugin_v5 symbol.
ip-0A23040D:67842:67842 [0] NCCL INFO NET/Plugin: Failed to find ncclCollNetPlugin_v5 symbol.
ip-0A23040D:67842:67842 [0] NCCL INFO Plugin Path : /opt/hpcx/nccl_rdma_sharp_plugin/lib/libnccl-net.so
ip-0A23040D:67842:67842 [0] NCCL INFO P2P plugin IBext
ip-0A23040D:67842:67842 [0] NCCL INFO NCCL_IB_PCI_RELAXED_ORDERING set by environment to 1.
ip-0A23040D:67842:67842 [0] NCCL INFO NET/IB : Using [0]mlx5_ib0:1/IB/SHARP [1]mlx5_ib1:1/IB/SHARP [2]mlx5_ib2:1/IB/SHARP [3]mlx5_ib3:1/IB/SHARP [4]mlx5_ib4:1/IB/SHARP [5]mlx5_ib5:1/IB/SHARP [6]mlx5_ib6:1/IB/SHARP [7]mlx5_ib7:1/IB/SHARP ; OOB eth0:10.35.4.13<0>
ip-0A23040D:67842:67842 [0] NCCL INFO Using network IBext
NCCL version 2.12.10+cuda11.6
ip-0A23040D:67841:67841 [7] NCCL INFO Bootstrap : Using eth0:10.35.4.13<0>
ip-0A23040D:67843:67843 [1] NCCL INFO Bootstrap : Using eth0:10.35.4.13<0>
ip-0A23040D:67840:67840 [6] NCCL INFO Bootstrap : Using eth0:10.35.4.13<0>
ip-0A23040D:67845:67845 [2] NCCL INFO Bootstrap : Using eth0:10.35.4.13<0>
ip-0A23040D:67839:67839 [3] NCCL INFO Bootstrap : Using eth0:10.35.4.13<0>
ip-0A23040D:67844:67844 [4] NCCL INFO Bootstrap : Using eth0:10.35.4.13<0>
ip-0A23040D:67838:67838 [5] NCCL INFO Bootstrap : Using eth0:10.35.4.13<0>
ip-0A23040D:67841:67841 [7] NCCL INFO NET/Plugin: Failed to find ncclNetPlugin_v5 symbol.
ip-0A23040D:67841:67841 [7] NCCL INFO NET/Plugin: Failed to find ncclCollNetPlugin_v5 symbol.
ip-0A23040D:67841:67841 [7] NCCL INFO Plugin Path : /opt/hpcx/nccl_rdma_sharp_plugin/lib/libnccl-net.so
ip-0A23040D:67841:67841 [7] NCCL INFO P2P plugin IBext
ip-0A23040D:67841:67841 [7] NCCL INFO NCCL_IB_PCI_RELAXED_ORDERING set by environment to 1.
ip-0A23040D:67843:67843 [1] NCCL INFO NET/Plugin: Failed to find ncclNetPlugin_v5 symbol.
ip-0A23040D:67843:67843 [1] NCCL INFO NET/Plugin: Failed to find ncclCollNetPlugin_v5 symbol.
ip-0A23040D:67840:67840 [6] NCCL INFO NET/Plugin: Failed to find ncclNetPlugin_v5 symbol.
ip-0A23040D:67840:67840 [6] NCCL INFO NET/Plugin: Failed to find ncclCollNetPlugin_v5 symbol.
ip-0A23040D:67840:67840 [6] NCCL INFO Plugin Path : /opt/hpcx/nccl_rdma_sharp_plugin/lib/libnccl-net.so
ip-0A23040D:67840:67840 [6] NCCL INFO P2P plugin IBext
ip-0A23040D:67843:67843 [1] NCCL INFO Plugin Path : /opt/hpcx/nccl_rdma_sharp_plugin/lib/libnccl-net.so
ip-0A23040D:67843:67843 [1] NCCL INFO P2P plugin IBext
ip-0A23040D:67843:67843 [1] NCCL INFO NCCL_IB_PCI_RELAXED_ORDERING set by environment to 1.
ip-0A23040D:67840:67840 [6] NCCL INFO NCCL_IB_PCI_RELAXED_ORDERING set by environment to 1.
ip-0A23040D:67845:67845 [2] NCCL INFO NET/Plugin: Failed to find ncclNetPlugin_v5 symbol.
ip-0A23040D:67845:67845 [2] NCCL INFO NET/Plugin: Failed to find ncclCollNetPlugin_v5 symbol.
ip-0A23040D:67845:67845 [2] NCCL INFO Plugin Path : /opt/hpcx/nccl_rdma_sharp_plugin/lib/libnccl-net.so
ip-0A23040D:67845:67845 [2] NCCL INFO P2P plugin IBext
ip-0A23040D:67845:67845 [2] NCCL INFO NCCL_IB_PCI_RELAXED_ORDERING set by environment to 1.
ip-0A23040D:67839:67839 [3] NCCL INFO NET/Plugin: Failed to find ncclNetPlugin_v5 symbol.
ip-0A23040D:67839:67839 [3] NCCL INFO NET/Plugin: Failed to find ncclCollNetPlugin_v5 symbol.
ip-0A23040D:67839:67839 [3] NCCL INFO Plugin Path : /opt/hpcx/nccl_rdma_sharp_plugin/lib/libnccl-net.so
ip-0A23040D:67839:67839 [3] NCCL INFO P2P plugin IBext
ip-0A23040D:67839:67839 [3] NCCL INFO NCCL_IB_PCI_RELAXED_ORDERING set by environment to 1.
ip-0A23040D:67844:67844 [4] NCCL INFO NET/Plugin: Failed to find ncclNetPlugin_v5 symbol.
ip-0A23040D:67844:67844 [4] NCCL INFO NET/Plugin: Failed to find ncclCollNetPlugin_v5 symbol.
ip-0A23040D:67838:67838 [5] NCCL INFO NET/Plugin: Failed to find ncclNetPlugin_v5 symbol.
ip-0A23040D:67838:67838 [5] NCCL INFO NET/Plugin: Failed to find ncclCollNetPlugin_v5 symbol.
ip-0A23040D:67838:67838 [5] NCCL INFO Plugin Path : /opt/hpcx/nccl_rdma_sharp_plugin/lib/libnccl-net.so
ip-0A23040D:67838:67838 [5] NCCL INFO P2P plugin IBext
ip-0A23040D:67844:67844 [4] NCCL INFO Plugin Path : /opt/hpcx/nccl_rdma_sharp_plugin/lib/libnccl-net.so
ip-0A23040D:67844:67844 [4] NCCL INFO P2P plugin IBext
ip-0A23040D:67844:67844 [4] NCCL INFO NCCL_IB_PCI_RELAXED_ORDERING set by environment to 1.
ip-0A23040D:67838:67838 [5] NCCL INFO NCCL_IB_PCI_RELAXED_ORDERING set by environment to 1.
ip-0A23040D:67845:67845 [2] NCCL INFO NET/IB : Using [0]mlx5_ib0:1/IB/SHARP [1]mlx5_ib1:1/IB/SHARP [2]mlx5_ib2:1/IB/SHARP [3]mlx5_ib3:1/IB/SHARP [4]mlx5_ib4:1/IB/SHARP [5]mlx5_ib5:1/IB/SHARP [6]mlx5_ib6:1/IB/SHARP [7]mlx5_ib7:1/IB/SHARP ; OOB eth0:10.35.4.13<0>
ip-0A23040D:67845:67845 [2] NCCL INFO Using network IBext
ip-0A23040D:67843:67843 [1] NCCL INFO NET/IB : Using [0]mlx5_ib0:1/IB/SHARP [1]mlx5_ib1:1/IB/SHARP [2]mlx5_ib2:1/IB/SHARP [3]mlx5_ib3:1/IB/SHARP [4]mlx5_ib4:1/IB/SHARP [5]mlx5_ib5:1/IB/SHARP [6]mlx5_ib6:1/IB/SHARP [7]mlx5_ib7:1/IB/SHARP ; OOB eth0:10.35.4.13<0>
ip-0A23040D:67843:67843 [1] NCCL INFO Using network IBext
ip-0A23040D:67839:67839 [3] NCCL INFO NET/IB : Using [0]mlx5_ib0:1/IB/SHARP [1]mlx5_ib1:1/IB/SHARP [2]mlx5_ib2:1/IB/SHARP [3]mlx5_ib3:1/IB/SHARP [4]mlx5_ib4:1/IB/SHARP [5]mlx5_ib5:1/IB/SHARP [6]mlx5_ib6:1/IB/SHARP [7]mlx5_ib7:1/IB/SHARP ; OOB eth0:10.35.4.13<0>
ip-0A23040D:67839:67839 [3] NCCL INFO Using network IBext
ip-0A23040D:67840:67840 [6] NCCL INFO NET/IB : Using [0]mlx5_ib0:1/IB/SHARP [1]mlx5_ib1:1/IB/SHARP [2]mlx5_ib2:1/IB/SHARP [3]mlx5_ib3:1/IB/SHARP [4]mlx5_ib4:1/IB/SHARP [5]mlx5_ib5:1/IB/SHARP [6]mlx5_ib6:1/IB/SHARP [7]mlx5_ib7:1/IB/SHARP ; OOB eth0:10.35.4.13<0>
ip-0A23040D:67840:67840 [6] NCCL INFO Using network IBext
ip-0A23040D:67838:67838 [5] NCCL INFO NET/IB : Using [0]mlx5_ib0:1/IB/SHARP [1]mlx5_ib1:1/IB/SHARP [2]mlx5_ib2:1/IB/SHARP [3]mlx5_ib3:1/IB/SHARP [4]mlx5_ib4:1/IB/SHARP [5]mlx5_ib5:1/IB/SHARP [6]mlx5_ib6:1/IB/SHARP [7]mlx5_ib7:1/IB/SHARP ; OOB eth0:10.35.4.13<0>
ip-0A23040D:67838:67838 [5] NCCL INFO Using network IBext
ip-0A23040D:67844:67844 [4] NCCL INFO NET/IB : Using [0]mlx5_ib0:1/IB/SHARP [1]mlx5_ib1:1/IB/SHARP [2]mlx5_ib2:1/IB/SHARP [3]mlx5_ib3:1/IB/SHARP [4]mlx5_ib4:1/IB/SHARP [5]mlx5_ib5:1/IB/SHARP [6]mlx5_ib6:1/IB/SHARP [7]mlx5_ib7:1/IB/SHARP ; OOB eth0:10.35.4.13<0>
ip-0A23040D:67841:67841 [7] NCCL INFO NET/IB : Using [0]mlx5_ib0:1/IB/SHARP [1]mlx5_ib1:1/IB/SHARP [2]mlx5_ib2:1/IB/SHARP [3]mlx5_ib3:1/IB/SHARP [4]mlx5_ib4:1/IB/SHARP [5]mlx5_ib5:1/IB/SHARP [6]mlx5_ib6:1/IB/SHARP [7]mlx5_ib7:1/IB/SHARP ; OOB eth0:10.35.4.13<0>
ip-0A23040D:67841:67841 [7] NCCL INFO Using network IBext
ip-0A23040D:67844:67844 [4] NCCL INFO Using network IBext
ip-0A23040D:67841:68301 [7] NCCL INFO PXN Disabled as plugin is v4
ip-0A23040D:67838:68300 [5] NCCL INFO PXN Disabled as plugin is v4
ip-0A23040D:67840:68299 [6] NCCL INFO PXN Disabled as plugin is v4
ip-0A23040D:67839:68298 [3] NCCL INFO PXN Disabled as plugin is v4
ip-0A23040D:67839:68298 [3] NCCL INFO Setting affinity for GPU 3 to ffff
ip-0A23040D:67844:68302 [4] NCCL INFO PXN Disabled as plugin is v4
ip-0A23040D:67845:68296 [2] NCCL INFO PXN Disabled as plugin is v4
ip-0A23040D:67845:68296 [2] NCCL INFO Setting affinity for GPU 2 to ffff
ip-0A23040D:67843:68297 [1] NCCL INFO PXN Disabled as plugin is v4
ip-0A23040D:67843:68297 [1] NCCL INFO Setting affinity for GPU 1 to ffff,00000000
ip-0A23040D:67842:68237 [0] NCCL INFO PXN Disabled as plugin is v4
ip-0A23040D:67842:68237 [0] NCCL INFO Setting affinity for GPU 0 to ffff,00000000
ip-0A23040D:67841:68301 [7] NCCL INFO NCCL_COLLNET_ENABLE set by environment to 1.
ip-0A23040D:67838:68300 [5] NCCL INFO NCCL_COLLNET_ENABLE set by environment to 1.
ip-0A23040D:67840:68299 [6] NCCL INFO NCCL_COLLNET_ENABLE set by environment to 1.
ip-0A23040D:67839:68298 [3] NCCL INFO NCCL_COLLNET_ENABLE set by environment to 1.
ip-0A23040D:67844:68302 [4] NCCL INFO NCCL_COLLNET_ENABLE set by environment to 1.
ip-0A23040D:67845:68296 [2] NCCL INFO NCCL_COLLNET_ENABLE set by environment to 1.
ip-0A23040D:67843:68297 [1] NCCL INFO NCCL_COLLNET_ENABLE set by environment to 1.
ip-0A23040D:67842:68237 [0] NCCL INFO NCCL_COLLNET_ENABLE set by environment to 1.
ip-0A23040D:67842:68237 [0] NCCL INFO Communicator has 1 nodes which is less than CollNet node threshold 2, disabling CollNet
ip-0A23040D:67840:68299 [6] NCCL INFO Communicator has 1 nodes which is less than CollNet node threshold 2, disabling CollNet
ip-0A23040D:67841:68301 [7] NCCL INFO Communicator has 1 nodes which is less than CollNet node threshold 2, disabling CollNet
ip-0A23040D:67842:68237 [0] NCCL INFO Channel 00/24 :    0   1   2   3   4   5   6   7
ip-0A23040D:67842:68237 [0] NCCL INFO Channel 01/24 :    0   1   2   3   4   5   6   7
ip-0A23040D:67842:68237 [0] NCCL INFO Channel 02/24 :    0   1   2   3   4   5   6   7
ip-0A23040D:67842:68237 [0] NCCL INFO Channel 03/24 :    0   1   2   3   4   5   6   7
ip-0A23040D:67842:68237 [0] NCCL INFO Channel 04/24 :    0   1   2   3   4   5   6   7
ip-0A23040D:67843:68297 [1] NCCL INFO Communicator has 1 nodes which is less than CollNet node threshold 2, disabling CollNet
ip-0A23040D:67845:68296 [2] NCCL INFO Communicator has 1 nodes which is less than CollNet node threshold 2, disabling CollNet
ip-0A23040D:67839:68298 [3] NCCL INFO Communicator has 1 nodes which is less than CollNet node threshold 2, disabling CollNet
ip-0A23040D:67839:68298 [3] NCCL INFO Trees [0] 4/-1/-1->3->2 [1] 4/-1/-1->3->2 [2] 4/-1/-1->3->2 [3] 4/-1/-1->3->2 [4] 4/-1/-1->3->2 [5] 4/-1/-1->3->2 [6] 4/-1/-1->3->2 [7] 4/-1/-1->3->2 [8] 4/-1/-1->3->2 [9] 4/-1/-1->3->2 [10] 4/-1/-1->3->2 [11] 4/-1/-1->3->2 [12] 4/-1/-1->3->2 [13] 4/-1/-1->3->2 [14] 4/-1/-1->3->2 [15] 4/-1/-1->3->2 [16] 4/-1/-1->3->2 [17] 4/-1/-1->3->2 [18] 4/-1/-1->3->2 [19] 4/-1/-1->3->2 [20] 4/-1/-1->3->2 [21] 4/-1/-1->3->2 [22] 4/-1/-1->3->2 [23] 4/-1/-1->3->2
ip-0A23040D:67844:68302 [4] NCCL INFO Communicator has 1 nodes which is less than CollNet node threshold 2, disabling CollNet
ip-0A23040D:67844:68302 [4] NCCL INFO Trees [0] 5/-1/-1->4->3 [1] 5/-1/-1->4->3 [2] 5/-1/-1->4->3 [3] 5/-1/-1->4->3 [4] 5/-1/-1->4->3 [5] 5/-1/-1->4->3 [6] 5/-1/-1->4->3 [7] 5/-1/-1->4->3 [8] 5/-1/-1->4->3 [9] 5/-1/-1->4->3 [10] 5/-1/-1->4->3 [11] 5/-1/-1->4->3 [12] 5/-1/-1->4->3 [13] 5/-1/-1->4->3 [14] 5/-1/-1->4->3 [15] 5/-1/-1->4->3 [16] 5/-1/-1->4->3 [17] 5/-1/-1->4->3 [18] 5/-1/-1->4->3 [19] 5/-1/-1->4->3 [20] 5/-1/-1->4->3 [21] 5/-1/-1->4->3 [22] 5/-1/-1->4->3 [23] 5/-1/-1->4->3
ip-0A23040D:67838:68300 [5] NCCL INFO Communicator has 1 nodes which is less than CollNet node threshold 2, disabling CollNet
ip-0A23040D:67838:68300 [5] NCCL INFO Trees [0] 6/-1/-1->5->4 [1] 6/-1/-1->5->4 [2] 6/-1/-1->5->4 [3] 6/-1/-1->5->4 [4] 6/-1/-1->5->4 [5] 6/-1/-1->5->4 [6] 6/-1/-1->5->4 [7] 6/-1/-1->5->4 [8] 6/-1/-1->5->4 [9] 6/-1/-1->5->4 [10] 6/-1/-1->5->4 [11] 6/-1/-1->5->4 [12] 6/-1/-1->5->4 [13] 6/-1/-1->5->4 [14] 6/-1/-1->5->4 [15] 6/-1/-1->5->4 [16] 6/-1/-1->5->4 [17] 6/-1/-1->5->4 [18] 6/-1/-1->5->4 [19] 6/-1/-1->5->4 [20] 6/-1/-1->5->4 [21] 6/-1/-1->5->4 [22] 6/-1/-1->5->4 [23] 6/-1/-1->5->4
ip-0A23040D:67842:68237 [0] NCCL INFO Channel 05/24 :    0   1   2   3   4   5   6   7
ip-0A23040D:67842:68237 [0] NCCL INFO Channel 06/24 :    0   1   2   3   4   5   6   7
ip-0A23040D:67842:68237 [0] NCCL INFO Channel 07/24 :    0   1   2   3   4   5   6   7
ip-0A23040D:67842:68237 [0] NCCL INFO Channel 08/24 :    0   1   2   3   4   5   6   7
ip-0A23040D:67842:68237 [0] NCCL INFO Channel 09/24 :    0   1   2   3   4   5   6   7
ip-0A23040D:67842:68237 [0] NCCL INFO Channel 10/24 :    0   1   2   3   4   5   6   7
ip-0A23040D:67842:68237 [0] NCCL INFO Channel 11/24 :    0   1   2   3   4   5   6   7
ip-0A23040D:67842:68237 [0] NCCL INFO Channel 12/24 :    0   1   2   3   4   5   6   7
ip-0A23040D:67842:68237 [0] NCCL INFO Channel 13/24 :    0   1   2   3   4   5   6   7
ip-0A23040D:67842:68237 [0] NCCL INFO Channel 14/24 :    0   1   2   3   4   5   6   7
ip-0A23040D:67842:68237 [0] NCCL INFO Channel 15/24 :    0   1   2   3   4   5   6   7
ip-0A23040D:67842:68237 [0] NCCL INFO Channel 16/24 :    0   1   2   3   4   5   6   7
ip-0A23040D:67842:68237 [0] NCCL INFO Channel 17/24 :    0   1   2   3   4   5   6   7
ip-0A23040D:67842:68237 [0] NCCL INFO Channel 18/24 :    0   1   2   3   4   5   6   7
ip-0A23040D:67842:68237 [0] NCCL INFO Channel 19/24 :    0   1   2   3   4   5   6   7
ip-0A23040D:67842:68237 [0] NCCL INFO Channel 20/24 :    0   1   2   3   4   5   6   7
ip-0A23040D:67843:68297 [1] NCCL INFO Trees [0] 2/-1/-1->1->0 [1] 2/-1/-1->1->0 [2] 2/-1/-1->1->0 [3] 2/-1/-1->1->0 [4] 2/-1/-1->1->0 [5] 2/-1/-1->1->0 [6] 2/-1/-1->1->0 [7] 2/-1/-1->1->0 [8] 2/-1/-1->1->0 [9] 2/-1/-1->1->0 [10] 2/-1/-1->1->0 [11] 2/-1/-1->1->0 [12] 2/-1/-1->1->0 [13] 2/-1/-1->1->0 [14] 2/-1/-1->1->0 [15] 2/-1/-1->1->0 [16] 2/-1/-1->1->0 [17] 2/-1/-1->1->0 [18] 2/-1/-1->1->0 [19] 2/-1/-1->1->0 [20] 2/-1/-1->1->0 [21] 2/-1/-1->1->0 [22] 2/-1/-1->1->0 [23] 2/-1/-1->1->0
ip-0A23040D:67845:68296 [2] NCCL INFO Trees [0] 3/-1/-1->2->1 [1] 3/-1/-1->2->1 [2] 3/-1/-1->2->1 [3] 3/-1/-1->2->1 [4] 3/-1/-1->2->1 [5] 3/-1/-1->2->1 [6] 3/-1/-1->2->1 [7] 3/-1/-1->2->1 [8] 3/-1/-1->2->1 [9] 3/-1/-1->2->1 [10] 3/-1/-1->2->1 [11] 3/-1/-1->2->1 [12] 3/-1/-1->2->1 [13] 3/-1/-1->2->1 [14] 3/-1/-1->2->1 [15] 3/-1/-1->2->1 [16] 3/-1/-1->2->1 [17] 3/-1/-1->2->1 [18] 3/-1/-1->2->1 [19] 3/-1/-1->2->1 [20] 3/-1/-1->2->1 [21] 3/-1/-1->2->1 [22] 3/-1/-1->2->1 [23] 3/-1/-1->2->1
ip-0A23040D:67840:68299 [6] NCCL INFO Trees [0] 7/-1/-1->6->5 [1] 7/-1/-1->6->5 [2] 7/-1/-1->6->5 [3] 7/-1/-1->6->5 [4] 7/-1/-1->6->5 [5] 7/-1/-1->6->5 [6] 7/-1/-1->6->5 [7] 7/-1/-1->6->5 [8] 7/-1/-1->6->5 [9] 7/-1/-1->6->5 [10] 7/-1/-1->6->5 [11] 7/-1/-1->6->5 [12] 7/-1/-1->6->5 [13] 7/-1/-1->6->5 [14] 7/-1/-1->6->5 [15] 7/-1/-1->6->5 [16] 7/-1/-1->6->5 [17] 7/-1/-1->6->5 [18] 7/-1/-1->6->5 [19] 7/-1/-1->6->5 [20] 7/-1/-1->6->5 [21] 7/-1/-1->6->5 [22] 7/-1/-1->6->5 [23] 7/-1/-1->6->5
ip-0A23040D:67841:68301 [7] NCCL INFO Trees [0] -1/-1/-1->7->6 [1] -1/-1/-1->7->6 [2] -1/-1/-1->7->6 [3] -1/-1/-1->7->6 [4] -1/-1/-1->7->6 [5] -1/-1/-1->7->6 [6] -1/-1/-1->7->6 [7] -1/-1/-1->7->6 [8] -1/-1/-1->7->6 [9] -1/-1/-1->7->6 [10] -1/-1/-1->7->6 [11] -1/-1/-1->7->6 [12] -1/-1/-1->7->6 [13] -1/-1/-1->7->6 [14] -1/-1/-1->7->6 [15] -1/-1/-1->7->6 [16] -1/-1/-1->7->6 [17] -1/-1/-1->7->6 [18] -1/-1/-1->7->6 [19] -1/-1/-1->7->6 [20] -1/-1/-1->7->6 [21] -1/-1/-1->7->6 [22] -1/-1/-1->7->6 [23] -1/-1/-1->7->6
ip-0A23040D:67842:68237 [0] NCCL INFO Channel 21/24 :    0   1   2   3   4   5   6   7
ip-0A23040D:67842:68237 [0] NCCL INFO Channel 22/24 :    0   1   2   3   4   5   6   7
ip-0A23040D:67842:68237 [0] NCCL INFO Channel 23/24 :    0   1   2   3   4   5   6   7
ip-0A23040D:67842:68237 [0] NCCL INFO Trees [0] 1/-1/-1->0->-1 [1] 1/-1/-1->0->-1 [2] 1/-1/-1->0->-1 [3] 1/-1/-1->0->-1 [4] 1/-1/-1->0->-1 [5] 1/-1/-1->0->-1 [6] 1/-1/-1->0->-1 [7] 1/-1/-1->0->-1 [8] 1/-1/-1->0->-1 [9] 1/-1/-1->0->-1 [10] 1/-1/-1->0->-1 [11] 1/-1/-1->0->-1 [12] 1/-1/-1->0->-1 [13] 1/-1/-1->0->-1 [14] 1/-1/-1->0->-1 [15] 1/-1/-1->0->-1 [16] 1/-1/-1->0->-1 [17] 1/-1/-1->0->-1 [18] 1/-1/-1->0->-1 [19] 1/-1/-1->0->-1 [20] 1/-1/-1->0->-1 [21] 1/-1/-1->0->-1 [22] 1/-1/-1->0->-1 [23] 1/-1/-1->0->-1
ip-0A23040D:67840:68299 [6] NCCL INFO Channel 00 : 6[d00000] -> 7[e00000] via P2P/IPC/read
ip-0A23040D:67841:68301 [7] NCCL INFO Channel 00 : 7[e00000] -> 0[100000] via P2P/IPC/read
ip-0A23040D:67845:68296 [2] NCCL INFO Channel 00 : 2[300000] -> 3[400000] via P2P/IPC/read
ip-0A23040D:67844:68302 [4] NCCL INFO Channel 00 : 4[b00000] -> 5[c00000] via P2P/IPC/read
ip-0A23040D:67839:68298 [3] NCCL INFO Channel 00 : 3[400000] -> 4[b00000] via P2P/IPC/read
ip-0A23040D:67838:68300 [5] NCCL INFO Channel 00 : 5[c00000] -> 6[d00000] via P2P/IPC/read
ip-0A23040D:67843:68297 [1] NCCL INFO Channel 00 : 1[200000] -> 2[300000] via P2P/IPC/read
ip-0A23040D:67842:68237 [0] NCCL INFO Channel 00 : 0[100000] -> 1[200000] via P2P/IPC/read
ip-0A23040D:67840:68299 [6] NCCL INFO Channel 01 : 6[d00000] -> 7[e00000] via P2P/IPC/read
ip-0A23040D:67841:68301 [7] NCCL INFO Channel 01 : 7[e00000] -> 0[100000] via P2P/IPC/read
ip-0A23040D:67845:68296 [2] NCCL INFO Channel 01 : 2[300000] -> 3[400000] via P2P/IPC/read
ip-0A23040D:67844:68302 [4] NCCL INFO Channel 01 : 4[b00000] -> 5[c00000] via P2P/IPC/read
ip-0A23040D:67839:68298 [3] NCCL INFO Channel 01 : 3[400000] -> 4[b00000] via P2P/IPC/read
ip-0A23040D:67838:68300 [5] NCCL INFO Channel 01 : 5[c00000] -> 6[d00000] via P2P/IPC/read
ip-0A23040D:67843:68297 [1] NCCL INFO Channel 01 : 1[200000] -> 2[300000] via P2P/IPC/read
ip-0A23040D:67842:68237 [0] NCCL INFO Channel 01 : 0[100000] -> 1[200000] via P2P/IPC/read
ip-0A23040D:67840:68299 [6] NCCL INFO Channel 02 : 6[d00000] -> 7[e00000] via P2P/IPC/read
ip-0A23040D:67841:68301 [7] NCCL INFO Channel 02 : 7[e00000] -> 0[100000] via P2P/IPC/read
ip-0A23040D:67845:68296 [2] NCCL INFO Channel 02 : 2[300000] -> 3[400000] via P2P/IPC/read
ip-0A23040D:67844:68302 [4] NCCL INFO Channel 02 : 4[b00000] -> 5[c00000] via P2P/IPC/read
ip-0A23040D:67839:68298 [3] NCCL INFO Channel 02 : 3[400000] -> 4[b00000] via P2P/IPC/read
ip-0A23040D:67838:68300 [5] NCCL INFO Channel 02 : 5[c00000] -> 6[d00000] via P2P/IPC/read
ip-0A23040D:67843:68297 [1] NCCL INFO Channel 02 : 1[200000] -> 2[300000] via P2P/IPC/read
ip-0A23040D:67842:68237 [0] NCCL INFO Channel 02 : 0[100000] -> 1[200000] via P2P/IPC/read
ip-0A23040D:67840:68299 [6] NCCL INFO Channel 03 : 6[d00000] -> 7[e00000] via P2P/IPC/read
ip-0A23040D:67841:68301 [7] NCCL INFO Channel 03 : 7[e00000] -> 0[100000] via P2P/IPC/read
ip-0A23040D:67845:68296 [2] NCCL INFO Channel 03 : 2[300000] -> 3[400000] via P2P/IPC/read
ip-0A23040D:67844:68302 [4] NCCL INFO Channel 03 : 4[b00000] -> 5[c00000] via P2P/IPC/read
ip-0A23040D:67839:68298 [3] NCCL INFO Channel 03 : 3[400000] -> 4[b00000] via P2P/IPC/read
ip-0A23040D:67838:68300 [5] NCCL INFO Channel 03 : 5[c00000] -> 6[d00000] via P2P/IPC/read
ip-0A23040D:67843:68297 [1] NCCL INFO Channel 03 : 1[200000] -> 2[300000] via P2P/IPC/read
ip-0A23040D:67842:68237 [0] NCCL INFO Channel 03 : 0[100000] -> 1[200000] via P2P/IPC/read
ip-0A23040D:67840:68299 [6] NCCL INFO Channel 04 : 6[d00000] -> 7[e00000] via P2P/IPC/read
ip-0A23040D:67841:68301 [7] NCCL INFO Channel 04 : 7[e00000] -> 0[100000] via P2P/IPC/read
ip-0A23040D:67845:68296 [2] NCCL INFO Channel 04 : 2[300000] -> 3[400000] via P2P/IPC/read
ip-0A23040D:67844:68302 [4] NCCL INFO Channel 04 : 4[b00000] -> 5[c00000] via P2P/IPC/read
ip-0A23040D:67839:68298 [3] NCCL INFO Channel 04 : 3[400000] -> 4[b00000] via P2P/IPC/read
ip-0A23040D:67838:68300 [5] NCCL INFO Channel 04 : 5[c00000] -> 6[d00000] via P2P/IPC/read
ip-0A23040D:67843:68297 [1] NCCL INFO Channel 04 : 1[200000] -> 2[300000] via P2P/IPC/read
ip-0A23040D:67842:68237 [0] NCCL INFO Channel 04 : 0[100000] -> 1[200000] via P2P/IPC/read
ip-0A23040D:67840:68299 [6] NCCL INFO Channel 05 : 6[d00000] -> 7[e00000] via P2P/IPC/read
ip-0A23040D:67841:68301 [7] NCCL INFO Channel 05 : 7[e00000] -> 0[100000] via P2P/IPC/read
ip-0A23040D:67845:68296 [2] NCCL INFO Channel 05 : 2[300000] -> 3[400000] via P2P/IPC/read
ip-0A23040D:67844:68302 [4] NCCL INFO Channel 05 : 4[b00000] -> 5[c00000] via P2P/IPC/read
ip-0A23040D:67839:68298 [3] NCCL INFO Channel 05 : 3[400000] -> 4[b00000] via P2P/IPC/read
ip-0A23040D:67838:68300 [5] NCCL INFO Channel 05 : 5[c00000] -> 6[d00000] via P2P/IPC/read
ip-0A23040D:67843:68297 [1] NCCL INFO Channel 05 : 1[200000] -> 2[300000] via P2P/IPC/read
ip-0A23040D:67842:68237 [0] NCCL INFO Channel 05 : 0[100000] -> 1[200000] via P2P/IPC/read
ip-0A23040D:67840:68299 [6] NCCL INFO Channel 06 : 6[d00000] -> 7[e00000] via P2P/IPC/read
ip-0A23040D:67841:68301 [7] NCCL INFO Channel 06 : 7[e00000] -> 0[100000] via P2P/IPC/read
ip-0A23040D:67845:68296 [2] NCCL INFO Channel 06 : 2[300000] -> 3[400000] via P2P/IPC/read
ip-0A23040D:67844:68302 [4] NCCL INFO Channel 06 : 4[b00000] -> 5[c00000] via P2P/IPC/read
ip-0A23040D:67839:68298 [3] NCCL INFO Channel 06 : 3[400000] -> 4[b00000] via P2P/IPC/read
ip-0A23040D:67838:68300 [5] NCCL INFO Channel 06 : 5[c00000] -> 6[d00000] via P2P/IPC/read
ip-0A23040D:67843:68297 [1] NCCL INFO Channel 06 : 1[200000] -> 2[300000] via P2P/IPC/read
ip-0A23040D:67842:68237 [0] NCCL INFO Channel 06 : 0[100000] -> 1[200000] via P2P/IPC/read
ip-0A23040D:67840:68299 [6] NCCL INFO Channel 07 : 6[d00000] -> 7[e00000] via P2P/IPC/read
ip-0A23040D:67841:68301 [7] NCCL INFO Channel 07 : 7[e00000] -> 0[100000] via P2P/IPC/read
ip-0A23040D:67845:68296 [2] NCCL INFO Channel 07 : 2[300000] -> 3[400000] via P2P/IPC/read
ip-0A23040D:67844:68302 [4] NCCL INFO Channel 07 : 4[b00000] -> 5[c00000] via P2P/IPC/read
ip-0A23040D:67839:68298 [3] NCCL INFO Channel 07 : 3[400000] -> 4[b00000] via P2P/IPC/read
ip-0A23040D:67838:68300 [5] NCCL INFO Channel 07 : 5[c00000] -> 6[d00000] via P2P/IPC/read
ip-0A23040D:67843:68297 [1] NCCL INFO Channel 07 : 1[200000] -> 2[300000] via P2P/IPC/read
ip-0A23040D:67842:68237 [0] NCCL INFO Channel 07 : 0[100000] -> 1[200000] via P2P/IPC/read
ip-0A23040D:67840:68299 [6] NCCL INFO Channel 08 : 6[d00000] -> 7[e00000] via P2P/IPC/read
ip-0A23040D:67841:68301 [7] NCCL INFO Channel 08 : 7[e00000] -> 0[100000] via P2P/IPC/read
ip-0A23040D:67845:68296 [2] NCCL INFO Channel 08 : 2[300000] -> 3[400000] via P2P/IPC/read
ip-0A23040D:67844:68302 [4] NCCL INFO Channel 08 : 4[b00000] -> 5[c00000] via P2P/IPC/read
ip-0A23040D:67839:68298 [3] NCCL INFO Channel 08 : 3[400000] -> 4[b00000] via P2P/IPC/read
ip-0A23040D:67838:68300 [5] NCCL INFO Channel 08 : 5[c00000] -> 6[d00000] via P2P/IPC/read
ip-0A23040D:67843:68297 [1] NCCL INFO Channel 08 : 1[200000] -> 2[300000] via P2P/IPC/read
ip-0A23040D:67842:68237 [0] NCCL INFO Channel 08 : 0[100000] -> 1[200000] via P2P/IPC/read
ip-0A23040D:67840:68299 [6] NCCL INFO Channel 09 : 6[d00000] -> 7[e00000] via P2P/IPC/read
ip-0A23040D:67841:68301 [7] NCCL INFO Channel 09 : 7[e00000] -> 0[100000] via P2P/IPC/read
ip-0A23040D:67845:68296 [2] NCCL INFO Channel 09 : 2[300000] -> 3[400000] via P2P/IPC/read
ip-0A23040D:67844:68302 [4] NCCL INFO Channel 09 : 4[b00000] -> 5[c00000] via P2P/IPC/read
ip-0A23040D:67839:68298 [3] NCCL INFO Channel 09 : 3[400000] -> 4[b00000] via P2P/IPC/read
ip-0A23040D:67838:68300 [5] NCCL INFO Channel 09 : 5[c00000] -> 6[d00000] via P2P/IPC/read
ip-0A23040D:67843:68297 [1] NCCL INFO Channel 09 : 1[200000] -> 2[300000] via P2P/IPC/read
ip-0A23040D:67842:68237 [0] NCCL INFO Channel 09 : 0[100000] -> 1[200000] via P2P/IPC/read
ip-0A23040D:67840:68299 [6] NCCL INFO Channel 10 : 6[d00000] -> 7[e00000] via P2P/IPC/read
ip-0A23040D:67841:68301 [7] NCCL INFO Channel 10 : 7[e00000] -> 0[100000] via P2P/IPC/read
ip-0A23040D:67845:68296 [2] NCCL INFO Channel 10 : 2[300000] -> 3[400000] via P2P/IPC/read
ip-0A23040D:67844:68302 [4] NCCL INFO Channel 10 : 4[b00000] -> 5[c00000] via P2P/IPC/read
ip-0A23040D:67839:68298 [3] NCCL INFO Channel 10 : 3[400000] -> 4[b00000] via P2P/IPC/read
ip-0A23040D:67838:68300 [5] NCCL INFO Channel 10 : 5[c00000] -> 6[d00000] via P2P/IPC/read
ip-0A23040D:67843:68297 [1] NCCL INFO Channel 10 : 1[200000] -> 2[300000] via P2P/IPC/read
ip-0A23040D:67842:68237 [0] NCCL INFO Channel 10 : 0[100000] -> 1[200000] via P2P/IPC/read
ip-0A23040D:67840:68299 [6] NCCL INFO Channel 11 : 6[d00000] -> 7[e00000] via P2P/IPC/read
ip-0A23040D:67841:68301 [7] NCCL INFO Channel 11 : 7[e00000] -> 0[100000] via P2P/IPC/read
ip-0A23040D:67845:68296 [2] NCCL INFO Channel 11 : 2[300000] -> 3[400000] via P2P/IPC/read
ip-0A23040D:67844:68302 [4] NCCL INFO Channel 11 : 4[b00000] -> 5[c00000] via P2P/IPC/read
ip-0A23040D:67839:68298 [3] NCCL INFO Channel 11 : 3[400000] -> 4[b00000] via P2P/IPC/read
ip-0A23040D:67838:68300 [5] NCCL INFO Channel 11 : 5[c00000] -> 6[d00000] via P2P/IPC/read
ip-0A23040D:67843:68297 [1] NCCL INFO Channel 11 : 1[200000] -> 2[300000] via P2P/IPC/read
ip-0A23040D:67842:68237 [0] NCCL INFO Channel 11 : 0[100000] -> 1[200000] via P2P/IPC/read
ip-0A23040D:67840:68299 [6] NCCL INFO Channel 12 : 6[d00000] -> 7[e00000] via P2P/IPC/read
ip-0A23040D:67841:68301 [7] NCCL INFO Channel 12 : 7[e00000] -> 0[100000] via P2P/IPC/read
ip-0A23040D:67845:68296 [2] NCCL INFO Channel 12 : 2[300000] -> 3[400000] via P2P/IPC/read
ip-0A23040D:67844:68302 [4] NCCL INFO Channel 12 : 4[b00000] -> 5[c00000] via P2P/IPC/read
ip-0A23040D:67839:68298 [3] NCCL INFO Channel 12 : 3[400000] -> 4[b00000] via P2P/IPC/read
ip-0A23040D:67838:68300 [5] NCCL INFO Channel 12 : 5[c00000] -> 6[d00000] via P2P/IPC/read
ip-0A23040D:67843:68297 [1] NCCL INFO Channel 12 : 1[200000] -> 2[300000] via P2P/IPC/read
ip-0A23040D:67842:68237 [0] NCCL INFO Channel 12 : 0[100000] -> 1[200000] via P2P/IPC/read
ip-0A23040D:67840:68299 [6] NCCL INFO Channel 13 : 6[d00000] -> 7[e00000] via P2P/IPC/read
ip-0A23040D:67841:68301 [7] NCCL INFO Channel 13 : 7[e00000] -> 0[100000] via P2P/IPC/read
ip-0A23040D:67845:68296 [2] NCCL INFO Channel 13 : 2[300000] -> 3[400000] via P2P/IPC/read
ip-0A23040D:67844:68302 [4] NCCL INFO Channel 13 : 4[b00000] -> 5[c00000] via P2P/IPC/read
ip-0A23040D:67839:68298 [3] NCCL INFO Channel 13 : 3[400000] -> 4[b00000] via P2P/IPC/read
ip-0A23040D:67838:68300 [5] NCCL INFO Channel 13 : 5[c00000] -> 6[d00000] via P2P/IPC/read
ip-0A23040D:67843:68297 [1] NCCL INFO Channel 13 : 1[200000] -> 2[300000] via P2P/IPC/read
ip-0A23040D:67842:68237 [0] NCCL INFO Channel 13 : 0[100000] -> 1[200000] via P2P/IPC/read
ip-0A23040D:67840:68299 [6] NCCL INFO Channel 14 : 6[d00000] -> 7[e00000] via P2P/IPC/read
ip-0A23040D:67841:68301 [7] NCCL INFO Channel 14 : 7[e00000] -> 0[100000] via P2P/IPC/read
ip-0A23040D:67845:68296 [2] NCCL INFO Channel 14 : 2[300000] -> 3[400000] via P2P/IPC/read
ip-0A23040D:67844:68302 [4] NCCL INFO Channel 14 : 4[b00000] -> 5[c00000] via P2P/IPC/read
ip-0A23040D:67839:68298 [3] NCCL INFO Channel 14 : 3[400000] -> 4[b00000] via P2P/IPC/read
ip-0A23040D:67838:68300 [5] NCCL INFO Channel 14 : 5[c00000] -> 6[d00000] via P2P/IPC/read
ip-0A23040D:67843:68297 [1] NCCL INFO Channel 14 : 1[200000] -> 2[300000] via P2P/IPC/read
ip-0A23040D:67842:68237 [0] NCCL INFO Channel 14 : 0[100000] -> 1[200000] via P2P/IPC/read
ip-0A23040D:67840:68299 [6] NCCL INFO Channel 15 : 6[d00000] -> 7[e00000] via P2P/IPC/read
ip-0A23040D:67841:68301 [7] NCCL INFO Channel 15 : 7[e00000] -> 0[100000] via P2P/IPC/read
ip-0A23040D:67845:68296 [2] NCCL INFO Channel 15 : 2[300000] -> 3[400000] via P2P/IPC/read
ip-0A23040D:67844:68302 [4] NCCL INFO Channel 15 : 4[b00000] -> 5[c00000] via P2P/IPC/read
ip-0A23040D:67839:68298 [3] NCCL INFO Channel 15 : 3[400000] -> 4[b00000] via P2P/IPC/read
ip-0A23040D:67838:68300 [5] NCCL INFO Channel 15 : 5[c00000] -> 6[d00000] via P2P/IPC/read
ip-0A23040D:67843:68297 [1] NCCL INFO Channel 15 : 1[200000] -> 2[300000] via P2P/IPC/read
ip-0A23040D:67842:68237 [0] NCCL INFO Channel 15 : 0[100000] -> 1[200000] via P2P/IPC/read
ip-0A23040D:67840:68299 [6] NCCL INFO Channel 16 : 6[d00000] -> 7[e00000] via P2P/IPC/read
ip-0A23040D:67841:68301 [7] NCCL INFO Channel 16 : 7[e00000] -> 0[100000] via P2P/IPC/read
ip-0A23040D:67845:68296 [2] NCCL INFO Channel 16 : 2[300000] -> 3[400000] via P2P/IPC/read
ip-0A23040D:67844:68302 [4] NCCL INFO Channel 16 : 4[b00000] -> 5[c00000] via P2P/IPC/read
ip-0A23040D:67839:68298 [3] NCCL INFO Channel 16 : 3[400000] -> 4[b00000] via P2P/IPC/read
ip-0A23040D:67838:68300 [5] NCCL INFO Channel 16 : 5[c00000] -> 6[d00000] via P2P/IPC/read
ip-0A23040D:67843:68297 [1] NCCL INFO Channel 16 : 1[200000] -> 2[300000] via P2P/IPC/read
ip-0A23040D:67842:68237 [0] NCCL INFO Channel 16 : 0[100000] -> 1[200000] via P2P/IPC/read
ip-0A23040D:67840:68299 [6] NCCL INFO Channel 17 : 6[d00000] -> 7[e00000] via P2P/IPC/read
ip-0A23040D:67841:68301 [7] NCCL INFO Channel 17 : 7[e00000] -> 0[100000] via P2P/IPC/read
ip-0A23040D:67845:68296 [2] NCCL INFO Channel 17 : 2[300000] -> 3[400000] via P2P/IPC/read
ip-0A23040D:67844:68302 [4] NCCL INFO Channel 17 : 4[b00000] -> 5[c00000] via P2P/IPC/read
ip-0A23040D:67839:68298 [3] NCCL INFO Channel 17 : 3[400000] -> 4[b00000] via P2P/IPC/read
ip-0A23040D:67838:68300 [5] NCCL INFO Channel 17 : 5[c00000] -> 6[d00000] via P2P/IPC/read
ip-0A23040D:67843:68297 [1] NCCL INFO Channel 17 : 1[200000] -> 2[300000] via P2P/IPC/read
ip-0A23040D:67842:68237 [0] NCCL INFO Channel 17 : 0[100000] -> 1[200000] via P2P/IPC/read
ip-0A23040D:67840:68299 [6] NCCL INFO Channel 18 : 6[d00000] -> 7[e00000] via P2P/IPC/read
ip-0A23040D:67841:68301 [7] NCCL INFO Channel 18 : 7[e00000] -> 0[100000] via P2P/IPC/read
ip-0A23040D:67845:68296 [2] NCCL INFO Channel 18 : 2[300000] -> 3[400000] via P2P/IPC/read
ip-0A23040D:67844:68302 [4] NCCL INFO Channel 18 : 4[b00000] -> 5[c00000] via P2P/IPC/read
ip-0A23040D:67839:68298 [3] NCCL INFO Channel 18 : 3[400000] -> 4[b00000] via P2P/IPC/read
ip-0A23040D:67838:68300 [5] NCCL INFO Channel 18 : 5[c00000] -> 6[d00000] via P2P/IPC/read
ip-0A23040D:67843:68297 [1] NCCL INFO Channel 18 : 1[200000] -> 2[300000] via P2P/IPC/read
ip-0A23040D:67842:68237 [0] NCCL INFO Channel 18 : 0[100000] -> 1[200000] via P2P/IPC/read
ip-0A23040D:67840:68299 [6] NCCL INFO Channel 19 : 6[d00000] -> 7[e00000] via P2P/IPC/read
ip-0A23040D:67841:68301 [7] NCCL INFO Channel 19 : 7[e00000] -> 0[100000] via P2P/IPC/read
ip-0A23040D:67845:68296 [2] NCCL INFO Channel 19 : 2[300000] -> 3[400000] via P2P/IPC/read
ip-0A23040D:67844:68302 [4] NCCL INFO Channel 19 : 4[b00000] -> 5[c00000] via P2P/IPC/read
ip-0A23040D:67839:68298 [3] NCCL INFO Channel 19 : 3[400000] -> 4[b00000] via P2P/IPC/read
ip-0A23040D:67838:68300 [5] NCCL INFO Channel 19 : 5[c00000] -> 6[d00000] via P2P/IPC/read
ip-0A23040D:67843:68297 [1] NCCL INFO Channel 19 : 1[200000] -> 2[300000] via P2P/IPC/read
ip-0A23040D:67842:68237 [0] NCCL INFO Channel 19 : 0[100000] -> 1[200000] via P2P/IPC/read
ip-0A23040D:67840:68299 [6] NCCL INFO Channel 20 : 6[d00000] -> 7[e00000] via P2P/IPC/read
ip-0A23040D:67841:68301 [7] NCCL INFO Channel 20 : 7[e00000] -> 0[100000] via P2P/IPC/read
ip-0A23040D:67845:68296 [2] NCCL INFO Channel 20 : 2[300000] -> 3[400000] via P2P/IPC/read
ip-0A23040D:67844:68302 [4] NCCL INFO Channel 20 : 4[b00000] -> 5[c00000] via P2P/IPC/read
ip-0A23040D:67839:68298 [3] NCCL INFO Channel 20 : 3[400000] -> 4[b00000] via P2P/IPC/read
ip-0A23040D:67838:68300 [5] NCCL INFO Channel 20 : 5[c00000] -> 6[d00000] via P2P/IPC/read
ip-0A23040D:67843:68297 [1] NCCL INFO Channel 20 : 1[200000] -> 2[300000] via P2P/IPC/read
ip-0A23040D:67842:68237 [0] NCCL INFO Channel 20 : 0[100000] -> 1[200000] via P2P/IPC/read
ip-0A23040D:67840:68299 [6] NCCL INFO Channel 21 : 6[d00000] -> 7[e00000] via P2P/IPC/read
ip-0A23040D:67841:68301 [7] NCCL INFO Channel 21 : 7[e00000] -> 0[100000] via P2P/IPC/read
ip-0A23040D:67845:68296 [2] NCCL INFO Channel 21 : 2[300000] -> 3[400000] via P2P/IPC/read
ip-0A23040D:67844:68302 [4] NCCL INFO Channel 21 : 4[b00000] -> 5[c00000] via P2P/IPC/read
ip-0A23040D:67839:68298 [3] NCCL INFO Channel 21 : 3[400000] -> 4[b00000] via P2P/IPC/read
ip-0A23040D:67838:68300 [5] NCCL INFO Channel 21 : 5[c00000] -> 6[d00000] via P2P/IPC/read
ip-0A23040D:67843:68297 [1] NCCL INFO Channel 21 : 1[200000] -> 2[300000] via P2P/IPC/read
ip-0A23040D:67842:68237 [0] NCCL INFO Channel 21 : 0[100000] -> 1[200000] via P2P/IPC/read
ip-0A23040D:67840:68299 [6] NCCL INFO Channel 22 : 6[d00000] -> 7[e00000] via P2P/IPC/read
ip-0A23040D:67841:68301 [7] NCCL INFO Channel 22 : 7[e00000] -> 0[100000] via P2P/IPC/read
ip-0A23040D:67845:68296 [2] NCCL INFO Channel 22 : 2[300000] -> 3[400000] via P2P/IPC/read
ip-0A23040D:67844:68302 [4] NCCL INFO Channel 22 : 4[b00000] -> 5[c00000] via P2P/IPC/read
ip-0A23040D:67839:68298 [3] NCCL INFO Channel 22 : 3[400000] -> 4[b00000] via P2P/IPC/read
ip-0A23040D:67838:68300 [5] NCCL INFO Channel 22 : 5[c00000] -> 6[d00000] via P2P/IPC/read
ip-0A23040D:67843:68297 [1] NCCL INFO Channel 22 : 1[200000] -> 2[300000] via P2P/IPC/read
ip-0A23040D:67842:68237 [0] NCCL INFO Channel 22 : 0[100000] -> 1[200000] via P2P/IPC/read
ip-0A23040D:67840:68299 [6] NCCL INFO Channel 23 : 6[d00000] -> 7[e00000] via P2P/IPC/read
ip-0A23040D:67841:68301 [7] NCCL INFO Channel 23 : 7[e00000] -> 0[100000] via P2P/IPC/read
ip-0A23040D:67845:68296 [2] NCCL INFO Channel 23 : 2[300000] -> 3[400000] via P2P/IPC/read
ip-0A23040D:67844:68302 [4] NCCL INFO Channel 23 : 4[b00000] -> 5[c00000] via P2P/IPC/read
ip-0A23040D:67839:68298 [3] NCCL INFO Channel 23 : 3[400000] -> 4[b00000] via P2P/IPC/read
ip-0A23040D:67838:68300 [5] NCCL INFO Channel 23 : 5[c00000] -> 6[d00000] via P2P/IPC/read
ip-0A23040D:67843:68297 [1] NCCL INFO Channel 23 : 1[200000] -> 2[300000] via P2P/IPC/read
ip-0A23040D:67842:68237 [0] NCCL INFO Channel 23 : 0[100000] -> 1[200000] via P2P/IPC/read
ip-0A23040D:67844:68302 [4] NCCL INFO Connected all rings
ip-0A23040D:67845:68296 [2] NCCL INFO Connected all rings
ip-0A23040D:67840:68299 [6] NCCL INFO Connected all rings
ip-0A23040D:67839:68298 [3] NCCL INFO Connected all rings
ip-0A23040D:67838:68300 [5] NCCL INFO Connected all rings
ip-0A23040D:67841:68301 [7] NCCL INFO Connected all rings
ip-0A23040D:67841:68301 [7] NCCL INFO Channel 00 : 7[e00000] -> 6[d00000] via P2P/IPC/read
ip-0A23040D:67843:68297 [1] NCCL INFO Connected all rings
ip-0A23040D:67842:68237 [0] NCCL INFO Connected all rings
ip-0A23040D:67841:68301 [7] NCCL INFO Channel 01 : 7[e00000] -> 6[d00000] via P2P/IPC/read
ip-0A23040D:67841:68301 [7] NCCL INFO Channel 02 : 7[e00000] -> 6[d00000] via P2P/IPC/read
ip-0A23040D:67841:68301 [7] NCCL INFO Channel 03 : 7[e00000] -> 6[d00000] via P2P/IPC/read
ip-0A23040D:67841:68301 [7] NCCL INFO Channel 04 : 7[e00000] -> 6[d00000] via P2P/IPC/read
ip-0A23040D:67841:68301 [7] NCCL INFO Channel 05 : 7[e00000] -> 6[d00000] via P2P/IPC/read
ip-0A23040D:67841:68301 [7] NCCL INFO Channel 06 : 7[e00000] -> 6[d00000] via P2P/IPC/read
ip-0A23040D:67841:68301 [7] NCCL INFO Channel 07 : 7[e00000] -> 6[d00000] via P2P/IPC/read
ip-0A23040D:67841:68301 [7] NCCL INFO Channel 08 : 7[e00000] -> 6[d00000] via P2P/IPC/read
ip-0A23040D:67841:68301 [7] NCCL INFO Channel 09 : 7[e00000] -> 6[d00000] via P2P/IPC/read
ip-0A23040D:67841:68301 [7] NCCL INFO Channel 10 : 7[e00000] -> 6[d00000] via P2P/IPC/read
ip-0A23040D:67841:68301 [7] NCCL INFO Channel 11 : 7[e00000] -> 6[d00000] via P2P/IPC/read
ip-0A23040D:67841:68301 [7] NCCL INFO Channel 12 : 7[e00000] -> 6[d00000] via P2P/IPC/read
ip-0A23040D:67841:68301 [7] NCCL INFO Channel 13 : 7[e00000] -> 6[d00000] via P2P/IPC/read
ip-0A23040D:67841:68301 [7] NCCL INFO Channel 14 : 7[e00000] -> 6[d00000] via P2P/IPC/read
ip-0A23040D:67841:68301 [7] NCCL INFO Channel 15 : 7[e00000] -> 6[d00000] via P2P/IPC/read
ip-0A23040D:67841:68301 [7] NCCL INFO Channel 16 : 7[e00000] -> 6[d00000] via P2P/IPC/read
ip-0A23040D:67841:68301 [7] NCCL INFO Channel 17 : 7[e00000] -> 6[d00000] via P2P/IPC/read
ip-0A23040D:67841:68301 [7] NCCL INFO Channel 18 : 7[e00000] -> 6[d00000] via P2P/IPC/read
ip-0A23040D:67841:68301 [7] NCCL INFO Channel 19 : 7[e00000] -> 6[d00000] via P2P/IPC/read
ip-0A23040D:67841:68301 [7] NCCL INFO Channel 20 : 7[e00000] -> 6[d00000] via P2P/IPC/read
ip-0A23040D:67841:68301 [7] NCCL INFO Channel 21 : 7[e00000] -> 6[d00000] via P2P/IPC/read
ip-0A23040D:67841:68301 [7] NCCL INFO Channel 22 : 7[e00000] -> 6[d00000] via P2P/IPC/read
ip-0A23040D:67841:68301 [7] NCCL INFO Channel 23 : 7[e00000] -> 6[d00000] via P2P/IPC/read
ip-0A23040D:67845:68296 [2] NCCL INFO Channel 00 : 2[300000] -> 1[200000] via P2P/IPC/read
ip-0A23040D:67844:68302 [4] NCCL INFO Channel 00 : 4[b00000] -> 3[400000] via P2P/IPC/read
ip-0A23040D:67839:68298 [3] NCCL INFO Channel 00 : 3[400000] -> 2[300000] via P2P/IPC/read
ip-0A23040D:67840:68299 [6] NCCL INFO Channel 00 : 6[d00000] -> 5[c00000] via P2P/IPC/read
ip-0A23040D:67843:68297 [1] NCCL INFO Channel 00 : 1[200000] -> 0[100000] via P2P/IPC/read
ip-0A23040D:67838:68300 [5] NCCL INFO Channel 00 : 5[c00000] -> 4[b00000] via P2P/IPC/read
ip-0A23040D:67845:68296 [2] NCCL INFO Channel 01 : 2[300000] -> 1[200000] via P2P/IPC/read
ip-0A23040D:67844:68302 [4] NCCL INFO Channel 01 : 4[b00000] -> 3[400000] via P2P/IPC/read
ip-0A23040D:67839:68298 [3] NCCL INFO Channel 01 : 3[400000] -> 2[300000] via P2P/IPC/read
ip-0A23040D:67840:68299 [6] NCCL INFO Channel 01 : 6[d00000] -> 5[c00000] via P2P/IPC/read
ip-0A23040D:67843:68297 [1] NCCL INFO Channel 01 : 1[200000] -> 0[100000] via P2P/IPC/read
ip-0A23040D:67838:68300 [5] NCCL INFO Channel 01 : 5[c00000] -> 4[b00000] via P2P/IPC/read
ip-0A23040D:67845:68296 [2] NCCL INFO Channel 02 : 2[300000] -> 1[200000] via P2P/IPC/read
ip-0A23040D:67844:68302 [4] NCCL INFO Channel 02 : 4[b00000] -> 3[400000] via P2P/IPC/read
ip-0A23040D:67839:68298 [3] NCCL INFO Channel 02 : 3[400000] -> 2[300000] via P2P/IPC/read
ip-0A23040D:67840:68299 [6] NCCL INFO Channel 02 : 6[d00000] -> 5[c00000] via P2P/IPC/read
ip-0A23040D:67843:68297 [1] NCCL INFO Channel 02 : 1[200000] -> 0[100000] via P2P/IPC/read
ip-0A23040D:67838:68300 [5] NCCL INFO Channel 02 : 5[c00000] -> 4[b00000] via P2P/IPC/read
ip-0A23040D:67845:68296 [2] NCCL INFO Channel 03 : 2[300000] -> 1[200000] via P2P/IPC/read
ip-0A23040D:67844:68302 [4] NCCL INFO Channel 03 : 4[b00000] -> 3[400000] via P2P/IPC/read
ip-0A23040D:67839:68298 [3] NCCL INFO Channel 03 : 3[400000] -> 2[300000] via P2P/IPC/read
ip-0A23040D:67840:68299 [6] NCCL INFO Channel 03 : 6[d00000] -> 5[c00000] via P2P/IPC/read
ip-0A23040D:67843:68297 [1] NCCL INFO Channel 03 : 1[200000] -> 0[100000] via P2P/IPC/read
ip-0A23040D:67838:68300 [5] NCCL INFO Channel 03 : 5[c00000] -> 4[b00000] via P2P/IPC/read
ip-0A23040D:67845:68296 [2] NCCL INFO Channel 04 : 2[300000] -> 1[200000] via P2P/IPC/read
ip-0A23040D:67844:68302 [4] NCCL INFO Channel 04 : 4[b00000] -> 3[400000] via P2P/IPC/read
ip-0A23040D:67839:68298 [3] NCCL INFO Channel 04 : 3[400000] -> 2[300000] via P2P/IPC/read
ip-0A23040D:67840:68299 [6] NCCL INFO Channel 04 : 6[d00000] -> 5[c00000] via P2P/IPC/read
ip-0A23040D:67843:68297 [1] NCCL INFO Channel 04 : 1[200000] -> 0[100000] via P2P/IPC/read
ip-0A23040D:67838:68300 [5] NCCL INFO Channel 04 : 5[c00000] -> 4[b00000] via P2P/IPC/read
ip-0A23040D:67845:68296 [2] NCCL INFO Channel 05 : 2[300000] -> 1[200000] via P2P/IPC/read
ip-0A23040D:67844:68302 [4] NCCL INFO Channel 05 : 4[b00000] -> 3[400000] via P2P/IPC/read
ip-0A23040D:67839:68298 [3] NCCL INFO Channel 05 : 3[400000] -> 2[300000] via P2P/IPC/read
ip-0A23040D:67840:68299 [6] NCCL INFO Channel 05 : 6[d00000] -> 5[c00000] via P2P/IPC/read
ip-0A23040D:67843:68297 [1] NCCL INFO Channel 05 : 1[200000] -> 0[100000] via P2P/IPC/read
ip-0A23040D:67838:68300 [5] NCCL INFO Channel 05 : 5[c00000] -> 4[b00000] via P2P/IPC/read
ip-0A23040D:67845:68296 [2] NCCL INFO Channel 06 : 2[300000] -> 1[200000] via P2P/IPC/read
ip-0A23040D:67844:68302 [4] NCCL INFO Channel 06 : 4[b00000] -> 3[400000] via P2P/IPC/read
ip-0A23040D:67839:68298 [3] NCCL INFO Channel 06 : 3[400000] -> 2[300000] via P2P/IPC/read
ip-0A23040D:67840:68299 [6] NCCL INFO Channel 06 : 6[d00000] -> 5[c00000] via P2P/IPC/read
ip-0A23040D:67843:68297 [1] NCCL INFO Channel 06 : 1[200000] -> 0[100000] via P2P/IPC/read
ip-0A23040D:67838:68300 [5] NCCL INFO Channel 06 : 5[c00000] -> 4[b00000] via P2P/IPC/read
ip-0A23040D:67845:68296 [2] NCCL INFO Channel 07 : 2[300000] -> 1[200000] via P2P/IPC/read
ip-0A23040D:67844:68302 [4] NCCL INFO Channel 07 : 4[b00000] -> 3[400000] via P2P/IPC/read
ip-0A23040D:67839:68298 [3] NCCL INFO Channel 07 : 3[400000] -> 2[300000] via P2P/IPC/read
ip-0A23040D:67840:68299 [6] NCCL INFO Channel 07 : 6[d00000] -> 5[c00000] via P2P/IPC/read
ip-0A23040D:67843:68297 [1] NCCL INFO Channel 07 : 1[200000] -> 0[100000] via P2P/IPC/read
ip-0A23040D:67838:68300 [5] NCCL INFO Channel 07 : 5[c00000] -> 4[b00000] via P2P/IPC/read
ip-0A23040D:67845:68296 [2] NCCL INFO Channel 08 : 2[300000] -> 1[200000] via P2P/IPC/read
ip-0A23040D:67844:68302 [4] NCCL INFO Channel 08 : 4[b00000] -> 3[400000] via P2P/IPC/read
ip-0A23040D:67839:68298 [3] NCCL INFO Channel 08 : 3[400000] -> 2[300000] via P2P/IPC/read
ip-0A23040D:67840:68299 [6] NCCL INFO Channel 08 : 6[d00000] -> 5[c00000] via P2P/IPC/read
ip-0A23040D:67843:68297 [1] NCCL INFO Channel 08 : 1[200000] -> 0[100000] via P2P/IPC/read
ip-0A23040D:67838:68300 [5] NCCL INFO Channel 08 : 5[c00000] -> 4[b00000] via P2P/IPC/read
ip-0A23040D:67845:68296 [2] NCCL INFO Channel 09 : 2[300000] -> 1[200000] via P2P/IPC/read
ip-0A23040D:67844:68302 [4] NCCL INFO Channel 09 : 4[b00000] -> 3[400000] via P2P/IPC/read
ip-0A23040D:67839:68298 [3] NCCL INFO Channel 09 : 3[400000] -> 2[300000] via P2P/IPC/read
ip-0A23040D:67840:68299 [6] NCCL INFO Channel 09 : 6[d00000] -> 5[c00000] via P2P/IPC/read
ip-0A23040D:67843:68297 [1] NCCL INFO Channel 09 : 1[200000] -> 0[100000] via P2P/IPC/read
ip-0A23040D:67838:68300 [5] NCCL INFO Channel 09 : 5[c00000] -> 4[b00000] via P2P/IPC/read
ip-0A23040D:67845:68296 [2] NCCL INFO Channel 10 : 2[300000] -> 1[200000] via P2P/IPC/read
ip-0A23040D:67844:68302 [4] NCCL INFO Channel 10 : 4[b00000] -> 3[400000] via P2P/IPC/read
ip-0A23040D:67839:68298 [3] NCCL INFO Channel 10 : 3[400000] -> 2[300000] via P2P/IPC/read
ip-0A23040D:67840:68299 [6] NCCL INFO Channel 10 : 6[d00000] -> 5[c00000] via P2P/IPC/read
ip-0A23040D:67843:68297 [1] NCCL INFO Channel 10 : 1[200000] -> 0[100000] via P2P/IPC/read
ip-0A23040D:67838:68300 [5] NCCL INFO Channel 10 : 5[c00000] -> 4[b00000] via P2P/IPC/read
ip-0A23040D:67845:68296 [2] NCCL INFO Channel 11 : 2[300000] -> 1[200000] via P2P/IPC/read
ip-0A23040D:67844:68302 [4] NCCL INFO Channel 11 : 4[b00000] -> 3[400000] via P2P/IPC/read
ip-0A23040D:67839:68298 [3] NCCL INFO Channel 11 : 3[400000] -> 2[300000] via P2P/IPC/read
ip-0A23040D:67840:68299 [6] NCCL INFO Channel 11 : 6[d00000] -> 5[c00000] via P2P/IPC/read
